2025-11-21 09:37:05,312 INFO Log directory: outputs/OrganoidsINRIA/swinunetr+noah/2025-11-21-09-37
2025-11-21 09:37:05,314 INFO {'RandFlipd_prob': 0.2,
 'RandRotate90d_prob': 0.2,
 'RandScaleIntensityd_prob': 0.1,
 'RandShiftIntensityd_prob': 0.1,
 'amp': True,
 'augmentation': True,
 'batch_size': 6,
 'cache_dataset': False,
 'checkpoint_path': './outputs/OrganoidsINRIA/swinunetr+noah/01_part01/training/model_final.pt',
 'data_dir': '/home/mraffael/martone_project/Organoids_Dataset/',
 'dataset_name': 'OrganoidsINRIA',
 'debug': False,
 'debug_train_samples': 40,
 'debug_val_samples': 10,
 'dist_backend': 'nccl',
 'dist_url': 'tcp://127.0.0.1:23456',
 'distributed': False,
 'dropout_path_rate': 0.0,
 'dropout_rate': 0.0,
 'early_stopping': True,
 'encoder10_pth': '',
 'exact_class': False,
 'feature_size': 48,
 'fold': 0,
 'folds': False,
 'gpu': 0,
 'ignore_label': 3,
 'in_channels': 1,
 'infer_overlap': 0.5,
 'k_folds': 5,
 'logdir': 'test',
 'logs_dir': 'logs/',
 'loss_name': 'CE',
 'lrschedule': 'warmup_cosine',
 'max_epochs': 150,
 'min_delta_loss': 0.001,
 'min_delta_val': 0.01,
 'model_name': 'swinunetr+noah',
 'momentum': 0.99,
 'noamp': False,
 'norm_name': 'instance',
 'oar_id': 2126725,
 'optim_lr': 8e-05,
 'optim_name': 'adamw',
 'out_channels': 1,
 'output_dir': 'outputs/',
 'patch_merging': False,
 'patience_loss': 40,
 'patience_val': 40,
 'pretrained_dir': './pretrained_models/fold1_f48_ep300_4gpu_dice0_9059/',
 'pretrained_model_name': 'model_swinvit.pt',
 'rank': 0,
 'reg_weight': 5e-05,
 'restart_T0': 20,
 'resume_ckpt': False,
 'roi_x': 128,
 'roi_y': 128,
 'roi_z': 128,
 'save_checkpoint': True,
 'seed': 3,
 'similarity_loss': '',
 'similarity_loss_weight': 0.0,
 'spatial_dims': 3,
 'split_method': 'stratified',
 'start_epoch': 0,
 'sw_batch_size': 6,
 'telegram_log': True,
 'test_mode': False,
 'token': './token/tlg_token.txt',
 'use_checkpoint': False,
 'val_every': 2,
 'warmup_epochs': 5,
 'workers': 8,
 'world_size': 1}
2025-11-21 09:37:05,314 INFO 
2025-11-21 09:37:05,318 INFO Saved configuration to: outputs/OrganoidsINRIA/swinunetr+noah/2025-11-21-09-37/config.txt
2025-11-21 09:37:05,836 INFO Using GPU: 0
2025-11-21 09:37:05,836 INFO 
2025-11-21 09:37:05,836 INFO Model INFO:
2025-11-21 09:37:05,836 INFO Model architecture: swinunetr+noah
2025-11-21 09:37:06,214 INFO Skipping loading pretrained weights since checkpoint path is provided
2025-11-21 09:37:06,215 INFO Using SwinUNETR with NOAH Classification Head
2025-11-21 09:37:06,217 INFO => loading checkpoint './outputs/OrganoidsINRIA/swinunetr+noah/01_part01/training/model_final.pt'
2025-11-21 09:37:10,240 INFO Loaded 132 keys from checkpoint
2025-11-21 09:37:10,246 INFO Total trainable parameters: 39,917,112
2025-11-21 09:37:10,280 INFO 
2025-11-21 09:37:10,280 INFO Optimizer INFO:
2025-11-21 09:37:10,281 INFO Using optimizer: adamw with lr=8e-05, weight_decay=5e-05
2025-11-21 09:37:10,281 INFO 
2025-11-21 09:37:10,281 INFO Dataset INFO:
2025-11-21 09:37:10,358 INFO Dataset length: 721
2025-11-21 09:37:10,358 INFO Class distribution in entire dataset:
2025-11-21 09:37:10,358 INFO   Class 0: 351
2025-11-21 09:37:10,359 INFO   Class 1: 38
2025-11-21 09:37:10,359 INFO   Class 2: 332
2025-11-21 09:37:10,359 INFO 
Using split method: stratified
2025-11-21 09:37:10,369 INFO 
Train set balance:
2025-11-21 09:37:10,369 INFO 
Val set balance:
2025-11-21 09:37:10,369 INFO Training set length: 577
2025-11-21 09:37:10,369 INFO Validation set length: 144
2025-11-21 09:37:10,369 INFO 
Using standard shuffle for training
2025-11-21 09:37:10,369 INFO Training loader: 96 batches
2025-11-21 09:37:10,369 INFO Validation loader: 24 batches
2025-11-21 09:37:10,369 INFO 
Class distribution in training set:
2025-11-21 09:37:10,369 INFO   Class 0: 281 (48.7%)
2025-11-21 09:37:10,370 INFO   Class 1: 30 (5.2%)
2025-11-21 09:37:10,370 INFO   Class 2: 266 (46.1%)
2025-11-21 09:37:10,370 INFO Class distribution in validation set:
2025-11-21 09:37:10,370 INFO   Class 0: 70 (48.6%)
2025-11-21 09:37:10,370 INFO   Class 1: 8 (5.6%)
2025-11-21 09:37:10,370 INFO   Class 2: 66 (45.8%)
2025-11-21 09:37:10,370 INFO **************************************************
2025-11-21 09:37:10,402 INFO Class weights: [ 6.845  64.111  7.231]
2025-11-21 09:37:10,402 INFO 
2025-11-21 09:37:10,402 INFO Test Dataset INFO:
2025-11-21 09:37:10,430 INFO Test Dataset length: 82
2025-11-21 09:37:10,430 INFO Class distribution in test dataset:
2025-11-21 09:37:10,430 INFO   Class 0: 40
2025-11-21 09:37:10,430 INFO   Class 1: 5
2025-11-21 09:37:10,430 INFO   Class 2: 37
2025-11-21 09:37:10,430 INFO Test loader: 14 batches
2025-11-21 09:37:10,430 INFO **************************************************
2025-11-21 09:37:10,430 INFO 
2025-11-21 09:37:10,430 INFO Using loss function: CE
2025-11-21 09:37:10,433 INFO **************************************************
2025-11-21 09:37:10,433 INFO Starting training...
2025-11-21 09:37:10,436 INFO 0 Fri Nov 21 09:37:10 2025 Epoch: 82
2025-11-21 09:57:34,381 INFO Final training 82/150, loss: 1.6784, time 1223.94s, lr: 0.000000
Accuracy: 0.717
class                  precision    recall   specificity      f1   support
--------------------------------------------------------------------------
0                          1.000     0.489         1.000   0.657       280
1                          0.733     0.367         0.993   0.489        30
2                          0.625     0.996         0.487   0.768       266
*----------------------------------------*
2025-11-21 10:03:44,238 INFO Final validation 82/150, Val_acc: 0.6200, time 369.86sAccuracy: 0.653
class                  precision    recall   specificity      f1   support
--------------------------------------------------------------------------
0                          0.931     0.386         0.973   0.545        70
1                          0.667     0.250         0.993   0.364         8
2                          0.580     0.985         0.397   0.730        66
*========================================*
2025-11-21 10:03:49,079 INFO 0 Fri Nov 21 10:03:49 2025 Epoch: 83
2025-11-21 10:23:18,171 INFO Final training 83/150, loss: 1.1292, time 1169.09s, lr: 0.000020
Accuracy: 0.762
class                  precision    recall   specificity      f1   support
--------------------------------------------------------------------------
0                          0.812     0.783         0.827   0.797       281
1                          0.333     0.733         0.919   0.458        30
2                          0.824     0.743         0.865   0.782       265
*----------------------------------------*
2025-11-21 10:23:18,171 INFO 0 Fri Nov 21 10:23:18 2025 Epoch: 84
2025-11-21 10:42:53,192 INFO Final training 84/150, loss: 0.9315, time 1175.02s, lr: 0.000040
Accuracy: 0.767
class                  precision    recall   specificity      f1   support
--------------------------------------------------------------------------
0                          0.826     0.746         0.851   0.784       280
1                          0.365     0.633         0.940   0.463        30
2                          0.790     0.805         0.816   0.797       266
*----------------------------------------*
2025-11-21 10:47:23,975 INFO Final validation 84/150, Val_acc: 0.4750, time 270.78sAccuracy: 0.583
class                  precision    recall   specificity      f1   support
--------------------------------------------------------------------------
0                          0.827     0.614         0.878   0.705        70
1                          0.122     0.750         0.684   0.211         8
2                          0.814     0.530         0.897   0.642        66
*========================================*
2025-11-21 10:47:28,835 INFO 0 Fri Nov 21 10:47:28 2025 Epoch: 85
2025-11-21 11:06:49,169 INFO Final training 85/150, loss: 1.0295, time 1160.33s, lr: 0.000060
Accuracy: 0.762
class                  precision    recall   specificity      f1   support
--------------------------------------------------------------------------
0                          0.822     0.761         0.845   0.790       280
1                          0.361     0.733         0.929   0.484        30
2                          0.797     0.767         0.832   0.782       266
*----------------------------------------*
2025-11-21 11:06:49,169 INFO 0 Fri Nov 21 11:06:49 2025 Epoch: 86
2025-11-21 11:26:24,285 INFO Final training 86/150, loss: 1.2813, time 1175.12s, lr: 0.000080
Accuracy: 0.734
class                  precision    recall   specificity      f1   support
--------------------------------------------------------------------------
0                          0.807     0.732         0.834   0.768       280
1                          0.339     0.700         0.925   0.457        30
2                          0.758     0.741         0.797   0.749       266
*----------------------------------------*
2025-11-21 11:30:54,061 INFO Final validation 86/150, Val_acc: 0.5184, time 269.78sAccuracy: 0.528
class                  precision    recall   specificity      f1   support
--------------------------------------------------------------------------
0                          0.511     1.000         0.095   0.676        70
1                          1.000     0.250         1.000   0.400         8
2                          0.800     0.061         0.987   0.113        66
*========================================*
2025-11-21 11:30:58,948 INFO 0 Fri Nov 21 11:30:58 2025 Epoch: 87
2025-11-21 11:50:50,957 INFO Final training 87/150, loss: 2.1169, time 1192.01s, lr: 0.000080
Accuracy: 0.677
class                  precision    recall   specificity      f1   support
--------------------------------------------------------------------------
0                          0.773     0.680         0.810   0.723       281
1                          0.222     0.667         0.872   0.333        30
2                          0.749     0.675         0.807   0.710       265
*----------------------------------------*
2025-11-21 11:50:50,958 INFO 0 Fri Nov 21 11:50:50 2025 Epoch: 88
2025-11-21 12:10:15,625 INFO Final training 88/150, loss: 2.8420, time 1164.67s, lr: 0.000080
Accuracy: 0.727
class                  precision    recall   specificity      f1   support
--------------------------------------------------------------------------
0                          0.787     0.708         0.817   0.745       281
1                          0.358     0.633         0.938   0.458        30
2                          0.744     0.758         0.778   0.751       265
*----------------------------------------*
2025-11-21 12:14:45,966 INFO Final validation 88/150, Val_acc: 0.6999, time 270.34sAccuracy: 0.750
class                  precision    recall   specificity      f1   support
--------------------------------------------------------------------------
0                          0.794     0.771         0.811   0.783        70
1                          0.385     0.625         0.941   0.476         8
2                          0.778     0.742         0.821   0.760        66
*========================================*
2025-11-21 12:14:50,882 INFO 0 Fri Nov 21 12:14:50 2025 Epoch: 89
2025-11-21 12:34:09,176 INFO Final training 89/150, loss: 1.6155, time 1158.29s, lr: 0.000080
Accuracy: 0.731
class                  precision    recall   specificity      f1   support
--------------------------------------------------------------------------
0                          0.821     0.737         0.847   0.777       281
1                          0.254     0.600         0.903   0.356        30
2                          0.775     0.740         0.817   0.757       265
*----------------------------------------*
2025-11-21 12:34:09,177 INFO 0 Fri Nov 21 12:34:09 2025 Epoch: 90
2025-11-21 12:53:47,050 INFO Final training 90/150, loss: 1.3270, time 1177.87s, lr: 0.000080
Accuracy: 0.733
class                  precision    recall   specificity      f1   support
--------------------------------------------------------------------------
0                          0.804     0.746         0.828   0.774       280
1                          0.299     0.667         0.914   0.412        30
2                          0.775     0.726         0.819   0.750       266
*----------------------------------------*
2025-11-21 12:58:16,660 INFO Final validation 90/150, Val_acc: 0.7097, time 269.61sAccuracy: 0.736
class                  precision    recall   specificity      f1   support
--------------------------------------------------------------------------
0                          0.727     0.800         0.716   0.762        70
1                          0.500     0.375         0.978   0.429         8
2                          0.770     0.712         0.821   0.740        66
*========================================*
2025-11-21 12:58:21,598 INFO 0 Fri Nov 21 12:58:21 2025 Epoch: 91
2025-11-21 13:17:54,385 INFO Final training 91/150, loss: 0.8915, time 1172.79s, lr: 0.000080
Accuracy: 0.774
class                  precision    recall   specificity      f1   support
--------------------------------------------------------------------------
0                          0.814     0.764         0.834   0.788       280
1                          0.472     0.833         0.949   0.602        30
2                          0.796     0.778         0.829   0.787       266
*----------------------------------------*
2025-11-21 13:17:54,859 INFO 0 Fri Nov 21 13:17:54 2025 Epoch: 92
2025-11-21 13:37:06,888 INFO Final training 92/150, loss: 1.6626, time 1152.03s, lr: 0.000080
Accuracy: 0.714
class                  precision    recall   specificity      f1   support
--------------------------------------------------------------------------
0                          0.777     0.711         0.807   0.743       280
1                          0.290     0.600         0.919   0.391        30
2                          0.752     0.729         0.794   0.740       266
*----------------------------------------*
2025-11-21 13:41:43,171 INFO Final validation 92/150, Val_acc: 0.6289, time 276.28sAccuracy: 0.694
class                  precision    recall   specificity      f1   support
--------------------------------------------------------------------------
0                          0.704     0.814         0.676   0.755        70
1                          0.357     0.625         0.934   0.455         8
2                          0.776     0.576         0.859   0.661        66
*========================================*
2025-11-21 13:41:48,114 INFO 0 Fri Nov 21 13:41:48 2025 Epoch: 93
2025-11-21 14:01:20,542 INFO Final training 93/150, loss: 1.5570, time 1172.43s, lr: 0.000080
Accuracy: 0.670
class                  precision    recall   specificity      f1   support
--------------------------------------------------------------------------
0                          0.745     0.719         0.766   0.732       281
1                          0.266     0.567         0.914   0.362        30
2                          0.693     0.630         0.762   0.660       265
*----------------------------------------*
2025-11-21 14:01:20,543 INFO 0 Fri Nov 21 14:01:20 2025 Epoch: 94
2025-11-21 14:21:03,039 INFO Final training 94/150, loss: 0.7981, time 1182.50s, lr: 0.000080
Accuracy: 0.766
class                  precision    recall   specificity      f1   support
--------------------------------------------------------------------------
0                          0.811     0.765         0.831   0.788       281
1                          0.458     0.733         0.952   0.564        30
2                          0.776     0.770         0.810   0.773       265
*----------------------------------------*
2025-11-21 14:25:37,141 INFO Final validation 94/150, Val_acc: 0.7025, time 274.10sAccuracy: 0.750
class                  precision    recall   specificity      f1   support
--------------------------------------------------------------------------
0                          0.857     0.686         0.892   0.762        70
1                          0.500     0.125         0.993   0.200         8
2                          0.686     0.894         0.654   0.776        66
*========================================*
2025-11-21 14:25:42,093 INFO 0 Fri Nov 21 14:25:42 2025 Epoch: 95
2025-11-21 14:45:10,732 INFO Final training 95/150, loss: 1.8092, time 1168.64s, lr: 0.000079
Accuracy: 0.705
class                  precision    recall   specificity      f1   support
--------------------------------------------------------------------------
0                          0.772     0.722         0.797   0.746       281
1                          0.312     0.667         0.919   0.426        30
2                          0.735     0.691         0.788   0.712       265
*----------------------------------------*
2025-11-21 14:45:10,733 INFO 0 Fri Nov 21 14:45:10 2025 Epoch: 96
2025-11-21 15:04:24,884 INFO Final training 96/150, loss: 1.5530, time 1154.15s, lr: 0.000079
Accuracy: 0.726
class                  precision    recall   specificity      f1   support
--------------------------------------------------------------------------
0                          0.789     0.733         0.814   0.760       281
1                          0.345     0.633         0.934   0.447        30
2                          0.742     0.728         0.785   0.735       265
*----------------------------------------*
2025-11-21 15:08:55,110 INFO Final validation 96/150, Val_acc: 0.6619, time 270.23sAccuracy: 0.715
class                  precision    recall   specificity      f1   support
--------------------------------------------------------------------------
0                          0.647     0.943         0.514   0.767        70
1                          0.000     0.000         1.000   0.000         8
2                          0.881     0.561         0.936   0.685        66
*========================================*
2025-11-21 15:09:00,029 INFO 0 Fri Nov 21 15:09:00 2025 Epoch: 97
2025-11-21 15:28:43,756 INFO Final training 97/150, loss: 1.1711, time 1183.73s, lr: 0.000079
Accuracy: 0.760
class                  precision    recall   specificity      f1   support
--------------------------------------------------------------------------
0                          0.847     0.769         0.868   0.806       281
1                          0.294     0.667         0.912   0.408        30
2                          0.798     0.762         0.836   0.780       265
*----------------------------------------*
2025-11-21 15:28:43,756 INFO 0 Fri Nov 21 15:28:43 2025 Epoch: 98
2025-11-21 15:48:30,904 INFO Final training 98/150, loss: 1.0882, time 1187.15s, lr: 0.000079
Accuracy: 0.762
class                  precision    recall   specificity      f1   support
--------------------------------------------------------------------------
0                          0.829     0.758         0.851   0.792       281
1                          0.344     0.724         0.927   0.467        29
2                          0.795     0.771         0.829   0.782       266
*----------------------------------------*
2025-11-21 15:53:00,829 INFO Final validation 98/150, Val_acc: 0.7111, time 269.92sAccuracy: 0.757
class                  precision    recall   specificity      f1   support
--------------------------------------------------------------------------
0                          0.719     0.914         0.662   0.805        70
1                          0.500     0.250         0.985   0.333         8
2                          0.843     0.652         0.897   0.735        66
*========================================*
2025-11-21 15:53:05,968 INFO 0 Fri Nov 21 15:53:05 2025 Epoch: 99
2025-11-21 16:12:37,820 INFO Final training 99/150, loss: 0.7832, time 1171.85s, lr: 0.000079
Accuracy: 0.785
class                  precision    recall   specificity      f1   support
--------------------------------------------------------------------------
0                          0.836     0.782         0.855   0.808       280
1                          0.438     0.700         0.951   0.538        30
2                          0.797     0.797         0.826   0.797       266
*----------------------------------------*
2025-11-21 16:12:37,820 INFO 0 Fri Nov 21 16:12:37 2025 Epoch: 100
2025-11-21 16:31:48,993 INFO Final training 100/150, loss: 1.2833, time 1151.17s, lr: 0.000078
Accuracy: 0.726
class                  precision    recall   specificity      f1   support
--------------------------------------------------------------------------
0                          0.803     0.729         0.831   0.764       280
1                          0.338     0.733         0.921   0.463        30
2                          0.747     0.722         0.790   0.734       266
*----------------------------------------*
2025-11-21 16:36:18,788 INFO Final validation 100/150, Val_acc: 0.7091, time 269.80sAccuracy: 0.743
class                  precision    recall   specificity      f1   support
--------------------------------------------------------------------------
0                          0.788     0.743         0.811   0.765        70
1                          0.444     0.500         0.963   0.471         8
2                          0.739     0.773         0.769   0.756        66
*========================================*
2025-11-21 16:36:23,667 INFO 0 Fri Nov 21 16:36:23 2025 Epoch: 101
2025-11-21 16:56:00,839 INFO Final training 101/150, loss: 1.2473, time 1177.17s, lr: 0.000078
Accuracy: 0.748
class                  precision    recall   specificity      f1   support
--------------------------------------------------------------------------
0                          0.812     0.743         0.838   0.776       280
1                          0.302     0.633         0.919   0.409        30
2                          0.794     0.767         0.829   0.780       266
*----------------------------------------*
2025-11-21 16:56:01,362 INFO 0 Fri Nov 21 16:56:01 2025 Epoch: 102
2025-11-21 17:15:20,229 INFO Final training 102/150, loss: 0.7915, time 1158.87s, lr: 0.000078
Accuracy: 0.802
class                  precision    recall   specificity      f1   support
--------------------------------------------------------------------------
0                          0.862     0.782         0.882   0.820       280
1                          0.456     0.867         0.943   0.598        30
2                          0.819     0.816         0.845   0.817       266
*----------------------------------------*
2025-11-21 17:19:50,025 INFO Final validation 102/150, Val_acc: 0.6720, time 269.80sAccuracy: 0.729
class                  precision    recall   specificity      f1   support
--------------------------------------------------------------------------
0                          0.836     0.729         0.865   0.779        70
1                          0.250     0.625         0.890   0.357         8
2                          0.778     0.742         0.821   0.760        66
*========================================*
2025-11-21 17:19:54,928 INFO 0 Fri Nov 21 17:19:54 2025 Epoch: 103
2025-11-21 17:39:31,254 INFO Final training 103/150, loss: 1.1001, time 1176.33s, lr: 0.000078
Accuracy: 0.760
class                  precision    recall   specificity      f1   support
--------------------------------------------------------------------------
0                          0.793     0.754         0.814   0.773       280
1                          0.444     0.667         0.954   0.533        30
2                          0.781     0.778         0.813   0.780       266
*----------------------------------------*
2025-11-21 17:39:31,254 INFO 0 Fri Nov 21 17:39:31 2025 Epoch: 104
2025-11-21 17:58:43,206 INFO Final training 104/150, loss: 0.8559, time 1151.95s, lr: 0.000077
Accuracy: 0.753
class                  precision    recall   specificity      f1   support
--------------------------------------------------------------------------
0                          0.793     0.762         0.810   0.777       281
1                          0.429     0.800         0.941   0.558        30
2                          0.784     0.740         0.826   0.761       265
*----------------------------------------*
2025-11-21 18:03:12,740 INFO Final validation 104/150, Val_acc: 0.7514, time 269.53sAccuracy: 0.764
class                  precision    recall   specificity      f1   support
--------------------------------------------------------------------------
0                          0.761     0.771         0.770   0.766        70
1                          1.000     0.500         1.000   0.667         8
2                          0.754     0.788         0.782   0.770        66
*========================================*
2025-11-21 18:03:12,740 INFO New best (0.740162 --> 0.751389)
2025-11-21 18:03:21,834 INFO Copying best model to best_model.pt
2025-11-21 18:03:29,853 INFO 0 Fri Nov 21 18:03:29 2025 Epoch: 105
2025-11-21 18:23:00,841 INFO Final training 105/150, loss: 0.6333, time 1170.99s, lr: 0.000077
Accuracy: 0.802
class                  precision    recall   specificity      f1   support
--------------------------------------------------------------------------
0                          0.853     0.811         0.868   0.832       280
1                          0.460     0.767         0.951   0.575        30
2                          0.815     0.797         0.845   0.806       266
*----------------------------------------*
2025-11-21 18:23:00,842 INFO 0 Fri Nov 21 18:23:00 2025 Epoch: 106
2025-11-21 18:42:19,129 INFO Final training 106/150, loss: 0.9291, time 1158.29s, lr: 0.000077
Accuracy: 0.724
class                  precision    recall   specificity      f1   support
--------------------------------------------------------------------------
0                          0.790     0.700         0.824   0.742       280
1                          0.377     0.667         0.940   0.482        30
2                          0.731     0.756         0.761   0.743       266
*----------------------------------------*
2025-11-21 18:46:48,685 INFO Final validation 106/150, Val_acc: 0.5749, time 269.56sAccuracy: 0.667
class                  precision    recall   specificity      f1   support
--------------------------------------------------------------------------
0                          0.765     0.743         0.784   0.754        70
1                          0.167     0.625         0.816   0.263         8
2                          0.848     0.591         0.910   0.696        66
*========================================*
2025-11-21 18:46:53,564 INFO 0 Fri Nov 21 18:46:53 2025 Epoch: 107
2025-11-21 19:06:23,165 INFO Final training 107/150, loss: 0.9467, time 1169.60s, lr: 0.000076
Accuracy: 0.771
class                  precision    recall   specificity      f1   support
--------------------------------------------------------------------------
0                          0.822     0.772         0.841   0.796       281
1                          0.404     0.767         0.938   0.529        30
2                          0.800     0.770         0.836   0.785       265
*----------------------------------------*
2025-11-21 19:06:23,165 INFO 0 Fri Nov 21 19:06:23 2025 Epoch: 108
2025-11-21 19:26:10,811 INFO Final training 108/150, loss: 0.8507, time 1187.65s, lr: 0.000076
Accuracy: 0.780
class                  precision    recall   specificity      f1   support
--------------------------------------------------------------------------
0                          0.822     0.761         0.845   0.790       280
1                          0.521     0.833         0.958   0.641        30
2                          0.784     0.793         0.813   0.789       266
*----------------------------------------*
2025-11-21 19:30:40,054 INFO Final validation 108/150, Val_acc: 0.5844, time 269.24sAccuracy: 0.660
class                  precision    recall   specificity      f1   support
--------------------------------------------------------------------------
0                          0.697     0.757         0.689   0.726        70
1                          0.208     0.625         0.860   0.312         8
2                          0.841     0.561         0.910   0.673        66
*========================================*
2025-11-21 19:30:45,038 INFO 0 Fri Nov 21 19:30:45 2025 Epoch: 109
2025-11-21 19:50:16,834 INFO Final training 109/150, loss: 0.9190, time 1171.80s, lr: 0.000076
Accuracy: 0.764
class                  precision    recall   specificity      f1   support
--------------------------------------------------------------------------
0                          0.841     0.757         0.865   0.797       280
1                          0.303     0.667         0.916   0.417        30
2                          0.806     0.782         0.839   0.794       266
*----------------------------------------*
2025-11-21 19:50:16,834 INFO 0 Fri Nov 21 19:50:16 2025 Epoch: 110
2025-11-21 20:09:37,967 INFO Final training 110/150, loss: 0.6784, time 1161.13s, lr: 0.000075
Accuracy: 0.793
class                  precision    recall   specificity      f1   support
--------------------------------------------------------------------------
0                          0.833     0.779         0.851   0.805       281
1                          0.442     0.767         0.947   0.561        30
2                          0.824     0.811         0.852   0.817       265
*----------------------------------------*
2025-11-21 20:14:07,794 INFO Final validation 110/150, Val_acc: 0.6895, time 269.83sAccuracy: 0.764
class                  precision    recall   specificity      f1   support
--------------------------------------------------------------------------
0                          0.844     0.771         0.865   0.806        70
1                          0.385     0.625         0.941   0.476         8
2                          0.761     0.773         0.795   0.767        66
*========================================*
2025-11-21 20:14:12,921 INFO 0 Fri Nov 21 20:14:12 2025 Epoch: 111
2025-11-21 20:33:19,312 INFO Final training 111/150, loss: 0.7370, time 1146.39s, lr: 0.000075
Accuracy: 0.793
class                  precision    recall   specificity      f1   support
--------------------------------------------------------------------------
0                          0.835     0.811         0.847   0.823       281
1                          0.431     0.733         0.947   0.543        30
2                          0.821     0.781         0.855   0.801       265
*----------------------------------------*
2025-11-21 20:33:19,920 INFO 0 Fri Nov 21 20:33:19 2025 Epoch: 112
2025-11-21 20:52:59,503 INFO Final training 112/150, loss: 0.8187, time 1179.58s, lr: 0.000074
Accuracy: 0.774
class                  precision    recall   specificity      f1   support
--------------------------------------------------------------------------
0                          0.836     0.779         0.854   0.807       281
1                          0.426     0.767         0.943   0.548        30
2                          0.785     0.770         0.820   0.777       265
*----------------------------------------*
2025-11-21 20:57:28,798 INFO Final validation 112/150, Val_acc: 0.6123, time 269.30sAccuracy: 0.681
class                  precision    recall   specificity      f1   support
--------------------------------------------------------------------------
0                          0.617     0.943         0.446   0.746        70
1                          1.000     0.125         1.000   0.222         8
2                          0.861     0.470         0.936   0.608        66
*========================================*
2025-11-21 20:57:33,720 INFO 0 Fri Nov 21 20:57:33 2025 Epoch: 113
2025-11-21 21:17:15,968 INFO Final training 113/150, loss: 0.7339, time 1182.25s, lr: 0.000074
Accuracy: 0.807
class                  precision    recall   specificity      f1   support
--------------------------------------------------------------------------
0                          0.859     0.826         0.871   0.842       281
1                          0.411     0.767         0.940   0.535        30
2                          0.840     0.792         0.871   0.816       265
*----------------------------------------*
2025-11-21 21:17:15,968 INFO 0 Fri Nov 21 21:17:15 2025 Epoch: 114
2025-11-21 21:36:50,433 INFO Final training 114/150, loss: 0.6130, time 1174.46s, lr: 0.000073
Accuracy: 0.809
class                  precision    recall   specificity      f1   support
--------------------------------------------------------------------------
0                          0.847     0.793         0.865   0.819       280
1                          0.600     0.900         0.967   0.720        30
2                          0.807     0.816         0.832   0.811       266
*----------------------------------------*
2025-11-21 21:41:20,313 INFO Final validation 114/150, Val_acc: 0.6654, time 269.88sAccuracy: 0.715
class                  precision    recall   specificity      f1   support
--------------------------------------------------------------------------
0                          0.929     0.557         0.959   0.696        70
1                          0.357     0.625         0.934   0.455         8
2                          0.670     0.894         0.628   0.766        66
*========================================*
2025-11-21 21:41:25,198 INFO 0 Fri Nov 21 21:41:25 2025 Epoch: 115
2025-11-21 22:01:06,660 INFO Final training 115/150, loss: 0.7472, time 1181.46s, lr: 0.000073
Accuracy: 0.785
class                  precision    recall   specificity      f1   support
--------------------------------------------------------------------------
0                          0.825     0.772         0.844   0.798       281
1                          0.471     0.800         0.951   0.593        30
2                          0.805     0.796         0.836   0.801       265
*----------------------------------------*
2025-11-21 22:01:06,660 INFO 0 Fri Nov 21 22:01:06 2025 Epoch: 116
2025-11-21 22:21:03,633 INFO Final training 116/150, loss: 1.3022, time 1196.97s, lr: 0.000072
Accuracy: 0.736
class                  precision    recall   specificity      f1   support
--------------------------------------------------------------------------
0                          0.784     0.739         0.807   0.761       280
1                          0.431     0.733         0.947   0.543        30
2                          0.747     0.733         0.787   0.740       266
*----------------------------------------*
2025-11-21 22:25:33,616 INFO Final validation 116/150, Val_acc: 0.5993, time 269.98sAccuracy: 0.674
class                  precision    recall   specificity      f1   support
--------------------------------------------------------------------------
0                          0.723     0.857         0.689   0.784        70
1                          0.222     0.750         0.846   0.343         8
2                          0.912     0.470         0.962   0.620        66
*========================================*
2025-11-21 22:25:38,544 INFO 0 Fri Nov 21 22:25:38 2025 Epoch: 117
2025-11-21 22:45:07,817 INFO Final training 117/150, loss: 0.9247, time 1169.27s, lr: 0.000072
Accuracy: 0.790
class                  precision    recall   specificity      f1   support
--------------------------------------------------------------------------
0                          0.862     0.800         0.878   0.830       280
1                          0.362     0.700         0.932   0.477        30
2                          0.814     0.789         0.845   0.802       266
*----------------------------------------*
2025-11-21 22:45:07,817 INFO 0 Fri Nov 21 22:45:07 2025 Epoch: 118
2025-11-21 23:04:55,614 INFO Final training 118/150, loss: 0.8164, time 1187.80s, lr: 0.000071
Accuracy: 0.764
class                  precision    recall   specificity      f1   support
--------------------------------------------------------------------------
0                          0.800     0.771         0.818   0.785       280
1                          0.491     0.867         0.951   0.627        30
2                          0.783     0.744         0.823   0.763       266
*----------------------------------------*
2025-11-21 23:09:25,656 INFO Final validation 118/150, Val_acc: 0.6156, time 270.04sAccuracy: 0.688
class                  precision    recall   specificity      f1   support
--------------------------------------------------------------------------
0                          0.896     0.614         0.932   0.729        70
1                          0.207     0.750         0.831   0.324         8
2                          0.746     0.758         0.782   0.752        66
*========================================*
2025-11-21 23:09:30,563 INFO 0 Fri Nov 21 23:09:30 2025 Epoch: 119
2025-11-21 23:29:09,878 INFO Final training 119/150, loss: 1.0511, time 1179.31s, lr: 0.000071
Accuracy: 0.783
class                  precision    recall   specificity      f1   support
--------------------------------------------------------------------------
0                          0.836     0.764         0.858   0.799       280
1                          0.500     0.800         0.956   0.615        30
2                          0.783     0.801         0.810   0.792       266
*----------------------------------------*
2025-11-21 23:29:09,878 INFO 0 Fri Nov 21 23:29:09 2025 Epoch: 120
2025-11-21 23:48:56,452 INFO Final training 120/150, loss: 0.5943, time 1186.57s, lr: 0.000070
Accuracy: 0.811
class                  precision    recall   specificity      f1   support
--------------------------------------------------------------------------
0                          0.868     0.819         0.881   0.842       281
1                          0.462     0.800         0.949   0.585        30
2                          0.822     0.804         0.852   0.813       265
*----------------------------------------*
2025-11-21 23:53:26,586 INFO Final validation 120/150, Val_acc: 0.7410, time 270.13sAccuracy: 0.778
class                  precision    recall   specificity      f1   support
--------------------------------------------------------------------------
0                          0.844     0.771         0.865   0.806        70
1                          0.455     0.625         0.956   0.526         8
2                          0.768     0.803         0.795   0.785        66
*========================================*
2025-11-21 23:53:31,518 INFO 0 Fri Nov 21 23:53:31 2025 Epoch: 121
2025-11-22 00:13:08,779 INFO Final training 121/150, loss: 0.7539, time 1177.26s, lr: 0.000070
Accuracy: 0.771
class                  precision    recall   specificity      f1   support
--------------------------------------------------------------------------
0                          0.828     0.772         0.847   0.799       281
1                          0.423     0.733         0.945   0.537        30
2                          0.782     0.774         0.817   0.778       265
*----------------------------------------*
2025-11-22 00:13:09,225 INFO 0 Sat Nov 22 00:13:09 2025 Epoch: 122
2025-11-22 00:32:51,653 INFO Final training 122/150, loss: 1.2967, time 1182.43s, lr: 0.000069
Accuracy: 0.733
class                  precision    recall   specificity      f1   support
--------------------------------------------------------------------------
0                          0.809     0.708         0.841   0.755       281
1                          0.359     0.767         0.925   0.489        30
2                          0.752     0.755         0.788   0.753       265
*----------------------------------------*
2025-11-22 00:37:21,733 INFO Final validation 122/150, Val_acc: 0.6428, time 270.08sAccuracy: 0.701
class                  precision    recall   specificity      f1   support
--------------------------------------------------------------------------
0                          0.870     0.671         0.905   0.758        70
1                          0.214     0.750         0.838   0.333         8
2                          0.774     0.727         0.821   0.750        66
*========================================*
2025-11-22 00:37:26,811 INFO 0 Sat Nov 22 00:37:26 2025 Epoch: 123
2025-11-22 00:57:25,830 INFO Final training 123/150, loss: 0.8025, time 1199.02s, lr: 0.000068
Accuracy: 0.785
class                  precision    recall   specificity      f1   support
--------------------------------------------------------------------------
0                          0.819     0.808         0.831   0.814       281
1                          0.429     0.724         0.949   0.538        29
2                          0.816     0.767         0.852   0.791       266
*----------------------------------------*
2025-11-22 00:57:25,831 INFO 0 Sat Nov 22 00:57:25 2025 Epoch: 124
2025-11-22 01:16:55,832 INFO Final training 124/150, loss: 1.0558, time 1170.00s, lr: 0.000068
Accuracy: 0.769
class                  precision    recall   specificity      f1   support
--------------------------------------------------------------------------
0                          0.849     0.758         0.871   0.801       281
1                          0.359     0.767         0.925   0.489        30
2                          0.793     0.781         0.826   0.787       265
*----------------------------------------*
2025-11-22 01:21:25,653 INFO Final validation 124/150, Val_acc: 0.6815, time 269.82sAccuracy: 0.701
class                  precision    recall   specificity      f1   support
--------------------------------------------------------------------------
0                          0.921     0.500         0.959   0.648        70
1                          0.571     0.500         0.978   0.533         8
2                          0.626     0.939         0.526   0.752        66
*========================================*
2025-11-22 01:21:30,642 INFO 0 Sat Nov 22 01:21:30 2025 Epoch: 125
2025-11-22 01:40:51,236 INFO Final training 125/150, loss: 0.6464, time 1160.59s, lr: 0.000067
Accuracy: 0.800
class                  precision    recall   specificity      f1   support
--------------------------------------------------------------------------
0                          0.858     0.797         0.875   0.827       281
1                          0.471     0.800         0.951   0.593        30
2                          0.807     0.804         0.836   0.805       265
*----------------------------------------*
2025-11-22 01:40:51,236 INFO 0 Sat Nov 22 01:40:51 2025 Epoch: 126
2025-11-22 02:00:29,281 INFO Final training 126/150, loss: 0.9295, time 1178.04s, lr: 0.000067
Accuracy: 0.762
class                  precision    recall   specificity      f1   support
--------------------------------------------------------------------------
0                          0.809     0.740         0.834   0.773       281
1                          0.429     0.800         0.941   0.558        30
2                          0.787     0.781         0.820   0.784       265
*----------------------------------------*
2025-11-22 02:04:58,372 INFO Final validation 126/150, Val_acc: 0.5755, time 269.09sAccuracy: 0.625
class                  precision    recall   specificity      f1   support
--------------------------------------------------------------------------
0                          0.569     1.000         0.284   0.725        70
1                          1.000     0.125         1.000   0.222         8
2                          0.950     0.288         0.987   0.442        66
*========================================*
2025-11-22 02:05:03,450 INFO 0 Sat Nov 22 02:05:03 2025 Epoch: 127
2025-11-22 02:24:35,543 INFO Final training 127/150, loss: 0.9569, time 1172.09s, lr: 0.000066
Accuracy: 0.773
class                  precision    recall   specificity      f1   support
--------------------------------------------------------------------------
0                          0.816     0.775         0.834   0.795       280
1                          0.407     0.733         0.941   0.524        30
2                          0.805     0.774         0.839   0.789       266
*----------------------------------------*
2025-11-22 02:24:35,543 INFO 0 Sat Nov 22 02:24:35 2025 Epoch: 128
2025-11-22 02:44:29,259 INFO Final training 128/150, loss: 0.9660, time 1193.72s, lr: 0.000065
Accuracy: 0.767
class                  precision    recall   specificity      f1   support
--------------------------------------------------------------------------
0                          0.815     0.783         0.831   0.799       281
1                          0.397     0.767         0.936   0.523        30
2                          0.802     0.751         0.842   0.776       265
*----------------------------------------*
2025-11-22 02:49:02,157 INFO Final validation 128/150, Val_acc: 0.7705, time 272.90sAccuracy: 0.785
class                  precision    recall   specificity      f1   support
--------------------------------------------------------------------------
0                          0.792     0.871         0.784   0.830        70
1                          0.500     0.625         0.963   0.556         8
2                          0.825     0.712         0.872   0.764        66
*========================================*
2025-11-22 02:49:02,158 INFO New best (0.751389 --> 0.770486)
2025-11-22 02:49:08,622 INFO Copying best model to best_model.pt
2025-11-22 02:49:12,885 INFO 0 Sat Nov 22 02:49:12 2025 Epoch: 129
2025-11-22 03:08:58,426 INFO Final training 129/150, loss: 0.6927, time 1185.54s, lr: 0.000065
Accuracy: 0.799
class                  precision    recall   specificity      f1   support
--------------------------------------------------------------------------
0                          0.848     0.800         0.865   0.824       280
1                          0.469     0.767         0.952   0.582        30
2                          0.810     0.801         0.839   0.805       266
*----------------------------------------*
2025-11-22 03:08:58,426 INFO 0 Sat Nov 22 03:08:58 2025 Epoch: 130
2025-11-22 03:28:39,922 INFO Final training 130/150, loss: 0.6049, time 1181.50s, lr: 0.000064
Accuracy: 0.788
class                  precision    recall   specificity      f1   support
--------------------------------------------------------------------------
0                          0.831     0.789         0.848   0.810       280
1                          0.481     0.833         0.951   0.610        30
2                          0.806     0.782         0.839   0.794       266
*----------------------------------------*
2025-11-22 03:33:13,317 INFO Final validation 130/150, Val_acc: 0.7514, time 273.39sAccuracy: 0.778
class                  precision    recall   specificity      f1   support
--------------------------------------------------------------------------
0                          0.797     0.843         0.797   0.819        70
1                          0.455     0.625         0.956   0.526         8
2                          0.814     0.727         0.859   0.768        66
*========================================*
2025-11-22 03:33:18,333 INFO 0 Sat Nov 22 03:33:18 2025 Epoch: 131
2025-11-22 03:53:01,319 INFO Final training 131/150, loss: 0.7758, time 1182.99s, lr: 0.000063
Accuracy: 0.786
class                  precision    recall   specificity      f1   support
--------------------------------------------------------------------------
0                          0.828     0.807         0.841   0.817       280
1                          0.471     0.800         0.951   0.593        30
2                          0.806     0.763         0.842   0.784       266
*----------------------------------------*
2025-11-22 03:53:01,751 INFO 0 Sat Nov 22 03:53:01 2025 Epoch: 132
2025-11-22 04:12:44,905 INFO Final training 132/150, loss: 0.7417, time 1183.15s, lr: 0.000062
Accuracy: 0.799
class                  precision    recall   specificity      f1   support
--------------------------------------------------------------------------
0                          0.877     0.790         0.895   0.831       281
1                          0.400     0.733         0.940   0.518        30
2                          0.806     0.815         0.833   0.811       265
*----------------------------------------*
2025-11-22 04:17:15,190 INFO Final validation 132/150, Val_acc: 0.6829, time 270.28sAccuracy: 0.736
class                  precision    recall   specificity      f1   support
--------------------------------------------------------------------------
0                          0.836     0.729         0.865   0.779        70
1                          0.312     0.625         0.919   0.417         8
2                          0.746     0.758         0.782   0.752        66
*========================================*
2025-11-22 04:17:20,174 INFO 0 Sat Nov 22 04:17:20 2025 Epoch: 133
2025-11-22 04:37:09,595 INFO Final training 133/150, loss: 0.6602, time 1189.42s, lr: 0.000062
Accuracy: 0.785
class                  precision    recall   specificity      f1   support
--------------------------------------------------------------------------
0                          0.823     0.794         0.837   0.808       281
1                          0.472     0.833         0.949   0.602        30
2                          0.810     0.770         0.846   0.789       265
*----------------------------------------*
2025-11-22 04:37:09,595 INFO 0 Sat Nov 22 04:37:09 2025 Epoch: 134
2025-11-22 04:56:35,560 INFO Final training 134/150, loss: 0.5401, time 1165.97s, lr: 0.000061
Accuracy: 0.812
class                  precision    recall   specificity      f1   support
--------------------------------------------------------------------------
0                          0.852     0.800         0.868   0.825       280
1                          0.531     0.867         0.958   0.658        30
2                          0.826     0.820         0.852   0.823       266
*----------------------------------------*
2025-11-22 05:01:05,015 INFO Final validation 134/150, Val_acc: 0.7149, time 269.45sAccuracy: 0.757
class                  precision    recall   specificity      f1   support
--------------------------------------------------------------------------
0                          0.795     0.829         0.797   0.811        70
1                          0.385     0.625         0.941   0.476         8
2                          0.793     0.697         0.846   0.742        66
*========================================*
2025-11-22 05:01:10,564 INFO 0 Sat Nov 22 05:01:10 2025 Epoch: 135
2025-11-22 05:20:59,497 INFO Final training 135/150, loss: 0.6323, time 1188.93s, lr: 0.000060
Accuracy: 0.780
class                  precision    recall   specificity      f1   support
--------------------------------------------------------------------------
0                          0.808     0.768         0.828   0.788       280
1                          0.565     0.867         0.963   0.684        30
2                          0.788     0.782         0.819   0.785       266
*----------------------------------------*
2025-11-22 05:20:59,497 INFO 0 Sat Nov 22 05:20:59 2025 Epoch: 136
2025-11-22 05:40:15,112 INFO Final training 136/150, loss: 0.4828, time 1155.61s, lr: 0.000059
Accuracy: 0.842
class                  precision    recall   specificity      f1   support
--------------------------------------------------------------------------
0                          0.878     0.847         0.888   0.862       281
1                          0.500     0.867         0.952   0.634        30
2                          0.874     0.834         0.897   0.853       265
*----------------------------------------*
2025-11-22 05:44:44,875 INFO Final validation 136/150, Val_acc: 0.6374, time 269.76sAccuracy: 0.674
class                  precision    recall   specificity      f1   support
--------------------------------------------------------------------------
0                          0.969     0.443         0.986   0.608        70
1                          0.500     0.500         0.971   0.500         8
2                          0.596     0.939         0.462   0.729        66
*========================================*
2025-11-22 05:44:49,787 INFO 0 Sat Nov 22 05:44:49 2025 Epoch: 137
2025-11-22 06:04:08,292 INFO Final training 137/150, loss: 0.7329, time 1158.50s, lr: 0.000059
Accuracy: 0.797
class                  precision    recall   specificity      f1   support
--------------------------------------------------------------------------
0                          0.858     0.796         0.875   0.826       280
1                          0.453     0.800         0.947   0.578        30
2                          0.806     0.797         0.835   0.802       266
*----------------------------------------*
2025-11-22 06:04:08,292 INFO 0 Sat Nov 22 06:04:08 2025 Epoch: 138
2025-11-22 06:23:53,425 INFO Final training 138/150, loss: 0.9892, time 1185.13s, lr: 0.000058
Accuracy: 0.748
class                  precision    recall   specificity      f1   support
--------------------------------------------------------------------------
0                          0.792     0.758         0.810   0.775       281
1                          0.440     0.759         0.949   0.557        29
2                          0.763     0.737         0.803   0.750       266
*----------------------------------------*
2025-11-22 06:28:23,089 INFO Final validation 138/150, Val_acc: 0.6873, time 269.66sAccuracy: 0.729
class                  precision    recall   specificity      f1   support
--------------------------------------------------------------------------
0                          0.768     0.900         0.743   0.829        70
1                          0.286     0.750         0.890   0.414         8
2                          0.878     0.545         0.936   0.673        66
*========================================*
2025-11-22 06:28:28,105 INFO 0 Sat Nov 22 06:28:28 2025 Epoch: 139
2025-11-22 06:47:39,588 INFO Final training 139/150, loss: 0.7327, time 1151.48s, lr: 0.000057
Accuracy: 0.785
class                  precision    recall   specificity      f1   support
--------------------------------------------------------------------------
0                          0.837     0.789         0.855   0.812       280
1                          0.446     0.833         0.943   0.581        30
2                          0.805     0.774         0.839   0.789       266
*----------------------------------------*
2025-11-22 06:47:39,588 INFO 0 Sat Nov 22 06:47:39 2025 Epoch: 140
2025-11-22 07:06:56,688 INFO Final training 140/150, loss: 0.7643, time 1157.10s, lr: 0.000056
Accuracy: 0.776
class                  precision    recall   specificity      f1   support
--------------------------------------------------------------------------
0                          0.842     0.743         0.868   0.789       280
1                          0.418     0.767         0.941   0.541        30
2                          0.788     0.812         0.813   0.800       266
*----------------------------------------*
2025-11-22 07:11:26,676 INFO Final validation 140/150, Val_acc: 0.7221, time 269.99sAccuracy: 0.764
class                  precision    recall   specificity      f1   support
--------------------------------------------------------------------------
0                          0.759     0.900         0.730   0.824        70
1                          0.385     0.625         0.941   0.476         8
2                          0.875     0.636         0.923   0.737        66
*========================================*
2025-11-22 07:11:31,730 INFO 0 Sat Nov 22 07:11:31 2025 Epoch: 141
2025-11-22 07:31:21,986 INFO Final training 141/150, loss: 0.6930, time 1190.26s, lr: 0.000056
Accuracy: 0.792
class                  precision    recall   specificity      f1   support
--------------------------------------------------------------------------
0                          0.847     0.811         0.861   0.828       280
1                          0.400     0.733         0.940   0.518        30
2                          0.818     0.778         0.852   0.798       266
*----------------------------------------*
2025-11-22 07:31:22,931 INFO 0 Sat Nov 22 07:31:22 2025 Epoch: 142
2025-11-22 07:50:48,877 INFO Final training 142/150, loss: 0.7478, time 1165.95s, lr: 0.000055
Accuracy: 0.802
class                  precision    recall   specificity      f1   support
--------------------------------------------------------------------------
0                          0.859     0.782         0.878   0.819       280
1                          0.423     0.733         0.945   0.537        30
2                          0.822     0.831         0.845   0.826       266
*----------------------------------------*
2025-11-22 07:55:18,498 INFO Final validation 142/150, Val_acc: 0.6502, time 269.62sAccuracy: 0.715
class                  precision    recall   specificity      f1   support
--------------------------------------------------------------------------
0                          0.762     0.871         0.743   0.813        70
1                          0.259     0.875         0.853   0.400         8
2                          0.946     0.530         0.974   0.680        66
*========================================*
2025-11-22 07:55:23,463 INFO 0 Sat Nov 22 07:55:23 2025 Epoch: 143
2025-11-22 08:15:07,538 INFO Final training 143/150, loss: 1.0620, time 1184.08s, lr: 0.000054
Accuracy: 0.757
class                  precision    recall   specificity      f1   support
--------------------------------------------------------------------------
0                          0.852     0.737         0.878   0.790       281
1                          0.338     0.767         0.918   0.469        30
2                          0.777     0.777         0.810   0.777       265
*----------------------------------------*
2025-11-22 08:15:07,539 INFO 0 Sat Nov 22 08:15:07 2025 Epoch: 144
2025-11-22 08:34:43,110 INFO Final training 144/150, loss: 0.5731, time 1175.57s, lr: 0.000053
Accuracy: 0.825
class                  precision    recall   specificity      f1   support
--------------------------------------------------------------------------
0                          0.846     0.822         0.858   0.834       281
1                          0.628     0.900         0.971   0.740        30
2                          0.835     0.819         0.862   0.827       265
*----------------------------------------*
2025-11-22 08:39:12,641 INFO Final validation 144/150, Val_acc: 0.7140, time 269.53sAccuracy: 0.750
class                  precision    recall   specificity      f1   support
--------------------------------------------------------------------------
0                          0.887     0.671         0.919   0.764        70
1                          0.462     0.750         0.949   0.571         8
2                          0.705     0.833         0.705   0.764        66
*========================================*
2025-11-22 08:39:17,644 INFO 0 Sat Nov 22 08:39:17 2025 Epoch: 145
2025-11-22 08:58:48,171 INFO Final training 145/150, loss: 0.4982, time 1170.53s, lr: 0.000052
Accuracy: 0.833
class                  precision    recall   specificity      f1   support
--------------------------------------------------------------------------
0                          0.871     0.846         0.882   0.859       280
1                          0.565     0.867         0.963   0.684        30
2                          0.841     0.816         0.868   0.828       266
*----------------------------------------*
2025-11-22 08:58:48,172 INFO 0 Sat Nov 22 08:58:48 2025 Epoch: 146
2025-11-22 09:18:17,459 INFO Final training 146/150, loss: 0.4617, time 1169.29s, lr: 0.000052
Accuracy: 0.861
class                  precision    recall   specificity      f1   support
--------------------------------------------------------------------------
0                          0.914     0.833         0.925   0.872       281
1                          0.614     0.900         0.969   0.730        30
2                          0.851     0.887         0.868   0.869       265
*----------------------------------------*
2025-11-22 09:22:47,493 INFO Final validation 146/150, Val_acc: 0.7131, time 270.03sAccuracy: 0.757
class                  precision    recall   specificity      f1   support
--------------------------------------------------------------------------
0                          0.730     0.929         0.676   0.818        70
1                          0.462     0.750         0.949   0.571         8
2                          0.905     0.576         0.949   0.704        66
*========================================*
2025-11-22 09:22:52,457 INFO 0 Sat Nov 22 09:22:52 2025 Epoch: 147
