2025-11-13 09:38:16,950 INFO Log directory: outputs/OrganoidsINRIA_reduced/swinunetr/2025-11-13-09-38
2025-11-13 09:38:16,951 INFO {'RandFlipd_prob': 0.2,
 'RandRotate90d_prob': 0.2,
 'RandScaleIntensityd_prob': 0.1,
 'RandShiftIntensityd_prob': 0.1,
 'amp': True,
 'augmentation': True,
 'batch_size': 6,
 'cache_dataset': False,
 'checkpoint_path': None,
 'data_dir': '/home/mraffael/martone_project/Organoids_Dataset_256/',
 'dataset_name': 'OrganoidsINRIA_reduced',
 'debug': False,
 'debug_train_samples': 40,
 'debug_val_samples': 10,
 'dist_backend': 'nccl',
 'dist_url': 'tcp://127.0.0.1:23456',
 'distributed': False,
 'dropout_path_rate': 0.0,
 'dropout_rate': 0.0,
 'early_stopping': False,
 'encoder10_pth': '',
 'exact_class': False,
 'feature_size': 48,
 'fold': 0,
 'folds': False,
 'gpu': 0,
 'ignore_label': 3,
 'in_channels': 1,
 'infer_overlap': 0.5,
 'k_folds': 5,
 'logdir': 'test',
 'logs_dir': 'logs/',
 'loss_name': 'CE',
 'lrschedule': 'warmup_cosine',
 'max_epochs': 150,
 'min_delta_loss': 0.001,
 'min_delta_val': 0.001,
 'model_name': 'swinunetr',
 'momentum': 0.99,
 'noamp': False,
 'norm_name': 'instance',
 'oar_id': 2117934,
 'optim_lr': 0.0006,
 'optim_name': 'adamw',
 'out_channels': 1,
 'output_dir': 'outputs/',
 'patch_merging': False,
 'patience_loss': 20,
 'patience_val': 3,
 'pretrained_dir': './pretrained_models/fold1_f48_ep300_4gpu_dice0_9059/',
 'pretrained_model_name': 'model_swinvit.pt',
 'rank': 0,
 'reg_weight': 5e-05,
 'restart_T0': 20,
 'resume_ckpt': False,
 'roi_x': 128,
 'roi_y': 128,
 'roi_z': 128,
 'save_checkpoint': True,
 'seed': 3,
 'similarity_loss': '',
 'similarity_loss_weight': 0.0,
 'spatial_dims': 3,
 'split_method': 'stratified',
 'start_epoch': 0,
 'sw_batch_size': 6,
 'telegram_log': True,
 'test_mode': False,
 'token': './token/tlg_token.txt',
 'use_checkpoint': False,
 'val_every': 4,
 'warmup_epochs': 5,
 'workers': 8,
 'world_size': 1}
2025-11-13 09:38:16,951 INFO 
2025-11-13 09:38:16,955 INFO Saved configuration to: outputs/OrganoidsINRIA_reduced/swinunetr/2025-11-13-09-38/config.txt
2025-11-13 09:38:17,476 INFO Using GPU: 0
2025-11-13 09:38:17,476 INFO 
2025-11-13 09:38:17,476 INFO Model INFO:
2025-11-13 09:38:17,476 INFO Model architecture: swinunetr
2025-11-13 09:38:17,890 INFO Using pretrained weights
2025-11-13 09:38:17,890 INFO => loading pretrained model './pretrained_models/fold1_f48_ep300_4gpu_dice0_9059/model_swinvit.pt'
2025-11-13 09:38:21,668 INFO Missing keys when loading pretrained: 33
2025-11-13 09:38:21,668 INFO Unexpected keys when loading pretrained: 8
2025-11-13 09:38:21,670 INFO Using SwinUNETR with Single Linear Classification Head
2025-11-13 09:38:21,671 INFO Total trainable parameters: 39,914,805
2025-11-13 09:38:21,704 INFO 
2025-11-13 09:38:21,704 INFO Optimizer INFO:
2025-11-13 09:38:21,705 INFO Using optimizer: adamw with lr=0.0006, weight_decay=5e-05
2025-11-13 09:38:21,705 INFO 
2025-11-13 09:38:21,705 INFO Dataset INFO:
2025-11-13 09:38:21,726 INFO Dataset length: 803
2025-11-13 09:38:21,726 INFO Class distribution in entire dataset:
2025-11-13 09:38:21,726 INFO   Class 0: 391
2025-11-13 09:38:21,726 INFO   Class 1: 43
2025-11-13 09:38:21,726 INFO   Class 2: 369
2025-11-13 09:38:21,726 INFO 
Using split method: stratified
2025-11-13 09:38:21,736 INFO 
Train set balance:
2025-11-13 09:38:21,736 INFO 
Val set balance:
2025-11-13 09:38:21,736 INFO Training set length: 642
2025-11-13 09:38:21,736 INFO Validation set length: 161
2025-11-13 09:38:21,736 INFO 
Using standard shuffle for training
2025-11-13 09:38:21,737 INFO Training loader: 107 batches
2025-11-13 09:38:21,737 INFO Validation loader: 27 batches
2025-11-13 09:38:21,737 INFO 
Class distribution in training set:
2025-11-13 09:38:21,737 INFO   Class 0: 313 (48.8%)
2025-11-13 09:38:21,737 INFO   Class 1: 34 (5.3%)
2025-11-13 09:38:21,737 INFO   Class 2: 295 (46.0%)
2025-11-13 09:38:21,737 INFO Class distribution in validation set:
2025-11-13 09:38:21,737 INFO   Class 0: 78 (48.4%)
2025-11-13 09:38:21,737 INFO   Class 1: 9 (5.6%)
2025-11-13 09:38:21,737 INFO   Class 2: 74 (46.0%)
2025-11-13 09:38:21,737 INFO **************************************************
2025-11-13 09:38:21,769 INFO Class weights: [ 6.837  62.941  7.254]
2025-11-13 09:38:21,769 INFO 
2025-11-13 09:38:21,769 INFO Using loss function: CE
2025-11-13 09:38:21,771 INFO **************************************************
2025-11-13 09:38:21,772 INFO Starting training...
2025-11-13 09:38:21,773 INFO 0 Thu Nov 13 09:38:21 2025 Epoch: 0
2025-11-13 09:44:04,499 INFO Final training 0/149, loss: 1.0583, time 342.73s, lr: 0.000000
Accuracy: 0.460
class                  precision    recall   specificity      f1   support
--------------------------------------------------------------------------
0                          0.000     0.000         1.000   0.000       313
1                          0.000     0.000         1.000   0.000        34
2                          0.460     1.000         0.000   0.630       295
*----------------------------------------*
2025-11-13 09:44:04,973 INFO 0 Thu Nov 13 09:44:04 2025 Epoch: 1
2025-11-13 09:49:32,639 INFO Final training 1/149, loss: 1.0137, time 327.67s, lr: 0.000150
Accuracy: 0.576
class                  precision    recall   specificity      f1   support
--------------------------------------------------------------------------
0                          0.632     0.537         0.702   0.580       313
1                          0.032     0.059         0.900   0.041        34
2                          0.639     0.678         0.674   0.658       295
*----------------------------------------*
2025-11-13 09:49:32,640 INFO 0 Thu Nov 13 09:49:32 2025 Epoch: 2
2025-11-13 09:54:56,174 INFO Final training 2/149, loss: 0.8881, time 323.53s, lr: 0.000300
Accuracy: 0.693
class                  precision    recall   specificity      f1   support
--------------------------------------------------------------------------
0                          0.720     0.732         0.729   0.726       313
1                          0.040     0.029         0.961   0.034        34
2                          0.719     0.729         0.758   0.724       295
*----------------------------------------*
2025-11-13 09:54:56,175 INFO 0 Thu Nov 13 09:54:56 2025 Epoch: 3
