2025-11-17 20:10:44,011 INFO Log directory: outputs/OrganoidsINRIA_reduced/resnet50/2025-11-17-20-10
2025-11-17 20:10:44,014 INFO {'RandFlipd_prob': 0.2,
 'RandRotate90d_prob': 0.2,
 'RandScaleIntensityd_prob': 0.1,
 'RandShiftIntensityd_prob': 0.1,
 'amp': True,
 'augmentation': True,
 'batch_size': 4,
 'cache_dataset': False,
 'checkpoint_path': None,
 'data_dir': '/home/mraffael/martone_project/Organoids_Dataset_256/',
 'dataset_name': 'OrganoidsINRIA_reduced',
 'debug': False,
 'debug_train_samples': 40,
 'debug_val_samples': 10,
 'dist_backend': 'nccl',
 'dist_url': 'tcp://127.0.0.1:23456',
 'distributed': False,
 'dropout_path_rate': 0.0,
 'dropout_rate': 0.0,
 'early_stopping': True,
 'encoder10_pth': '',
 'exact_class': False,
 'feature_size': 48,
 'fold': 0,
 'folds': False,
 'gpu': 0,
 'ignore_label': 3,
 'in_channels': 1,
 'infer_overlap': 0.5,
 'k_folds': 5,
 'logdir': 'test',
 'logs_dir': 'logs/',
 'loss_name': 'CE',
 'lrschedule': 'warmup_cosine',
 'max_epochs': 150,
 'min_delta_loss': 0.001,
 'min_delta_val': 0.01,
 'model_name': 'resnet50',
 'momentum': 0.99,
 'noamp': False,
 'norm_name': 'instance',
 'oar_id': 2123048,
 'optim_lr': 0.001,
 'optim_name': 'adamw',
 'out_channels': 1,
 'output_dir': 'outputs/',
 'patch_merging': False,
 'patience_loss': 40,
 'patience_val': 40,
 'pretrained_dir': './pretrained_models/resnet50/',
 'pretrained_model_name': 'resnet_50.pth',
 'rank': 0,
 'reg_weight': 5e-05,
 'restart_T0': 20,
 'resume_ckpt': False,
 'roi_x': 128,
 'roi_y': 128,
 'roi_z': 128,
 'save_checkpoint': True,
 'seed': 3,
 'similarity_loss': '',
 'similarity_loss_weight': 0.0,
 'spatial_dims': 3,
 'split_method': 'stratified',
 'start_epoch': 0,
 'sw_batch_size': 4,
 'telegram_log': True,
 'test_mode': False,
 'token': './token/tlg_token.txt',
 'use_checkpoint': False,
 'val_every': 2,
 'warmup_epochs': 4,
 'workers': 8,
 'world_size': 1}
2025-11-17 20:10:44,014 INFO 
2025-11-17 20:10:44,019 INFO Saved configuration to: outputs/OrganoidsINRIA_reduced/resnet50/2025-11-17-20-10/config.txt
2025-11-17 20:10:44,550 INFO Using GPU: 0
2025-11-17 20:10:44,550 INFO 
2025-11-17 20:10:44,550 INFO Model INFO:
2025-11-17 20:10:44,550 INFO Model architecture: resnet50
2025-11-17 20:10:44,911 INFO Using pretrained weights
2025-11-17 20:10:44,911 INFO => loading pretrained model './pretrained_models/resnet50/resnet_50.pth'
2025-11-17 20:10:46,607 INFO Missing keys when loading pretrained: 12
2025-11-17 20:10:46,608 INFO Using ResNet with Single Linear Classification Head
2025-11-17 20:10:46,608 INFO Total trainable parameters: 46,713,347
2025-11-17 20:10:46,651 INFO 
2025-11-17 20:10:46,651 INFO Optimizer INFO:
2025-11-17 20:10:46,651 INFO Using optimizer: adamw with lr=0.001, weight_decay=5e-05
2025-11-17 20:10:46,651 INFO 
2025-11-17 20:10:46,651 INFO Dataset INFO:
2025-11-17 20:10:46,659 INFO Dataset length: 721
2025-11-17 20:10:46,659 INFO Class distribution in entire dataset:
2025-11-17 20:10:46,659 INFO   Class 0: 351
2025-11-17 20:10:46,659 INFO   Class 1: 38
2025-11-17 20:10:46,659 INFO   Class 2: 332
2025-11-17 20:10:46,659 INFO 
Using split method: stratified
2025-11-17 20:10:46,661 INFO 
Train set balance:
2025-11-17 20:10:46,661 INFO 
Val set balance:
2025-11-17 20:10:46,661 INFO Training set length: 577
2025-11-17 20:10:46,662 INFO Validation set length: 144
2025-11-17 20:10:46,662 INFO 
Using standard shuffle for training
2025-11-17 20:10:46,662 INFO Training loader: 144 batches
2025-11-17 20:10:46,662 INFO Validation loader: 36 batches
2025-11-17 20:10:46,662 INFO 
Class distribution in training set:
2025-11-17 20:10:46,662 INFO   Class 0: 281 (48.7%)
2025-11-17 20:10:46,662 INFO   Class 1: 30 (5.2%)
2025-11-17 20:10:46,662 INFO   Class 2: 266 (46.1%)
2025-11-17 20:10:46,662 INFO Class distribution in validation set:
2025-11-17 20:10:46,662 INFO   Class 0: 70 (48.6%)
2025-11-17 20:10:46,662 INFO   Class 1: 8 (5.6%)
2025-11-17 20:10:46,662 INFO   Class 2: 66 (45.8%)
2025-11-17 20:10:46,662 INFO **************************************************
2025-11-17 20:10:46,672 INFO Class weights: [ 6.845  64.111  7.231]
2025-11-17 20:10:46,672 INFO 
2025-11-17 20:10:46,672 INFO Test Dataset INFO:
2025-11-17 20:10:46,675 INFO Test Dataset length: 82
2025-11-17 20:10:46,675 INFO Class distribution in test dataset:
2025-11-17 20:10:46,675 INFO   Class 0: 40
2025-11-17 20:10:46,675 INFO   Class 1: 5
2025-11-17 20:10:46,675 INFO   Class 2: 37
2025-11-17 20:10:46,676 INFO Test loader: 21 batches
2025-11-17 20:10:46,676 INFO **************************************************
2025-11-17 20:10:46,676 INFO 
2025-11-17 20:10:46,676 INFO Using loss function: CE
2025-11-17 20:10:46,679 INFO **************************************************
2025-11-17 20:10:46,679 INFO Starting training...
2025-11-17 20:10:46,681 INFO 0 Mon Nov 17 20:10:46 2025 Epoch: 1
2025-11-17 20:12:21,862 INFO Final training 1/150, loss: 1.1604, time 95.18s, lr: 0.000000
Accuracy: 0.052
class                  precision    recall   specificity      f1   support
--------------------------------------------------------------------------
0                          0.000     0.000         1.000   0.000       281
1                          0.052     1.000         0.000   0.099        30
2                          0.000     0.000         1.000   0.000       265
*----------------------------------------*
2025-11-17 20:12:22,310 INFO 0 Mon Nov 17 20:12:22 2025 Epoch: 2
2025-11-17 20:13:54,240 INFO Final training 2/150, loss: 1.0297, time 91.93s, lr: 0.000333
Accuracy: 0.457
class                  precision    recall   specificity      f1   support
--------------------------------------------------------------------------
0                          0.479     0.655         0.322   0.553       281
1                          0.000     0.000         0.978   0.000        30
2                          0.439     0.298         0.675   0.355       265
*----------------------------------------*
2025-11-17 20:14:10,393 INFO Final validation 2/150, Val_acc: 0.4799, time 16.15sAccuracy: 0.528
class                  precision    recall   specificity      f1   support
--------------------------------------------------------------------------
0                          0.582     0.457         0.689   0.512        70
1                          0.000     0.000         1.000   0.000         8
2                          0.494     0.667         0.423   0.568        66
*========================================*
2025-11-17 20:14:10,393 INFO New best (0.000000 --> 0.479938)
2025-11-17 20:14:14,825 INFO Copying best model to best_model.pt
2025-11-17 20:14:17,244 INFO 0 Mon Nov 17 20:14:17 2025 Epoch: 3
2025-11-17 20:15:49,777 INFO Final training 3/150, loss: 1.0675, time 92.53s, lr: 0.000667
Accuracy: 0.436
class                  precision    recall   specificity      f1   support
--------------------------------------------------------------------------
0                          0.449     0.423         0.505   0.436       281
1                          0.000     0.000         1.000   0.000        30
2                          0.424     0.498         0.424   0.458       265
*----------------------------------------*
2025-11-17 20:15:49,777 INFO 0 Mon Nov 17 20:15:49 2025 Epoch: 4
2025-11-17 20:17:19,415 INFO Final training 4/150, loss: 1.0818, time 89.64s, lr: 0.001000
Accuracy: 0.462
class                  precision    recall   specificity      f1   support
--------------------------------------------------------------------------
0                          0.480     0.521         0.466   0.500       280
1                          0.000     0.000         0.956   0.000        30
2                          0.484     0.451         0.587   0.467       266
*----------------------------------------*
2025-11-17 20:17:35,865 INFO Final validation 4/150, Val_acc: 0.4869, time 16.45sAccuracy: 0.535
class                  precision    recall   specificity      f1   support
--------------------------------------------------------------------------
0                          0.593     0.457         0.703   0.516        70
1                          0.000     0.000         1.000   0.000         8
2                          0.500     0.682         0.423   0.577        66
*========================================*
2025-11-17 20:17:35,866 INFO New best (0.479938 --> 0.486883)
2025-11-17 20:17:40,721 INFO Copying best model to best_model.pt
2025-11-17 20:17:43,208 INFO 0 Mon Nov 17 20:17:43 2025 Epoch: 5
2025-11-17 20:19:14,886 INFO Final training 5/150, loss: 1.0365, time 91.68s, lr: 0.001000
Accuracy: 0.462
class                  precision    recall   specificity      f1   support
--------------------------------------------------------------------------
0                          0.482     0.523         0.464   0.502       281
1                          0.000     0.000         1.000   0.000        29
2                          0.439     0.447         0.510   0.443       266
*----------------------------------------*
2025-11-17 20:19:14,886 INFO 0 Mon Nov 17 20:19:14 2025 Epoch: 6
2025-11-17 20:20:45,127 INFO Final training 6/150, loss: 1.0317, time 90.24s, lr: 0.001000
Accuracy: 0.458
class                  precision    recall   specificity      f1   support
--------------------------------------------------------------------------
0                          0.467     0.536         0.422   0.499       280
1                          0.000     0.000         1.000   0.000        30
2                          0.447     0.429         0.545   0.438       266
*----------------------------------------*
2025-11-17 20:21:01,064 INFO Final validation 6/150, Val_acc: 0.4448, time 15.94sAccuracy: 0.472
class                  precision    recall   specificity      f1   support
--------------------------------------------------------------------------
0                          0.512     0.300         0.730   0.378        70
1                          0.000     0.000         1.000   0.000         8
2                          0.456     0.712         0.282   0.556        66
*========================================*
2025-11-17 20:21:04,163 INFO 0 Mon Nov 17 20:21:04 2025 Epoch: 7
2025-11-17 20:22:31,541 INFO Final training 7/150, loss: 1.0380, time 87.38s, lr: 0.001000
Accuracy: 0.464
class                  precision    recall   specificity      f1   support
--------------------------------------------------------------------------
0                          0.473     0.527         0.441   0.498       281
1                          0.000     0.000         1.000   0.000        30
2                          0.452     0.449         0.537   0.451       265
*----------------------------------------*
2025-11-17 20:22:31,541 INFO 0 Mon Nov 17 20:22:31 2025 Epoch: 8
2025-11-17 20:24:01,460 INFO Final training 8/150, loss: 1.0081, time 89.92s, lr: 0.000999
Accuracy: 0.477
class                  precision    recall   specificity      f1   support
--------------------------------------------------------------------------
0                          0.487     0.484         0.515   0.486       281
1                          0.000     0.000         1.000   0.000        30
2                          0.468     0.525         0.492   0.495       265
*----------------------------------------*
2025-11-17 20:24:17,462 INFO Final validation 8/150, Val_acc: 0.5247, time 16.00sAccuracy: 0.549
class                  precision    recall   specificity      f1   support
--------------------------------------------------------------------------
0                          0.521     0.886         0.230   0.656        70
1                          0.000     0.000         1.000   0.000         8
2                          0.680     0.258         0.897   0.374        66
*========================================*
2025-11-17 20:24:17,463 INFO New best (0.486883 --> 0.524691)
2025-11-17 20:24:21,884 INFO Copying best model to best_model.pt
2025-11-17 20:24:24,418 INFO 0 Mon Nov 17 20:24:24 2025 Epoch: 9
2025-11-17 20:25:53,581 INFO Final training 9/150, loss: 1.0183, time 89.16s, lr: 0.000998
Accuracy: 0.490
class                  precision    recall   specificity      f1   support
--------------------------------------------------------------------------
0                          0.502     0.559         0.471   0.529       281
1                          0.000     0.000         1.000   0.000        30
2                          0.475     0.472         0.556   0.473       265
*----------------------------------------*
2025-11-17 20:25:53,581 INFO 0 Mon Nov 17 20:25:53 2025 Epoch: 10
2025-11-17 20:27:23,937 INFO Final training 10/150, loss: 1.0268, time 90.36s, lr: 0.000997
Accuracy: 0.464
class                  precision    recall   specificity      f1   support
--------------------------------------------------------------------------
0                          0.488     0.498         0.502   0.493       281
1                          0.059     0.033         0.971   0.043        30
2                          0.463     0.475         0.531   0.469       265
*----------------------------------------*
2025-11-17 20:27:40,191 INFO Final validation 10/150, Val_acc: 0.4398, time 16.25sAccuracy: 0.458
class                  precision    recall   specificity      f1   support
--------------------------------------------------------------------------
0                          0.000     0.000         1.000   0.000        70
1                          0.000     0.000         1.000   0.000         8
2                          0.458     1.000         0.000   0.629        66
*========================================*
2025-11-17 20:27:43,253 INFO 0 Mon Nov 17 20:27:43 2025 Epoch: 11
2025-11-17 20:29:14,274 INFO Final training 11/150, loss: 0.9665, time 91.02s, lr: 0.000996
Accuracy: 0.505
class                  precision    recall   specificity      f1   support
--------------------------------------------------------------------------
0                          0.508     0.580         0.464   0.542       281
1                          0.000     0.000         1.000   0.000        30
2                          0.502     0.483         0.592   0.492       265
*----------------------------------------*
2025-11-17 20:29:14,741 INFO 0 Mon Nov 17 20:29:14 2025 Epoch: 12
2025-11-17 20:30:47,832 INFO Final training 12/150, loss: 0.9653, time 93.09s, lr: 0.000994
Accuracy: 0.484
class                  precision    recall   specificity      f1   support
--------------------------------------------------------------------------
0                          0.511     0.593         0.463   0.549       280
1                          0.074     0.067         0.954   0.070        30
2                          0.496     0.417         0.635   0.453       266
*----------------------------------------*
2025-11-17 20:31:04,081 INFO Final validation 12/150, Val_acc: 0.2940, time 16.25sAccuracy: 0.333
class                  precision    recall   specificity      f1   support
--------------------------------------------------------------------------
0                          0.162     0.086         0.581   0.112        70
1                          0.000     0.000         1.000   0.000         8
2                          0.393     0.636         0.167   0.486        66
*========================================*
2025-11-17 20:31:07,222 INFO 0 Mon Nov 17 20:31:07 2025 Epoch: 13
2025-11-17 20:32:36,483 INFO Final training 13/150, loss: 0.9759, time 89.26s, lr: 0.000993
Accuracy: 0.502
class                  precision    recall   specificity      f1   support
--------------------------------------------------------------------------
0                          0.533     0.523         0.563   0.528       281
1                          0.071     0.033         0.976   0.045        30
2                          0.493     0.532         0.534   0.512       265
*----------------------------------------*
2025-11-17 20:32:36,483 INFO 0 Mon Nov 17 20:32:36 2025 Epoch: 14
2025-11-17 20:34:07,096 INFO Final training 14/150, loss: 0.9615, time 90.61s, lr: 0.000991
Accuracy: 0.502
class                  precision    recall   specificity      f1   support
--------------------------------------------------------------------------
0                          0.528     0.601         0.488   0.562       281
1                          0.000     0.000         0.974   0.000        30
2                          0.496     0.453         0.608   0.473       265
*----------------------------------------*
2025-11-17 20:34:23,712 INFO Final validation 14/150, Val_acc: 0.3191, time 16.62sAccuracy: 0.347
class                  precision    recall   specificity      f1   support
--------------------------------------------------------------------------
0                          0.152     0.071         0.622   0.097        70
1                          0.000     0.000         1.000   0.000         8
2                          0.405     0.682         0.154   0.508        66
*========================================*
2025-11-17 20:34:26,824 INFO 0 Mon Nov 17 20:34:26 2025 Epoch: 15
2025-11-17 20:35:59,021 INFO Final training 15/150, loss: 0.9060, time 92.20s, lr: 0.000988
Accuracy: 0.540
class                  precision    recall   specificity      f1   support
--------------------------------------------------------------------------
0                          0.569     0.530         0.617   0.549       281
1                          0.368     0.233         0.978   0.286        30
2                          0.525     0.585         0.550   0.554       265
*----------------------------------------*
2025-11-17 20:35:59,021 INFO 0 Mon Nov 17 20:35:59 2025 Epoch: 16
2025-11-17 20:37:26,240 INFO Final training 16/150, loss: 0.9217, time 87.22s, lr: 0.000986
Accuracy: 0.512
class                  precision    recall   specificity      f1   support
--------------------------------------------------------------------------
0                          0.558     0.584         0.559   0.570       281
1                          0.161     0.333         0.905   0.217        30
2                          0.550     0.457         0.682   0.499       265
*----------------------------------------*
2025-11-17 20:37:42,697 INFO Final validation 16/150, Val_acc: 0.4259, time 16.46sAccuracy: 0.472
class                  precision    recall   specificity      f1   support
--------------------------------------------------------------------------
0                          0.714     0.143         0.946   0.238        70
1                          0.353     0.750         0.919   0.480         8
2                          0.460     0.788         0.218   0.581        66
*========================================*
2025-11-17 20:37:45,799 INFO 0 Mon Nov 17 20:37:45 2025 Epoch: 17
2025-11-17 20:39:18,835 INFO Final training 17/150, loss: 0.9008, time 93.03s, lr: 0.000983
Accuracy: 0.488
class                  precision    recall   specificity      f1   support
--------------------------------------------------------------------------
0                          0.517     0.489         0.568   0.503       280
1                          0.196     0.367         0.918   0.256        30
2                          0.522     0.500         0.606   0.511       266
*----------------------------------------*
2025-11-17 20:39:18,835 INFO 0 Mon Nov 17 20:39:18 2025 Epoch: 18
2025-11-17 20:40:50,317 INFO Final training 18/150, loss: 0.8807, time 91.48s, lr: 0.000981
Accuracy: 0.526
class                  precision    recall   specificity      f1   support
--------------------------------------------------------------------------
0                          0.586     0.550         0.632   0.567       280
1                          0.200     0.500         0.890   0.286        30
2                          0.563     0.504         0.665   0.532       266
*----------------------------------------*
2025-11-17 20:41:06,455 INFO Final validation 18/150, Val_acc: 0.3013, time 16.14sAccuracy: 0.368
class                  precision    recall   specificity      f1   support
--------------------------------------------------------------------------
0                          0.328     0.271         0.473   0.297        70
1                          0.000     0.000         1.000   0.000         8
2                          0.395     0.515         0.333   0.447        66
*========================================*
2025-11-17 20:41:09,551 INFO 0 Mon Nov 17 20:41:09 2025 Epoch: 19
2025-11-17 20:42:42,017 INFO Final training 19/150, loss: 0.9108, time 92.46s, lr: 0.000977
Accuracy: 0.568
class                  precision    recall   specificity      f1   support
--------------------------------------------------------------------------
0                          0.630     0.632         0.649   0.631       280
1                          0.169     0.400         0.892   0.238        30
2                          0.616     0.519         0.723   0.563       266
*----------------------------------------*
2025-11-17 20:42:42,017 INFO 0 Mon Nov 17 20:42:42 2025 Epoch: 20
2025-11-17 20:44:10,025 INFO Final training 20/150, loss: 0.8745, time 88.01s, lr: 0.000974
Accuracy: 0.575
class                  precision    recall   specificity      f1   support
--------------------------------------------------------------------------
0                          0.632     0.527         0.708   0.575       281
1                          0.255     0.448         0.931   0.325        29
2                          0.584     0.639         0.610   0.610       266
*----------------------------------------*
2025-11-17 20:44:26,001 INFO Final validation 20/150, Val_acc: 0.4495, time 15.98sAccuracy: 0.521
class                  precision    recall   specificity      f1   support
--------------------------------------------------------------------------
0                          0.509     0.786         0.284   0.618        70
1                          0.000     0.000         1.000   0.000         8
2                          0.556     0.303         0.795   0.392        66
*========================================*
2025-11-17 20:44:29,035 INFO 0 Mon Nov 17 20:44:29 2025 Epoch: 21
2025-11-17 20:46:00,388 INFO Final training 21/150, loss: 0.8606, time 91.35s, lr: 0.000971
Accuracy: 0.595
class                  precision    recall   specificity      f1   support
--------------------------------------------------------------------------
0                          0.620     0.655         0.617   0.637       281
1                          0.255     0.467         0.925   0.329        30
2                          0.647     0.547         0.746   0.593       265
*----------------------------------------*
2025-11-17 20:46:00,817 INFO 0 Mon Nov 17 20:46:00 2025 Epoch: 22
2025-11-17 20:47:30,756 INFO Final training 22/150, loss: 0.8507, time 89.94s, lr: 0.000967
Accuracy: 0.615
class                  precision    recall   specificity      f1   support
--------------------------------------------------------------------------
0                          0.662     0.648         0.685   0.655       281
1                          0.175     0.233         0.940   0.200        30
2                          0.632     0.623         0.691   0.627       265
*----------------------------------------*
2025-11-17 20:47:47,296 INFO Final validation 22/150, Val_acc: 0.3850, time 16.54sAccuracy: 0.472
class                  precision    recall   specificity      f1   support
--------------------------------------------------------------------------
0                          0.475     0.671         0.297   0.556        70
1                          0.000     0.000         1.000   0.000         8
2                          0.467     0.318         0.692   0.378        66
*========================================*
2025-11-17 20:47:50,469 INFO 0 Mon Nov 17 20:47:50 2025 Epoch: 23
2025-11-17 20:49:21,692 INFO Final training 23/150, loss: 0.8164, time 91.22s, lr: 0.000963
Accuracy: 0.608
class                  precision    recall   specificity      f1   support
--------------------------------------------------------------------------
0                          0.639     0.648         0.651   0.643       281
1                          0.275     0.467         0.932   0.346        30
2                          0.642     0.581         0.723   0.610       265
*----------------------------------------*
2025-11-17 20:49:21,692 INFO 0 Mon Nov 17 20:49:21 2025 Epoch: 24
2025-11-17 20:50:51,239 INFO Final training 24/150, loss: 0.8108, time 89.55s, lr: 0.000959
Accuracy: 0.628
class                  precision    recall   specificity      f1   support
--------------------------------------------------------------------------
0                          0.687     0.673         0.708   0.680       281
1                          0.257     0.600         0.905   0.360        30
2                          0.671     0.585         0.756   0.625       265
*----------------------------------------*
2025-11-17 20:51:07,494 INFO Final validation 24/150, Val_acc: 0.4402, time 16.26sAccuracy: 0.514
class                  precision    recall   specificity      f1   support
--------------------------------------------------------------------------
0                          0.510     0.757         0.311   0.609        70
1                          0.000     0.000         0.993   0.000         8
2                          0.538     0.318         0.769   0.400        66
*========================================*
2025-11-17 20:51:10,591 INFO 0 Mon Nov 17 20:51:10 2025 Epoch: 25
2025-11-17 20:52:41,124 INFO Final training 25/150, loss: 0.7838, time 90.53s, lr: 0.000954
Accuracy: 0.642
class                  precision    recall   specificity      f1   support
--------------------------------------------------------------------------
0                          0.697     0.664         0.726   0.680       280
1                          0.302     0.633         0.919   0.409        30
2                          0.671     0.620         0.739   0.645       266
*----------------------------------------*
2025-11-17 20:52:41,124 INFO 0 Mon Nov 17 20:52:41 2025 Epoch: 26
2025-11-17 20:54:11,295 INFO Final training 26/150, loss: 0.7678, time 90.17s, lr: 0.000950
Accuracy: 0.620
class                  precision    recall   specificity      f1   support
--------------------------------------------------------------------------
0                          0.654     0.636         0.682   0.645       280
1                          0.321     0.600         0.930   0.419        30
2                          0.649     0.605         0.719   0.626       266
*----------------------------------------*
2025-11-17 20:54:27,772 INFO Final validation 26/150, Val_acc: 0.4715, time 16.48sAccuracy: 0.542
class                  precision    recall   specificity      f1   support
--------------------------------------------------------------------------
0                          0.522     0.857         0.257   0.649        70
1                          0.000     0.000         1.000   0.000         8
2                          0.621     0.273         0.859   0.379        66
*========================================*
2025-11-17 20:54:30,915 INFO 0 Mon Nov 17 20:54:30 2025 Epoch: 27
2025-11-17 20:56:01,455 INFO Final training 27/150, loss: 0.7667, time 90.54s, lr: 0.000945
Accuracy: 0.648
class                  precision    recall   specificity      f1   support
--------------------------------------------------------------------------
0                          0.690     0.712         0.695   0.701       281
1                          0.286     0.667         0.908   0.400        30
2                          0.708     0.577         0.797   0.636       265
*----------------------------------------*
2025-11-17 20:56:01,456 INFO 0 Mon Nov 17 20:56:01 2025 Epoch: 28
2025-11-17 20:57:31,173 INFO Final training 28/150, loss: 0.7399, time 89.72s, lr: 0.000940
Accuracy: 0.698
class                  precision    recall   specificity      f1   support
--------------------------------------------------------------------------
0                          0.745     0.750         0.757   0.747       280
1                          0.265     0.433         0.934   0.329        30
2                          0.731     0.673         0.787   0.701       266
*----------------------------------------*
2025-11-17 20:57:47,175 INFO Final validation 28/150, Val_acc: 0.4186, time 16.00sAccuracy: 0.521
class                  precision    recall   specificity      f1   support
--------------------------------------------------------------------------
0                          0.593     0.729         0.527   0.654        70
1                          0.059     0.125         0.882   0.080         8
2                          0.561     0.348         0.769   0.430        66
*========================================*
2025-11-17 20:57:50,237 INFO 0 Mon Nov 17 20:57:50 2025 Epoch: 29
2025-11-17 20:59:21,125 INFO Final training 29/150, loss: 0.7250, time 90.89s, lr: 0.000935
Accuracy: 0.660
class                  precision    recall   specificity      f1   support
--------------------------------------------------------------------------
0                          0.699     0.704         0.713   0.701       280
1                          0.293     0.567         0.925   0.386        30
2                          0.703     0.624         0.774   0.661       266
*----------------------------------------*
2025-11-17 20:59:21,126 INFO 0 Mon Nov 17 20:59:21 2025 Epoch: 30
2025-11-17 21:00:50,705 INFO Final training 30/150, loss: 0.7541, time 89.58s, lr: 0.000929
Accuracy: 0.668
class                  precision    recall   specificity      f1   support
--------------------------------------------------------------------------
0                          0.705     0.705         0.719   0.705       281
1                          0.306     0.517         0.938   0.385        29
2                          0.699     0.647         0.761   0.672       266
*----------------------------------------*
2025-11-17 21:01:06,793 INFO Final validation 30/150, Val_acc: 0.4340, time 16.09sAccuracy: 0.514
class                  precision    recall   specificity      f1   support
--------------------------------------------------------------------------
0                          0.529     0.786         0.338   0.632        70
1                          0.000     0.000         0.963   0.000         8
2                          0.543     0.288         0.795   0.376        66
*========================================*
2025-11-17 21:01:09,910 INFO 0 Mon Nov 17 21:01:09 2025 Epoch: 31
2025-11-17 21:02:39,466 INFO Final training 31/150, loss: 0.7388, time 89.56s, lr: 0.000924
Accuracy: 0.693
class                  precision    recall   specificity      f1   support
--------------------------------------------------------------------------
0                          0.727     0.732         0.740   0.730       280
1                          0.356     0.533         0.947   0.427        30
2                          0.715     0.669         0.771   0.691       266
*----------------------------------------*
2025-11-17 21:02:39,916 INFO 0 Mon Nov 17 21:02:39 2025 Epoch: 32
2025-11-17 21:04:10,956 INFO Final training 32/150, loss: 0.7293, time 91.04s, lr: 0.000918
Accuracy: 0.667
class                  precision    recall   specificity      f1   support
--------------------------------------------------------------------------
0                          0.699     0.719         0.705   0.709       281
1                          0.291     0.552         0.929   0.381        29
2                          0.716     0.624         0.787   0.667       266
*----------------------------------------*
2025-11-17 21:04:26,841 INFO Final validation 32/150, Val_acc: 0.4518, time 15.88sAccuracy: 0.528
class                  precision    recall   specificity      f1   support
--------------------------------------------------------------------------
0                          0.519     0.800         0.297   0.629        70
1                          0.000     0.000         0.993   0.000         8
2                          0.571     0.303         0.808   0.396        66
*========================================*
2025-11-17 21:04:29,918 INFO 0 Mon Nov 17 21:04:29 2025 Epoch: 33
2025-11-17 21:05:58,087 INFO Final training 33/150, loss: 0.6337, time 88.17s, lr: 0.000912
Accuracy: 0.729
class                  precision    recall   specificity      f1   support
--------------------------------------------------------------------------
0                          0.753     0.769         0.759   0.761       281
1                          0.446     0.833         0.943   0.581        30
2                          0.768     0.675         0.826   0.719       265
*----------------------------------------*
2025-11-17 21:05:58,087 INFO 0 Mon Nov 17 21:05:58 2025 Epoch: 34
2025-11-17 21:07:30,715 INFO Final training 34/150, loss: 0.6934, time 92.63s, lr: 0.000906
Accuracy: 0.700
class                  precision    recall   specificity      f1   support
--------------------------------------------------------------------------
0                          0.739     0.757         0.747   0.748       280
1                          0.306     0.633         0.921   0.413        30
2                          0.758     0.647         0.823   0.698       266
*----------------------------------------*
2025-11-17 21:07:47,061 INFO Final validation 34/150, Val_acc: 0.4333, time 16.35sAccuracy: 0.507
class                  precision    recall   specificity      f1   support
--------------------------------------------------------------------------
0                          0.567     0.543         0.608   0.555        70
1                          0.100     0.125         0.934   0.111         8
2                          0.507     0.515         0.577   0.511        66
*========================================*
2025-11-17 21:07:50,094 INFO 0 Mon Nov 17 21:07:50 2025 Epoch: 35
2025-11-17 21:09:20,971 INFO Final training 35/150, loss: 0.6787, time 90.88s, lr: 0.000899
Accuracy: 0.714
class                  precision    recall   specificity      f1   support
--------------------------------------------------------------------------
0                          0.754     0.768         0.764   0.761       280
1                          0.291     0.533         0.929   0.376        30
2                          0.763     0.677         0.819   0.717       266
*----------------------------------------*
2025-11-17 21:09:20,971 INFO 0 Mon Nov 17 21:09:20 2025 Epoch: 36
2025-11-17 21:10:53,747 INFO Final training 36/150, loss: 0.6691, time 92.78s, lr: 0.000893
Accuracy: 0.682
class                  precision    recall   specificity      f1   support
--------------------------------------------------------------------------
0                          0.750     0.694         0.780   0.721       281
1                          0.263     0.690         0.898   0.381        29
2                          0.742     0.669         0.800   0.704       266
*----------------------------------------*
2025-11-17 21:11:10,068 INFO Final validation 36/150, Val_acc: 0.4668, time 16.32sAccuracy: 0.542
class                  precision    recall   specificity      f1   support
--------------------------------------------------------------------------
0                          0.527     0.843         0.284   0.648        70
1                          0.000     0.000         0.993   0.000         8
2                          0.613     0.288         0.846   0.392        66
*========================================*
2025-11-17 21:11:13,100 INFO 0 Mon Nov 17 21:11:13 2025 Epoch: 37
2025-11-17 21:12:40,965 INFO Final training 37/150, loss: 0.6712, time 87.86s, lr: 0.000886
Accuracy: 0.696
class                  precision    recall   specificity      f1   support
--------------------------------------------------------------------------
0                          0.717     0.722         0.729   0.720       281
1                          0.386     0.567         0.951   0.459        30
2                          0.727     0.683         0.781   0.704       265
*----------------------------------------*
2025-11-17 21:12:40,965 INFO 0 Mon Nov 17 21:12:40 2025 Epoch: 38
2025-11-17 21:14:11,581 INFO Final training 38/150, loss: 0.6824, time 90.62s, lr: 0.000879
Accuracy: 0.703
class                  precision    recall   specificity      f1   support
--------------------------------------------------------------------------
0                          0.750     0.758         0.759   0.754       281
1                          0.276     0.533         0.923   0.364        30
2                          0.752     0.664         0.814   0.705       265
*----------------------------------------*
2025-11-17 21:14:27,496 INFO Final validation 38/150, Val_acc: 0.4765, time 15.91sAccuracy: 0.562
class                  precision    recall   specificity      f1   support
--------------------------------------------------------------------------
0                          0.581     0.771         0.473   0.663        70
1                          0.222     0.250         0.949   0.235         8
2                          0.595     0.379         0.782   0.463        66
*========================================*
2025-11-17 21:14:30,543 INFO 0 Mon Nov 17 21:14:30 2025 Epoch: 39
2025-11-17 21:16:02,264 INFO Final training 39/150, loss: 0.5985, time 91.72s, lr: 0.000872
Accuracy: 0.734
class                  precision    recall   specificity      f1   support
--------------------------------------------------------------------------
0                          0.768     0.765         0.780   0.766       281
1                          0.396     0.700         0.941   0.506        30
2                          0.770     0.706         0.820   0.736       265
*----------------------------------------*
2025-11-17 21:16:02,265 INFO 0 Mon Nov 17 21:16:02 2025 Epoch: 40
2025-11-17 21:17:31,130 INFO Final training 40/150, loss: 0.6295, time 88.87s, lr: 0.000865
Accuracy: 0.708
class                  precision    recall   specificity      f1   support
--------------------------------------------------------------------------
0                          0.762     0.740         0.780   0.751       281
1                          0.344     0.700         0.927   0.462        30
2                          0.740     0.675         0.797   0.706       265
*----------------------------------------*
2025-11-17 21:17:48,044 INFO Final validation 40/150, Val_acc: 0.4448, time 16.91sAccuracy: 0.521
class                  precision    recall   specificity      f1   support
--------------------------------------------------------------------------
0                          0.514     0.800         0.284   0.626        70
1                          0.000     0.000         0.993   0.000         8
2                          0.559     0.288         0.808   0.380        66
*========================================*
2025-11-17 21:17:51,175 INFO 0 Mon Nov 17 21:17:51 2025 Epoch: 41
2025-11-17 21:19:22,893 INFO Final training 41/150, loss: 0.6348, time 91.72s, lr: 0.000857
Accuracy: 0.707
class                  precision    recall   specificity      f1   support
--------------------------------------------------------------------------
0                          0.737     0.732         0.753   0.735       280
1                          0.373     0.733         0.932   0.494        30
2                          0.753     0.677         0.810   0.713       266
*----------------------------------------*
2025-11-17 21:19:23,402 INFO 0 Mon Nov 17 21:19:23 2025 Epoch: 42
2025-11-17 21:20:53,402 INFO Final training 42/150, loss: 0.6315, time 90.00s, lr: 0.000850
Accuracy: 0.741
class                  precision    recall   specificity      f1   support
--------------------------------------------------------------------------
0                          0.783     0.769         0.797   0.776       281
1                          0.400     0.733         0.940   0.518        30
2                          0.771     0.713         0.820   0.741       265
*----------------------------------------*
2025-11-17 21:21:10,113 INFO Final validation 42/150, Val_acc: 0.4248, time 16.71sAccuracy: 0.507
class                  precision    recall   specificity      f1   support
--------------------------------------------------------------------------
0                          0.505     0.729         0.324   0.596        70
1                          0.000     0.000         0.993   0.000         8
2                          0.524     0.333         0.744   0.407        66
*========================================*
2025-11-17 21:21:13,353 INFO 0 Mon Nov 17 21:21:13 2025 Epoch: 43
2025-11-17 21:22:43,069 INFO Final training 43/150, loss: 0.5877, time 89.72s, lr: 0.000842
Accuracy: 0.757
class                  precision    recall   specificity      f1   support
--------------------------------------------------------------------------
0                          0.771     0.804         0.773   0.787       281
1                          0.442     0.767         0.947   0.561        30
2                          0.810     0.706         0.859   0.754       265
*----------------------------------------*
2025-11-17 21:22:43,069 INFO 0 Mon Nov 17 21:22:43 2025 Epoch: 44
2025-11-17 21:24:13,049 INFO Final training 44/150, loss: 0.5543, time 89.98s, lr: 0.000834
Accuracy: 0.774
class                  precision    recall   specificity      f1   support
--------------------------------------------------------------------------
0                          0.788     0.811         0.794   0.799       280
1                          0.489     0.733         0.958   0.587        30
2                          0.811     0.741         0.852   0.774       266
*----------------------------------------*
2025-11-17 21:24:29,211 INFO Final validation 44/150, Val_acc: 0.4919, time 16.16sAccuracy: 0.569
class                  precision    recall   specificity      f1   support
--------------------------------------------------------------------------
0                          0.639     0.757         0.595   0.693        70
1                          0.273     0.750         0.882   0.400         8
2                          0.590     0.348         0.795   0.438        66
*========================================*
2025-11-17 21:24:32,586 INFO 0 Mon Nov 17 21:24:32 2025 Epoch: 45
2025-11-17 21:26:05,812 INFO Final training 45/150, loss: 0.6519, time 93.23s, lr: 0.000826
Accuracy: 0.722
class                  precision    recall   specificity      f1   support
--------------------------------------------------------------------------
0                          0.763     0.769         0.773   0.766       281
1                          0.358     0.633         0.938   0.458        30
2                          0.754     0.683         0.810   0.717       265
*----------------------------------------*
2025-11-17 21:26:05,812 INFO 0 Mon Nov 17 21:26:05 2025 Epoch: 46
2025-11-17 21:27:35,163 INFO Final training 46/150, loss: 0.5940, time 89.35s, lr: 0.000818
Accuracy: 0.750
class                  precision    recall   specificity      f1   support
--------------------------------------------------------------------------
0                          0.782     0.765         0.797   0.773       281
1                          0.451     0.767         0.949   0.568        30
2                          0.776     0.732         0.820   0.753       265
*----------------------------------------*
2025-11-17 21:27:51,189 INFO Final validation 46/150, Val_acc: 0.4387, time 16.03sAccuracy: 0.521
class                  precision    recall   specificity      f1   support
--------------------------------------------------------------------------
0                          0.519     0.800         0.297   0.629        70
1                          0.000     0.000         0.985   0.000         8
2                          0.559     0.288         0.808   0.380        66
*========================================*
2025-11-17 21:27:54,222 INFO 0 Mon Nov 17 21:27:54 2025 Epoch: 47
2025-11-17 21:29:30,494 INFO Final training 47/150, loss: 0.5600, time 96.27s, lr: 0.000809
Accuracy: 0.774
class                  precision    recall   specificity      f1   support
--------------------------------------------------------------------------
0                          0.800     0.814         0.807   0.807       280
1                          0.404     0.633         0.949   0.494        30
2                          0.816     0.748         0.855   0.780       266
*----------------------------------------*
2025-11-17 21:29:30,494 INFO 0 Mon Nov 17 21:29:30 2025 Epoch: 48
2025-11-17 21:31:02,576 INFO Final training 48/150, loss: 0.5450, time 92.08s, lr: 0.000801
Accuracy: 0.773
class                  precision    recall   specificity      f1   support
--------------------------------------------------------------------------
0                          0.791     0.825         0.794   0.808       280
1                          0.440     0.733         0.949   0.550        30
2                          0.821     0.722         0.865   0.768       266
*----------------------------------------*
2025-11-17 21:31:18,843 INFO Final validation 48/150, Val_acc: 0.4456, time 16.27sAccuracy: 0.535
class                  precision    recall   specificity      f1   support
--------------------------------------------------------------------------
0                          0.537     0.829         0.324   0.652        70
1                          0.000     0.000         0.941   0.000         8
2                          0.679     0.288         0.885   0.404        66
*========================================*
2025-11-17 21:31:21,993 INFO 0 Mon Nov 17 21:31:21 2025 Epoch: 49
2025-11-17 21:32:55,427 INFO Final training 49/150, loss: 0.5815, time 93.43s, lr: 0.000792
Accuracy: 0.755
class                  precision    recall   specificity      f1   support
--------------------------------------------------------------------------
0                          0.802     0.808         0.810   0.805       281
1                          0.345     0.667         0.930   0.455        30
2                          0.800     0.709         0.849   0.752       265
*----------------------------------------*
2025-11-17 21:32:55,427 INFO 0 Mon Nov 17 21:32:55 2025 Epoch: 50
2025-11-17 21:34:26,502 INFO Final training 50/150, loss: 0.5291, time 91.07s, lr: 0.000783
Accuracy: 0.757
class                  precision    recall   specificity      f1   support
--------------------------------------------------------------------------
0                          0.772     0.819         0.769   0.794       281
1                          0.457     0.700         0.954   0.553        30
2                          0.797     0.698         0.849   0.744       265
*----------------------------------------*
2025-11-17 21:34:42,928 INFO Final validation 50/150, Val_acc: 0.4394, time 16.43sAccuracy: 0.528
class                  precision    recall   specificity      f1   support
--------------------------------------------------------------------------
0                          0.533     0.800         0.338   0.640        70
1                          0.000     0.000         0.971   0.000         8
2                          0.571     0.303         0.808   0.396        66
*========================================*
2025-11-17 21:34:45,942 INFO 0 Mon Nov 17 21:34:45 2025 Epoch: 51
2025-11-17 21:36:20,579 INFO Final training 51/150, loss: 0.5044, time 94.64s, lr: 0.000774
Accuracy: 0.802
class                  precision    recall   specificity      f1   support
--------------------------------------------------------------------------
0                          0.830     0.854         0.834   0.842       281
1                          0.426     0.667         0.951   0.519        30
2                          0.842     0.762         0.878   0.800       265
*----------------------------------------*
2025-11-17 21:36:21,029 INFO 0 Mon Nov 17 21:36:21 2025 Epoch: 52
2025-11-17 21:37:48,815 INFO Final training 52/150, loss: 0.5329, time 87.79s, lr: 0.000765
Accuracy: 0.781
class                  precision    recall   specificity      f1   support
--------------------------------------------------------------------------
0                          0.825     0.811         0.838   0.818       280
1                          0.382     0.700         0.938   0.494        30
2                          0.821     0.759         0.858   0.789       266
*----------------------------------------*
2025-11-17 21:38:04,969 INFO Final validation 52/150, Val_acc: 0.3781, time 16.15sAccuracy: 0.458
class                  precision    recall   specificity      f1   support
--------------------------------------------------------------------------
0                          0.627     0.529         0.703   0.574        70
1                          0.130     0.750         0.706   0.222         8
2                          0.590     0.348         0.795   0.438        66
*========================================*
2025-11-17 21:38:08,019 INFO 0 Mon Nov 17 21:38:08 2025 Epoch: 53
2025-11-17 21:39:40,372 INFO Final training 53/150, loss: 0.5372, time 92.35s, lr: 0.000756
Accuracy: 0.778
class                  precision    recall   specificity      f1   support
--------------------------------------------------------------------------
0                          0.828     0.804         0.841   0.816       281
1                          0.400     0.733         0.940   0.518        30
2                          0.806     0.755         0.846   0.780       265
*----------------------------------------*
2025-11-17 21:39:40,372 INFO 0 Mon Nov 17 21:39:40 2025 Epoch: 54
2025-11-17 21:41:09,198 INFO Final training 54/150, loss: 0.5516, time 88.83s, lr: 0.000747
Accuracy: 0.785
class                  precision    recall   specificity      f1   support
--------------------------------------------------------------------------
0                          0.808     0.829         0.814   0.818       280
1                          0.488     0.700         0.960   0.575        30
2                          0.809     0.748         0.848   0.777       266
*----------------------------------------*
2025-11-17 21:41:24,562 INFO Final validation 54/150, Val_acc: 0.4425, time 15.36sAccuracy: 0.521
class                  precision    recall   specificity      f1   support
--------------------------------------------------------------------------
0                          0.524     0.786         0.324   0.629        70
1                          0.200     0.125         0.971   0.154         8
2                          0.559     0.288         0.808   0.380        66
*========================================*
2025-11-17 21:41:27,659 INFO 0 Mon Nov 17 21:41:27 2025 Epoch: 55
2025-11-17 21:43:01,376 INFO Final training 55/150, loss: 0.4923, time 93.72s, lr: 0.000737
Accuracy: 0.816
class                  precision    recall   specificity      f1   support
--------------------------------------------------------------------------
0                          0.843     0.843         0.851   0.843       280
1                          0.489     0.733         0.958   0.587        30
2                          0.845     0.797         0.874   0.820       266
*----------------------------------------*
2025-11-17 21:43:01,377 INFO 0 Mon Nov 17 21:43:01 2025 Epoch: 56
2025-11-17 21:44:34,151 INFO Final training 56/150, loss: 0.5030, time 92.77s, lr: 0.000728
Accuracy: 0.783
class                  precision    recall   specificity      f1   support
--------------------------------------------------------------------------
0                          0.821     0.819         0.831   0.820       281
1                          0.438     0.700         0.951   0.538        30
2                          0.806     0.755         0.846   0.780       265
*----------------------------------------*
2025-11-17 21:44:49,735 INFO Final validation 56/150, Val_acc: 0.4132, time 15.58sAccuracy: 0.493
class                  precision    recall   specificity      f1   support
--------------------------------------------------------------------------
0                          0.500     0.657         0.378   0.568        70
1                          0.000     0.000         0.985   0.000         8
2                          0.500     0.379         0.679   0.431        66
*========================================*
2025-11-17 21:44:52,753 INFO 0 Mon Nov 17 21:44:52 2025 Epoch: 57
2025-11-17 21:46:23,092 INFO Final training 57/150, loss: 0.5835, time 90.34s, lr: 0.000718
Accuracy: 0.774
class                  precision    recall   specificity      f1   support
--------------------------------------------------------------------------
0                          0.807     0.804         0.817   0.806       281
1                          0.417     0.667         0.949   0.513        30
2                          0.806     0.755         0.846   0.780       265
*----------------------------------------*
2025-11-17 21:46:23,092 INFO 0 Mon Nov 17 21:46:23 2025 Epoch: 58
2025-11-17 21:47:55,654 INFO Final training 58/150, loss: 0.5008, time 92.56s, lr: 0.000709
Accuracy: 0.799
class                  precision    recall   specificity      f1   support
--------------------------------------------------------------------------
0                          0.819     0.825         0.828   0.822       280
1                          0.545     0.800         0.963   0.649        30
2                          0.820     0.771         0.855   0.795       266
*----------------------------------------*
2025-11-17 21:48:11,627 INFO Final validation 58/150, Val_acc: 0.3819, time 15.97sAccuracy: 0.444
class                  precision    recall   specificity      f1   support
--------------------------------------------------------------------------
0                          0.674     0.414         0.811   0.513        70
1                          0.159     0.875         0.728   0.269         8
2                          0.491     0.424         0.628   0.455        66
*========================================*
2025-11-17 21:48:14,831 INFO 0 Mon Nov 17 21:48:14 2025 Epoch: 59
2025-11-17 21:49:47,210 INFO Final training 59/150, loss: 0.4934, time 92.38s, lr: 0.000699
Accuracy: 0.797
class                  precision    recall   specificity      f1   support
--------------------------------------------------------------------------
0                          0.835     0.811         0.847   0.823       281
1                          0.440     0.733         0.949   0.550        30
2                          0.826     0.789         0.859   0.807       265
*----------------------------------------*
2025-11-17 21:49:47,210 INFO 0 Mon Nov 17 21:49:47 2025 Epoch: 60
2025-11-17 21:51:20,243 INFO Final training 60/150, loss: 0.4642, time 93.03s, lr: 0.000689
Accuracy: 0.826
class                  precision    recall   specificity      f1   support
--------------------------------------------------------------------------
0                          0.855     0.861         0.861   0.858       280
1                          0.471     0.800         0.951   0.593        30
2                          0.868     0.793         0.897   0.829       266
*----------------------------------------*
2025-11-17 21:51:36,343 INFO Final validation 60/150, Val_acc: 0.4186, time 16.10sAccuracy: 0.507
class                  precision    recall   specificity      f1   support
--------------------------------------------------------------------------
0                          0.527     0.686         0.419   0.596        70
1                          0.222     0.250         0.949   0.235         8
2                          0.523     0.348         0.731   0.418        66
*========================================*
2025-11-17 21:51:39,376 INFO 0 Mon Nov 17 21:51:39 2025 Epoch: 61
2025-11-17 21:53:07,638 INFO Final training 61/150, loss: 0.4420, time 88.26s, lr: 0.000679
Accuracy: 0.833
class                  precision    recall   specificity      f1   support
--------------------------------------------------------------------------
0                          0.871     0.861         0.878   0.866       281
1                          0.490     0.862         0.952   0.625        29
2                          0.862     0.801         0.890   0.830       266
*----------------------------------------*
2025-11-17 21:53:08,136 INFO 0 Mon Nov 17 21:53:08 2025 Epoch: 62
2025-11-17 21:54:39,455 INFO Final training 62/150, loss: 0.4574, time 91.32s, lr: 0.000669
Accuracy: 0.825
class                  precision    recall   specificity      f1   support
--------------------------------------------------------------------------
0                          0.853     0.868         0.858   0.860       280
1                          0.472     0.833         0.949   0.602        30
2                          0.870     0.778         0.900   0.821       266
*----------------------------------------*
2025-11-17 21:54:55,466 INFO Final validation 62/150, Val_acc: 0.4587, time 16.01sAccuracy: 0.549
class                  precision    recall   specificity      f1   support
--------------------------------------------------------------------------
0                          0.540     0.871         0.297   0.667        70
1                          0.000     0.000         0.956   0.000         8
2                          0.720     0.273         0.910   0.396        66
*========================================*
2025-11-17 21:54:58,521 INFO 0 Mon Nov 17 21:54:58 2025 Epoch: 63
2025-11-17 21:56:27,907 INFO Final training 63/150, loss: 0.4665, time 89.39s, lr: 0.000659
Accuracy: 0.816
class                  precision    recall   specificity      f1   support
--------------------------------------------------------------------------
0                          0.829     0.850         0.834   0.840       280
1                          0.545     0.800         0.963   0.649        30
2                          0.849     0.782         0.881   0.814       266
*----------------------------------------*
2025-11-17 21:56:27,907 INFO 0 Mon Nov 17 21:56:27 2025 Epoch: 64
2025-11-17 21:58:01,838 INFO Final training 64/150, loss: 0.4440, time 93.93s, lr: 0.000648
Accuracy: 0.837
class                  precision    recall   specificity      f1   support
--------------------------------------------------------------------------
0                          0.851     0.879         0.855   0.865       280
1                          0.556     0.833         0.963   0.667        30
2                          0.872     0.793         0.900   0.831       266
*----------------------------------------*
2025-11-17 21:58:18,454 INFO Final validation 64/150, Val_acc: 0.4456, time 16.62sAccuracy: 0.535
class                  precision    recall   specificity      f1   support
--------------------------------------------------------------------------
0                          0.620     0.700         0.595   0.658        70
1                          0.200     0.625         0.853   0.303         8
2                          0.575     0.348         0.782   0.434        66
*========================================*
2025-11-17 21:58:21,507 INFO 0 Mon Nov 17 21:58:21 2025 Epoch: 65
2025-11-17 21:59:53,220 INFO Final training 65/150, loss: 0.4308, time 91.71s, lr: 0.000638
Accuracy: 0.842
class                  precision    recall   specificity      f1   support
--------------------------------------------------------------------------
0                          0.884     0.872         0.892   0.878       281
1                          0.444     0.800         0.945   0.571        30
2                          0.882     0.815         0.907   0.847       265
*----------------------------------------*
2025-11-17 21:59:53,220 INFO 0 Mon Nov 17 21:59:53 2025 Epoch: 66
2025-11-17 22:01:23,047 INFO Final training 66/150, loss: 0.4246, time 89.83s, lr: 0.000628
Accuracy: 0.840
class                  precision    recall   specificity      f1   support
--------------------------------------------------------------------------
0                          0.854     0.875         0.858   0.864       280
1                          0.595     0.833         0.969   0.694        30
2                          0.866     0.805         0.894   0.834       266
*----------------------------------------*
2025-11-17 22:01:39,571 INFO Final validation 66/150, Val_acc: 0.3827, time 16.52sAccuracy: 0.458
class                  precision    recall   specificity      f1   support
--------------------------------------------------------------------------
0                          0.548     0.571         0.554   0.559        70
1                          0.158     0.750         0.765   0.261         8
2                          0.606     0.303         0.833   0.404        66
*========================================*
2025-11-17 22:01:42,599 INFO 0 Mon Nov 17 22:01:42 2025 Epoch: 67
2025-11-17 22:03:14,665 INFO Final training 67/150, loss: 0.4485, time 92.07s, lr: 0.000617
Accuracy: 0.818
class                  precision    recall   specificity      f1   support
--------------------------------------------------------------------------
0                          0.844     0.847         0.851   0.845       281
1                          0.444     0.800         0.945   0.571        30
2                          0.871     0.789         0.900   0.828       265
*----------------------------------------*
2025-11-17 22:03:14,665 INFO 0 Mon Nov 17 22:03:14 2025 Epoch: 68
2025-11-17 22:04:42,865 INFO Final training 68/150, loss: 0.4434, time 88.20s, lr: 0.000607
Accuracy: 0.832
class                  precision    recall   specificity      f1   support
--------------------------------------------------------------------------
0                          0.865     0.868         0.871   0.867       281
1                          0.440     0.759         0.949   0.557        29
2                          0.873     0.801         0.900   0.835       266
*----------------------------------------*
2025-11-17 22:04:58,945 INFO Final validation 68/150, Val_acc: 0.4695, time 16.08sAccuracy: 0.549
class                  precision    recall   specificity      f1   support
--------------------------------------------------------------------------
0                          0.593     0.771         0.500   0.671        70
1                          0.211     0.500         0.890   0.296         8
2                          0.618     0.318         0.833   0.420        66
*========================================*
2025-11-17 22:05:02,046 INFO 0 Mon Nov 17 22:05:02 2025 Epoch: 69
2025-11-17 22:06:33,076 INFO Final training 69/150, loss: 0.4150, time 91.03s, lr: 0.000596
Accuracy: 0.837
class                  precision    recall   specificity      f1   support
--------------------------------------------------------------------------
0                          0.875     0.871         0.882   0.873       280
1                          0.481     0.867         0.949   0.619        30
2                          0.872     0.797         0.900   0.833       266
*----------------------------------------*
2025-11-17 22:06:33,076 INFO 0 Mon Nov 17 22:06:33 2025 Epoch: 70
2025-11-17 22:08:03,706 INFO Final training 70/150, loss: 0.4579, time 90.63s, lr: 0.000586
Accuracy: 0.812
class                  precision    recall   specificity      f1   support
--------------------------------------------------------------------------
0                          0.835     0.843         0.841   0.839       281
1                          0.575     0.767         0.969   0.657        30
2                          0.825     0.785         0.859   0.805       265
*----------------------------------------*
2025-11-17 22:08:20,018 INFO Final validation 70/150, Val_acc: 0.5309, time 16.31sAccuracy: 0.611
class                  precision    recall   specificity      f1   support
--------------------------------------------------------------------------
0                          0.619     0.743         0.568   0.675        70
1                          0.333     0.500         0.941   0.400         8
2                          0.667     0.485         0.795   0.561        66
*========================================*
2025-11-17 22:08:20,018 INFO New best (0.524691 --> 0.530864)
2025-11-17 22:08:24,465 INFO Copying best model to best_model.pt
2025-11-17 22:08:26,883 INFO 0 Mon Nov 17 22:08:26 2025 Epoch: 71
2025-11-17 22:09:57,871 INFO Final training 71/150, loss: 0.3902, time 90.99s, lr: 0.000575
Accuracy: 0.858
class                  precision    recall   specificity      f1   support
--------------------------------------------------------------------------
0                          0.879     0.886         0.885   0.883       280
1                          0.521     0.833         0.958   0.641        30
2                          0.898     0.831         0.919   0.863       266
*----------------------------------------*
2025-11-17 22:09:58,317 INFO 0 Mon Nov 17 22:09:58 2025 Epoch: 72
2025-11-17 22:11:32,759 INFO Final training 72/150, loss: 0.4235, time 94.44s, lr: 0.000564
Accuracy: 0.842
class                  precision    recall   specificity      f1   support
--------------------------------------------------------------------------
0                          0.887     0.868         0.895   0.877       280
1                          0.468     0.733         0.954   0.571        30
2                          0.863     0.827         0.887   0.845       266
*----------------------------------------*
2025-11-17 22:11:49,110 INFO Final validation 72/150, Val_acc: 0.3410, time 16.35sAccuracy: 0.438
class                  precision    recall   specificity      f1   support
--------------------------------------------------------------------------
0                          0.610     0.514         0.689   0.558        70
1                          0.130     0.875         0.654   0.226         8
2                          0.645     0.303         0.859   0.412        66
*========================================*
2025-11-17 22:11:52,157 INFO 0 Mon Nov 17 22:11:52 2025 Epoch: 73
2025-11-17 22:13:22,236 INFO Final training 73/150, loss: 0.4059, time 90.08s, lr: 0.000554
Accuracy: 0.852
class                  precision    recall   specificity      f1   support
--------------------------------------------------------------------------
0                          0.880     0.886         0.885   0.883       281
1                          0.500     0.767         0.958   0.605        30
2                          0.887     0.826         0.910   0.855       265
*----------------------------------------*
2025-11-17 22:13:22,236 INFO 0 Mon Nov 17 22:13:22 2025 Epoch: 74
2025-11-17 22:14:52,443 INFO Final training 74/150, loss: 0.4585, time 90.21s, lr: 0.000543
Accuracy: 0.830
class                  precision    recall   specificity      f1   support
--------------------------------------------------------------------------
0                          0.872     0.850         0.882   0.861       280
1                          0.521     0.833         0.958   0.641        30
2                          0.843     0.808         0.871   0.825       266
*----------------------------------------*
2025-11-17 22:15:09,126 INFO Final validation 74/150, Val_acc: 0.5316, time 16.68sAccuracy: 0.604
class                  precision    recall   specificity      f1   support
--------------------------------------------------------------------------
0                          0.620     0.700         0.595   0.658        70
1                          0.400     0.500         0.956   0.444         8
2                          0.618     0.515         0.731   0.562        66
*========================================*
2025-11-17 22:15:09,127 INFO New best (0.530864 --> 0.531636)
2025-11-17 22:15:13,547 INFO Copying best model to best_model.pt
2025-11-17 22:15:16,020 INFO 0 Mon Nov 17 22:15:16 2025 Epoch: 75
2025-11-17 22:16:45,513 INFO Final training 75/150, loss: 0.3963, time 89.49s, lr: 0.000532
Accuracy: 0.852
class                  precision    recall   specificity      f1   support
--------------------------------------------------------------------------
0                          0.888     0.872         0.895   0.880       281
1                          0.533     0.800         0.962   0.640        30
2                          0.871     0.838         0.894   0.854       265
*----------------------------------------*
2025-11-17 22:16:45,513 INFO 0 Mon Nov 17 22:16:45 2025 Epoch: 76
2025-11-17 22:18:18,246 INFO Final training 76/150, loss: 0.4152, time 92.73s, lr: 0.000522
Accuracy: 0.821
class                  precision    recall   specificity      f1   support
--------------------------------------------------------------------------
0                          0.853     0.829         0.865   0.841       280
1                          0.511     0.800         0.958   0.623        30
2                          0.844     0.816         0.871   0.830       266
*----------------------------------------*
2025-11-17 22:18:34,714 INFO Final validation 76/150, Val_acc: 0.4637, time 16.47sAccuracy: 0.556
class                  precision    recall   specificity      f1   support
--------------------------------------------------------------------------
0                          0.548     0.814         0.365   0.655        70
1                          0.286     0.250         0.963   0.267         8
2                          0.636     0.318         0.846   0.424        66
*========================================*
2025-11-17 22:18:37,715 INFO 0 Mon Nov 17 22:18:37 2025 Epoch: 77
2025-11-17 22:20:06,612 INFO Final training 77/150, loss: 0.3716, time 88.90s, lr: 0.000511
Accuracy: 0.851
class                  precision    recall   specificity      f1   support
--------------------------------------------------------------------------
0                          0.871     0.861         0.878   0.866       281
1                          0.585     0.800         0.969   0.676        30
2                          0.872     0.845         0.894   0.858       265
*----------------------------------------*
2025-11-17 22:20:06,612 INFO 0 Mon Nov 17 22:20:06 2025 Epoch: 78
2025-11-17 22:21:39,544 INFO Final training 78/150, loss: 0.3684, time 92.93s, lr: 0.000500
Accuracy: 0.859
class                  precision    recall   specificity      f1   support
--------------------------------------------------------------------------
0                          0.889     0.886         0.895   0.887       280
1                          0.558     0.800         0.965   0.658        30
2                          0.878     0.838         0.900   0.858       266
*----------------------------------------*
2025-11-17 22:21:56,012 INFO Final validation 78/150, Val_acc: 0.4973, time 16.47sAccuracy: 0.569
class                  precision    recall   specificity      f1   support
--------------------------------------------------------------------------
0                          0.588     0.671         0.554   0.627        70
1                          0.364     0.500         0.949   0.421         8
2                          0.585     0.470         0.718   0.521        66
*========================================*
2025-11-17 22:21:59,100 INFO 0 Mon Nov 17 22:21:59 2025 Epoch: 79
2025-11-17 22:23:32,974 INFO Final training 79/150, loss: 0.3951, time 93.87s, lr: 0.000489
Accuracy: 0.849
class                  precision    recall   specificity      f1   support
--------------------------------------------------------------------------
0                          0.885     0.882         0.892   0.884       280
1                          0.489     0.767         0.956   0.597        30
2                          0.876     0.823         0.900   0.849       266
*----------------------------------------*
2025-11-17 22:23:32,975 INFO 0 Mon Nov 17 22:23:32 2025 Epoch: 80
2025-11-17 22:25:05,962 INFO Final training 80/150, loss: 0.4066, time 92.99s, lr: 0.000478
Accuracy: 0.861
class                  precision    recall   specificity      f1   support
--------------------------------------------------------------------------
0                          0.882     0.904         0.885   0.892       280
1                          0.500     0.767         0.958   0.605        30
2                          0.905     0.827         0.926   0.864       266
*----------------------------------------*
2025-11-17 22:25:22,020 INFO Final validation 80/150, Val_acc: 0.4194, time 16.06sAccuracy: 0.500
class                  precision    recall   specificity      f1   support
--------------------------------------------------------------------------
0                          0.569     0.586         0.581   0.577        70
1                          0.172     0.625         0.824   0.270         8
2                          0.605     0.394         0.782   0.477        66
*========================================*
2025-11-17 22:25:25,034 INFO 0 Mon Nov 17 22:25:25 2025 Epoch: 81
2025-11-17 22:26:55,960 INFO Final training 81/150, loss: 0.3838, time 90.93s, lr: 0.000468
Accuracy: 0.861
class                  precision    recall   specificity      f1   support
--------------------------------------------------------------------------
0                          0.894     0.875         0.902   0.884       280
1                          0.558     0.800         0.965   0.658        30
2                          0.876     0.853         0.897   0.865       266
*----------------------------------------*
2025-11-17 22:26:56,429 INFO 0 Mon Nov 17 22:26:56 2025 Epoch: 82
2025-11-17 22:28:27,289 INFO Final training 82/150, loss: 0.3596, time 90.86s, lr: 0.000457
Accuracy: 0.884
class                  precision    recall   specificity      f1   support
--------------------------------------------------------------------------
0                          0.907     0.900         0.912   0.904       281
1                          0.614     0.900         0.969   0.730        30
2                          0.905     0.864         0.923   0.884       265
*----------------------------------------*
2025-11-17 22:28:43,435 INFO Final validation 82/150, Val_acc: 0.5787, time 16.15sAccuracy: 0.660
class                  precision    recall   specificity      f1   support
--------------------------------------------------------------------------
0                          0.637     0.729         0.608   0.680        70
1                          0.400     0.250         0.978   0.308         8
2                          0.712     0.636         0.782   0.672        66
*========================================*
2025-11-17 22:28:43,435 INFO New best (0.531636 --> 0.578704)
2025-11-17 22:28:47,825 INFO Copying best model to best_model.pt
2025-11-17 22:28:50,326 INFO 0 Mon Nov 17 22:28:50 2025 Epoch: 83
2025-11-17 22:30:25,825 INFO Final training 83/150, loss: 0.3298, time 95.50s, lr: 0.000446
Accuracy: 0.892
class                  precision    recall   specificity      f1   support
--------------------------------------------------------------------------
0                          0.909     0.922         0.912   0.915       281
1                          0.632     0.800         0.974   0.706        30
2                          0.913     0.872         0.929   0.892       265
*----------------------------------------*
2025-11-17 22:30:25,825 INFO 0 Mon Nov 17 22:30:25 2025 Epoch: 84
2025-11-17 22:31:57,889 INFO Final training 84/150, loss: 0.3783, time 92.06s, lr: 0.000436
Accuracy: 0.861
class                  precision    recall   specificity      f1   support
--------------------------------------------------------------------------
0                          0.887     0.865         0.895   0.876       281
1                          0.581     0.833         0.967   0.685        30
2                          0.880     0.860         0.900   0.870       265
*----------------------------------------*
2025-11-17 22:32:14,125 INFO Final validation 84/150, Val_acc: 0.5224, time 16.24sAccuracy: 0.604
class                  precision    recall   specificity      f1   support
--------------------------------------------------------------------------
0                          0.598     0.743         0.527   0.662        70
1                          0.364     0.500         0.949   0.421         8
2                          0.674     0.470         0.808   0.554        66
*========================================*
2025-11-17 22:32:17,151 INFO 0 Mon Nov 17 22:32:17 2025 Epoch: 85
2025-11-17 22:33:44,957 INFO Final training 85/150, loss: 0.3697, time 87.81s, lr: 0.000425
Accuracy: 0.870
class                  precision    recall   specificity      f1   support
--------------------------------------------------------------------------
0                          0.887     0.890         0.892   0.888       281
1                          0.558     0.828         0.965   0.667        29
2                          0.904     0.853         0.923   0.878       266
*----------------------------------------*
2025-11-17 22:33:44,957 INFO 0 Mon Nov 17 22:33:44 2025 Epoch: 86
2025-11-17 22:35:11,772 INFO Final training 86/150, loss: 0.3302, time 86.81s, lr: 0.000414
Accuracy: 0.868
class                  precision    recall   specificity      f1   support
--------------------------------------------------------------------------
0                          0.889     0.886         0.895   0.888       281
1                          0.609     0.933         0.967   0.737        30
2                          0.892     0.842         0.913   0.866       265
*----------------------------------------*
2025-11-17 22:35:27,933 INFO Final validation 86/150, Val_acc: 0.4491, time 16.16sAccuracy: 0.583
class                  precision    recall   specificity      f1   support
--------------------------------------------------------------------------
0                          0.661     0.557         0.730   0.605        70
1                          0.125     0.500         0.794   0.200         8
2                          0.774     0.621         0.846   0.689        66
*========================================*
2025-11-17 22:35:31,000 INFO 0 Mon Nov 17 22:35:30 2025 Epoch: 87
2025-11-17 22:37:00,463 INFO Final training 87/150, loss: 0.3366, time 89.46s, lr: 0.000404
Accuracy: 0.872
class                  precision    recall   specificity      f1   support
--------------------------------------------------------------------------
0                          0.905     0.883         0.912   0.894       281
1                          0.545     0.828         0.963   0.658        29
2                          0.891     0.865         0.910   0.878       266
*----------------------------------------*
2025-11-17 22:37:00,463 INFO 0 Mon Nov 17 22:37:00 2025 Epoch: 88
2025-11-17 22:38:32,248 INFO Final training 88/150, loss: 0.3524, time 91.79s, lr: 0.000393
Accuracy: 0.873
class                  precision    recall   specificity      f1   support
--------------------------------------------------------------------------
0                          0.893     0.896         0.899   0.895       280
1                          0.581     0.833         0.967   0.685        30
2                          0.901     0.853         0.919   0.876       266
*----------------------------------------*
2025-11-17 22:38:48,207 INFO Final validation 88/150, Val_acc: 0.5486, time 15.96sAccuracy: 0.590
class                  precision    recall   specificity      f1   support
--------------------------------------------------------------------------
0                          0.636     0.600         0.676   0.618        70
1                          0.357     0.625         0.934   0.455         8
2                          0.594     0.576         0.667   0.585        66
*========================================*
2025-11-17 22:38:51,247 INFO 0 Mon Nov 17 22:38:51 2025 Epoch: 89
2025-11-17 22:40:23,864 INFO Final training 89/150, loss: 0.3528, time 92.62s, lr: 0.000383
Accuracy: 0.863
class                  precision    recall   specificity      f1   support
--------------------------------------------------------------------------
0                          0.886     0.886         0.892   0.886       281
1                          0.533     0.800         0.962   0.640        30
2                          0.896     0.845         0.916   0.870       265
*----------------------------------------*
2025-11-17 22:40:23,864 INFO 0 Mon Nov 17 22:40:23 2025 Epoch: 90
2025-11-17 22:41:56,989 INFO Final training 90/150, loss: 0.3328, time 93.13s, lr: 0.000372
Accuracy: 0.870
class                  precision    recall   specificity      f1   support
--------------------------------------------------------------------------
0                          0.911     0.875         0.919   0.893       280
1                          0.551     0.900         0.960   0.684        30
2                          0.888     0.861         0.906   0.874       266
*----------------------------------------*
2025-11-17 22:42:12,966 INFO Final validation 90/150, Val_acc: 0.5664, time 15.98sAccuracy: 0.625
class                  precision    recall   specificity      f1   support
--------------------------------------------------------------------------
0                          0.671     0.671         0.689   0.671        70
1                          0.316     0.750         0.904   0.444         8
2                          0.673     0.561         0.769   0.612        66
*========================================*
2025-11-17 22:42:15,968 INFO [EarlyStopping] Stopping Validation for loss at epoch 90
2025-11-17 22:42:16,394 INFO Training Finished! Best Accuracy: 0.5787
2025-11-17 22:42:16,394 INFO ====================================================================================================
2025-11-17 22:42:16,394 INFO 
2025-11-17 22:42:33,340 INFO Final testing , Test_acc: 0.3435, time 6.50sAccuracy: 0.500
class                  precision    recall   specificity      f1   support
--------------------------------------------------------------------------
0                          0.538     0.525         0.571   0.532        40
1                          0.111     0.200         0.896   0.143         5
2                          0.559     0.514         0.667   0.535        37
*========================================*
2025-11-17 22:42:33,753 INFO Testing Finished! Best Accuracy: 0.3435
2025-11-17 22:42:33,753 INFO ====================================================================================================
2025-11-17 22:42:36,628 INFO Total time spent: 02 hours 31 minutes 49 seconds
2025-11-17 22:42:36,628 INFO 
2025-11-17 22:42:36,628 INFO Final Results Summary:
2025-11-17 22:42:36,628 INFO | TrainAcc | ValAccMax | W_TrainF1 | W_TrainPrecision | W_TrainRecall | W_TrainSpecificity |
2025-11-17 22:42:36,628 INFO | 0.8197 | 0.5787 | 0.6556 | 0.6584 | 0.6597 | 0.7084 |
2025-11-17 22:42:36,628 INFO | TestAcc | W_TestF1 | W_TestPrecision | W_TestRecall | W_TestSpecificity |
2025-11-17 22:42:36,628 INFO | 0.3435 | 0.5095 | 0.5216 | 0.5000 | 0.6342 |
