2025-11-04 17:02:23,430 INFO Log directory: outputs/OrganoidsINRIA/swinunetr/2025-11-04-17-02
2025-11-04 17:02:23,432 INFO {'RandFlipd_prob': 0.2,
 'RandRotate90d_prob': 0.2,
 'RandScaleIntensityd_prob': 0.1,
 'RandShiftIntensityd_prob': 0.1,
 'amp': True,
 'augmentation': True,
 'batch_size': 6,
 'cache_dataset': False,
 'checkpoint_path': None,
 'data_dir': '/home/mraffael/martone_project/Organoids_Dataset/',
 'dataset_name': 'OrganoidsINRIA',
 'debug': False,
 'debug_train_samples': 40,
 'debug_val_samples': 10,
 'dist_backend': 'nccl',
 'dist_url': 'tcp://127.0.0.1:23456',
 'distributed': False,
 'dropout_path_rate': 0.0,
 'dropout_rate': 0.0,
 'early_stopping': False,
 'encoder10_pth': '',
 'exact_class': True,
 'feature_size': 48,
 'fold': 0,
 'folds': False,
 'gpu': 0,
 'ignore_label': 3,
 'in_channels': 1,
 'infer_overlap': 0.5,
 'k_folds': 5,
 'logdir': 'test',
 'logs_dir': 'logs/',
 'loss_name': 'CE',
 'lrschedule': '',
 'max_epochs': 50,
 'min_delta_loss': 0.001,
 'min_delta_val': 0.001,
 'model_name': 'swinunetr',
 'momentum': 0.99,
 'noamp': False,
 'norm_name': 'instance',
 'oar_id': 2108081,
 'optim_lr': 0.0003,
 'optim_name': 'adamw',
 'out_channels': 1,
 'output_dir': 'outputs/',
 'patch_merging': False,
 'patience_loss': 20,
 'patience_val': 3,
 'pretrained_dir': './pretrained_models/fold1_f48_ep300_4gpu_dice0_9059/',
 'pretrained_model_name': 'model_swinvit.pt',
 'rank': 0,
 'reg_weight': 5e-05,
 'restart_T0': 20,
 'resume_ckpt': False,
 'roi_x': 128,
 'roi_y': 128,
 'roi_z': 128,
 'save_checkpoint': True,
 'seed': 3,
 'similarity_loss': '',
 'similarity_loss_weight': 0.0,
 'spatial_dims': 3,
 'split_method': 'stratified',
 'start_epoch': 0,
 'sw_batch_size': 6,
 'telegram_log': True,
 'test_mode': False,
 'token': './token/tlg_token.txt',
 'use_checkpoint': False,
 'val_every': 4,
 'warmup_epochs': 8,
 'workers': 8,
 'world_size': 1}
2025-11-04 17:02:23,432 INFO 
2025-11-04 17:02:23,438 INFO Saved configuration to: outputs/OrganoidsINRIA/swinunetr/2025-11-04-17-02/config.txt
2025-11-04 17:02:23,974 INFO Using GPU: 0
2025-11-04 17:02:23,974 INFO 
2025-11-04 17:02:23,974 INFO Model INFO:
2025-11-04 17:02:23,974 INFO Model architecture: swinunetr
2025-11-04 17:02:24,353 INFO Using pretrained weights
2025-11-04 17:02:24,353 INFO => loading pretrained model './pretrained_models/fold1_f48_ep300_4gpu_dice0_9059/model_swinvit.pt'
2025-11-04 17:02:24,526 INFO Missing keys when loading pretrained: 33
2025-11-04 17:02:24,526 INFO Unexpected keys when loading pretrained: 8
2025-11-04 17:02:24,528 INFO Using SwinUNETR with Single Linear Classification Head
2025-11-04 17:02:24,529 INFO Total trainable parameters: 39,914,805
2025-11-04 17:02:24,549 INFO 
2025-11-04 17:02:24,550 INFO Optimizer INFO:
2025-11-04 17:02:24,550 INFO Using optimizer: adamw with lr=0.0003, weight_decay=5e-05
2025-11-04 17:02:24,550 INFO 
2025-11-04 17:02:24,550 INFO Dataset INFO:
2025-11-04 17:02:24,607 INFO Dataset length: 422
2025-11-04 17:02:24,607 INFO Class distribution in entire dataset:
2025-11-04 17:02:24,607 INFO   Class 0: 137
2025-11-04 17:02:24,607 INFO   Class 1: 43
2025-11-04 17:02:24,607 INFO   Class 2: 242
2025-11-04 17:02:24,607 INFO 
Using split method: stratified
2025-11-04 17:02:24,624 INFO 
Train set balance:
2025-11-04 17:02:24,624 INFO 
Val set balance:
2025-11-04 17:02:24,624 INFO Training set length: 338
2025-11-04 17:02:24,624 INFO Validation set length: 84
2025-11-04 17:02:24,624 INFO 
Using standard shuffle for training
2025-11-04 17:02:24,625 INFO Training loader: 56 batches
2025-11-04 17:02:24,625 INFO Validation loader: 14 batches
2025-11-04 17:02:24,625 INFO 
Class distribution in training set:
2025-11-04 17:02:24,625 INFO   Class 0: 110 (32.5%)
2025-11-04 17:02:24,625 INFO   Class 1: 34 (10.1%)
2025-11-04 17:02:24,625 INFO   Class 2: 194 (57.4%)
2025-11-04 17:02:24,625 INFO Class distribution in validation set:
2025-11-04 17:02:24,625 INFO   Class 0: 27 (32.1%)
2025-11-04 17:02:24,625 INFO   Class 1: 9 (10.7%)
2025-11-04 17:02:24,625 INFO   Class 2: 48 (57.1%)
2025-11-04 17:02:24,625 INFO **************************************************
2025-11-04 17:02:24,634 INFO Class weights: [ 10.242  33.137  5.808]
2025-11-04 17:02:24,634 INFO 
2025-11-04 17:02:24,634 INFO Using loss function: CE
2025-11-04 17:02:24,638 INFO **************************************************
2025-11-04 17:02:24,638 INFO Starting training...
2025-11-04 17:02:24,640 INFO 0 Tue Nov  4 17:02:24 2025 Epoch: 0
2025-11-04 17:13:33,652 INFO Final training 0/49, loss: 1.2345, time 669.01s, lr: 0.000300
Accuracy: 0.390
class                  precision    recall   specificity      f1   support
--------------------------------------------------------------------------
0                          0.333     0.431         0.586   0.376       109
1                          0.091     0.176         0.801   0.120        34
2                          0.605     0.404         0.643   0.484       193
*----------------------------------------*
2025-11-04 17:13:34,152 INFO 0 Tue Nov  4 17:13:34 2025 Epoch: 1
2025-11-04 17:24:22,532 INFO Final training 1/49, loss: 1.0560, time 648.38s, lr: 0.000300
Accuracy: 0.438
class                  precision    recall   specificity      f1   support
--------------------------------------------------------------------------
0                          0.340     0.445         0.580   0.386       110
1                          0.093     0.118         0.871   0.104        34
2                          0.631     0.490         0.618   0.551       192
*----------------------------------------*
2025-11-04 17:24:22,543 INFO 0 Tue Nov  4 17:24:22 2025 Epoch: 2
2025-11-04 17:35:03,785 INFO Final training 2/49, loss: 0.9434, time 641.24s, lr: 0.000300
Accuracy: 0.634
class                  precision    recall   specificity      f1   support
--------------------------------------------------------------------------
0                          0.526     0.545         0.761   0.536       110
1                          0.250     0.212         0.931   0.230        33
2                          0.753     0.756         0.664   0.755       193
*----------------------------------------*
2025-11-04 17:35:03,786 INFO 0 Tue Nov  4 17:35:03 2025 Epoch: 3
2025-11-04 17:45:47,802 INFO Final training 3/49, loss: 0.7898, time 644.02s, lr: 0.000300
Accuracy: 0.726
class                  precision    recall   specificity      f1   support
--------------------------------------------------------------------------
0                          0.667     0.709         0.827   0.687       110
1                          0.500     0.500         0.944   0.500        34
2                          0.805     0.776         0.750   0.790       192
*----------------------------------------*
2025-11-04 17:48:52,625 INFO Final validation 3/49, Val_acc: 0.6597, time 184.68sAccuracy: 0.679
class                  precision    recall   specificity      f1   support
--------------------------------------------------------------------------
0                          0.575     0.852         0.702   0.687        27
1                          0.625     0.556         0.960   0.588         9
2                          0.806     0.604         0.806   0.690        48
*========================================*
2025-11-04 17:48:52,626 INFO New best (0.000000 --> 0.659722)
2025-11-04 17:48:58,820 INFO Copying best model to model.pt
2025-11-04 17:49:02,978 INFO 0 Tue Nov  4 17:49:02 2025 Epoch: 4
2025-11-04 17:59:56,127 INFO Final training 4/49, loss: 0.7069, time 653.15s, lr: 0.000300
Accuracy: 0.753
class                  precision    recall   specificity      f1   support
--------------------------------------------------------------------------
0                          0.705     0.725         0.855   0.715       109
1                          0.486     0.545         0.937   0.514        33
2                          0.834     0.804         0.782   0.819       194
*----------------------------------------*
2025-11-04 17:59:56,129 INFO 0 Tue Nov  4 17:59:56 2025 Epoch: 5
2025-11-04 18:10:39,469 INFO Final training 5/49, loss: 0.7162, time 643.34s, lr: 0.000300
Accuracy: 0.723
class                  precision    recall   specificity      f1   support
--------------------------------------------------------------------------
0                          0.656     0.727         0.814   0.690       110
1                          0.500     0.676         0.924   0.575        34
2                          0.833     0.729         0.806   0.778       192
*----------------------------------------*
2025-11-04 18:10:39,476 INFO 0 Tue Nov  4 18:10:39 2025 Epoch: 6
2025-11-04 18:21:24,709 INFO Final training 6/49, loss: 0.6862, time 645.23s, lr: 0.000300
Accuracy: 0.729
class                  precision    recall   specificity      f1   support
--------------------------------------------------------------------------
0                          0.682     0.688         0.846   0.685       109
1                          0.510     0.735         0.921   0.602        34
2                          0.819     0.751         0.776   0.784       193
*----------------------------------------*
2025-11-04 18:21:24,709 INFO 0 Tue Nov  4 18:21:24 2025 Epoch: 7
2025-11-04 18:32:07,043 INFO Final training 7/49, loss: 0.6557, time 642.33s, lr: 0.000300
Accuracy: 0.747
class                  precision    recall   specificity      f1   support
--------------------------------------------------------------------------
0                          0.664     0.761         0.815   0.709       109
1                          0.558     0.727         0.937   0.632        33
2                          0.857     0.742         0.831   0.796       194
*----------------------------------------*
2025-11-04 18:34:44,161 INFO Final validation 7/49, Val_acc: 0.6794, time 157.12sAccuracy: 0.726
class                  precision    recall   specificity      f1   support
--------------------------------------------------------------------------
0                          0.778     0.519         0.930   0.622        27
1                          0.500     0.778         0.907   0.609         9
2                          0.769     0.833         0.667   0.800        48
*========================================*
2025-11-04 18:34:44,162 INFO New best (0.659722 --> 0.679365)
2025-11-04 18:34:50,898 INFO Copying best model to model.pt
2025-11-04 18:34:55,109 INFO 0 Tue Nov  4 18:34:55 2025 Epoch: 8
2025-11-04 18:45:33,320 INFO Final training 8/49, loss: 0.8038, time 638.21s, lr: 0.000300
Accuracy: 0.747
class                  precision    recall   specificity      f1   support
--------------------------------------------------------------------------
0                          0.703     0.769         0.846   0.735       108
1                          0.480     0.706         0.914   0.571        34
2                          0.857     0.742         0.831   0.796       194
*----------------------------------------*
2025-11-04 18:45:33,320 INFO 0 Tue Nov  4 18:45:33 2025 Epoch: 9
2025-11-04 18:56:09,315 INFO Final training 9/49, loss: 0.6414, time 635.99s, lr: 0.000300
Accuracy: 0.741
class                  precision    recall   specificity      f1   support
--------------------------------------------------------------------------
0                          0.681     0.736         0.832   0.707       110
1                          0.460     0.697         0.911   0.554        33
2                          0.868     0.751         0.846   0.806       193
*----------------------------------------*
2025-11-04 18:56:09,316 INFO 0 Tue Nov  4 18:56:09 2025 Epoch: 10
2025-11-04 19:06:51,209 INFO Final training 10/49, loss: 0.6177, time 641.89s, lr: 0.000300
Accuracy: 0.780
class                  precision    recall   specificity      f1   support
--------------------------------------------------------------------------
0                          0.778     0.706         0.903   0.740       109
1                          0.545     0.882         0.917   0.674        34
2                          0.852     0.803         0.811   0.827       193
*----------------------------------------*
2025-11-04 19:06:51,670 INFO 0 Tue Nov  4 19:06:51 2025 Epoch: 11
2025-11-04 19:17:32,731 INFO Final training 11/49, loss: 0.5576, time 641.06s, lr: 0.000300
Accuracy: 0.759
class                  precision    recall   specificity      f1   support
--------------------------------------------------------------------------
0                          0.706     0.764         0.845   0.734       110
1                          0.538     0.824         0.921   0.651        34
2                          0.867     0.745         0.847   0.801       192
*----------------------------------------*
2025-11-04 19:20:07,094 INFO Final validation 11/49, Val_acc: 0.6304, time 154.36sAccuracy: 0.690
class                  precision    recall   specificity      f1   support
--------------------------------------------------------------------------
0                          0.667     0.741         0.825   0.702        27
1                          0.409     1.000         0.827   0.581         9
2                          0.906     0.604         0.917   0.725        48
*========================================*
2025-11-04 19:20:11,990 INFO 0 Tue Nov  4 19:20:11 2025 Epoch: 12
2025-11-04 19:30:43,261 INFO Final training 12/49, loss: 0.5462, time 631.27s, lr: 0.000300
Accuracy: 0.795
class                  precision    recall   specificity      f1   support
--------------------------------------------------------------------------
0                          0.798     0.755         0.907   0.776       110
1                          0.518     0.853         0.911   0.644        34
2                          0.881     0.807         0.854   0.842       192
*----------------------------------------*
2025-11-04 19:30:43,261 INFO 0 Tue Nov  4 19:30:43 2025 Epoch: 13
2025-11-04 19:41:28,889 INFO Final training 13/49, loss: 0.5035, time 645.63s, lr: 0.000300
Accuracy: 0.777
class                  precision    recall   specificity      f1   support
--------------------------------------------------------------------------
0                          0.761     0.761         0.885   0.761       109
1                          0.509     0.824         0.911   0.629        34
2                          0.872     0.777         0.846   0.822       193
*----------------------------------------*
2025-11-04 19:41:28,894 INFO 0 Tue Nov  4 19:41:28 2025 Epoch: 14
2025-11-04 19:52:03,989 INFO Final training 14/49, loss: 0.5386, time 635.09s, lr: 0.000300
Accuracy: 0.771
class                  precision    recall   specificity      f1   support
--------------------------------------------------------------------------
0                          0.712     0.771         0.850   0.740       109
1                          0.549     0.824         0.924   0.659        34
2                          0.880     0.762         0.860   0.817       193
*----------------------------------------*
2025-11-04 19:52:03,990 INFO 0 Tue Nov  4 19:52:03 2025 Epoch: 15
2025-11-04 20:02:36,113 INFO Final training 15/49, loss: 0.5134, time 632.12s, lr: 0.000300
Accuracy: 0.792
class                  precision    recall   specificity      f1   support
--------------------------------------------------------------------------
0                          0.775     0.782         0.889   0.778       110
1                          0.510     0.765         0.917   0.612        34
2                          0.885     0.802         0.861   0.842       192
*----------------------------------------*
2025-11-04 20:05:10,579 INFO Final validation 15/49, Val_acc: 0.7024, time 154.46sAccuracy: 0.702
class                  precision    recall   specificity      f1   support
--------------------------------------------------------------------------
0                          0.533     0.889         0.632   0.667        27
1                          0.750     0.667         0.973   0.706         9
2                          0.935     0.604         0.944   0.734        48
*========================================*
2025-11-04 20:05:10,584 INFO New best (0.679365 --> 0.702381)
2025-11-04 20:05:17,075 INFO Copying best model to model.pt
2025-11-04 20:05:21,300 INFO 0 Tue Nov  4 20:05:21 2025 Epoch: 16
2025-11-04 20:16:09,011 INFO Final training 16/49, loss: 0.5727, time 647.71s, lr: 0.000300
Accuracy: 0.768
class                  precision    recall   specificity      f1   support
--------------------------------------------------------------------------
0                          0.704     0.743         0.850   0.723       109
1                          0.574     0.818         0.934   0.675        33
2                          0.862     0.773         0.831   0.815       194
*----------------------------------------*
2025-11-04 20:16:09,011 INFO 0 Tue Nov  4 20:16:09 2025 Epoch: 17
2025-11-04 20:26:44,943 INFO Final training 17/49, loss: 0.5131, time 635.93s, lr: 0.000300
Accuracy: 0.780
class                  precision    recall   specificity      f1   support
--------------------------------------------------------------------------
0                          0.738     0.826         0.859   0.779       109
1                          0.518     0.853         0.911   0.644        34
2                          0.905     0.741         0.895   0.815       193
*----------------------------------------*
2025-11-04 20:26:44,947 INFO 0 Tue Nov  4 20:26:44 2025 Epoch: 18
2025-11-04 20:37:26,161 INFO Final training 18/49, loss: 0.5085, time 641.21s, lr: 0.000300
Accuracy: 0.801
class                  precision    recall   specificity      f1   support
--------------------------------------------------------------------------
0                          0.798     0.798         0.903   0.798       109
1                          0.540     0.794         0.924   0.643        34
2                          0.876     0.803         0.846   0.838       193
*----------------------------------------*
2025-11-04 20:37:26,162 INFO 0 Tue Nov  4 20:37:26 2025 Epoch: 19
2025-11-04 20:48:02,332 INFO Final training 19/49, loss: 0.5918, time 636.17s, lr: 0.000300
Accuracy: 0.771
class                  precision    recall   specificity      f1   support
--------------------------------------------------------------------------
0                          0.794     0.736         0.907   0.764       110
1                          0.471     0.727         0.911   0.571        33
2                          0.842     0.798         0.797   0.819       193
*----------------------------------------*
2025-11-04 20:50:36,799 INFO Final validation 19/49, Val_acc: 0.6599, time 154.47sAccuracy: 0.726
class                  precision    recall   specificity      f1   support
--------------------------------------------------------------------------
0                          0.818     0.667         0.930   0.735        27
1                          0.391     1.000         0.813   0.562         9
2                          0.872     0.708         0.861   0.782        48
*========================================*
2025-11-04 20:50:41,716 INFO 0 Tue Nov  4 20:50:41 2025 Epoch: 20
2025-11-04 21:01:12,314 INFO Final training 20/49, loss: 0.5254, time 630.60s, lr: 0.000300
Accuracy: 0.762
class                  precision    recall   specificity      f1   support
--------------------------------------------------------------------------
0                          0.755     0.755         0.881   0.755       110
1                          0.492     0.853         0.901   0.624        34
2                          0.862     0.750         0.840   0.802       192
*----------------------------------------*
2025-11-04 21:01:12,827 INFO 0 Tue Nov  4 21:01:12 2025 Epoch: 21
2025-11-04 21:11:52,652 INFO Final training 21/49, loss: 0.5533, time 639.82s, lr: 0.000300
Accuracy: 0.795
class                  precision    recall   specificity      f1   support
--------------------------------------------------------------------------
0                          0.780     0.780         0.894   0.780       109
1                          0.540     0.794         0.924   0.643        34
2                          0.876     0.803         0.846   0.838       193
*----------------------------------------*
2025-11-04 21:11:52,653 INFO 0 Tue Nov  4 21:11:52 2025 Epoch: 22
2025-11-04 21:22:33,693 INFO Final training 22/49, loss: 0.4754, time 641.04s, lr: 0.000300
Accuracy: 0.807
class                  precision    recall   specificity      f1   support
--------------------------------------------------------------------------
0                          0.813     0.798         0.912   0.806       109
1                          0.536     0.882         0.914   0.667        34
2                          0.890     0.798         0.867   0.842       193
*----------------------------------------*
2025-11-04 21:22:33,693 INFO 0 Tue Nov  4 21:22:33 2025 Epoch: 23
2025-11-04 21:33:17,844 INFO Final training 23/49, loss: 0.5527, time 644.15s, lr: 0.000300
Accuracy: 0.810
class                  precision    recall   specificity      f1   support
--------------------------------------------------------------------------
0                          0.798     0.827         0.898   0.812       110
1                          0.558     0.853         0.924   0.674        34
2                          0.894     0.792         0.875   0.840       192
*----------------------------------------*
2025-11-04 21:35:52,198 INFO Final validation 23/49, Val_acc: 0.6927, time 154.35sAccuracy: 0.750
class                  precision    recall   specificity      f1   support
--------------------------------------------------------------------------
0                          0.833     0.741         0.930   0.784        27
1                          0.409     1.000         0.827   0.581         9
2                          0.895     0.708         0.889   0.791        48
*========================================*
2025-11-04 21:35:57,072 INFO 0 Tue Nov  4 21:35:57 2025 Epoch: 24
2025-11-04 21:46:31,121 INFO Final training 24/49, loss: 0.4594, time 634.05s, lr: 0.000300
Accuracy: 0.810
class                  precision    recall   specificity      f1   support
--------------------------------------------------------------------------
0                          0.815     0.807         0.912   0.811       109
1                          0.536     0.882         0.914   0.667        34
2                          0.895     0.798         0.874   0.844       193
*----------------------------------------*
2025-11-04 21:46:31,121 INFO 0 Tue Nov  4 21:46:31 2025 Epoch: 25
2025-11-04 21:57:05,884 INFO Final training 25/49, loss: 0.5528, time 634.76s, lr: 0.000300
Accuracy: 0.789
class                  precision    recall   specificity      f1   support
--------------------------------------------------------------------------
0                          0.777     0.734         0.899   0.755       109
1                          0.551     0.818         0.927   0.659        33
2                          0.859     0.814         0.817   0.836       194
*----------------------------------------*
2025-11-04 21:57:05,884 INFO 0 Tue Nov  4 21:57:05 2025 Epoch: 26
2025-11-04 22:07:40,403 INFO Final training 26/49, loss: 0.4770, time 634.52s, lr: 0.000300
Accuracy: 0.804
class                  precision    recall   specificity      f1   support
--------------------------------------------------------------------------
0                          0.785     0.771         0.899   0.778       109
1                          0.536     0.882         0.914   0.667        34
2                          0.902     0.808         0.881   0.852       193
*----------------------------------------*
2025-11-04 22:07:40,403 INFO 0 Tue Nov  4 22:07:40 2025 Epoch: 27
2025-11-04 22:18:15,469 INFO Final training 27/49, loss: 0.4755, time 635.07s, lr: 0.000300
Accuracy: 0.783
class                  precision    recall   specificity      f1   support
--------------------------------------------------------------------------
0                          0.717     0.796         0.851   0.754       108
1                          0.560     0.824         0.927   0.667        34
2                          0.898     0.768         0.880   0.828       194
*----------------------------------------*
2025-11-04 22:20:49,935 INFO Final validation 27/49, Val_acc: 0.6688, time 154.46sAccuracy: 0.738
class                  precision    recall   specificity      f1   support
--------------------------------------------------------------------------
0                          0.864     0.704         0.947   0.776        27
1                          0.375     1.000         0.800   0.545         9
2                          0.895     0.708         0.889   0.791        48
*========================================*
2025-11-04 22:20:54,865 INFO 0 Tue Nov  4 22:20:54 2025 Epoch: 28
2025-11-04 22:31:31,161 INFO Final training 28/49, loss: 0.4681, time 636.30s, lr: 0.000300
Accuracy: 0.792
class                  precision    recall   specificity      f1   support
--------------------------------------------------------------------------
0                          0.766     0.773         0.885   0.769       110
1                          0.509     0.794         0.914   0.621        34
2                          0.895     0.802         0.875   0.846       192
*----------------------------------------*
2025-11-04 22:31:31,171 INFO 0 Tue Nov  4 22:31:31 2025 Epoch: 29
2025-11-04 22:42:11,323 INFO Final training 29/49, loss: 0.4766, time 640.15s, lr: 0.000300
Accuracy: 0.798
class                  precision    recall   specificity      f1   support
--------------------------------------------------------------------------
0                          0.811     0.782         0.912   0.796       110
1                          0.509     0.824         0.911   0.629        34
2                          0.880     0.802         0.854   0.839       192
*----------------------------------------*
2025-11-04 22:42:11,324 INFO 0 Tue Nov  4 22:42:11 2025 Epoch: 30
2025-11-04 22:52:47,793 INFO Final training 30/49, loss: 0.4730, time 636.47s, lr: 0.000300
Accuracy: 0.798
class                  precision    recall   specificity      f1   support
--------------------------------------------------------------------------
0                          0.786     0.750         0.904   0.768       108
1                          0.526     0.882         0.911   0.659        34
2                          0.892     0.809         0.866   0.849       194
*----------------------------------------*
2025-11-04 22:52:48,235 INFO 0 Tue Nov  4 22:52:48 2025 Epoch: 31
2025-11-04 23:03:37,847 INFO Final training 31/49, loss: 0.4983, time 649.61s, lr: 0.000300
Accuracy: 0.801
class                  precision    recall   specificity      f1   support
--------------------------------------------------------------------------
0                          0.798     0.798         0.903   0.798       109
1                          0.519     0.824         0.914   0.636        34
2                          0.890     0.798         0.867   0.842       193
*----------------------------------------*
2025-11-04 23:06:12,125 INFO Final validation 31/49, Val_acc: 0.6659, time 154.28sAccuracy: 0.738
class                  precision    recall   specificity      f1   support
--------------------------------------------------------------------------
0                          0.850     0.630         0.947   0.723        27
1                          0.409     1.000         0.827   0.581         9
2                          0.857     0.750         0.833   0.800        48
*========================================*
2025-11-04 23:06:16,992 INFO 0 Tue Nov  4 23:06:16 2025 Epoch: 32
2025-11-04 23:16:45,715 INFO Final training 32/49, loss: 0.4591, time 628.72s, lr: 0.000300
Accuracy: 0.812
class                  precision    recall   specificity      f1   support
--------------------------------------------------------------------------
0                          0.786     0.807         0.894   0.796       109
1                          0.588     0.882         0.930   0.706        34
2                          0.896     0.803         0.874   0.847       193
*----------------------------------------*
2025-11-04 23:16:45,715 INFO 0 Tue Nov  4 23:16:45 2025 Epoch: 33
2025-11-04 23:27:34,893 INFO Final training 33/49, loss: 0.4790, time 649.18s, lr: 0.000300
Accuracy: 0.821
class                  precision    recall   specificity      f1   support
--------------------------------------------------------------------------
0                          0.798     0.835         0.899   0.816       109
1                          0.592     0.853         0.934   0.699        34
2                          0.902     0.808         0.881   0.852       193
*----------------------------------------*
2025-11-04 23:27:34,893 INFO 0 Tue Nov  4 23:27:34 2025 Epoch: 34
2025-11-04 23:38:11,054 INFO Final training 34/49, loss: 0.4603, time 636.16s, lr: 0.000300
Accuracy: 0.812
class                  precision    recall   specificity      f1   support
--------------------------------------------------------------------------
0                          0.826     0.826         0.916   0.826       109
1                          0.509     0.853         0.907   0.637        34
2                          0.906     0.798         0.888   0.848       193
*----------------------------------------*
2025-11-04 23:38:11,055 INFO 0 Tue Nov  4 23:38:11 2025 Epoch: 35
2025-11-04 23:48:50,330 INFO Final training 35/49, loss: 0.4425, time 639.28s, lr: 0.000300
Accuracy: 0.827
class                  precision    recall   specificity      f1   support
--------------------------------------------------------------------------
0                          0.807     0.807         0.907   0.807       109
1                          0.600     0.882         0.934   0.714        34
2                          0.904     0.829         0.881   0.865       193
*----------------------------------------*
2025-11-04 23:51:24,773 INFO Final validation 35/49, Val_acc: 0.6937, time 154.44sAccuracy: 0.750
class                  precision    recall   specificity      f1   support
--------------------------------------------------------------------------
0                          0.759     0.815         0.877   0.786        27
1                          0.400     0.889         0.840   0.552         9
2                          0.943     0.688         0.944   0.795        48
*========================================*
2025-11-04 23:51:29,736 INFO 0 Tue Nov  4 23:51:29 2025 Epoch: 36
2025-11-05 00:02:20,871 INFO Final training 36/49, loss: 0.4235, time 651.13s, lr: 0.000300
Accuracy: 0.836
class                  precision    recall   specificity      f1   support
--------------------------------------------------------------------------
0                          0.857     0.873         0.929   0.865       110
1                          0.537     0.853         0.917   0.659        34
2                          0.918     0.812         0.903   0.862       192
*----------------------------------------*
2025-11-05 00:02:20,872 INFO 0 Wed Nov  5 00:02:20 2025 Epoch: 37
2025-11-05 00:12:56,222 INFO Final training 37/49, loss: 0.4752, time 635.35s, lr: 0.000300
Accuracy: 0.795
class                  precision    recall   specificity      f1   support
--------------------------------------------------------------------------
0                          0.748     0.789         0.872   0.768       109
1                          0.604     0.879         0.937   0.716        33
2                          0.879     0.784         0.852   0.828       194
*----------------------------------------*
2025-11-05 00:12:56,230 INFO 0 Wed Nov  5 00:12:56 2025 Epoch: 38
2025-11-05 00:23:44,836 INFO Final training 38/49, loss: 0.4597, time 648.61s, lr: 0.000300
Accuracy: 0.812
class                  precision    recall   specificity      f1   support
--------------------------------------------------------------------------
0                          0.795     0.809         0.898   0.802       110
1                          0.569     0.853         0.927   0.682        34
2                          0.896     0.807         0.875   0.849       192
*----------------------------------------*
2025-11-05 00:23:44,837 INFO 0 Wed Nov  5 00:23:44 2025 Epoch: 39
2025-11-05 00:34:15,757 INFO Final training 39/49, loss: 0.4852, time 630.92s, lr: 0.000300
Accuracy: 0.795
class                  precision    recall   specificity      f1   support
--------------------------------------------------------------------------
0                          0.754     0.844         0.868   0.797       109
1                          0.562     0.794         0.930   0.659        34
2                          0.892     0.767         0.874   0.825       193
*----------------------------------------*
2025-11-05 00:36:50,266 INFO Final validation 39/49, Val_acc: 0.7458, time 154.51sAccuracy: 0.798
class                  precision    recall   specificity      f1   support
--------------------------------------------------------------------------
0                          0.778     0.778         0.895   0.778        27
1                          0.571     0.889         0.920   0.696         9
2                          0.884     0.792         0.861   0.835        48
*========================================*
2025-11-05 00:36:50,267 INFO New best (0.702381 --> 0.745833)
2025-11-05 00:36:56,540 INFO Copying best model to model.pt
2025-11-05 00:37:00,853 INFO 0 Wed Nov  5 00:37:00 2025 Epoch: 40
2025-11-05 00:47:40,865 INFO Final training 40/49, loss: 0.4386, time 640.01s, lr: 0.000300
Accuracy: 0.827
class                  precision    recall   specificity      f1   support
--------------------------------------------------------------------------
0                          0.845     0.798         0.930   0.821       109
1                          0.537     0.853         0.917   0.659        34
2                          0.905     0.839         0.881   0.871       193
*----------------------------------------*
2025-11-05 00:47:41,293 INFO 0 Wed Nov  5 00:47:41 2025 Epoch: 41
2025-11-05 00:58:15,547 INFO Final training 41/49, loss: 0.4674, time 634.25s, lr: 0.000300
Accuracy: 0.804
class                  precision    recall   specificity      f1   support
--------------------------------------------------------------------------
0                          0.782     0.796         0.895   0.789       108
1                          0.560     0.824         0.927   0.667        34
2                          0.886     0.804         0.859   0.843       194
*----------------------------------------*
2025-11-05 00:58:15,548 INFO 0 Wed Nov  5 00:58:15 2025 Epoch: 42
2025-11-05 01:09:09,149 INFO Final training 42/49, loss: 0.3843, time 653.60s, lr: 0.000300
Accuracy: 0.845
class                  precision    recall   specificity      f1   support
--------------------------------------------------------------------------
0                          0.835     0.827         0.920   0.831       110
1                          0.617     0.853         0.940   0.716        34
2                          0.911     0.854         0.889   0.882       192
*----------------------------------------*
2025-11-05 01:09:09,150 INFO 0 Wed Nov  5 01:09:09 2025 Epoch: 43
2025-11-05 01:19:42,330 INFO Final training 43/49, loss: 0.3937, time 633.18s, lr: 0.000300
Accuracy: 0.839
class                  precision    recall   specificity      f1   support
--------------------------------------------------------------------------
0                          0.854     0.815         0.934   0.834       108
1                          0.545     0.882         0.917   0.674        34
2                          0.921     0.845         0.901   0.882       194
*----------------------------------------*
2025-11-05 01:22:16,786 INFO Final validation 43/49, Val_acc: 0.7270, time 154.46sAccuracy: 0.774
class                  precision    recall   specificity      f1   support
--------------------------------------------------------------------------
0                          0.742     0.852         0.860   0.793        27
1                          0.471     0.889         0.880   0.615         9
2                          0.944     0.708         0.944   0.810        48
*========================================*
2025-11-05 01:22:21,828 INFO 0 Wed Nov  5 01:22:21 2025 Epoch: 44
2025-11-05 01:32:58,370 INFO Final training 44/49, loss: 0.4329, time 636.54s, lr: 0.000300
Accuracy: 0.815
class                  precision    recall   specificity      f1   support
--------------------------------------------------------------------------
0                          0.802     0.809         0.903   0.805       110
1                          0.583     0.824         0.934   0.683        34
2                          0.887     0.818         0.861   0.851       192
*----------------------------------------*
2025-11-05 01:32:58,370 INFO 0 Wed Nov  5 01:32:58 2025 Epoch: 45
2025-11-05 01:43:35,205 INFO Final training 45/49, loss: 0.3934, time 636.84s, lr: 0.000300
Accuracy: 0.824
class                  precision    recall   specificity      f1   support
--------------------------------------------------------------------------
0                          0.807     0.836         0.903   0.821       110
1                          0.596     0.824         0.937   0.691        34
2                          0.897     0.818         0.875   0.856       192
*----------------------------------------*
2025-11-05 01:43:35,212 INFO 0 Wed Nov  5 01:43:35 2025 Epoch: 46
2025-11-05 01:54:11,059 INFO Final training 46/49, loss: 0.4386, time 635.85s, lr: 0.000300
Accuracy: 0.818
class                  precision    recall   specificity      f1   support
--------------------------------------------------------------------------
0                          0.812     0.827         0.907   0.820       110
1                          0.556     0.882         0.921   0.682        34
2                          0.906     0.802         0.889   0.851       192
*----------------------------------------*
2025-11-05 01:54:11,060 INFO 0 Wed Nov  5 01:54:11 2025 Epoch: 47
2025-11-05 02:04:44,909 INFO Final training 47/49, loss: 0.3838, time 633.85s, lr: 0.000300
Accuracy: 0.839
class                  precision    recall   specificity      f1   support
--------------------------------------------------------------------------
0                          0.838     0.845         0.920   0.842       110
1                          0.588     0.882         0.930   0.706        34
2                          0.914     0.828         0.896   0.869       192
*----------------------------------------*
2025-11-05 02:07:19,368 INFO Final validation 47/49, Val_acc: 0.7667, time 154.46sAccuracy: 0.798
class                  precision    recall   specificity      f1   support
--------------------------------------------------------------------------
0                          0.857     0.667         0.947   0.750        27
1                          0.529     1.000         0.893   0.692         9
2                          0.870     0.833         0.833   0.851        48
*========================================*
2025-11-05 02:07:19,369 INFO New best (0.745833 --> 0.766667)
2025-11-05 02:07:25,569 INFO Copying best model to model.pt
2025-11-05 02:07:29,784 INFO 0 Wed Nov  5 02:07:29 2025 Epoch: 48
2025-11-05 02:18:08,315 INFO Final training 48/49, loss: 0.4151, time 638.53s, lr: 0.000300
Accuracy: 0.833
class                  precision    recall   specificity      f1   support
--------------------------------------------------------------------------
0                          0.843     0.827         0.925   0.835       110
1                          0.561     0.941         0.917   0.703        34
2                          0.918     0.818         0.903   0.865       192
*----------------------------------------*
2025-11-05 02:18:08,316 INFO 0 Wed Nov  5 02:18:08 2025 Epoch: 49
2025-11-05 02:28:43,651 INFO Final training 49/49, loss: 0.4218, time 635.34s, lr: 0.000300
Accuracy: 0.818
class                  precision    recall   specificity      f1   support
--------------------------------------------------------------------------
0                          0.769     0.853         0.877   0.809       109
1                          0.592     0.879         0.934   0.707        33
2                          0.922     0.789         0.908   0.850       194
*----------------------------------------*
2025-11-05 02:28:43,652 INFO Training Finished! Best Accuracy: 0.7667
2025-11-05 02:28:43,652 INFO ====================================================================================================
2025-11-05 02:28:53,441 INFO Total time spent: 09 hours 26 minutes 28 seconds
