2025-11-16 00:16:58,908 INFO Log directory: outputs/OrganoidsINRIA_reduced/swinunetr/2025-11-16-00-16
2025-11-16 00:16:58,911 INFO {'RandFlipd_prob': 0.2,
 'RandRotate90d_prob': 0.2,
 'RandScaleIntensityd_prob': 0.1,
 'RandShiftIntensityd_prob': 0.1,
 'amp': True,
 'augmentation': True,
 'batch_size': 6,
 'cache_dataset': False,
 'checkpoint_path': './outputs/OrganoidsINRIA_reduced/swinunetr/2025-11-15-13-20/training/model_final.pt',
 'data_dir': '/home/mraffael/martone_project/Organoids_Dataset_256/',
 'dataset_name': 'OrganoidsINRIA_reduced',
 'debug': False,
 'debug_train_samples': 40,
 'debug_val_samples': 10,
 'dist_backend': 'nccl',
 'dist_url': 'tcp://127.0.0.1:23456',
 'distributed': False,
 'dropout_path_rate': 0.0,
 'dropout_rate': 0.0,
 'early_stopping': True,
 'encoder10_pth': '',
 'exact_class': False,
 'feature_size': 48,
 'fold': 0,
 'folds': False,
 'gpu': 0,
 'ignore_label': 3,
 'in_channels': 1,
 'infer_overlap': 0.5,
 'k_folds': 5,
 'logdir': 'test',
 'logs_dir': 'logs/',
 'loss_name': 'CE',
 'lrschedule': 'warmup_cosine',
 'max_epochs': 150,
 'min_delta_loss': 0.001,
 'min_delta_val': 0.01,
 'model_name': 'swinunetr',
 'momentum': 0.99,
 'noamp': False,
 'norm_name': 'instance',
 'oar_id': 2120925,
 'optim_lr': 0.0006,
 'optim_name': 'adamw',
 'out_channels': 1,
 'output_dir': 'outputs/',
 'patch_merging': True,
 'patience_loss': 40,
 'patience_val': 40,
 'pretrained_dir': './pretrained_models/fold1_f48_ep300_4gpu_dice0_9059/',
 'pretrained_model_name': 'model_swinvit.pt',
 'rank': 0,
 'reg_weight': 5e-05,
 'restart_T0': 20,
 'resume_ckpt': False,
 'roi_x': 128,
 'roi_y': 128,
 'roi_z': 128,
 'save_checkpoint': True,
 'seed': 3,
 'similarity_loss': '',
 'similarity_loss_weight': 0.0,
 'spatial_dims': 3,
 'split_method': 'stratified',
 'start_epoch': 0,
 'sw_batch_size': 8,
 'telegram_log': True,
 'test_mode': False,
 'token': './token/tlg_token.txt',
 'use_checkpoint': False,
 'val_every': 2,
 'warmup_epochs': 5,
 'workers': 8,
 'world_size': 1}
2025-11-16 00:16:58,911 INFO 
2025-11-16 00:16:58,915 INFO Saved configuration to: outputs/OrganoidsINRIA_reduced/swinunetr/2025-11-16-00-16/config.txt
2025-11-16 00:16:59,450 INFO Using GPU: 0
2025-11-16 00:16:59,450 INFO 
2025-11-16 00:16:59,450 INFO Model INFO:
2025-11-16 00:16:59,450 INFO Model architecture: swinunetr
2025-11-16 00:16:59,882 INFO Skipping loading pretrained weights since checkpoint path is provided
2025-11-16 00:16:59,882 INFO Using SwinUNETR with Single Linear Classification Head
2025-11-16 00:16:59,884 INFO => loading checkpoint './outputs/OrganoidsINRIA_reduced/swinunetr/2025-11-15-13-20/training/model_final.pt'
2025-11-16 00:17:06,845 INFO Loaded 130 keys from checkpoint
2025-11-16 00:17:06,864 INFO Total trainable parameters: 39,914,805
2025-11-16 00:17:06,897 INFO 
2025-11-16 00:17:06,897 INFO Optimizer INFO:
2025-11-16 00:17:06,897 INFO Using optimizer: adamw with lr=0.0006, weight_decay=5e-05
2025-11-16 00:17:06,897 INFO 
2025-11-16 00:17:06,897 INFO Dataset INFO:
2025-11-16 00:17:07,105 INFO Dataset length: 721
2025-11-16 00:17:07,105 INFO Class distribution in entire dataset:
2025-11-16 00:17:07,105 INFO   Class 0: 351
2025-11-16 00:17:07,105 INFO   Class 1: 38
2025-11-16 00:17:07,105 INFO   Class 2: 332
2025-11-16 00:17:07,105 INFO 
Using split method: stratified
2025-11-16 00:17:07,107 INFO 
Train set balance:
2025-11-16 00:17:07,107 INFO 
Val set balance:
2025-11-16 00:17:07,107 INFO Training set length: 577
2025-11-16 00:17:07,107 INFO Validation set length: 144
2025-11-16 00:17:07,107 INFO 
Using standard shuffle for training
2025-11-16 00:17:07,107 INFO Training loader: 96 batches
2025-11-16 00:17:07,107 INFO Validation loader: 24 batches
2025-11-16 00:17:07,107 INFO 
Class distribution in training set:
2025-11-16 00:17:07,108 INFO   Class 0: 281 (48.7%)
2025-11-16 00:17:07,108 INFO   Class 1: 30 (5.2%)
2025-11-16 00:17:07,108 INFO   Class 2: 266 (46.1%)
2025-11-16 00:17:07,108 INFO Class distribution in validation set:
2025-11-16 00:17:07,108 INFO   Class 0: 70 (48.6%)
2025-11-16 00:17:07,108 INFO   Class 1: 8 (5.6%)
2025-11-16 00:17:07,108 INFO   Class 2: 66 (45.8%)
2025-11-16 00:17:07,108 INFO **************************************************
2025-11-16 00:17:07,117 INFO Class weights: [ 6.845  64.111  7.231]
2025-11-16 00:17:07,117 INFO 
2025-11-16 00:17:07,117 INFO Test Dataset INFO:
2025-11-16 00:17:07,135 INFO Test Dataset length: 82
2025-11-16 00:17:07,135 INFO Class distribution in test dataset:
2025-11-16 00:17:07,135 INFO   Class 0: 40
2025-11-16 00:17:07,135 INFO   Class 1: 5
2025-11-16 00:17:07,135 INFO   Class 2: 37
2025-11-16 00:17:07,135 INFO Test loader: 14 batches
2025-11-16 00:17:07,135 INFO **************************************************
2025-11-16 00:17:07,135 INFO 
2025-11-16 00:17:07,135 INFO Using loss function: CE
2025-11-16 00:17:07,139 INFO **************************************************
2025-11-16 00:17:07,139 INFO Starting training...
2025-11-16 00:17:07,155 INFO 0 Sun Nov 16 00:17:07 2025 Epoch: 54
2025-11-16 00:27:35,989 INFO Final training 54/150, loss: 0.3300, time 628.83s, lr: 0.000000
Accuracy: 0.872
class                  precision    recall   specificity      f1   support
--------------------------------------------------------------------------
0                          0.960     0.843         0.966   0.898       281
1                          0.509     0.900         0.952   0.651        30
2                          0.862     0.898         0.878   0.880       265
*----------------------------------------*
2025-11-16 00:29:57,420 INFO Final validation 54/150, Val_acc: 0.7874, time 141.43sAccuracy: 0.861
class                  precision    recall   specificity      f1   support
--------------------------------------------------------------------------
0                          0.953     0.871         0.959   0.910        70
1                          0.333     0.500         0.941   0.400         8
2                          0.868     0.894         0.885   0.881        66
*========================================*
2025-11-16 00:30:02,236 INFO 0 Sun Nov 16 00:30:02 2025 Epoch: 55
2025-11-16 00:40:13,150 INFO Final training 55/150, loss: 0.3463, time 610.91s, lr: 0.000150
Accuracy: 0.870
class                  precision    recall   specificity      f1   support
--------------------------------------------------------------------------
0                          0.946     0.868         0.953   0.905       280
1                          0.463     0.833         0.947   0.595        30
2                          0.879     0.876         0.897   0.878       266
*----------------------------------------*
2025-11-16 00:40:13,150 INFO 0 Sun Nov 16 00:40:13 2025 Epoch: 56
2025-11-16 00:50:16,131 INFO Final training 56/150, loss: 0.3708, time 602.98s, lr: 0.000300
Accuracy: 0.854
class                  precision    recall   specificity      f1   support
--------------------------------------------------------------------------
0                          0.930     0.847         0.939   0.886       281
1                          0.489     0.767         0.956   0.597        30
2                          0.846     0.872         0.865   0.859       265
*----------------------------------------*
2025-11-16 00:52:37,353 INFO Final validation 56/150, Val_acc: 0.7824, time 141.22sAccuracy: 0.854
class                  precision    recall   specificity      f1   support
--------------------------------------------------------------------------
0                          0.901     0.914         0.905   0.908        70
1                          0.364     0.500         0.949   0.421         8
2                          0.887     0.833         0.910   0.859        66
*========================================*
2025-11-16 00:52:42,281 INFO 0 Sun Nov 16 00:52:42 2025 Epoch: 57
2025-11-16 01:02:55,404 INFO Final training 57/150, loss: 0.3288, time 613.12s, lr: 0.000450
Accuracy: 0.872
class                  precision    recall   specificity      f1   support
--------------------------------------------------------------------------
0                          0.945     0.854         0.953   0.897       281
1                          0.511     0.800         0.958   0.623        30
2                          0.865     0.898         0.881   0.881       265
*----------------------------------------*
2025-11-16 01:02:55,405 INFO 0 Sun Nov 16 01:02:55 2025 Epoch: 58
2025-11-16 01:13:03,145 INFO Final training 58/150, loss: 0.3489, time 607.74s, lr: 0.000600
Accuracy: 0.858
class                  precision    recall   specificity      f1   support
--------------------------------------------------------------------------
0                          0.923     0.858         0.932   0.889       281
1                          0.500     0.867         0.952   0.634        30
2                          0.863     0.857         0.884   0.860       265
*----------------------------------------*
2025-11-16 01:15:24,385 INFO Final validation 58/150, Val_acc: 0.7600, time 141.24sAccuracy: 0.819
class                  precision    recall   specificity      f1   support
--------------------------------------------------------------------------
0                          0.786     0.943         0.757   0.857        70
1                          0.750     0.375         0.993   0.500         8
2                          0.875     0.742         0.910   0.803        66
*========================================*
2025-11-16 01:15:29,240 INFO 0 Sun Nov 16 01:15:29 2025 Epoch: 59
2025-11-16 01:25:37,039 INFO Final training 59/150, loss: 0.3835, time 607.80s, lr: 0.000600
Accuracy: 0.865
class                  precision    recall   specificity      f1   support
--------------------------------------------------------------------------
0                          0.930     0.857         0.939   0.892       280
1                          0.533     0.800         0.962   0.640        30
2                          0.857     0.880         0.874   0.868       266
*----------------------------------------*
2025-11-16 01:25:37,039 INFO 0 Sun Nov 16 01:25:37 2025 Epoch: 60
2025-11-16 01:35:46,798 INFO Final training 60/150, loss: 0.3746, time 609.76s, lr: 0.000600
Accuracy: 0.858
class                  precision    recall   specificity      f1   support
--------------------------------------------------------------------------
0                          0.917     0.865         0.925   0.890       281
1                          0.511     0.800         0.958   0.623        30
2                          0.860     0.857         0.881   0.858       265
*----------------------------------------*
2025-11-16 01:38:08,017 INFO Final validation 60/150, Val_acc: 0.8314, time 141.22sAccuracy: 0.889
class                  precision    recall   specificity      f1   support
--------------------------------------------------------------------------
0                          0.938     0.871         0.946   0.904        70
1                          0.667     0.500         0.985   0.571         8
2                          0.863     0.955         0.872   0.906        66
*========================================*
2025-11-16 01:38:12,916 INFO 0 Sun Nov 16 01:38:12 2025 Epoch: 61
2025-11-16 01:48:18,325 INFO Final training 61/150, loss: 0.4152, time 605.41s, lr: 0.000600
Accuracy: 0.830
class                  precision    recall   specificity      f1   support
--------------------------------------------------------------------------
0                          0.904     0.811         0.919   0.855       280
1                          0.480     0.800         0.952   0.600        30
2                          0.825     0.853         0.845   0.839       266
*----------------------------------------*
2025-11-16 01:48:18,750 INFO 0 Sun Nov 16 01:48:18 2025 Epoch: 62
2025-11-16 01:58:23,134 INFO Final training 62/150, loss: 0.3436, time 604.38s, lr: 0.000599
Accuracy: 0.880
class                  precision    recall   specificity      f1   support
--------------------------------------------------------------------------
0                          0.938     0.861         0.946   0.898       280
1                          0.581     0.833         0.967   0.685        30
2                          0.873     0.906         0.887   0.889       266
*----------------------------------------*
2025-11-16 02:00:44,245 INFO Final validation 62/150, Val_acc: 0.7655, time 141.11sAccuracy: 0.854
class                  precision    recall   specificity      f1   support
--------------------------------------------------------------------------
0                          0.884     0.871         0.892   0.878        70
1                          0.500     0.750         0.956   0.600         8
2                          0.889     0.848         0.910   0.868        66
*========================================*
2025-11-16 02:00:49,138 INFO 0 Sun Nov 16 02:00:49 2025 Epoch: 63
2025-11-16 02:10:53,142 INFO Final training 63/150, loss: 0.3929, time 604.00s, lr: 0.000599
Accuracy: 0.845
class                  precision    recall   specificity      f1   support
--------------------------------------------------------------------------
0                          0.926     0.847         0.936   0.885       281
1                          0.418     0.767         0.941   0.541        30
2                          0.856     0.853         0.878   0.854       265
*----------------------------------------*
2025-11-16 02:10:53,143 INFO 0 Sun Nov 16 02:10:53 2025 Epoch: 64
2025-11-16 02:21:00,129 INFO Final training 64/150, loss: 0.3559, time 606.99s, lr: 0.000598
Accuracy: 0.849
class                  precision    recall   specificity      f1   support
--------------------------------------------------------------------------
0                          0.931     0.822         0.942   0.873       281
1                          0.481     0.867         0.949   0.619        30
2                          0.847     0.875         0.865   0.861       265
*----------------------------------------*
2025-11-16 02:23:21,343 INFO Final validation 64/150, Val_acc: 0.8031, time 141.21sAccuracy: 0.868
class                  precision    recall   specificity      f1   support
--------------------------------------------------------------------------
0                          0.900     0.900         0.905   0.900        70
1                          0.500     0.500         0.971   0.500         8
2                          0.879     0.879         0.897   0.879        66
*========================================*
2025-11-16 02:23:26,221 INFO 0 Sun Nov 16 02:23:26 2025 Epoch: 65
2025-11-16 02:33:30,394 INFO Final training 65/150, loss: 0.3658, time 604.17s, lr: 0.000597
Accuracy: 0.861
class                  precision    recall   specificity      f1   support
--------------------------------------------------------------------------
0                          0.920     0.857         0.929   0.887       280
1                          0.500     0.833         0.954   0.625        30
2                          0.872     0.868         0.890   0.870       266
*----------------------------------------*
2025-11-16 02:33:30,394 INFO 0 Sun Nov 16 02:33:30 2025 Epoch: 66
2025-11-16 02:43:40,641 INFO Final training 66/150, loss: 0.3345, time 610.25s, lr: 0.000597
Accuracy: 0.868
class                  precision    recall   specificity      f1   support
--------------------------------------------------------------------------
0                          0.938     0.861         0.946   0.898       281
1                          0.510     0.867         0.954   0.642        30
2                          0.869     0.875         0.887   0.872       265
*----------------------------------------*
2025-11-16 02:46:01,719 INFO Final validation 66/150, Val_acc: 0.8501, time 141.08sAccuracy: 0.882
class                  precision    recall   specificity      f1   support
--------------------------------------------------------------------------
0                          0.878     0.929         0.878   0.903        70
1                          0.556     0.625         0.971   0.588         8
2                          0.934     0.864         0.949   0.898        66
*========================================*
2025-11-16 02:46:06,584 INFO 0 Sun Nov 16 02:46:06 2025 Epoch: 67
2025-11-16 02:56:15,989 INFO Final training 67/150, loss: 0.3352, time 609.40s, lr: 0.000596
Accuracy: 0.863
class                  precision    recall   specificity      f1   support
--------------------------------------------------------------------------
0                          0.907     0.875         0.916   0.891       280
1                          0.543     0.833         0.962   0.658        30
2                          0.873     0.853         0.894   0.863       266
*----------------------------------------*
2025-11-16 02:56:15,989 INFO 0 Sun Nov 16 02:56:15 2025 Epoch: 68
2025-11-16 03:06:23,227 INFO Final training 68/150, loss: 0.3804, time 607.24s, lr: 0.000594
Accuracy: 0.835
class                  precision    recall   specificity      f1   support
--------------------------------------------------------------------------
0                          0.915     0.843         0.925   0.878       281
1                          0.373     0.733         0.932   0.494        30
2                          0.860     0.838         0.884   0.849       265
*----------------------------------------*
2025-11-16 03:08:44,393 INFO Final validation 68/150, Val_acc: 0.7972, time 141.17sAccuracy: 0.861
class                  precision    recall   specificity      f1   support
--------------------------------------------------------------------------
0                          0.935     0.829         0.946   0.879        70
1                          0.571     0.500         0.978   0.533         8
2                          0.827     0.939         0.833   0.879        66
*========================================*
2025-11-16 03:08:49,300 INFO 0 Sun Nov 16 03:08:49 2025 Epoch: 69
2025-11-16 03:18:57,326 INFO Final training 69/150, loss: 0.3656, time 608.03s, lr: 0.000593
Accuracy: 0.858
class                  precision    recall   specificity      f1   support
--------------------------------------------------------------------------
0                          0.929     0.843         0.939   0.884       280
1                          0.463     0.833         0.947   0.595        30
2                          0.869     0.876         0.887   0.873       266
*----------------------------------------*
2025-11-16 03:18:57,327 INFO 0 Sun Nov 16 03:18:57 2025 Epoch: 70
2025-11-16 03:29:07,369 INFO Final training 70/150, loss: 0.3053, time 610.04s, lr: 0.000592
Accuracy: 0.887
class                  precision    recall   specificity      f1   support
--------------------------------------------------------------------------
0                          0.931     0.868         0.939   0.899       281
1                          0.619     0.867         0.971   0.722        30
2                          0.886     0.909         0.900   0.898       265
*----------------------------------------*
2025-11-16 03:31:28,570 INFO Final validation 70/150, Val_acc: 0.7778, time 141.20sAccuracy: 0.861
class                  precision    recall   specificity      f1   support
--------------------------------------------------------------------------
0                          0.867     0.929         0.865   0.897        70
1                          0.500     0.500         0.971   0.500         8
2                          0.902     0.833         0.923   0.866        66
*========================================*
2025-11-16 03:31:33,449 INFO 0 Sun Nov 16 03:31:33 2025 Epoch: 71
2025-11-16 03:41:38,172 INFO Final training 71/150, loss: 0.3645, time 604.72s, lr: 0.000590
Accuracy: 0.858
class                  precision    recall   specificity      f1   support
--------------------------------------------------------------------------
0                          0.893     0.864         0.902   0.878       280
1                          0.571     0.800         0.967   0.667        30
2                          0.867     0.857         0.887   0.862       266
*----------------------------------------*
2025-11-16 03:41:38,574 INFO 0 Sun Nov 16 03:41:38 2025 Epoch: 72
2025-11-16 03:51:45,877 INFO Final training 72/150, loss: 0.3422, time 607.30s, lr: 0.000588
Accuracy: 0.880
class                  precision    recall   specificity      f1   support
--------------------------------------------------------------------------
0                          0.935     0.868         0.943   0.900       280
1                          0.533     0.800         0.962   0.640        30
2                          0.886     0.902         0.900   0.894       266
*----------------------------------------*
2025-11-16 03:54:07,062 INFO Final validation 72/150, Val_acc: 0.7918, time 141.18sAccuracy: 0.854
class                  precision    recall   specificity      f1   support
--------------------------------------------------------------------------
0                          0.950     0.814         0.959   0.877        70
1                          0.500     0.500         0.971   0.500         8
2                          0.816     0.939         0.821   0.873        66
*========================================*
2025-11-16 03:54:12,798 INFO 0 Sun Nov 16 03:54:12 2025 Epoch: 73
2025-11-16 04:04:21,691 INFO Final training 73/150, loss: 0.3926, time 608.89s, lr: 0.000586
Accuracy: 0.859
class                  precision    recall   specificity      f1   support
--------------------------------------------------------------------------
0                          0.927     0.857         0.936   0.891       280
1                          0.426     0.667         0.951   0.519        30
2                          0.870     0.883         0.887   0.877       266
*----------------------------------------*
2025-11-16 04:04:21,691 INFO 0 Sun Nov 16 04:04:21 2025 Epoch: 74
2025-11-16 04:14:30,706 INFO Final training 74/150, loss: 0.3921, time 609.01s, lr: 0.000584
Accuracy: 0.842
class                  precision    recall   specificity      f1   support
--------------------------------------------------------------------------
0                          0.902     0.822         0.915   0.860       281
1                          0.500     0.833         0.954   0.625        30
2                          0.848     0.864         0.868   0.856       265
*----------------------------------------*
2025-11-16 04:16:52,006 INFO Final validation 74/150, Val_acc: 0.8141, time 141.30sAccuracy: 0.868
class                  precision    recall   specificity      f1   support
--------------------------------------------------------------------------
0                          0.924     0.871         0.932   0.897        70
1                          0.455     0.625         0.956   0.526         8
2                          0.881     0.894         0.897   0.887        66
*========================================*
2025-11-16 04:16:56,995 INFO 0 Sun Nov 16 04:16:56 2025 Epoch: 75
2025-11-16 04:27:04,830 INFO Final training 75/150, loss: 0.4063, time 607.83s, lr: 0.000582
Accuracy: 0.844
class                  precision    recall   specificity      f1   support
--------------------------------------------------------------------------
0                          0.929     0.846         0.939   0.886       280
1                          0.414     0.800         0.938   0.545        30
2                          0.856     0.846         0.877   0.851       266
*----------------------------------------*
2025-11-16 04:27:04,830 INFO 0 Sun Nov 16 04:27:04 2025 Epoch: 76
2025-11-16 04:37:13,316 INFO Final training 76/150, loss: 0.3816, time 608.49s, lr: 0.000580
Accuracy: 0.866
class                  precision    recall   specificity      f1   support
--------------------------------------------------------------------------
0                          0.941     0.854         0.949   0.895       280
1                          0.489     0.767         0.956   0.597        30
2                          0.862     0.891         0.877   0.876       266
*----------------------------------------*
2025-11-16 04:39:35,971 INFO Final validation 76/150, Val_acc: 0.7969, time 142.65sAccuracy: 0.847
class                  precision    recall   specificity      f1   support
--------------------------------------------------------------------------
0                          0.842     0.914         0.838   0.877        70
1                          0.600     0.375         0.985   0.462         8
2                          0.873     0.833         0.897   0.853        66
*========================================*
2025-11-16 04:39:40,833 INFO 0 Sun Nov 16 04:39:40 2025 Epoch: 77
2025-11-16 04:50:05,429 INFO Final training 77/150, loss: 0.3851, time 624.60s, lr: 0.000577
Accuracy: 0.868
class                  precision    recall   specificity      f1   support
--------------------------------------------------------------------------
0                          0.925     0.872         0.932   0.897       281
1                          0.490     0.833         0.952   0.617        30
2                          0.885     0.868         0.904   0.876       265
*----------------------------------------*
2025-11-16 04:50:05,429 INFO 0 Sun Nov 16 04:50:05 2025 Epoch: 78
2025-11-16 05:00:12,155 INFO Final training 78/150, loss: 0.3782, time 606.73s, lr: 0.000575
Accuracy: 0.845
class                  precision    recall   specificity      f1   support
--------------------------------------------------------------------------
0                          0.916     0.851         0.925   0.882       281
1                          0.491     0.867         0.951   0.627        30
2                          0.847     0.838         0.871   0.843       265
*----------------------------------------*
2025-11-16 05:02:54,195 INFO Final validation 78/150, Val_acc: 0.7932, time 162.04sAccuracy: 0.840
class                  precision    recall   specificity      f1   support
--------------------------------------------------------------------------
0                          0.894     0.843         0.905   0.868        70
1                          0.429     0.375         0.971   0.400         8
2                          0.831     0.894         0.846   0.861        66
*========================================*
2025-11-16 05:02:59,363 INFO 0 Sun Nov 16 05:02:59 2025 Epoch: 79
2025-11-16 05:13:08,041 INFO Final training 79/150, loss: 0.3240, time 608.68s, lr: 0.000572
Accuracy: 0.866
class                  precision    recall   specificity      f1   support
--------------------------------------------------------------------------
0                          0.929     0.840         0.939   0.882       281
1                          0.509     0.900         0.952   0.651        30
2                          0.877     0.891         0.894   0.884       265
*----------------------------------------*
2025-11-16 05:13:08,041 INFO 0 Sun Nov 16 05:13:08 2025 Epoch: 80
2025-11-16 05:23:15,806 INFO Final training 80/150, loss: 0.3247, time 607.77s, lr: 0.000569
Accuracy: 0.885
class                  precision    recall   specificity      f1   support
--------------------------------------------------------------------------
0                          0.942     0.868         0.949   0.904       281
1                          0.556     0.833         0.963   0.667        30
2                          0.886     0.909         0.900   0.898       265
*----------------------------------------*
2025-11-16 05:25:36,791 INFO Final validation 80/150, Val_acc: 0.7822, time 140.98sAccuracy: 0.854
class                  precision    recall   specificity      f1   support
--------------------------------------------------------------------------
0                          0.938     0.857         0.946   0.896        70
1                          0.400     0.500         0.956   0.444         8
2                          0.843     0.894         0.859   0.868        66
*========================================*
2025-11-16 05:25:41,631 INFO 0 Sun Nov 16 05:25:41 2025 Epoch: 81
2025-11-16 05:35:46,431 INFO Final training 81/150, loss: 0.3446, time 604.80s, lr: 0.000567
Accuracy: 0.868
class                  precision    recall   specificity      f1   support
--------------------------------------------------------------------------
0                          0.921     0.875         0.929   0.898       281
1                          0.519     0.900         0.954   0.659        30
2                          0.883     0.857         0.904   0.870       265
*----------------------------------------*
2025-11-16 05:35:46,954 INFO 0 Sun Nov 16 05:35:46 2025 Epoch: 82
2025-11-16 05:45:58,478 INFO Final training 82/150, loss: 0.3295, time 611.52s, lr: 0.000564
Accuracy: 0.878
class                  precision    recall   specificity      f1   support
--------------------------------------------------------------------------
0                          0.921     0.879         0.929   0.899       280
1                          0.510     0.867         0.954   0.642        30
2                          0.907     0.880         0.923   0.893       266
*----------------------------------------*
2025-11-16 05:48:19,414 INFO Final validation 82/150, Val_acc: 0.7052, time 140.94sAccuracy: 0.792
class                  precision    recall   specificity      f1   support
--------------------------------------------------------------------------
0                          0.871     0.771         0.892   0.818        70
1                          0.294     0.625         0.912   0.400         8
2                          0.846     0.833         0.872   0.840        66
*========================================*
2025-11-16 05:48:24,309 INFO 0 Sun Nov 16 05:48:24 2025 Epoch: 83
2025-11-16 05:58:29,457 INFO Final training 83/150, loss: 0.3294, time 605.15s, lr: 0.000560
Accuracy: 0.885
class                  precision    recall   specificity      f1   support
--------------------------------------------------------------------------
0                          0.932     0.879         0.939   0.905       281
1                          0.522     0.800         0.960   0.632        30
2                          0.902     0.902         0.916   0.902       265
*----------------------------------------*
2025-11-16 05:58:29,457 INFO 0 Sun Nov 16 05:58:29 2025 Epoch: 84
2025-11-16 06:08:37,480 INFO Final training 84/150, loss: 0.3447, time 608.02s, lr: 0.000557
Accuracy: 0.875
class                  precision    recall   specificity      f1   support
--------------------------------------------------------------------------
0                          0.945     0.861         0.953   0.901       281
1                          0.491     0.867         0.951   0.627        30
2                          0.884     0.891         0.900   0.887       265
*----------------------------------------*
2025-11-16 06:10:58,265 INFO Final validation 84/150, Val_acc: 0.6887, time 140.79sAccuracy: 0.757
class                  precision    recall   specificity      f1   support
--------------------------------------------------------------------------
0                          0.977     0.600         0.986   0.743        70
1                          0.263     0.625         0.897   0.370         8
2                          0.756     0.939         0.744   0.838        66
*========================================*
2025-11-16 06:11:03,190 INFO 0 Sun Nov 16 06:11:03 2025 Epoch: 85
2025-11-16 06:21:13,984 INFO Final training 85/150, loss: 0.3187, time 610.79s, lr: 0.000554
Accuracy: 0.878
class                  precision    recall   specificity      f1   support
--------------------------------------------------------------------------
0                          0.932     0.872         0.939   0.901       281
1                          0.522     0.828         0.960   0.640        29
2                          0.888     0.891         0.903   0.889       266
*----------------------------------------*
2025-11-16 06:21:13,985 INFO 0 Sun Nov 16 06:21:13 2025 Epoch: 86
2025-11-16 06:31:20,699 INFO Final training 86/150, loss: 0.2948, time 606.71s, lr: 0.000550
Accuracy: 0.885
class                  precision    recall   specificity      f1   support
--------------------------------------------------------------------------
0                          0.950     0.875         0.956   0.911       281
1                          0.543     0.833         0.962   0.658        30
2                          0.882     0.902         0.897   0.892       265
*----------------------------------------*
2025-11-16 06:33:41,551 INFO Final validation 86/150, Val_acc: 0.7904, time 140.85sAccuracy: 0.854
class                  precision    recall   specificity      f1   support
--------------------------------------------------------------------------
0                          0.878     0.929         0.878   0.903        70
1                          0.385     0.625         0.941   0.476         8
2                          0.930     0.803         0.949   0.862        66
*========================================*
2025-11-16 06:33:46,505 INFO 0 Sun Nov 16 06:33:46 2025 Epoch: 87
2025-11-16 06:43:52,032 INFO Final training 87/150, loss: 0.3651, time 605.53s, lr: 0.000546
Accuracy: 0.875
class                  precision    recall   specificity      f1   support
--------------------------------------------------------------------------
0                          0.935     0.875         0.942   0.904       281
1                          0.490     0.833         0.952   0.617        30
2                          0.889     0.879         0.907   0.884       265
*----------------------------------------*
2025-11-16 06:43:52,032 INFO 0 Sun Nov 16 06:43:52 2025 Epoch: 88
2025-11-16 06:53:56,856 INFO Final training 88/150, loss: 0.3491, time 604.82s, lr: 0.000543
Accuracy: 0.882
class                  precision    recall   specificity      f1   support
--------------------------------------------------------------------------
0                          0.950     0.875         0.956   0.911       281
1                          0.540     0.900         0.958   0.675        30
2                          0.880     0.887         0.897   0.883       265
*----------------------------------------*
2025-11-16 06:56:17,707 INFO Final validation 88/150, Val_acc: 0.8488, time 140.85sAccuracy: 0.875
class                  precision    recall   specificity      f1   support
--------------------------------------------------------------------------
0                          0.867     0.929         0.865   0.897        70
1                          1.000     0.375         1.000   0.545         8
2                          0.879     0.879         0.897   0.879        66
*========================================*
2025-11-16 06:56:22,595 INFO 0 Sun Nov 16 06:56:22 2025 Epoch: 89
2025-11-16 07:06:27,674 INFO Final training 89/150, loss: 0.3436, time 605.08s, lr: 0.000539
Accuracy: 0.866
class                  precision    recall   specificity      f1   support
--------------------------------------------------------------------------
0                          0.914     0.879         0.922   0.896       280
1                          0.543     0.833         0.962   0.658        30
2                          0.874     0.857         0.894   0.865       266
*----------------------------------------*
2025-11-16 07:06:27,675 INFO 0 Sun Nov 16 07:06:27 2025 Epoch: 90
2025-11-16 07:16:34,530 INFO Final training 90/150, loss: 0.3246, time 606.86s, lr: 0.000535
Accuracy: 0.872
class                  precision    recall   specificity      f1   support
--------------------------------------------------------------------------
0                          0.925     0.875         0.932   0.899       280
1                          0.520     0.867         0.956   0.650        30
2                          0.885     0.868         0.903   0.877       266
*----------------------------------------*
2025-11-16 07:18:55,314 INFO Final validation 90/150, Val_acc: 0.7916, time 140.78sAccuracy: 0.868
class                  precision    recall   specificity      f1   support
--------------------------------------------------------------------------
0                          0.939     0.886         0.946   0.912        70
1                          0.400     0.500         0.956   0.444         8
2                          0.868     0.894         0.885   0.881        66
*========================================*
2025-11-16 07:19:00,207 INFO 0 Sun Nov 16 07:19:00 2025 Epoch: 91
2025-11-16 07:29:10,401 INFO Final training 91/150, loss: 0.2911, time 610.19s, lr: 0.000531
Accuracy: 0.887
class                  precision    recall   specificity      f1   support
--------------------------------------------------------------------------
0                          0.957     0.875         0.963   0.914       281
1                          0.500     0.900         0.951   0.643        30
2                          0.898     0.898         0.913   0.898       265
*----------------------------------------*
2025-11-16 07:29:10,891 INFO 0 Sun Nov 16 07:29:10 2025 Epoch: 92
2025-11-16 07:39:15,306 INFO Final training 92/150, loss: 0.2362, time 604.42s, lr: 0.000527
Accuracy: 0.911
class                  precision    recall   specificity      f1   support
--------------------------------------------------------------------------
0                          0.941     0.911         0.946   0.926       280
1                          0.692     0.900         0.978   0.783        30
2                          0.914     0.914         0.926   0.914       266
*----------------------------------------*
2025-11-16 07:41:36,251 INFO Final validation 92/150, Val_acc: 0.8338, time 140.94sAccuracy: 0.889
class                  precision    recall   specificity      f1   support
--------------------------------------------------------------------------
0                          0.938     0.871         0.946   0.904        70
1                          0.667     0.500         0.985   0.571         8
2                          0.863     0.955         0.872   0.906        66
*========================================*
2025-11-16 07:41:41,147 INFO 0 Sun Nov 16 07:41:41 2025 Epoch: 93
2025-11-16 07:51:47,082 INFO Final training 93/150, loss: 0.3138, time 605.93s, lr: 0.000522
Accuracy: 0.899
class                  precision    recall   specificity      f1   support
--------------------------------------------------------------------------
0                          0.962     0.904         0.966   0.932       280
1                          0.521     0.833         0.958   0.641        30
2                          0.906     0.902         0.919   0.904       266
*----------------------------------------*
2025-11-16 07:51:47,082 INFO 0 Sun Nov 16 07:51:47 2025 Epoch: 94
2025-11-16 08:01:56,124 INFO Final training 94/150, loss: 0.2682, time 609.04s, lr: 0.000518
Accuracy: 0.891
class                  precision    recall   specificity      f1   support
--------------------------------------------------------------------------
0                          0.944     0.893         0.949   0.918       281
1                          0.562     0.900         0.962   0.692        30
2                          0.897     0.887         0.913   0.892       265
*----------------------------------------*
2025-11-16 08:04:16,985 INFO Final validation 94/150, Val_acc: 0.8384, time 140.86sAccuracy: 0.861
class                  precision    recall   specificity      f1   support
--------------------------------------------------------------------------
0                          0.863     0.900         0.865   0.881        70
1                          0.800     0.500         0.993   0.615         8
2                          0.864     0.864         0.885   0.864        66
*========================================*
2025-11-16 08:04:21,940 INFO 0 Sun Nov 16 08:04:21 2025 Epoch: 95
2025-11-16 08:14:32,996 INFO Final training 95/150, loss: 0.2592, time 611.06s, lr: 0.000513
Accuracy: 0.905
class                  precision    recall   specificity      f1   support
--------------------------------------------------------------------------
0                          0.951     0.900         0.956   0.925       281
1                          0.622     0.933         0.969   0.747        30
2                          0.906     0.906         0.920   0.906       265
*----------------------------------------*
2025-11-16 08:14:32,996 INFO 0 Sun Nov 16 08:14:32 2025 Epoch: 96
2025-11-16 08:24:41,325 INFO Final training 96/150, loss: 0.2868, time 608.33s, lr: 0.000509
Accuracy: 0.896
class                  precision    recall   specificity      f1   support
--------------------------------------------------------------------------
0                          0.969     0.882         0.973   0.923       280
1                          0.521     0.833         0.958   0.641        30
2                          0.894     0.917         0.906   0.905       266
*----------------------------------------*
2025-11-16 08:27:02,154 INFO Final validation 96/150, Val_acc: 0.8258, time 140.83sAccuracy: 0.875
class                  precision    recall   specificity      f1   support
--------------------------------------------------------------------------
0                          0.892     0.943         0.892   0.917        70
1                          0.444     0.500         0.963   0.471         8
2                          0.918     0.848         0.936   0.882        66
*========================================*
2025-11-16 08:27:07,046 INFO 0 Sun Nov 16 08:27:07 2025 Epoch: 97
2025-11-16 08:37:13,104 INFO Final training 97/150, loss: 0.2580, time 606.06s, lr: 0.000504
Accuracy: 0.903
class                  precision    recall   specificity      f1   support
--------------------------------------------------------------------------
0                          0.945     0.911         0.949   0.928       281
1                          0.619     0.867         0.971   0.722        30
2                          0.905     0.898         0.920   0.902       265
*----------------------------------------*
2025-11-16 08:37:13,104 INFO 0 Sun Nov 16 08:37:13 2025 Epoch: 98
2025-11-16 08:47:17,035 INFO Final training 98/150, loss: 0.3421, time 603.93s, lr: 0.000499
Accuracy: 0.872
class                  precision    recall   specificity      f1   support
--------------------------------------------------------------------------
0                          0.931     0.871         0.939   0.900       280
1                          0.532     0.833         0.960   0.649        30
2                          0.873     0.876         0.890   0.874       266
*----------------------------------------*
2025-11-16 08:49:37,756 INFO Final validation 98/150, Val_acc: 0.8044, time 140.72sAccuracy: 0.875
class                  precision    recall   specificity      f1   support
--------------------------------------------------------------------------
0                          0.914     0.914         0.919   0.914        70
1                          0.455     0.625         0.956   0.526         8
2                          0.905     0.864         0.923   0.884        66
*========================================*
2025-11-16 08:49:42,576 INFO 0 Sun Nov 16 08:49:42 2025 Epoch: 99
2025-11-16 08:59:45,733 INFO Final training 99/150, loss: 0.2479, time 603.16s, lr: 0.000494
Accuracy: 0.892
class                  precision    recall   specificity      f1   support
--------------------------------------------------------------------------
0                          0.933     0.897         0.939   0.915       281
1                          0.562     0.900         0.962   0.692        30
2                          0.911     0.887         0.926   0.899       265
*----------------------------------------*
2025-11-16 08:59:45,733 INFO 0 Sun Nov 16 08:59:45 2025 Epoch: 100
2025-11-16 09:09:57,480 INFO Final training 100/150, loss: 0.2834, time 611.75s, lr: 0.000489
Accuracy: 0.894
class                  precision    recall   specificity      f1   support
--------------------------------------------------------------------------
0                          0.951     0.893         0.956   0.921       281
1                          0.531     0.867         0.958   0.658        30
2                          0.905     0.898         0.920   0.902       265
*----------------------------------------*
2025-11-16 09:12:18,295 INFO Final validation 100/150, Val_acc: 0.8657, time 140.81sAccuracy: 0.903
class                  precision    recall   specificity      f1   support
--------------------------------------------------------------------------
0                          0.917     0.943         0.919   0.930        70
1                          0.625     0.625         0.978   0.625         8
2                          0.922     0.894         0.936   0.908        66
*========================================*
2025-11-16 09:12:18,295 INFO New best (0.852894 --> 0.865741)
2025-11-16 09:12:30,791 INFO Copying best model to best_model.pt
2025-11-16 09:12:34,957 INFO 0 Sun Nov 16 09:12:34 2025 Epoch: 101
2025-11-16 09:22:38,810 INFO Final training 101/150, loss: 0.2497, time 603.85s, lr: 0.000484
Accuracy: 0.913
class                  precision    recall   specificity      f1   support
--------------------------------------------------------------------------
0                          0.948     0.911         0.953   0.929       280
1                          0.600     0.900         0.967   0.720        30
2                          0.931     0.917         0.942   0.924       266
*----------------------------------------*
2025-11-16 09:22:39,274 INFO 0 Sun Nov 16 09:22:39 2025 Epoch: 102
2025-11-16 09:32:51,175 INFO Final training 102/150, loss: 0.2626, time 611.90s, lr: 0.000479
Accuracy: 0.910
class                  precision    recall   specificity      f1   support
--------------------------------------------------------------------------
0                          0.958     0.907         0.963   0.932       280
1                          0.596     0.933         0.965   0.727        30
2                          0.917     0.910         0.929   0.913       266
*----------------------------------------*
2025-11-16 09:35:12,099 INFO Final validation 102/150, Val_acc: 0.8066, time 140.92sAccuracy: 0.868
class                  precision    recall   specificity      f1   support
--------------------------------------------------------------------------
0                          0.912     0.886         0.919   0.899        70
1                          0.455     0.625         0.956   0.526         8
2                          0.892     0.879         0.910   0.885        66
*========================================*
2025-11-16 09:35:16,997 INFO 0 Sun Nov 16 09:35:16 2025 Epoch: 103
2025-11-16 09:45:27,902 INFO Final training 103/150, loss: 0.2386, time 610.91s, lr: 0.000474
Accuracy: 0.911
class                  precision    recall   specificity      f1   support
--------------------------------------------------------------------------
0                          0.958     0.904         0.963   0.930       281
1                          0.614     0.900         0.969   0.730        30
2                          0.914     0.921         0.926   0.917       265
*----------------------------------------*
2025-11-16 09:45:27,902 INFO 0 Sun Nov 16 09:45:27 2025 Epoch: 104
2025-11-16 09:55:35,562 INFO Final training 104/150, loss: 0.2530, time 607.66s, lr: 0.000468
Accuracy: 0.899
class                  precision    recall   specificity      f1   support
--------------------------------------------------------------------------
0                          0.947     0.897         0.953   0.921       281
1                          0.628     0.900         0.971   0.740        30
2                          0.895     0.902         0.910   0.898       265
*----------------------------------------*
2025-11-16 09:57:56,481 INFO Final validation 104/150, Val_acc: 0.8037, time 140.92sAccuracy: 0.854
class                  precision    recall   specificity      f1   support
--------------------------------------------------------------------------
0                          0.892     0.943         0.892   0.917        70
1                          0.333     0.625         0.926   0.435         8
2                          0.945     0.788         0.962   0.860        66
*========================================*
2025-11-16 09:58:01,466 INFO 0 Sun Nov 16 09:58:01 2025 Epoch: 105
2025-11-16 10:08:07,858 INFO Final training 105/150, loss: 0.2997, time 606.39s, lr: 0.000463
Accuracy: 0.896
class                  precision    recall   specificity      f1   support
--------------------------------------------------------------------------
0                          0.948     0.900         0.953   0.923       281
1                          0.532     0.833         0.960   0.649        30
2                          0.908     0.898         0.923   0.903       265
*----------------------------------------*
2025-11-16 10:08:07,858 INFO 0 Sun Nov 16 10:08:07 2025 Epoch: 106
2025-11-16 10:18:21,549 INFO Final training 106/150, loss: 0.2525, time 613.69s, lr: 0.000457
Accuracy: 0.906
class                  precision    recall   specificity      f1   support
--------------------------------------------------------------------------
0                          0.958     0.893         0.963   0.924       280
1                          0.628     0.900         0.971   0.740        30
2                          0.901     0.921         0.913   0.911       266
*----------------------------------------*
2025-11-16 10:20:42,472 INFO Final validation 106/150, Val_acc: 0.7719, time 140.92sAccuracy: 0.854
class                  precision    recall   specificity      f1   support
--------------------------------------------------------------------------
0                          0.865     0.914         0.865   0.889        70
1                          0.444     0.500         0.963   0.471         8
2                          0.902     0.833         0.923   0.866        66
*========================================*
2025-11-16 10:20:47,520 INFO 0 Sun Nov 16 10:20:47 2025 Epoch: 107
2025-11-16 10:30:57,109 INFO Final training 107/150, loss: 0.2351, time 609.59s, lr: 0.000452
Accuracy: 0.922
class                  precision    recall   specificity      f1   support
--------------------------------------------------------------------------
0                          0.956     0.922         0.959   0.938       281
1                          0.659     0.900         0.974   0.761        30
2                          0.928     0.925         0.939   0.926       265
*----------------------------------------*
2025-11-16 10:30:57,109 INFO 0 Sun Nov 16 10:30:57 2025 Epoch: 108
2025-11-16 10:41:05,648 INFO Final training 108/150, loss: 0.2728, time 608.54s, lr: 0.000446
Accuracy: 0.898
class                  precision    recall   specificity      f1   support
--------------------------------------------------------------------------
0                          0.951     0.890         0.956   0.919       281
1                          0.543     0.833         0.962   0.658        30
2                          0.906     0.913         0.920   0.910       265
*----------------------------------------*
2025-11-16 10:43:26,534 INFO Final validation 108/150, Val_acc: 0.8328, time 140.89sAccuracy: 0.896
class                  precision    recall   specificity      f1   support
--------------------------------------------------------------------------
0                          0.940     0.900         0.946   0.920        70
1                          0.556     0.625         0.971   0.588         8
2                          0.897     0.924         0.910   0.910        66
*========================================*
2025-11-16 10:43:31,552 INFO 0 Sun Nov 16 10:43:31 2025 Epoch: 109
2025-11-16 10:53:44,593 INFO Final training 109/150, loss: 0.2367, time 613.04s, lr: 0.000441
Accuracy: 0.918
class                  precision    recall   specificity      f1   support
--------------------------------------------------------------------------
0                          0.966     0.915         0.969   0.940       281
1                          0.574     0.931         0.963   0.711        29
2                          0.932     0.921         0.942   0.926       266
*----------------------------------------*
2025-11-16 10:53:44,593 INFO 0 Sun Nov 16 10:53:44 2025 Epoch: 110
2025-11-16 11:03:52,867 INFO Final training 110/150, loss: 0.3106, time 608.27s, lr: 0.000435
Accuracy: 0.901
class                  precision    recall   specificity      f1   support
--------------------------------------------------------------------------
0                          0.952     0.922         0.956   0.937       281
1                          0.522     0.800         0.960   0.632        30
2                          0.915     0.891         0.929   0.902       265
*----------------------------------------*
2025-11-16 11:06:13,800 INFO Final validation 110/150, Val_acc: 0.7939, time 140.93sAccuracy: 0.854
class                  precision    recall   specificity      f1   support
--------------------------------------------------------------------------
0                          0.925     0.886         0.932   0.905        70
1                          0.357     0.625         0.934   0.455         8
2                          0.889     0.848         0.910   0.868        66
*========================================*
2025-11-16 11:06:18,725 INFO 0 Sun Nov 16 11:06:18 2025 Epoch: 111
2025-11-16 11:16:22,352 INFO Final training 111/150, loss: 0.2543, time 603.63s, lr: 0.000429
Accuracy: 0.906
class                  precision    recall   specificity      f1   support
--------------------------------------------------------------------------
0                          0.955     0.900         0.959   0.927       281
1                          0.578     0.867         0.965   0.693        30
2                          0.914     0.917         0.926   0.915       265
*----------------------------------------*
2025-11-16 11:16:22,790 INFO 0 Sun Nov 16 11:16:22 2025 Epoch: 112
2025-11-16 11:26:28,377 INFO Final training 112/150, loss: 0.2290, time 605.59s, lr: 0.000423
Accuracy: 0.913
class                  precision    recall   specificity      f1   support
--------------------------------------------------------------------------
0                          0.955     0.915         0.959   0.935       281
1                          0.619     0.867         0.971   0.722        30
2                          0.917     0.917         0.929   0.917       265
*----------------------------------------*
2025-11-16 11:28:49,261 INFO Final validation 112/150, Val_acc: 0.7787, time 140.88sAccuracy: 0.847
class                  precision    recall   specificity      f1   support
--------------------------------------------------------------------------
0                          0.935     0.829         0.946   0.879        70
1                          0.417     0.625         0.949   0.500         8
2                          0.843     0.894         0.859   0.868        66
*========================================*
2025-11-16 11:28:54,335 INFO 0 Sun Nov 16 11:28:54 2025 Epoch: 113
2025-11-16 11:39:00,933 INFO Final training 113/150, loss: 0.2248, time 606.60s, lr: 0.000417
Accuracy: 0.920
class                  precision    recall   specificity      f1   support
--------------------------------------------------------------------------
0                          0.966     0.911         0.969   0.938       281
1                          0.643     0.900         0.973   0.750        30
2                          0.918     0.932         0.929   0.925       265
*----------------------------------------*
2025-11-16 11:39:00,933 INFO 0 Sun Nov 16 11:39:00 2025 Epoch: 114
2025-11-16 11:49:10,170 INFO Final training 114/150, loss: 0.2957, time 609.24s, lr: 0.000411
Accuracy: 0.884
class                  precision    recall   specificity      f1   support
--------------------------------------------------------------------------
0                          0.932     0.883         0.939   0.907       281
1                          0.500     0.867         0.952   0.634        30
2                          0.911     0.887         0.926   0.899       265
*----------------------------------------*
2025-11-16 11:51:31,094 INFO Final validation 114/150, Val_acc: 0.8108, time 140.92sAccuracy: 0.875
class                  precision    recall   specificity      f1   support
--------------------------------------------------------------------------
0                          0.926     0.900         0.932   0.913        70
1                          0.444     0.500         0.963   0.471         8
2                          0.881     0.894         0.897   0.887        66
*========================================*
2025-11-16 11:51:36,467 INFO 0 Sun Nov 16 11:51:36 2025 Epoch: 115
2025-11-16 12:01:44,168 INFO Final training 115/150, loss: 0.2378, time 607.70s, lr: 0.000405
Accuracy: 0.929
class                  precision    recall   specificity      f1   support
--------------------------------------------------------------------------
0                          0.970     0.925         0.973   0.947       281
1                          0.650     0.867         0.974   0.743        30
2                          0.929     0.940         0.939   0.934       265
*----------------------------------------*
2025-11-16 12:01:44,194 INFO 0 Sun Nov 16 12:01:44 2025 Epoch: 116
2025-11-16 12:11:47,399 INFO Final training 116/150, loss: 0.2508, time 603.21s, lr: 0.000399
Accuracy: 0.920
class                  precision    recall   specificity      f1   support
--------------------------------------------------------------------------
0                          0.963     0.925         0.966   0.944       280
1                          0.581     0.833         0.967   0.685        30
2                          0.932     0.925         0.942   0.928       266
*----------------------------------------*
2025-11-16 12:14:10,006 INFO Final validation 116/150, Val_acc: 0.8083, time 142.61sAccuracy: 0.875
class                  precision    recall   specificity      f1   support
--------------------------------------------------------------------------
0                          0.952     0.857         0.959   0.902        70
1                          0.545     0.750         0.963   0.632         8
2                          0.857     0.909         0.872   0.882        66
*========================================*
2025-11-16 12:14:15,172 INFO 0 Sun Nov 16 12:14:15 2025 Epoch: 117
2025-11-16 12:24:21,961 INFO Final training 117/150, loss: 0.2645, time 606.79s, lr: 0.000393
Accuracy: 0.915
class                  precision    recall   specificity      f1   support
--------------------------------------------------------------------------
0                          0.966     0.904         0.970   0.934       280
1                          0.540     0.900         0.958   0.675        30
2                          0.936     0.929         0.945   0.932       266
*----------------------------------------*
2025-11-16 12:24:21,962 INFO 0 Sun Nov 16 12:24:21 2025 Epoch: 118
2025-11-16 12:34:28,678 INFO Final training 118/150, loss: 0.1769, time 606.72s, lr: 0.000387
Accuracy: 0.932
class                  precision    recall   specificity      f1   support
--------------------------------------------------------------------------
0                          0.970     0.922         0.973   0.945       281
1                          0.667     1.000         0.973   0.800        30
2                          0.939     0.936         0.949   0.938       265
*----------------------------------------*
2025-11-16 12:36:49,406 INFO Final validation 118/150, Val_acc: 0.7980, time 140.73sAccuracy: 0.889
class                  precision    recall   specificity      f1   support
--------------------------------------------------------------------------
0                          0.929     0.929         0.932   0.929        70
1                          0.444     0.500         0.963   0.471         8
2                          0.908     0.894         0.923   0.901        66
*========================================*
2025-11-16 12:36:54,288 INFO 0 Sun Nov 16 12:36:54 2025 Epoch: 119
2025-11-16 12:47:00,106 INFO Final training 119/150, loss: 0.2267, time 605.82s, lr: 0.000380
Accuracy: 0.922
class                  precision    recall   specificity      f1   support
--------------------------------------------------------------------------
0                          0.970     0.929         0.973   0.949       280
1                          0.587     0.900         0.965   0.711        30
2                          0.931     0.917         0.942   0.924       266
*----------------------------------------*
2025-11-16 12:47:00,107 INFO 0 Sun Nov 16 12:47:00 2025 Epoch: 120
2025-11-16 12:57:02,693 INFO Final training 120/150, loss: 0.2111, time 602.59s, lr: 0.000374
Accuracy: 0.920
class                  precision    recall   specificity      f1   support
--------------------------------------------------------------------------
0                          0.949     0.918         0.953   0.933       281
1                          0.659     0.967         0.973   0.784        30
2                          0.935     0.917         0.945   0.926       265
*----------------------------------------*
2025-11-16 12:59:23,610 INFO Final validation 120/150, Val_acc: 0.8542, time 140.92sAccuracy: 0.882
class                  precision    recall   specificity      f1   support
--------------------------------------------------------------------------
0                          0.883     0.971         0.878   0.925        70
1                          0.500     0.625         0.963   0.556         8
2                          0.947     0.818         0.962   0.878        66
*========================================*
2025-11-16 12:59:28,487 INFO 0 Sun Nov 16 12:59:28 2025 Epoch: 121
2025-11-16 13:09:37,864 INFO Final training 121/150, loss: 0.2258, time 609.38s, lr: 0.000368
Accuracy: 0.922
class                  precision    recall   specificity      f1   support
--------------------------------------------------------------------------
0                          0.970     0.925         0.973   0.947       281
1                          0.622     0.933         0.969   0.747        30
2                          0.924     0.917         0.936   0.920       265
*----------------------------------------*
2025-11-16 13:09:38,308 INFO 0 Sun Nov 16 13:09:38 2025 Epoch: 122
2025-11-16 13:19:43,377 INFO Final training 122/150, loss: 0.2029, time 605.07s, lr: 0.000361
Accuracy: 0.939
class                  precision    recall   specificity      f1   support
--------------------------------------------------------------------------
0                          0.978     0.943         0.980   0.960       280
1                          0.636     0.933         0.971   0.757        30
2                          0.950     0.936         0.958   0.943       266
*----------------------------------------*
2025-11-16 13:22:04,354 INFO Final validation 122/150, Val_acc: 0.8245, time 140.98sAccuracy: 0.896
class                  precision    recall   specificity      f1   support
--------------------------------------------------------------------------
0                          0.955     0.900         0.959   0.926        70
1                          0.500     0.500         0.971   0.500         8
2                          0.886     0.939         0.897   0.912        66
*========================================*
2025-11-16 13:22:09,199 INFO 0 Sun Nov 16 13:22:09 2025 Epoch: 123
2025-11-16 13:32:15,368 INFO Final training 123/150, loss: 0.2170, time 606.17s, lr: 0.000355
Accuracy: 0.915
class                  precision    recall   specificity      f1   support
--------------------------------------------------------------------------
0                          0.970     0.918         0.973   0.943       280
1                          0.574     0.900         0.963   0.701        30
2                          0.920     0.914         0.932   0.917       266
*----------------------------------------*
2025-11-16 13:32:15,369 INFO 0 Sun Nov 16 13:32:15 2025 Epoch: 124
2025-11-16 13:42:16,591 INFO Final training 124/150, loss: 0.2371, time 601.22s, lr: 0.000349
Accuracy: 0.903
class                  precision    recall   specificity      f1   support
--------------------------------------------------------------------------
0                          0.947     0.900         0.953   0.923       280
1                          0.634     0.867         0.973   0.732        30
2                          0.900     0.910         0.913   0.905       266
*----------------------------------------*
2025-11-16 13:44:37,439 INFO Final validation 124/150, Val_acc: 0.8235, time 140.85sAccuracy: 0.896
class                  precision    recall   specificity      f1   support
--------------------------------------------------------------------------
0                          0.915     0.929         0.919   0.922        70
1                          0.571     0.500         0.978   0.533         8
2                          0.909     0.909         0.923   0.909        66
*========================================*
2025-11-16 13:44:42,333 INFO 0 Sun Nov 16 13:44:42 2025 Epoch: 125
2025-11-16 13:54:52,038 INFO Final training 125/150, loss: 0.2081, time 609.71s, lr: 0.000342
Accuracy: 0.931
class                  precision    recall   specificity      f1   support
--------------------------------------------------------------------------
0                          0.974     0.929         0.976   0.951       281
1                          0.605     0.867         0.969   0.712        30
2                          0.940     0.940         0.949   0.940       265
*----------------------------------------*
2025-11-16 13:54:52,038 INFO 0 Sun Nov 16 13:54:52 2025 Epoch: 126
2025-11-16 14:04:56,990 INFO Final training 126/150, loss: 0.1979, time 604.95s, lr: 0.000336
Accuracy: 0.922
class                  precision    recall   specificity      f1   support
--------------------------------------------------------------------------
0                          0.969     0.904         0.973   0.936       281
1                          0.683     0.933         0.976   0.789        30
2                          0.912     0.940         0.923   0.926       265
*----------------------------------------*
2025-11-16 14:07:17,875 INFO Final validation 126/150, Val_acc: 0.8275, time 140.88sAccuracy: 0.882
class                  precision    recall   specificity      f1   support
--------------------------------------------------------------------------
0                          0.850     0.971         0.838   0.907        70
1                          0.625     0.625         0.978   0.625         8
2                          0.964     0.818         0.974   0.885        66
*========================================*
2025-11-16 14:07:22,748 INFO 0 Sun Nov 16 14:07:22 2025 Epoch: 127
2025-11-16 14:17:27,216 INFO Final training 127/150, loss: 0.2135, time 604.47s, lr: 0.000329
Accuracy: 0.927
class                  precision    recall   specificity      f1   support
--------------------------------------------------------------------------
0                          0.956     0.929         0.959   0.942       281
1                          0.659     0.967         0.973   0.784        30
2                          0.942     0.921         0.952   0.931       265
*----------------------------------------*
2025-11-16 14:17:27,216 INFO 0 Sun Nov 16 14:17:27 2025 Epoch: 128
2025-11-16 14:27:30,910 INFO Final training 128/150, loss: 0.1931, time 603.69s, lr: 0.000323
Accuracy: 0.931
class                  precision    recall   specificity      f1   support
--------------------------------------------------------------------------
0                          0.960     0.936         0.963   0.948       281
1                          0.636     0.933         0.971   0.757        30
2                          0.950     0.925         0.958   0.937       265
*----------------------------------------*
2025-11-16 14:29:51,754 INFO Final validation 128/150, Val_acc: 0.7991, time 140.84sAccuracy: 0.861
class                  precision    recall   specificity      f1   support
--------------------------------------------------------------------------
0                          0.909     0.857         0.919   0.882        70
1                          0.571     0.500         0.978   0.533         8
2                          0.845     0.909         0.859   0.876        66
*========================================*
2025-11-16 14:29:56,635 INFO 0 Sun Nov 16 14:29:56 2025 Epoch: 129
2025-11-16 14:40:07,328 INFO Final training 129/150, loss: 0.2115, time 610.69s, lr: 0.000316
Accuracy: 0.918
class                  precision    recall   specificity      f1   support
--------------------------------------------------------------------------
0                          0.959     0.918         0.963   0.938       280
1                          0.667     0.933         0.974   0.778        30
2                          0.917     0.917         0.929   0.917       266
*----------------------------------------*
2025-11-16 14:40:07,328 INFO 0 Sun Nov 16 14:40:07 2025 Epoch: 130
2025-11-16 14:50:15,282 INFO Final training 130/150, loss: 0.2142, time 607.95s, lr: 0.000310
Accuracy: 0.931
class                  precision    recall   specificity      f1   support
--------------------------------------------------------------------------
0                          0.967     0.943         0.969   0.955       281
1                          0.628     0.900         0.971   0.740        30
2                          0.942     0.921         0.952   0.931       265
*----------------------------------------*
2025-11-16 14:52:36,158 INFO Final validation 130/150, Val_acc: 0.8385, time 140.88sAccuracy: 0.896
class                  precision    recall   specificity      f1   support
--------------------------------------------------------------------------
0                          0.907     0.971         0.905   0.938        70
1                          0.444     0.500         0.963   0.471         8
2                          0.950     0.864         0.962   0.905        66
*========================================*
2025-11-16 14:52:41,036 INFO 0 Sun Nov 16 14:52:41 2025 Epoch: 131
2025-11-16 15:02:48,673 INFO Final training 131/150, loss: 0.1801, time 607.64s, lr: 0.000303
Accuracy: 0.924
class                  precision    recall   specificity      f1   support
--------------------------------------------------------------------------
0                          0.955     0.915         0.959   0.935       281
1                          0.744     0.967         0.982   0.841        30
2                          0.918     0.928         0.929   0.923       265
*----------------------------------------*
2025-11-16 15:02:49,090 INFO 0 Sun Nov 16 15:02:49 2025 Epoch: 132
2025-11-16 15:12:57,961 INFO Final training 132/150, loss: 0.1227, time 608.87s, lr: 0.000297
Accuracy: 0.950
class                  precision    recall   specificity      f1   support
--------------------------------------------------------------------------
0                          0.971     0.950         0.973   0.960       281
1                          0.769     1.000         0.984   0.870        30
2                          0.954     0.943         0.961   0.949       265
*----------------------------------------*
2025-11-16 15:15:18,823 INFO Final validation 132/150, Val_acc: 0.8212, time 140.86sAccuracy: 0.875
class                  precision    recall   specificity      f1   support
--------------------------------------------------------------------------
0                          0.859     0.957         0.851   0.905        70
1                          0.571     0.500         0.978   0.533         8
2                          0.932     0.833         0.949   0.880        66
*========================================*
2025-11-16 15:15:23,702 INFO 0 Sun Nov 16 15:15:23 2025 Epoch: 133
2025-11-16 15:25:27,005 INFO Final training 133/150, loss: 0.1547, time 603.30s, lr: 0.000290
Accuracy: 0.950
class                  precision    recall   specificity      f1   support
--------------------------------------------------------------------------
0                          0.971     0.954         0.973   0.962       281
1                          0.806     0.967         0.987   0.879        30
2                          0.947     0.943         0.955   0.945       265
*----------------------------------------*
2025-11-16 15:25:27,005 INFO 0 Sun Nov 16 15:25:26 2025 Epoch: 134
2025-11-16 15:35:33,906 INFO Final training 134/150, loss: 0.1798, time 606.90s, lr: 0.000284
Accuracy: 0.924
class                  precision    recall   specificity      f1   support
--------------------------------------------------------------------------
0                          0.963     0.929         0.966   0.946       281
1                          0.605     0.867         0.969   0.712        30
2                          0.935     0.925         0.945   0.930       265
*----------------------------------------*
2025-11-16 15:37:54,764 INFO Final validation 134/150, Val_acc: 0.8640, time 140.86sAccuracy: 0.903
class                  precision    recall   specificity      f1   support
--------------------------------------------------------------------------
0                          0.915     0.929         0.919   0.922        70
1                          0.625     0.625         0.978   0.625         8
2                          0.923     0.909         0.936   0.916        66
*========================================*
2025-11-16 15:37:59,666 INFO 0 Sun Nov 16 15:37:59 2025 Epoch: 135
2025-11-16 15:48:02,873 INFO Final training 135/150, loss: 0.1949, time 603.21s, lr: 0.000277
Accuracy: 0.929
class                  precision    recall   specificity      f1   support
--------------------------------------------------------------------------
0                          0.967     0.939         0.970   0.953       280
1                          0.605     0.867         0.969   0.712        30
2                          0.943     0.925         0.952   0.934       266
*----------------------------------------*
2025-11-16 15:48:02,873 INFO 0 Sun Nov 16 15:48:02 2025 Epoch: 136
2025-11-16 15:58:06,786 INFO Final training 136/150, loss: 0.2160, time 603.91s, lr: 0.000271
Accuracy: 0.932
class                  precision    recall   specificity      f1   support
--------------------------------------------------------------------------
0                          0.963     0.929         0.966   0.945       280
1                          0.711     0.900         0.980   0.794        30
2                          0.933     0.940         0.942   0.936       266
*----------------------------------------*
2025-11-16 16:00:27,631 INFO Final validation 136/150, Val_acc: 0.7337, time 140.85sAccuracy: 0.806
class                  precision    recall   specificity      f1   support
--------------------------------------------------------------------------
0                          0.840     0.900         0.838   0.869        70
1                          0.353     0.750         0.919   0.480         8
2                          0.904     0.712         0.936   0.797        66
*========================================*
2025-11-16 16:00:32,528 INFO 0 Sun Nov 16 16:00:32 2025 Epoch: 137
2025-11-16 16:10:37,950 INFO Final training 137/150, loss: 0.1868, time 605.42s, lr: 0.000264
Accuracy: 0.934
class                  precision    recall   specificity      f1   support
--------------------------------------------------------------------------
0                          0.967     0.936         0.970   0.951       280
1                          0.630     0.967         0.969   0.763        30
2                          0.954     0.929         0.961   0.941       266
*----------------------------------------*
2025-11-16 16:10:37,950 INFO 0 Sun Nov 16 16:10:37 2025 Epoch: 138
2025-11-16 16:20:44,787 INFO Final training 138/150, loss: 0.2037, time 606.84s, lr: 0.000258
Accuracy: 0.938
class                  precision    recall   specificity      f1   support
--------------------------------------------------------------------------
0                          0.974     0.939         0.976   0.956       280
1                          0.684     0.867         0.978   0.765        30
2                          0.937     0.944         0.945   0.940       266
*----------------------------------------*
2025-11-16 16:23:05,633 INFO Final validation 138/150, Val_acc: 0.7806, time 140.85sAccuracy: 0.861
class                  precision    recall   specificity      f1   support
--------------------------------------------------------------------------
0                          0.926     0.900         0.932   0.913        70
1                          0.385     0.625         0.941   0.476         8
2                          0.889     0.848         0.910   0.868        66
*========================================*
2025-11-16 16:23:10,551 INFO 0 Sun Nov 16 16:23:10 2025 Epoch: 139
2025-11-16 16:33:18,401 INFO Final training 139/150, loss: 0.1568, time 607.85s, lr: 0.000251
Accuracy: 0.943
class                  precision    recall   specificity      f1   support
--------------------------------------------------------------------------
0                          0.978     0.932         0.980   0.954       281
1                          0.700     0.933         0.978   0.800        30
2                          0.944     0.955         0.952   0.949       265
*----------------------------------------*
2025-11-16 16:33:18,401 INFO 0 Sun Nov 16 16:33:18 2025 Epoch: 140
2025-11-16 16:43:27,478 INFO Final training 140/150, loss: 0.1369, time 609.08s, lr: 0.000245
Accuracy: 0.944
class                  precision    recall   specificity      f1   support
--------------------------------------------------------------------------
0                          0.974     0.936         0.976   0.955       281
1                          0.714     1.000         0.978   0.833        30
2                          0.951     0.947         0.958   0.949       265
*----------------------------------------*
2025-11-16 16:45:48,486 INFO Final validation 140/150, Val_acc: 0.8333, time 141.01sAccuracy: 0.889
class                  precision    recall   specificity      f1   support
--------------------------------------------------------------------------
0                          0.890     0.929         0.892   0.909        70
1                          0.625     0.625         0.978   0.625         8
2                          0.921     0.879         0.936   0.899        66
*========================================*
2025-11-16 16:45:53,397 INFO 0 Sun Nov 16 16:45:53 2025 Epoch: 141
2025-11-16 16:56:01,561 INFO Final training 141/150, loss: 0.1865, time 608.16s, lr: 0.000239
Accuracy: 0.939
class                  precision    recall   specificity      f1   support
--------------------------------------------------------------------------
0                          0.967     0.939         0.970   0.953       280
1                          0.703     0.867         0.980   0.776        30
2                          0.944     0.947         0.952   0.946       266
*----------------------------------------*
2025-11-16 16:56:02,077 INFO 0 Sun Nov 16 16:56:02 2025 Epoch: 142
2025-11-16 17:06:04,686 INFO Final training 142/150, loss: 0.1777, time 602.61s, lr: 0.000232
Accuracy: 0.932
class                  precision    recall   specificity      f1   support
--------------------------------------------------------------------------
0                          0.956     0.918         0.959   0.936       281
1                          0.763     0.967         0.984   0.853        30
2                          0.933     0.943         0.942   0.938       265
*----------------------------------------*
2025-11-16 17:08:25,473 INFO Final validation 142/150, Val_acc: 0.8142, time 140.79sAccuracy: 0.889
class                  precision    recall   specificity      f1   support
--------------------------------------------------------------------------
0                          0.882     0.957         0.878   0.918        70
1                          0.500     0.500         0.971   0.500         8
2                          0.950     0.864         0.962   0.905        66
*========================================*
2025-11-16 17:08:30,457 INFO [EarlyStopping] Stopping Validation for loss at epoch 142
2025-11-16 17:08:30,965 INFO Training Finished! Best Accuracy: 0.8657
2025-11-16 17:08:30,965 INFO ====================================================================================================
2025-11-16 17:08:30,965 INFO 
2025-11-16 17:10:07,728 INFO Final testing , Test_acc: 0.6626, time 86.39sAccuracy: 0.866
class                  precision    recall   specificity      f1   support
--------------------------------------------------------------------------
0                          0.897     0.875         0.905   0.886        40
1                          0.714     1.000         0.974   0.833         5
2                          0.861     0.838         0.889   0.849        37
*========================================*
2025-11-16 17:10:08,159 INFO Testing Finished! Best Accuracy: 0.6626
2025-11-16 17:10:08,159 INFO ====================================================================================================
2025-11-16 17:10:13,014 INFO Total time spent: 16 hours 53 minutes 05 seconds
