2025-11-24 16:41:01,091 INFO Log directory: outputs/OrganoidsINRIA_reduced/resnet18/2025-11-24-16-41
2025-11-24 16:41:01,093 INFO {'RandFlipd_prob': 0.2,
 'RandRotate90d_prob': 0.2,
 'RandScaleIntensityd_prob': 0.1,
 'RandShiftIntensityd_prob': 0.1,
 'amp': True,
 'augmentation': True,
 'batch_size': 6,
 'cache_dataset': False,
 'checkpoint_path': None,
 'data_dir': '/home/mraffael/martone_project/Organoids_Dataset_256/',
 'dataset_name': 'OrganoidsINRIA_reduced',
 'debug': False,
 'debug_train_samples': 40,
 'debug_val_samples': 10,
 'dist_backend': 'nccl',
 'dist_url': 'tcp://127.0.0.1:23456',
 'distributed': False,
 'dropout_path_rate': 0.0,
 'dropout_rate': 0.0,
 'early_stopping': True,
 'encoder10_pth': '',
 'exact_class': False,
 'feature_size': 48,
 'fold': 0,
 'folds': False,
 'gpu': 0,
 'ignore_label': 3,
 'in_channels': 1,
 'infer_overlap': 0.5,
 'k_folds': 5,
 'logdir': 'test',
 'logs_dir': 'logs/',
 'loss_name': 'CE',
 'lrschedule': 'warmup_cosine',
 'max_epochs': 150,
 'min_delta_loss': 0.001,
 'min_delta_val': 0.01,
 'model_name': 'resnet18',
 'momentum': 0.99,
 'noamp': False,
 'norm_name': 'instance',
 'oar_id': 2129098,
 'optim_lr': 0.01,
 'optim_name': 'adamw',
 'out_channels': 1,
 'output_dir': 'outputs/',
 'patch_merging': False,
 'patience_loss': 40,
 'patience_val': 40,
 'pretrained_dir': './pretrained_models/resnet18/',
 'pretrained_model_name': 'resnet_18.pth',
 'rank': 0,
 'reg_weight': 5e-05,
 'restart_T0': 20,
 'resume_ckpt': False,
 'roi_x': 64,
 'roi_y': 64,
 'roi_z': 64,
 'save_checkpoint': True,
 'seed': 3,
 'similarity_loss': '',
 'similarity_loss_weight': 0.0,
 'spatial_dims': 3,
 'split_method': 'stratified',
 'start_epoch': 0,
 'sw_batch_size': 8,
 'telegram_log': True,
 'test_mode': False,
 'token': './token/tlg_token.txt',
 'use_checkpoint': False,
 'val_every': 2,
 'warmup_epochs': 5,
 'workers': 8,
 'world_size': 1}
2025-11-24 16:41:01,093 INFO 
2025-11-24 16:41:01,098 INFO Saved configuration to: outputs/OrganoidsINRIA_reduced/resnet18/2025-11-24-16-41/config.txt
2025-11-24 16:41:01,743 INFO Using GPU: 0
2025-11-24 16:41:01,744 INFO 
2025-11-24 16:41:01,744 INFO Model INFO:
2025-11-24 16:41:01,744 INFO Model architecture: resnet18
2025-11-24 16:41:02,005 INFO Using pretrained weights
2025-11-24 16:41:02,005 INFO => loading pretrained model './pretrained_models/resnet18/resnet_18.pth'
2025-11-24 16:41:03,303 INFO Missing keys when loading pretrained: 27
2025-11-24 16:41:03,304 WARNING Warning: ResNet18_3D not found, using ResNet50_3D wrapper as fallback
2025-11-24 16:41:03,304 INFO Using ResNet with Single Linear Classification Head
2025-11-24 16:41:03,304 INFO Total trainable parameters: 33,320,451
2025-11-24 16:41:03,323 INFO 
2025-11-24 16:41:03,323 INFO Optimizer INFO:
2025-11-24 16:41:03,323 INFO Using optimizer: adamw with lr=0.01, weight_decay=5e-05
2025-11-24 16:41:03,324 INFO 
2025-11-24 16:41:03,324 INFO Dataset INFO:
2025-11-24 16:41:03,343 INFO Dataset length: 721
2025-11-24 16:41:03,343 INFO Class distribution in entire dataset:
2025-11-24 16:41:03,343 INFO   Class 0: 351
2025-11-24 16:41:03,343 INFO   Class 1: 38
2025-11-24 16:41:03,343 INFO   Class 2: 332
2025-11-24 16:41:03,343 INFO 
Using split method: stratified
2025-11-24 16:41:03,355 INFO 
Train set balance:
2025-11-24 16:41:03,356 INFO 
Val set balance:
2025-11-24 16:41:03,356 INFO Training set length: 577
2025-11-24 16:41:03,356 INFO Validation set length: 144
2025-11-24 16:41:03,356 INFO 
Using standard shuffle for training
2025-11-24 16:41:03,356 INFO Training loader: 96 batches
2025-11-24 16:41:03,356 INFO Validation loader: 24 batches
2025-11-24 16:41:03,356 INFO 
Class distribution in training set:
2025-11-24 16:41:03,356 INFO   Class 0: 281 (48.7%)
2025-11-24 16:41:03,356 INFO   Class 1: 30 (5.2%)
2025-11-24 16:41:03,356 INFO   Class 2: 266 (46.1%)
2025-11-24 16:41:03,356 INFO Class distribution in validation set:
2025-11-24 16:41:03,356 INFO   Class 0: 70 (48.6%)
2025-11-24 16:41:03,356 INFO   Class 1: 8 (5.6%)
2025-11-24 16:41:03,356 INFO   Class 2: 66 (45.8%)
2025-11-24 16:41:03,356 INFO **************************************************
2025-11-24 16:41:03,387 INFO Class weights: [ 6.845  64.111  7.231]
2025-11-24 16:41:03,387 INFO 
2025-11-24 16:41:03,387 INFO Test Dataset INFO:
2025-11-24 16:41:03,394 INFO Test Dataset length: 82
2025-11-24 16:41:03,394 INFO Class distribution in test dataset:
2025-11-24 16:41:03,394 INFO   Class 0: 40
2025-11-24 16:41:03,394 INFO   Class 1: 5
2025-11-24 16:41:03,394 INFO   Class 2: 37
2025-11-24 16:41:03,395 INFO Test loader: 14 batches
2025-11-24 16:41:03,395 INFO **************************************************
2025-11-24 16:41:03,395 INFO 
2025-11-24 16:41:03,395 INFO Using loss function: CE
2025-11-24 16:41:03,398 INFO **************************************************
2025-11-24 16:41:03,398 INFO Starting training...
2025-11-24 16:41:03,400 INFO 0 Mon Nov 24 16:41:03 2025 Epoch: 1
2025-11-24 16:43:06,571 INFO Final training 1/150, loss: 1.0517, time 123.17s, lr: 0.000000
Accuracy: 0.488
class                  precision    recall   specificity      f1   support
--------------------------------------------------------------------------
0                          0.488     1.000         0.000   0.656       281
1                          0.000     0.000         1.000   0.000        30
2                          0.000     0.000         1.000   0.000       265
*----------------------------------------*
2025-11-24 16:43:07,044 INFO 0 Mon Nov 24 16:43:07 2025 Epoch: 2
2025-11-24 16:44:52,518 INFO Final training 2/150, loss: 1.1014, time 105.47s, lr: 0.002500
Accuracy: 0.470
class                  precision    recall   specificity      f1   support
--------------------------------------------------------------------------
0                          0.492     0.516         0.492   0.503       281
1                          0.054     0.067         0.936   0.060        30
2                          0.508     0.468         0.614   0.487       265
*----------------------------------------*
2025-11-24 16:45:29,165 INFO Final validation 2/150, Val_acc: 0.1076, time 36.65sAccuracy: 0.062
class                  precision    recall   specificity      f1   support
--------------------------------------------------------------------------
0                          0.000     0.000         1.000   0.000        70
1                          0.059     1.000         0.059   0.111         8
2                          0.125     0.015         0.910   0.027        66
*========================================*
2025-11-24 16:45:29,165 INFO New best (0.000000 --> 0.107639)
2025-11-24 16:45:34,754 INFO Copying best model to best_model.pt
2025-11-24 16:45:38,418 INFO 0 Mon Nov 24 16:45:38 2025 Epoch: 3
2025-11-24 16:47:19,826 INFO Final training 3/150, loss: 1.0096, time 101.41s, lr: 0.005000
Accuracy: 0.543
class                  precision    recall   specificity      f1   support
--------------------------------------------------------------------------
0                          0.565     0.573         0.580   0.569       281
1                          0.048     0.067         0.927   0.056        30
2                          0.602     0.566         0.682   0.584       265
*----------------------------------------*
2025-11-24 16:47:19,826 INFO 0 Mon Nov 24 16:47:19 2025 Epoch: 4
2025-11-24 16:49:03,806 INFO Final training 4/150, loss: 1.0869, time 103.98s, lr: 0.007500
Accuracy: 0.438
class                  precision    recall   specificity      f1   support
--------------------------------------------------------------------------
0                          0.492     0.427         0.580   0.457       281
1                          0.147     0.367         0.883   0.210        30
2                          0.471     0.457         0.563   0.464       265
*----------------------------------------*
2025-11-24 16:49:13,773 INFO Final validation 4/150, Val_acc: 0.4306, time 9.97sAccuracy: 0.458
class                  precision    recall   specificity      f1   support
--------------------------------------------------------------------------
0                          0.000     0.000         1.000   0.000        70
1                          0.000     0.000         0.978   0.000         8
2                          0.468     1.000         0.038   0.638        66
*========================================*
2025-11-24 16:49:13,773 INFO New best (0.107639 --> 0.430556)
2025-11-24 16:49:19,471 INFO Copying best model to best_model.pt
2025-11-24 16:49:23,287 INFO 0 Mon Nov 24 16:49:23 2025 Epoch: 5
2025-11-24 16:51:08,189 INFO Final training 5/150, loss: 0.9929, time 104.90s, lr: 0.010000
Accuracy: 0.507
class                  precision    recall   specificity      f1   support
--------------------------------------------------------------------------
0                          0.552     0.550         0.578   0.551       280
1                          0.200     0.333         0.927   0.250        30
2                          0.518     0.481         0.616   0.499       266
*----------------------------------------*
2025-11-24 16:51:08,190 INFO 0 Mon Nov 24 16:51:08 2025 Epoch: 6
2025-11-24 16:52:51,669 INFO Final training 6/150, loss: 0.7900, time 103.48s, lr: 0.010000
Accuracy: 0.599
class                  precision    recall   specificity      f1   support
--------------------------------------------------------------------------
0                          0.685     0.665         0.708   0.675       281
1                          0.235     0.633         0.886   0.342        30
2                          0.626     0.525         0.733   0.571       265
*----------------------------------------*
2025-11-24 16:53:01,166 INFO Final validation 6/150, Val_acc: 0.4583, time 9.50sAccuracy: 0.486
class                  precision    recall   specificity      f1   support
--------------------------------------------------------------------------
0                          0.486     1.000         0.000   0.654        70
1                          0.000     0.000         1.000   0.000         8
2                          0.000     0.000         1.000   0.000        66
*========================================*
2025-11-24 16:53:01,166 INFO New best (0.430556 --> 0.458333)
2025-11-24 16:53:06,832 INFO Copying best model to best_model.pt
2025-11-24 16:53:10,664 INFO 0 Mon Nov 24 16:53:10 2025 Epoch: 7
2025-11-24 16:54:55,598 INFO Final training 7/150, loss: 0.7669, time 104.93s, lr: 0.009999
Accuracy: 0.637
class                  precision    recall   specificity      f1   support
--------------------------------------------------------------------------
0                          0.713     0.711         0.730   0.712       280
1                          0.254     0.567         0.908   0.351        30
2                          0.657     0.568         0.745   0.609       266
*----------------------------------------*
2025-11-24 16:54:55,598 INFO 0 Mon Nov 24 16:54:55 2025 Epoch: 8
2025-11-24 16:56:41,665 INFO Final training 8/150, loss: 0.6949, time 106.07s, lr: 0.009995
Accuracy: 0.660
class                  precision    recall   specificity      f1   support
--------------------------------------------------------------------------
0                          0.722     0.747         0.725   0.734       281
1                          0.306     0.733         0.908   0.431        30
2                          0.695     0.558         0.791   0.619       265
*----------------------------------------*
2025-11-24 16:56:51,124 INFO Final validation 8/150, Val_acc: 0.4366, time 9.46sAccuracy: 0.451
class                  precision    recall   specificity      f1   support
--------------------------------------------------------------------------
0                          0.469     0.871         0.068   0.610        70
1                          0.000     0.000         1.000   0.000         8
2                          0.286     0.061         0.872   0.100        66
*========================================*
2025-11-24 16:56:55,602 INFO 0 Mon Nov 24 16:56:55 2025 Epoch: 9
2025-11-24 16:58:42,292 INFO Final training 9/150, loss: 0.6780, time 106.69s, lr: 0.009989
Accuracy: 0.696
class                  precision    recall   specificity      f1   support
--------------------------------------------------------------------------
0                          0.731     0.786         0.726   0.757       280
1                          0.381     0.800         0.929   0.516        30
2                          0.741     0.590         0.823   0.657       266
*----------------------------------------*
2025-11-24 16:58:42,292 INFO 0 Mon Nov 24 16:58:42 2025 Epoch: 10
2025-11-24 17:00:21,656 INFO Final training 10/150, loss: 0.5686, time 99.36s, lr: 0.009981
Accuracy: 0.738
class                  precision    recall   specificity      f1   support
--------------------------------------------------------------------------
0                          0.779     0.815         0.780   0.797       281
1                          0.388     0.897         0.925   0.542        29
2                          0.791     0.639         0.855   0.707       266
*----------------------------------------*
2025-11-24 17:00:30,929 INFO Final validation 10/150, Val_acc: 0.1808, time 9.27sAccuracy: 0.194
class                  precision    recall   specificity      f1   support
--------------------------------------------------------------------------
0                          0.277     0.400         0.014   0.327        70
1                          0.000     0.000         1.000   0.000         8
2                          0.000     0.000         0.449   0.000        66
*========================================*
2025-11-24 17:00:36,015 INFO 0 Mon Nov 24 17:00:36 2025 Epoch: 11
2025-11-24 17:02:16,154 INFO Final training 11/150, loss: 0.6014, time 100.14s, lr: 0.009971
Accuracy: 0.734
class                  precision    recall   specificity      f1   support
--------------------------------------------------------------------------
0                          0.789     0.786         0.801   0.787       280
1                          0.339     0.700         0.925   0.457        30
2                          0.774     0.684         0.829   0.727       266
*----------------------------------------*
2025-11-24 17:02:17,938 INFO 0 Mon Nov 24 17:02:17 2025 Epoch: 12
2025-11-24 17:03:58,228 INFO Final training 12/150, loss: 0.5377, time 100.29s, lr: 0.009958
Accuracy: 0.745
class                  precision    recall   specificity      f1   support
--------------------------------------------------------------------------
0                          0.779     0.790         0.786   0.784       281
1                          0.411     0.793         0.940   0.541        29
2                          0.783     0.692         0.835   0.735       266
*----------------------------------------*
2025-11-24 17:04:07,493 INFO Final validation 12/150, Val_acc: 0.4322, time 9.26sAccuracy: 0.472
class                  precision    recall   specificity      f1   support
--------------------------------------------------------------------------
0                          0.477     0.900         0.068   0.624        70
1                          0.375     0.375         0.963   0.375         8
2                          0.500     0.030         0.974   0.057        66
*========================================*
2025-11-24 17:04:11,830 INFO 0 Mon Nov 24 17:04:11 2025 Epoch: 13
2025-11-24 17:05:51,575 INFO Final training 13/150, loss: 0.5361, time 99.75s, lr: 0.009943
Accuracy: 0.766
class                  precision    recall   specificity      f1   support
--------------------------------------------------------------------------
0                          0.812     0.815         0.820   0.813       281
1                          0.379     0.733         0.934   0.500        30
2                          0.805     0.717         0.852   0.758       265
*----------------------------------------*
2025-11-24 17:05:51,576 INFO 0 Mon Nov 24 17:05:51 2025 Epoch: 14
2025-11-24 17:07:36,109 INFO Final training 14/150, loss: 0.4643, time 104.53s, lr: 0.009925
Accuracy: 0.797
class                  precision    recall   specificity      f1   support
--------------------------------------------------------------------------
0                          0.811     0.854         0.810   0.832       281
1                          0.509     0.933         0.951   0.659        30
2                          0.849     0.721         0.891   0.780       265
*----------------------------------------*
2025-11-24 17:07:45,644 INFO Final validation 14/150, Val_acc: 0.3569, time 9.54sAccuracy: 0.403
class                  precision    recall   specificity      f1   support
--------------------------------------------------------------------------
0                          0.417     0.571         0.243   0.482        70
1                          0.067     0.125         0.897   0.087         8
2                          0.515     0.258         0.795   0.343        66
*========================================*
2025-11-24 17:07:49,707 INFO 0 Mon Nov 24 17:07:49 2025 Epoch: 15
2025-11-24 17:09:34,017 INFO Final training 15/150, loss: 0.4145, time 104.31s, lr: 0.009905
Accuracy: 0.826
class                  precision    recall   specificity      f1   support
--------------------------------------------------------------------------
0                          0.846     0.886         0.848   0.866       280
1                          0.490     0.833         0.952   0.617        30
2                          0.875     0.763         0.906   0.815       266
*----------------------------------------*
2025-11-24 17:09:34,017 INFO 0 Mon Nov 24 17:09:34 2025 Epoch: 16
2025-11-24 17:11:15,456 INFO Final training 16/150, loss: 0.4146, time 101.44s, lr: 0.009883
Accuracy: 0.839
class                  precision    recall   specificity      f1   support
--------------------------------------------------------------------------
0                          0.876     0.883         0.881   0.879       281
1                          0.466     0.900         0.943   0.614        30
2                          0.885     0.785         0.913   0.832       265
*----------------------------------------*
2025-11-24 17:11:24,943 INFO Final validation 16/150, Val_acc: 0.3881, time 9.49sAccuracy: 0.431
class                  precision    recall   specificity      f1   support
--------------------------------------------------------------------------
0                          0.456     0.886         0.000   0.602        70
1                          0.000     0.000         1.000   0.000         8
2                          0.000     0.000         0.897   0.000        66
*========================================*
2025-11-24 17:11:29,088 INFO 0 Mon Nov 24 17:11:29 2025 Epoch: 17
2025-11-24 17:13:13,582 INFO Final training 17/150, loss: 0.3938, time 104.49s, lr: 0.009859
Accuracy: 0.842
class                  precision    recall   specificity      f1   support
--------------------------------------------------------------------------
0                          0.897     0.868         0.905   0.882       280
1                          0.446     0.833         0.943   0.581        30
2                          0.871     0.816         0.897   0.843       266
*----------------------------------------*
2025-11-24 17:13:13,582 INFO 0 Mon Nov 24 17:13:13 2025 Epoch: 18
2025-11-24 17:14:49,817 INFO Final training 18/150, loss: 0.4028, time 96.23s, lr: 0.009832
Accuracy: 0.842
class                  precision    recall   specificity      f1   support
--------------------------------------------------------------------------
0                          0.898     0.843         0.908   0.870       281
1                          0.500     0.900         0.951   0.643        30
2                          0.857     0.834         0.881   0.845       265
*----------------------------------------*
2025-11-24 17:14:59,382 INFO Final validation 18/150, Val_acc: 0.3206, time 9.56sAccuracy: 0.368
class                  precision    recall   specificity      f1   support
--------------------------------------------------------------------------
0                          0.000     0.000         0.878   0.000        70
1                          0.109     0.875         0.581   0.194         8
2                          0.648     0.697         0.679   0.672        66
*========================================*
2025-11-24 17:15:03,612 INFO 0 Mon Nov 24 17:15:03 2025 Epoch: 19
2025-11-24 17:16:45,082 INFO Final training 19/150, loss: 0.3218, time 101.47s, lr: 0.009803
Accuracy: 0.873
class                  precision    recall   specificity      f1   support
--------------------------------------------------------------------------
0                          0.913     0.900         0.919   0.907       281
1                          0.509     0.933         0.951   0.659        30
2                          0.910     0.838         0.929   0.872       265
*----------------------------------------*
2025-11-24 17:16:45,082 INFO 0 Mon Nov 24 17:16:45 2025 Epoch: 20
2025-11-24 17:18:29,926 INFO Final training 20/150, loss: 0.3116, time 104.84s, lr: 0.009772
Accuracy: 0.865
class                  precision    recall   specificity      f1   support
--------------------------------------------------------------------------
0                          0.910     0.868         0.919   0.888       280
1                          0.551     0.900         0.960   0.684        30
2                          0.877     0.857         0.897   0.867       266
*----------------------------------------*
2025-11-24 17:18:39,416 INFO Final validation 20/150, Val_acc: 0.4583, time 9.49sAccuracy: 0.486
class                  precision    recall   specificity      f1   support
--------------------------------------------------------------------------
0                          0.486     1.000         0.000   0.654        70
1                          0.000     0.000         1.000   0.000         8
2                          0.000     0.000         1.000   0.000        66
*========================================*
2025-11-24 17:18:43,800 INFO 0 Mon Nov 24 17:18:43 2025 Epoch: 21
2025-11-24 17:20:26,488 INFO Final training 21/150, loss: 0.2859, time 102.69s, lr: 0.009738
Accuracy: 0.882
class                  precision    recall   specificity      f1   support
--------------------------------------------------------------------------
0                          0.919     0.889         0.926   0.904       280
1                          0.549     0.933         0.958   0.691        30
2                          0.909     0.868         0.926   0.888       266
*----------------------------------------*
2025-11-24 17:20:26,929 INFO 0 Mon Nov 24 17:20:26 2025 Epoch: 22
2025-11-24 17:22:16,317 INFO Final training 22/150, loss: 0.3717, time 109.39s, lr: 0.009703
Accuracy: 0.852
class                  precision    recall   specificity      f1   support
--------------------------------------------------------------------------
0                          0.913     0.858         0.922   0.884       281
1                          0.456     0.867         0.943   0.598        30
2                          0.878     0.845         0.900   0.862       265
*----------------------------------------*
2025-11-24 17:22:25,770 INFO Final validation 22/150, Val_acc: 0.3975, time 9.45sAccuracy: 0.451
class                  precision    recall   specificity      f1   support
--------------------------------------------------------------------------
0                          0.507     0.529         0.514   0.517        70
1                          0.154     0.750         0.757   0.255         8
2                          0.688     0.333         0.872   0.449        66
*========================================*
2025-11-24 17:22:30,066 INFO 0 Mon Nov 24 17:22:30 2025 Epoch: 23
2025-11-24 17:24:13,282 INFO Final training 23/150, loss: 0.3231, time 103.22s, lr: 0.009665
Accuracy: 0.882
class                  precision    recall   specificity      f1   support
--------------------------------------------------------------------------
0                          0.925     0.886         0.932   0.905       280
1                          0.574     0.900         0.963   0.701        30
2                          0.893     0.876         0.910   0.884       266
*----------------------------------------*
2025-11-24 17:24:13,283 INFO 0 Mon Nov 24 17:24:13 2025 Epoch: 24
2025-11-24 17:25:56,842 INFO Final training 24/150, loss: 0.2876, time 103.56s, lr: 0.009625
Accuracy: 0.887
class                  precision    recall   specificity      f1   support
--------------------------------------------------------------------------
0                          0.937     0.897         0.942   0.916       281
1                          0.531     0.867         0.958   0.658        30
2                          0.903     0.879         0.920   0.891       265
*----------------------------------------*
2025-11-24 17:26:06,338 INFO Final validation 24/150, Val_acc: 0.4583, time 9.49sAccuracy: 0.486
class                  precision    recall   specificity      f1   support
--------------------------------------------------------------------------
0                          0.486     1.000         0.000   0.654        70
1                          0.000     0.000         1.000   0.000         8
2                          0.000     0.000         1.000   0.000        66
*========================================*
2025-11-24 17:26:10,502 INFO 0 Mon Nov 24 17:26:10 2025 Epoch: 25
2025-11-24 17:27:55,431 INFO Final training 25/150, loss: 0.2962, time 104.93s, lr: 0.009582
Accuracy: 0.884
class                  precision    recall   specificity      f1   support
--------------------------------------------------------------------------
0                          0.940     0.889         0.946   0.914       280
1                          0.509     0.900         0.952   0.651        30
2                          0.903     0.876         0.919   0.889       266
*----------------------------------------*
2025-11-24 17:27:55,432 INFO 0 Mon Nov 24 17:27:55 2025 Epoch: 26
2025-11-24 17:29:38,859 INFO Final training 26/150, loss: 0.2774, time 103.43s, lr: 0.009538
Accuracy: 0.903
class                  precision    recall   specificity      f1   support
--------------------------------------------------------------------------
0                          0.945     0.918         0.949   0.931       280
1                          0.574     0.900         0.963   0.701        30
2                          0.918     0.887         0.932   0.902       266
*----------------------------------------*
2025-11-24 17:29:48,355 INFO Final validation 26/150, Val_acc: 0.2289, time 9.50sAccuracy: 0.229
class                  precision    recall   specificity      f1   support
--------------------------------------------------------------------------
0                          0.000     0.000         0.743   0.000        70
1                          0.086     1.000         0.375   0.158         8
2                          0.781     0.379         0.910   0.510        66
*========================================*
2025-11-24 17:29:52,436 INFO 0 Mon Nov 24 17:29:52 2025 Epoch: 27
2025-11-24 17:31:36,171 INFO Final training 27/150, loss: 0.2883, time 103.74s, lr: 0.009491
Accuracy: 0.880
class                  precision    recall   specificity      f1   support
--------------------------------------------------------------------------
0                          0.932     0.875         0.939   0.903       281
1                          0.538     0.933         0.956   0.683        30
2                          0.896     0.879         0.913   0.888       265
*----------------------------------------*
2025-11-24 17:31:36,172 INFO 0 Mon Nov 24 17:31:36 2025 Epoch: 28
2025-11-24 17:33:18,764 INFO Final training 28/150, loss: 0.2068, time 102.59s, lr: 0.009443
Accuracy: 0.931
class                  precision    recall   specificity      f1   support
--------------------------------------------------------------------------
0                          0.967     0.939         0.970   0.953       280
1                          0.609     0.933         0.967   0.737        30
2                          0.950     0.921         0.958   0.935       266
*----------------------------------------*
2025-11-24 17:33:28,291 INFO Final validation 28/150, Val_acc: 0.4448, time 9.53sAccuracy: 0.479
class                  precision    recall   specificity      f1   support
--------------------------------------------------------------------------
0                          0.477     0.600         0.378   0.532        70
1                          0.000     0.000         1.000   0.000         8
2                          0.482     0.409         0.628   0.443        66
*========================================*
2025-11-24 17:33:32,844 INFO 0 Mon Nov 24 17:33:32 2025 Epoch: 29
2025-11-24 17:35:22,039 INFO Final training 29/150, loss: 0.2254, time 109.19s, lr: 0.009392
Accuracy: 0.920
class                  precision    recall   specificity      f1   support
--------------------------------------------------------------------------
0                          0.970     0.922         0.973   0.945       281
1                          0.551     0.931         0.960   0.692        29
2                          0.938     0.917         0.948   0.928       266
*----------------------------------------*
2025-11-24 17:35:22,039 INFO 0 Mon Nov 24 17:35:22 2025 Epoch: 30
2025-11-24 17:37:05,672 INFO Final training 30/150, loss: 0.2281, time 103.63s, lr: 0.009339
Accuracy: 0.908
class                  precision    recall   specificity      f1   support
--------------------------------------------------------------------------
0                          0.966     0.914         0.970   0.939       280
1                          0.518     0.967         0.951   0.674        30
2                          0.933     0.895         0.945   0.914       266
*----------------------------------------*
2025-11-24 17:37:15,100 INFO Final validation 30/150, Val_acc: 0.3049, time 9.43sAccuracy: 0.312
class                  precision    recall   specificity      f1   support
--------------------------------------------------------------------------
0                          0.129     0.057         0.635   0.079        70
1                          0.286     0.750         0.890   0.414         8
2                          0.380     0.530         0.269   0.443        66
*========================================*
2025-11-24 17:37:19,404 INFO 0 Mon Nov 24 17:37:19 2025 Epoch: 31
2025-11-24 17:39:06,039 INFO Final training 31/150, loss: 0.2636, time 106.63s, lr: 0.009284
Accuracy: 0.899
class                  precision    recall   specificity      f1   support
--------------------------------------------------------------------------
0                          0.951     0.907         0.956   0.929       280
1                          0.562     0.900         0.962   0.692        30
2                          0.908     0.891         0.923   0.899       266
*----------------------------------------*
2025-11-24 17:39:06,490 INFO 0 Mon Nov 24 17:39:06 2025 Epoch: 32
2025-11-24 17:40:50,730 INFO Final training 32/150, loss: 0.1964, time 104.24s, lr: 0.009227
Accuracy: 0.927
class                  precision    recall   specificity      f1   support
--------------------------------------------------------------------------
0                          0.953     0.936         0.956   0.944       280
1                          0.643     0.900         0.973   0.750        30
2                          0.946     0.921         0.955   0.933       266
*----------------------------------------*
2025-11-24 17:41:00,234 INFO Final validation 32/150, Val_acc: 0.3862, time 9.50sAccuracy: 0.389
class                  precision    recall   specificity      f1   support
--------------------------------------------------------------------------
0                          0.400     0.514         0.270   0.450        70
1                          0.000     0.000         0.993   0.000         8
2                          0.377     0.303         0.577   0.336        66
*========================================*
2025-11-24 17:41:04,429 INFO 0 Mon Nov 24 17:41:04 2025 Epoch: 33
2025-11-24 17:42:46,998 INFO Final training 33/150, loss: 0.1788, time 102.57s, lr: 0.009169
Accuracy: 0.925
class                  precision    recall   specificity      f1   support
--------------------------------------------------------------------------
0                          0.973     0.915         0.976   0.943       281
1                          0.604     0.967         0.965   0.744        30
2                          0.936     0.932         0.945   0.934       265
*----------------------------------------*
2025-11-24 17:42:46,998 INFO 0 Mon Nov 24 17:42:46 2025 Epoch: 34
2025-11-24 17:44:30,566 INFO Final training 34/150, loss: 0.2271, time 103.57s, lr: 0.009108
Accuracy: 0.920
class                  precision    recall   specificity      f1   support
--------------------------------------------------------------------------
0                          0.953     0.936         0.956   0.944       280
1                          0.600     0.900         0.967   0.720        30
2                          0.941     0.906         0.952   0.923       266
*----------------------------------------*
2025-11-24 17:44:40,006 INFO Final validation 34/150, Val_acc: 0.4542, time 9.44sAccuracy: 0.479
class                  precision    recall   specificity      f1   support
--------------------------------------------------------------------------
0                          0.483     0.986         0.000   0.648        70
1                          0.000     0.000         1.000   0.000         8
2                          0.000     0.000         0.987   0.000        66
*========================================*
2025-11-24 17:44:44,326 INFO 0 Mon Nov 24 17:44:44 2025 Epoch: 35
2025-11-24 17:46:30,535 INFO Final training 35/150, loss: 0.1550, time 106.21s, lr: 0.009045
Accuracy: 0.943
class                  precision    recall   specificity      f1   support
--------------------------------------------------------------------------
0                          0.978     0.954         0.980   0.966       280
1                          0.592     0.967         0.963   0.734        30
2                          0.972     0.929         0.977   0.950       266
*----------------------------------------*
2025-11-24 17:46:30,535 INFO 0 Mon Nov 24 17:46:30 2025 Epoch: 36
2025-11-24 17:48:12,953 INFO Final training 36/150, loss: 0.1852, time 102.42s, lr: 0.008980
Accuracy: 0.938
class                  precision    recall   specificity      f1   support
--------------------------------------------------------------------------
0                          0.974     0.929         0.976   0.951       281
1                          0.644     0.967         0.971   0.773        30
2                          0.951     0.943         0.958   0.947       265
*----------------------------------------*
2025-11-24 17:48:22,432 INFO Final validation 36/150, Val_acc: 0.4583, time 9.48sAccuracy: 0.486
class                  precision    recall   specificity      f1   support
--------------------------------------------------------------------------
0                          0.486     1.000         0.000   0.654        70
1                          0.000     0.000         1.000   0.000         8
2                          0.000     0.000         1.000   0.000        66
*========================================*
2025-11-24 17:48:26,893 INFO 0 Mon Nov 24 17:48:26 2025 Epoch: 37
2025-11-24 17:50:17,826 INFO Final training 37/150, loss: 0.1528, time 110.93s, lr: 0.008914
Accuracy: 0.950
class                  precision    recall   specificity      f1   support
--------------------------------------------------------------------------
0                          0.978     0.946         0.980   0.962       280
1                          0.667     1.000         0.973   0.800        30
2                          0.969     0.947         0.974   0.958       266
*----------------------------------------*
2025-11-24 17:50:17,827 INFO 0 Mon Nov 24 17:50:17 2025 Epoch: 38
2025-11-24 17:51:56,498 INFO Final training 38/150, loss: 0.1604, time 98.67s, lr: 0.008846
Accuracy: 0.938
class                  precision    recall   specificity      f1   support
--------------------------------------------------------------------------
0                          0.960     0.954         0.963   0.957       280
1                          0.622     0.933         0.969   0.747        30
2                          0.968     0.921         0.974   0.944       266
*----------------------------------------*
2025-11-24 17:52:06,001 INFO Final validation 38/150, Val_acc: 0.3237, time 9.50sAccuracy: 0.340
class                  precision    recall   specificity      f1   support
--------------------------------------------------------------------------
0                          0.188     0.043         0.824   0.070        70
1                          0.200     0.625         0.853   0.303         8
2                          0.398     0.621         0.205   0.485        66
*========================================*
2025-11-24 17:52:10,910 INFO 0 Mon Nov 24 17:52:10 2025 Epoch: 39
2025-11-24 17:53:53,235 INFO Final training 39/150, loss: 0.1808, time 102.32s, lr: 0.008776
Accuracy: 0.939
class                  precision    recall   specificity      f1   support
--------------------------------------------------------------------------
0                          0.963     0.932         0.966   0.947       280
1                          0.698     1.000         0.976   0.822        30
2                          0.954     0.940         0.961   0.947       266
*----------------------------------------*
2025-11-24 17:53:53,235 INFO 0 Mon Nov 24 17:53:53 2025 Epoch: 40
2025-11-24 17:55:43,129 INFO Final training 40/150, loss: 0.1904, time 109.89s, lr: 0.008704
Accuracy: 0.943
class                  precision    recall   specificity      f1   support
--------------------------------------------------------------------------
0                          0.985     0.939         0.986   0.962       280
1                          0.630     0.967         0.969   0.763        30
2                          0.954     0.944         0.961   0.949       266
*----------------------------------------*
2025-11-24 17:55:52,648 INFO Final validation 40/150, Val_acc: 0.4111, time 9.52sAccuracy: 0.417
class                  precision    recall   specificity      f1   support
--------------------------------------------------------------------------
0                          0.430     0.614         0.230   0.506        70
1                          0.000     0.000         1.000   0.000         8
2                          0.386     0.258         0.654   0.309        66
*========================================*
2025-11-24 17:55:56,848 INFO 0 Mon Nov 24 17:55:56 2025 Epoch: 41
2025-11-24 17:57:36,063 INFO Final training 41/150, loss: 0.1803, time 99.22s, lr: 0.008630
Accuracy: 0.944
class                  precision    recall   specificity      f1   support
--------------------------------------------------------------------------
0                          0.985     0.954         0.986   0.969       281
1                          0.600     0.900         0.967   0.720        30
2                          0.961     0.940         0.968   0.950       265
*----------------------------------------*
2025-11-24 17:57:36,562 INFO 0 Mon Nov 24 17:57:36 2025 Epoch: 42
2025-11-24 17:59:16,673 INFO Final training 42/150, loss: 0.2312, time 100.11s, lr: 0.008555
Accuracy: 0.924
class                  precision    recall   specificity      f1   support
--------------------------------------------------------------------------
0                          0.956     0.932         0.959   0.944       280
1                          0.596     0.933         0.965   0.727        30
2                          0.949     0.914         0.958   0.931       266
*----------------------------------------*
2025-11-24 17:59:26,198 INFO Final validation 42/150, Val_acc: 0.1569, time 9.53sAccuracy: 0.132
class                  precision    recall   specificity      f1   support
--------------------------------------------------------------------------
0                          0.000     0.000         0.946   0.000        70
1                          0.094     1.000         0.434   0.172         8
2                          0.200     0.167         0.436   0.182        66
*========================================*
2025-11-24 17:59:30,351 INFO 0 Mon Nov 24 17:59:30 2025 Epoch: 43
2025-11-24 18:01:13,126 INFO Final training 43/150, loss: 0.2312, time 102.78s, lr: 0.008478
Accuracy: 0.920
class                  precision    recall   specificity      f1   support
--------------------------------------------------------------------------
0                          0.973     0.914         0.976   0.943       280
1                          0.549     0.933         0.958   0.691        30
2                          0.939     0.925         0.948   0.932       266
*----------------------------------------*
2025-11-24 18:01:13,127 INFO 0 Mon Nov 24 18:01:13 2025 Epoch: 44
2025-11-24 18:03:00,855 INFO Final training 44/150, loss: 0.1426, time 107.73s, lr: 0.008399
Accuracy: 0.955
class                  precision    recall   specificity      f1   support
--------------------------------------------------------------------------
0                          0.993     0.947         0.993   0.969       281
1                          0.630     0.967         0.969   0.763        30
2                          0.973     0.962         0.977   0.968       265
*----------------------------------------*
2025-11-24 18:03:10,383 INFO Final validation 44/150, Val_acc: 0.2963, time 9.53sAccuracy: 0.326
class                  precision    recall   specificity      f1   support
--------------------------------------------------------------------------
0                          0.292     0.271         0.378   0.281        70
1                          0.000     0.000         0.993   0.000         8
2                          0.359     0.424         0.359   0.389        66
*========================================*
2025-11-24 18:03:14,604 INFO 0 Mon Nov 24 18:03:14 2025 Epoch: 45
2025-11-24 18:04:57,859 INFO Final training 45/150, loss: 0.1434, time 103.25s, lr: 0.008319
Accuracy: 0.958
class                  precision    recall   specificity      f1   support
--------------------------------------------------------------------------
0                          0.982     0.961         0.983   0.971       281
1                          0.707     0.967         0.978   0.817        30
2                          0.973     0.955         0.977   0.964       265
*----------------------------------------*
2025-11-24 18:04:57,859 INFO 0 Mon Nov 24 18:04:57 2025 Epoch: 46
2025-11-24 18:06:40,366 INFO Final training 46/150, loss: 0.1251, time 102.51s, lr: 0.008237
Accuracy: 0.958
class                  precision    recall   specificity      f1   support
--------------------------------------------------------------------------
0                          0.985     0.961         0.986   0.973       280
1                          0.698     1.000         0.976   0.822        30
2                          0.973     0.951         0.977   0.962       266
*----------------------------------------*
2025-11-24 18:06:49,852 INFO Final validation 46/150, Val_acc: 0.5591, time 9.49sAccuracy: 0.569
class                  precision    recall   specificity      f1   support
--------------------------------------------------------------------------
0                          0.592     0.600         0.608   0.596        70
1                          0.400     0.250         0.978   0.308         8
2                          0.559     0.576         0.615   0.567        66
*========================================*
2025-11-24 18:06:49,852 INFO New best (0.458333 --> 0.559144)
2025-11-24 18:06:55,750 INFO Copying best model to best_model.pt
2025-11-24 18:06:59,562 INFO 0 Mon Nov 24 18:06:59 2025 Epoch: 47
2025-11-24 18:08:40,348 INFO Final training 47/150, loss: 0.2243, time 100.79s, lr: 0.008154
Accuracy: 0.929
class                  precision    recall   specificity      f1   support
--------------------------------------------------------------------------
0                          0.963     0.936         0.966   0.949       280
1                          0.596     0.933         0.965   0.727        30
2                          0.953     0.921         0.961   0.937       266
*----------------------------------------*
2025-11-24 18:08:40,349 INFO 0 Mon Nov 24 18:08:40 2025 Epoch: 48
2025-11-24 18:10:28,233 INFO Final training 48/150, loss: 0.1593, time 107.88s, lr: 0.008069
Accuracy: 0.946
class                  precision    recall   specificity      f1   support
--------------------------------------------------------------------------
0                          0.978     0.939         0.980   0.958       280
1                          0.659     0.967         0.973   0.784        30
2                          0.962     0.951         0.968   0.957       266
*----------------------------------------*
2025-11-24 18:10:37,686 INFO Final validation 48/150, Val_acc: 0.5550, time 9.45sAccuracy: 0.590
class                  precision    recall   specificity      f1   support
--------------------------------------------------------------------------
0                          0.586     0.729         0.514   0.650        70
1                          0.556     0.625         0.971   0.588         8
2                          0.604     0.439         0.756   0.509        66
*========================================*
2025-11-24 18:10:41,843 INFO 0 Mon Nov 24 18:10:41 2025 Epoch: 49
2025-11-24 18:12:21,370 INFO Final training 49/150, loss: 0.1177, time 99.53s, lr: 0.007983
Accuracy: 0.964
class                  precision    recall   specificity      f1   support
--------------------------------------------------------------------------
0                          0.985     0.954         0.986   0.969       281
1                          0.750     1.000         0.982   0.857        30
2                          0.973     0.970         0.977   0.972       265
*----------------------------------------*
2025-11-24 18:12:21,370 INFO 0 Mon Nov 24 18:12:21 2025 Epoch: 50
2025-11-24 18:14:05,228 INFO Final training 50/150, loss: 0.1683, time 103.86s, lr: 0.007895
Accuracy: 0.941
class                  precision    recall   specificity      f1   support
--------------------------------------------------------------------------
0                          0.974     0.939         0.976   0.956       280
1                          0.659     0.900         0.974   0.761        30
2                          0.951     0.947         0.958   0.949       266
*----------------------------------------*
2025-11-24 18:14:14,659 INFO Final validation 50/150, Val_acc: 0.3318, time 9.43sAccuracy: 0.375
class                  precision    recall   specificity      f1   support
--------------------------------------------------------------------------
0                          0.391     0.386         0.432   0.388        70
1                          0.231     0.375         0.926   0.286         8
2                          0.387     0.364         0.513   0.375        66
*========================================*
2025-11-24 18:14:18,920 INFO 0 Mon Nov 24 18:14:18 2025 Epoch: 51
2025-11-24 18:16:00,602 INFO Final training 51/150, loss: 0.1267, time 101.68s, lr: 0.007806
Accuracy: 0.953
class                  precision    recall   specificity      f1   support
--------------------------------------------------------------------------
0                          0.985     0.940         0.986   0.962       281
1                          0.682     1.000         0.974   0.811        30
2                          0.966     0.962         0.971   0.964       265
*----------------------------------------*
2025-11-24 18:16:01,060 INFO 0 Mon Nov 24 18:16:01 2025 Epoch: 52
2025-11-24 18:17:41,797 INFO Final training 52/150, loss: 0.1055, time 100.74s, lr: 0.007716
Accuracy: 0.962
class                  precision    recall   specificity      f1   support
--------------------------------------------------------------------------
0                          0.985     0.964         0.986   0.975       281
1                          0.667     1.000         0.973   0.800        30
2                          0.988     0.955         0.990   0.971       265
*----------------------------------------*
2025-11-24 18:17:51,309 INFO Final validation 52/150, Val_acc: 0.6152, time 9.51sAccuracy: 0.632
class                  precision    recall   specificity      f1   support
--------------------------------------------------------------------------
0                          0.609     0.800         0.514   0.691        70
1                          1.000     0.375         1.000   0.545         8
2                          0.653     0.485         0.782   0.557        66
*========================================*
2025-11-24 18:17:51,309 INFO New best (0.559144 --> 0.615162)
2025-11-24 18:17:57,219 INFO Copying best model to best_model.pt
2025-11-24 18:18:01,040 INFO 0 Mon Nov 24 18:18:01 2025 Epoch: 53
2025-11-24 18:19:45,923 INFO Final training 53/150, loss: 0.1227, time 104.88s, lr: 0.007624
Accuracy: 0.951
class                  precision    recall   specificity      f1   support
--------------------------------------------------------------------------
0                          0.967     0.946         0.970   0.957       280
1                          0.784     0.967         0.985   0.866        30
2                          0.958     0.955         0.965   0.957       266
*----------------------------------------*
2025-11-24 18:19:45,923 INFO 0 Mon Nov 24 18:19:45 2025 Epoch: 54
2025-11-24 18:21:29,602 INFO Final training 54/150, loss: 0.1024, time 103.68s, lr: 0.007531
Accuracy: 0.964
class                  precision    recall   specificity      f1   support
--------------------------------------------------------------------------
0                          0.989     0.954         0.990   0.971       281
1                          0.750     1.000         0.982   0.857        30
2                          0.970     0.970         0.974   0.970       265
*----------------------------------------*
2025-11-24 18:21:39,140 INFO Final validation 54/150, Val_acc: 0.3751, time 9.54sAccuracy: 0.375
class                  precision    recall   specificity      f1   support
--------------------------------------------------------------------------
0                          0.352     0.271         0.527   0.306        70
1                          0.000     0.000         1.000   0.000         8
2                          0.389     0.530         0.295   0.449        66
*========================================*
2025-11-24 18:21:43,354 INFO 0 Mon Nov 24 18:21:43 2025 Epoch: 55
2025-11-24 18:23:22,111 INFO Final training 55/150, loss: 0.1354, time 98.76s, lr: 0.007437
Accuracy: 0.962
class                  precision    recall   specificity      f1   support
--------------------------------------------------------------------------
0                          0.982     0.961         0.983   0.971       281
1                          0.700     0.933         0.978   0.800        30
2                          0.981     0.966         0.984   0.973       265
*----------------------------------------*
2025-11-24 18:23:22,111 INFO 0 Mon Nov 24 18:23:22 2025 Epoch: 56
2025-11-24 18:25:01,189 INFO Final training 56/150, loss: 0.1446, time 99.08s, lr: 0.007342
Accuracy: 0.948
class                  precision    recall   specificity      f1   support
--------------------------------------------------------------------------
0                          0.981     0.946         0.983   0.964       280
1                          0.667     0.933         0.974   0.778        30
2                          0.958     0.951         0.965   0.955       266
*----------------------------------------*
2025-11-24 18:25:10,696 INFO Final validation 56/150, Val_acc: 0.4747, time 9.51sAccuracy: 0.500
class                  precision    recall   specificity      f1   support
--------------------------------------------------------------------------
0                          0.544     0.529         0.581   0.536        70
1                          0.167     0.125         0.963   0.143         8
2                          0.486     0.515         0.538   0.500        66
*========================================*
2025-11-24 18:25:14,793 INFO 0 Mon Nov 24 18:25:14 2025 Epoch: 57
2025-11-24 18:26:51,532 INFO Final training 57/150, loss: 0.1208, time 96.74s, lr: 0.007246
Accuracy: 0.948
class                  precision    recall   specificity      f1   support
--------------------------------------------------------------------------
0                          0.982     0.957         0.983   0.969       280
1                          0.622     0.933         0.969   0.747        30
2                          0.969     0.940         0.974   0.954       266
*----------------------------------------*
2025-11-24 18:26:51,532 INFO 0 Mon Nov 24 18:26:51 2025 Epoch: 58
2025-11-24 18:28:36,332 INFO Final training 58/150, loss: 0.1059, time 104.80s, lr: 0.007148
Accuracy: 0.972
class                  precision    recall   specificity      f1   support
--------------------------------------------------------------------------
0                          0.996     0.964         0.997   0.980       281
1                          0.744     0.967         0.982   0.841        30
2                          0.981     0.981         0.984   0.981       265
*----------------------------------------*
2025-11-24 18:28:45,814 INFO Final validation 58/150, Val_acc: 0.3751, time 9.48sAccuracy: 0.368
class                  precision    recall   specificity      f1   support
--------------------------------------------------------------------------
0                          0.367     0.414         0.324   0.389        70
1                          0.000     0.000         1.000   0.000         8
2                          0.369     0.364         0.474   0.366        66
*========================================*
2025-11-24 18:28:50,097 INFO 0 Mon Nov 24 18:28:50 2025 Epoch: 59
2025-11-24 18:30:31,312 INFO Final training 59/150, loss: 0.0917, time 101.22s, lr: 0.007050
Accuracy: 0.958
class                  precision    recall   specificity      f1   support
--------------------------------------------------------------------------
0                          0.985     0.961         0.986   0.973       281
1                          0.674     0.967         0.974   0.795        30
2                          0.977     0.955         0.981   0.966       265
*----------------------------------------*
2025-11-24 18:30:31,313 INFO 0 Mon Nov 24 18:30:31 2025 Epoch: 60
2025-11-24 18:32:14,818 INFO Final training 60/150, loss: 0.1136, time 103.51s, lr: 0.006951
Accuracy: 0.958
class                  precision    recall   specificity      f1   support
--------------------------------------------------------------------------
0                          0.989     0.954         0.990   0.971       281
1                          0.698     1.000         0.976   0.822        30
2                          0.969     0.958         0.974   0.964       265
*----------------------------------------*
2025-11-24 18:32:24,325 INFO Final validation 60/150, Val_acc: 0.6177, time 9.51sAccuracy: 0.646
class                  precision    recall   specificity      f1   support
--------------------------------------------------------------------------
0                          0.635     0.771         0.581   0.697        70
1                          0.000     0.000         0.963   0.000         8
2                          0.722     0.591         0.808   0.650        66
*========================================*
2025-11-24 18:32:24,325 INFO New best (0.615162 --> 0.617708)
2025-11-24 18:32:30,113 INFO Copying best model to best_model.pt
2025-11-24 18:32:33,869 INFO 0 Mon Nov 24 18:32:33 2025 Epoch: 61
2025-11-24 18:34:15,801 INFO Final training 61/150, loss: 0.1321, time 101.93s, lr: 0.006851
Accuracy: 0.955
class                  precision    recall   specificity      f1   support
--------------------------------------------------------------------------
0                          0.982     0.957         0.983   0.969       281
1                          0.667     0.933         0.974   0.778        30
2                          0.973     0.955         0.977   0.964       265
*----------------------------------------*
2025-11-24 18:34:16,393 INFO 0 Mon Nov 24 18:34:16 2025 Epoch: 62
2025-11-24 18:35:56,315 INFO Final training 62/150, loss: 0.0947, time 99.92s, lr: 0.006750
Accuracy: 0.962
class                  precision    recall   specificity      f1   support
--------------------------------------------------------------------------
0                          0.993     0.957         0.993   0.975       281
1                          0.707     0.967         0.978   0.817        30
2                          0.970     0.966         0.974   0.968       265
*----------------------------------------*
2025-11-24 18:36:05,779 INFO Final validation 62/150, Val_acc: 0.4247, time 9.46sAccuracy: 0.465
class                  precision    recall   specificity      f1   support
--------------------------------------------------------------------------
0                          0.475     0.957         0.000   0.635        70
1                          0.000     0.000         1.000   0.000         8
2                          0.000     0.000         0.962   0.000        66
*========================================*
2025-11-24 18:36:10,548 INFO 0 Mon Nov 24 18:36:10 2025 Epoch: 63
2025-11-24 18:37:52,490 INFO Final training 63/150, loss: 0.0675, time 101.94s, lr: 0.006648
Accuracy: 0.979
class                  precision    recall   specificity      f1   support
--------------------------------------------------------------------------
0                          0.993     0.975         0.993   0.984       280
1                          0.784     0.967         0.985   0.866        30
2                          0.992     0.985         0.994   0.989       266
*----------------------------------------*
2025-11-24 18:37:52,490 INFO 0 Mon Nov 24 18:37:52 2025 Epoch: 64
2025-11-24 18:39:38,426 INFO Final training 64/150, loss: 0.0865, time 105.94s, lr: 0.006545
Accuracy: 0.967
class                  precision    recall   specificity      f1   support
--------------------------------------------------------------------------
0                          0.985     0.954         0.986   0.969       281
1                          0.763     1.000         0.984   0.866        29
2                          0.977     0.977         0.981   0.977       266
*----------------------------------------*
2025-11-24 18:39:47,984 INFO Final validation 64/150, Val_acc: 0.5720, time 9.56sAccuracy: 0.639
class                  precision    recall   specificity      f1   support
--------------------------------------------------------------------------
0                          0.685     0.529         0.770   0.597        70
1                          0.000     0.000         0.934   0.000         8
2                          0.679     0.833         0.667   0.748        66
*========================================*
2025-11-24 18:39:52,107 INFO 0 Mon Nov 24 18:39:52 2025 Epoch: 65
2025-11-24 18:41:34,805 INFO Final training 65/150, loss: 0.0889, time 102.70s, lr: 0.006442
Accuracy: 0.960
class                  precision    recall   specificity      f1   support
--------------------------------------------------------------------------
0                          0.982     0.954         0.983   0.967       280
1                          0.744     0.967         0.982   0.841        30
2                          0.970     0.966         0.974   0.968       266
*----------------------------------------*
2025-11-24 18:41:34,805 INFO 0 Mon Nov 24 18:41:34 2025 Epoch: 66
2025-11-24 18:43:18,395 INFO Final training 66/150, loss: 0.1121, time 103.59s, lr: 0.006338
Accuracy: 0.957
class                  precision    recall   specificity      f1   support
--------------------------------------------------------------------------
0                          0.978     0.954         0.980   0.966       281
1                          0.700     0.933         0.978   0.800        30
2                          0.973     0.962         0.977   0.968       265
*----------------------------------------*
2025-11-24 18:43:27,837 INFO Final validation 66/150, Val_acc: 0.3696, time 9.44sAccuracy: 0.375
class                  precision    recall   specificity      f1   support
--------------------------------------------------------------------------
0                          0.333     0.271         0.486   0.299        70
1                          0.444     0.500         0.963   0.471         8
2                          0.397     0.470         0.397   0.431        66
*========================================*
2025-11-24 18:43:32,020 INFO 0 Mon Nov 24 18:43:32 2025 Epoch: 67
2025-11-24 18:45:11,858 INFO Final training 67/150, loss: 0.1382, time 99.84s, lr: 0.006233
Accuracy: 0.953
class                  precision    recall   specificity      f1   support
--------------------------------------------------------------------------
0                          0.985     0.961         0.986   0.973       280
1                          0.651     0.933         0.973   0.767        30
2                          0.969     0.947         0.974   0.958       266
*----------------------------------------*
2025-11-24 18:45:11,858 INFO 0 Mon Nov 24 18:45:11 2025 Epoch: 68
2025-11-24 18:46:58,938 INFO Final training 68/150, loss: 0.1008, time 107.08s, lr: 0.006128
Accuracy: 0.962
class                  precision    recall   specificity      f1   support
--------------------------------------------------------------------------
0                          0.989     0.954         0.990   0.971       281
1                          0.744     0.967         0.982   0.841        30
2                          0.966     0.970         0.971   0.968       265
*----------------------------------------*
2025-11-24 18:47:08,435 INFO Final validation 68/150, Val_acc: 0.1943, time 9.50sAccuracy: 0.201
class                  precision    recall   specificity      f1   support
--------------------------------------------------------------------------
0                          0.282     0.414         0.000   0.335        70
1                          0.000     0.000         0.941   0.000         8
2                          0.000     0.000         0.577   0.000        66
*========================================*
2025-11-24 18:47:13,042 INFO 0 Mon Nov 24 18:47:13 2025 Epoch: 69
2025-11-24 18:48:53,396 INFO Final training 69/150, loss: 0.1372, time 100.35s, lr: 0.006022
Accuracy: 0.953
class                  precision    recall   specificity      f1   support
--------------------------------------------------------------------------
0                          0.985     0.940         0.986   0.962       281
1                          0.692     0.931         0.978   0.794        29
2                          0.959     0.970         0.965   0.964       266
*----------------------------------------*
2025-11-24 18:48:53,396 INFO 0 Mon Nov 24 18:48:53 2025 Epoch: 70
2025-11-24 18:50:34,491 INFO Final training 70/150, loss: 0.0670, time 101.09s, lr: 0.005916
Accuracy: 0.974
class                  precision    recall   specificity      f1   support
--------------------------------------------------------------------------
0                          0.993     0.968         0.993   0.980       281
1                          0.732     1.000         0.980   0.845        30
2                          0.992     0.977         0.994   0.985       265
*----------------------------------------*
2025-11-24 18:50:44,068 INFO Final validation 70/150, Val_acc: 0.4418, time 9.58sAccuracy: 0.451
class                  precision    recall   specificity      f1   support
--------------------------------------------------------------------------
0                          0.465     0.471         0.486   0.468        70
1                          0.000     0.000         1.000   0.000         8
2                          0.438     0.485         0.474   0.460        66
*========================================*
2025-11-24 18:50:48,237 INFO 0 Mon Nov 24 18:50:48 2025 Epoch: 71
2025-11-24 18:52:30,479 INFO Final training 71/150, loss: 0.0702, time 102.24s, lr: 0.005809
Accuracy: 0.974
class                  precision    recall   specificity      f1   support
--------------------------------------------------------------------------
0                          0.982     0.971         0.983   0.977       280
1                          0.833     1.000         0.989   0.909        30
2                          0.985     0.974         0.987   0.979       266
*----------------------------------------*
2025-11-24 18:52:30,914 INFO 0 Mon Nov 24 18:52:30 2025 Epoch: 72
2025-11-24 18:54:14,690 INFO Final training 72/150, loss: 0.0741, time 103.78s, lr: 0.005702
Accuracy: 0.976
class                  precision    recall   specificity      f1   support
--------------------------------------------------------------------------
0                          0.986     0.971         0.986   0.978       280
1                          0.857     1.000         0.991   0.923        30
2                          0.981     0.977         0.984   0.979       266
*----------------------------------------*
2025-11-24 18:54:24,140 INFO Final validation 72/150, Val_acc: 0.3374, time 9.45sAccuracy: 0.417
class                  precision    recall   specificity      f1   support
--------------------------------------------------------------------------
0                          0.444     0.457         0.459   0.451        70
1                          0.026     0.125         0.721   0.043         8
2                          0.818     0.409         0.923   0.545        66
*========================================*
2025-11-24 18:54:28,411 INFO 0 Mon Nov 24 18:54:28 2025 Epoch: 73
2025-11-24 18:56:10,454 INFO Final training 73/150, loss: 0.1378, time 102.04s, lr: 0.005594
Accuracy: 0.953
class                  precision    recall   specificity      f1   support
--------------------------------------------------------------------------
0                          0.989     0.964         0.990   0.976       280
1                          0.643     0.900         0.973   0.750        30
2                          0.966     0.947         0.971   0.956       266
*----------------------------------------*
2025-11-24 18:56:10,454 INFO 0 Mon Nov 24 18:56:10 2025 Epoch: 74
2025-11-24 18:57:53,734 INFO Final training 74/150, loss: 0.0749, time 103.28s, lr: 0.005487
Accuracy: 0.977
class                  precision    recall   specificity      f1   support
--------------------------------------------------------------------------
0                          0.993     0.975         0.993   0.984       281
1                          0.769     1.000         0.984   0.870        30
2                          0.992     0.977         0.994   0.985       265
*----------------------------------------*
2025-11-24 18:58:03,230 INFO Final validation 74/150, Val_acc: 0.4678, time 9.50sAccuracy: 0.479
class                  precision    recall   specificity      f1   support
--------------------------------------------------------------------------
0                          0.500     0.557         0.473   0.527        70
1                          0.000     0.000         0.985   0.000         8
2                          0.469     0.455         0.564   0.462        66
*========================================*
2025-11-24 18:58:07,651 INFO 0 Mon Nov 24 18:58:07 2025 Epoch: 75
2025-11-24 18:59:55,473 INFO Final training 75/150, loss: 0.0487, time 107.82s, lr: 0.005379
Accuracy: 0.981
class                  precision    recall   specificity      f1   support
--------------------------------------------------------------------------
0                          0.993     0.975         0.993   0.984       280
1                          0.857     1.000         0.991   0.923        30
2                          0.985     0.985         0.987   0.985       266
*----------------------------------------*
2025-11-24 18:59:55,473 INFO 0 Mon Nov 24 18:59:55 2025 Epoch: 76
2025-11-24 19:01:41,935 INFO Final training 76/150, loss: 0.0657, time 106.46s, lr: 0.005271
Accuracy: 0.972
class                  precision    recall   specificity      f1   support
--------------------------------------------------------------------------
0                          0.978     0.972         0.980   0.975       281
1                          0.909     1.000         0.995   0.952        30
2                          0.973     0.970         0.977   0.972       265
*----------------------------------------*
2025-11-24 19:01:51,530 INFO Final validation 76/150, Val_acc: 0.4299, time 9.59sAccuracy: 0.472
class                  precision    recall   specificity      f1   support
--------------------------------------------------------------------------
0                          0.479     0.971         0.000   0.642        70
1                          0.000     0.000         1.000   0.000         8
2                          0.000     0.000         0.974   0.000        66
*========================================*
2025-11-24 19:01:55,668 INFO 0 Mon Nov 24 19:01:55 2025 Epoch: 77
2025-11-24 19:03:33,587 INFO Final training 77/150, loss: 0.0491, time 97.92s, lr: 0.005162
Accuracy: 0.977
class                  precision    recall   specificity      f1   support
--------------------------------------------------------------------------
0                          0.986     0.979         0.986   0.982       281
1                          0.853     0.967         0.991   0.906        30
2                          0.985     0.977         0.987   0.981       265
*----------------------------------------*
2025-11-24 19:03:33,587 INFO 0 Mon Nov 24 19:03:33 2025 Epoch: 78
2025-11-24 19:05:13,708 INFO Final training 78/150, loss: 0.0546, time 100.12s, lr: 0.005054
Accuracy: 0.977
class                  precision    recall   specificity      f1   support
--------------------------------------------------------------------------
0                          0.989     0.975         0.990   0.982       281
1                          0.789     1.000         0.985   0.882        30
2                          0.992     0.977         0.994   0.985       265
*----------------------------------------*
2025-11-24 19:05:23,211 INFO Final validation 78/150, Val_acc: 0.5270, time 9.50sAccuracy: 0.535
class                  precision    recall   specificity      f1   support
--------------------------------------------------------------------------
0                          0.528     0.671         0.432   0.591        70
1                          0.000     0.000         0.993   0.000         8
2                          0.556     0.455         0.692   0.500        66
*========================================*
2025-11-24 19:05:27,868 INFO 0 Mon Nov 24 19:05:27 2025 Epoch: 79
2025-11-24 19:07:11,347 INFO Final training 79/150, loss: 0.0499, time 103.48s, lr: 0.004946
Accuracy: 0.983
class                  precision    recall   specificity      f1   support
--------------------------------------------------------------------------
0                          0.993     0.979         0.993   0.986       281
1                          0.857     1.000         0.991   0.923        30
2                          0.989     0.985         0.990   0.987       265
*----------------------------------------*
2025-11-24 19:07:11,348 INFO 0 Mon Nov 24 19:07:11 2025 Epoch: 80
2025-11-24 19:08:50,716 INFO Final training 80/150, loss: 0.0622, time 99.37s, lr: 0.004838
Accuracy: 0.981
class                  precision    recall   specificity      f1   support
--------------------------------------------------------------------------
0                          0.986     0.979         0.986   0.982       280
1                          0.909     1.000         0.995   0.952        30
2                          0.985     0.981         0.987   0.983       266
*----------------------------------------*
2025-11-24 19:09:00,190 INFO Final validation 80/150, Val_acc: 0.4117, time 9.47sAccuracy: 0.424
class                  precision    recall   specificity      f1   support
--------------------------------------------------------------------------
0                          0.422     0.500         0.351   0.458        70
1                          0.000     0.000         0.978   0.000         8
2                          0.448     0.394         0.590   0.419        66
*========================================*
2025-11-24 19:09:04,445 INFO 0 Mon Nov 24 19:09:04 2025 Epoch: 81
2025-11-24 19:10:49,597 INFO Final training 81/150, loss: 0.0705, time 105.15s, lr: 0.004729
Accuracy: 0.979
class                  precision    recall   specificity      f1   support
--------------------------------------------------------------------------
0                          0.986     0.982         0.986   0.984       281
1                          0.857     1.000         0.991   0.923        30
2                          0.989     0.974         0.990   0.981       265
*----------------------------------------*
2025-11-24 19:10:50,144 INFO 0 Mon Nov 24 19:10:50 2025 Epoch: 82
2025-11-24 19:12:31,432 INFO Final training 82/150, loss: 0.0407, time 101.29s, lr: 0.004621
Accuracy: 0.986
class                  precision    recall   specificity      f1   support
--------------------------------------------------------------------------
0                          0.989     0.986         0.990   0.988       281
1                          0.909     1.000         0.995   0.952        30
2                          0.992     0.985         0.994   0.989       265
*----------------------------------------*
2025-11-24 19:12:40,886 INFO Final validation 82/150, Val_acc: 0.4376, time 9.45sAccuracy: 0.424
class                  precision    recall   specificity      f1   support
--------------------------------------------------------------------------
0                          0.413     0.371         0.500   0.391        70
1                          0.750     0.375         0.993   0.500         8
2                          0.416     0.485         0.423   0.448        66
*========================================*
2025-11-24 19:12:45,121 INFO 0 Mon Nov 24 19:12:45 2025 Epoch: 83
2025-11-24 19:14:29,089 INFO Final training 83/150, loss: 0.0620, time 103.97s, lr: 0.004513
Accuracy: 0.969
class                  precision    recall   specificity      f1   support
--------------------------------------------------------------------------
0                          0.982     0.964         0.983   0.973       281
1                          0.882     1.000         0.993   0.938        30
2                          0.966     0.970         0.971   0.968       265
*----------------------------------------*
2025-11-24 19:14:29,090 INFO 0 Mon Nov 24 19:14:29 2025 Epoch: 84
2025-11-24 19:16:17,012 INFO Final training 84/150, loss: 0.0449, time 107.92s, lr: 0.004406
Accuracy: 0.981
class                  precision    recall   specificity      f1   support
--------------------------------------------------------------------------
0                          0.982     0.986         0.983   0.984       281
1                          0.906     0.967         0.995   0.935        30
2                          0.989     0.977         0.990   0.983       265
*----------------------------------------*
2025-11-24 19:16:26,476 INFO Final validation 84/150, Val_acc: 0.5127, time 9.46sAccuracy: 0.521
class                  precision    recall   specificity      f1   support
--------------------------------------------------------------------------
0                          0.538     0.500         0.595   0.519        70
1                          0.000     0.000         0.993   0.000         8
2                          0.513     0.606         0.513   0.556        66
*========================================*
2025-11-24 19:16:30,646 INFO 0 Mon Nov 24 19:16:30 2025 Epoch: 85
2025-11-24 19:18:14,467 INFO Final training 85/150, loss: 0.0277, time 103.82s, lr: 0.004298
Accuracy: 0.990
class                  precision    recall   specificity      f1   support
--------------------------------------------------------------------------
0                          0.996     0.989         0.997   0.993       281
1                          0.935     0.967         0.996   0.951        30
2                          0.989     0.992         0.990   0.991       265
*----------------------------------------*
2025-11-24 19:18:14,467 INFO 0 Mon Nov 24 19:18:14 2025 Epoch: 86
2025-11-24 19:19:55,231 INFO Final training 86/150, loss: 0.0691, time 100.76s, lr: 0.004191
Accuracy: 0.974
class                  precision    recall   specificity      f1   support
--------------------------------------------------------------------------
0                          0.996     0.979         0.997   0.987       280
1                          0.725     0.967         0.980   0.829        30
2                          0.989     0.970         0.990   0.979       266
*----------------------------------------*
2025-11-24 19:20:04,707 INFO Final validation 86/150, Val_acc: 0.4343, time 9.48sAccuracy: 0.438
class                  precision    recall   specificity      f1   support
--------------------------------------------------------------------------
0                          0.437     0.443         0.459   0.440        70
1                          0.500     0.125         0.993   0.200         8
2                          0.437     0.470         0.487   0.453        66
*========================================*
2025-11-24 19:20:09,016 INFO 0 Mon Nov 24 19:20:09 2025 Epoch: 87
2025-11-24 19:21:50,846 INFO Final training 87/150, loss: 0.0264, time 101.83s, lr: 0.004084
Accuracy: 0.993
class                  precision    recall   specificity      f1   support
--------------------------------------------------------------------------
0                          1.000     0.993         1.000   0.996       281
1                          0.935     0.967         0.996   0.951        30
2                          0.992     0.996         0.994   0.994       265
*----------------------------------------*
2025-11-24 19:21:50,846 INFO 0 Mon Nov 24 19:21:50 2025 Epoch: 88
2025-11-24 19:23:35,303 INFO Final training 88/150, loss: 0.0318, time 104.46s, lr: 0.003978
Accuracy: 0.988
class                  precision    recall   specificity      f1   support
--------------------------------------------------------------------------
0                          0.996     0.982         0.997   0.989       280
1                          0.909     1.000         0.995   0.952        30
2                          0.989     0.992         0.990   0.991       266
*----------------------------------------*
2025-11-24 19:23:44,823 INFO Final validation 88/150, Val_acc: 0.4542, time 9.52sAccuracy: 0.479
class                  precision    recall   specificity      f1   support
--------------------------------------------------------------------------
0                          0.483     0.986         0.000   0.648        70
1                          0.000     0.000         1.000   0.000         8
2                          0.000     0.000         0.987   0.000        66
*========================================*
2025-11-24 19:23:48,923 INFO 0 Mon Nov 24 19:23:48 2025 Epoch: 89
2025-11-24 19:25:37,402 INFO Final training 89/150, loss: 0.0261, time 108.48s, lr: 0.003872
Accuracy: 0.990
class                  precision    recall   specificity      f1   support
--------------------------------------------------------------------------
0                          0.996     0.982         0.997   0.989       281
1                          0.909     1.000         0.995   0.952        30
2                          0.992     0.996         0.994   0.994       265
*----------------------------------------*
2025-11-24 19:25:37,403 INFO 0 Mon Nov 24 19:25:37 2025 Epoch: 90
2025-11-24 19:27:24,521 INFO Final training 90/150, loss: 0.0930, time 107.12s, lr: 0.003767
Accuracy: 0.983
class                  precision    recall   specificity      f1   support
--------------------------------------------------------------------------
0                          0.993     0.982         0.993   0.987       281
1                          0.848     0.933         0.991   0.889        30
2                          0.989     0.989         0.990   0.989       265
*----------------------------------------*
2025-11-24 19:27:34,014 INFO Final validation 90/150, Val_acc: 0.4583, time 9.49sAccuracy: 0.486
class                  precision    recall   specificity      f1   support
--------------------------------------------------------------------------
0                          0.486     1.000         0.000   0.654        70
1                          0.000     0.000         1.000   0.000         8
2                          0.000     0.000         1.000   0.000        66
*========================================*
2025-11-24 19:27:38,302 INFO 0 Mon Nov 24 19:27:38 2025 Epoch: 91
2025-11-24 19:29:20,521 INFO Final training 91/150, loss: 0.0462, time 102.22s, lr: 0.003662
Accuracy: 0.984
class                  precision    recall   specificity      f1   support
--------------------------------------------------------------------------
0                          0.993     0.989         0.993   0.991       281
1                          0.857     1.000         0.991   0.923        30
2                          0.992     0.977         0.994   0.985       265
*----------------------------------------*
2025-11-24 19:29:21,073 INFO 0 Mon Nov 24 19:29:21 2025 Epoch: 92
2025-11-24 19:31:08,522 INFO Final training 92/150, loss: 0.0200, time 107.45s, lr: 0.003558
Accuracy: 0.997
class                  precision    recall   specificity      f1   support
--------------------------------------------------------------------------
0                          1.000     0.996         1.000   0.998       280
1                          0.938     1.000         0.996   0.968        30
2                          1.000     0.996         1.000   0.998       266
*----------------------------------------*
2025-11-24 19:31:17,968 INFO Final validation 92/150, Val_acc: 0.3934, time 9.45sAccuracy: 0.389
class                  precision    recall   specificity      f1   support
--------------------------------------------------------------------------
0                          0.358     0.271         0.541   0.309        70
1                          0.250     0.375         0.934   0.300         8
2                          0.430     0.515         0.423   0.469        66
*========================================*
2025-11-24 19:31:22,288 INFO [EarlyStopping] Stopping Validation for loss at epoch 92
2025-11-24 19:31:22,744 INFO Training Finished! Best Accuracy: 0.6177
2025-11-24 19:31:22,744 INFO ====================================================================================================
2025-11-24 19:31:22,744 INFO 
2025-11-24 19:31:35,411 INFO => loading checkpoint 'outputs/OrganoidsINRIA_reduced/resnet18/2025-11-24-16-41/training/best_model.pt'
2025-11-24 19:31:35,517 INFO Loaded 136 keys from checkpoint
2025-11-24 19:31:49,305 INFO Final testing , Test_acc: 0.5061, time 13.73sAccuracy: 0.622
class                  precision    recall   specificity      f1   support
--------------------------------------------------------------------------
0                          0.576     0.850         0.405   0.687        40
1                          0.000     0.000         0.974   0.000         5
2                          0.810     0.459         0.911   0.586        37
*========================================*
2025-11-24 19:31:49,725 INFO Testing Finished! Best Accuracy: 0.5061
2025-11-24 19:31:49,725 INFO ====================================================================================================
2025-11-24 19:31:54,774 INFO Total time spent: 02 hours 50 minutes 51 seconds
2025-11-24 19:31:54,774 INFO 
2025-11-24 19:31:54,774 INFO Final Results Summary:
2025-11-24 19:31:54,774 INFO | TrainLoss | TrainAcc | ValAccMax | W_TrainF1 | W_TrainPrecision | W_TrainRecall | W_TrainSpecificity | TestAcc | W_TestF1 | W_TestPrecision | W_TestRecall | W_TestSpecificity |
2025-11-24 19:31:54,774 INFO | 0.0200 | 0.9902 | 0.6458 | 0.6366 | 0.6398 | 0.6458 | 0.7062 | 0.6220 | 0.5996 | 0.6464 | 0.6220 | 0.6679 |
