Architecture:                            x86_64
CPU op-mode(s):                          32-bit, 64-bit
Byte Order:                              Little Endian
Address sizes:                           48 bits physical, 48 bits virtual
CPU(s):                                  64
On-line CPU(s) list:                     0-63
Thread(s) per core:                      2
Core(s) per socket:                      16
Socket(s):                               2
NUMA node(s):                            8
Vendor ID:                               AuthenticAMD
CPU family:                              25
Model:                                   1
Model name:                              AMD EPYC 7313 16-Core Processor
Stepping:                                1
Frequency boost:                         enabled
CPU MHz:                                 1791.550
CPU max MHz:                             3000.0000
CPU min MHz:                             1500.0000
BogoMIPS:                                5988.56
Virtualization:                          AMD-V
L1d cache:                               1 MiB
L1i cache:                               1 MiB
L2 cache:                                16 MiB
L3 cache:                                256 MiB
NUMA node0 CPU(s):                       0-3,32-35
NUMA node1 CPU(s):                       4-7,36-39
NUMA node2 CPU(s):                       8-11,40-43
NUMA node3 CPU(s):                       12-15,44-47
NUMA node4 CPU(s):                       16-19,48-51
NUMA node5 CPU(s):                       20-23,52-55
NUMA node6 CPU(s):                       24-27,56-59
NUMA node7 CPU(s):                       28-31,60-63
Vulnerability Gather data sampling:      Not affected
Vulnerability Indirect target selection: Not affected
Vulnerability Itlb multihit:             Not affected
Vulnerability L1tf:                      Not affected
Vulnerability Mds:                       Not affected
Vulnerability Meltdown:                  Not affected
Vulnerability Mmio stale data:           Not affected
Vulnerability Reg file data sampling:    Not affected
Vulnerability Retbleed:                  Not affected
Vulnerability Spec rstack overflow:      Mitigation; safe RET
Vulnerability Spec store bypass:         Mitigation; Speculative Store Bypass disabled via prctl and seccomp
Vulnerability Spectre v1:                Mitigation; usercopy/swapgs barriers and __user pointer sanitization
Vulnerability Spectre v2:                Mitigation; Retpolines, IBPB conditional, IBRS_FW, STIBP always-on, RSB filling, PBRSB-eIBRS Not affected
Vulnerability Srbds:                     Not affected
Vulnerability Tsa:                       Mitigation; Clear CPU buffers
Vulnerability Tsx async abort:           Not affected
Vulnerability Vmscape:                   Mitigation; IBPB before exit to userspace
Flags:                                   fpu vme de pse tsc msr pae mce cx8 apic sep mtrr pge mca cmov pat pse36 clflush mmx fxsr sse sse2 ht syscall nx mmxext fxsr_opt pdpe1gb rdtscp lm constant_tsc rep_good nopl nonstop_tsc cpuid extd_apicid aperfmperf pni pclmulqdq monitor ssse3 fma cx16 pcid sse4_1 sse4_2 movbe popcnt aes xsave avx f16c rdrand lahf_lm cmp_legacy svm extapic cr8_legacy abm sse4a misalignsse 3dnowprefetch osvw ibs skinit wdt tce topoext perfctr_core perfctr_nb bpext perfctr_llc mwaitx cpb cat_l3 cdp_l3 invpcid_single hw_pstate ssbd mba ibrs ibpb stibp vmmcall fsgsbase bmi1 avx2 smep bmi2 erms invpcid cqm rdt_a rdseed adx smap clflushopt clwb sha_ni xsaveopt xsavec xgetbv1 xsaves cqm_llc cqm_occup_llc cqm_mbm_total cqm_mbm_local clzero irperf xsaveerptr rdpru wbnoinvd amd_ppin arat npt lbrv svm_lock nrip_save tsc_scale vmcb_clean flushbyasid decodeassists pausefilter pfthreshold v_vmsave_vmload vgif umip pku ospke vaes vpclmulqdq rdpid overflow_recov succor smca fsrm ibpb_exit_to_user
Wed Oct 29 10:31:44 2025       
+---------------------------------------------------------------------------------------+
| NVIDIA-SMI 535.183.06             Driver Version: 535.183.06   CUDA Version: 12.2     |
|-----------------------------------------+----------------------+----------------------+
| GPU  Name                 Persistence-M | Bus-Id        Disp.A | Volatile Uncorr. ECC |
| Fan  Temp   Perf          Pwr:Usage/Cap |         Memory-Usage | GPU-Util  Compute M. |
|                                         |                      |               MIG M. |
|=========================================+======================+======================|
|   0  NVIDIA A40                     On  | 00000000:A3:00.0 Off |                    0 |
|  0%   33C    P8              30W / 300W |      0MiB / 46068MiB |      0%      Default |
|                                         |                      |                  N/A |
+-----------------------------------------+----------------------+----------------------+
                                                                                         
+---------------------------------------------------------------------------------------+
| Processes:                                                                            |
|  GPU   GI   CI        PID   Type   Process name                            GPU Memory |
|        ID   ID                                                             Usage      |
|=======================================================================================|
|  No running processes found                                                           |
+---------------------------------------------------------------------------------------+
/home/mraffael/martone_project/Organoid-Image-Classification-Using-Deep-Learning
{'RandFlipd_prob': 0.2,
 'RandRotate90d_prob': 0.2,
 'RandScaleIntensityd_prob': 0.1,
 'RandShiftIntensityd_prob': 0.1,
 'amp': True,
 'augmentation': False,
 'batch_size': 4,
 'cache_dataset': False,
 'checkpoint_path': None,
 'data_dir': '/home/mraffael/martone_project/Organoids_Dataset/',
 'dataset_name': 'OrganoidsINRIA',
 'debug': False,
 'debug_train_samples': 40,
 'debug_val_samples': 10,
 'dist_backend': 'nccl',
 'dist_url': 'tcp://127.0.0.1:23456',
 'distributed': False,
 'dropout_path_rate': 0.0,
 'dropout_rate': 0.0,
 'early_stopping': False,
 'encoder10_pth': '',
 'exact_class': True,
 'feature_size': 48,
 'fold': 0,
 'folds': False,
 'gpu': 0,
 'ignore_label': 3,
 'in_channels': 1,
 'infer_overlap': 0.5,
 'k_folds': 5,
 'logdir': 'test',
 'logs_dir': 'logs/',
 'loss_name': 'FocalLoss',
 'lrschedule': 'warmup_cosine',
 'max_epochs': 100,
 'min_delta_loss': 0.001,
 'min_delta_val': 0.001,
 'model_name': 'resnet50',
 'momentum': 0.99,
 'noamp': False,
 'norm_name': 'instance',
 'oar_id': 2086007,
 'optim_lr': 0.0006,
 'optim_name': 'adamw',
 'out_channels': 1,
 'output_dir': 'outputs/',
 'patch_merging': False,
 'patience_loss': 20,
 'patience_val': 3,
 'pretrained_dir': './pretrained_models/resnet50/',
 'pretrained_model_name': 'resnet_50.pth',
 'rank': 0,
 'reg_weight': 5e-05,
 'resume_ckpt': False,
 'roi_x': 128,
 'roi_y': 128,
 'roi_z': 128,
 'save_checkpoint': True,
 'seed': 3,
 'similarity_loss': '',
 'similarity_loss_weight': 0.0,
 'spatial_dims': 3,
 'split_method': 'percentage',
 'start_epoch': 0,
 'sw_batch_size': 4,
 'telegram_log': True,
 'test_mode': False,
 'token': './token/tlg_token.txt',
 'use_checkpoint': False,
 'val_every': 4,
 'warmup_epochs': 8,
 'workers': 8,
 'world_size': 1}

Saved configuration to: outputs/OrganoidsINRIA/resnet50/2025-10-29-10-31/config.txt
Using GPU: 0

Model INFO:
Model architecture: resnet50
Using pretrained weights
=> loading pretrained model './pretrained_models/resnet50/resnet_50.pth'
['conv_seg.0.weight', 'conv_seg.0.bias', 'conv_seg.1.weight', 'conv_seg.1.bias', 'conv_seg.1.running_mean', 'conv_seg.1.running_var', 'conv_seg.3.weight', 'conv_seg.4.weight', 'conv_seg.4.bias', 'conv_seg.4.running_mean', 'conv_seg.4.running_var', 'conv_seg.6.weight']
Missing keys when loading pretrained: 12
Using SwinUNETR with Single Linear Classification Head

Optimizer INFO:
Using optimizer: adamw with lr=0.0006, weight_decay=5e-05

Dataset INFO:
Dataset length: 423
Class distribution in entire dataset:
  Class 0: 137
  Class 1: 43
  Class 2: 243

Using split method: percentage
Stratified proportional split per classe (train, val): [(np.int64(0), np.int64(69), np.int64(17)), (np.int64(1), np.int64(34), np.int64(9)), (np.int64(2), np.int64(69), np.int64(17))]
Total: 172 train, 43 val

Train set balance:
Class distribution:
  Class 0: 69 samples
  Class 1: 34 samples
  Class 2: 69 samples

Val set balance:
Class distribution:
  Class 0: 17 samples
  Class 1: 9 samples
  Class 2: 17 samples
Training set length: 172
Validation set length: 43

Using standard shuffle for training
Training loader: 43 batches
Validation loader: 43 batches

Class distribution in training set:
  Class 0: 69 (40.1%)
  Class 1: 34 (19.8%)
  Class 2: 69 (40.1%)
Class distribution in validation set:
  Class 0: 17 (39.5%)
  Class 1: 9 (20.9%)
  Class 2: 17 (39.5%)
**************************************************
Class weights: [ 8.309  16.863  8.309]

Using loss function: FocalLoss
**************************************************
Starting training...
✓ Unfrozen: layer4.0.conv1.weight (524288 params)
✓ Unfrozen: layer4.0.bn1.weight (512 params)
✓ Unfrozen: layer4.0.bn1.bias (512 params)
✓ Unfrozen: layer4.0.conv2.weight (7077888 params)
✓ Unfrozen: layer4.0.bn2.weight (512 params)
✓ Unfrozen: layer4.0.bn2.bias (512 params)
✓ Unfrozen: layer4.0.conv3.weight (1048576 params)
✓ Unfrozen: layer4.0.bn3.weight (2048 params)
✓ Unfrozen: layer4.0.bn3.bias (2048 params)
✓ Unfrozen: layer4.0.downsample.0.weight (2097152 params)
✓ Unfrozen: layer4.0.downsample.1.weight (2048 params)
✓ Unfrozen: layer4.0.downsample.1.bias (2048 params)
✓ Unfrozen: layer4.1.conv1.weight (1048576 params)
✓ Unfrozen: layer4.1.bn1.weight (512 params)
✓ Unfrozen: layer4.1.bn1.bias (512 params)
✓ Unfrozen: layer4.1.conv2.weight (7077888 params)
✓ Unfrozen: layer4.1.bn2.weight (512 params)
✓ Unfrozen: layer4.1.bn2.bias (512 params)
✓ Unfrozen: layer4.1.conv3.weight (1048576 params)
✓ Unfrozen: layer4.1.bn3.weight (2048 params)
✓ Unfrozen: layer4.1.bn3.bias (2048 params)
✓ Unfrozen: layer4.2.conv1.weight (1048576 params)
✓ Unfrozen: layer4.2.bn1.weight (512 params)
✓ Unfrozen: layer4.2.bn1.bias (512 params)
✓ Unfrozen: layer4.2.conv2.weight (7077888 params)
✓ Unfrozen: layer4.2.bn2.weight (512 params)
✓ Unfrozen: layer4.2.bn2.bias (512 params)
✓ Unfrozen: layer4.2.conv3.weight (1048576 params)
✓ Unfrozen: layer4.2.bn3.weight (2048 params)
✓ Unfrozen: layer4.2.bn3.bias (2048 params)
✓ Unfrozen: fc.weight (6144 params)
✓ Unfrozen: fc.bias (3 params)
Total frozen: 17586688, trainable: 29126659
0 Wed Oct 29 10:31:59 2025 Epoch: 0
Epoch: 0/100 Iter: 0/43 loss: 4.9814 acc: 0.3333 sim_loss: 0.0000 time 56.94s
Epoch: 0/100 Iter: 1/43 loss: 4.9696 acc: 0.3333 time 1.96s
Epoch: 0/100 Iter: 2/43 loss: 4.8617 acc: 0.3889 time 1.97s
Epoch: 0/100 Iter: 3/43 loss: 4.9873 acc: 0.2917 time 1.97s
Epoch: 0/100 Iter: 4/43 loss: 5.0380 acc: 0.3000 time 1.97s
Epoch: 0/100 Iter: 5/43 loss: 5.0352 acc: 0.2500 time 1.97s
Epoch: 0/100 Iter: 6/43 loss: 5.0644 acc: 0.2619 time 1.98s
Epoch: 0/100 Iter: 7/43 loss: 5.0221 acc: 0.2292 time 1.97s
Epoch: 0/100 Iter: 8/43 loss: 5.0466 acc: 0.2407 time 1.97s
Epoch: 0/100 Iter: 9/43 loss: 5.0837 acc: 0.2500 time 1.98s
Epoch: 0/100 Iter: 10/43 loss: 5.0494 acc: 0.2273 time 1.97s
Epoch: 0/100 Iter: 11/43 loss: 4.9993 acc: 0.2083 time 1.98s
Epoch: 0/100 Iter: 12/43 loss: 4.9774 acc: 0.1923 time 1.97s
Epoch: 0/100 Iter: 13/43 loss: 4.9539 acc: 0.2143 time 1.99s
Epoch: 0/100 Iter: 14/43 loss: 4.9378 acc: 0.2000 time 1.98s
Epoch: 0/100 Iter: 15/43 loss: 4.9179 acc: 0.2188 time 1.98s
Epoch: 0/100 Iter: 16/43 loss: 4.9552 acc: 0.2353 time 1.98s
Epoch: 0/100 Iter: 17/43 loss: 4.9541 acc: 0.2407 time 1.98s
Epoch: 0/100 Iter: 18/43 loss: 4.9497 acc: 0.2456 time 1.99s
Epoch: 0/100 Iter: 19/43 loss: 4.9394 acc: 0.2333 time 1.99s
Epoch: 0/100 Iter: 20/43 loss: 4.9545 acc: 0.2381 time 1.98s
Epoch: 0/100 Iter: 21/43 loss: 4.9529 acc: 0.2424 time 1.98s
Epoch: 0/100 Iter: 22/43 loss: 4.9405 acc: 0.2319 time 1.98s
Epoch: 0/100 Iter: 23/43 loss: 4.9402 acc: 0.2361 time 1.98s
Epoch: 0/100 Iter: 24/43 loss: 4.9605 acc: 0.2400 time 1.99s
Epoch: 0/100 Iter: 25/43 loss: 4.9618 acc: 0.2308 time 1.98s
Epoch: 0/100 Iter: 26/43 loss: 4.9831 acc: 0.2407 time 1.97s
Epoch: 0/100 Iter: 27/43 loss: 4.9888 acc: 0.2500 time 1.99s
Epoch: 0/100 Iter: 28/43 loss: 5.0143 acc: 0.2586 time 1.99s
Epoch: 0/100 Iter: 29/43 loss: 5.0120 acc: 0.2611 time 1.99s
Epoch: 0/100 Iter: 30/43 loss: 4.9833 acc: 0.2527 time 2.00s
Epoch: 0/100 Iter: 31/43 loss: 4.9965 acc: 0.2552 time 1.99s
Epoch: 0/100 Iter: 32/43 loss: 4.9945 acc: 0.2576 time 2.00s
Epoch: 0/100 Iter: 33/43 loss: 5.0010 acc: 0.2598 time 2.01s
Epoch: 0/100 Iter: 34/43 loss: 4.9931 acc: 0.2524 time 3.08s
Epoch: 0/100 Iter: 35/43 loss: 4.9993 acc: 0.2546 time 1.98s
Epoch: 0/100 Iter: 36/43 loss: 4.9967 acc: 0.2568 time 1.99s
Epoch: 0/100 Iter: 37/43 loss: 4.9865 acc: 0.2632 time 1.98s
Epoch: 0/100 Iter: 38/43 loss: 4.9863 acc: 0.2564 time 1.98s
Epoch: 0/100 Iter: 39/43 loss: 4.9793 acc: 0.2500 time 1.98s
Epoch: 0/100 Iter: 40/43 loss: 4.9854 acc: 0.2520 time 1.98s
Epoch: 0/100 Iter: 41/43 loss: 4.9984 acc: 0.2579 time 1.98s
Epoch: 0/100 Iter: 42/43 loss: 5.0033 acc: 0.2597 time 1.98s
[Train epoch 0] avg_loss=5.0033 avg_acc=0.2597 | per-class [c0: 0.000, c1: 1.000, c2: 0.000]
Final training 0/99, loss: 5.0033, time 141.28s, lr: 0.000000
Accuracy: 0.198
class                  precision    recall   specificity      f1   support
--------------------------------------------------------------------------
0                          0.000     0.000         1.000   0.000        69
1                          0.198     1.000         0.000   0.330        34
2                          0.000     0.000         1.000   0.000        69
*----------------------------------------*
0 Wed Oct 29 10:34:20 2025 Epoch: 1
Epoch: 1/100 Iter: 0/43 loss: 4.9349 acc: 0.3333 time 3.97s
Epoch: 1/100 Iter: 1/43 loss: 4.6544 acc: 0.1667 time 2.01s
Epoch: 1/100 Iter: 2/43 loss: 4.8400 acc: 0.2222 time 1.98s
Epoch: 1/100 Iter: 3/43 loss: 4.8183 acc: 0.1667 time 1.98s
Epoch: 1/100 Iter: 4/43 loss: 4.7138 acc: 0.1333 time 1.98s
Epoch: 1/100 Iter: 5/43 loss: 4.6582 acc: 0.1111 time 1.99s
Epoch: 1/100 Iter: 6/43 loss: 4.7237 acc: 0.1429 time 1.99s
Epoch: 1/100 Iter: 7/43 loss: 4.6461 acc: 0.1250 time 1.99s
Epoch: 1/100 Iter: 8/43 loss: 4.6043 acc: 0.1111 time 1.99s
Epoch: 1/100 Iter: 9/43 loss: 4.6577 acc: 0.1333 time 2.00s
Epoch: 1/100 Iter: 10/43 loss: 4.7097 acc: 0.1212 time 1.99s
Epoch: 1/100 Iter: 11/43 loss: 4.7466 acc: 0.1389 time 1.99s
Epoch: 1/100 Iter: 12/43 loss: 4.6797 acc: 0.1667 time 1.99s
Epoch: 1/100 Iter: 13/43 loss: 4.7160 acc: 0.1548 time 1.98s
Epoch: 1/100 Iter: 14/43 loss: 4.8442 acc: 0.1444 time 2.00s
Epoch: 1/100 Iter: 15/43 loss: 4.7780 acc: 0.1667 time 1.99s
Epoch: 1/100 Iter: 16/43 loss: 4.7189 acc: 0.1863 time 2.00s
Epoch: 1/100 Iter: 17/43 loss: 4.7433 acc: 0.1944 time 2.00s
Epoch: 1/100 Iter: 18/43 loss: 4.7686 acc: 0.2018 time 1.99s
Epoch: 1/100 Iter: 19/43 loss: 4.7157 acc: 0.2167 time 1.98s
Epoch: 1/100 Iter: 20/43 loss: 4.7343 acc: 0.2302 time 1.99s
Epoch: 1/100 Iter: 21/43 loss: 4.6845 acc: 0.2424 time 1.99s
Epoch: 1/100 Iter: 22/43 loss: 4.7116 acc: 0.2464 time 2.00s
Epoch: 1/100 Iter: 23/43 loss: 4.6747 acc: 0.2361 time 1.99s
Epoch: 1/100 Iter: 24/43 loss: 4.7069 acc: 0.2267 time 2.00s
Epoch: 1/100 Iter: 25/43 loss: 4.7339 acc: 0.2179 time 1.99s
Epoch: 1/100 Iter: 26/43 loss: 4.7533 acc: 0.2222 time 1.99s
Epoch: 1/100 Iter: 27/43 loss: 4.7108 acc: 0.2321 time 1.98s
Epoch: 1/100 Iter: 28/43 loss: 4.7313 acc: 0.2414 time 1.99s
Epoch: 1/100 Iter: 29/43 loss: 4.6915 acc: 0.2667 time 1.99s
Epoch: 1/100 Iter: 30/43 loss: 4.6571 acc: 0.2742 time 1.99s
Epoch: 1/100 Iter: 31/43 loss: 4.7334 acc: 0.2656 time 1.99s
Epoch: 1/100 Iter: 32/43 loss: 4.7004 acc: 0.2727 time 1.99s
Epoch: 1/100 Iter: 33/43 loss: 4.8184 acc: 0.2794 time 1.99s
Epoch: 1/100 Iter: 34/43 loss: 4.7841 acc: 0.2857 time 1.99s
Epoch: 1/100 Iter: 35/43 loss: 4.7985 acc: 0.2778 time 1.99s
Epoch: 1/100 Iter: 36/43 loss: 4.8542 acc: 0.2703 time 1.98s
Epoch: 1/100 Iter: 37/43 loss: 4.8641 acc: 0.2719 time 1.99s
Epoch: 1/100 Iter: 38/43 loss: 4.8713 acc: 0.2821 time 1.98s
Epoch: 1/100 Iter: 39/43 loss: 4.9466 acc: 0.2750 time 1.99s
Epoch: 1/100 Iter: 40/43 loss: 4.9514 acc: 0.2683 time 1.99s
Epoch: 1/100 Iter: 41/43 loss: 4.9544 acc: 0.2698 time 1.99s
Epoch: 1/100 Iter: 42/43 loss: 4.9826 acc: 0.2752 time 1.98s
[Train epoch 1] avg_loss=4.9826 avg_acc=0.2752 | per-class [c0: 0.246, c1: 0.088, c2: 0.391]
Final training 1/99, loss: 4.9826, time 87.53s, lr: 0.000086
Accuracy: 0.273
class                  precision    recall   specificity      f1   support
--------------------------------------------------------------------------
0                          0.283     0.246         0.583   0.264        69
1                          0.086     0.088         0.768   0.087        34
2                          0.351     0.391         0.515   0.370        69
*----------------------------------------*
0 Wed Oct 29 10:35:48 2025 Epoch: 2
