Architecture:                            x86_64
CPU op-mode(s):                          32-bit, 64-bit
Byte Order:                              Little Endian
Address sizes:                           48 bits physical, 48 bits virtual
CPU(s):                                  64
On-line CPU(s) list:                     0-63
Thread(s) per core:                      2
Core(s) per socket:                      16
Socket(s):                               2
NUMA node(s):                            8
Vendor ID:                               AuthenticAMD
CPU family:                              25
Model:                                   1
Model name:                              AMD EPYC 7313 16-Core Processor
Stepping:                                1
Frequency boost:                         enabled
CPU MHz:                                 2998.596
CPU max MHz:                             3000.0000
CPU min MHz:                             1500.0000
BogoMIPS:                                5988.46
Virtualization:                          AMD-V
L1d cache:                               1 MiB
L1i cache:                               1 MiB
L2 cache:                                16 MiB
L3 cache:                                256 MiB
NUMA node0 CPU(s):                       0-3,32-35
NUMA node1 CPU(s):                       4-7,36-39
NUMA node2 CPU(s):                       8-11,40-43
NUMA node3 CPU(s):                       12-15,44-47
NUMA node4 CPU(s):                       16-19,48-51
NUMA node5 CPU(s):                       20-23,52-55
NUMA node6 CPU(s):                       24-27,56-59
NUMA node7 CPU(s):                       28-31,60-63
Vulnerability Gather data sampling:      Not affected
Vulnerability Indirect target selection: Not affected
Vulnerability Itlb multihit:             Not affected
Vulnerability L1tf:                      Not affected
Vulnerability Mds:                       Not affected
Vulnerability Meltdown:                  Not affected
Vulnerability Mmio stale data:           Not affected
Vulnerability Reg file data sampling:    Not affected
Vulnerability Retbleed:                  Not affected
Vulnerability Spec rstack overflow:      Mitigation; safe RET
Vulnerability Spec store bypass:         Mitigation; Speculative Store Bypass disabled via prctl and seccomp
Vulnerability Spectre v1:                Mitigation; usercopy/swapgs barriers and __user pointer sanitization
Vulnerability Spectre v2:                Mitigation; Retpolines, IBPB conditional, IBRS_FW, STIBP always-on, RSB filling, PBRSB-eIBRS Not affected
Vulnerability Srbds:                     Not affected
Vulnerability Tsa:                       Mitigation; Clear CPU buffers
Vulnerability Tsx async abort:           Not affected
Vulnerability Vmscape:                   Mitigation; IBPB before exit to userspace
Flags:                                   fpu vme de pse tsc msr pae mce cx8 apic sep mtrr pge mca cmov pat pse36 clflush mmx fxsr sse sse2 ht syscall nx mmxext fxsr_opt pdpe1gb rdtscp lm constant_tsc rep_good nopl nonstop_tsc cpuid extd_apicid aperfmperf pni pclmulqdq monitor ssse3 fma cx16 pcid sse4_1 sse4_2 movbe popcnt aes xsave avx f16c rdrand lahf_lm cmp_legacy svm extapic cr8_legacy abm sse4a misalignsse 3dnowprefetch osvw ibs skinit wdt tce topoext perfctr_core perfctr_nb bpext perfctr_llc mwaitx cpb cat_l3 cdp_l3 invpcid_single hw_pstate ssbd mba ibrs ibpb stibp vmmcall fsgsbase bmi1 avx2 smep bmi2 erms invpcid cqm rdt_a rdseed adx smap clflushopt clwb sha_ni xsaveopt xsavec xgetbv1 xsaves cqm_llc cqm_occup_llc cqm_mbm_total cqm_mbm_local clzero irperf xsaveerptr rdpru wbnoinvd amd_ppin arat npt lbrv svm_lock nrip_save tsc_scale vmcb_clean flushbyasid decodeassists pausefilter pfthreshold v_vmsave_vmload vgif umip pku ospke vaes vpclmulqdq rdpid overflow_recov succor smca fsrm ibpb_exit_to_user
Thu Nov 13 09:32:19 2025       
+---------------------------------------------------------------------------------------+
| NVIDIA-SMI 535.183.06             Driver Version: 535.183.06   CUDA Version: 12.2     |
|-----------------------------------------+----------------------+----------------------+
| GPU  Name                 Persistence-M | Bus-Id        Disp.A | Volatile Uncorr. ECC |
| Fan  Temp   Perf          Pwr:Usage/Cap |         Memory-Usage | GPU-Util  Compute M. |
|                                         |                      |               MIG M. |
|=========================================+======================+======================|
|   0  NVIDIA A40                     On  | 00000000:C3:00.0 Off |                    0 |
|  0%   34C    P8              31W / 300W |      0MiB / 46068MiB |      0%      Default |
|                                         |                      |                  N/A |
+-----------------------------------------+----------------------+----------------------+
                                                                                         
+---------------------------------------------------------------------------------------+
| Processes:                                                                            |
|  GPU   GI   CI        PID   Type   Process name                            GPU Memory |
|        ID   ID                                                             Usage      |
|=======================================================================================|
|  No running processes found                                                           |
+---------------------------------------------------------------------------------------+
/home/mraffael/martone_project/Organoid-Image-Classification-Using-Deep-Learning
{'RandFlipd_prob': 0.2,
 'RandRotate90d_prob': 0.2,
 'RandScaleIntensityd_prob': 0.1,
 'RandShiftIntensityd_prob': 0.1,
 'amp': True,
 'augmentation': True,
 'batch_size': 6,
 'cache_dataset': False,
 'checkpoint_path': None,
 'data_dir': '/home/mraffael/martone_project/Organoids_Dataset_256/',
 'dataset_name': 'OrganoidsINRIA_reduced',
 'debug': False,
 'debug_train_samples': 40,
 'debug_val_samples': 10,
 'dist_backend': 'nccl',
 'dist_url': 'tcp://127.0.0.1:23456',
 'distributed': False,
 'dropout_path_rate': 0.0,
 'dropout_rate': 0.0,
 'early_stopping': False,
 'encoder10_pth': '',
 'exact_class': False,
 'feature_size': 48,
 'fold': 0,
 'folds': False,
 'gpu': 0,
 'ignore_label': 3,
 'in_channels': 1,
 'infer_overlap': 0.5,
 'k_folds': 5,
 'logdir': 'test',
 'logs_dir': 'logs/',
 'loss_name': 'CE',
 'lrschedule': 'warmup_cosine',
 'max_epochs': 150,
 'min_delta_loss': 0.001,
 'min_delta_val': 0.001,
 'model_name': 'swinunetr+noah',
 'momentum': 0.99,
 'noamp': False,
 'norm_name': 'instance',
 'oar_id': 2117930,
 'optim_lr': 0.0006,
 'optim_name': 'adamw',
 'out_channels': 1,
 'output_dir': 'outputs/',
 'patch_merging': False,
 'patience_loss': 20,
 'patience_val': 3,
 'pretrained_dir': './pretrained_models/fold1_f48_ep300_4gpu_dice0_9059/',
 'pretrained_model_name': 'model_swinvit.pt',
 'rank': 0,
 'reg_weight': 5e-05,
 'restart_T0': 20,
 'resume_ckpt': False,
 'roi_x': 128,
 'roi_y': 128,
 'roi_z': 128,
 'save_checkpoint': True,
 'seed': 3,
 'similarity_loss': '',
 'similarity_loss_weight': 0.0,
 'spatial_dims': 3,
 'split_method': 'stratified',
 'start_epoch': 0,
 'sw_batch_size': 6,
 'telegram_log': True,
 'test_mode': False,
 'token': './token/tlg_token.txt',
 'use_checkpoint': False,
 'val_every': 4,
 'warmup_epochs': 5,
 'workers': 8,
 'world_size': 1}

Saved configuration to: outputs/OrganoidsINRIA_reduced/swinunetr+noah/2025-11-13-09-32/config.txt
Using GPU: 0

Model INFO:
Model architecture: swinunetr+noah
Using pretrained weights
=> loading pretrained model './pretrained_models/fold1_f48_ep300_4gpu_dice0_9059/model_swinvit.pt'
Missing keys when loading pretrained: 33
Unexpected keys when loading pretrained: 8
Using SwinUNETR with NOAH Classification Head
Total trainable parameters: 39,917,112

Optimizer INFO:
Using optimizer: adamw with lr=0.0006, weight_decay=5e-05

Dataset INFO:
Dataset length: 803
Class distribution in entire dataset:
  Class 0: 391
  Class 1: 43
  Class 2: 369

Using split method: stratified

Train set balance:
Class distribution:
  Class 0: 313 samples
  Class 1: 34 samples
  Class 2: 295 samples

Val set balance:
Class distribution:
  Class 0: 78 samples
  Class 1: 9 samples
  Class 2: 74 samples
Training set length: 642
Validation set length: 161

Using standard shuffle for training
Training loader: 107 batches
Validation loader: 27 batches

Class distribution in training set:
  Class 0: 313 (48.8%)
  Class 1: 34 (5.3%)
  Class 2: 295 (46.0%)
Class distribution in validation set:
  Class 0: 78 (48.4%)
  Class 1: 9 (5.6%)
  Class 2: 74 (46.0%)
**************************************************
Class weights: [ 6.837  62.941  7.254]

Using loss function: CE
**************************************************
Starting training...
✓ Unfrozen: encoder10.layer.conv1.conv.weight (15925248 params)
✓ Unfrozen: encoder10.layer.conv2.conv.weight (15925248 params)
✓ Unfrozen: fc.query.weight (2304 params)
✓ Unfrozen: fc.query.bias (3 params)
✓ Unfrozen: fc.value.weight (2304 params)
✓ Unfrozen: fc.value.bias (3 params)
Total frozen: 8062002, trainable: 31855110
0 Thu Nov 13 09:32:50 2025 Epoch: 0
Epoch: 0/150 Iter: 0/107 loss: 57.9490 acc: 0.3333 time 28.04s
Epoch: 0/150 Iter: 1/107 loss: 32.0926 acc: 0.5000 time 2.79s
Epoch: 0/150 Iter: 2/107 loss: 37.5212 acc: 0.4630 time 2.66s
Epoch: 0/150 Iter: 3/107 loss: 32.3097 acc: 0.4722 time 3.12s
Epoch: 0/150 Iter: 4/107 loss: 26.2728 acc: 0.5444 time 2.62s
Epoch: 0/150 Iter: 5/107 loss: 24.2592 acc: 0.5537 time 2.66s
Epoch: 0/150 Iter: 6/107 loss: 20.8816 acc: 0.5341 time 2.69s
Epoch: 0/150 Iter: 7/107 loss: 18.5558 acc: 0.5611 time 2.67s
Epoch: 0/150 Iter: 8/107 loss: 19.5151 acc: 0.5173 time 3.12s
Epoch: 0/150 Iter: 9/107 loss: 18.8057 acc: 0.4989 time 3.12s
Epoch: 0/150 Iter: 10/107 loss: 17.9858 acc: 0.4914 time 3.12s
Epoch: 0/150 Iter: 11/107 loss: 17.4443 acc: 0.4921 time 2.63s
Epoch: 0/150 Iter: 12/107 loss: 17.2679 acc: 0.4927 time 2.62s
Epoch: 0/150 Iter: 13/107 loss: 16.5780 acc: 0.4933 time 2.63s
Epoch: 0/150 Iter: 14/107 loss: 16.2212 acc: 0.5020 time 2.70s
Epoch: 0/150 Iter: 15/107 loss: 15.8642 acc: 0.4845 time 3.13s
Epoch: 0/150 Iter: 16/107 loss: 15.4189 acc: 0.5002 time 3.12s
Epoch: 0/150 Iter: 17/107 loss: 15.0446 acc: 0.4946 time 3.13s
Epoch: 0/150 Iter: 18/107 loss: 15.0697 acc: 0.4949 time 3.13s
Epoch: 0/150 Iter: 19/107 loss: 16.7885 acc: 0.4868 time 3.13s
Epoch: 0/150 Iter: 20/107 loss: 16.0834 acc: 0.4874 time 3.14s
Epoch: 0/150 Iter: 21/107 loss: 17.9877 acc: 0.4804 time 3.12s
Epoch: 0/150 Iter: 22/107 loss: 17.4604 acc: 0.4769 time 2.64s
Epoch: 0/150 Iter: 23/107 loss: 18.4425 acc: 0.4779 time 2.63s
Epoch: 0/150 Iter: 24/107 loss: 17.9850 acc: 0.4788 time 2.63s
Epoch: 0/150 Iter: 25/107 loss: 19.8418 acc: 0.4604 time 2.68s
Epoch: 0/150 Iter: 26/107 loss: 21.1136 acc: 0.4587 time 3.13s
Epoch: 0/150 Iter: 27/107 loss: 21.6961 acc: 0.4582 time 2.64s
Epoch: 0/150 Iter: 28/107 loss: 21.3446 acc: 0.4597 time 2.69s
Epoch: 0/150 Iter: 29/107 loss: 21.0126 acc: 0.4610 time 2.65s
Epoch: 0/150 Iter: 30/107 loss: 20.6856 acc: 0.4569 time 3.15s
Epoch: 0/150 Iter: 31/107 loss: 21.8111 acc: 0.4426 time 3.13s
Epoch: 0/150 Iter: 32/107 loss: 22.2242 acc: 0.4444 time 2.64s
Epoch: 0/150 Iter: 33/107 loss: 21.7029 acc: 0.4460 time 2.69s
Epoch: 0/150 Iter: 34/107 loss: 23.2947 acc: 0.4475 time 3.13s
Epoch: 0/150 Iter: 35/107 loss: 23.7720 acc: 0.4490 time 3.12s
Epoch: 0/150 Iter: 36/107 loss: 23.2010 acc: 0.4477 time 2.64s
Epoch: 0/150 Iter: 37/107 loss: 22.6485 acc: 0.4523 time 3.13s
Epoch: 0/150 Iter: 38/107 loss: 22.3822 acc: 0.4536 time 2.67s
Epoch: 0/150 Iter: 39/107 loss: 22.1715 acc: 0.4464 time 2.69s
Epoch: 0/150 Iter: 40/107 loss: 21.7992 acc: 0.4477 time 2.69s
Epoch: 0/150 Iter: 41/107 loss: 21.5285 acc: 0.4489 time 2.64s
Epoch: 0/150 Iter: 42/107 loss: 21.2087 acc: 0.4472 time 2.71s
Epoch: 0/150 Iter: 43/107 loss: 20.8125 acc: 0.4484 time 3.13s
Epoch: 0/150 Iter: 44/107 loss: 21.5443 acc: 0.4414 time 3.14s
Epoch: 0/150 Iter: 45/107 loss: 21.2188 acc: 0.4391 time 3.14s
Epoch: 0/150 Iter: 46/107 loss: 21.0495 acc: 0.4404 time 2.65s
Epoch: 0/150 Iter: 47/107 loss: 21.8537 acc: 0.4381 time 2.71s
Epoch: 0/150 Iter: 48/107 loss: 22.6135 acc: 0.4360 time 3.14s
Epoch: 0/150 Iter: 49/107 loss: 22.3334 acc: 0.4373 time 3.14s
Epoch: 0/150 Iter: 50/107 loss: 21.9540 acc: 0.4385 time 2.64s
Epoch: 0/150 Iter: 51/107 loss: 21.8592 acc: 0.4301 time 3.14s
Epoch: 0/150 Iter: 52/107 loss: 21.6057 acc: 0.4314 time 2.69s
Epoch: 0/150 Iter: 53/107 loss: 21.7730 acc: 0.4296 time 3.14s
Epoch: 0/150 Iter: 54/107 loss: 21.5959 acc: 0.4309 time 3.14s
Epoch: 0/150 Iter: 55/107 loss: 21.3747 acc: 0.4339 time 2.68s
Epoch: 0/150 Iter: 56/107 loss: 21.7874 acc: 0.4263 time 2.66s
Epoch: 0/150 Iter: 57/107 loss: 21.4921 acc: 0.4275 time 2.67s
Epoch: 0/150 Iter: 58/107 loss: 21.1555 acc: 0.4330 time 2.70s
Epoch: 0/150 Iter: 59/107 loss: 21.0211 acc: 0.4320 time 2.65s
Epoch: 0/150 Iter: 60/107 loss: 20.9409 acc: 0.4332 time 2.65s
Epoch: 0/150 Iter: 61/107 loss: 21.2421 acc: 0.4333 time 2.69s
Epoch: 0/150 Iter: 62/107 loss: 20.9992 acc: 0.4324 time 2.70s
Epoch: 0/150 Iter: 63/107 loss: 20.8146 acc: 0.4335 time 2.66s
Epoch: 0/150 Iter: 64/107 loss: 20.6344 acc: 0.4329 time 2.65s
Epoch: 0/150 Iter: 65/107 loss: 20.3714 acc: 0.4378 time 2.69s
Epoch: 0/150 Iter: 66/107 loss: 20.2075 acc: 0.4362 time 2.65s
Epoch: 0/150 Iter: 67/107 loss: 20.1022 acc: 0.4335 time 3.15s
Epoch: 0/150 Iter: 68/107 loss: 20.0322 acc: 0.4272 time 2.72s
Epoch: 0/150 Iter: 69/107 loss: 20.4665 acc: 0.4258 time 3.13s
Epoch: 0/150 Iter: 70/107 loss: 20.3202 acc: 0.4251 time 3.16s
Epoch: 0/150 Iter: 71/107 loss: 20.0492 acc: 0.4250 time 3.15s
Epoch: 0/150 Iter: 72/107 loss: 19.8830 acc: 0.4260 time 2.72s
Epoch: 0/150 Iter: 73/107 loss: 20.0318 acc: 0.4248 time 2.66s
Epoch: 0/150 Iter: 74/107 loss: 19.9343 acc: 0.4271 time 3.13s
Epoch: 0/150 Iter: 75/107 loss: 19.7534 acc: 0.4281 time 3.22s
Epoch: 0/150 Iter: 76/107 loss: 19.5859 acc: 0.4290 time 2.69s
Epoch: 0/150 Iter: 77/107 loss: 20.0597 acc: 0.4256 time 2.65s
Epoch: 0/150 Iter: 78/107 loss: 20.0141 acc: 0.4266 time 2.70s
Epoch: 0/150 Iter: 79/107 loss: 19.8325 acc: 0.4263 time 2.71s
Epoch: 0/150 Iter: 80/107 loss: 19.6982 acc: 0.4272 time 3.15s
Epoch: 0/150 Iter: 81/107 loss: 19.4977 acc: 0.4280 time 3.14s
Epoch: 0/150 Iter: 82/107 loss: 19.3665 acc: 0.4289 time 3.14s
Epoch: 0/150 Iter: 83/107 loss: 19.2337 acc: 0.4298 time 2.69s
Epoch: 0/150 Iter: 84/107 loss: 19.0155 acc: 0.4345 time 2.69s
Epoch: 0/150 Iter: 85/107 loss: 18.8459 acc: 0.4326 time 2.65s
Epoch: 0/150 Iter: 86/107 loss: 18.6873 acc: 0.4333 time 2.69s
Epoch: 0/150 Iter: 87/107 loss: 18.5577 acc: 0.4313 time 3.15s
Epoch: 0/150 Iter: 88/107 loss: 18.4562 acc: 0.4320 time 2.65s
Epoch: 0/150 Iter: 89/107 loss: 18.4351 acc: 0.4328 time 2.66s
Epoch: 0/150 Iter: 90/107 loss: 18.4471 acc: 0.4317 time 3.15s
Epoch: 0/150 Iter: 91/107 loss: 18.3594 acc: 0.4324 time 2.69s
Epoch: 0/150 Iter: 92/107 loss: 18.3304 acc: 0.4287 time 3.13s
Epoch: 0/150 Iter: 93/107 loss: 18.2298 acc: 0.4294 time 3.13s
Epoch: 0/150 Iter: 94/107 loss: 18.1665 acc: 0.4302 time 3.13s
Epoch: 0/150 Iter: 95/107 loss: 18.0248 acc: 0.4309 time 3.15s
Epoch: 0/150 Iter: 96/107 loss: 17.8796 acc: 0.4329 time 3.13s
Epoch: 0/150 Iter: 97/107 loss: 17.7864 acc: 0.4336 time 3.15s
Epoch: 0/150 Iter: 98/107 loss: 17.8059 acc: 0.4292 time 2.71s
Epoch: 0/150 Iter: 99/107 loss: 17.6991 acc: 0.4299 time 2.68s
Epoch: 0/150 Iter: 100/107 loss: 17.5945 acc: 0.4306 time 2.65s
Epoch: 0/150 Iter: 101/107 loss: 17.7618 acc: 0.4297 time 2.69s
Epoch: 0/150 Iter: 102/107 loss: 18.1365 acc: 0.4287 time 3.14s
Epoch: 0/150 Iter: 103/107 loss: 18.3165 acc: 0.4278 time 2.67s
Epoch: 0/150 Iter: 104/107 loss: 18.2043 acc: 0.4285 time 2.65s
Epoch: 0/150 Iter: 105/107 loss: 18.0848 acc: 0.4292 time 3.14s
Epoch: 0/150 Iter: 106/107 loss: 18.0054 acc: 0.4310 time 2.66s
[Train epoch 0] avg_loss=18.0054 avg_acc=0.4310 | per-class [c0: 0.891, c1: 0.059, c2: 0.108]
Final training 0/149, loss: 18.0054, time 331.74s, lr: 0.000000
Accuracy: 0.488
class                  precision    recall   specificity      f1   support
--------------------------------------------------------------------------
0                          0.488     0.891         0.109   0.631       313
1                          0.200     0.059         0.987   0.091        34
2                          0.533     0.108         0.919   0.180       295
*----------------------------------------*
0 Thu Nov 13 09:38:22 2025 Epoch: 1
Epoch: 1/150 Iter: 0/107 loss: 57.0256 acc: 0.3333 time 4.13s
Epoch: 1/150 Iter: 1/107 loss: 56.5015 acc: 0.3333 time 2.80s
Epoch: 1/150 Iter: 2/107 loss: 92.9073 acc: 0.2556 time 2.69s
Epoch: 1/150 Iter: 3/107 loss: 91.4163 acc: 0.3167 time 2.76s
Epoch: 1/150 Iter: 4/107 loss: 79.8819 acc: 0.3283 time 2.84s
Epoch: 1/150 Iter: 5/107 loss: 75.7123 acc: 0.3569 time 2.73s
Epoch: 1/150 Iter: 6/107 loss: 69.5416 acc: 0.3774 time 3.23s
Epoch: 1/150 Iter: 7/107 loss: 61.8124 acc: 0.3927 time 2.73s
Epoch: 1/150 Iter: 8/107 loss: 65.9508 acc: 0.4231 time 2.91s
Epoch: 1/150 Iter: 9/107 loss: 64.8676 acc: 0.3908 time 3.21s
Epoch: 1/150 Iter: 10/107 loss: 63.8479 acc: 0.3806 time 2.73s
Epoch: 1/150 Iter: 11/107 loss: 60.1687 acc: 0.3488 time 2.70s
Epoch: 1/150 Iter: 12/107 loss: 57.1332 acc: 0.3391 time 2.71s
Epoch: 1/150 Iter: 13/107 loss: 56.3494 acc: 0.3308 time 2.72s
Epoch: 1/150 Iter: 14/107 loss: 56.2656 acc: 0.3309 time 2.74s
Epoch: 1/150 Iter: 15/107 loss: 52.7620 acc: 0.3571 time 2.81s
Epoch: 1/150 Iter: 16/107 loss: 49.9555 acc: 0.3753 time 3.23s
Epoch: 1/150 Iter: 17/107 loss: 47.8224 acc: 0.3804 time 3.25s
Epoch: 1/150 Iter: 18/107 loss: 46.4432 acc: 0.3735 time 2.68s
Epoch: 1/150 Iter: 19/107 loss: 44.6481 acc: 0.3924 time 2.87s
Epoch: 1/150 Iter: 20/107 loss: 45.0077 acc: 0.3896 time 3.19s
Epoch: 1/150 Iter: 21/107 loss: 43.0542 acc: 0.3855 time 3.22s
Epoch: 1/150 Iter: 22/107 loss: 42.2321 acc: 0.3948 time 3.18s
Epoch: 1/150 Iter: 23/107 loss: 41.9567 acc: 0.3922 time 3.22s
Epoch: 1/150 Iter: 24/107 loss: 40.9083 acc: 0.3899 time 2.83s
Epoch: 1/150 Iter: 25/107 loss: 39.5196 acc: 0.3941 time 2.70s
Epoch: 1/150 Iter: 26/107 loss: 39.4708 acc: 0.3795 time 3.19s
Epoch: 1/150 Iter: 27/107 loss: 38.4852 acc: 0.3719 time 2.84s
Epoch: 1/150 Iter: 28/107 loss: 37.7908 acc: 0.3763 time 3.20s
Epoch: 1/150 Iter: 29/107 loss: 37.0229 acc: 0.3805 time 2.65s
Epoch: 1/150 Iter: 30/107 loss: 36.0932 acc: 0.3803 time 3.22s
Epoch: 1/150 Iter: 31/107 loss: 35.2198 acc: 0.3840 time 2.91s
Epoch: 1/150 Iter: 32/107 loss: 34.5294 acc: 0.3875 time 3.19s
Epoch: 1/150 Iter: 33/107 loss: 33.5216 acc: 0.4019 time 3.20s
Epoch: 1/150 Iter: 34/107 loss: 32.8536 acc: 0.4011 time 2.70s
Epoch: 1/150 Iter: 35/107 loss: 34.9196 acc: 0.3992 time 2.76s
Epoch: 1/150 Iter: 36/107 loss: 34.0814 acc: 0.3992 time 3.23s
Epoch: 1/150 Iter: 37/107 loss: 33.3663 acc: 0.4085 time 3.22s
Epoch: 1/150 Iter: 38/107 loss: 32.6155 acc: 0.4108 time 3.22s
Epoch: 1/150 Iter: 39/107 loss: 31.8535 acc: 0.4214 time 2.74s
Epoch: 1/150 Iter: 40/107 loss: 31.1160 acc: 0.4233 time 3.21s
Epoch: 1/150 Iter: 41/107 loss: 32.3224 acc: 0.4212 time 2.82s
Epoch: 1/150 Iter: 42/107 loss: 31.6432 acc: 0.4230 time 2.76s
Epoch: 1/150 Iter: 43/107 loss: 32.3144 acc: 0.4197 time 2.72s
Epoch: 1/150 Iter: 44/107 loss: 31.6640 acc: 0.4215 time 2.72s
Epoch: 1/150 Iter: 45/107 loss: 31.4107 acc: 0.4123 time 2.86s
Epoch: 1/150 Iter: 46/107 loss: 30.8270 acc: 0.4154 time 3.22s
Epoch: 1/150 Iter: 47/107 loss: 30.3601 acc: 0.4137 time 3.22s
Epoch: 1/150 Iter: 48/107 loss: 29.9809 acc: 0.4069 time 2.82s
Epoch: 1/150 Iter: 49/107 loss: 29.5904 acc: 0.4021 time 3.18s
Epoch: 1/150 Iter: 50/107 loss: 29.3207 acc: 0.3975 time 2.69s
Epoch: 1/150 Iter: 51/107 loss: 28.8567 acc: 0.4019 time 2.75s
Epoch: 1/150 Iter: 52/107 loss: 28.3719 acc: 0.3990 time 2.79s
Epoch: 1/150 Iter: 53/107 loss: 27.9251 acc: 0.4009 time 3.21s
Epoch: 1/150 Iter: 54/107 loss: 27.4991 acc: 0.4027 time 2.70s
Epoch: 1/150 Iter: 55/107 loss: 27.0081 acc: 0.4133 time 2.71s
Epoch: 1/150 Iter: 56/107 loss: 26.5395 acc: 0.4207 time 3.24s
Epoch: 1/150 Iter: 57/107 loss: 26.0880 acc: 0.4250 time 3.22s
Epoch: 1/150 Iter: 58/107 loss: 26.3608 acc: 0.4234 time 2.72s
Epoch: 1/150 Iter: 59/107 loss: 26.3973 acc: 0.4261 time 2.74s
Epoch: 1/150 Iter: 60/107 loss: 26.0396 acc: 0.4273 time 2.85s
Epoch: 1/150 Iter: 61/107 loss: 25.6430 acc: 0.4338 time 2.66s
Epoch: 1/150 Iter: 62/107 loss: 25.2834 acc: 0.4305 time 2.73s
Epoch: 1/150 Iter: 63/107 loss: 25.1472 acc: 0.4250 time 3.22s
Epoch: 1/150 Iter: 64/107 loss: 24.8959 acc: 0.4236 time 2.81s
Epoch: 1/150 Iter: 65/107 loss: 24.6832 acc: 0.4273 time 2.80s
Epoch: 1/150 Iter: 66/107 loss: 24.5026 acc: 0.4259 time 3.17s
Epoch: 1/150 Iter: 67/107 loss: 24.6830 acc: 0.4270 time 2.76s
Epoch: 1/150 Iter: 68/107 loss: 24.4031 acc: 0.4281 time 2.71s
Epoch: 1/150 Iter: 69/107 loss: 24.4200 acc: 0.4267 time 3.19s
Epoch: 1/150 Iter: 70/107 loss: 24.2019 acc: 0.4223 time 3.24s
Epoch: 1/150 Iter: 71/107 loss: 23.8747 acc: 0.4233 time 3.15s
Epoch: 1/150 Iter: 72/107 loss: 23.8912 acc: 0.4221 time 2.78s
Epoch: 1/150 Iter: 73/107 loss: 23.8956 acc: 0.4232 time 2.73s
Epoch: 1/150 Iter: 74/107 loss: 23.7584 acc: 0.4242 time 2.69s
Epoch: 1/150 Iter: 75/107 loss: 23.5561 acc: 0.4252 time 2.82s
Epoch: 1/150 Iter: 76/107 loss: 23.4166 acc: 0.4197 time 3.21s
Epoch: 1/150 Iter: 77/107 loss: 23.2588 acc: 0.4186 time 2.73s
Epoch: 1/150 Iter: 78/107 loss: 23.0506 acc: 0.4217 time 3.25s
Epoch: 1/150 Iter: 79/107 loss: 23.0105 acc: 0.4164 time 2.75s
Epoch: 1/150 Iter: 80/107 loss: 22.8915 acc: 0.4195 time 3.22s
Epoch: 1/150 Iter: 81/107 loss: 22.8032 acc: 0.4205 time 2.75s
Epoch: 1/150 Iter: 82/107 loss: 22.6237 acc: 0.4215 time 2.82s
Epoch: 1/150 Iter: 83/107 loss: 22.4466 acc: 0.4188 time 2.81s
Epoch: 1/150 Iter: 84/107 loss: 22.2647 acc: 0.4178 time 2.88s
Epoch: 1/150 Iter: 85/107 loss: 22.0843 acc: 0.4139 time 2.81s
Epoch: 1/150 Iter: 86/107 loss: 21.8998 acc: 0.4149 time 3.22s
Epoch: 1/150 Iter: 87/107 loss: 21.7122 acc: 0.4170 time 3.17s
Epoch: 1/150 Iter: 88/107 loss: 21.7547 acc: 0.4198 time 2.76s
Epoch: 1/150 Iter: 89/107 loss: 21.9706 acc: 0.4189 time 2.75s
Epoch: 1/150 Iter: 90/107 loss: 21.7448 acc: 0.4197 time 3.22s
Epoch: 1/150 Iter: 91/107 loss: 21.9423 acc: 0.4224 time 2.65s
Epoch: 1/150 Iter: 92/107 loss: 21.7318 acc: 0.4233 time 3.15s
Epoch: 1/150 Iter: 93/107 loss: 21.5577 acc: 0.4188 time 2.65s
Epoch: 1/150 Iter: 94/107 loss: 21.6495 acc: 0.4179 time 2.69s
Epoch: 1/150 Iter: 95/107 loss: 21.5212 acc: 0.4147 time 3.16s
Epoch: 1/150 Iter: 96/107 loss: 21.4049 acc: 0.4138 time 2.69s
Epoch: 1/150 Iter: 97/107 loss: 21.3089 acc: 0.4130 time 2.69s
Epoch: 1/150 Iter: 98/107 loss: 21.0968 acc: 0.4164 time 2.65s
Epoch: 1/150 Iter: 99/107 loss: 20.9201 acc: 0.4185 time 3.14s
Epoch: 1/150 Iter: 100/107 loss: 20.7384 acc: 0.4210 time 2.64s
Epoch: 1/150 Iter: 101/107 loss: 20.7746 acc: 0.4201 time 3.15s
Epoch: 1/150 Iter: 102/107 loss: 20.5757 acc: 0.4209 time 2.70s
Epoch: 1/150 Iter: 103/107 loss: 20.3848 acc: 0.4255 time 2.66s
Epoch: 1/150 Iter: 104/107 loss: 20.2005 acc: 0.4274 time 2.66s
Epoch: 1/150 Iter: 105/107 loss: 20.0248 acc: 0.4281 time 3.14s
Epoch: 1/150 Iter: 106/107 loss: 19.8643 acc: 0.4264 time 2.72s
[Train epoch 1] avg_loss=19.8643 avg_acc=0.4264 | per-class [c0: 0.476, c1: 0.265, c2: 0.464]
Final training 1/149, loss: 19.8643, time 313.24s, lr: 0.000150
Accuracy: 0.460
class                  precision    recall   specificity      f1   support
--------------------------------------------------------------------------
0                          0.546     0.476         0.623   0.509       313
1                          0.083     0.265         0.836   0.126        34
2                          0.527     0.464         0.646   0.494       295
*----------------------------------------*
0 Thu Nov 13 09:43:36 2025 Epoch: 2
Epoch: 2/150 Iter: 0/107 loss: 2.6482 acc: 0.1333 time 4.02s
Epoch: 2/150 Iter: 1/107 loss: 3.7519 acc: 0.3167 time 2.82s
Epoch: 2/150 Iter: 2/107 loss: 6.3889 acc: 0.4194 time 3.17s
Epoch: 2/150 Iter: 3/107 loss: 11.6272 acc: 0.4257 time 2.71s
Epoch: 2/150 Iter: 4/107 loss: 10.5407 acc: 0.4406 time 2.70s
Epoch: 2/150 Iter: 5/107 loss: 15.2257 acc: 0.4505 time 3.19s
Epoch: 2/150 Iter: 6/107 loss: 15.6315 acc: 0.4179 time 3.26s
Epoch: 2/150 Iter: 7/107 loss: 14.6626 acc: 0.4281 time 2.83s
Epoch: 2/150 Iter: 8/107 loss: 13.4170 acc: 0.4361 time 3.24s
Epoch: 2/150 Iter: 9/107 loss: 14.1815 acc: 0.4425 time 3.20s
Epoch: 2/150 Iter: 10/107 loss: 13.4146 acc: 0.4386 time 2.78s
Epoch: 2/150 Iter: 11/107 loss: 13.0287 acc: 0.4438 time 2.68s
Epoch: 2/150 Iter: 12/107 loss: 12.1239 acc: 0.4737 time 3.23s
Epoch: 2/150 Iter: 13/107 loss: 12.8344 acc: 0.4637 time 2.76s
Epoch: 2/150 Iter: 14/107 loss: 13.4065 acc: 0.4550 time 3.21s
Epoch: 2/150 Iter: 15/107 loss: 14.4747 acc: 0.4266 time 2.76s
Epoch: 2/150 Iter: 16/107 loss: 15.7031 acc: 0.4015 time 2.74s
Epoch: 2/150 Iter: 17/107 loss: 15.9028 acc: 0.3792 time 2.78s
Epoch: 2/150 Iter: 18/107 loss: 16.3102 acc: 0.3709 time 2.68s
Epoch: 2/150 Iter: 19/107 loss: 15.9579 acc: 0.3649 time 3.20s
Epoch: 2/150 Iter: 20/107 loss: 15.2710 acc: 0.3892 time 2.71s
Epoch: 2/150 Iter: 21/107 loss: 15.0489 acc: 0.3942 time 2.80s
Epoch: 2/150 Iter: 22/107 loss: 16.2228 acc: 0.3879 time 2.67s
Epoch: 2/150 Iter: 23/107 loss: 15.5568 acc: 0.3926 time 2.73s
Epoch: 2/150 Iter: 24/107 loss: 15.0323 acc: 0.3969 time 2.75s
Epoch: 2/150 Iter: 25/107 loss: 14.4979 acc: 0.4057 time 3.16s
Epoch: 2/150 Iter: 26/107 loss: 14.0259 acc: 0.4061 time 2.77s
Epoch: 2/150 Iter: 27/107 loss: 13.6292 acc: 0.4035 time 3.20s
Epoch: 2/150 Iter: 28/107 loss: 13.2943 acc: 0.3965 time 2.70s
Epoch: 2/150 Iter: 29/107 loss: 12.9245 acc: 0.3944 time 2.72s
Epoch: 2/150 Iter: 30/107 loss: 12.7749 acc: 0.3924 time 2.72s
Epoch: 2/150 Iter: 31/107 loss: 13.7243 acc: 0.3801 time 2.73s
Epoch: 2/150 Iter: 32/107 loss: 14.4357 acc: 0.3686 time 3.20s
Epoch: 2/150 Iter: 33/107 loss: 14.1222 acc: 0.3617 time 3.21s
Epoch: 2/150 Iter: 34/107 loss: 13.8327 acc: 0.3720 time 2.81s
Epoch: 2/150 Iter: 35/107 loss: 13.4981 acc: 0.3848 time 2.72s
Epoch: 2/150 Iter: 36/107 loss: 13.1984 acc: 0.3947 time 2.67s
Epoch: 2/150 Iter: 37/107 loss: 12.9097 acc: 0.3974 time 3.19s
Epoch: 2/150 Iter: 38/107 loss: 12.7360 acc: 0.4078 time 2.81s
Epoch: 2/150 Iter: 39/107 loss: 12.5995 acc: 0.4101 time 3.20s
Epoch: 2/150 Iter: 40/107 loss: 12.3408 acc: 0.4214 time 2.73s
Epoch: 2/150 Iter: 41/107 loss: 12.1446 acc: 0.4272 time 2.71s
Epoch: 2/150 Iter: 42/107 loss: 13.9222 acc: 0.4276 time 2.69s
Epoch: 2/150 Iter: 43/107 loss: 15.8973 acc: 0.4293 time 2.67s
Epoch: 2/150 Iter: 44/107 loss: 15.6979 acc: 0.4336 time 3.22s
Epoch: 2/150 Iter: 45/107 loss: 15.3943 acc: 0.4423 time 2.73s
Epoch: 2/150 Iter: 46/107 loss: 15.1628 acc: 0.4382 time 2.77s
Epoch: 2/150 Iter: 47/107 loss: 14.8474 acc: 0.4499 time 3.17s
Epoch: 2/150 Iter: 48/107 loss: 14.9534 acc: 0.4453 time 3.17s
Epoch: 2/150 Iter: 49/107 loss: 14.7367 acc: 0.4464 time 2.71s
Epoch: 2/150 Iter: 50/107 loss: 14.7787 acc: 0.4398 time 2.70s
Epoch: 2/150 Iter: 51/107 loss: 15.0156 acc: 0.4314 time 3.24s
Epoch: 2/150 Iter: 52/107 loss: 14.8862 acc: 0.4311 time 2.71s
Epoch: 2/150 Iter: 53/107 loss: 14.8343 acc: 0.4272 time 3.20s
Epoch: 2/150 Iter: 54/107 loss: 14.6256 acc: 0.4285 time 3.20s
Epoch: 2/150 Iter: 55/107 loss: 14.8928 acc: 0.4308 time 2.83s
Epoch: 2/150 Iter: 56/107 loss: 14.8689 acc: 0.4342 time 3.17s
Epoch: 2/150 Iter: 57/107 loss: 14.8402 acc: 0.4375 time 2.75s
Epoch: 2/150 Iter: 58/107 loss: 14.7918 acc: 0.4407 time 2.73s
Epoch: 2/150 Iter: 59/107 loss: 14.6432 acc: 0.4458 time 3.19s
Epoch: 2/150 Iter: 60/107 loss: 14.4538 acc: 0.4467 time 2.69s
Epoch: 2/150 Iter: 61/107 loss: 14.3257 acc: 0.4476 time 2.81s
Epoch: 2/150 Iter: 62/107 loss: 14.1766 acc: 0.4484 time 2.84s
Epoch: 2/150 Iter: 63/107 loss: 13.9559 acc: 0.4570 time 2.80s
Epoch: 2/150 Iter: 64/107 loss: 13.7421 acc: 0.4654 time 3.19s
Epoch: 2/150 Iter: 65/107 loss: 13.5901 acc: 0.4659 time 2.69s
Epoch: 2/150 Iter: 66/107 loss: 13.4709 acc: 0.4664 time 3.19s
Epoch: 2/150 Iter: 67/107 loss: 13.6372 acc: 0.4694 time 3.22s
Epoch: 2/150 Iter: 68/107 loss: 13.4410 acc: 0.4771 time 2.68s
Epoch: 2/150 Iter: 69/107 loss: 13.2583 acc: 0.4821 time 2.71s
Epoch: 2/150 Iter: 70/107 loss: 13.1160 acc: 0.4824 time 2.81s
Epoch: 2/150 Iter: 71/107 loss: 12.9466 acc: 0.4815 time 2.74s
Epoch: 2/150 Iter: 72/107 loss: 12.8241 acc: 0.4795 time 3.26s
Epoch: 2/150 Iter: 73/107 loss: 12.7489 acc: 0.4784 time 3.16s
Epoch: 2/150 Iter: 74/107 loss: 12.6080 acc: 0.4764 time 2.70s
Epoch: 2/150 Iter: 75/107 loss: 12.6670 acc: 0.4713 time 2.72s
Epoch: 2/150 Iter: 76/107 loss: 12.5192 acc: 0.4768 time 3.20s
Epoch: 2/150 Iter: 77/107 loss: 12.3750 acc: 0.4819 time 2.77s
Epoch: 2/150 Iter: 78/107 loss: 12.2776 acc: 0.4822 time 3.17s
Epoch: 2/150 Iter: 79/107 loss: 12.3971 acc: 0.4808 time 3.18s
Epoch: 2/150 Iter: 80/107 loss: 12.3174 acc: 0.4842 time 2.68s
Epoch: 2/150 Iter: 81/107 loss: 12.3079 acc: 0.4837 time 2.75s
Epoch: 2/150 Iter: 82/107 loss: 12.2379 acc: 0.4819 time 2.72s
Epoch: 2/150 Iter: 83/107 loss: 12.1692 acc: 0.4788 time 2.71s
Epoch: 2/150 Iter: 84/107 loss: 12.0550 acc: 0.4747 time 3.23s
Epoch: 2/150 Iter: 85/107 loss: 12.0062 acc: 0.4750 time 3.15s
Epoch: 2/150 Iter: 86/107 loss: 12.2586 acc: 0.4753 time 2.72s
Epoch: 2/150 Iter: 87/107 loss: 12.2405 acc: 0.4756 time 2.86s
Epoch: 2/150 Iter: 88/107 loss: 12.1419 acc: 0.4801 time 2.74s
Epoch: 2/150 Iter: 89/107 loss: 12.1547 acc: 0.4803 time 2.70s
Epoch: 2/150 Iter: 90/107 loss: 12.0555 acc: 0.4832 time 3.18s
Epoch: 2/150 Iter: 91/107 loss: 12.4856 acc: 0.4834 time 3.14s
Epoch: 2/150 Iter: 92/107 loss: 12.8931 acc: 0.4818 time 3.13s
Epoch: 2/150 Iter: 93/107 loss: 13.1706 acc: 0.4802 time 2.69s
Epoch: 2/150 Iter: 94/107 loss: 13.2856 acc: 0.4787 time 2.65s
Epoch: 2/150 Iter: 95/107 loss: 13.3394 acc: 0.4772 time 3.13s
Epoch: 2/150 Iter: 96/107 loss: 13.2900 acc: 0.4740 time 2.66s
Epoch: 2/150 Iter: 97/107 loss: 13.4413 acc: 0.4742 time 2.69s
Epoch: 2/150 Iter: 98/107 loss: 13.5760 acc: 0.4745 time 2.70s
Epoch: 2/150 Iter: 99/107 loss: 13.6311 acc: 0.4748 time 2.65s
Epoch: 2/150 Iter: 100/107 loss: 13.6295 acc: 0.4717 time 2.68s
Epoch: 2/150 Iter: 101/107 loss: 13.5922 acc: 0.4695 time 2.64s
Epoch: 2/150 Iter: 102/107 loss: 13.5262 acc: 0.4666 time 2.70s
Epoch: 2/150 Iter: 103/107 loss: 13.6316 acc: 0.4661 time 2.65s
Epoch: 2/150 Iter: 104/107 loss: 13.6305 acc: 0.4648 time 2.69s
Epoch: 2/150 Iter: 105/107 loss: 13.5940 acc: 0.4636 time 2.65s
Epoch: 2/150 Iter: 106/107 loss: 13.4717 acc: 0.4663 time 2.70s
[Train epoch 2] avg_loss=13.4717 avg_acc=0.4663 | per-class [c0: 0.466, c1: 0.235, c2: 0.580]
Final training 2/149, loss: 13.4717, time 309.87s, lr: 0.000300
Accuracy: 0.506
class                  precision    recall   specificity      f1   support
--------------------------------------------------------------------------
0                          0.573     0.466         0.669   0.514       313
1                          0.076     0.235         0.840   0.115        34
2                          0.606     0.580         0.680   0.593       295
*----------------------------------------*
0 Thu Nov 13 09:48:46 2025 Epoch: 3
Epoch: 3/150 Iter: 0/107 loss: 5.7548 acc: 0.1667 time 4.50s
Epoch: 3/150 Iter: 1/107 loss: 5.8148 acc: 0.1667 time 2.77s
Epoch: 3/150 Iter: 2/107 loss: 10.3020 acc: 0.2222 time 3.20s
Epoch: 3/150 Iter: 3/107 loss: 8.4153 acc: 0.3333 time 2.72s
Epoch: 3/150 Iter: 4/107 loss: 7.7229 acc: 0.4000 time 3.21s
Epoch: 3/150 Iter: 5/107 loss: 7.7642 acc: 0.3889 time 2.81s
Epoch: 3/150 Iter: 6/107 loss: 11.4363 acc: 0.3333 time 2.79s
Epoch: 3/150 Iter: 7/107 loss: 11.1246 acc: 0.3229 time 2.74s
Epoch: 3/150 Iter: 8/107 loss: 10.4355 acc: 0.3426 time 2.73s
Epoch: 3/150 Iter: 9/107 loss: 9.5974 acc: 0.3833 time 2.84s
Epoch: 3/150 Iter: 10/107 loss: 9.0547 acc: 0.3848 time 2.81s
Epoch: 3/150 Iter: 11/107 loss: 8.3597 acc: 0.3944 time 3.24s
Epoch: 3/150 Iter: 12/107 loss: 9.6290 acc: 0.4026 time 2.73s
Epoch: 3/150 Iter: 13/107 loss: 17.9914 acc: 0.3738 time 2.75s
Epoch: 3/150 Iter: 14/107 loss: 17.1424 acc: 0.3933 time 2.80s
Epoch: 3/150 Iter: 15/107 loss: 16.0958 acc: 0.4156 time 3.20s
Epoch: 3/150 Iter: 16/107 loss: 15.5304 acc: 0.4206 time 3.21s
Epoch: 3/150 Iter: 17/107 loss: 15.3079 acc: 0.4250 time 3.24s
Epoch: 3/150 Iter: 18/107 loss: 14.9388 acc: 0.4289 time 3.21s
Epoch: 3/150 Iter: 19/107 loss: 14.3367 acc: 0.4513 time 3.20s
Epoch: 3/150 Iter: 20/107 loss: 13.6996 acc: 0.4595 time 2.75s
Epoch: 3/150 Iter: 21/107 loss: 13.6466 acc: 0.4538 time 2.83s
Epoch: 3/150 Iter: 22/107 loss: 13.4737 acc: 0.4558 time 2.70s
Epoch: 3/150 Iter: 23/107 loss: 13.4513 acc: 0.4507 time 3.21s
Epoch: 3/150 Iter: 24/107 loss: 12.9133 acc: 0.4727 time 3.22s
Epoch: 3/150 Iter: 25/107 loss: 12.6297 acc: 0.4737 time 3.24s
Epoch: 3/150 Iter: 26/107 loss: 14.3501 acc: 0.4685 time 3.20s
Epoch: 3/150 Iter: 27/107 loss: 15.1156 acc: 0.4637 time 2.69s
Epoch: 3/150 Iter: 28/107 loss: 15.0960 acc: 0.4500 time 2.71s
Epoch: 3/150 Iter: 29/107 loss: 15.4914 acc: 0.4387 time 3.22s
Epoch: 3/150 Iter: 30/107 loss: 16.2401 acc: 0.4246 time 2.84s
Epoch: 3/150 Iter: 31/107 loss: 16.0021 acc: 0.4269 time 3.22s
Epoch: 3/150 Iter: 32/107 loss: 15.8663 acc: 0.4291 time 2.69s
Epoch: 3/150 Iter: 33/107 loss: 15.4980 acc: 0.4386 time 2.80s
Epoch: 3/150 Iter: 34/107 loss: 15.3802 acc: 0.4403 time 2.72s
Epoch: 3/150 Iter: 35/107 loss: 15.4893 acc: 0.4420 time 3.20s
Epoch: 3/150 Iter: 36/107 loss: 15.2291 acc: 0.4435 time 3.26s
Epoch: 3/150 Iter: 37/107 loss: 16.4151 acc: 0.4465 time 3.23s
Epoch: 3/150 Iter: 38/107 loss: 16.3765 acc: 0.4372 time 2.86s
Epoch: 3/150 Iter: 39/107 loss: 16.1739 acc: 0.4388 time 3.23s
Epoch: 3/150 Iter: 40/107 loss: 16.0251 acc: 0.4433 time 2.69s
Epoch: 3/150 Iter: 41/107 loss: 15.6928 acc: 0.4486 time 3.22s
Epoch: 3/150 Iter: 42/107 loss: 15.4061 acc: 0.4556 time 3.20s
Epoch: 3/150 Iter: 43/107 loss: 15.1729 acc: 0.4623 time 2.82s
Epoch: 3/150 Iter: 44/107 loss: 16.0615 acc: 0.4644 time 2.78s
Epoch: 3/150 Iter: 45/107 loss: 15.8043 acc: 0.4688 time 3.24s
Epoch: 3/150 Iter: 46/107 loss: 15.5401 acc: 0.4694 time 2.79s
Epoch: 3/150 Iter: 47/107 loss: 15.2255 acc: 0.4770 time 2.80s
Epoch: 3/150 Iter: 48/107 loss: 15.6958 acc: 0.4707 time 2.84s
Epoch: 3/150 Iter: 49/107 loss: 15.4772 acc: 0.4724 time 3.16s
Epoch: 3/150 Iter: 50/107 loss: 15.7296 acc: 0.4631 time 3.21s
Epoch: 3/150 Iter: 51/107 loss: 16.1842 acc: 0.4542 time 2.83s
Epoch: 3/150 Iter: 52/107 loss: 16.4422 acc: 0.4456 time 2.84s
Epoch: 3/150 Iter: 53/107 loss: 16.4457 acc: 0.4374 time 3.23s
Epoch: 3/150 Iter: 54/107 loss: 16.4221 acc: 0.4385 time 3.18s
Epoch: 3/150 Iter: 55/107 loss: 16.1709 acc: 0.4396 time 3.23s
Epoch: 3/150 Iter: 56/107 loss: 15.8877 acc: 0.4495 time 2.81s
Epoch: 3/150 Iter: 57/107 loss: 15.7049 acc: 0.4525 time 3.18s
Epoch: 3/150 Iter: 58/107 loss: 15.4486 acc: 0.4533 time 3.20s
Epoch: 3/150 Iter: 59/107 loss: 15.1918 acc: 0.4624 time 3.25s
Epoch: 3/150 Iter: 60/107 loss: 16.0579 acc: 0.4644 time 3.19s
Epoch: 3/150 Iter: 61/107 loss: 15.7989 acc: 0.4730 time 2.74s
Epoch: 3/150 Iter: 62/107 loss: 15.6080 acc: 0.4695 time 3.24s
Epoch: 3/150 Iter: 63/107 loss: 15.3716 acc: 0.4739 time 2.79s
Epoch: 3/150 Iter: 64/107 loss: 15.2651 acc: 0.4743 time 3.25s
Epoch: 3/150 Iter: 65/107 loss: 15.0493 acc: 0.4803 time 3.17s
Epoch: 3/150 Iter: 66/107 loss: 14.8247 acc: 0.4881 time 2.73s
Epoch: 3/150 Iter: 67/107 loss: 15.4903 acc: 0.4883 time 2.71s
Epoch: 3/150 Iter: 68/107 loss: 15.3009 acc: 0.4933 time 2.70s
Epoch: 3/150 Iter: 69/107 loss: 15.2047 acc: 0.4934 time 3.17s
Epoch: 3/150 Iter: 70/107 loss: 15.2673 acc: 0.4935 time 3.15s
Epoch: 3/150 Iter: 71/107 loss: 15.1953 acc: 0.4889 time 3.20s
Epoch: 3/150 Iter: 72/107 loss: 15.0035 acc: 0.4942 time 2.69s
Epoch: 3/150 Iter: 73/107 loss: 14.8968 acc: 0.4905 time 2.69s
Epoch: 3/150 Iter: 74/107 loss: 14.8613 acc: 0.4870 time 2.70s
Epoch: 3/150 Iter: 75/107 loss: 14.7155 acc: 0.4849 time 2.85s
Epoch: 3/150 Iter: 76/107 loss: 14.6426 acc: 0.4830 time 2.86s
Epoch: 3/150 Iter: 77/107 loss: 14.5453 acc: 0.4836 time 2.83s
Epoch: 3/150 Iter: 78/107 loss: 14.3949 acc: 0.4880 time 2.91s
Epoch: 3/150 Iter: 79/107 loss: 14.3078 acc: 0.4861 time 3.23s
Epoch: 3/150 Iter: 80/107 loss: 14.2187 acc: 0.4832 time 2.83s
Epoch: 3/150 Iter: 81/107 loss: 14.3412 acc: 0.4844 time 2.81s
Epoch: 3/150 Iter: 82/107 loss: 14.2651 acc: 0.4810 time 3.21s
Epoch: 3/150 Iter: 83/107 loss: 14.1725 acc: 0.4806 time 3.17s
Epoch: 3/150 Iter: 84/107 loss: 14.0366 acc: 0.4818 time 2.84s
Epoch: 3/150 Iter: 85/107 loss: 13.9073 acc: 0.4810 time 2.69s
Epoch: 3/150 Iter: 86/107 loss: 13.8070 acc: 0.4851 time 3.21s
Epoch: 3/150 Iter: 87/107 loss: 13.6625 acc: 0.4881 time 3.23s
Epoch: 3/150 Iter: 88/107 loss: 13.5128 acc: 0.4851 time 3.24s
Epoch: 3/150 Iter: 89/107 loss: 13.4560 acc: 0.4834 time 2.83s
Epoch: 3/150 Iter: 90/107 loss: 13.3222 acc: 0.4836 time 2.77s
Epoch: 3/150 Iter: 91/107 loss: 13.4021 acc: 0.4819 time 2.66s
Epoch: 3/150 Iter: 92/107 loss: 13.3513 acc: 0.4821 time 2.71s
Epoch: 3/150 Iter: 93/107 loss: 13.2716 acc: 0.4800 time 3.14s
Epoch: 3/150 Iter: 94/107 loss: 13.2631 acc: 0.4784 time 3.14s
Epoch: 3/150 Iter: 95/107 loss: 13.1882 acc: 0.4769 time 2.66s
Epoch: 3/150 Iter: 96/107 loss: 13.1502 acc: 0.4763 time 3.15s
Epoch: 3/150 Iter: 97/107 loss: 13.0556 acc: 0.4760 time 2.64s
Epoch: 3/150 Iter: 98/107 loss: 12.9369 acc: 0.4802 time 3.14s
Epoch: 3/150 Iter: 99/107 loss: 12.9771 acc: 0.4804 time 2.72s
Epoch: 3/150 Iter: 100/107 loss: 13.0895 acc: 0.4790 time 2.65s
Epoch: 3/150 Iter: 101/107 loss: 12.9984 acc: 0.4804 time 3.15s
Epoch: 3/150 Iter: 102/107 loss: 12.9077 acc: 0.4830 time 3.14s
Epoch: 3/150 Iter: 103/107 loss: 12.9128 acc: 0.4832 time 3.15s
Epoch: 3/150 Iter: 104/107 loss: 12.8450 acc: 0.4846 time 2.70s
Epoch: 3/150 Iter: 105/107 loss: 12.8388 acc: 0.4847 time 2.65s
Epoch: 3/150 Iter: 106/107 loss: 12.7337 acc: 0.4833 time 2.65s
[Train epoch 3] avg_loss=12.7337 avg_acc=0.4833 | per-class [c0: 0.495, c1: 0.265, c2: 0.573]
Final training 3/149, loss: 12.7337, time 318.73s, lr: 0.000450
Accuracy: 0.519
class                  precision    recall   specificity      f1   support
--------------------------------------------------------------------------
0                          0.608     0.495         0.696   0.546       313
1                          0.081     0.265         0.832   0.124        34
2                          0.612     0.573         0.692   0.592       295
*----------------------------------------*
Val 3/150 0/27, Acc: 0.2222, time 3.98s
Val 3/150 1/27, Acc: 0.6111, time 3.83s
Val 3/150 2/27, Acc: 0.5741, time 3.66s
Val 3/150 3/27, Acc: 0.5764, time 3.75s
Val 3/150 4/27, Acc: 0.5611, time 3.96s
Val 3/150 5/27, Acc: 0.5370, time 3.79s
Val 3/150 6/27, Acc: 0.5079, time 3.84s
Val 3/150 7/27, Acc: 0.5174, time 3.66s
Val 3/150 8/27, Acc: 0.5154, time 4.07s
Val 3/150 9/27, Acc: 0.4806, time 3.61s
Val 3/150 10/27, Acc: 0.4975, time 3.43s
Val 3/150 11/27, Acc: 0.4560, time 4.09s
Val 3/150 12/27, Acc: 0.4594, time 4.36s
Val 3/150 13/27, Acc: 0.4385, time 3.76s
Val 3/150 14/27, Acc: 0.4315, time 3.82s
Val 3/150 15/27, Acc: 0.4358, time 4.35s
Val 3/150 16/27, Acc: 0.4395, time 3.91s
Val 3/150 17/27, Acc: 0.4429, time 4.49s
Val 3/150 18/27, Acc: 0.4371, time 3.72s
Val 3/150 19/27, Acc: 0.4403, time 3.84s
Val 3/150 20/27, Acc: 0.4511, time 4.13s
Val 3/150 21/27, Acc: 0.4533, time 3.66s
Val 3/150 22/27, Acc: 0.4481, time 3.69s
Val 3/150 23/27, Acc: 0.4502, time 4.01s
Val 3/150 24/27, Acc: 0.4411, time 3.88s
Val 3/150 25/27, Acc: 0.4338, time 3.87s
Val 3/150 26/27, Acc: 0.4358, time 4.90s
[Val epoch 3] avg_acc=0.4358 | per-class [c0: 0.833, c1: 0.556, c2: 0.000]
Final validation 3/149, Val_acc: 0.4358, time 106.08sAccuracy: 0.435
class                  precision    recall   specificity      f1   support
--------------------------------------------------------------------------
0                          0.468     0.833         0.108   0.599        78
1                          0.227     0.556         0.888   0.323         9
2                          0.000     0.000         1.000   0.000        74
*========================================*
New best (0.000000 --> 0.435818)
Saving checkpoint outputs/OrganoidsINRIA_reduced/swinunetr+noah/2025-11-13-09-32/model_final.pt
Copying best model to best_model.pt
0 Thu Nov 13 09:56:00 2025 Epoch: 4
