Architecture:                         x86_64
CPU op-mode(s):                       32-bit, 64-bit
Byte Order:                           Little Endian
Address sizes:                        48 bits physical, 48 bits virtual
CPU(s):                               64
On-line CPU(s) list:                  0-63
Thread(s) per core:                   2
Core(s) per socket:                   16
Socket(s):                            2
NUMA node(s):                         8
Vendor ID:                            AuthenticAMD
CPU family:                           25
Model:                                1
Model name:                           AMD EPYC 7313 16-Core Processor
Stepping:                             1
Frequency boost:                      enabled
CPU MHz:                              1795.351
CPU max MHz:                          3000.0000
CPU min MHz:                          1500.0000
BogoMIPS:                             5988.61
Virtualization:                       AMD-V
L1d cache:                            1 MiB
L1i cache:                            1 MiB
L2 cache:                             16 MiB
L3 cache:                             256 MiB
NUMA node0 CPU(s):                    0-3,32-35
NUMA node1 CPU(s):                    4-7,36-39
NUMA node2 CPU(s):                    8-11,40-43
NUMA node3 CPU(s):                    12-15,44-47
NUMA node4 CPU(s):                    16-19,48-51
NUMA node5 CPU(s):                    20-23,52-55
NUMA node6 CPU(s):                    24-27,56-59
NUMA node7 CPU(s):                    28-31,60-63
Vulnerability Gather data sampling:   Not affected
Vulnerability Itlb multihit:          Not affected
Vulnerability L1tf:                   Not affected
Vulnerability Mds:                    Not affected
Vulnerability Meltdown:               Not affected
Vulnerability Mmio stale data:        Not affected
Vulnerability Reg file data sampling: Not affected
Vulnerability Retbleed:               Not affected
Vulnerability Spec rstack overflow:   Mitigation; safe RET
Vulnerability Spec store bypass:      Mitigation; Speculative Store Bypass disabled via prctl and seccomp
Vulnerability Spectre v1:             Mitigation; usercopy/swapgs barriers and __user pointer sanitization
Vulnerability Spectre v2:             Mitigation; Retpolines, IBPB conditional, IBRS_FW, STIBP always-on, RSB filling, PBRSB-eIBRS Not affected
Vulnerability Srbds:                  Not affected
Vulnerability Tsx async abort:        Not affected
Flags:                                fpu vme de pse tsc msr pae mce cx8 apic sep mtrr pge mca cmov pat pse36 clflush mmx fxsr sse sse2 ht syscall nx mmxext fxsr_opt pdpe1gb rdtscp lm constant_tsc rep_good nopl nonstop_tsc cpuid extd_apicid aperfmperf pni pclmulqdq monitor ssse3 fma cx16 pcid sse4_1 sse4_2 movbe popcnt aes xsave avx f16c rdrand lahf_lm cmp_legacy svm extapic cr8_legacy abm sse4a misalignsse 3dnowprefetch osvw ibs skinit wdt tce topoext perfctr_core perfctr_nb bpext perfctr_llc mwaitx cpb cat_l3 cdp_l3 invpcid_single hw_pstate ssbd mba ibrs ibpb stibp vmmcall fsgsbase bmi1 avx2 smep bmi2 erms invpcid cqm rdt_a rdseed adx smap clflushopt clwb sha_ni xsaveopt xsavec xgetbv1 xsaves cqm_llc cqm_occup_llc cqm_mbm_total cqm_mbm_local clzero irperf xsaveerptr rdpru wbnoinvd amd_ppin arat npt lbrv svm_lock nrip_save tsc_scale vmcb_clean flushbyasid decodeassists pausefilter pfthreshold v_vmsave_vmload vgif umip pku ospke vaes vpclmulqdq rdpid overflow_recov succor smca fsrm
Wed Oct 15 12:08:10 2025       
+---------------------------------------------------------------------------------------+
| NVIDIA-SMI 535.183.06             Driver Version: 535.183.06   CUDA Version: 12.2     |
|-----------------------------------------+----------------------+----------------------+
| GPU  Name                 Persistence-M | Bus-Id        Disp.A | Volatile Uncorr. ECC |
| Fan  Temp   Perf          Pwr:Usage/Cap |         Memory-Usage | GPU-Util  Compute M. |
|                                         |                      |               MIG M. |
|=========================================+======================+======================|
|   0  NVIDIA A40                     On  | 00000000:A3:00.0 Off |                    0 |
|  0%   33C    P8              31W / 300W |      0MiB / 46068MiB |      0%      Default |
|                                         |                      |                  N/A |
+-----------------------------------------+----------------------+----------------------+
                                                                                         
+---------------------------------------------------------------------------------------+
| Processes:                                                                            |
|  GPU   GI   CI        PID   Type   Process name                            GPU Memory |
|        ID   ID                                                             Usage      |
|=======================================================================================|
|  No running processes found                                                           |
+---------------------------------------------------------------------------------------+
/home/mraffael/martone_project/Organoid-Image-Classification-Using-Deep-Learning
Using GPU: 0

Model INFO:
Using pretrained weights
=> loaded pretrained model './pretrained_models/fold1_f48_ep300_4gpu_dice0_9059/model_swinvit.pt'
Number of missing keys when loading pretrained weights: 33
Number of unexpected keys when loading pretrained weights: 8
Total parameters count 62186659
NOAH applicato con successo
Using SwinUNETR with NOAH Classification Head

Dataset INFO:
Dataset length is: 423
Class distribution in the entire dataset:
Class 0: 137
Class 1: 43
Class 2: 243

Using split method: balanced
Balanced split: 34 train samples per class, 9 val samples per class
Total: 102 train, 27 val

Train set balance:
Class distribution:
  Class 0: 34 samples
  Class 1: 34 samples
  Class 2: 34 samples

Val set balance:
Class distribution:
  Class 0: 9 samples
  Class 1: 9 samples
  Class 2: 9 samples
Training loader length is 12 batches
Validation loader length is 27 batches

Class distribution in the training set:
Train class 0: 34 (33.3%)
Train class 1: 34 (33.3%)
Train class 2: 34 (33.3%)
Class distribution in the validation set:
Val class 0: 9 (33.3%)
Val class 1: 9 (33.3%)
Val class 2: 9 (33.3%)
**************************************************

Training setting summary:
Using optimizer: adamw with lr=0.0005, weight decay=5e-05
Using LR scheduler: warmup_cosine
Class weights: [ 10.000  10.000  10.000]
Using loss function: CombinedLoss

**************************************************
Starting training...
✓ Unfrozen: encoder10.layer.conv1.conv.weight (15925248 params)
✓ Unfrozen: encoder10.layer.conv2.conv.weight (15925248 params)
✓ Unfrozen: fc.query.weight (2304 params)
✓ Unfrozen: fc.query.bias (3 params)
✓ Unfrozen: fc.value.weight (2304 params)
✓ Unfrozen: fc.value.bias (3 params)
0 Wed Oct 15 12:08:27 2025 Epoch: 0
Epoch: 0/100 Iter: 0/12 loss: 182.2470 time 43.23s
Epoch: 0/100 Iter: 1/12 loss: 211.5180 time 15.29s
Epoch: 0/100 Iter: 2/12 loss: 228.1188 time 15.23s
Epoch: 0/100 Iter: 3/12 loss: 233.0668 time 15.23s
Epoch: 0/100 Iter: 4/12 loss: 235.1650 time 15.25s
Epoch: 0/100 Iter: 5/12 loss: 238.8657 time 15.25s
Epoch: 0/100 Iter: 6/12 loss: 239.4672 time 15.27s
Epoch: 0/100 Iter: 7/12 loss: 238.1786 time 15.27s
Epoch: 0/100 Iter: 8/12 loss: 254.0893 time 15.30s
Epoch: 0/100 Iter: 9/12 loss: 268.3277 time 15.31s
Epoch: 0/100 Iter: 10/12 loss: 264.1039 time 15.29s
Epoch: 0/100 Iter: 11/12 loss: 259.9597 time 15.30s
Final training  0/99 loss: 259.9597 time 211.24s lr: 0.000000
[EarlyStopping] init best=259.959696
0 Wed Oct 15 12:11:58 2025 Epoch: 1
Epoch: 1/100 Iter: 0/12 loss: 94.7057 time 18.68s
Epoch: 1/100 Iter: 1/12 loss: 885.4643 time 15.33s
Epoch: 1/100 Iter: 2/12 loss: 957.8363 time 15.33s
Epoch: 1/100 Iter: 3/12 loss: 946.9236 time 15.33s
Epoch: 1/100 Iter: 4/12 loss: 845.5661 time 15.32s
Epoch: 1/100 Iter: 5/12 loss: 721.1063 time 15.34s
Epoch: 1/100 Iter: 6/12 loss: 652.8170 time 15.32s
Epoch: 1/100 Iter: 7/12 loss: 604.5527 time 15.32s
Epoch: 1/100 Iter: 8/12 loss: 566.9507 time 15.32s
Epoch: 1/100 Iter: 9/12 loss: 554.1552 time 15.32s
Epoch: 1/100 Iter: 10/12 loss: 539.0821 time 15.33s
Epoch: 1/100 Iter: 11/12 loss: 514.0632 time 15.33s
Final training  1/99 loss: 514.0632 time 187.32s lr: 0.000250
[EarlyStopping] no improve (1/30)
0 Wed Oct 15 12:15:06 2025 Epoch: 2
Epoch: 2/100 Iter: 0/12 loss: 28.4823 time 18.86s
Epoch: 2/100 Iter: 1/12 loss: 84.8611 time 15.32s
Epoch: 2/100 Iter: 2/12 loss: 106.9269 time 15.33s
Epoch: 2/100 Iter: 3/12 loss: 177.4119 time 15.33s
Epoch: 2/100 Iter: 4/12 loss: 206.3210 time 15.33s
Epoch: 2/100 Iter: 5/12 loss: 209.6132 time 15.34s
Epoch: 2/100 Iter: 6/12 loss: 224.8602 time 15.33s
Epoch: 2/100 Iter: 7/12 loss: 221.6226 time 15.34s
Epoch: 2/100 Iter: 8/12 loss: 201.2099 time 15.33s
Epoch: 2/100 Iter: 9/12 loss: 209.6506 time 15.33s
Epoch: 2/100 Iter: 10/12 loss: 212.9254 time 15.34s
Epoch: 2/100 Iter: 11/12 loss: 198.9070 time 15.33s
Final training  2/99 loss: 198.9070 time 187.53s lr: 0.000500
[EarlyStopping] improved to 198.907049
0 Wed Oct 15 12:18:13 2025 Epoch: 3
Epoch: 3/100 Iter: 0/12 loss: 32.8843 time 19.81s
Epoch: 3/100 Iter: 1/12 loss: 53.2932 time 15.34s
Epoch: 3/100 Iter: 2/12 loss: 55.5481 time 15.32s
Epoch: 3/100 Iter: 3/12 loss: 73.9663 time 15.33s
Epoch: 3/100 Iter: 4/12 loss: 97.8521 time 15.32s
Epoch: 3/100 Iter: 5/12 loss: 93.5134 time 15.34s
Epoch: 3/100 Iter: 6/12 loss: 84.5490 time 15.33s
Epoch: 3/100 Iter: 7/12 loss: 82.2197 time 15.34s
Epoch: 3/100 Iter: 8/12 loss: 82.2668 time 15.32s
Epoch: 3/100 Iter: 9/12 loss: 84.2031 time 15.32s
Epoch: 3/100 Iter: 10/12 loss: 85.5234 time 15.32s
Epoch: 3/100 Iter: 11/12 loss: 78.8232 time 15.33s
Final training  3/99 loss: 78.8232 time 188.44s lr: 0.000500
[EarlyStopping] improved to 78.823205
Val 3/100 0/27, Acc: 0.0000, time 2.26s
Val 3/100 1/27, Acc: 0.0000, time 2.18s
Val 3/100 2/27, Acc: 0.0000, time 2.17s
Val 3/100 3/27, Acc: 0.2500, time 2.18s
Val 3/100 4/27, Acc: 0.4000, time 2.06s
Val 3/100 5/27, Acc: 0.3333, time 2.23s
Val 3/100 6/27, Acc: 0.4286, time 2.13s
Val 3/100 7/27, Acc: 0.3750, time 2.13s
Val 3/100 8/27, Acc: 0.4444, time 2.11s
Val 3/100 9/27, Acc: 0.4000, time 2.16s
Val 3/100 10/27, Acc: 0.4545, time 2.24s
Val 3/100 11/27, Acc: 0.4167, time 2.09s
Val 3/100 12/27, Acc: 0.3846, time 2.13s
Val 3/100 13/27, Acc: 0.4286, time 2.18s
Val 3/100 14/27, Acc: 0.4667, time 2.14s
Val 3/100 15/27, Acc: 0.4375, time 2.26s
Val 3/100 16/27, Acc: 0.4706, time 2.34s
Val 3/100 17/27, Acc: 0.4444, time 2.13s
Val 3/100 18/27, Acc: 0.4211, time 2.91s
Val 3/100 19/27, Acc: 0.4000, time 2.61s
Val 3/100 20/27, Acc: 0.4286, time 2.15s
Val 3/100 21/27, Acc: 0.4091, time 2.18s
Val 3/100 22/27, Acc: 0.4348, time 2.14s
Val 3/100 23/27, Acc: 0.4583, time 2.06s
Val 3/100 24/27, Acc: 0.4800, time 2.19s
Val 3/100 25/27, Acc: 0.5000, time 2.05s
Val 3/100 26/27, Acc: 0.5185, time 2.04s
[Val epoch 3] avg_acc=0.5185 | per-class [c0: 0.111, c1: 0.444, c2: 1.000]
Final validation stats 3/99 , Val_acc: 0.5185185185185185 , time 59.48s
new best (0.000000 --> 0.518519). 
[EarlyStopping] init best=0.518519

0 Wed Oct 15 12:22:22 2025 Epoch: 4
Epoch: 4/100 Iter: 0/12 loss: 63.8947 time 19.37s
Epoch: 4/100 Iter: 1/12 loss: 63.4566 time 15.33s
Epoch: 4/100 Iter: 2/12 loss: 62.3565 time 15.33s
Epoch: 4/100 Iter: 3/12 loss: 60.4844 time 15.32s
Epoch: 4/100 Iter: 4/12 loss: 63.8057 time 15.32s
Epoch: 4/100 Iter: 5/12 loss: 55.3516 time 15.32s
Epoch: 4/100 Iter: 6/12 loss: 64.0505 time 15.32s
Epoch: 4/100 Iter: 7/12 loss: 84.9409 time 15.34s
Epoch: 4/100 Iter: 8/12 loss: 88.8569 time 15.32s
Epoch: 4/100 Iter: 9/12 loss: 94.9353 time 15.33s
Epoch: 4/100 Iter: 10/12 loss: 92.8615 time 15.32s
Epoch: 4/100 Iter: 11/12 loss: 87.7556 time 15.31s
Final training  4/99 loss: 87.7556 time 187.97s lr: 0.000500
[EarlyStopping] no improve (1/30)
0 Wed Oct 15 12:25:30 2025 Epoch: 5
Epoch: 5/100 Iter: 0/12 loss: 65.5817 time 18.98s
Epoch: 5/100 Iter: 1/12 loss: 54.9303 time 15.33s
Epoch: 5/100 Iter: 2/12 loss: 45.5996 time 15.33s
Epoch: 5/100 Iter: 3/12 loss: 50.9398 time 15.33s
Epoch: 5/100 Iter: 4/12 loss: 40.9755 time 15.33s
Epoch: 5/100 Iter: 5/12 loss: 37.5495 time 15.33s
Epoch: 5/100 Iter: 6/12 loss: 49.8603 time 15.34s
Epoch: 5/100 Iter: 7/12 loss: 53.8363 time 15.33s
Epoch: 5/100 Iter: 8/12 loss: 48.0170 time 15.33s
Epoch: 5/100 Iter: 9/12 loss: 45.4656 time 15.33s
Epoch: 5/100 Iter: 10/12 loss: 43.8480 time 15.35s
Epoch: 5/100 Iter: 11/12 loss: 42.3789 time 15.33s
Final training  5/99 loss: 42.3789 time 187.68s lr: 0.000499
[EarlyStopping] improved to 42.378869
0 Wed Oct 15 12:28:37 2025 Epoch: 6
Epoch: 6/100 Iter: 0/12 loss: 34.1889 time 18.75s
Epoch: 6/100 Iter: 1/12 loss: 43.4389 time 15.33s
Epoch: 6/100 Iter: 2/12 loss: 44.6366 time 15.32s
Epoch: 6/100 Iter: 3/12 loss: 38.8327 time 15.32s
Epoch: 6/100 Iter: 4/12 loss: 41.7561 time 15.34s
Epoch: 6/100 Iter: 5/12 loss: 41.7546 time 15.34s
Epoch: 6/100 Iter: 6/12 loss: 49.0076 time 15.31s
Epoch: 6/100 Iter: 7/12 loss: 50.7271 time 15.32s
Epoch: 6/100 Iter: 8/12 loss: 45.1574 time 15.32s
Epoch: 6/100 Iter: 9/12 loss: 44.9591 time 15.32s
Epoch: 6/100 Iter: 10/12 loss: 56.0057 time 15.32s
Epoch: 6/100 Iter: 11/12 loss: 56.4626 time 15.31s
Final training  6/99 loss: 56.4626 time 187.34s lr: 0.000499
[EarlyStopping] no improve (1/30)
0 Wed Oct 15 12:31:45 2025 Epoch: 7
Epoch: 7/100 Iter: 0/12 loss: 15.8741 time 19.50s
Epoch: 7/100 Iter: 1/12 loss: 9.8481 time 15.32s
Epoch: 7/100 Iter: 2/12 loss: 8.7940 time 15.32s
Epoch: 7/100 Iter: 3/12 loss: 20.9197 time 15.32s
Epoch: 7/100 Iter: 4/12 loss: 31.0280 time 15.34s
Epoch: 7/100 Iter: 5/12 loss: 28.2676 time 15.33s
Epoch: 7/100 Iter: 6/12 loss: 31.2853 time 15.33s
Epoch: 7/100 Iter: 7/12 loss: 34.8000 time 15.34s
Epoch: 7/100 Iter: 8/12 loss: 40.6189 time 15.32s
Epoch: 7/100 Iter: 9/12 loss: 46.5432 time 15.32s
Epoch: 7/100 Iter: 10/12 loss: 44.3666 time 15.33s
Epoch: 7/100 Iter: 11/12 loss: 42.3038 time 15.32s
Final training  7/99 loss: 42.3038 time 188.14s lr: 0.000498
[EarlyStopping] improved to 42.303847
Val 7/100 0/27, Acc: 0.0000, time 1.96s
Val 7/100 1/27, Acc: 0.0000, time 1.96s
Val 7/100 2/27, Acc: 0.0000, time 1.96s
Val 7/100 3/27, Acc: 0.2500, time 1.96s
Val 7/100 4/27, Acc: 0.4000, time 1.96s
Val 7/100 5/27, Acc: 0.3333, time 1.98s
Val 7/100 6/27, Acc: 0.4286, time 1.96s
Val 7/100 7/27, Acc: 0.3750, time 1.97s
Val 7/100 8/27, Acc: 0.4444, time 1.96s
Val 7/100 9/27, Acc: 0.4000, time 1.97s
Val 7/100 10/27, Acc: 0.4545, time 1.98s
Val 7/100 11/27, Acc: 0.4167, time 1.95s
Val 7/100 12/27, Acc: 0.3846, time 1.98s
Val 7/100 13/27, Acc: 0.4286, time 1.99s
Val 7/100 14/27, Acc: 0.4000, time 1.97s
Val 7/100 15/27, Acc: 0.3750, time 2.00s
Val 7/100 16/27, Acc: 0.4118, time 2.02s
Val 7/100 17/27, Acc: 0.3889, time 1.97s
Val 7/100 18/27, Acc: 0.3684, time 2.13s
Val 7/100 19/27, Acc: 0.3500, time 2.07s
Val 7/100 20/27, Acc: 0.3810, time 1.97s
Val 7/100 21/27, Acc: 0.3636, time 1.97s
Val 7/100 22/27, Acc: 0.3913, time 1.97s
Val 7/100 23/27, Acc: 0.4167, time 1.95s
Val 7/100 24/27, Acc: 0.4400, time 1.97s
Val 7/100 25/27, Acc: 0.4615, time 1.94s
Val 7/100 26/27, Acc: 0.4815, time 1.97s
[Val epoch 7] avg_acc=0.4815 | per-class [c0: 0.111, c1: 0.333, c2: 1.000]
Final validation stats 7/99 , Val_acc: 0.48148148148148145 , time 53.44s
[EarlyStopping] no improve (1/10)

0 Wed Oct 15 12:35:47 2025 Epoch: 8
Epoch: 8/100 Iter: 0/12 loss: 51.9538 time 18.22s
Epoch: 8/100 Iter: 1/12 loss: 69.9938 time 15.35s
Epoch: 8/100 Iter: 2/12 loss: 52.8235 time 15.34s
Epoch: 8/100 Iter: 3/12 loss: 47.0228 time 15.33s
Epoch: 8/100 Iter: 4/12 loss: 51.2110 time 15.32s
Epoch: 8/100 Iter: 5/12 loss: 49.4396 time 15.32s
Epoch: 8/100 Iter: 6/12 loss: 55.1888 time 15.32s
Epoch: 8/100 Iter: 7/12 loss: 56.8304 time 15.32s
Epoch: 8/100 Iter: 8/12 loss: 50.5074 time 15.32s
Epoch: 8/100 Iter: 9/12 loss: 50.8836 time 15.32s
Epoch: 8/100 Iter: 10/12 loss: 70.0559 time 15.32s
Epoch: 8/100 Iter: 11/12 loss: 69.8080 time 15.32s
Final training  8/99 loss: 69.8080 time 186.83s lr: 0.000497
[EarlyStopping] no improve (1/30)
0 Wed Oct 15 12:38:53 2025 Epoch: 9
Epoch: 9/100 Iter: 0/12 loss: 38.9627 time 20.20s
Epoch: 9/100 Iter: 1/12 loss: 23.4526 time 15.33s
Epoch: 9/100 Iter: 2/12 loss: 28.5410 time 15.33s
Epoch: 9/100 Iter: 3/12 loss: 36.9122 time 15.33s
Epoch: 9/100 Iter: 4/12 loss: 37.2653 time 15.33s
Epoch: 9/100 Iter: 5/12 loss: 34.4344 time 15.32s
Epoch: 9/100 Iter: 6/12 loss: 36.8381 time 15.32s
Epoch: 9/100 Iter: 7/12 loss: 39.4478 time 15.32s
Epoch: 9/100 Iter: 8/12 loss: 43.1226 time 15.33s
Epoch: 9/100 Iter: 9/12 loss: 40.5245 time 15.34s
Epoch: 9/100 Iter: 10/12 loss: 39.7392 time 15.33s
Epoch: 9/100 Iter: 11/12 loss: 41.6142 time 15.34s
Final training  9/99 loss: 41.6142 time 188.85s lr: 0.000495
[EarlyStopping] improved to 41.614195
0 Wed Oct 15 12:42:02 2025 Epoch: 10
Epoch: 10/100 Iter: 0/12 loss: 47.6640 time 18.19s
Epoch: 10/100 Iter: 1/12 loss: 45.8991 time 15.33s
Epoch: 10/100 Iter: 2/12 loss: 41.2984 time 15.32s
Epoch: 10/100 Iter: 3/12 loss: 51.2496 time 15.34s
Epoch: 10/100 Iter: 4/12 loss: 50.6210 time 15.33s
Epoch: 10/100 Iter: 5/12 loss: 46.2254 time 15.33s
Epoch: 10/100 Iter: 6/12 loss: 47.1143 time 15.32s
Epoch: 10/100 Iter: 7/12 loss: 61.3930 time 15.34s
Epoch: 10/100 Iter: 8/12 loss: 64.5390 time 15.32s
Epoch: 10/100 Iter: 9/12 loss: 60.5598 time 15.32s
Epoch: 10/100 Iter: 10/12 loss: 56.4362 time 15.33s
Epoch: 10/100 Iter: 11/12 loss: 56.0181 time 15.32s
Final training  10/99 loss: 56.0181 time 186.84s lr: 0.000494
[EarlyStopping] no improve (1/30)
0 Wed Oct 15 12:45:10 2025 Epoch: 11
Epoch: 11/100 Iter: 0/12 loss: 45.5450 time 19.75s
Epoch: 11/100 Iter: 1/12 loss: 28.3941 time 15.32s
Epoch: 11/100 Iter: 2/12 loss: 18.8808 time 15.32s
Epoch: 11/100 Iter: 3/12 loss: 14.1275 time 15.33s
Epoch: 11/100 Iter: 4/12 loss: 16.9505 time 15.32s
Epoch: 11/100 Iter: 5/12 loss: 22.0531 time 15.31s
Epoch: 11/100 Iter: 6/12 loss: 20.3727 time 15.31s
Epoch: 11/100 Iter: 7/12 loss: 21.4296 time 15.32s
Epoch: 11/100 Iter: 8/12 loss: 28.2147 time 15.33s
Epoch: 11/100 Iter: 9/12 loss: 27.4323 time 15.32s
Epoch: 11/100 Iter: 10/12 loss: 25.6459 time 15.32s
Epoch: 11/100 Iter: 11/12 loss: 25.4556 time 15.34s
Final training  11/99 loss: 25.4556 time 188.34s lr: 0.000492
[EarlyStopping] improved to 25.455571
Val 11/100 0/27, Acc: 1.0000, time 1.98s
Val 11/100 1/27, Acc: 0.5000, time 1.96s
Val 11/100 2/27, Acc: 0.6667, time 1.96s
Val 11/100 3/27, Acc: 0.7500, time 1.97s
Val 11/100 4/27, Acc: 0.8000, time 1.95s
Val 11/100 5/27, Acc: 0.6667, time 1.99s
Val 11/100 6/27, Acc: 0.7143, time 1.96s
Val 11/100 7/27, Acc: 0.6250, time 1.97s
Val 11/100 8/27, Acc: 0.6667, time 1.98s
Val 11/100 9/27, Acc: 0.6000, time 1.97s
Val 11/100 10/27, Acc: 0.6364, time 1.98s
Val 11/100 11/27, Acc: 0.6667, time 1.95s
Val 11/100 12/27, Acc: 0.6154, time 1.96s
Val 11/100 13/27, Acc: 0.6429, time 1.98s
Val 11/100 14/27, Acc: 0.6000, time 1.99s
Val 11/100 15/27, Acc: 0.5625, time 1.98s
Val 11/100 16/27, Acc: 0.5882, time 2.02s
Val 11/100 17/27, Acc: 0.5556, time 1.96s
Val 11/100 18/27, Acc: 0.5263, time 2.12s
Val 11/100 19/27, Acc: 0.5000, time 2.09s
Val 11/100 20/27, Acc: 0.5238, time 2.00s
Val 11/100 21/27, Acc: 0.5000, time 2.00s
Val 11/100 22/27, Acc: 0.5217, time 1.99s
Val 11/100 23/27, Acc: 0.5417, time 1.95s
Val 11/100 24/27, Acc: 0.5200, time 1.97s
Val 11/100 25/27, Acc: 0.5385, time 1.96s
Val 11/100 26/27, Acc: 0.5556, time 1.98s
[Val epoch 11] avg_acc=0.5556 | per-class [c0: 0.111, c1: 0.556, c2: 1.000]
Final validation stats 11/99 , Val_acc: 0.5555555555555556 , time 53.58s
new best (0.518519 --> 0.555556). 
[EarlyStopping] improved to 0.555556

0 Wed Oct 15 12:49:12 2025 Epoch: 12
Epoch: 12/100 Iter: 0/12 loss: 2.1393 time 19.36s
Epoch: 12/100 Iter: 1/12 loss: 8.3095 time 15.35s
Epoch: 12/100 Iter: 2/12 loss: 8.3543 time 15.33s
Epoch: 12/100 Iter: 3/12 loss: 11.0450 time 15.32s
Epoch: 12/100 Iter: 4/12 loss: 11.3640 time 15.32s
Epoch: 12/100 Iter: 5/12 loss: 10.9936 time 15.32s
Epoch: 12/100 Iter: 6/12 loss: 9.7844 time 15.32s
Epoch: 12/100 Iter: 7/12 loss: 9.0749 time 15.32s
Epoch: 12/100 Iter: 8/12 loss: 11.8799 time 15.32s
Epoch: 12/100 Iter: 9/12 loss: 11.9533 time 15.32s
Epoch: 12/100 Iter: 10/12 loss: 10.8583 time 15.32s
Epoch: 12/100 Iter: 11/12 loss: 14.6077 time 15.33s
Final training  12/99 loss: 14.6077 time 187.98s lr: 0.000489
[EarlyStopping] improved to 14.607716
0 Wed Oct 15 12:52:20 2025 Epoch: 13
Epoch: 13/100 Iter: 0/12 loss: 46.4935 time 20.29s
Epoch: 13/100 Iter: 1/12 loss: 23.8769 time 15.33s
Epoch: 13/100 Iter: 2/12 loss: 24.4927 time 15.34s
Epoch: 13/100 Iter: 3/12 loss: 41.3504 time 15.32s
Epoch: 13/100 Iter: 4/12 loss: 42.8489 time 15.32s
Epoch: 13/100 Iter: 5/12 loss: 44.7380 time 15.32s
Epoch: 13/100 Iter: 6/12 loss: 43.4512 time 15.32s
Epoch: 13/100 Iter: 7/12 loss: 41.6198 time 15.32s
Epoch: 13/100 Iter: 8/12 loss: 38.1572 time 15.34s
Epoch: 13/100 Iter: 9/12 loss: 37.3010 time 15.32s
Epoch: 13/100 Iter: 10/12 loss: 37.4282 time 15.32s
Epoch: 13/100 Iter: 11/12 loss: 43.3072 time 15.32s
Final training  13/99 loss: 43.3072 time 188.90s lr: 0.000487
[EarlyStopping] no improve (1/30)
0 Wed Oct 15 12:55:29 2025 Epoch: 14
Epoch: 14/100 Iter: 0/12 loss: 26.1455 time 19.55s
Epoch: 14/100 Iter: 1/12 loss: 13.7452 time 15.33s
Epoch: 14/100 Iter: 2/12 loss: 23.3820 time 15.34s
Epoch: 14/100 Iter: 3/12 loss: 26.7876 time 15.33s
Epoch: 14/100 Iter: 4/12 loss: 35.4032 time 15.32s
Epoch: 14/100 Iter: 5/12 loss: 58.4084 time 15.32s
Epoch: 14/100 Iter: 6/12 loss: 63.0632 time 15.33s
Epoch: 14/100 Iter: 7/12 loss: 61.9529 time 15.32s
Epoch: 14/100 Iter: 8/12 loss: 56.8058 time 15.33s
Epoch: 14/100 Iter: 9/12 loss: 52.5452 time 15.32s
Epoch: 14/100 Iter: 10/12 loss: 53.9022 time 15.32s
Epoch: 14/100 Iter: 11/12 loss: 52.1054 time 15.34s
Final training  14/99 loss: 52.1054 time 188.21s lr: 0.000484
[EarlyStopping] no improve (2/30)
0 Wed Oct 15 12:58:37 2025 Epoch: 15
Epoch: 15/100 Iter: 0/12 loss: 1.0654 time 19.77s
Epoch: 15/100 Iter: 1/12 loss: 0.4597 time 15.34s
Epoch: 15/100 Iter: 2/12 loss: 24.3268 time 15.33s
Epoch: 15/100 Iter: 3/12 loss: 23.2381 time 15.33s
Epoch: 15/100 Iter: 4/12 loss: 19.8650 time 15.33s
Epoch: 15/100 Iter: 5/12 loss: 17.3853 time 15.33s
Epoch: 15/100 Iter: 6/12 loss: 16.7025 time 15.33s
Epoch: 15/100 Iter: 7/12 loss: 24.2878 time 15.34s
Epoch: 15/100 Iter: 8/12 loss: 23.3210 time 15.35s
Epoch: 15/100 Iter: 9/12 loss: 24.1303 time 15.33s
Epoch: 15/100 Iter: 10/12 loss: 24.4293 time 15.33s
Epoch: 15/100 Iter: 11/12 loss: 25.6006 time 15.33s
Final training  15/99 loss: 25.6006 time 188.50s lr: 0.000481
[EarlyStopping] no improve (3/30)
Val 15/100 0/27, Acc: 0.0000, time 1.95s
Val 15/100 1/27, Acc: 0.0000, time 1.97s
Val 15/100 2/27, Acc: 0.3333, time 1.97s
Val 15/100 3/27, Acc: 0.5000, time 1.97s
Val 15/100 4/27, Acc: 0.6000, time 1.95s
Val 15/100 5/27, Acc: 0.6667, time 1.99s
Val 15/100 6/27, Acc: 0.5714, time 1.96s
Val 15/100 7/27, Acc: 0.5000, time 1.96s
Val 15/100 8/27, Acc: 0.5556, time 1.96s
Val 15/100 9/27, Acc: 0.5000, time 1.97s
Val 15/100 10/27, Acc: 0.4545, time 1.99s
Val 15/100 11/27, Acc: 0.4167, time 1.95s
Val 15/100 12/27, Acc: 0.3846, time 1.96s
Val 15/100 13/27, Acc: 0.4286, time 1.97s
Val 15/100 14/27, Acc: 0.4000, time 1.97s
Val 15/100 15/27, Acc: 0.3750, time 1.99s
Val 15/100 16/27, Acc: 0.4118, time 2.02s
Val 15/100 17/27, Acc: 0.3889, time 1.97s
Val 15/100 18/27, Acc: 0.3684, time 2.13s
Val 15/100 19/27, Acc: 0.4000, time 2.07s
Val 15/100 20/27, Acc: 0.4286, time 1.96s
Val 15/100 21/27, Acc: 0.4091, time 2.01s
Val 15/100 22/27, Acc: 0.4348, time 1.99s
Val 15/100 23/27, Acc: 0.4583, time 1.97s
Val 15/100 24/27, Acc: 0.4400, time 1.97s
Val 15/100 25/27, Acc: 0.4615, time 1.98s
Val 15/100 26/27, Acc: 0.4815, time 1.97s
[Val epoch 15] avg_acc=0.4815 | per-class [c0: 0.333, c1: 0.222, c2: 0.889]
Final validation stats 15/99 , Val_acc: 0.48148148148148145 , time 53.54s
[EarlyStopping] no improve (1/10)

0 Wed Oct 15 13:02:39 2025 Epoch: 16
Epoch: 16/100 Iter: 0/12 loss: 73.6694 time 18.70s
Epoch: 16/100 Iter: 1/12 loss: 36.7617 time 15.33s
Epoch: 16/100 Iter: 2/12 loss: 49.6291 time 15.33s
Epoch: 16/100 Iter: 3/12 loss: 61.7023 time 15.34s
Epoch: 16/100 Iter: 4/12 loss: 64.4480 time 15.32s
Epoch: 16/100 Iter: 5/12 loss: 60.9798 time 15.32s
Epoch: 16/100 Iter: 6/12 loss: 52.6175 time 15.34s
Epoch: 16/100 Iter: 7/12 loss: 47.6014 time 15.32s
Epoch: 16/100 Iter: 8/12 loss: 49.5840 time 15.32s
Epoch: 16/100 Iter: 9/12 loss: 46.4861 time 15.33s
Epoch: 16/100 Iter: 10/12 loss: 45.7362 time 15.33s
Epoch: 16/100 Iter: 11/12 loss: 43.1004 time 15.32s
Final training  16/99 loss: 43.1004 time 187.33s lr: 0.000478
[EarlyStopping] no improve (4/30)
0 Wed Oct 15 13:05:47 2025 Epoch: 17
Epoch: 17/100 Iter: 0/12 loss: 1.1565 time 18.50s
Epoch: 17/100 Iter: 1/12 loss: 26.8361 time 15.34s
Epoch: 17/100 Iter: 2/12 loss: 26.9003 time 15.33s
Epoch: 17/100 Iter: 3/12 loss: 30.1260 time 15.33s
Epoch: 17/100 Iter: 4/12 loss: 30.8610 time 15.34s
Epoch: 17/100 Iter: 5/12 loss: 25.6931 time 15.33s
Epoch: 17/100 Iter: 6/12 loss: 30.6473 time 15.33s
Epoch: 17/100 Iter: 7/12 loss: 33.0422 time 15.32s
Epoch: 17/100 Iter: 8/12 loss: 30.6740 time 15.33s
Epoch: 17/100 Iter: 9/12 loss: 29.4146 time 15.32s
Epoch: 17/100 Iter: 10/12 loss: 27.9968 time 15.33s
Epoch: 17/100 Iter: 11/12 loss: 29.2264 time 15.34s
Final training  17/99 loss: 29.2264 time 187.17s lr: 0.000475
[EarlyStopping] no improve (5/30)
0 Wed Oct 15 13:08:54 2025 Epoch: 18
Epoch: 18/100 Iter: 0/12 loss: 3.4329 time 19.79s
Epoch: 18/100 Iter: 1/12 loss: 13.0875 time 15.33s
Epoch: 18/100 Iter: 2/12 loss: 13.5104 time 15.33s
Epoch: 18/100 Iter: 3/12 loss: 14.3049 time 15.35s
Epoch: 18/100 Iter: 4/12 loss: 16.2078 time 15.33s
Epoch: 18/100 Iter: 5/12 loss: 14.5425 time 15.34s
Epoch: 18/100 Iter: 6/12 loss: 15.1264 time 15.33s
Epoch: 18/100 Iter: 7/12 loss: 18.1806 time 15.33s
Epoch: 18/100 Iter: 8/12 loss: 16.3707 time 15.33s
Epoch: 18/100 Iter: 9/12 loss: 15.3836 time 15.34s
Epoch: 18/100 Iter: 10/12 loss: 15.0417 time 15.34s
Epoch: 18/100 Iter: 11/12 loss: 17.0598 time 15.33s
Final training  18/99 loss: 17.0598 time 188.53s lr: 0.000471
[EarlyStopping] no improve (6/30)
0 Wed Oct 15 13:12:02 2025 Epoch: 19
Epoch: 19/100 Iter: 0/12 loss: 15.6579 time 19.02s
Epoch: 19/100 Iter: 1/12 loss: 8.2857 time 15.33s
Epoch: 19/100 Iter: 2/12 loss: 6.4531 time 15.34s
Epoch: 19/100 Iter: 3/12 loss: 5.3050 time 15.33s
Epoch: 19/100 Iter: 4/12 loss: 15.2454 time 15.33s
Epoch: 19/100 Iter: 5/12 loss: 25.4911 time 15.32s
Epoch: 19/100 Iter: 6/12 loss: 26.2847 time 15.33s
Epoch: 19/100 Iter: 7/12 loss: 25.7129 time 15.33s
Epoch: 19/100 Iter: 8/12 loss: 27.3679 time 15.32s
Epoch: 19/100 Iter: 9/12 loss: 26.7077 time 15.34s
Epoch: 19/100 Iter: 10/12 loss: 34.3525 time 15.33s
Epoch: 19/100 Iter: 11/12 loss: 33.0336 time 15.32s
Final training  19/99 loss: 33.0336 time 187.70s lr: 0.000467
[EarlyStopping] no improve (7/30)
Val 19/100 0/27, Acc: 1.0000, time 1.98s
Val 19/100 1/27, Acc: 0.5000, time 1.97s
Val 19/100 2/27, Acc: 0.6667, time 1.97s
Val 19/100 3/27, Acc: 0.5000, time 1.97s
Val 19/100 4/27, Acc: 0.6000, time 1.95s
Val 19/100 5/27, Acc: 0.5000, time 1.99s
Val 19/100 6/27, Acc: 0.5714, time 1.96s
Val 19/100 7/27, Acc: 0.6250, time 1.96s
Val 19/100 8/27, Acc: 0.6667, time 1.96s
Val 19/100 9/27, Acc: 0.6000, time 1.97s
Val 19/100 10/27, Acc: 0.5455, time 1.99s
Val 19/100 11/27, Acc: 0.5833, time 1.95s
Val 19/100 12/27, Acc: 0.5385, time 1.96s
Val 19/100 13/27, Acc: 0.5714, time 1.98s
Val 19/100 14/27, Acc: 0.6000, time 1.96s
Val 19/100 15/27, Acc: 0.5625, time 1.99s
Val 19/100 16/27, Acc: 0.5294, time 2.04s
Val 19/100 17/27, Acc: 0.5000, time 1.97s
Val 19/100 18/27, Acc: 0.4737, time 2.12s
Val 19/100 19/27, Acc: 0.5000, time 2.07s
Val 19/100 20/27, Acc: 0.5238, time 1.98s
Val 19/100 21/27, Acc: 0.5000, time 2.01s
Val 19/100 22/27, Acc: 0.4783, time 2.00s
Val 19/100 23/27, Acc: 0.4583, time 1.98s
Val 19/100 24/27, Acc: 0.4400, time 2.01s
Val 19/100 25/27, Acc: 0.4615, time 1.95s
Val 19/100 26/27, Acc: 0.4444, time 1.95s
[Val epoch 19] avg_acc=0.4444 | per-class [c0: 0.222, c1: 0.778, c2: 0.333]
Final validation stats 19/99 , Val_acc: 0.4444444444444444 , time 53.59s
[EarlyStopping] no improve (2/10)

0 Wed Oct 15 13:16:04 2025 Epoch: 20
Epoch: 20/100 Iter: 0/12 loss: 0.8488 time 20.38s
Epoch: 20/100 Iter: 1/12 loss: 1.8144 time 15.33s
Epoch: 20/100 Iter: 2/12 loss: 1.7608 time 15.32s
Epoch: 20/100 Iter: 3/12 loss: 6.7993 time 15.34s
Epoch: 20/100 Iter: 4/12 loss: 6.2526 time 15.33s
Epoch: 20/100 Iter: 5/12 loss: 9.4436 time 15.32s
Epoch: 20/100 Iter: 6/12 loss: 13.3047 time 15.32s
Epoch: 20/100 Iter: 7/12 loss: 11.8413 time 15.32s
Epoch: 20/100 Iter: 8/12 loss: 10.8386 time 15.32s
Epoch: 20/100 Iter: 9/12 loss: 9.7392 time 15.32s
Epoch: 20/100 Iter: 10/12 loss: 16.8170 time 15.32s
Epoch: 20/100 Iter: 11/12 loss: 15.4064 time 15.33s
Final training  20/99 loss: 15.4064 time 189.00s lr: 0.000463
[EarlyStopping] no improve (8/30)
0 Wed Oct 15 13:19:14 2025 Epoch: 21
