Architecture:                            x86_64
CPU op-mode(s):                          32-bit, 64-bit
Byte Order:                              Little Endian
Address sizes:                           48 bits physical, 48 bits virtual
CPU(s):                                  64
On-line CPU(s) list:                     0-63
Thread(s) per core:                      2
Core(s) per socket:                      16
Socket(s):                               2
NUMA node(s):                            8
Vendor ID:                               AuthenticAMD
CPU family:                              25
Model:                                   1
Model name:                              AMD EPYC 7313 16-Core Processor
Stepping:                                1
Frequency boost:                         enabled
CPU MHz:                                 2138.597
CPU max MHz:                             3000.0000
CPU min MHz:                             1500.0000
BogoMIPS:                                5989.00
Virtualization:                          AMD-V
L1d cache:                               1 MiB
L1i cache:                               1 MiB
L2 cache:                                16 MiB
L3 cache:                                256 MiB
NUMA node0 CPU(s):                       0-3,32-35
NUMA node1 CPU(s):                       4-7,36-39
NUMA node2 CPU(s):                       8-11,40-43
NUMA node3 CPU(s):                       12-15,44-47
NUMA node4 CPU(s):                       16-19,48-51
NUMA node5 CPU(s):                       20-23,52-55
NUMA node6 CPU(s):                       24-27,56-59
NUMA node7 CPU(s):                       28-31,60-63
Vulnerability Gather data sampling:      Not affected
Vulnerability Indirect target selection: Not affected
Vulnerability Itlb multihit:             Not affected
Vulnerability L1tf:                      Not affected
Vulnerability Mds:                       Not affected
Vulnerability Meltdown:                  Not affected
Vulnerability Mmio stale data:           Not affected
Vulnerability Reg file data sampling:    Not affected
Vulnerability Retbleed:                  Not affected
Vulnerability Spec rstack overflow:      Mitigation; safe RET
Vulnerability Spec store bypass:         Mitigation; Speculative Store Bypass disabled via prctl and seccomp
Vulnerability Spectre v1:                Mitigation; usercopy/swapgs barriers and __user pointer sanitization
Vulnerability Spectre v2:                Mitigation; Retpolines, IBPB conditional, IBRS_FW, STIBP always-on, RSB filling, PBRSB-eIBRS Not affected
Vulnerability Srbds:                     Not affected
Vulnerability Tsa:                       Mitigation; Clear CPU buffers
Vulnerability Tsx async abort:           Not affected
Vulnerability Vmscape:                   Mitigation; IBPB before exit to userspace
Flags:                                   fpu vme de pse tsc msr pae mce cx8 apic sep mtrr pge mca cmov pat pse36 clflush mmx fxsr sse sse2 ht syscall nx mmxext fxsr_opt pdpe1gb rdtscp lm constant_tsc rep_good nopl nonstop_tsc cpuid extd_apicid aperfmperf pni pclmulqdq monitor ssse3 fma cx16 pcid sse4_1 sse4_2 movbe popcnt aes xsave avx f16c rdrand lahf_lm cmp_legacy svm extapic cr8_legacy abm sse4a misalignsse 3dnowprefetch osvw ibs skinit wdt tce topoext perfctr_core perfctr_nb bpext perfctr_llc mwaitx cpb cat_l3 cdp_l3 invpcid_single hw_pstate ssbd mba ibrs ibpb stibp vmmcall fsgsbase bmi1 avx2 smep bmi2 erms invpcid cqm rdt_a rdseed adx smap clflushopt clwb sha_ni xsaveopt xsavec xgetbv1 xsaves cqm_llc cqm_occup_llc cqm_mbm_total cqm_mbm_local clzero irperf xsaveerptr rdpru wbnoinvd amd_ppin arat npt lbrv svm_lock nrip_save tsc_scale vmcb_clean flushbyasid decodeassists pausefilter pfthreshold v_vmsave_vmload vgif umip pku ospke vaes vpclmulqdq rdpid overflow_recov succor smca fsrm ibpb_exit_to_user
Wed Nov 12 09:53:42 2025       
+---------------------------------------------------------------------------------------+
| NVIDIA-SMI 535.183.06             Driver Version: 535.183.06   CUDA Version: 12.2     |
|-----------------------------------------+----------------------+----------------------+
| GPU  Name                 Persistence-M | Bus-Id        Disp.A | Volatile Uncorr. ECC |
| Fan  Temp   Perf          Pwr:Usage/Cap |         Memory-Usage | GPU-Util  Compute M. |
|                                         |                      |               MIG M. |
|=========================================+======================+======================|
|   0  NVIDIA A40                     On  | 00000000:A3:00.0 Off |                    0 |
|  0%   35C    P8              85W / 300W |      0MiB / 46068MiB |      0%      Default |
|                                         |                      |                  N/A |
+-----------------------------------------+----------------------+----------------------+
                                                                                         
+---------------------------------------------------------------------------------------+
| Processes:                                                                            |
|  GPU   GI   CI        PID   Type   Process name                            GPU Memory |
|        ID   ID                                                             Usage      |
|=======================================================================================|
|  No running processes found                                                           |
+---------------------------------------------------------------------------------------+
/home/mraffael/martone_project/Organoid-Image-Classification-Using-Deep-Learning
{'RandFlipd_prob': 0.2,
 'RandRotate90d_prob': 0.2,
 'RandScaleIntensityd_prob': 0.1,
 'RandShiftIntensityd_prob': 0.1,
 'amp': True,
 'augmentation': True,
 'batch_size': 6,
 'cache_dataset': False,
 'checkpoint_path': None,
 'data_dir': '/home/mraffael/martone_project/Organoids_Dataset_256/',
 'dataset_name': 'OrganoidsINRIA_reduced',
 'debug': False,
 'debug_train_samples': 40,
 'debug_val_samples': 10,
 'dist_backend': 'nccl',
 'dist_url': 'tcp://127.0.0.1:23456',
 'distributed': False,
 'dropout_path_rate': 0.0,
 'dropout_rate': 0.0,
 'early_stopping': False,
 'encoder10_pth': '',
 'exact_class': False,
 'feature_size': 48,
 'fold': 0,
 'folds': False,
 'gpu': 0,
 'ignore_label': 3,
 'in_channels': 1,
 'infer_overlap': 0.5,
 'k_folds': 5,
 'logdir': 'test',
 'logs_dir': 'logs/',
 'loss_name': 'CE',
 'lrschedule': 'warmup_cosine',
 'max_epochs': 150,
 'min_delta_loss': 0.001,
 'min_delta_val': 0.001,
 'model_name': 'swinunetr',
 'momentum': 0.99,
 'noamp': False,
 'norm_name': 'instance',
 'oar_id': 2116441,
 'optim_lr': 0.0006,
 'optim_name': 'adamw',
 'out_channels': 1,
 'output_dir': 'outputs/',
 'patch_merging': False,
 'patience_loss': 20,
 'patience_val': 3,
 'pretrained_dir': './pretrained_models/fold1_f48_ep300_4gpu_dice0_9059/',
 'pretrained_model_name': 'model_swinvit.pt',
 'rank': 0,
 'reg_weight': 5e-05,
 'restart_T0': 20,
 'resume_ckpt': False,
 'roi_x': 128,
 'roi_y': 128,
 'roi_z': 128,
 'save_checkpoint': True,
 'seed': 3,
 'similarity_loss': '',
 'similarity_loss_weight': 0.0,
 'spatial_dims': 3,
 'split_method': 'stratified',
 'start_epoch': 0,
 'sw_batch_size': 6,
 'telegram_log': True,
 'test_mode': False,
 'token': './token/tlg_token.txt',
 'use_checkpoint': False,
 'val_every': 4,
 'warmup_epochs': 5,
 'workers': 8,
 'world_size': 1}

Saved configuration to: outputs/OrganoidsINRIA_reduced/swinunetr/2025-11-12-09-54/config.txt
Using GPU: 0

Model INFO:
Model architecture: swinunetr
Using pretrained weights
=> loading pretrained model './pretrained_models/fold1_f48_ep300_4gpu_dice0_9059/model_swinvit.pt'
Missing keys when loading pretrained: 33
Unexpected keys when loading pretrained: 8
Using SwinUNETR with Single Linear Classification Head
Total trainable parameters: 39,914,805

Optimizer INFO:
Using optimizer: adamw with lr=0.0006, weight_decay=5e-05

Dataset INFO:
Dataset length: 803
Class distribution in entire dataset:
  Class 0: 391
  Class 1: 43
  Class 2: 369

Using split method: stratified

Train set balance:
Class distribution:
  Class 0: 313 samples
  Class 1: 34 samples
  Class 2: 295 samples

Val set balance:
Class distribution:
  Class 0: 78 samples
  Class 1: 9 samples
  Class 2: 74 samples
Training set length: 642
Validation set length: 161

Using standard shuffle for training
Training loader: 107 batches
Validation loader: 27 batches

Class distribution in training set:
  Class 0: 313 (48.8%)
  Class 1: 34 (5.3%)
  Class 2: 295 (46.0%)
Class distribution in validation set:
  Class 0: 78 (48.4%)
  Class 1: 9 (5.6%)
  Class 2: 74 (46.0%)
**************************************************
Class weights: [ 6.837  62.941  7.254]

Using loss function: CE
**************************************************
Starting training...
✓ Unfrozen: swinViT.layers4.0.blocks.1.norm1.weight (384 params)
✓ Unfrozen: swinViT.layers4.0.blocks.1.norm1.bias (384 params)
✓ Unfrozen: swinViT.layers4.0.blocks.1.attn.relative_position_bias_table (52728 params)
✓ Unfrozen: swinViT.layers4.0.blocks.1.attn.qkv.weight (442368 params)
✓ Unfrozen: swinViT.layers4.0.blocks.1.attn.qkv.bias (1152 params)
✓ Unfrozen: swinViT.layers4.0.blocks.1.attn.proj.weight (147456 params)
✓ Unfrozen: swinViT.layers4.0.blocks.1.attn.proj.bias (384 params)
✓ Unfrozen: swinViT.layers4.0.blocks.1.norm2.weight (384 params)
✓ Unfrozen: swinViT.layers4.0.blocks.1.norm2.bias (384 params)
✓ Unfrozen: swinViT.layers4.0.blocks.1.mlp.linear1.weight (589824 params)
✓ Unfrozen: swinViT.layers4.0.blocks.1.mlp.linear1.bias (1536 params)
✓ Unfrozen: swinViT.layers4.0.blocks.1.mlp.linear2.weight (589824 params)
✓ Unfrozen: swinViT.layers4.0.blocks.1.mlp.linear2.bias (384 params)
✓ Unfrozen: swinViT.layers4.0.downsample.reduction.weight (2359296 params)
✓ Unfrozen: swinViT.layers4.0.downsample.norm.weight (3072 params)
✓ Unfrozen: swinViT.layers4.0.downsample.norm.bias (3072 params)
✓ Unfrozen: encoder10.layer.conv1.conv.weight (15925248 params)
✓ Unfrozen: encoder10.layer.conv2.conv.weight (15925248 params)
✓ Unfrozen: fc.weight (2304 params)
✓ Unfrozen: fc.bias (3 params)
Total frozen: 3869370, trainable: 36045435
0 Wed Nov 12 09:54:17 2025 Epoch: 0
Epoch: 0/150 Iter: 0/107 loss: 1.3436 acc: 0.0000 time 28.26s
Epoch: 0/150 Iter: 1/107 loss: 1.2863 acc: 0.0000 time 2.75s
Epoch: 0/150 Iter: 2/107 loss: 1.3083 acc: 0.0000 time 3.28s
Epoch: 0/150 Iter: 3/107 loss: 1.3194 acc: 0.0000 time 2.71s
Epoch: 0/150 Iter: 4/107 loss: 1.3255 acc: 0.0000 time 2.82s
Epoch: 0/150 Iter: 5/107 loss: 1.3851 acc: 0.0000 time 2.77s
Epoch: 0/150 Iter: 6/107 loss: 1.3202 acc: 0.0476 time 3.31s
Epoch: 0/150 Iter: 7/107 loss: 1.3232 acc: 0.0417 time 2.72s
Epoch: 0/150 Iter: 8/107 loss: 1.3260 acc: 0.0370 time 2.91s
Epoch: 0/150 Iter: 9/107 loss: 1.3274 acc: 0.0333 time 2.74s
Epoch: 0/150 Iter: 10/107 loss: 1.2999 acc: 0.0606 time 3.40s
Epoch: 0/150 Iter: 11/107 loss: 1.3223 acc: 0.0556 time 2.74s
Epoch: 0/150 Iter: 12/107 loss: 1.3324 acc: 0.0513 time 2.78s
Epoch: 0/150 Iter: 13/107 loss: 1.3412 acc: 0.0476 time 2.75s
Epoch: 0/150 Iter: 14/107 loss: 1.3426 acc: 0.0444 time 2.78s
Epoch: 0/150 Iter: 15/107 loss: 1.3356 acc: 0.0417 time 2.73s
Epoch: 0/150 Iter: 16/107 loss: 1.3207 acc: 0.0588 time 3.29s
Epoch: 0/150 Iter: 17/107 loss: 1.3158 acc: 0.0556 time 2.72s
Epoch: 0/150 Iter: 18/107 loss: 1.3236 acc: 0.0526 time 2.74s
Epoch: 0/150 Iter: 19/107 loss: 1.3136 acc: 0.0500 time 2.78s
Epoch: 0/150 Iter: 20/107 loss: 1.3206 acc: 0.0476 time 2.78s
Epoch: 0/150 Iter: 21/107 loss: 1.3166 acc: 0.0455 time 2.74s
Epoch: 0/150 Iter: 22/107 loss: 1.3021 acc: 0.0580 time 3.26s
Epoch: 0/150 Iter: 23/107 loss: 1.2885 acc: 0.0694 time 2.73s
Epoch: 0/150 Iter: 24/107 loss: 1.2914 acc: 0.0667 time 2.82s
Epoch: 0/150 Iter: 25/107 loss: 1.2981 acc: 0.0641 time 3.29s
Epoch: 0/150 Iter: 26/107 loss: 1.2959 acc: 0.0617 time 2.73s
Epoch: 0/150 Iter: 27/107 loss: 1.2847 acc: 0.0714 time 2.77s
Epoch: 0/150 Iter: 28/107 loss: 1.2867 acc: 0.0690 time 3.29s
Epoch: 0/150 Iter: 29/107 loss: 1.2745 acc: 0.0778 time 2.77s
Epoch: 0/150 Iter: 30/107 loss: 1.2805 acc: 0.0753 time 2.74s
Epoch: 0/150 Iter: 31/107 loss: 1.2789 acc: 0.0729 time 2.79s
Epoch: 0/150 Iter: 32/107 loss: 1.2738 acc: 0.0707 time 2.75s
Epoch: 0/150 Iter: 33/107 loss: 1.2759 acc: 0.0686 time 2.74s
Epoch: 0/150 Iter: 34/107 loss: 1.2670 acc: 0.0762 time 2.76s
Epoch: 0/150 Iter: 35/107 loss: 1.2590 acc: 0.0833 time 2.72s
Epoch: 0/150 Iter: 36/107 loss: 1.2582 acc: 0.0811 time 2.76s
Epoch: 0/150 Iter: 37/107 loss: 1.2606 acc: 0.0789 time 2.73s
Epoch: 0/150 Iter: 38/107 loss: 1.2533 acc: 0.0855 time 2.73s
Epoch: 0/150 Iter: 39/107 loss: 1.2466 acc: 0.0917 time 2.76s
Epoch: 0/150 Iter: 40/107 loss: 1.2398 acc: 0.0976 time 2.81s
Epoch: 0/150 Iter: 41/107 loss: 1.2450 acc: 0.0952 time 2.80s
Epoch: 0/150 Iter: 42/107 loss: 1.2389 acc: 0.1008 time 2.73s
Epoch: 0/150 Iter: 43/107 loss: 1.2488 acc: 0.0985 time 2.73s
Epoch: 0/150 Iter: 44/107 loss: 1.2560 acc: 0.0963 time 2.73s
Epoch: 0/150 Iter: 45/107 loss: 1.2490 acc: 0.1014 time 2.82s
Epoch: 0/150 Iter: 46/107 loss: 1.2535 acc: 0.0993 time 2.90s
Epoch: 0/150 Iter: 47/107 loss: 1.2529 acc: 0.0972 time 2.73s
Epoch: 0/150 Iter: 48/107 loss: 1.2474 acc: 0.1020 time 3.29s
Epoch: 0/150 Iter: 49/107 loss: 1.2440 acc: 0.1067 time 2.77s
Epoch: 0/150 Iter: 50/107 loss: 1.2482 acc: 0.1046 time 2.73s
Epoch: 0/150 Iter: 51/107 loss: 1.2431 acc: 0.1090 time 2.79s
Epoch: 0/150 Iter: 52/107 loss: 1.2451 acc: 0.1069 time 2.80s
Epoch: 0/150 Iter: 53/107 loss: 1.2402 acc: 0.1111 time 2.80s
Epoch: 0/150 Iter: 54/107 loss: 1.2421 acc: 0.1091 time 2.74s
Epoch: 0/150 Iter: 55/107 loss: 1.2378 acc: 0.1071 time 2.91s
Epoch: 0/150 Iter: 56/107 loss: 1.2340 acc: 0.1111 time 2.73s
Epoch: 0/150 Iter: 57/107 loss: 1.2359 acc: 0.1092 time 2.75s
Epoch: 0/150 Iter: 58/107 loss: 1.2325 acc: 0.1130 time 2.82s
Epoch: 0/150 Iter: 59/107 loss: 1.2306 acc: 0.1111 time 2.77s
Epoch: 0/150 Iter: 60/107 loss: 1.2273 acc: 0.1148 time 3.24s
Epoch: 0/150 Iter: 61/107 loss: 1.2311 acc: 0.1129 time 2.77s
Epoch: 0/150 Iter: 62/107 loss: 1.2330 acc: 0.1111 time 2.76s
Epoch: 0/150 Iter: 63/107 loss: 1.2290 acc: 0.1146 time 2.74s
Epoch: 0/150 Iter: 64/107 loss: 1.2291 acc: 0.1128 time 2.74s
Epoch: 0/150 Iter: 65/107 loss: 1.2292 acc: 0.1111 time 2.81s
Epoch: 0/150 Iter: 66/107 loss: 1.2248 acc: 0.1144 time 2.79s
Epoch: 0/150 Iter: 67/107 loss: 1.2298 acc: 0.1127 time 2.78s
Epoch: 0/150 Iter: 68/107 loss: 1.2317 acc: 0.1111 time 2.78s
Epoch: 0/150 Iter: 69/107 loss: 1.2318 acc: 0.1095 time 2.74s
Epoch: 0/150 Iter: 70/107 loss: 1.2275 acc: 0.1127 time 2.76s
Epoch: 0/150 Iter: 71/107 loss: 1.2240 acc: 0.1157 time 2.79s
Epoch: 0/150 Iter: 72/107 loss: 1.2242 acc: 0.1142 time 2.74s
Epoch: 0/150 Iter: 73/107 loss: 1.2228 acc: 0.1126 time 2.74s
Epoch: 0/150 Iter: 74/107 loss: 1.2259 acc: 0.1111 time 2.83s
Epoch: 0/150 Iter: 75/107 loss: 1.2304 acc: 0.1096 time 3.33s
Epoch: 0/150 Iter: 76/107 loss: 1.2273 acc: 0.1082 time 2.82s
Epoch: 0/150 Iter: 77/107 loss: 1.2242 acc: 0.1111 time 3.29s
Epoch: 0/150 Iter: 78/107 loss: 1.2211 acc: 0.1139 time 2.78s
Epoch: 0/150 Iter: 79/107 loss: 1.2241 acc: 0.1125 time 2.74s
Epoch: 0/150 Iter: 80/107 loss: 1.2227 acc: 0.1111 time 2.73s
Epoch: 0/150 Iter: 81/107 loss: 1.2228 acc: 0.1098 time 2.75s
Epoch: 0/150 Iter: 82/107 loss: 1.2269 acc: 0.1084 time 2.73s
Epoch: 0/150 Iter: 83/107 loss: 1.2270 acc: 0.1071 time 2.75s
Epoch: 0/150 Iter: 84/107 loss: 1.2309 acc: 0.1059 time 3.32s
Epoch: 0/150 Iter: 85/107 loss: 1.2281 acc: 0.1085 time 2.74s
Epoch: 0/150 Iter: 86/107 loss: 1.2257 acc: 0.1111 time 3.33s
Epoch: 0/150 Iter: 87/107 loss: 1.2235 acc: 0.1136 time 2.94s
Epoch: 0/150 Iter: 88/107 loss: 1.2262 acc: 0.1124 time 3.31s
Epoch: 0/150 Iter: 89/107 loss: 1.2263 acc: 0.1111 time 2.75s
Epoch: 0/150 Iter: 90/107 loss: 1.2276 acc: 0.1099 time 2.74s
Epoch: 0/150 Iter: 91/107 loss: 1.2289 acc: 0.1087 time 2.90s
Epoch: 0/150 Iter: 92/107 loss: 1.2313 acc: 0.1075 time 2.86s
Epoch: 0/150 Iter: 93/107 loss: 1.2326 acc: 0.1064 time 3.27s
Epoch: 0/150 Iter: 94/107 loss: 1.2326 acc: 0.1053 time 2.76s
Epoch: 0/150 Iter: 95/107 loss: 1.2338 acc: 0.1042 time 2.78s
Epoch: 0/150 Iter: 96/107 loss: 1.2338 acc: 0.1031 time 2.74s
Epoch: 0/150 Iter: 97/107 loss: 1.2313 acc: 0.1054 time 2.73s
Epoch: 0/150 Iter: 98/107 loss: 1.2324 acc: 0.1044 time 2.73s
Epoch: 0/150 Iter: 99/107 loss: 1.2294 acc: 0.1067 time 2.75s
Epoch: 0/150 Iter: 100/107 loss: 1.2305 acc: 0.1056 time 2.75s
Epoch: 0/150 Iter: 101/107 loss: 1.2330 acc: 0.1046 time 3.25s
Epoch: 0/150 Iter: 102/107 loss: 1.2308 acc: 0.1068 time 2.78s
Epoch: 0/150 Iter: 103/107 loss: 1.2341 acc: 0.1058 time 2.80s
Epoch: 0/150 Iter: 104/107 loss: 1.2321 acc: 0.1079 time 2.81s
Epoch: 0/150 Iter: 105/107 loss: 1.2342 acc: 0.1069 time 2.74s
Epoch: 0/150 Iter: 106/107 loss: 1.2342 acc: 0.1059 time 2.80s
[Train epoch 0] avg_loss=1.2342 avg_acc=0.1059 | per-class [c0: 0.000, c1: 1.000, c2: 0.000]
Final training 0/149, loss: 1.2342, time 330.37s, lr: 0.000000
Accuracy: 0.053
class                  precision    recall   specificity      f1   support
--------------------------------------------------------------------------
0                          0.000     0.000         1.000   0.000       313
1                          0.053     1.000         0.000   0.101        34
2                          0.000     0.000         1.000   0.000       295
*----------------------------------------*
0 Wed Nov 12 09:59:48 2025 Epoch: 1
Epoch: 1/150 Iter: 0/107 loss: 1.3487 acc: 0.0000 time 4.20s
Epoch: 1/150 Iter: 1/107 loss: 1.3136 acc: 0.0000 time 2.86s
Epoch: 1/150 Iter: 2/107 loss: 1.1207 acc: 0.1667 time 2.83s
Epoch: 1/150 Iter: 3/107 loss: 1.0152 acc: 0.2500 time 2.79s
Epoch: 1/150 Iter: 4/107 loss: 0.9663 acc: 0.3000 time 2.82s
Epoch: 1/150 Iter: 5/107 loss: 1.4876 acc: 0.3056 time 2.84s
Epoch: 1/150 Iter: 6/107 loss: 1.3659 acc: 0.3333 time 2.89s
Epoch: 1/150 Iter: 7/107 loss: 1.3011 acc: 0.3542 time 2.79s
Epoch: 1/150 Iter: 8/107 loss: 1.2181 acc: 0.3704 time 3.28s
Epoch: 1/150 Iter: 9/107 loss: 1.1676 acc: 0.3833 time 2.80s
Epoch: 1/150 Iter: 10/107 loss: 1.1411 acc: 0.3939 time 2.81s
Epoch: 1/150 Iter: 11/107 loss: 1.1003 acc: 0.4028 time 2.80s
Epoch: 1/150 Iter: 12/107 loss: 1.0653 acc: 0.4487 time 2.78s
Epoch: 1/150 Iter: 13/107 loss: 1.2795 acc: 0.4405 time 2.79s
Epoch: 1/150 Iter: 14/107 loss: 1.2330 acc: 0.4444 time 2.84s
Epoch: 1/150 Iter: 15/107 loss: 1.4517 acc: 0.4375 time 3.31s
Epoch: 1/150 Iter: 16/107 loss: 1.5765 acc: 0.4314 time 2.85s
Epoch: 1/150 Iter: 17/107 loss: 1.5310 acc: 0.4352 time 2.80s
Epoch: 1/150 Iter: 18/107 loss: 1.5967 acc: 0.4298 time 2.92s
Epoch: 1/150 Iter: 19/107 loss: 1.6409 acc: 0.4250 time 2.80s
Epoch: 1/150 Iter: 20/107 loss: 1.6663 acc: 0.4206 time 2.79s
Epoch: 1/150 Iter: 21/107 loss: 1.6295 acc: 0.4242 time 2.85s
Epoch: 1/150 Iter: 22/107 loss: 1.5934 acc: 0.4493 time 2.81s
Epoch: 1/150 Iter: 23/107 loss: 1.5756 acc: 0.4444 time 2.79s
Epoch: 1/150 Iter: 24/107 loss: 1.5623 acc: 0.4400 time 2.81s
Epoch: 1/150 Iter: 25/107 loss: 1.5567 acc: 0.4231 time 2.84s
Epoch: 1/150 Iter: 26/107 loss: 1.5512 acc: 0.4074 time 2.79s
Epoch: 1/150 Iter: 27/107 loss: 1.5475 acc: 0.3929 time 3.28s
Epoch: 1/150 Iter: 28/107 loss: 1.5410 acc: 0.3793 time 2.80s
Epoch: 1/150 Iter: 29/107 loss: 1.5320 acc: 0.3667 time 3.34s
Epoch: 1/150 Iter: 30/107 loss: 1.5220 acc: 0.3548 time 2.80s
Epoch: 1/150 Iter: 31/107 loss: 1.5053 acc: 0.3594 time 2.81s
Epoch: 1/150 Iter: 32/107 loss: 1.4887 acc: 0.3636 time 2.90s
Epoch: 1/150 Iter: 33/107 loss: 1.4708 acc: 0.3676 time 2.79s
Epoch: 1/150 Iter: 34/107 loss: 1.4549 acc: 0.3714 time 2.81s
Epoch: 1/150 Iter: 35/107 loss: 1.4459 acc: 0.3750 time 2.92s
Epoch: 1/150 Iter: 36/107 loss: 1.4269 acc: 0.3784 time 2.93s
Epoch: 1/150 Iter: 37/107 loss: 1.4112 acc: 0.3816 time 2.84s
Epoch: 1/150 Iter: 38/107 loss: 1.3953 acc: 0.3846 time 2.82s
Epoch: 1/150 Iter: 39/107 loss: 1.3769 acc: 0.4000 time 2.78s
Epoch: 1/150 Iter: 40/107 loss: 1.3611 acc: 0.4116 time 2.79s
Epoch: 1/150 Iter: 41/107 loss: 1.3838 acc: 0.4150 time 2.80s
Epoch: 1/150 Iter: 42/107 loss: 1.3664 acc: 0.4170 time 2.79s
Epoch: 1/150 Iter: 43/107 loss: 1.3545 acc: 0.4211 time 2.92s
Epoch: 1/150 Iter: 44/107 loss: 1.3370 acc: 0.4229 time 2.79s
Epoch: 1/150 Iter: 45/107 loss: 1.3222 acc: 0.4282 time 2.78s
Epoch: 1/150 Iter: 46/107 loss: 1.3027 acc: 0.4404 time 2.80s
Epoch: 1/150 Iter: 47/107 loss: 1.3214 acc: 0.4381 time 2.81s
Epoch: 1/150 Iter: 48/107 loss: 1.3090 acc: 0.4420 time 3.49s
Epoch: 1/150 Iter: 49/107 loss: 1.3019 acc: 0.4431 time 2.82s
Epoch: 1/150 Iter: 50/107 loss: 1.2875 acc: 0.4442 time 2.80s
Epoch: 1/150 Iter: 51/107 loss: 1.2749 acc: 0.4453 time 2.80s
Epoch: 1/150 Iter: 52/107 loss: 1.2670 acc: 0.4501 time 2.98s
Epoch: 1/150 Iter: 53/107 loss: 1.2549 acc: 0.4510 time 2.79s
Epoch: 1/150 Iter: 54/107 loss: 1.2682 acc: 0.4549 time 2.89s
Epoch: 1/150 Iter: 55/107 loss: 1.2584 acc: 0.4587 time 2.81s
Epoch: 1/150 Iter: 56/107 loss: 1.2474 acc: 0.4653 time 2.81s
Epoch: 1/150 Iter: 57/107 loss: 1.2400 acc: 0.4676 time 3.32s
Epoch: 1/150 Iter: 58/107 loss: 1.2515 acc: 0.4710 time 2.79s
Epoch: 1/150 Iter: 59/107 loss: 1.2401 acc: 0.4798 time 2.80s
Epoch: 1/150 Iter: 60/107 loss: 1.2299 acc: 0.4856 time 2.83s
Epoch: 1/150 Iter: 61/107 loss: 1.2190 acc: 0.4919 time 2.82s
Epoch: 1/150 Iter: 62/107 loss: 1.2081 acc: 0.5000 time 2.80s
Epoch: 1/150 Iter: 63/107 loss: 1.2149 acc: 0.5000 time 2.80s
Epoch: 1/150 Iter: 64/107 loss: 1.2266 acc: 0.5025 time 2.95s
Epoch: 1/150 Iter: 65/107 loss: 1.2325 acc: 0.5050 time 2.84s
Epoch: 1/150 Iter: 66/107 loss: 1.2253 acc: 0.5074 time 2.79s
Epoch: 1/150 Iter: 67/107 loss: 1.2299 acc: 0.5057 time 2.79s
Epoch: 1/150 Iter: 68/107 loss: 1.2304 acc: 0.5080 time 3.41s
Epoch: 1/150 Iter: 69/107 loss: 1.2238 acc: 0.5079 time 2.80s
Epoch: 1/150 Iter: 70/107 loss: 1.2191 acc: 0.5078 time 3.30s
Epoch: 1/150 Iter: 71/107 loss: 1.2159 acc: 0.5077 time 2.87s
Epoch: 1/150 Iter: 72/107 loss: 1.2148 acc: 0.5076 time 2.81s
Epoch: 1/150 Iter: 73/107 loss: 1.2123 acc: 0.5067 time 2.79s
Epoch: 1/150 Iter: 74/107 loss: 1.2106 acc: 0.5059 time 2.88s
Epoch: 1/150 Iter: 75/107 loss: 1.2061 acc: 0.5102 time 2.95s
Epoch: 1/150 Iter: 76/107 loss: 1.2050 acc: 0.5079 time 2.97s
Epoch: 1/150 Iter: 77/107 loss: 1.2015 acc: 0.5078 time 3.32s
Epoch: 1/150 Iter: 78/107 loss: 1.2004 acc: 0.5056 time 2.80s
Epoch: 1/150 Iter: 79/107 loss: 1.1960 acc: 0.5055 time 2.80s
Epoch: 1/150 Iter: 80/107 loss: 1.1863 acc: 0.5116 time 2.96s
Epoch: 1/150 Iter: 81/107 loss: 1.1928 acc: 0.5115 time 2.80s
Epoch: 1/150 Iter: 82/107 loss: 1.1920 acc: 0.5093 time 2.82s
Epoch: 1/150 Iter: 83/107 loss: 1.1918 acc: 0.5072 time 2.81s
Epoch: 1/150 Iter: 84/107 loss: 1.1889 acc: 0.5057 time 2.80s
Epoch: 1/150 Iter: 85/107 loss: 1.1872 acc: 0.5079 time 2.80s
Epoch: 1/150 Iter: 86/107 loss: 1.1854 acc: 0.5079 time 2.79s
Epoch: 1/150 Iter: 87/107 loss: 1.1824 acc: 0.5078 time 2.82s
Epoch: 1/150 Iter: 88/107 loss: 1.1794 acc: 0.5077 time 2.78s
Epoch: 1/150 Iter: 89/107 loss: 1.1786 acc: 0.5082 time 2.77s
Epoch: 1/150 Iter: 90/107 loss: 1.1807 acc: 0.5072 time 2.77s
Epoch: 1/150 Iter: 91/107 loss: 1.1824 acc: 0.5017 time 2.76s
Epoch: 1/150 Iter: 92/107 loss: 1.1759 acc: 0.5070 time 2.77s
Epoch: 1/150 Iter: 93/107 loss: 1.1765 acc: 0.5070 time 2.79s
Epoch: 1/150 Iter: 94/107 loss: 1.1761 acc: 0.5069 time 3.33s
Epoch: 1/150 Iter: 95/107 loss: 1.1731 acc: 0.5094 time 2.74s
Epoch: 1/150 Iter: 96/107 loss: 1.1698 acc: 0.5128 time 2.73s
Epoch: 1/150 Iter: 97/107 loss: 1.1675 acc: 0.5143 time 3.25s
Epoch: 1/150 Iter: 98/107 loss: 1.1632 acc: 0.5134 time 2.74s
Epoch: 1/150 Iter: 99/107 loss: 1.1591 acc: 0.5166 time 2.76s
Epoch: 1/150 Iter: 100/107 loss: 1.1555 acc: 0.5176 time 2.80s
Epoch: 1/150 Iter: 101/107 loss: 1.1519 acc: 0.5162 time 2.79s
Epoch: 1/150 Iter: 102/107 loss: 1.1541 acc: 0.5139 time 2.84s
Epoch: 1/150 Iter: 103/107 loss: 1.1481 acc: 0.5130 time 2.84s
Epoch: 1/150 Iter: 104/107 loss: 1.1465 acc: 0.5157 time 2.82s
Epoch: 1/150 Iter: 105/107 loss: 1.1422 acc: 0.5171 time 3.28s
Epoch: 1/150 Iter: 106/107 loss: 1.1373 acc: 0.5181 time 3.32s
[Train epoch 1] avg_loss=1.1373 avg_acc=0.5181 | per-class [c0: 0.524, c1: 0.000, c2: 0.647]
Final training 1/149, loss: 1.1373, time 309.76s, lr: 0.000150
Accuracy: 0.553
class                  precision    recall   specificity      f1   support
--------------------------------------------------------------------------
0                          0.626     0.524         0.702   0.570       313
1                          0.000     0.000         0.929   0.000        34
2                          0.567     0.647         0.579   0.604       295
*----------------------------------------*
0 Wed Nov 12 10:04:57 2025 Epoch: 2
Epoch: 2/150 Iter: 0/107 loss: 1.4604 acc: 0.2500 time 3.83s
Epoch: 2/150 Iter: 1/107 loss: 1.4186 acc: 0.4583 time 2.85s
Epoch: 2/150 Iter: 2/107 loss: 1.1490 acc: 0.5833 time 2.84s
Epoch: 2/150 Iter: 3/107 loss: 1.0003 acc: 0.6875 time 2.81s
Epoch: 2/150 Iter: 4/107 loss: 0.9481 acc: 0.7100 time 2.96s
Epoch: 2/150 Iter: 5/107 loss: 1.0264 acc: 0.6750 time 2.81s
Epoch: 2/150 Iter: 6/107 loss: 0.9582 acc: 0.6976 time 2.81s
Epoch: 2/150 Iter: 7/107 loss: 0.9613 acc: 0.7104 time 2.85s
Epoch: 2/150 Iter: 8/107 loss: 0.9784 acc: 0.6870 time 2.78s
Epoch: 2/150 Iter: 9/107 loss: 0.9272 acc: 0.7058 time 2.93s
Epoch: 2/150 Iter: 10/107 loss: 0.9797 acc: 0.6947 time 2.82s
Epoch: 2/150 Iter: 11/107 loss: 1.0265 acc: 0.6600 time 3.37s
Epoch: 2/150 Iter: 12/107 loss: 0.9777 acc: 0.6861 time 2.80s
Epoch: 2/150 Iter: 13/107 loss: 0.9987 acc: 0.6728 time 3.29s
Epoch: 2/150 Iter: 14/107 loss: 0.9735 acc: 0.6835 time 2.85s
Epoch: 2/150 Iter: 15/107 loss: 0.9631 acc: 0.6799 time 2.81s
Epoch: 2/150 Iter: 16/107 loss: 0.9306 acc: 0.6928 time 3.34s
Epoch: 2/150 Iter: 17/107 loss: 0.9140 acc: 0.7006 time 2.77s
Epoch: 2/150 Iter: 18/107 loss: 0.9186 acc: 0.6988 time 2.81s
Epoch: 2/150 Iter: 19/107 loss: 0.8957 acc: 0.7014 time 3.31s
Epoch: 2/150 Iter: 20/107 loss: 0.9446 acc: 0.6892 time 2.81s
Epoch: 2/150 Iter: 21/107 loss: 0.9415 acc: 0.6806 time 2.97s
Epoch: 2/150 Iter: 22/107 loss: 0.9341 acc: 0.6727 time 2.82s
Epoch: 2/150 Iter: 23/107 loss: 0.9537 acc: 0.6655 time 2.84s
Epoch: 2/150 Iter: 24/107 loss: 0.9336 acc: 0.6789 time 3.28s
Epoch: 2/150 Iter: 25/107 loss: 0.9265 acc: 0.6816 time 2.90s
Epoch: 2/150 Iter: 26/107 loss: 0.9197 acc: 0.6888 time 2.80s
Epoch: 2/150 Iter: 27/107 loss: 0.8979 acc: 0.6999 time 2.79s
Epoch: 2/150 Iter: 28/107 loss: 0.8902 acc: 0.7045 time 2.84s
Epoch: 2/150 Iter: 29/107 loss: 0.8836 acc: 0.7060 time 2.78s
Epoch: 2/150 Iter: 30/107 loss: 0.8733 acc: 0.7101 time 2.86s
Epoch: 2/150 Iter: 31/107 loss: 0.8562 acc: 0.7192 time 2.79s
Epoch: 2/150 Iter: 32/107 loss: 0.8537 acc: 0.7125 time 2.81s
Epoch: 2/150 Iter: 33/107 loss: 0.8444 acc: 0.7112 time 3.29s
Epoch: 2/150 Iter: 34/107 loss: 0.8381 acc: 0.7028 time 3.30s
Epoch: 2/150 Iter: 35/107 loss: 0.8313 acc: 0.7076 time 2.94s
Epoch: 2/150 Iter: 36/107 loss: 0.8304 acc: 0.6992 time 2.80s
Epoch: 2/150 Iter: 37/107 loss: 0.8558 acc: 0.6984 time 2.84s
Epoch: 2/150 Iter: 38/107 loss: 0.8744 acc: 0.6905 time 2.94s
Epoch: 2/150 Iter: 39/107 loss: 0.9031 acc: 0.6899 time 2.80s
Epoch: 2/150 Iter: 40/107 loss: 0.9023 acc: 0.6779 time 2.79s
Epoch: 2/150 Iter: 41/107 loss: 0.8939 acc: 0.6808 time 2.82s
Epoch: 2/150 Iter: 42/107 loss: 0.8910 acc: 0.6795 time 2.82s
Epoch: 2/150 Iter: 43/107 loss: 0.8891 acc: 0.6800 time 2.81s
Epoch: 2/150 Iter: 44/107 loss: 0.8797 acc: 0.6760 time 2.94s
Epoch: 2/150 Iter: 45/107 loss: 0.8712 acc: 0.6803 time 2.76s
Epoch: 2/150 Iter: 46/107 loss: 0.8912 acc: 0.6729 time 2.79s
Epoch: 2/150 Iter: 47/107 loss: 0.8847 acc: 0.6771 time 3.36s
Epoch: 2/150 Iter: 48/107 loss: 0.8753 acc: 0.6837 time 3.30s
Epoch: 2/150 Iter: 49/107 loss: 0.8864 acc: 0.6812 time 3.29s
Epoch: 2/150 Iter: 50/107 loss: 0.8818 acc: 0.6825 time 3.31s
Epoch: 2/150 Iter: 51/107 loss: 0.8827 acc: 0.6766 time 2.81s
Epoch: 2/150 Iter: 52/107 loss: 0.8841 acc: 0.6789 time 2.91s
Epoch: 2/150 Iter: 53/107 loss: 0.8780 acc: 0.6849 time 2.83s
Epoch: 2/150 Iter: 54/107 loss: 0.8750 acc: 0.6876 time 2.86s
Epoch: 2/150 Iter: 55/107 loss: 0.8716 acc: 0.6887 time 2.92s
Epoch: 2/150 Iter: 56/107 loss: 0.8804 acc: 0.6844 time 2.81s
Epoch: 2/150 Iter: 57/107 loss: 0.8816 acc: 0.6812 time 3.36s
Epoch: 2/150 Iter: 58/107 loss: 0.8806 acc: 0.6782 time 2.79s
Epoch: 2/150 Iter: 59/107 loss: 0.8876 acc: 0.6761 time 2.78s
Epoch: 2/150 Iter: 60/107 loss: 0.8884 acc: 0.6732 time 3.34s
Epoch: 2/150 Iter: 61/107 loss: 0.8899 acc: 0.6704 time 2.77s
Epoch: 2/150 Iter: 62/107 loss: 0.8869 acc: 0.6741 time 2.80s
Epoch: 2/150 Iter: 63/107 loss: 0.8864 acc: 0.6753 time 2.81s
Epoch: 2/150 Iter: 64/107 loss: 0.8892 acc: 0.6738 time 2.79s
Epoch: 2/150 Iter: 65/107 loss: 0.8916 acc: 0.6731 time 3.32s
Epoch: 2/150 Iter: 66/107 loss: 0.8887 acc: 0.6755 time 3.33s
Epoch: 2/150 Iter: 67/107 loss: 0.8846 acc: 0.6803 time 3.30s
Epoch: 2/150 Iter: 68/107 loss: 0.8960 acc: 0.6752 time 3.32s
Epoch: 2/150 Iter: 69/107 loss: 0.8960 acc: 0.6756 time 2.96s
Epoch: 2/150 Iter: 70/107 loss: 0.8997 acc: 0.6731 time 2.77s
Epoch: 2/150 Iter: 71/107 loss: 0.8942 acc: 0.6777 time 2.79s
Epoch: 2/150 Iter: 72/107 loss: 0.8932 acc: 0.6775 time 2.82s
Epoch: 2/150 Iter: 73/107 loss: 0.8880 acc: 0.6819 time 2.78s
Epoch: 2/150 Iter: 74/107 loss: 0.8924 acc: 0.6806 time 2.80s
Epoch: 2/150 Iter: 75/107 loss: 0.8918 acc: 0.6826 time 2.91s
Epoch: 2/150 Iter: 76/107 loss: 0.8897 acc: 0.6802 time 3.28s
Epoch: 2/150 Iter: 77/107 loss: 0.8978 acc: 0.6792 time 2.78s
Epoch: 2/150 Iter: 78/107 loss: 0.8943 acc: 0.6762 time 2.78s
Epoch: 2/150 Iter: 79/107 loss: 0.8926 acc: 0.6761 time 2.82s
Epoch: 2/150 Iter: 80/107 loss: 0.8993 acc: 0.6746 time 3.34s
Epoch: 2/150 Iter: 81/107 loss: 0.8977 acc: 0.6761 time 2.91s
Epoch: 2/150 Iter: 82/107 loss: 0.9000 acc: 0.6760 time 3.31s
Epoch: 2/150 Iter: 83/107 loss: 0.8948 acc: 0.6739 time 2.80s
Epoch: 2/150 Iter: 84/107 loss: 0.8913 acc: 0.6748 time 2.83s
Epoch: 2/150 Iter: 85/107 loss: 0.8949 acc: 0.6742 time 2.79s
Epoch: 2/150 Iter: 86/107 loss: 0.9016 acc: 0.6722 time 2.83s
Epoch: 2/150 Iter: 87/107 loss: 0.8983 acc: 0.6745 time 3.29s
Epoch: 2/150 Iter: 88/107 loss: 0.9048 acc: 0.6694 time 2.91s
Epoch: 2/150 Iter: 89/107 loss: 0.9108 acc: 0.6682 time 2.84s
Epoch: 2/150 Iter: 90/107 loss: 0.9092 acc: 0.6663 time 2.80s
Epoch: 2/150 Iter: 91/107 loss: 0.9118 acc: 0.6639 time 2.76s
Epoch: 2/150 Iter: 92/107 loss: 0.9071 acc: 0.6648 time 2.74s
Epoch: 2/150 Iter: 93/107 loss: 0.9063 acc: 0.6649 time 3.25s
Epoch: 2/150 Iter: 94/107 loss: 0.9039 acc: 0.6614 time 2.77s
Epoch: 2/150 Iter: 95/107 loss: 0.8991 acc: 0.6649 time 2.75s
Epoch: 2/150 Iter: 96/107 loss: 0.8950 acc: 0.6615 time 2.77s
Epoch: 2/150 Iter: 97/107 loss: 0.8971 acc: 0.6581 time 2.74s
Epoch: 2/150 Iter: 98/107 loss: 0.8977 acc: 0.6582 time 2.76s
Epoch: 2/150 Iter: 99/107 loss: 0.8952 acc: 0.6583 time 3.28s
Epoch: 2/150 Iter: 100/107 loss: 0.9014 acc: 0.6518 time 2.82s
Epoch: 2/150 Iter: 101/107 loss: 0.9030 acc: 0.6487 time 2.74s
Epoch: 2/150 Iter: 102/107 loss: 0.9033 acc: 0.6472 time 2.83s
Epoch: 2/150 Iter: 103/107 loss: 0.9029 acc: 0.6474 time 2.75s
Epoch: 2/150 Iter: 104/107 loss: 0.9026 acc: 0.6498 time 3.25s
Epoch: 2/150 Iter: 105/107 loss: 0.9047 acc: 0.6484 time 2.80s
Epoch: 2/150 Iter: 106/107 loss: 0.9050 acc: 0.6505 time 2.84s
[Train epoch 2] avg_loss=0.9050 avg_acc=0.6505 | per-class [c0: 0.652, c1: 0.176, c2: 0.763]
Final training 2/149, loss: 0.9050, time 314.71s, lr: 0.000300
Accuracy: 0.678
class                  precision    recall   specificity      f1   support
--------------------------------------------------------------------------
0                          0.706     0.652         0.742   0.678       313
1                          0.207     0.176         0.962   0.190        34
2                          0.694     0.763         0.715   0.727       295
*----------------------------------------*
0 Wed Nov 12 10:10:12 2025 Epoch: 3
