Architecture:                            x86_64
CPU op-mode(s):                          32-bit, 64-bit
Byte Order:                              Little Endian
Address sizes:                           48 bits physical, 48 bits virtual
CPU(s):                                  64
On-line CPU(s) list:                     0-63
Thread(s) per core:                      2
Core(s) per socket:                      16
Socket(s):                               2
NUMA node(s):                            8
Vendor ID:                               AuthenticAMD
CPU family:                              25
Model:                                   1
Model name:                              AMD EPYC 7313 16-Core Processor
Stepping:                                1
Frequency boost:                         enabled
CPU MHz:                                 1769.296
CPU max MHz:                             3000.0000
CPU min MHz:                             1500.0000
BogoMIPS:                                5988.82
Virtualization:                          AMD-V
L1d cache:                               1 MiB
L1i cache:                               1 MiB
L2 cache:                                16 MiB
L3 cache:                                256 MiB
NUMA node0 CPU(s):                       0-3,32-35
NUMA node1 CPU(s):                       4-7,36-39
NUMA node2 CPU(s):                       8-11,40-43
NUMA node3 CPU(s):                       12-15,44-47
NUMA node4 CPU(s):                       16-19,48-51
NUMA node5 CPU(s):                       20-23,52-55
NUMA node6 CPU(s):                       24-27,56-59
NUMA node7 CPU(s):                       28-31,60-63
Vulnerability Gather data sampling:      Not affected
Vulnerability Indirect target selection: Not affected
Vulnerability Itlb multihit:             Not affected
Vulnerability L1tf:                      Not affected
Vulnerability Mds:                       Not affected
Vulnerability Meltdown:                  Not affected
Vulnerability Mmio stale data:           Not affected
Vulnerability Reg file data sampling:    Not affected
Vulnerability Retbleed:                  Not affected
Vulnerability Spec rstack overflow:      Mitigation; safe RET
Vulnerability Spec store bypass:         Mitigation; Speculative Store Bypass disabled via prctl and seccomp
Vulnerability Spectre v1:                Mitigation; usercopy/swapgs barriers and __user pointer sanitization
Vulnerability Spectre v2:                Mitigation; Retpolines, IBPB conditional, IBRS_FW, STIBP always-on, RSB filling, PBRSB-eIBRS Not affected
Vulnerability Srbds:                     Not affected
Vulnerability Tsa:                       Mitigation; Clear CPU buffers
Vulnerability Tsx async abort:           Not affected
Vulnerability Vmscape:                   Mitigation; IBPB before exit to userspace
Flags:                                   fpu vme de pse tsc msr pae mce cx8 apic sep mtrr pge mca cmov pat pse36 clflush mmx fxsr sse sse2 ht syscall nx mmxext fxsr_opt pdpe1gb rdtscp lm constant_tsc rep_good nopl nonstop_tsc cpuid extd_apicid aperfmperf pni pclmulqdq monitor ssse3 fma cx16 pcid sse4_1 sse4_2 movbe popcnt aes xsave avx f16c rdrand lahf_lm cmp_legacy svm extapic cr8_legacy abm sse4a misalignsse 3dnowprefetch osvw ibs skinit wdt tce topoext perfctr_core perfctr_nb bpext perfctr_llc mwaitx cpb cat_l3 cdp_l3 invpcid_single hw_pstate ssbd mba ibrs ibpb stibp vmmcall fsgsbase bmi1 avx2 smep bmi2 erms invpcid cqm rdt_a rdseed adx smap clflushopt clwb sha_ni xsaveopt xsavec xgetbv1 xsaves cqm_llc cqm_occup_llc cqm_mbm_total cqm_mbm_local clzero irperf xsaveerptr rdpru wbnoinvd amd_ppin arat npt lbrv svm_lock nrip_save tsc_scale vmcb_clean flushbyasid decodeassists pausefilter pfthreshold v_vmsave_vmload vgif umip pku ospke vaes vpclmulqdq rdpid overflow_recov succor smca fsrm ibpb_exit_to_user
Tue Dec 23 11:30:12 2025       
+---------------------------------------------------------------------------------------+
| NVIDIA-SMI 535.183.06             Driver Version: 535.183.06   CUDA Version: 12.2     |
|-----------------------------------------+----------------------+----------------------+
| GPU  Name                 Persistence-M | Bus-Id        Disp.A | Volatile Uncorr. ECC |
| Fan  Temp   Perf          Pwr:Usage/Cap |         Memory-Usage | GPU-Util  Compute M. |
|                                         |                      |               MIG M. |
|=========================================+======================+======================|
|   0  NVIDIA A40                     On  | 00000000:27:00.0 Off |                    0 |
|  0%   55C    P0              61W / 300W |      0MiB / 46068MiB |      0%      Default |
|                                         |                      |                  N/A |
+-----------------------------------------+----------------------+----------------------+
                                                                                         
+---------------------------------------------------------------------------------------+
| Processes:                                                                            |
|  GPU   GI   CI        PID   Type   Process name                            GPU Memory |
|        ID   ID                                                             Usage      |
|=======================================================================================|
|  No running processes found                                                           |
+---------------------------------------------------------------------------------------+
/home/mraffael/martone_project/Organoid-Image-Classification-Using-Deep-Learning
{'RandFlipd_prob': 0.2,
 'RandRotate90d_prob': 0.2,
 'RandScaleIntensityd_prob': 0.1,
 'RandShiftIntensityd_prob': 0.1,
 'amp': True,
 'augmentation': True,
 'batch_size': 6,
 'cache_dataset': False,
 'checkpoint_path': None,
 'data_dir': '/home/mraffael/martone_project/Organoids_Dataset_256/',
 'dataset_name': 'OrganoidsINRIA_reduced',
 'debug': False,
 'debug_train_samples': 40,
 'debug_val_samples': 10,
 'dist_backend': 'nccl',
 'dist_url': 'tcp://127.0.0.1:23456',
 'distributed': False,
 'dropout_path_rate': 0.0,
 'dropout_rate': 0.0,
 'early_stopping': True,
 'encoder10_pth': '',
 'exact_class': False,
 'feature_size': 48,
 'fold': 0,
 'folds': False,
 'gpu': 0,
 'ignore_label': 3,
 'in_channels': 1,
 'infer_overlap': 0.5,
 'k_folds': 5,
 'logdir': 'test',
 'logs_dir': 'logs/',
 'loss_name': 'CE',
 'lrschedule': 'warmup_cosine',
 'max_epochs': 300,
 'min_delta_loss': 0.001,
 'min_delta_val': 0.01,
 'model_name': 'swinvit',
 'momentum': 0.99,
 'noamp': False,
 'norm_name': 'instance',
 'oar_id': 2170511,
 'optim_lr': 0.006,
 'optim_name': 'adamw',
 'out_channels': 1,
 'output_dir': 'outputs/',
 'patch_merging': False,
 'patience_loss': 40,
 'patience_val': 40,
 'pretrained_dir': './pretrained_models/fold1_f48_ep300_4gpu_dice0_9059/',
 'pretrained_model_name': 'model_swinvit.pt',
 'rank': 0,
 'reg_weight': 5e-05,
 'restart_T0': 20,
 'resume_ckpt': False,
 'roi_x': 128,
 'roi_y': 128,
 'roi_z': 128,
 'save_checkpoint': True,
 'seed': 3,
 'similarity_loss': '',
 'similarity_loss_weight': 0.0,
 'spatial_dims': 3,
 'split_method': 'stratified',
 'start_epoch': 0,
 'sw_batch_size': 8,
 'telegram_log': True,
 'test_mode': False,
 'token': './token/tlg_token.txt',
 'use_checkpoint': False,
 'val_every': 2,
 'warmup_epochs': 5,
 'workers': 8,
 'world_size': 1}

Saved configuration to: outputs/OrganoidsINRIA_reduced/swinvit/2025-12-23-11-30/config.txt
Using GPU: 0

Model INFO:
Model architecture: swinvit
swinvit
Using pretrained weights
=> loading pretrained model './pretrained_models/fold1_f48_ep300_4gpu_dice0_9059/model_swinvit.pt'
Missing keys when loading pretrained: 33
Unexpected keys when loading pretrained: 8
Using SwinViT with Single Linear Classification Head
Total trainable parameters: 8,064,309

Optimizer INFO:
Using optimizer: adamw with lr=0.006, weight_decay=5e-05

Dataset INFO:
Dataset length: 721
Class distribution in entire dataset:
  Class 0: 351
  Class 1: 38
  Class 2: 332

Using split method: stratified

Train set balance:
Class distribution:
  Class 0: 281 samples
  Class 1: 30 samples
  Class 2: 266 samples

Val set balance:
Class distribution:
  Class 0: 70 samples
  Class 1: 8 samples
  Class 2: 66 samples
Training set length: 577
Validation set length: 144

Using standard shuffle for training
Training loader: 96 batches
Validation loader: 24 batches

Class distribution in training set:
  Class 0: 281 (48.7%)
  Class 1: 30 (5.2%)
  Class 2: 266 (46.1%)
Class distribution in validation set:
  Class 0: 70 (48.6%)
  Class 1: 8 (5.6%)
  Class 2: 66 (45.8%)
**************************************************
Class weights: [ 6.845  64.111  7.231]

Test Dataset INFO:
Test Dataset length: 82
Class distribution in test dataset:
  Class 0: 40
  Class 1: 5
  Class 2: 37
Test loader: 14 batches
**************************************************

Using loss function: CE
**************************************************
Starting training...
✗ Frozen: swinViT.patch_embed.proj.weight (384 params)
✗ Frozen: swinViT.patch_embed.proj.bias (48 params)
✗ Frozen: swinViT.layers1.0.blocks.0.norm1.weight (48 params)
✗ Frozen: swinViT.layers1.0.blocks.0.norm1.bias (48 params)
✗ Frozen: swinViT.layers1.0.blocks.0.attn.relative_position_bias_table (6591 params)
✗ Frozen: swinViT.layers1.0.blocks.0.attn.qkv.weight (6912 params)
✗ Frozen: swinViT.layers1.0.blocks.0.attn.qkv.bias (144 params)
✗ Frozen: swinViT.layers1.0.blocks.0.attn.proj.weight (2304 params)
✗ Frozen: swinViT.layers1.0.blocks.0.attn.proj.bias (48 params)
✗ Frozen: swinViT.layers1.0.blocks.0.norm2.weight (48 params)
✗ Frozen: swinViT.layers1.0.blocks.0.norm2.bias (48 params)
✗ Frozen: swinViT.layers1.0.blocks.0.mlp.linear1.weight (9216 params)
✗ Frozen: swinViT.layers1.0.blocks.0.mlp.linear1.bias (192 params)
✗ Frozen: swinViT.layers1.0.blocks.0.mlp.linear2.weight (9216 params)
✗ Frozen: swinViT.layers1.0.blocks.0.mlp.linear2.bias (48 params)
✗ Frozen: swinViT.layers1.0.blocks.1.norm1.weight (48 params)
✗ Frozen: swinViT.layers1.0.blocks.1.norm1.bias (48 params)
✗ Frozen: swinViT.layers1.0.blocks.1.attn.relative_position_bias_table (6591 params)
✗ Frozen: swinViT.layers1.0.blocks.1.attn.qkv.weight (6912 params)
✗ Frozen: swinViT.layers1.0.blocks.1.attn.qkv.bias (144 params)
✗ Frozen: swinViT.layers1.0.blocks.1.attn.proj.weight (2304 params)
✗ Frozen: swinViT.layers1.0.blocks.1.attn.proj.bias (48 params)
✗ Frozen: swinViT.layers1.0.blocks.1.norm2.weight (48 params)
✗ Frozen: swinViT.layers1.0.blocks.1.norm2.bias (48 params)
✗ Frozen: swinViT.layers1.0.blocks.1.mlp.linear1.weight (9216 params)
✗ Frozen: swinViT.layers1.0.blocks.1.mlp.linear1.bias (192 params)
✗ Frozen: swinViT.layers1.0.blocks.1.mlp.linear2.weight (9216 params)
✗ Frozen: swinViT.layers1.0.blocks.1.mlp.linear2.bias (48 params)
✗ Frozen: swinViT.layers1.0.downsample.reduction.weight (36864 params)
✗ Frozen: swinViT.layers1.0.downsample.norm.weight (384 params)
✗ Frozen: swinViT.layers1.0.downsample.norm.bias (384 params)
✗ Frozen: swinViT.layers2.0.blocks.0.norm1.weight (96 params)
✗ Frozen: swinViT.layers2.0.blocks.0.norm1.bias (96 params)
✗ Frozen: swinViT.layers2.0.blocks.0.attn.relative_position_bias_table (13182 params)
✗ Frozen: swinViT.layers2.0.blocks.0.attn.qkv.weight (27648 params)
✗ Frozen: swinViT.layers2.0.blocks.0.attn.qkv.bias (288 params)
✗ Frozen: swinViT.layers2.0.blocks.0.attn.proj.weight (9216 params)
✗ Frozen: swinViT.layers2.0.blocks.0.attn.proj.bias (96 params)
✗ Frozen: swinViT.layers2.0.blocks.0.norm2.weight (96 params)
✗ Frozen: swinViT.layers2.0.blocks.0.norm2.bias (96 params)
✗ Frozen: swinViT.layers2.0.blocks.0.mlp.linear1.weight (36864 params)
✗ Frozen: swinViT.layers2.0.blocks.0.mlp.linear1.bias (384 params)
✗ Frozen: swinViT.layers2.0.blocks.0.mlp.linear2.weight (36864 params)
✗ Frozen: swinViT.layers2.0.blocks.0.mlp.linear2.bias (96 params)
✗ Frozen: swinViT.layers2.0.blocks.1.norm1.weight (96 params)
✗ Frozen: swinViT.layers2.0.blocks.1.norm1.bias (96 params)
✗ Frozen: swinViT.layers2.0.blocks.1.attn.relative_position_bias_table (13182 params)
✗ Frozen: swinViT.layers2.0.blocks.1.attn.qkv.weight (27648 params)
✗ Frozen: swinViT.layers2.0.blocks.1.attn.qkv.bias (288 params)
✗ Frozen: swinViT.layers2.0.blocks.1.attn.proj.weight (9216 params)
✗ Frozen: swinViT.layers2.0.blocks.1.attn.proj.bias (96 params)
✗ Frozen: swinViT.layers2.0.blocks.1.norm2.weight (96 params)
✗ Frozen: swinViT.layers2.0.blocks.1.norm2.bias (96 params)
✗ Frozen: swinViT.layers2.0.blocks.1.mlp.linear1.weight (36864 params)
✗ Frozen: swinViT.layers2.0.blocks.1.mlp.linear1.bias (384 params)
✗ Frozen: swinViT.layers2.0.blocks.1.mlp.linear2.weight (36864 params)
✗ Frozen: swinViT.layers2.0.blocks.1.mlp.linear2.bias (96 params)
✗ Frozen: swinViT.layers2.0.downsample.reduction.weight (147456 params)
✗ Frozen: swinViT.layers2.0.downsample.norm.weight (768 params)
✗ Frozen: swinViT.layers2.0.downsample.norm.bias (768 params)
✗ Frozen: swinViT.layers3.0.blocks.0.norm1.weight (192 params)
✗ Frozen: swinViT.layers3.0.blocks.0.norm1.bias (192 params)
✗ Frozen: swinViT.layers3.0.blocks.0.attn.relative_position_bias_table (26364 params)
✗ Frozen: swinViT.layers3.0.blocks.0.attn.qkv.weight (110592 params)
✗ Frozen: swinViT.layers3.0.blocks.0.attn.qkv.bias (576 params)
✗ Frozen: swinViT.layers3.0.blocks.0.attn.proj.weight (36864 params)
✗ Frozen: swinViT.layers3.0.blocks.0.attn.proj.bias (192 params)
✗ Frozen: swinViT.layers3.0.blocks.0.norm2.weight (192 params)
✗ Frozen: swinViT.layers3.0.blocks.0.norm2.bias (192 params)
✗ Frozen: swinViT.layers3.0.blocks.0.mlp.linear1.weight (147456 params)
✗ Frozen: swinViT.layers3.0.blocks.0.mlp.linear1.bias (768 params)
✗ Frozen: swinViT.layers3.0.blocks.0.mlp.linear2.weight (147456 params)
✗ Frozen: swinViT.layers3.0.blocks.0.mlp.linear2.bias (192 params)
✗ Frozen: swinViT.layers3.0.blocks.1.norm1.weight (192 params)
✗ Frozen: swinViT.layers3.0.blocks.1.norm1.bias (192 params)
✗ Frozen: swinViT.layers3.0.blocks.1.attn.relative_position_bias_table (26364 params)
✗ Frozen: swinViT.layers3.0.blocks.1.attn.qkv.weight (110592 params)
✗ Frozen: swinViT.layers3.0.blocks.1.attn.qkv.bias (576 params)
✗ Frozen: swinViT.layers3.0.blocks.1.attn.proj.weight (36864 params)
✗ Frozen: swinViT.layers3.0.blocks.1.attn.proj.bias (192 params)
✗ Frozen: swinViT.layers3.0.blocks.1.norm2.weight (192 params)
✗ Frozen: swinViT.layers3.0.blocks.1.norm2.bias (192 params)
✗ Frozen: swinViT.layers3.0.blocks.1.mlp.linear1.weight (147456 params)
✗ Frozen: swinViT.layers3.0.blocks.1.mlp.linear1.bias (768 params)
✗ Frozen: swinViT.layers3.0.blocks.1.mlp.linear2.weight (147456 params)
✗ Frozen: swinViT.layers3.0.blocks.1.mlp.linear2.bias (192 params)
✗ Frozen: swinViT.layers3.0.downsample.reduction.weight (589824 params)
✗ Frozen: swinViT.layers3.0.downsample.norm.weight (1536 params)
✗ Frozen: swinViT.layers3.0.downsample.norm.bias (1536 params)
✓ Unfrozen: swinViT.layers4.0.blocks.0.norm1.weight (384 params)
✓ Unfrozen: swinViT.layers4.0.blocks.0.norm1.bias (384 params)
✓ Unfrozen: swinViT.layers4.0.blocks.0.attn.relative_position_bias_table (52728 params)
✓ Unfrozen: swinViT.layers4.0.blocks.0.attn.qkv.weight (442368 params)
✓ Unfrozen: swinViT.layers4.0.blocks.0.attn.qkv.bias (1152 params)
✓ Unfrozen: swinViT.layers4.0.blocks.0.attn.proj.weight (147456 params)
✓ Unfrozen: swinViT.layers4.0.blocks.0.attn.proj.bias (384 params)
✓ Unfrozen: swinViT.layers4.0.blocks.0.norm2.weight (384 params)
✓ Unfrozen: swinViT.layers4.0.blocks.0.norm2.bias (384 params)
✓ Unfrozen: swinViT.layers4.0.blocks.0.mlp.linear1.weight (589824 params)
✓ Unfrozen: swinViT.layers4.0.blocks.0.mlp.linear1.bias (1536 params)
✓ Unfrozen: swinViT.layers4.0.blocks.0.mlp.linear2.weight (589824 params)
✓ Unfrozen: swinViT.layers4.0.blocks.0.mlp.linear2.bias (384 params)
✓ Unfrozen: swinViT.layers4.0.blocks.1.norm1.weight (384 params)
✓ Unfrozen: swinViT.layers4.0.blocks.1.norm1.bias (384 params)
✓ Unfrozen: swinViT.layers4.0.blocks.1.attn.relative_position_bias_table (52728 params)
✓ Unfrozen: swinViT.layers4.0.blocks.1.attn.qkv.weight (442368 params)
✓ Unfrozen: swinViT.layers4.0.blocks.1.attn.qkv.bias (1152 params)
✓ Unfrozen: swinViT.layers4.0.blocks.1.attn.proj.weight (147456 params)
✓ Unfrozen: swinViT.layers4.0.blocks.1.attn.proj.bias (384 params)
✓ Unfrozen: swinViT.layers4.0.blocks.1.norm2.weight (384 params)
✓ Unfrozen: swinViT.layers4.0.blocks.1.norm2.bias (384 params)
✓ Unfrozen: swinViT.layers4.0.blocks.1.mlp.linear1.weight (589824 params)
✓ Unfrozen: swinViT.layers4.0.blocks.1.mlp.linear1.bias (1536 params)
✓ Unfrozen: swinViT.layers4.0.blocks.1.mlp.linear2.weight (589824 params)
✓ Unfrozen: swinViT.layers4.0.blocks.1.mlp.linear2.bias (384 params)
✓ Unfrozen: swinViT.layers4.0.downsample.reduction.weight (2359296 params)
✓ Unfrozen: swinViT.layers4.0.downsample.norm.weight (3072 params)
✓ Unfrozen: swinViT.layers4.0.downsample.norm.bias (3072 params)
✓ Unfrozen: fc.weight (2304 params)
✓ Unfrozen: fc.bias (3 params)
Total frozen: 2042178, trainable: 6022131
0 Tue Dec 23 11:30:42 2025 Epoch: 1
Epoch: 1/300 Iter: 1/96 loss: 0.9248 acc: 0.5000 time 23.65s
Epoch: 1/300 Iter: 2/96 loss: 0.9225 acc: 0.5000 time 3.43s
Epoch: 1/300 Iter: 3/96 loss: 1.0727 acc: 0.4444 time 2.74s
Epoch: 1/300 Iter: 4/96 loss: 1.0231 acc: 0.4583 time 2.74s
Epoch: 1/300 Iter: 5/96 loss: 1.0955 acc: 0.4333 time 2.91s
Epoch: 1/300 Iter: 6/96 loss: 1.0500 acc: 0.4444 time 3.48s
Epoch: 1/300 Iter: 7/96 loss: 1.0992 acc: 0.4286 time 2.81s
Epoch: 1/300 Iter: 8/96 loss: 1.1375 acc: 0.4167 time 2.92s
Epoch: 1/300 Iter: 9/96 loss: 1.1139 acc: 0.4259 time 2.76s
Epoch: 1/300 Iter: 10/96 loss: 1.1430 acc: 0.4167 time 3.45s
Epoch: 1/300 Iter: 11/96 loss: 1.1185 acc: 0.4242 time 3.44s
Epoch: 1/300 Iter: 12/96 loss: 1.1422 acc: 0.4167 time 3.45s
Epoch: 1/300 Iter: 13/96 loss: 1.1289 acc: 0.4231 time 2.79s
Epoch: 1/300 Iter: 14/96 loss: 1.1431 acc: 0.4167 time 2.75s
Epoch: 1/300 Iter: 15/96 loss: 1.1315 acc: 0.4222 time 2.81s
Epoch: 1/300 Iter: 16/96 loss: 1.1186 acc: 0.4271 time 3.44s
Epoch: 1/300 Iter: 17/96 loss: 1.1131 acc: 0.4314 time 3.46s
Epoch: 1/300 Iter: 18/96 loss: 1.1025 acc: 0.4352 time 3.48s
Epoch: 1/300 Iter: 19/96 loss: 1.1249 acc: 0.4123 time 3.00s
Epoch: 1/300 Iter: 20/96 loss: 1.1148 acc: 0.4167 time 2.82s
Epoch: 1/300 Iter: 21/96 loss: 1.1056 acc: 0.4206 time 3.44s
Epoch: 1/300 Iter: 22/96 loss: 1.0972 acc: 0.4242 time 2.79s
Epoch: 1/300 Iter: 23/96 loss: 1.0878 acc: 0.4275 time 2.82s
Epoch: 1/300 Iter: 24/96 loss: 1.0788 acc: 0.4306 time 2.82s
Epoch: 1/300 Iter: 25/96 loss: 1.0909 acc: 0.4267 time 2.81s
Epoch: 1/300 Iter: 26/96 loss: 1.0826 acc: 0.4295 time 2.91s
Epoch: 1/300 Iter: 27/96 loss: 1.0802 acc: 0.4321 time 3.47s
Epoch: 1/300 Iter: 28/96 loss: 1.0893 acc: 0.4286 time 3.45s
Epoch: 1/300 Iter: 29/96 loss: 1.0998 acc: 0.4253 time 2.79s
Epoch: 1/300 Iter: 30/96 loss: 1.0971 acc: 0.4278 time 2.79s
Epoch: 1/300 Iter: 31/96 loss: 1.0883 acc: 0.4301 time 3.48s
Epoch: 1/300 Iter: 32/96 loss: 1.0847 acc: 0.4323 time 2.97s
Epoch: 1/300 Iter: 33/96 loss: 1.0950 acc: 0.4293 time 2.81s
Epoch: 1/300 Iter: 34/96 loss: 1.0899 acc: 0.4314 time 3.47s
Epoch: 1/300 Iter: 35/96 loss: 1.0878 acc: 0.4333 time 2.83s
Epoch: 1/300 Iter: 36/96 loss: 1.0954 acc: 0.4306 time 2.80s
Epoch: 1/300 Iter: 37/96 loss: 1.0867 acc: 0.4459 time 3.44s
Epoch: 1/300 Iter: 38/96 loss: 1.0823 acc: 0.4474 time 2.80s
Epoch: 1/300 Iter: 39/96 loss: 1.0782 acc: 0.4487 time 3.53s
Epoch: 1/300 Iter: 40/96 loss: 1.0718 acc: 0.4500 time 3.52s
Epoch: 1/300 Iter: 41/96 loss: 1.0789 acc: 0.4472 time 2.75s
Epoch: 1/300 Iter: 42/96 loss: 1.0858 acc: 0.4444 time 2.77s
Epoch: 1/300 Iter: 43/96 loss: 1.0925 acc: 0.4419 time 3.55s
Epoch: 1/300 Iter: 44/96 loss: 1.0908 acc: 0.4432 time 3.45s
Epoch: 1/300 Iter: 45/96 loss: 1.0881 acc: 0.4444 time 3.44s
Epoch: 1/300 Iter: 46/96 loss: 1.0845 acc: 0.4457 time 2.78s
Epoch: 1/300 Iter: 47/96 loss: 1.0821 acc: 0.4468 time 2.84s
Epoch: 1/300 Iter: 48/96 loss: 1.0768 acc: 0.4479 time 2.76s
Epoch: 1/300 Iter: 49/96 loss: 1.0835 acc: 0.4456 time 2.76s
Epoch: 1/300 Iter: 50/96 loss: 1.0813 acc: 0.4467 time 3.51s
Epoch: 1/300 Iter: 51/96 loss: 1.0762 acc: 0.4477 time 3.46s
Epoch: 1/300 Iter: 52/96 loss: 1.0732 acc: 0.4487 time 2.77s
Epoch: 1/300 Iter: 53/96 loss: 1.0687 acc: 0.4497 time 2.79s
Epoch: 1/300 Iter: 54/96 loss: 1.0739 acc: 0.4475 time 3.45s
Epoch: 1/300 Iter: 55/96 loss: 1.0712 acc: 0.4485 time 3.43s
Epoch: 1/300 Iter: 56/96 loss: 1.0782 acc: 0.4464 time 2.76s
Epoch: 1/300 Iter: 57/96 loss: 1.0737 acc: 0.4474 time 2.79s
Epoch: 1/300 Iter: 58/96 loss: 1.0793 acc: 0.4454 time 3.54s
Epoch: 1/300 Iter: 59/96 loss: 1.0775 acc: 0.4463 time 2.82s
Epoch: 1/300 Iter: 60/96 loss: 1.0820 acc: 0.4444 time 2.84s
Epoch: 1/300 Iter: 61/96 loss: 1.0794 acc: 0.4454 time 2.91s
Epoch: 1/300 Iter: 62/96 loss: 1.0761 acc: 0.4462 time 2.87s
Epoch: 1/300 Iter: 63/96 loss: 1.0808 acc: 0.4444 time 2.84s
Epoch: 1/300 Iter: 64/96 loss: 1.0783 acc: 0.4453 time 2.77s
Epoch: 1/300 Iter: 65/96 loss: 1.0759 acc: 0.4462 time 2.80s
Epoch: 1/300 Iter: 66/96 loss: 1.0750 acc: 0.4470 time 2.77s
Epoch: 1/300 Iter: 67/96 loss: 1.0727 acc: 0.4478 time 2.80s
Epoch: 1/300 Iter: 68/96 loss: 1.0706 acc: 0.4485 time 2.80s
Epoch: 1/300 Iter: 69/96 loss: 1.0691 acc: 0.4493 time 3.46s
Epoch: 1/300 Iter: 70/96 loss: 1.0656 acc: 0.4500 time 2.78s
Epoch: 1/300 Iter: 71/96 loss: 1.0642 acc: 0.4507 time 3.44s
Epoch: 1/300 Iter: 72/96 loss: 1.0616 acc: 0.4514 time 3.47s
Epoch: 1/300 Iter: 73/96 loss: 1.0603 acc: 0.4521 time 3.53s
Epoch: 1/300 Iter: 74/96 loss: 1.0592 acc: 0.4527 time 3.51s
Epoch: 1/300 Iter: 75/96 loss: 1.0567 acc: 0.4533 time 2.78s
Epoch: 1/300 Iter: 76/96 loss: 1.0621 acc: 0.4518 time 2.77s
Epoch: 1/300 Iter: 77/96 loss: 1.0590 acc: 0.4524 time 2.92s
Epoch: 1/300 Iter: 78/96 loss: 1.0630 acc: 0.4509 time 3.48s
Epoch: 1/300 Iter: 79/96 loss: 1.0607 acc: 0.4515 time 2.78s
Epoch: 1/300 Iter: 80/96 loss: 1.0589 acc: 0.4521 time 3.50s
Epoch: 1/300 Iter: 81/96 loss: 1.0567 acc: 0.4527 time 3.46s
Epoch: 1/300 Iter: 82/96 loss: 1.0539 acc: 0.4533 time 2.83s
Epoch: 1/300 Iter: 83/96 loss: 1.0517 acc: 0.4538 time 2.97s
Epoch: 1/300 Iter: 84/96 loss: 1.0496 acc: 0.4544 time 2.78s
Epoch: 1/300 Iter: 85/96 loss: 1.0487 acc: 0.4549 time 2.80s
Epoch: 1/300 Iter: 86/96 loss: 1.0460 acc: 0.4554 time 3.44s
Epoch: 1/300 Iter: 87/96 loss: 1.0446 acc: 0.4559 time 3.45s
Epoch: 1/300 Iter: 88/96 loss: 1.0485 acc: 0.4545 time 2.80s
Epoch: 1/300 Iter: 89/96 loss: 1.0482 acc: 0.4551 time 2.87s
Epoch: 1/300 Iter: 90/96 loss: 1.0462 acc: 0.4556 time 2.81s
Epoch: 1/300 Iter: 91/96 loss: 1.0438 acc: 0.4560 time 2.79s
Epoch: 1/300 Iter: 92/96 loss: 1.0419 acc: 0.4565 time 3.44s
Epoch: 1/300 Iter: 93/96 loss: 1.0402 acc: 0.4570 time 3.50s
Epoch: 1/300 Iter: 94/96 loss: 1.0448 acc: 0.4557 time 3.49s
Epoch: 1/300 Iter: 95/96 loss: 1.0441 acc: 0.4561 time 2.80s
Epoch: 1/300 Iter: 96/96 loss: 1.0429 acc: 0.4566 time 3.47s
[Train epoch 1] avg_loss=1.0429 avg_acc=0.4566 | per-class [c0: 1.000, c1: 0.000, c2: 0.000]
Final training 1/300, loss: 1.0429, time 316.07s, lr: 0.000000
Accuracy: 0.488
class                  precision    recall   specificity      f1   support
--------------------------------------------------------------------------
0                          0.488     1.000         0.000   0.656       281
1                          0.000     0.000         1.000   0.000        30
2                          0.000     0.000         1.000   0.000       265
*----------------------------------------*
0 Tue Dec 23 11:35:58 2025 Epoch: 2
Epoch: 2/300 Iter: 1/96 loss: 0.8291 acc: 0.5000 time 3.95s
Epoch: 2/300 Iter: 2/96 loss: 0.8500 acc: 0.5000 time 3.47s
Epoch: 2/300 Iter: 3/96 loss: 3.8191 acc: 0.4444 time 2.84s
Epoch: 2/300 Iter: 4/96 loss: 3.1074 acc: 0.4583 time 2.98s
Epoch: 2/300 Iter: 5/96 loss: 2.6566 acc: 0.4667 time 3.50s
Epoch: 2/300 Iter: 6/96 loss: 2.4623 acc: 0.4722 time 2.94s
Epoch: 2/300 Iter: 7/96 loss: 2.1989 acc: 0.4762 time 3.01s
Epoch: 2/300 Iter: 8/96 loss: 2.0149 acc: 0.4792 time 3.50s
Epoch: 2/300 Iter: 9/96 loss: 1.8889 acc: 0.4815 time 3.52s
Epoch: 2/300 Iter: 10/96 loss: 1.7716 acc: 0.4833 time 3.49s
Epoch: 2/300 Iter: 11/96 loss: 1.9104 acc: 0.4697 time 2.90s
Epoch: 2/300 Iter: 12/96 loss: 1.8496 acc: 0.4583 time 3.00s
Epoch: 2/300 Iter: 13/96 loss: 2.0187 acc: 0.4231 time 2.82s
Epoch: 2/300 Iter: 14/96 loss: 2.1242 acc: 0.3929 time 3.44s
Epoch: 2/300 Iter: 15/96 loss: 2.0861 acc: 0.3667 time 3.51s
Epoch: 2/300 Iter: 16/96 loss: 2.0103 acc: 0.3750 time 3.01s
Epoch: 2/300 Iter: 17/96 loss: 1.9305 acc: 0.3824 time 2.96s
Epoch: 2/300 Iter: 18/96 loss: 1.8696 acc: 0.3889 time 2.96s
Epoch: 2/300 Iter: 19/96 loss: 1.9961 acc: 0.3860 time 3.48s
Epoch: 2/300 Iter: 20/96 loss: 1.9352 acc: 0.3917 time 2.97s
Epoch: 2/300 Iter: 21/96 loss: 2.1053 acc: 0.3730 time 2.88s
Epoch: 2/300 Iter: 22/96 loss: 2.0426 acc: 0.3788 time 3.51s
Epoch: 2/300 Iter: 23/96 loss: 2.1150 acc: 0.3768 time 2.96s
Epoch: 2/300 Iter: 24/96 loss: 2.0588 acc: 0.3819 time 2.86s
Epoch: 2/300 Iter: 25/96 loss: 2.0839 acc: 0.3800 time 2.97s
Epoch: 2/300 Iter: 26/96 loss: 2.0335 acc: 0.3846 time 2.88s
Epoch: 2/300 Iter: 27/96 loss: 1.9911 acc: 0.3889 time 3.00s
Epoch: 2/300 Iter: 28/96 loss: 1.9545 acc: 0.3929 time 3.49s
Epoch: 2/300 Iter: 29/96 loss: 1.9217 acc: 0.3908 time 3.51s
Epoch: 2/300 Iter: 30/96 loss: 1.9084 acc: 0.3778 time 2.87s
Epoch: 2/300 Iter: 31/96 loss: 1.8992 acc: 0.3656 time 3.52s
Epoch: 2/300 Iter: 32/96 loss: 1.8631 acc: 0.3698 time 2.84s
Epoch: 2/300 Iter: 33/96 loss: 1.8446 acc: 0.3586 time 2.91s
Epoch: 2/300 Iter: 34/96 loss: 1.8171 acc: 0.3578 time 3.47s
Epoch: 2/300 Iter: 35/96 loss: 1.8041 acc: 0.3476 time 2.81s
Epoch: 2/300 Iter: 36/96 loss: 1.7838 acc: 0.3519 time 3.52s
Epoch: 2/300 Iter: 37/96 loss: 1.7679 acc: 0.3559 time 3.43s
Epoch: 2/300 Iter: 38/96 loss: 1.7432 acc: 0.3596 time 3.00s
Epoch: 2/300 Iter: 39/96 loss: 1.7184 acc: 0.3632 time 3.50s
Epoch: 2/300 Iter: 40/96 loss: 1.6945 acc: 0.3667 time 3.45s
Epoch: 2/300 Iter: 41/96 loss: 1.7127 acc: 0.3659 time 2.86s
Epoch: 2/300 Iter: 42/96 loss: 1.6927 acc: 0.3690 time 2.86s
Epoch: 2/300 Iter: 43/96 loss: 1.7155 acc: 0.3682 time 2.95s
Epoch: 2/300 Iter: 44/96 loss: 1.6888 acc: 0.3826 time 3.46s
Epoch: 2/300 Iter: 45/96 loss: 1.6746 acc: 0.3741 time 2.83s
Epoch: 2/300 Iter: 46/96 loss: 1.6543 acc: 0.3795 time 2.93s
Epoch: 2/300 Iter: 47/96 loss: 1.6360 acc: 0.3821 time 2.86s
Epoch: 2/300 Iter: 48/96 loss: 1.6519 acc: 0.3811 time 2.96s
Epoch: 2/300 Iter: 49/96 loss: 1.6343 acc: 0.3835 time 2.88s
Epoch: 2/300 Iter: 50/96 loss: 1.6190 acc: 0.3858 time 2.78s
Epoch: 2/300 Iter: 51/96 loss: 1.6026 acc: 0.3881 time 2.87s
Epoch: 2/300 Iter: 52/96 loss: 1.5869 acc: 0.3902 time 3.46s
Epoch: 2/300 Iter: 53/96 loss: 1.5697 acc: 0.3923 time 2.94s
Epoch: 2/300 Iter: 54/96 loss: 1.5541 acc: 0.3943 time 2.86s
Epoch: 2/300 Iter: 55/96 loss: 1.5616 acc: 0.3932 time 3.54s
Epoch: 2/300 Iter: 56/96 loss: 1.5514 acc: 0.3951 time 2.88s
Epoch: 2/300 Iter: 57/96 loss: 1.5537 acc: 0.3940 time 3.45s
Epoch: 2/300 Iter: 58/96 loss: 1.5434 acc: 0.3958 time 3.53s
Epoch: 2/300 Iter: 59/96 loss: 1.5362 acc: 0.3976 time 3.53s
Epoch: 2/300 Iter: 60/96 loss: 1.5277 acc: 0.3993 time 2.93s
Epoch: 2/300 Iter: 61/96 loss: 1.5232 acc: 0.3982 time 3.49s
Epoch: 2/300 Iter: 62/96 loss: 1.5187 acc: 0.3999 time 3.45s
Epoch: 2/300 Iter: 63/96 loss: 1.5154 acc: 0.4015 time 3.43s
Epoch: 2/300 Iter: 64/96 loss: 1.5091 acc: 0.4030 time 2.84s
Epoch: 2/300 Iter: 65/96 loss: 1.5020 acc: 0.4045 time 2.94s
Epoch: 2/300 Iter: 66/96 loss: 1.4948 acc: 0.4059 time 2.95s
Epoch: 2/300 Iter: 67/96 loss: 1.4856 acc: 0.3999 time 2.87s
Epoch: 2/300 Iter: 68/96 loss: 1.4766 acc: 0.4013 time 2.85s
Epoch: 2/300 Iter: 69/96 loss: 1.4817 acc: 0.4004 time 3.49s
Epoch: 2/300 Iter: 70/96 loss: 1.4713 acc: 0.4018 time 3.50s
Epoch: 2/300 Iter: 71/96 loss: 1.4614 acc: 0.4032 time 3.50s
Epoch: 2/300 Iter: 72/96 loss: 1.4560 acc: 0.4045 time 3.53s
Epoch: 2/300 Iter: 73/96 loss: 1.4556 acc: 0.4058 time 2.84s
Epoch: 2/300 Iter: 74/96 loss: 1.4626 acc: 0.4071 time 3.50s
Epoch: 2/300 Iter: 75/96 loss: 1.4494 acc: 0.4083 time 2.81s
Epoch: 2/300 Iter: 76/96 loss: 1.4448 acc: 0.4095 time 2.88s
Epoch: 2/300 Iter: 77/96 loss: 1.4358 acc: 0.4107 time 2.83s
Epoch: 2/300 Iter: 78/96 loss: 1.4491 acc: 0.4097 time 3.45s
Epoch: 2/300 Iter: 79/96 loss: 1.4417 acc: 0.4109 time 2.88s
Epoch: 2/300 Iter: 80/96 loss: 1.4553 acc: 0.4099 time 2.82s
Epoch: 2/300 Iter: 81/96 loss: 1.4514 acc: 0.4110 time 2.83s
Epoch: 2/300 Iter: 82/96 loss: 1.4461 acc: 0.4121 time 3.43s
Epoch: 2/300 Iter: 83/96 loss: 1.4381 acc: 0.4132 time 3.47s
Epoch: 2/300 Iter: 84/96 loss: 1.4304 acc: 0.4142 time 3.50s
Epoch: 2/300 Iter: 85/96 loss: 1.4368 acc: 0.4093 time 2.86s
Epoch: 2/300 Iter: 86/96 loss: 1.4305 acc: 0.4104 time 2.86s
Epoch: 2/300 Iter: 87/96 loss: 1.4330 acc: 0.4095 time 2.78s
Epoch: 2/300 Iter: 88/96 loss: 1.4350 acc: 0.4086 time 2.80s
Epoch: 2/300 Iter: 89/96 loss: 1.4320 acc: 0.4078 time 2.78s
Epoch: 2/300 Iter: 90/96 loss: 1.4280 acc: 0.4069 time 2.81s
Epoch: 2/300 Iter: 91/96 loss: 1.4287 acc: 0.4025 time 3.41s
Epoch: 2/300 Iter: 92/96 loss: 1.4316 acc: 0.3981 time 2.80s
Epoch: 2/300 Iter: 93/96 loss: 1.4260 acc: 0.3974 time 2.87s
Epoch: 2/300 Iter: 94/96 loss: 1.4307 acc: 0.3932 time 2.86s
Epoch: 2/300 Iter: 95/96 loss: 1.4347 acc: 0.3890 time 2.83s
Epoch: 2/300 Iter: 96/96 loss: 1.4291 acc: 0.3885 time 3.49s
[Train epoch 2] avg_loss=1.4291 avg_acc=0.3885 | per-class [c0: 0.359, c1: 0.200, c2: 0.400]
Final training 2/300, loss: 1.4291, time 300.26s, lr: 0.001500
Accuracy: 0.370
class                  precision    recall   specificity      f1   support
--------------------------------------------------------------------------
0                          0.430     0.359         0.546   0.391       281
1                          0.062     0.200         0.835   0.095        30
2                          0.433     0.400         0.553   0.416       265
*----------------------------------------*
Val 2/300 1/24, Acc: 0.3333, Loss: 0.9461, time 3.77s
Val 2/300 2/24, Acc: 0.1667, Loss: 1.1927, time 3.89s
Val 2/300 3/24, Acc: 0.2222, Loss: 1.1104, time 3.83s
Val 2/300 4/24, Acc: 0.1667, Loss: 1.2054, time 3.72s
Val 2/300 5/24, Acc: 0.1333, Loss: 1.2418, time 4.21s
Val 2/300 6/24, Acc: 0.1111, Loss: 1.2833, time 3.93s
Val 2/300 7/24, Acc: 0.0952, Loss: 1.3129, time 3.80s
Val 2/300 8/24, Acc: 0.0833, Loss: 1.3351, time 3.77s
Val 2/300 9/24, Acc: 0.1296, Loss: 1.2971, time 3.83s
Val 2/300 10/24, Acc: 0.1167, Loss: 1.3009, time 4.37s
Val 2/300 11/24, Acc: 0.1364, Loss: 1.2537, time 3.67s
Val 2/300 12/24, Acc: 0.1250, Loss: 1.2560, time 3.94s
Val 2/300 13/24, Acc: 0.1154, Loss: 1.2740, time 4.10s
Val 2/300 14/24, Acc: 0.1071, Loss: 1.2821, time 3.78s
Val 2/300 15/24, Acc: 0.1222, Loss: 1.2613, time 3.71s
Val 2/300 16/24, Acc: 0.1146, Loss: 1.2659, time 3.66s
Val 2/300 17/24, Acc: 0.1078, Loss: 1.2791, time 4.46s
Val 2/300 18/24, Acc: 0.1019, Loss: 1.2851, time 3.78s
Val 2/300 19/24, Acc: 0.0965, Loss: 1.2878, time 3.80s
Val 2/300 20/24, Acc: 0.0917, Loss: 1.2954, time 4.01s
Val 2/300 21/24, Acc: 0.0873, Loss: 1.3047, time 3.91s
Val 2/300 22/24, Acc: 0.0833, Loss: 1.3109, time 4.49s
Val 2/300 23/24, Acc: 0.0942, Loss: 1.2939, time 3.51s
Val 2/300 24/24, Acc: 0.1042, Loss: 1.2785, time 3.56s
[Val epoch 2] avg_acc=0.1042 | avg_loss=1.2785 | per-class [c0: 0.000, c1: 1.000, c2: 0.000]
Final validation 2/300, Val_acc: 0.1042, time 93.50sAccuracy: 0.056
class                  precision    recall   specificity      f1   support
--------------------------------------------------------------------------
0                          0.000     0.000         1.000   0.000        70
1                          0.056     1.000         0.000   0.105         8
2                          0.000     0.000         1.000   0.000        66
*========================================*
New best (0.000000 --> 0.104167)
Saving checkpoint outputs/OrganoidsINRIA_reduced/swinvit/2025-12-23-11-30/training/model_final.pt
Copying best model to best_model.pt
[EarlyStopping] init best=0.104167
[EarlyStopping] init best=1.278451
0 Tue Dec 23 11:42:36 2025 Epoch: 3
Epoch: 3/300 Iter: 1/96 loss: 0.7412 acc: 0.3333 time 3.92s
Epoch: 3/300 Iter: 2/96 loss: 0.9901 acc: 0.1667 time 3.52s
Epoch: 3/300 Iter: 3/96 loss: 1.0079 acc: 0.2778 time 2.96s
Epoch: 3/300 Iter: 4/96 loss: 1.1036 acc: 0.2917 time 3.52s
Epoch: 3/300 Iter: 5/96 loss: 1.1394 acc: 0.3333 time 3.52s
Epoch: 3/300 Iter: 6/96 loss: 1.1363 acc: 0.3611 time 3.49s
Epoch: 3/300 Iter: 7/96 loss: 1.2206 acc: 0.3571 time 2.84s
Epoch: 3/300 Iter: 8/96 loss: 1.2913 acc: 0.3125 time 2.82s
Epoch: 3/300 Iter: 9/96 loss: 1.3315 acc: 0.3148 time 2.96s
Epoch: 3/300 Iter: 10/96 loss: 1.2629 acc: 0.3833 time 3.00s
Epoch: 3/300 Iter: 11/96 loss: 1.2448 acc: 0.3939 time 3.49s
Epoch: 3/300 Iter: 12/96 loss: 1.2376 acc: 0.4028 time 2.83s
Epoch: 3/300 Iter: 13/96 loss: 1.2336 acc: 0.4103 time 3.46s
Epoch: 3/300 Iter: 14/96 loss: 1.2429 acc: 0.4167 time 3.54s
Epoch: 3/300 Iter: 15/96 loss: 1.2195 acc: 0.4222 time 2.83s
Epoch: 3/300 Iter: 16/96 loss: 1.2367 acc: 0.4167 time 2.95s
Epoch: 3/300 Iter: 17/96 loss: 1.2419 acc: 0.4118 time 3.53s
Epoch: 3/300 Iter: 18/96 loss: 1.2285 acc: 0.4167 time 2.84s
Epoch: 3/300 Iter: 19/96 loss: 1.2152 acc: 0.4211 time 2.96s
Epoch: 3/300 Iter: 20/96 loss: 1.2057 acc: 0.4250 time 2.80s
Epoch: 3/300 Iter: 21/96 loss: 1.2051 acc: 0.4286 time 2.97s
Epoch: 3/300 Iter: 22/96 loss: 1.1931 acc: 0.4318 time 2.98s
Epoch: 3/300 Iter: 23/96 loss: 1.1782 acc: 0.4348 time 3.50s
Epoch: 3/300 Iter: 24/96 loss: 1.1634 acc: 0.4375 time 3.53s
Epoch: 3/300 Iter: 25/96 loss: 1.1896 acc: 0.4333 time 2.79s
Epoch: 3/300 Iter: 26/96 loss: 1.1742 acc: 0.4359 time 2.82s
Epoch: 3/300 Iter: 27/96 loss: 1.1589 acc: 0.4383 time 3.44s
Epoch: 3/300 Iter: 28/96 loss: 1.1432 acc: 0.4405 time 2.88s
Epoch: 3/300 Iter: 29/96 loss: 1.1353 acc: 0.4425 time 2.92s
Epoch: 3/300 Iter: 30/96 loss: 1.1210 acc: 0.4444 time 2.95s
Epoch: 3/300 Iter: 31/96 loss: 1.1707 acc: 0.4409 time 3.51s
Epoch: 3/300 Iter: 32/96 loss: 1.1603 acc: 0.4427 time 3.48s
Epoch: 3/300 Iter: 33/96 loss: 1.1475 acc: 0.4444 time 2.80s
Epoch: 3/300 Iter: 34/96 loss: 1.1345 acc: 0.4461 time 2.88s
Epoch: 3/300 Iter: 35/96 loss: 1.1220 acc: 0.4476 time 3.51s
Epoch: 3/300 Iter: 36/96 loss: 1.1347 acc: 0.4352 time 3.49s
Epoch: 3/300 Iter: 37/96 loss: 1.1281 acc: 0.4369 time 2.84s
Epoch: 3/300 Iter: 38/96 loss: 1.1202 acc: 0.4386 time 2.84s
Epoch: 3/300 Iter: 39/96 loss: 1.1114 acc: 0.4402 time 2.97s
Epoch: 3/300 Iter: 40/96 loss: 1.1341 acc: 0.4375 time 3.51s
Epoch: 3/300 Iter: 41/96 loss: 1.1612 acc: 0.4350 time 2.87s
Epoch: 3/300 Iter: 42/96 loss: 1.1761 acc: 0.4325 time 3.48s
Epoch: 3/300 Iter: 43/96 loss: 1.1834 acc: 0.4302 time 3.52s
Epoch: 3/300 Iter: 44/96 loss: 1.1830 acc: 0.4280 time 2.85s
Epoch: 3/300 Iter: 45/96 loss: 1.1843 acc: 0.4185 time 2.88s
Epoch: 3/300 Iter: 46/96 loss: 1.1947 acc: 0.4094 time 2.85s
Epoch: 3/300 Iter: 47/96 loss: 1.1875 acc: 0.4078 time 3.50s
Epoch: 3/300 Iter: 48/96 loss: 1.1819 acc: 0.4063 time 2.93s
Epoch: 3/300 Iter: 49/96 loss: 1.1954 acc: 0.3980 time 2.86s
Epoch: 3/300 Iter: 50/96 loss: 1.2091 acc: 0.3900 time 2.87s
Epoch: 3/300 Iter: 51/96 loss: 1.2189 acc: 0.3824 time 2.84s
Epoch: 3/300 Iter: 52/96 loss: 1.2225 acc: 0.3750 time 3.45s
Epoch: 3/300 Iter: 53/96 loss: 1.2224 acc: 0.3679 time 3.49s
Epoch: 3/300 Iter: 54/96 loss: 1.2177 acc: 0.3704 time 2.97s
Epoch: 3/300 Iter: 55/96 loss: 1.2154 acc: 0.3636 time 2.95s
Epoch: 3/300 Iter: 56/96 loss: 1.2080 acc: 0.3661 time 3.49s
Epoch: 3/300 Iter: 57/96 loss: 1.2008 acc: 0.3684 time 2.88s
Epoch: 3/300 Iter: 58/96 loss: 1.1954 acc: 0.3707 time 3.53s
Epoch: 3/300 Iter: 59/96 loss: 1.1874 acc: 0.3729 time 3.51s
Epoch: 3/300 Iter: 60/96 loss: 1.1797 acc: 0.3750 time 3.51s
Epoch: 3/300 Iter: 61/96 loss: 1.2111 acc: 0.3770 time 2.80s
Epoch: 3/300 Iter: 62/96 loss: 1.2005 acc: 0.3790 time 2.86s
Epoch: 3/300 Iter: 63/96 loss: 1.1920 acc: 0.3810 time 2.91s
Epoch: 3/300 Iter: 64/96 loss: 1.1870 acc: 0.3828 time 2.87s
Epoch: 3/300 Iter: 65/96 loss: 1.1823 acc: 0.3846 time 3.53s
Epoch: 3/300 Iter: 66/96 loss: 1.1770 acc: 0.3864 time 3.49s
Epoch: 3/300 Iter: 67/96 loss: 1.1727 acc: 0.3881 time 2.86s
Epoch: 3/300 Iter: 68/96 loss: 1.1664 acc: 0.3897 time 2.84s
Epoch: 3/300 Iter: 69/96 loss: 1.1978 acc: 0.3889 time 3.54s
Epoch: 3/300 Iter: 70/96 loss: 1.1917 acc: 0.3905 time 2.88s
Epoch: 3/300 Iter: 71/96 loss: 1.1840 acc: 0.3920 time 3.49s
Epoch: 3/300 Iter: 72/96 loss: 1.1796 acc: 0.3935 time 3.44s
Epoch: 3/300 Iter: 73/96 loss: 1.2029 acc: 0.3927 time 2.86s
Epoch: 3/300 Iter: 74/96 loss: 1.1956 acc: 0.3941 time 2.86s
Epoch: 3/300 Iter: 75/96 loss: 1.1923 acc: 0.3956 time 2.85s
Epoch: 3/300 Iter: 76/96 loss: 1.1868 acc: 0.3969 time 3.50s
Epoch: 3/300 Iter: 77/96 loss: 1.1811 acc: 0.3983 time 2.96s
Epoch: 3/300 Iter: 78/96 loss: 1.1759 acc: 0.3996 time 3.50s
Epoch: 3/300 Iter: 79/96 loss: 1.1711 acc: 0.4008 time 2.95s
Epoch: 3/300 Iter: 80/96 loss: 1.1808 acc: 0.4000 time 2.86s
Epoch: 3/300 Iter: 81/96 loss: 1.1884 acc: 0.3992 time 3.52s
Epoch: 3/300 Iter: 82/96 loss: 1.1863 acc: 0.4004 time 2.80s
Epoch: 3/300 Iter: 83/96 loss: 1.1824 acc: 0.4076 time 2.77s
Epoch: 3/300 Iter: 84/96 loss: 1.1813 acc: 0.4087 time 2.81s
Epoch: 3/300 Iter: 85/96 loss: 1.1805 acc: 0.4078 time 3.42s
Epoch: 3/300 Iter: 86/96 loss: 1.1793 acc: 0.4070 time 3.42s
Epoch: 3/300 Iter: 87/96 loss: 1.1799 acc: 0.4023 time 3.41s
Epoch: 3/300 Iter: 88/96 loss: 1.1807 acc: 0.3977 time 2.77s
Epoch: 3/300 Iter: 89/96 loss: 1.1799 acc: 0.3989 time 3.40s
Epoch: 3/300 Iter: 90/96 loss: 1.1809 acc: 0.3981 time 2.77s
Epoch: 3/300 Iter: 91/96 loss: 1.1819 acc: 0.3993 time 3.42s
Epoch: 3/300 Iter: 92/96 loss: 1.1793 acc: 0.4004 time 2.77s
Epoch: 3/300 Iter: 93/96 loss: 1.1763 acc: 0.4014 time 3.42s
Epoch: 3/300 Iter: 94/96 loss: 1.1725 acc: 0.4025 time 2.82s
Epoch: 3/300 Iter: 95/96 loss: 1.1794 acc: 0.4018 time 3.43s
Epoch: 3/300 Iter: 96/96 loss: 1.1747 acc: 0.4028 time 2.81s
[Train epoch 3] avg_loss=1.1747 avg_acc=0.4028 | per-class [c0: 0.488, c1: 0.167, c2: 0.377]
Final training 3/300, loss: 1.1747, time 301.29s, lr: 0.003000
Accuracy: 0.420
class                  precision    recall   specificity      f1   support
--------------------------------------------------------------------------
0                          0.476     0.488         0.488   0.482       281
1                          0.064     0.167         0.866   0.093        30
2                          0.476     0.377         0.646   0.421       265
*----------------------------------------*
0 Tue Dec 23 11:47:37 2025 Epoch: 4
Epoch: 4/300 Iter: 1/96 loss: 1.9997 acc: 0.3333 time 3.77s
Epoch: 4/300 Iter: 2/96 loss: 2.0138 acc: 0.3333 time 2.95s
Epoch: 4/300 Iter: 3/96 loss: 1.5421 acc: 0.3889 time 2.96s
Epoch: 4/300 Iter: 4/96 loss: 1.4366 acc: 0.4167 time 2.96s
Epoch: 4/300 Iter: 5/96 loss: 1.3398 acc: 0.4333 time 2.82s
Epoch: 4/300 Iter: 6/96 loss: 1.2535 acc: 0.4444 time 2.90s
Epoch: 4/300 Iter: 7/96 loss: 1.2818 acc: 0.4286 time 2.84s
Epoch: 4/300 Iter: 8/96 loss: 1.2862 acc: 0.4167 time 3.49s
Epoch: 4/300 Iter: 9/96 loss: 1.2589 acc: 0.4259 time 3.53s
Epoch: 4/300 Iter: 10/96 loss: 1.2379 acc: 0.4333 time 3.53s
Epoch: 4/300 Iter: 11/96 loss: 1.2248 acc: 0.4394 time 2.86s
Epoch: 4/300 Iter: 12/96 loss: 1.2049 acc: 0.4444 time 2.87s
Epoch: 4/300 Iter: 13/96 loss: 1.2126 acc: 0.4359 time 2.96s
Epoch: 4/300 Iter: 14/96 loss: 1.2265 acc: 0.4286 time 3.51s
Epoch: 4/300 Iter: 15/96 loss: 1.2343 acc: 0.4333 time 3.49s
Epoch: 4/300 Iter: 16/96 loss: 1.2208 acc: 0.4375 time 3.49s
Epoch: 4/300 Iter: 17/96 loss: 1.2161 acc: 0.4314 time 2.94s
Epoch: 4/300 Iter: 18/96 loss: 1.2116 acc: 0.4352 time 3.47s
Epoch: 4/300 Iter: 19/96 loss: 1.2060 acc: 0.4386 time 2.86s
Epoch: 4/300 Iter: 20/96 loss: 1.2016 acc: 0.4167 time 2.95s
Epoch: 4/300 Iter: 21/96 loss: 1.1938 acc: 0.4206 time 2.93s
Epoch: 4/300 Iter: 22/96 loss: 1.1907 acc: 0.4242 time 3.50s
Epoch: 4/300 Iter: 23/96 loss: 1.1820 acc: 0.4275 time 2.84s
Epoch: 4/300 Iter: 24/96 loss: 1.1711 acc: 0.4306 time 3.00s
Epoch: 4/300 Iter: 25/96 loss: 1.1973 acc: 0.4267 time 2.85s
Epoch: 4/300 Iter: 26/96 loss: 1.1813 acc: 0.4295 time 3.55s
Epoch: 4/300 Iter: 27/96 loss: 1.1670 acc: 0.4321 time 3.50s
Epoch: 4/300 Iter: 28/96 loss: 1.1541 acc: 0.4345 time 2.84s
Epoch: 4/300 Iter: 29/96 loss: 1.1866 acc: 0.4310 time 3.52s
Epoch: 4/300 Iter: 30/96 loss: 1.1725 acc: 0.4333 time 2.97s
Epoch: 4/300 Iter: 31/96 loss: 1.1592 acc: 0.4355 time 2.86s
Epoch: 4/300 Iter: 32/96 loss: 1.1864 acc: 0.4219 time 3.00s
Epoch: 4/300 Iter: 33/96 loss: 1.1732 acc: 0.4242 time 2.95s
Epoch: 4/300 Iter: 34/96 loss: 1.1619 acc: 0.4265 time 3.47s
Epoch: 4/300 Iter: 35/96 loss: 1.1895 acc: 0.4238 time 3.49s
Epoch: 4/300 Iter: 36/96 loss: 1.1799 acc: 0.4259 time 2.81s
Epoch: 4/300 Iter: 37/96 loss: 1.1902 acc: 0.4234 time 3.52s
Epoch: 4/300 Iter: 38/96 loss: 1.1808 acc: 0.4254 time 2.83s
Epoch: 4/300 Iter: 39/96 loss: 1.1805 acc: 0.4274 time 2.82s
Epoch: 4/300 Iter: 40/96 loss: 1.1743 acc: 0.4292 time 3.47s
Epoch: 4/300 Iter: 41/96 loss: 1.1730 acc: 0.4309 time 3.53s
Epoch: 4/300 Iter: 42/96 loss: 1.1687 acc: 0.4325 time 3.52s
Epoch: 4/300 Iter: 43/96 loss: 1.1704 acc: 0.4302 time 2.99s
Epoch: 4/300 Iter: 44/96 loss: 1.1650 acc: 0.4318 time 2.84s
Epoch: 4/300 Iter: 45/96 loss: 1.1584 acc: 0.4333 time 2.95s
Epoch: 4/300 Iter: 46/96 loss: 1.1607 acc: 0.4312 time 3.54s
Epoch: 4/300 Iter: 47/96 loss: 1.1643 acc: 0.4291 time 2.93s
Epoch: 4/300 Iter: 48/96 loss: 1.1515 acc: 0.4410 time 2.83s
Epoch: 4/300 Iter: 49/96 loss: 1.1573 acc: 0.4422 time 2.95s
Epoch: 4/300 Iter: 50/96 loss: 1.1585 acc: 0.4433 time 2.96s
Epoch: 4/300 Iter: 51/96 loss: 1.1544 acc: 0.4444 time 2.98s
Epoch: 4/300 Iter: 52/96 loss: 1.1454 acc: 0.4455 time 3.00s
Epoch: 4/300 Iter: 53/96 loss: 1.1484 acc: 0.4465 time 2.93s
Epoch: 4/300 Iter: 54/96 loss: 1.1567 acc: 0.4444 time 3.47s
Epoch: 4/300 Iter: 55/96 loss: 1.1630 acc: 0.4424 time 2.86s
Epoch: 4/300 Iter: 56/96 loss: 1.1602 acc: 0.4435 time 2.90s
Epoch: 4/300 Iter: 57/96 loss: 1.1552 acc: 0.4444 time 2.85s
Epoch: 4/300 Iter: 58/96 loss: 1.1507 acc: 0.4454 time 2.86s
Epoch: 4/300 Iter: 59/96 loss: 1.1475 acc: 0.4463 time 2.84s
Epoch: 4/300 Iter: 60/96 loss: 1.1418 acc: 0.4472 time 2.89s
Epoch: 4/300 Iter: 61/96 loss: 1.1376 acc: 0.4481 time 2.87s
Epoch: 4/300 Iter: 62/96 loss: 1.1296 acc: 0.4489 time 3.45s
Epoch: 4/300 Iter: 63/96 loss: 1.1233 acc: 0.4497 time 3.46s
Epoch: 4/300 Iter: 64/96 loss: 1.1376 acc: 0.4479 time 2.85s
Epoch: 4/300 Iter: 65/96 loss: 1.1386 acc: 0.4487 time 2.88s
Epoch: 4/300 Iter: 66/96 loss: 1.1306 acc: 0.4495 time 2.80s
Epoch: 4/300 Iter: 67/96 loss: 1.1245 acc: 0.4502 time 3.52s
Epoch: 4/300 Iter: 68/96 loss: 1.1187 acc: 0.4510 time 3.49s
Epoch: 4/300 Iter: 69/96 loss: 1.1344 acc: 0.4493 time 2.87s
Epoch: 4/300 Iter: 70/96 loss: 1.1295 acc: 0.4500 time 2.85s
Epoch: 4/300 Iter: 71/96 loss: 1.1388 acc: 0.4484 time 3.48s
Epoch: 4/300 Iter: 72/96 loss: 1.1347 acc: 0.4491 time 3.49s
Epoch: 4/300 Iter: 73/96 loss: 1.1309 acc: 0.4498 time 2.87s
Epoch: 4/300 Iter: 74/96 loss: 1.1296 acc: 0.4505 time 3.50s
Epoch: 4/300 Iter: 75/96 loss: 1.1257 acc: 0.4511 time 3.45s
Epoch: 4/300 Iter: 76/96 loss: 1.1219 acc: 0.4518 time 3.50s
Epoch: 4/300 Iter: 77/96 loss: 1.1264 acc: 0.4502 time 2.97s
Epoch: 4/300 Iter: 78/96 loss: 1.1238 acc: 0.4509 time 2.85s
Epoch: 4/300 Iter: 79/96 loss: 1.1282 acc: 0.4494 time 3.50s
Epoch: 4/300 Iter: 80/96 loss: 1.1266 acc: 0.4500 time 3.52s
Epoch: 4/300 Iter: 81/96 loss: 1.1244 acc: 0.4506 time 3.45s
Epoch: 4/300 Iter: 82/96 loss: 1.1222 acc: 0.4512 time 2.76s
Epoch: 4/300 Iter: 83/96 loss: 1.1247 acc: 0.4498 time 2.77s
Epoch: 4/300 Iter: 84/96 loss: 1.1264 acc: 0.4504 time 2.78s
Epoch: 4/300 Iter: 85/96 loss: 1.1263 acc: 0.4510 time 2.85s
Epoch: 4/300 Iter: 86/96 loss: 1.1273 acc: 0.4496 time 2.81s
Epoch: 4/300 Iter: 87/96 loss: 1.1264 acc: 0.4502 time 2.82s
Epoch: 4/300 Iter: 88/96 loss: 1.1253 acc: 0.4508 time 2.80s
Epoch: 4/300 Iter: 89/96 loss: 1.1258 acc: 0.4513 time 2.84s
Epoch: 4/300 Iter: 90/96 loss: 1.1242 acc: 0.4519 time 2.77s
Epoch: 4/300 Iter: 91/96 loss: 1.1221 acc: 0.4524 time 3.45s
Epoch: 4/300 Iter: 92/96 loss: 1.1203 acc: 0.4529 time 2.78s
Epoch: 4/300 Iter: 93/96 loss: 1.1235 acc: 0.4516 time 2.83s
Epoch: 4/300 Iter: 94/96 loss: 1.1268 acc: 0.4504 time 2.82s
Epoch: 4/300 Iter: 95/96 loss: 1.1252 acc: 0.4509 time 3.42s
Epoch: 4/300 Iter: 96/96 loss: 1.1235 acc: 0.4514 time 3.43s
[Train epoch 4] avg_loss=1.1235 avg_acc=0.4514 | per-class [c0: 0.425, c1: 0.000, c2: 0.571]
Final training 4/300, loss: 1.1235, time 298.10s, lr: 0.004500
Accuracy: 0.470
class                  precision    recall   specificity      f1   support
--------------------------------------------------------------------------
0                          0.484     0.425         0.571   0.452       280
1                          0.000     0.000         1.000   0.000        30
2                          0.461     0.571         0.426   0.510       266
*----------------------------------------*
Val 4/300 1/24, Acc: 0.3333, Loss: 1.4450, time 2.76s
Val 4/300 2/24, Acc: 0.4167, Loss: 1.1645, time 2.76s
Val 4/300 3/24, Acc: 0.3889, Loss: 1.2581, time 2.75s
Val 4/300 4/24, Acc: 0.4167, Loss: 1.1548, time 2.82s
Val 4/300 5/24, Acc: 0.4333, Loss: 1.1086, time 2.80s
Val 4/300 6/24, Acc: 0.4444, Loss: 1.0647, time 2.77s
Val 4/300 7/24, Acc: 0.4524, Loss: 1.0333, time 2.76s
Val 4/300 8/24, Acc: 0.4583, Loss: 1.0098, time 2.75s
Val 4/300 9/24, Acc: 0.4630, Loss: 1.0540, time 2.82s
Val 4/300 10/24, Acc: 0.4667, Loss: 1.0450, time 2.81s
Val 4/300 11/24, Acc: 0.4545, Loss: 1.0973, time 2.78s
Val 4/300 12/24, Acc: 0.4167, Loss: 1.0896, time 2.78s
Val 4/300 13/24, Acc: 0.4231, Loss: 1.0708, time 2.84s
Val 4/300 14/24, Acc: 0.4286, Loss: 1.0603, time 2.80s
Val 4/300 15/24, Acc: 0.4222, Loss: 1.0847, time 2.72s
Val 4/300 16/24, Acc: 0.4271, Loss: 1.0771, time 2.75s
Val 4/300 17/24, Acc: 0.4314, Loss: 1.0635, time 2.85s
Val 4/300 18/24, Acc: 0.4352, Loss: 1.0557, time 2.76s
Val 4/300 19/24, Acc: 0.4386, Loss: 1.0509, time 2.76s
Val 4/300 20/24, Acc: 0.4417, Loss: 1.0426, time 2.78s
Val 4/300 21/24, Acc: 0.4444, Loss: 1.0332, time 2.75s
Val 4/300 22/24, Acc: 0.4470, Loss: 1.0264, time 2.83s
Val 4/300 23/24, Acc: 0.4420, Loss: 1.0454, time 2.77s
Val 4/300 24/24, Acc: 0.4375, Loss: 1.0628, time 2.79s
[Val epoch 4] avg_acc=0.4375 | avg_loss=1.0628 | per-class [c0: 0.000, c1: 0.000, c2: 1.000]
Final validation 4/300, Val_acc: 0.4375, time 66.77sAccuracy: 0.458
class                  precision    recall   specificity      f1   support
--------------------------------------------------------------------------
0                          0.000     0.000         1.000   0.000        70
1                          0.000     0.000         1.000   0.000         8
2                          0.458     1.000         0.000   0.629        66
*========================================*
New best (0.104167 --> 0.437500)
Saving checkpoint outputs/OrganoidsINRIA_reduced/swinvit/2025-12-23-11-30/training/model_final.pt
Copying best model to best_model.pt
[EarlyStopping] improved to 0.437500
[EarlyStopping] improved to 1.062828
0 Tue Dec 23 11:53:46 2025 Epoch: 5
Epoch: 5/300 Iter: 1/96 loss: 0.9641 acc: 0.5000 time 4.34s
Epoch: 5/300 Iter: 2/96 loss: 0.9156 acc: 0.5000 time 2.79s
Epoch: 5/300 Iter: 3/96 loss: 0.9164 acc: 0.5000 time 3.45s
Epoch: 5/300 Iter: 4/96 loss: 0.8816 acc: 0.5000 time 2.88s
Epoch: 5/300 Iter: 5/96 loss: 0.8961 acc: 0.5000 time 3.52s
Epoch: 5/300 Iter: 6/96 loss: 0.8693 acc: 0.5000 time 3.41s
Epoch: 5/300 Iter: 7/96 loss: 1.0312 acc: 0.4762 time 2.86s
Epoch: 5/300 Iter: 8/96 loss: 1.0150 acc: 0.4792 time 3.52s
Epoch: 5/300 Iter: 9/96 loss: 0.9966 acc: 0.4815 time 3.48s
Epoch: 5/300 Iter: 10/96 loss: 0.9753 acc: 0.4833 time 2.87s
Epoch: 5/300 Iter: 11/96 loss: 0.9491 acc: 0.4848 time 3.50s
Epoch: 5/300 Iter: 12/96 loss: 1.0745 acc: 0.4722 time 2.92s
Epoch: 5/300 Iter: 13/96 loss: 1.1474 acc: 0.4615 time 2.97s
Epoch: 5/300 Iter: 14/96 loss: 1.1991 acc: 0.4524 time 2.79s
Epoch: 5/300 Iter: 15/96 loss: 1.2000 acc: 0.4556 time 2.86s
Epoch: 5/300 Iter: 16/96 loss: 1.1660 acc: 0.4583 time 2.96s
Epoch: 5/300 Iter: 17/96 loss: 1.1824 acc: 0.4608 time 3.46s
Epoch: 5/300 Iter: 18/96 loss: 1.1833 acc: 0.4630 time 2.85s
Epoch: 5/300 Iter: 19/96 loss: 1.1833 acc: 0.4561 time 2.89s
Epoch: 5/300 Iter: 20/96 loss: 1.1771 acc: 0.4583 time 3.47s
Epoch: 5/300 Iter: 21/96 loss: 1.1744 acc: 0.4524 time 3.49s
Epoch: 5/300 Iter: 22/96 loss: 1.1681 acc: 0.4545 time 2.94s
Epoch: 5/300 Iter: 23/96 loss: 1.1615 acc: 0.4565 time 2.86s
Epoch: 5/300 Iter: 24/96 loss: 1.1694 acc: 0.4583 time 3.49s
Epoch: 5/300 Iter: 25/96 loss: 1.1587 acc: 0.4600 time 2.95s
Epoch: 5/300 Iter: 26/96 loss: 1.1527 acc: 0.4615 time 2.80s
Epoch: 5/300 Iter: 27/96 loss: 1.1336 acc: 0.4630 time 2.81s
Epoch: 5/300 Iter: 28/96 loss: 1.1190 acc: 0.4643 time 2.98s
Epoch: 5/300 Iter: 29/96 loss: 1.1098 acc: 0.4655 time 3.47s
Epoch: 5/300 Iter: 30/96 loss: 1.1576 acc: 0.4611 time 3.50s
Epoch: 5/300 Iter: 31/96 loss: 1.1438 acc: 0.4624 time 3.51s
Epoch: 5/300 Iter: 32/96 loss: 1.1295 acc: 0.4635 time 2.94s
Epoch: 5/300 Iter: 33/96 loss: 1.1652 acc: 0.4596 time 2.87s
Epoch: 5/300 Iter: 34/96 loss: 1.1515 acc: 0.4608 time 2.83s
Epoch: 5/300 Iter: 35/96 loss: 1.1396 acc: 0.4619 time 3.50s
Epoch: 5/300 Iter: 36/96 loss: 1.1401 acc: 0.4630 time 3.54s
Epoch: 5/300 Iter: 37/96 loss: 1.1311 acc: 0.4640 time 2.84s
Epoch: 5/300 Iter: 38/96 loss: 1.1244 acc: 0.4649 time 2.84s
Epoch: 5/300 Iter: 39/96 loss: 1.1180 acc: 0.4658 time 2.80s
Epoch: 5/300 Iter: 40/96 loss: 1.1120 acc: 0.4667 time 3.50s
Epoch: 5/300 Iter: 41/96 loss: 1.1292 acc: 0.4634 time 3.44s
Epoch: 5/300 Iter: 42/96 loss: 1.1393 acc: 0.4603 time 3.48s
Epoch: 5/300 Iter: 43/96 loss: 1.1342 acc: 0.4612 time 2.82s
Epoch: 5/300 Iter: 44/96 loss: 1.1313 acc: 0.4621 time 3.52s
Epoch: 5/300 Iter: 45/96 loss: 1.1335 acc: 0.4593 time 2.98s
Epoch: 5/300 Iter: 46/96 loss: 1.1337 acc: 0.4565 time 2.98s
Epoch: 5/300 Iter: 47/96 loss: 1.1338 acc: 0.4468 time 2.81s
Epoch: 5/300 Iter: 48/96 loss: 1.1345 acc: 0.4375 time 3.53s
Epoch: 5/300 Iter: 49/96 loss: 1.1365 acc: 0.4388 time 2.90s
Epoch: 5/300 Iter: 50/96 loss: 1.1358 acc: 0.4367 time 2.94s
Epoch: 5/300 Iter: 51/96 loss: 1.1338 acc: 0.4379 time 2.86s
Epoch: 5/300 Iter: 52/96 loss: 1.1403 acc: 0.4391 time 2.96s
Epoch: 5/300 Iter: 53/96 loss: 1.1417 acc: 0.4403 time 2.86s
Epoch: 5/300 Iter: 54/96 loss: 1.1370 acc: 0.4414 time 3.49s
Epoch: 5/300 Iter: 55/96 loss: 1.1342 acc: 0.4424 time 3.49s
Epoch: 5/300 Iter: 56/96 loss: 1.1417 acc: 0.4405 time 2.81s
Epoch: 5/300 Iter: 57/96 loss: 1.1367 acc: 0.4415 time 3.49s
Epoch: 5/300 Iter: 58/96 loss: 1.1305 acc: 0.4425 time 2.90s
Epoch: 5/300 Iter: 59/96 loss: 1.1267 acc: 0.4435 time 2.82s
Epoch: 5/300 Iter: 60/96 loss: 1.1231 acc: 0.4444 time 2.92s
Epoch: 5/300 Iter: 61/96 loss: 1.1190 acc: 0.4454 time 3.51s
Epoch: 5/300 Iter: 62/96 loss: 1.1140 acc: 0.4462 time 2.94s
Epoch: 5/300 Iter: 63/96 loss: 1.1084 acc: 0.4471 time 2.97s
Epoch: 5/300 Iter: 64/96 loss: 1.1033 acc: 0.4479 time 3.01s
Epoch: 5/300 Iter: 65/96 loss: 1.0979 acc: 0.4487 time 3.00s
Epoch: 5/300 Iter: 66/96 loss: 1.1169 acc: 0.4470 time 2.83s
Epoch: 5/300 Iter: 67/96 loss: 1.1108 acc: 0.4478 time 3.51s
Epoch: 5/300 Iter: 68/96 loss: 1.1061 acc: 0.4485 time 2.87s
Epoch: 5/300 Iter: 69/96 loss: 1.0999 acc: 0.4493 time 2.85s
Epoch: 5/300 Iter: 70/96 loss: 1.0937 acc: 0.4500 time 2.87s
Epoch: 5/300 Iter: 71/96 loss: 1.1102 acc: 0.4484 time 3.49s
Epoch: 5/300 Iter: 72/96 loss: 1.1073 acc: 0.4491 time 3.48s
Epoch: 5/300 Iter: 73/96 loss: 1.1003 acc: 0.4498 time 2.91s
Epoch: 5/300 Iter: 74/96 loss: 1.1013 acc: 0.4437 time 2.92s
Epoch: 5/300 Iter: 75/96 loss: 1.1173 acc: 0.4422 time 3.48s
Epoch: 5/300 Iter: 76/96 loss: 1.1123 acc: 0.4430 time 3.49s
Epoch: 5/300 Iter: 77/96 loss: 1.1083 acc: 0.4437 time 3.47s
Epoch: 5/300 Iter: 78/96 loss: 1.1048 acc: 0.4444 time 2.96s
Epoch: 5/300 Iter: 79/96 loss: 1.1100 acc: 0.4430 time 3.49s
Epoch: 5/300 Iter: 80/96 loss: 1.1133 acc: 0.4417 time 2.89s
Epoch: 5/300 Iter: 81/96 loss: 1.1142 acc: 0.4403 time 2.80s
Epoch: 5/300 Iter: 82/96 loss: 1.1158 acc: 0.4350 time 3.01s
Epoch: 5/300 Iter: 83/96 loss: 1.1194 acc: 0.4297 time 3.50s
Epoch: 5/300 Iter: 84/96 loss: 1.1228 acc: 0.4246 time 2.85s
Epoch: 5/300 Iter: 85/96 loss: 1.1240 acc: 0.4196 time 2.83s
Epoch: 5/300 Iter: 86/96 loss: 1.1213 acc: 0.4264 time 2.77s
Epoch: 5/300 Iter: 87/96 loss: 1.1251 acc: 0.4253 time 2.78s
Epoch: 5/300 Iter: 88/96 loss: 1.1251 acc: 0.4261 time 3.44s
Epoch: 5/300 Iter: 89/96 loss: 1.1229 acc: 0.4270 time 3.49s
Epoch: 5/300 Iter: 90/96 loss: 1.1301 acc: 0.4259 time 3.43s
Epoch: 5/300 Iter: 91/96 loss: 1.1389 acc: 0.4249 time 2.79s
Epoch: 5/300 Iter: 92/96 loss: 1.1372 acc: 0.4257 time 3.45s
Epoch: 5/300 Iter: 93/96 loss: 1.1419 acc: 0.4247 time 3.48s
Epoch: 5/300 Iter: 94/96 loss: 1.1392 acc: 0.4255 time 2.77s
Epoch: 5/300 Iter: 95/96 loss: 1.1369 acc: 0.4263 time 3.43s
Epoch: 5/300 Iter: 96/96 loss: 1.1400 acc: 0.4253 time 3.48s
[Train epoch 5] avg_loss=1.1400 avg_acc=0.4253 | per-class [c0: 0.527, c1: 0.000, c2: 0.392]
Final training 5/300, loss: 1.1400, time 301.54s, lr: 0.006000
Accuracy: 0.438
class                  precision    recall   specificity      f1   support
--------------------------------------------------------------------------
0                          0.484     0.527         0.464   0.504       281
1                          0.000     0.000         0.934   0.000        30
2                          0.444     0.392         0.582   0.417       265
*----------------------------------------*
0 Tue Dec 23 11:58:47 2025 Epoch: 6
