Architecture:                            x86_64
CPU op-mode(s):                          32-bit, 64-bit
Byte Order:                              Little Endian
Address sizes:                           48 bits physical, 48 bits virtual
CPU(s):                                  64
On-line CPU(s) list:                     0-63
Thread(s) per core:                      2
Core(s) per socket:                      16
Socket(s):                               2
NUMA node(s):                            8
Vendor ID:                               AuthenticAMD
CPU family:                              25
Model:                                   1
Model name:                              AMD EPYC 7313 16-Core Processor
Stepping:                                1
Frequency boost:                         enabled
CPU MHz:                                 1796.161
CPU max MHz:                             3000.0000
CPU min MHz:                             1500.0000
BogoMIPS:                                5989.04
Virtualization:                          AMD-V
L1d cache:                               1 MiB
L1i cache:                               1 MiB
L2 cache:                                16 MiB
L3 cache:                                256 MiB
NUMA node0 CPU(s):                       0-3,32-35
NUMA node1 CPU(s):                       4-7,36-39
NUMA node2 CPU(s):                       8-11,40-43
NUMA node3 CPU(s):                       12-15,44-47
NUMA node4 CPU(s):                       16-19,48-51
NUMA node5 CPU(s):                       20-23,52-55
NUMA node6 CPU(s):                       24-27,56-59
NUMA node7 CPU(s):                       28-31,60-63
Vulnerability Gather data sampling:      Not affected
Vulnerability Indirect target selection: Not affected
Vulnerability Itlb multihit:             Not affected
Vulnerability L1tf:                      Not affected
Vulnerability Mds:                       Not affected
Vulnerability Meltdown:                  Not affected
Vulnerability Mmio stale data:           Not affected
Vulnerability Reg file data sampling:    Not affected
Vulnerability Retbleed:                  Not affected
Vulnerability Spec rstack overflow:      Mitigation; safe RET
Vulnerability Spec store bypass:         Mitigation; Speculative Store Bypass disabled via prctl and seccomp
Vulnerability Spectre v1:                Mitigation; usercopy/swapgs barriers and __user pointer sanitization
Vulnerability Spectre v2:                Mitigation; Retpolines, IBPB conditional, IBRS_FW, STIBP always-on, RSB filling, PBRSB-eIBRS Not affected
Vulnerability Srbds:                     Not affected
Vulnerability Tsa:                       Mitigation; Clear CPU buffers
Vulnerability Tsx async abort:           Not affected
Vulnerability Vmscape:                   Mitigation; IBPB before exit to userspace
Flags:                                   fpu vme de pse tsc msr pae mce cx8 apic sep mtrr pge mca cmov pat pse36 clflush mmx fxsr sse sse2 ht syscall nx mmxext fxsr_opt pdpe1gb rdtscp lm constant_tsc rep_good nopl nonstop_tsc cpuid extd_apicid aperfmperf pni pclmulqdq monitor ssse3 fma cx16 pcid sse4_1 sse4_2 movbe popcnt aes xsave avx f16c rdrand lahf_lm cmp_legacy svm extapic cr8_legacy abm sse4a misalignsse 3dnowprefetch osvw ibs skinit wdt tce topoext perfctr_core perfctr_nb bpext perfctr_llc mwaitx cpb cat_l3 cdp_l3 invpcid_single hw_pstate ssbd mba ibrs ibpb stibp vmmcall fsgsbase bmi1 avx2 smep bmi2 erms invpcid cqm rdt_a rdseed adx smap clflushopt clwb sha_ni xsaveopt xsavec xgetbv1 xsaves cqm_llc cqm_occup_llc cqm_mbm_total cqm_mbm_local clzero irperf xsaveerptr rdpru wbnoinvd amd_ppin arat npt lbrv svm_lock nrip_save tsc_scale vmcb_clean flushbyasid decodeassists pausefilter pfthreshold v_vmsave_vmload vgif umip pku ospke vaes vpclmulqdq rdpid overflow_recov succor smca fsrm ibpb_exit_to_user
Wed Jan 21 10:33:45 2026       
+---------------------------------------------------------------------------------------+
| NVIDIA-SMI 535.183.06             Driver Version: 535.183.06   CUDA Version: 12.2     |
|-----------------------------------------+----------------------+----------------------+
| GPU  Name                 Persistence-M | Bus-Id        Disp.A | Volatile Uncorr. ECC |
| Fan  Temp   Perf          Pwr:Usage/Cap |         Memory-Usage | GPU-Util  Compute M. |
|                                         |                      |               MIG M. |
|=========================================+======================+======================|
|   0  NVIDIA A40                     On  | 00000000:C3:00.0 Off |                    0 |
|  0%   29C    P8              30W / 300W |      0MiB / 46068MiB |      0%      Default |
|                                         |                      |                  N/A |
+-----------------------------------------+----------------------+----------------------+
                                                                                         
+---------------------------------------------------------------------------------------+
| Processes:                                                                            |
|  GPU   GI   CI        PID   Type   Process name                            GPU Memory |
|        ID   ID                                                             Usage      |
|=======================================================================================|
|  No running processes found                                                           |
+---------------------------------------------------------------------------------------+
/home/mraffael/martone_project/Organoid-Image-Classification-Using-Deep-Learning
{'RandFlipd_prob': 0.2,
 'RandRotate90d_prob': 0.2,
 'RandScaleIntensityd_prob': 0.1,
 'RandShiftIntensityd_prob': 0.1,
 'amp': True,
 'augmentation': True,
 'batch_size': 6,
 'cache_dataset': False,
 'checkpoint_path': None,
 'data_dir': '/home/mraffael/martone_project/Organoids_Dataset_256/',
 'dataset_name': 'OrganoidsINRIA_Slice',
 'debug': False,
 'debug_train_samples': 40,
 'debug_val_samples': 10,
 'dist_backend': 'nccl',
 'dist_url': 'tcp://127.0.0.1:23456',
 'distributed': False,
 'dropout_path_rate': 0.0,
 'dropout_rate': 0.0,
 'early_stopping': True,
 'encoder10_pth': '',
 'exact_class': False,
 'feature_size': 48,
 'fold': 0,
 'folds': False,
 'gpu': 0,
 'ignore_label': 3,
 'in_channels': 1,
 'infer_overlap': 0.5,
 'k_folds': 5,
 'logdir': 'test',
 'logs_dir': 'logs/',
 'loss_name': 'CE',
 'lrschedule': 'warmup_cosine',
 'max_epochs': 150,
 'min_delta_loss': 0.001,
 'min_delta_val': 0.01,
 'model_name': 'swinunetr',
 'momentum': 0.99,
 'n_slices': 64,
 'noamp': False,
 'norm_name': 'instance',
 'oar_id': 2209876,
 'optim_lr': 0.0006,
 'optim_name': 'adamw',
 'out_channels': 1,
 'output_dir': 'outputs/',
 'patch_merging': False,
 'patience_loss': 40,
 'patience_val': 40,
 'pretrained_dir': './pretrained_models/fold1_f48_ep300_4gpu_dice0_9059/',
 'pretrained_model_name': 'model_swinvit.pt',
 'rank': 0,
 'reg_weight': 5e-05,
 'restart_T0': 20,
 'resume_ckpt': False,
 'roi_x': 128,
 'roi_y': 128,
 'roi_z': 64,
 'save_checkpoint': True,
 'seed': 3,
 'similarity_loss': '',
 'similarity_loss_weight': 0.0,
 'slice_selection': True,
 'spatial_dims': 3,
 'split_method': 'stratified',
 'start_epoch': 0,
 'sw_batch_size': 8,
 'telegram_log': True,
 'test_mode': False,
 'token': './token/tlg_token.txt',
 'use_checkpoint': False,
 'val_every': 2,
 'warmup_epochs': 5,
 'workers': 8,
 'world_size': 1}

Saved configuration to: outputs/OrganoidsINRIA_Slice/swinunetr/2026-01-21-10-34/config.txt
Using GPU: 0

Model INFO:
Model architecture: swinunetr
Using pretrained weights
=> loading pretrained model './pretrained_models/fold1_f48_ep300_4gpu_dice0_9059/model_swinvit.pt'
Missing keys when loading pretrained: 33
Unexpected keys when loading pretrained: 8
Using SwinUNETR with Single Linear Classification Head
Total trainable parameters: 39,914,805

Optimizer INFO:
Using optimizer: adamw with lr=0.0006, weight_decay=5e-05

Dataset INFO:
Dataset length: 721
Class distribution in entire dataset:
  Class 0: 351
  Class 1: 38
  Class 2: 332

Using split method: stratified

Train set balance:
Class distribution:
  Class 0: 281 samples
  Class 1: 30 samples
  Class 2: 266 samples

Val set balance:
Class distribution:
  Class 0: 70 samples
  Class 1: 8 samples
  Class 2: 66 samples
Training set length: 577
Validation set length: 144

Using standard shuffle for training
Training loader: 96 batches
Validation loader: 24 batches

Class distribution in training set:
  Class 0: 281 (48.7%)
  Class 1: 30 (5.2%)
  Class 2: 266 (46.1%)
Class distribution in validation set:
  Class 0: 70 (48.6%)
  Class 1: 8 (5.6%)
  Class 2: 66 (45.8%)
**************************************************
Class weights: [ 6.845  64.111  7.231]

Test Dataset INFO:
Test Dataset length: 82
Class distribution in test dataset:
  Class 0: 40
  Class 1: 5
  Class 2: 37
Test loader: 14 batches
**************************************************

Using loss function: CE
**************************************************
Starting training...
✗ Frozen: swinViT.patch_embed.proj.weight (384 params)
✗ Frozen: swinViT.patch_embed.proj.bias (48 params)
✗ Frozen: swinViT.layers1.0.blocks.0.norm1.weight (48 params)
✗ Frozen: swinViT.layers1.0.blocks.0.norm1.bias (48 params)
✗ Frozen: swinViT.layers1.0.blocks.0.attn.relative_position_bias_table (6591 params)
✗ Frozen: swinViT.layers1.0.blocks.0.attn.qkv.weight (6912 params)
✗ Frozen: swinViT.layers1.0.blocks.0.attn.qkv.bias (144 params)
✗ Frozen: swinViT.layers1.0.blocks.0.attn.proj.weight (2304 params)
✗ Frozen: swinViT.layers1.0.blocks.0.attn.proj.bias (48 params)
✗ Frozen: swinViT.layers1.0.blocks.0.norm2.weight (48 params)
✗ Frozen: swinViT.layers1.0.blocks.0.norm2.bias (48 params)
✗ Frozen: swinViT.layers1.0.blocks.0.mlp.linear1.weight (9216 params)
✗ Frozen: swinViT.layers1.0.blocks.0.mlp.linear1.bias (192 params)
✗ Frozen: swinViT.layers1.0.blocks.0.mlp.linear2.weight (9216 params)
✗ Frozen: swinViT.layers1.0.blocks.0.mlp.linear2.bias (48 params)
✗ Frozen: swinViT.layers1.0.blocks.1.norm1.weight (48 params)
✗ Frozen: swinViT.layers1.0.blocks.1.norm1.bias (48 params)
✗ Frozen: swinViT.layers1.0.blocks.1.attn.relative_position_bias_table (6591 params)
✗ Frozen: swinViT.layers1.0.blocks.1.attn.qkv.weight (6912 params)
✗ Frozen: swinViT.layers1.0.blocks.1.attn.qkv.bias (144 params)
✗ Frozen: swinViT.layers1.0.blocks.1.attn.proj.weight (2304 params)
✗ Frozen: swinViT.layers1.0.blocks.1.attn.proj.bias (48 params)
✗ Frozen: swinViT.layers1.0.blocks.1.norm2.weight (48 params)
✗ Frozen: swinViT.layers1.0.blocks.1.norm2.bias (48 params)
✗ Frozen: swinViT.layers1.0.blocks.1.mlp.linear1.weight (9216 params)
✗ Frozen: swinViT.layers1.0.blocks.1.mlp.linear1.bias (192 params)
✗ Frozen: swinViT.layers1.0.blocks.1.mlp.linear2.weight (9216 params)
✗ Frozen: swinViT.layers1.0.blocks.1.mlp.linear2.bias (48 params)
✗ Frozen: swinViT.layers1.0.downsample.reduction.weight (36864 params)
✗ Frozen: swinViT.layers1.0.downsample.norm.weight (384 params)
✗ Frozen: swinViT.layers1.0.downsample.norm.bias (384 params)
✗ Frozen: swinViT.layers2.0.blocks.0.norm1.weight (96 params)
✗ Frozen: swinViT.layers2.0.blocks.0.norm1.bias (96 params)
✗ Frozen: swinViT.layers2.0.blocks.0.attn.relative_position_bias_table (13182 params)
✗ Frozen: swinViT.layers2.0.blocks.0.attn.qkv.weight (27648 params)
✗ Frozen: swinViT.layers2.0.blocks.0.attn.qkv.bias (288 params)
✗ Frozen: swinViT.layers2.0.blocks.0.attn.proj.weight (9216 params)
✗ Frozen: swinViT.layers2.0.blocks.0.attn.proj.bias (96 params)
✗ Frozen: swinViT.layers2.0.blocks.0.norm2.weight (96 params)
✗ Frozen: swinViT.layers2.0.blocks.0.norm2.bias (96 params)
✗ Frozen: swinViT.layers2.0.blocks.0.mlp.linear1.weight (36864 params)
✗ Frozen: swinViT.layers2.0.blocks.0.mlp.linear1.bias (384 params)
✗ Frozen: swinViT.layers2.0.blocks.0.mlp.linear2.weight (36864 params)
✗ Frozen: swinViT.layers2.0.blocks.0.mlp.linear2.bias (96 params)
✗ Frozen: swinViT.layers2.0.blocks.1.norm1.weight (96 params)
✗ Frozen: swinViT.layers2.0.blocks.1.norm1.bias (96 params)
✗ Frozen: swinViT.layers2.0.blocks.1.attn.relative_position_bias_table (13182 params)
✗ Frozen: swinViT.layers2.0.blocks.1.attn.qkv.weight (27648 params)
✗ Frozen: swinViT.layers2.0.blocks.1.attn.qkv.bias (288 params)
✗ Frozen: swinViT.layers2.0.blocks.1.attn.proj.weight (9216 params)
✗ Frozen: swinViT.layers2.0.blocks.1.attn.proj.bias (96 params)
✗ Frozen: swinViT.layers2.0.blocks.1.norm2.weight (96 params)
✗ Frozen: swinViT.layers2.0.blocks.1.norm2.bias (96 params)
✗ Frozen: swinViT.layers2.0.blocks.1.mlp.linear1.weight (36864 params)
✗ Frozen: swinViT.layers2.0.blocks.1.mlp.linear1.bias (384 params)
✗ Frozen: swinViT.layers2.0.blocks.1.mlp.linear2.weight (36864 params)
✗ Frozen: swinViT.layers2.0.blocks.1.mlp.linear2.bias (96 params)
✗ Frozen: swinViT.layers2.0.downsample.reduction.weight (147456 params)
✗ Frozen: swinViT.layers2.0.downsample.norm.weight (768 params)
✗ Frozen: swinViT.layers2.0.downsample.norm.bias (768 params)
✗ Frozen: swinViT.layers3.0.blocks.0.norm1.weight (192 params)
✗ Frozen: swinViT.layers3.0.blocks.0.norm1.bias (192 params)
✗ Frozen: swinViT.layers3.0.blocks.0.attn.relative_position_bias_table (26364 params)
✗ Frozen: swinViT.layers3.0.blocks.0.attn.qkv.weight (110592 params)
✗ Frozen: swinViT.layers3.0.blocks.0.attn.qkv.bias (576 params)
✗ Frozen: swinViT.layers3.0.blocks.0.attn.proj.weight (36864 params)
✗ Frozen: swinViT.layers3.0.blocks.0.attn.proj.bias (192 params)
✗ Frozen: swinViT.layers3.0.blocks.0.norm2.weight (192 params)
✗ Frozen: swinViT.layers3.0.blocks.0.norm2.bias (192 params)
✗ Frozen: swinViT.layers3.0.blocks.0.mlp.linear1.weight (147456 params)
✗ Frozen: swinViT.layers3.0.blocks.0.mlp.linear1.bias (768 params)
✗ Frozen: swinViT.layers3.0.blocks.0.mlp.linear2.weight (147456 params)
✗ Frozen: swinViT.layers3.0.blocks.0.mlp.linear2.bias (192 params)
✗ Frozen: swinViT.layers3.0.blocks.1.norm1.weight (192 params)
✗ Frozen: swinViT.layers3.0.blocks.1.norm1.bias (192 params)
✗ Frozen: swinViT.layers3.0.blocks.1.attn.relative_position_bias_table (26364 params)
✗ Frozen: swinViT.layers3.0.blocks.1.attn.qkv.weight (110592 params)
✗ Frozen: swinViT.layers3.0.blocks.1.attn.qkv.bias (576 params)
✗ Frozen: swinViT.layers3.0.blocks.1.attn.proj.weight (36864 params)
✗ Frozen: swinViT.layers3.0.blocks.1.attn.proj.bias (192 params)
✗ Frozen: swinViT.layers3.0.blocks.1.norm2.weight (192 params)
✗ Frozen: swinViT.layers3.0.blocks.1.norm2.bias (192 params)
✗ Frozen: swinViT.layers3.0.blocks.1.mlp.linear1.weight (147456 params)
✗ Frozen: swinViT.layers3.0.blocks.1.mlp.linear1.bias (768 params)
✗ Frozen: swinViT.layers3.0.blocks.1.mlp.linear2.weight (147456 params)
✗ Frozen: swinViT.layers3.0.blocks.1.mlp.linear2.bias (192 params)
✗ Frozen: swinViT.layers3.0.downsample.reduction.weight (589824 params)
✗ Frozen: swinViT.layers3.0.downsample.norm.weight (1536 params)
✗ Frozen: swinViT.layers3.0.downsample.norm.bias (1536 params)
✗ Frozen: swinViT.layers4.0.blocks.0.norm1.weight (384 params)
✗ Frozen: swinViT.layers4.0.blocks.0.norm1.bias (384 params)
✗ Frozen: swinViT.layers4.0.blocks.0.attn.relative_position_bias_table (52728 params)
✗ Frozen: swinViT.layers4.0.blocks.0.attn.qkv.weight (442368 params)
✗ Frozen: swinViT.layers4.0.blocks.0.attn.qkv.bias (1152 params)
✗ Frozen: swinViT.layers4.0.blocks.0.attn.proj.weight (147456 params)
✗ Frozen: swinViT.layers4.0.blocks.0.attn.proj.bias (384 params)
✗ Frozen: swinViT.layers4.0.blocks.0.norm2.weight (384 params)
✗ Frozen: swinViT.layers4.0.blocks.0.norm2.bias (384 params)
✗ Frozen: swinViT.layers4.0.blocks.0.mlp.linear1.weight (589824 params)
✗ Frozen: swinViT.layers4.0.blocks.0.mlp.linear1.bias (1536 params)
✗ Frozen: swinViT.layers4.0.blocks.0.mlp.linear2.weight (589824 params)
✗ Frozen: swinViT.layers4.0.blocks.0.mlp.linear2.bias (384 params)
✓ Unfrozen: swinViT.layers4.0.blocks.1.norm1.weight (384 params)
✓ Unfrozen: swinViT.layers4.0.blocks.1.norm1.bias (384 params)
✓ Unfrozen: swinViT.layers4.0.blocks.1.attn.relative_position_bias_table (52728 params)
✓ Unfrozen: swinViT.layers4.0.blocks.1.attn.qkv.weight (442368 params)
✓ Unfrozen: swinViT.layers4.0.blocks.1.attn.qkv.bias (1152 params)
✓ Unfrozen: swinViT.layers4.0.blocks.1.attn.proj.weight (147456 params)
✓ Unfrozen: swinViT.layers4.0.blocks.1.attn.proj.bias (384 params)
✓ Unfrozen: swinViT.layers4.0.blocks.1.norm2.weight (384 params)
✓ Unfrozen: swinViT.layers4.0.blocks.1.norm2.bias (384 params)
✓ Unfrozen: swinViT.layers4.0.blocks.1.mlp.linear1.weight (589824 params)
✓ Unfrozen: swinViT.layers4.0.blocks.1.mlp.linear1.bias (1536 params)
✓ Unfrozen: swinViT.layers4.0.blocks.1.mlp.linear2.weight (589824 params)
✓ Unfrozen: swinViT.layers4.0.blocks.1.mlp.linear2.bias (384 params)
✓ Unfrozen: swinViT.layers4.0.downsample.reduction.weight (2359296 params)
✓ Unfrozen: swinViT.layers4.0.downsample.norm.weight (3072 params)
✓ Unfrozen: swinViT.layers4.0.downsample.norm.bias (3072 params)
✓ Unfrozen: encoder10.layer.conv1.conv.weight (15925248 params)
✓ Unfrozen: encoder10.layer.conv2.conv.weight (15925248 params)
✓ Unfrozen: fc.weight (2304 params)
✓ Unfrozen: fc.bias (3 params)
Total frozen: 3869370, trainable: 36045435
0 Wed Jan 21 10:34:19 2026 Epoch: 1
