Architecture:                            x86_64
CPU op-mode(s):                          32-bit, 64-bit
Byte Order:                              Little Endian
Address sizes:                           48 bits physical, 48 bits virtual
CPU(s):                                  64
On-line CPU(s) list:                     0-63
Thread(s) per core:                      2
Core(s) per socket:                      16
Socket(s):                               2
NUMA node(s):                            8
Vendor ID:                               AuthenticAMD
CPU family:                              25
Model:                                   1
Model name:                              AMD EPYC 7313 16-Core Processor
Stepping:                                1
Frequency boost:                         enabled
CPU MHz:                                 2395.330
CPU max MHz:                             3000.0000
CPU min MHz:                             1500.0000
BogoMIPS:                                5988.95
Virtualization:                          AMD-V
L1d cache:                               1 MiB
L1i cache:                               1 MiB
L2 cache:                                16 MiB
L3 cache:                                256 MiB
NUMA node0 CPU(s):                       0-3,32-35
NUMA node1 CPU(s):                       4-7,36-39
NUMA node2 CPU(s):                       8-11,40-43
NUMA node3 CPU(s):                       12-15,44-47
NUMA node4 CPU(s):                       16-19,48-51
NUMA node5 CPU(s):                       20-23,52-55
NUMA node6 CPU(s):                       24-27,56-59
NUMA node7 CPU(s):                       28-31,60-63
Vulnerability Gather data sampling:      Not affected
Vulnerability Indirect target selection: Not affected
Vulnerability Itlb multihit:             Not affected
Vulnerability L1tf:                      Not affected
Vulnerability Mds:                       Not affected
Vulnerability Meltdown:                  Not affected
Vulnerability Mmio stale data:           Not affected
Vulnerability Reg file data sampling:    Not affected
Vulnerability Retbleed:                  Not affected
Vulnerability Spec rstack overflow:      Mitigation; safe RET
Vulnerability Spec store bypass:         Mitigation; Speculative Store Bypass disabled via prctl and seccomp
Vulnerability Spectre v1:                Mitigation; usercopy/swapgs barriers and __user pointer sanitization
Vulnerability Spectre v2:                Mitigation; Retpolines, IBPB conditional, IBRS_FW, STIBP always-on, RSB filling, PBRSB-eIBRS Not affected
Vulnerability Srbds:                     Not affected
Vulnerability Tsa:                       Mitigation; Clear CPU buffers
Vulnerability Tsx async abort:           Not affected
Vulnerability Vmscape:                   Mitigation; IBPB before exit to userspace
Flags:                                   fpu vme de pse tsc msr pae mce cx8 apic sep mtrr pge mca cmov pat pse36 clflush mmx fxsr sse sse2 ht syscall nx mmxext fxsr_opt pdpe1gb rdtscp lm constant_tsc rep_good nopl nonstop_tsc cpuid extd_apicid aperfmperf pni pclmulqdq monitor ssse3 fma cx16 pcid sse4_1 sse4_2 movbe popcnt aes xsave avx f16c rdrand lahf_lm cmp_legacy svm extapic cr8_legacy abm sse4a misalignsse 3dnowprefetch osvw ibs skinit wdt tce topoext perfctr_core perfctr_nb bpext perfctr_llc mwaitx cpb cat_l3 cdp_l3 invpcid_single hw_pstate ssbd mba ibrs ibpb stibp vmmcall fsgsbase bmi1 avx2 smep bmi2 erms invpcid cqm rdt_a rdseed adx smap clflushopt clwb sha_ni xsaveopt xsavec xgetbv1 xsaves cqm_llc cqm_occup_llc cqm_mbm_total cqm_mbm_local clzero irperf xsaveerptr rdpru wbnoinvd amd_ppin arat npt lbrv svm_lock nrip_save tsc_scale vmcb_clean flushbyasid decodeassists pausefilter pfthreshold v_vmsave_vmload vgif umip pku ospke vaes vpclmulqdq rdpid overflow_recov succor smca fsrm ibpb_exit_to_user
Mon Nov  3 16:05:36 2025       
+---------------------------------------------------------------------------------------+
| NVIDIA-SMI 535.183.06             Driver Version: 535.183.06   CUDA Version: 12.2     |
|-----------------------------------------+----------------------+----------------------+
| GPU  Name                 Persistence-M | Bus-Id        Disp.A | Volatile Uncorr. ECC |
| Fan  Temp   Perf          Pwr:Usage/Cap |         Memory-Usage | GPU-Util  Compute M. |
|                                         |                      |               MIG M. |
|=========================================+======================+======================|
|   0  NVIDIA A40                     On  | 00000000:A3:00.0 Off |                    0 |
|  0%   34C    P8              30W / 300W |      0MiB / 46068MiB |      0%      Default |
|                                         |                      |                  N/A |
+-----------------------------------------+----------------------+----------------------+
                                                                                         
+---------------------------------------------------------------------------------------+
| Processes:                                                                            |
|  GPU   GI   CI        PID   Type   Process name                            GPU Memory |
|        ID   ID                                                             Usage      |
|=======================================================================================|
|  No running processes found                                                           |
+---------------------------------------------------------------------------------------+
/home/mraffael/martone_project/Organoid-Image-Classification-Using-Deep-Learning
{'RandFlipd_prob': 0.2,
 'RandRotate90d_prob': 0.2,
 'RandScaleIntensityd_prob': 0.1,
 'RandShiftIntensityd_prob': 0.1,
 'amp': True,
 'augmentation': True,
 'batch_size': 4,
 'cache_dataset': False,
 'checkpoint_path': None,
 'data_dir': '/home/mraffael/martone_project/Organoids_Dataset/',
 'dataset_name': 'OrganoidsINRIA',
 'debug': False,
 'debug_train_samples': 40,
 'debug_val_samples': 10,
 'dist_backend': 'nccl',
 'dist_url': 'tcp://127.0.0.1:23456',
 'distributed': False,
 'dropout_path_rate': 0.0,
 'dropout_rate': 0.0,
 'early_stopping': False,
 'encoder10_pth': '',
 'exact_class': True,
 'feature_size': 48,
 'fold': 0,
 'folds': False,
 'gpu': 0,
 'ignore_label': 3,
 'in_channels': 1,
 'infer_overlap': 0.5,
 'k_folds': 5,
 'logdir': 'test',
 'logs_dir': 'logs/',
 'loss_name': 'FocalLoss',
 'lrschedule': 'warmup_cosine_restarts',
 'max_epochs': 200,
 'min_delta_loss': 0.001,
 'min_delta_val': 0.001,
 'model_name': 'resnet18',
 'momentum': 0.99,
 'noamp': False,
 'norm_name': 'instance',
 'oar_id': 2104625,
 'optim_lr': 0.005,
 'optim_name': 'adamw',
 'out_channels': 1,
 'output_dir': 'outputs/',
 'patch_merging': False,
 'patience_loss': 20,
 'patience_val': 3,
 'pretrained_dir': './pretrained_models/resnet18/',
 'pretrained_model_name': 'resnet_18.pth',
 'rank': 0,
 'reg_weight': 5e-05,
 'restart_T0': 20,
 'resume_ckpt': False,
 'roi_x': 128,
 'roi_y': 128,
 'roi_z': 128,
 'save_checkpoint': True,
 'seed': 3,
 'similarity_loss': '',
 'similarity_loss_weight': 0.0,
 'spatial_dims': 3,
 'split_method': 'percentage',
 'start_epoch': 0,
 'sw_batch_size': 4,
 'telegram_log': True,
 'test_mode': False,
 'token': './token/tlg_token.txt',
 'use_checkpoint': False,
 'val_every': 4,
 'warmup_epochs': 6,
 'workers': 8,
 'world_size': 1}

Saved configuration to: outputs/OrganoidsINRIA/resnet18/2025-11-03-16-05/config.txt
Using GPU: 0

Model INFO:
Model architecture: resnet18
Using pretrained weights
=> loading pretrained model './pretrained_models/resnet18/resnet_18.pth'
['layer2.0.downsample.0.weight', 'layer2.0.downsample.1.weight', 'layer2.0.downsample.1.bias', 'layer2.0.downsample.1.running_mean', 'layer2.0.downsample.1.running_var', 'layer3.0.downsample.0.weight', 'layer3.0.downsample.1.weight', 'layer3.0.downsample.1.bias', 'layer3.0.downsample.1.running_mean', 'layer3.0.downsample.1.running_var', 'layer4.0.downsample.0.weight', 'layer4.0.downsample.1.weight', 'layer4.0.downsample.1.bias', 'layer4.0.downsample.1.running_mean', 'layer4.0.downsample.1.running_var', 'conv_seg.0.weight', 'conv_seg.0.bias', 'conv_seg.1.weight', 'conv_seg.1.bias', 'conv_seg.1.running_mean', 'conv_seg.1.running_var', 'conv_seg.3.weight', 'conv_seg.4.weight', 'conv_seg.4.bias', 'conv_seg.4.running_mean', 'conv_seg.4.running_var', 'conv_seg.6.weight']
Missing keys when loading pretrained: 27
Using SwinUNETR with Single Linear Classification Head

Optimizer INFO:
Using optimizer: adamw with lr=0.005, weight_decay=5e-05

Dataset INFO:
Dataset length: 423
Class distribution in entire dataset:
  Class 0: 137
  Class 1: 43
  Class 2: 243

Using split method: percentage
Stratified proportional split per classe (train, val): [(np.int64(0), np.int64(69), np.int64(17)), (np.int64(1), np.int64(34), np.int64(9)), (np.int64(2), np.int64(69), np.int64(17))]
Total: 172 train, 43 val

Train set balance:
Class distribution:
  Class 0: 69 samples
  Class 1: 34 samples
  Class 2: 69 samples

Val set balance:
Class distribution:
  Class 0: 17 samples
  Class 1: 9 samples
  Class 2: 17 samples
Training set length: 172
Validation set length: 43

Using standard shuffle for training
Training loader: 43 batches
Validation loader: 43 batches

Class distribution in training set:
  Class 0: 69 (40.1%)
  Class 1: 34 (19.8%)
  Class 2: 69 (40.1%)
Class distribution in validation set:
  Class 0: 17 (39.5%)
  Class 1: 9 (20.9%)
  Class 2: 17 (39.5%)
**************************************************
Class weights: [ 8.309  16.863  8.309]

Using loss function: FocalLoss
**************************************************
Starting training...
✓ Unfrozen: fc.weight (1536 params)
✓ Unfrozen: fc.bias (3 params)
Total frozen: 33318912, trainable: 1539
0 Mon Nov  3 16:05:51 2025 Epoch: 0
Epoch: 0/200 Iter: 0/43 loss: 5.5713 acc: 0.3333 sim_loss: 0.0000 time 48.30s
Epoch: 0/200 Iter: 1/43 loss: 6.4751 acc: 0.1667 time 2.21s
Epoch: 0/200 Iter: 2/43 loss: 7.2612 acc: 0.1111 time 0.72s
Epoch: 0/200 Iter: 3/43 loss: 7.5241 acc: 0.2083 time 0.76s
Epoch: 0/200 Iter: 4/43 loss: 7.1658 acc: 0.1667 time 0.75s
Epoch: 0/200 Iter: 5/43 loss: 7.0977 acc: 0.1944 time 0.76s
Epoch: 0/200 Iter: 6/43 loss: 6.5910 acc: 0.2381 time 2.13s
Epoch: 0/200 Iter: 7/43 loss: 6.6184 acc: 0.2500 time 0.72s
Epoch: 0/200 Iter: 8/43 loss: 6.6177 acc: 0.2778 time 0.73s
Epoch: 0/200 Iter: 9/43 loss: 6.4802 acc: 0.2833 time 1.50s
Epoch: 0/200 Iter: 10/43 loss: 6.6296 acc: 0.2576 time 0.74s
Epoch: 0/200 Iter: 11/43 loss: 6.5021 acc: 0.2778 time 0.78s
Epoch: 0/200 Iter: 12/43 loss: 6.4029 acc: 0.2564 time 0.75s
Epoch: 0/200 Iter: 13/43 loss: 6.4907 acc: 0.2738 time 0.82s
Epoch: 0/200 Iter: 14/43 loss: 6.3990 acc: 0.2778 time 0.78s
Epoch: 0/200 Iter: 15/43 loss: 6.3215 acc: 0.2813 time 0.81s
Epoch: 0/200 Iter: 16/43 loss: 6.2534 acc: 0.2647 time 0.76s
Epoch: 0/200 Iter: 17/43 loss: 6.2513 acc: 0.2500 time 0.77s
Epoch: 0/200 Iter: 18/43 loss: 6.1895 acc: 0.2544 time 0.85s
Epoch: 0/200 Iter: 19/43 loss: 6.1392 acc: 0.2417 time 7.57s
Epoch: 0/200 Iter: 20/43 loss: 6.0873 acc: 0.2460 time 0.78s
Epoch: 0/200 Iter: 21/43 loss: 6.0887 acc: 0.2348 time 3.15s
Epoch: 0/200 Iter: 22/43 loss: 6.0409 acc: 0.2391 time 1.01s
Epoch: 0/200 Iter: 23/43 loss: 5.9955 acc: 0.2292 time 0.76s
Epoch: 0/200 Iter: 24/43 loss: 6.0375 acc: 0.2200 time 9.36s
Epoch: 0/200 Iter: 25/43 loss: 6.0359 acc: 0.2244 time 0.79s
Epoch: 0/200 Iter: 26/43 loss: 6.0412 acc: 0.2346 time 0.82s
Epoch: 0/200 Iter: 27/43 loss: 6.0331 acc: 0.2262 time 7.48s
Epoch: 0/200 Iter: 28/43 loss: 6.0057 acc: 0.2299 time 2.28s
Epoch: 0/200 Iter: 29/43 loss: 6.0117 acc: 0.2389 time 0.94s
Epoch: 0/200 Iter: 30/43 loss: 5.9859 acc: 0.2419 time 2.12s
Epoch: 0/200 Iter: 31/43 loss: 6.0016 acc: 0.2344 time 2.45s
Epoch: 0/200 Iter: 32/43 loss: 5.9601 acc: 0.2273 time 5.96s
Epoch: 0/200 Iter: 33/43 loss: 5.9241 acc: 0.2304 time 0.87s
Epoch: 0/200 Iter: 34/43 loss: 5.8946 acc: 0.2333 time 0.80s
Epoch: 0/200 Iter: 35/43 loss: 5.8665 acc: 0.2361 time 0.82s
Epoch: 0/200 Iter: 36/43 loss: 5.8546 acc: 0.2297 time 0.90s
Epoch: 0/200 Iter: 37/43 loss: 5.8513 acc: 0.2325 time 2.19s
Epoch: 0/200 Iter: 38/43 loss: 5.8175 acc: 0.2265 time 0.84s
Epoch: 0/200 Iter: 39/43 loss: 5.8052 acc: 0.2208 time 3.19s
Epoch: 0/200 Iter: 40/43 loss: 5.7827 acc: 0.2236 time 0.79s
Epoch: 0/200 Iter: 41/43 loss: 5.7885 acc: 0.2183 time 2.11s
Epoch: 0/200 Iter: 42/43 loss: 5.7669 acc: 0.2209 time 0.74s
[Train epoch 0] avg_loss=5.7669 avg_acc=0.2209 | per-class [c0: 0.000, c1: 1.000, c2: 0.000]
Final training 0/199, loss: 5.7669, time 124.38s, lr: 0.000050
Accuracy: 0.198
class                  precision    recall   specificity      f1   support
--------------------------------------------------------------------------
0                          0.000     0.000         1.000   0.000        69
1                          0.198     1.000         0.000   0.330        34
2                          0.000     0.000         1.000   0.000        69
*----------------------------------------*
0 Mon Nov  3 16:07:56 2025 Epoch: 1
Epoch: 1/200 Iter: 0/43 loss: 5.1435 acc: 0.0000 time 2.81s
Epoch: 1/200 Iter: 1/43 loss: 5.5333 acc: 0.0000 time 1.19s
Epoch: 1/200 Iter: 2/43 loss: 5.4282 acc: 0.1111 time 1.22s
Epoch: 1/200 Iter: 3/43 loss: 5.3936 acc: 0.1667 time 0.84s
Epoch: 1/200 Iter: 4/43 loss: 4.9942 acc: 0.2333 time 0.87s
Epoch: 1/200 Iter: 5/43 loss: 5.5861 acc: 0.2500 time 0.81s
Epoch: 1/200 Iter: 6/43 loss: 5.2489 acc: 0.2857 time 0.97s
Epoch: 1/200 Iter: 7/43 loss: 4.9989 acc: 0.3125 time 0.80s
Epoch: 1/200 Iter: 8/43 loss: 5.2131 acc: 0.3148 time 0.80s
Epoch: 1/200 Iter: 9/43 loss: 5.1062 acc: 0.3333 time 2.17s
Epoch: 1/200 Iter: 10/43 loss: 5.2592 acc: 0.3333 time 0.76s
Epoch: 1/200 Iter: 11/43 loss: 5.4191 acc: 0.3333 time 0.84s
Epoch: 1/200 Iter: 12/43 loss: 5.5298 acc: 0.3333 time 0.77s
Epoch: 1/200 Iter: 13/43 loss: 5.8941 acc: 0.3333 time 0.79s
Epoch: 1/200 Iter: 14/43 loss: 5.9215 acc: 0.3111 time 0.81s
Epoch: 1/200 Iter: 15/43 loss: 5.9249 acc: 0.3125 time 0.77s
Epoch: 1/200 Iter: 16/43 loss: 5.7534 acc: 0.3235 time 0.81s
Epoch: 1/200 Iter: 17/43 loss: 5.8504 acc: 0.3241 time 0.81s
Epoch: 1/200 Iter: 18/43 loss: 5.9316 acc: 0.3070 time 0.82s
Epoch: 1/200 Iter: 19/43 loss: 5.8542 acc: 0.3167 time 0.81s
Epoch: 1/200 Iter: 20/43 loss: 5.8043 acc: 0.3254 time 0.78s
Epoch: 1/200 Iter: 21/43 loss: 5.8378 acc: 0.3333 time 0.84s
Epoch: 1/200 Iter: 22/43 loss: 5.7603 acc: 0.3188 time 1.03s
Epoch: 1/200 Iter: 23/43 loss: 5.6973 acc: 0.3264 time 0.83s
Epoch: 1/200 Iter: 24/43 loss: 5.7076 acc: 0.3133 time 0.79s
Epoch: 1/200 Iter: 25/43 loss: 5.7224 acc: 0.3013 time 2.16s
Epoch: 1/200 Iter: 26/43 loss: 5.7370 acc: 0.3025 time 0.96s
Epoch: 1/200 Iter: 27/43 loss: 5.7332 acc: 0.2917 time 2.15s
Epoch: 1/200 Iter: 28/43 loss: 5.6840 acc: 0.2816 time 0.75s
Epoch: 1/200 Iter: 29/43 loss: 5.6567 acc: 0.2889 time 2.18s
Epoch: 1/200 Iter: 30/43 loss: 5.6300 acc: 0.2903 time 2.10s
Epoch: 1/200 Iter: 31/43 loss: 5.6101 acc: 0.2969 time 0.73s
Epoch: 1/200 Iter: 32/43 loss: 5.5740 acc: 0.3030 time 0.79s
Epoch: 1/200 Iter: 33/43 loss: 5.5793 acc: 0.3039 time 0.72s
Epoch: 1/200 Iter: 34/43 loss: 5.5874 acc: 0.3048 time 0.84s
Epoch: 1/200 Iter: 35/43 loss: 5.5911 acc: 0.3056 time 0.76s
Epoch: 1/200 Iter: 36/43 loss: 5.6750 acc: 0.3108 time 0.75s
Epoch: 1/200 Iter: 37/43 loss: 5.6889 acc: 0.3114 time 2.17s
Epoch: 1/200 Iter: 38/43 loss: 5.6098 acc: 0.3162 time 0.75s
Epoch: 1/200 Iter: 39/43 loss: 5.7094 acc: 0.3083 time 0.75s
Epoch: 1/200 Iter: 40/43 loss: 5.6372 acc: 0.3130 time 0.72s
Epoch: 1/200 Iter: 41/43 loss: 5.6931 acc: 0.3056 time 2.11s
Epoch: 1/200 Iter: 42/43 loss: 5.7919 acc: 0.2984 time 0.72s
[Train epoch 1] avg_loss=5.7919 avg_acc=0.2984 | per-class [c0: 0.246, c1: 0.118, c2: 0.406]
Final training 1/199, loss: 5.7919, time 46.88s, lr: 0.000875
Accuracy: 0.285
class                  precision    recall   specificity      f1   support
--------------------------------------------------------------------------
0                          0.315     0.246         0.641   0.276        69
1                          0.103     0.118         0.746   0.110        34
2                          0.354     0.406         0.505   0.378        69
*----------------------------------------*
0 Mon Nov  3 16:08:42 2025 Epoch: 2
Epoch: 2/200 Iter: 0/43 loss: 5.5616 acc: 0.5000 time 3.00s
Epoch: 2/200 Iter: 1/43 loss: 5.0858 acc: 0.5000 time 1.45s
Epoch: 2/200 Iter: 2/43 loss: 5.0040 acc: 0.4444 time 0.78s
Epoch: 2/200 Iter: 3/43 loss: 5.0033 acc: 0.4167 time 0.82s
Epoch: 2/200 Iter: 4/43 loss: 5.0921 acc: 0.4000 time 0.89s
Epoch: 2/200 Iter: 5/43 loss: 5.0420 acc: 0.3333 time 0.96s
Epoch: 2/200 Iter: 6/43 loss: 5.1371 acc: 0.2857 time 0.85s
Epoch: 2/200 Iter: 7/43 loss: 5.1745 acc: 0.2917 time 0.84s
Epoch: 2/200 Iter: 8/43 loss: 5.0075 acc: 0.3148 time 0.86s
Epoch: 2/200 Iter: 9/43 loss: 5.3085 acc: 0.2833 time 2.18s
Epoch: 2/200 Iter: 10/43 loss: 5.5068 acc: 0.2879 time 1.01s
Epoch: 2/200 Iter: 11/43 loss: 5.6625 acc: 0.2639 time 0.88s
Epoch: 2/200 Iter: 12/43 loss: 5.8486 acc: 0.2692 time 1.12s
Epoch: 2/200 Iter: 13/43 loss: 5.8027 acc: 0.2857 time 0.81s
Epoch: 2/200 Iter: 14/43 loss: 5.6735 acc: 0.3000 time 0.80s
Epoch: 2/200 Iter: 15/43 loss: 5.7101 acc: 0.3021 time 2.13s
Epoch: 2/200 Iter: 16/43 loss: 5.8845 acc: 0.2843 time 2.17s
Epoch: 2/200 Iter: 17/43 loss: 5.7462 acc: 0.2963 time 2.12s
Epoch: 2/200 Iter: 18/43 loss: 5.7192 acc: 0.3070 time 0.78s
Epoch: 2/200 Iter: 19/43 loss: 5.6747 acc: 0.3083 time 0.79s
Epoch: 2/200 Iter: 20/43 loss: 5.6488 acc: 0.3175 time 0.79s
Epoch: 2/200 Iter: 21/43 loss: 5.6099 acc: 0.3182 time 0.82s
Epoch: 2/200 Iter: 22/43 loss: 5.5621 acc: 0.3261 time 1.04s
Epoch: 2/200 Iter: 23/43 loss: 5.6141 acc: 0.3125 time 0.98s
Epoch: 2/200 Iter: 24/43 loss: 5.5868 acc: 0.3133 time 0.96s
Epoch: 2/200 Iter: 25/43 loss: 5.5618 acc: 0.3269 time 2.09s
Epoch: 2/200 Iter: 26/43 loss: 5.5386 acc: 0.3272 time 2.12s
Epoch: 2/200 Iter: 27/43 loss: 5.5632 acc: 0.3155 time 0.73s
Epoch: 2/200 Iter: 28/43 loss: 5.5495 acc: 0.3218 time 0.79s
Epoch: 2/200 Iter: 29/43 loss: 5.4875 acc: 0.3278 time 0.84s
Epoch: 2/200 Iter: 30/43 loss: 5.4965 acc: 0.3333 time 0.73s
Epoch: 2/200 Iter: 31/43 loss: 5.4482 acc: 0.3385 time 0.81s
Epoch: 2/200 Iter: 32/43 loss: 5.4815 acc: 0.3434 time 0.75s
Epoch: 2/200 Iter: 33/43 loss: 5.4303 acc: 0.3480 time 0.74s
Epoch: 2/200 Iter: 34/43 loss: 5.4321 acc: 0.3381 time 0.76s
Epoch: 2/200 Iter: 35/43 loss: 5.4550 acc: 0.3380 time 2.07s
Epoch: 2/200 Iter: 36/43 loss: 5.4465 acc: 0.3378 time 0.83s
Epoch: 2/200 Iter: 37/43 loss: 5.3991 acc: 0.3289 time 0.75s
Epoch: 2/200 Iter: 38/43 loss: 5.4220 acc: 0.3205 time 0.72s
Epoch: 2/200 Iter: 39/43 loss: 5.4697 acc: 0.3125 time 2.11s
Epoch: 2/200 Iter: 40/43 loss: 5.5079 acc: 0.3130 time 2.27s
Epoch: 2/200 Iter: 41/43 loss: 5.5300 acc: 0.3175 time 0.72s
Epoch: 2/200 Iter: 42/43 loss: 5.5060 acc: 0.3101 time 0.75s
[Train epoch 2] avg_loss=5.5060 avg_acc=0.3101 | per-class [c0: 0.319, c1: 0.324, c2: 0.362]
Final training 2/199, loss: 5.5060, time 50.42s, lr: 0.001700
Accuracy: 0.337
class                  precision    recall   specificity      f1   support
--------------------------------------------------------------------------
0                          0.393     0.319         0.670   0.352        69
1                          0.190     0.324         0.659   0.239        34
2                          0.431     0.362         0.680   0.394        69
*----------------------------------------*
0 Mon Nov  3 16:09:33 2025 Epoch: 3
Epoch: 3/200 Iter: 0/43 loss: 4.8246 acc: 0.6667 time 3.40s
Epoch: 3/200 Iter: 1/43 loss: 6.0125 acc: 0.3333 time 0.81s
Epoch: 3/200 Iter: 2/43 loss: 5.5110 acc: 0.3889 time 0.91s
Epoch: 3/200 Iter: 3/43 loss: 5.0193 acc: 0.4167 time 0.80s
Epoch: 3/200 Iter: 4/43 loss: 4.9873 acc: 0.4333 time 0.84s
Epoch: 3/200 Iter: 5/43 loss: 4.9631 acc: 0.4444 time 2.21s
Epoch: 3/200 Iter: 6/43 loss: 5.5273 acc: 0.3810 time 0.81s
Epoch: 3/200 Iter: 7/43 loss: 5.3245 acc: 0.3958 time 0.78s
Epoch: 3/200 Iter: 8/43 loss: 5.2806 acc: 0.3889 time 0.76s
Epoch: 3/200 Iter: 9/43 loss: 5.2494 acc: 0.3611 time 0.82s
Epoch: 3/200 Iter: 10/43 loss: 5.0432 acc: 0.3737 time 0.83s
Epoch: 3/200 Iter: 11/43 loss: 5.0612 acc: 0.3843 time 0.93s
Epoch: 3/200 Iter: 12/43 loss: 5.3357 acc: 0.3803 time 0.93s
Epoch: 3/200 Iter: 13/43 loss: 5.1520 acc: 0.3889 time 0.78s
Epoch: 3/200 Iter: 14/43 loss: 5.1011 acc: 0.3963 time 0.97s
Epoch: 3/200 Iter: 15/43 loss: 5.1315 acc: 0.3924 time 2.24s
Epoch: 3/200 Iter: 16/43 loss: 5.1786 acc: 0.3889 time 0.81s
Epoch: 3/200 Iter: 17/43 loss: 5.1069 acc: 0.3951 time 0.96s
Epoch: 3/200 Iter: 18/43 loss: 5.0401 acc: 0.4006 time 0.79s
Epoch: 3/200 Iter: 19/43 loss: 4.9830 acc: 0.4056 time 0.80s
Epoch: 3/200 Iter: 20/43 loss: 4.9827 acc: 0.4021 time 0.83s
Epoch: 3/200 Iter: 21/43 loss: 4.9928 acc: 0.3990 time 0.84s
Epoch: 3/200 Iter: 22/43 loss: 5.0619 acc: 0.3816 time 2.20s
Epoch: 3/200 Iter: 23/43 loss: 4.9980 acc: 0.3866 time 0.81s
Epoch: 3/200 Iter: 24/43 loss: 5.0320 acc: 0.3844 time 0.79s
Epoch: 3/200 Iter: 25/43 loss: 5.1386 acc: 0.3825 time 0.93s
Epoch: 3/200 Iter: 26/43 loss: 5.1850 acc: 0.3807 time 0.80s
Epoch: 3/200 Iter: 27/43 loss: 5.1545 acc: 0.3671 time 2.12s
Epoch: 3/200 Iter: 28/43 loss: 5.1613 acc: 0.3659 time 0.73s
Epoch: 3/200 Iter: 29/43 loss: 5.1509 acc: 0.3537 time 2.10s
Epoch: 3/200 Iter: 30/43 loss: 5.1710 acc: 0.3530 time 2.08s
Epoch: 3/200 Iter: 31/43 loss: 5.2287 acc: 0.3576 time 0.72s
Epoch: 3/200 Iter: 32/43 loss: 5.2452 acc: 0.3620 time 0.72s
Epoch: 3/200 Iter: 33/43 loss: 5.2402 acc: 0.3513 time 0.72s
Epoch: 3/200 Iter: 34/43 loss: 5.2348 acc: 0.3556 time 2.11s
Epoch: 3/200 Iter: 35/43 loss: 5.2144 acc: 0.3457 time 0.72s
Epoch: 3/200 Iter: 36/43 loss: 5.2097 acc: 0.3453 time 0.73s
Epoch: 3/200 Iter: 37/43 loss: 5.1923 acc: 0.3538 time 0.73s
Epoch: 3/200 Iter: 38/43 loss: 5.2161 acc: 0.3575 time 0.74s
Epoch: 3/200 Iter: 39/43 loss: 5.2480 acc: 0.3611 time 0.73s
Epoch: 3/200 Iter: 40/43 loss: 5.3272 acc: 0.3645 time 0.75s
Epoch: 3/200 Iter: 41/43 loss: 5.3615 acc: 0.3638 time 0.78s
Epoch: 3/200 Iter: 42/43 loss: 5.3114 acc: 0.3669 time 0.88s
[Train epoch 3] avg_loss=5.3114 avg_acc=0.3669 | per-class [c0: 0.261, c1: 0.382, c2: 0.522]
Final training 3/199, loss: 5.3114, time 46.77s, lr: 0.002525
Accuracy: 0.390
class                  precision    recall   specificity      f1   support
--------------------------------------------------------------------------
0                          0.474     0.261         0.806   0.336        69
1                          0.302     0.382         0.783   0.338        34
2                          0.396     0.522         0.466   0.450        69
*----------------------------------------*
Val 3/200 0/43, Acc: 0.0000, time 1.57s
Val 3/200 1/43, Acc: 0.0000, time 1.68s
Val 3/200 2/43, Acc: 0.3333, time 1.24s
Val 3/200 3/43, Acc: 0.2500, time 1.40s
Val 3/200 4/43, Acc: 0.2000, time 0.36s
Val 3/200 5/43, Acc: 0.1667, time 1.10s
Val 3/200 6/43, Acc: 0.1429, time 1.24s
Val 3/200 7/43, Acc: 0.1250, time 0.36s
Val 3/200 8/43, Acc: 0.1111, time 0.34s
Val 3/200 9/43, Acc: 0.2000, time 0.78s
Val 3/200 10/43, Acc: 0.1818, time 0.37s
Val 3/200 11/43, Acc: 0.1667, time 0.34s
Val 3/200 12/43, Acc: 0.1538, time 0.43s
Val 3/200 13/43, Acc: 0.2143, time 0.42s
Val 3/200 14/43, Acc: 0.2000, time 0.41s
Val 3/200 15/43, Acc: 0.2500, time 0.86s
Val 3/200 16/43, Acc: 0.2941, time 1.31s
Val 3/200 17/43, Acc: 0.2778, time 0.58s
Val 3/200 18/43, Acc: 0.3158, time 1.29s
Val 3/200 19/43, Acc: 0.3000, time 0.43s
Val 3/200 20/43, Acc: 0.2857, time 0.36s
Val 3/200 21/43, Acc: 0.3182, time 0.42s
Val 3/200 22/43, Acc: 0.3043, time 0.43s
Val 3/200 23/43, Acc: 0.3333, time 1.27s
Val 3/200 24/43, Acc: 0.3600, time 1.08s
Val 3/200 25/43, Acc: 0.3462, time 0.34s
Val 3/200 26/43, Acc: 0.3333, time 0.46s
Val 3/200 27/43, Acc: 0.3571, time 1.19s
Val 3/200 28/43, Acc: 0.3448, time 0.43s
Val 3/200 29/43, Acc: 0.3333, time 1.03s
Val 3/200 30/43, Acc: 0.3226, time 0.44s
Val 3/200 31/43, Acc: 0.3438, time 1.25s
Val 3/200 32/43, Acc: 0.3333, time 1.58s
Val 3/200 33/43, Acc: 0.3235, time 1.03s
Val 3/200 34/43, Acc: 0.3429, time 0.83s
Val 3/200 35/43, Acc: 0.3611, time 1.37s
Val 3/200 36/43, Acc: 0.3514, time 1.44s
Val 3/200 37/43, Acc: 0.3684, time 1.15s
Val 3/200 38/43, Acc: 0.3590, time 1.75s
Val 3/200 39/43, Acc: 0.3750, time 0.95s
Val 3/200 40/43, Acc: 0.3902, time 1.29s
Val 3/200 41/43, Acc: 0.3810, time 1.34s
Val 3/200 42/43, Acc: 0.3953, time 1.41s
[Val epoch 3] avg_acc=0.3953 | per-class [c0: 1.000, c1: 0.000, c2: 0.000]
Final validation 3/199, Val_acc: 0.3953, time 39.37sAccuracy: 0.395
class                  precision    recall   specificity      f1   support
--------------------------------------------------------------------------
0                          0.405     1.000         0.038   0.576        17
1                          0.000     0.000         0.971   0.000         9
2                          0.000     0.000         1.000   0.000        17
*========================================*
New best (0.000000 --> 0.395349)
Saving checkpoint outputs/OrganoidsINRIA/resnet18/2025-11-03-16-05/model_final.pt
Copying best model to model.pt
0 Mon Nov  3 16:11:03 2025 Epoch: 4
Epoch: 4/200 Iter: 0/43 loss: 3.6962 acc: 0.5000 time 5.68s
Epoch: 4/200 Iter: 1/43 loss: 4.5557 acc: 0.4167 time 0.81s
Epoch: 4/200 Iter: 2/43 loss: 5.1471 acc: 0.3889 time 0.77s
Epoch: 4/200 Iter: 3/43 loss: 4.5744 acc: 0.4167 time 2.23s
Epoch: 4/200 Iter: 4/43 loss: 4.5941 acc: 0.3333 time 0.76s
Epoch: 4/200 Iter: 5/43 loss: 4.1890 acc: 0.3611 time 2.29s
Epoch: 4/200 Iter: 6/43 loss: 4.5319 acc: 0.3095 time 1.00s
Epoch: 4/200 Iter: 7/43 loss: 6.2368 acc: 0.3333 time 2.29s
Epoch: 4/200 Iter: 8/43 loss: 5.8977 acc: 0.3519 time 2.23s
Epoch: 4/200 Iter: 9/43 loss: 6.1250 acc: 0.3167 time 2.10s
Epoch: 4/200 Iter: 10/43 loss: 5.7871 acc: 0.3788 time 2.10s
Epoch: 4/200 Iter: 11/43 loss: 5.8693 acc: 0.3750 time 2.17s
Epoch: 4/200 Iter: 12/43 loss: 5.7678 acc: 0.3462 time 0.76s
Epoch: 4/200 Iter: 13/43 loss: 5.7429 acc: 0.3571 time 1.01s
Epoch: 4/200 Iter: 14/43 loss: 5.7078 acc: 0.3556 time 0.89s
Epoch: 4/200 Iter: 15/43 loss: 5.5999 acc: 0.3646 time 0.81s
Epoch: 4/200 Iter: 16/43 loss: 5.6695 acc: 0.3431 time 0.81s
Epoch: 4/200 Iter: 17/43 loss: 5.6342 acc: 0.3426 time 2.18s
Epoch: 4/200 Iter: 18/43 loss: 5.6786 acc: 0.3421 time 0.79s
Epoch: 4/200 Iter: 19/43 loss: 5.7882 acc: 0.3250 time 0.94s
Epoch: 4/200 Iter: 20/43 loss: 5.7093 acc: 0.3333 time 1.05s
Epoch: 4/200 Iter: 21/43 loss: 5.7476 acc: 0.3182 time 0.86s
Epoch: 4/200 Iter: 22/43 loss: 5.7369 acc: 0.3188 time 2.17s
Epoch: 4/200 Iter: 23/43 loss: 5.7710 acc: 0.3056 time 0.92s
Epoch: 4/200 Iter: 24/43 loss: 5.7358 acc: 0.3067 time 0.96s
Epoch: 4/200 Iter: 25/43 loss: 5.7472 acc: 0.3013 time 0.82s
Epoch: 4/200 Iter: 26/43 loss: 5.8068 acc: 0.2901 time 0.79s
Epoch: 4/200 Iter: 27/43 loss: 5.8380 acc: 0.2917 time 0.75s
Epoch: 4/200 Iter: 28/43 loss: 5.8146 acc: 0.2931 time 0.75s
Epoch: 4/200 Iter: 29/43 loss: 5.8063 acc: 0.2944 time 2.08s
Epoch: 4/200 Iter: 30/43 loss: 5.7401 acc: 0.3011 time 0.74s
Epoch: 4/200 Iter: 31/43 loss: 5.7044 acc: 0.3021 time 0.75s
Epoch: 4/200 Iter: 32/43 loss: 5.6530 acc: 0.3081 time 0.93s
Epoch: 4/200 Iter: 33/43 loss: 5.5632 acc: 0.3137 time 0.75s
Epoch: 4/200 Iter: 34/43 loss: 5.5333 acc: 0.3190 time 0.73s
Epoch: 4/200 Iter: 35/43 loss: 5.6614 acc: 0.3194 time 0.72s
Epoch: 4/200 Iter: 36/43 loss: 5.6197 acc: 0.3243 time 0.82s
Epoch: 4/200 Iter: 37/43 loss: 5.5657 acc: 0.3289 time 0.76s
Epoch: 4/200 Iter: 38/43 loss: 5.4831 acc: 0.3333 time 0.81s
Epoch: 4/200 Iter: 39/43 loss: 5.5066 acc: 0.3333 time 2.31s
Epoch: 4/200 Iter: 40/43 loss: 5.4987 acc: 0.3333 time 0.72s
Epoch: 4/200 Iter: 41/43 loss: 5.4606 acc: 0.3373 time 0.72s
Epoch: 4/200 Iter: 42/43 loss: 5.4495 acc: 0.3372 time 0.72s
[Train epoch 4] avg_loss=5.4495 avg_acc=0.3372 | per-class [c0: 0.406, c1: 0.294, c2: 0.290]
Final training 4/199, loss: 5.4495, time 55.28s, lr: 0.003350
Accuracy: 0.337
class                  precision    recall   specificity      f1   support
--------------------------------------------------------------------------
0                          0.394     0.406         0.583   0.400        69
1                          0.233     0.294         0.761   0.260        34
2                          0.345     0.290         0.631   0.315        69
*----------------------------------------*
0 Mon Nov  3 16:11:59 2025 Epoch: 5
Epoch: 5/200 Iter: 0/43 loss: 2.8825 acc: 0.5000 time 2.88s
Epoch: 5/200 Iter: 1/43 loss: 2.8001 acc: 0.5000 time 2.44s
Epoch: 5/200 Iter: 2/43 loss: 3.7396 acc: 0.4444 time 0.86s
Epoch: 5/200 Iter: 3/43 loss: 3.5611 acc: 0.4583 time 0.78s
Epoch: 5/200 Iter: 4/43 loss: 4.6182 acc: 0.4000 time 2.11s
Epoch: 5/200 Iter: 5/43 loss: 4.3471 acc: 0.4167 time 2.12s
Epoch: 5/200 Iter: 6/43 loss: 4.2877 acc: 0.4286 time 2.19s
Epoch: 5/200 Iter: 7/43 loss: 4.3781 acc: 0.4375 time 2.17s
Epoch: 5/200 Iter: 8/43 loss: 4.5660 acc: 0.3889 time 0.92s
Epoch: 5/200 Iter: 9/43 loss: 4.7145 acc: 0.4250 time 0.82s
Epoch: 5/200 Iter: 10/43 loss: 4.6882 acc: 0.3864 time 0.79s
Epoch: 5/200 Iter: 11/43 loss: 4.7355 acc: 0.4097 time 0.81s
Epoch: 5/200 Iter: 12/43 loss: 4.7578 acc: 0.4038 time 2.15s
Epoch: 5/200 Iter: 13/43 loss: 4.7067 acc: 0.4226 time 2.11s
Epoch: 5/200 Iter: 14/43 loss: 4.6968 acc: 0.4167 time 0.79s
Epoch: 5/200 Iter: 15/43 loss: 4.6711 acc: 0.4115 time 0.81s
Epoch: 5/200 Iter: 16/43 loss: 4.7524 acc: 0.3873 time 0.77s
Epoch: 5/200 Iter: 17/43 loss: 4.7699 acc: 0.3935 time 0.82s
Epoch: 5/200 Iter: 18/43 loss: 4.7327 acc: 0.3787 time 2.33s
Epoch: 5/200 Iter: 19/43 loss: 4.6666 acc: 0.3847 time 0.77s
Epoch: 5/200 Iter: 20/43 loss: 4.6471 acc: 0.3902 time 0.82s
Epoch: 5/200 Iter: 21/43 loss: 4.8600 acc: 0.3725 time 0.81s
Epoch: 5/200 Iter: 22/43 loss: 4.9960 acc: 0.3563 time 0.81s
Epoch: 5/200 Iter: 23/43 loss: 4.9771 acc: 0.3414 time 0.79s
Epoch: 5/200 Iter: 24/43 loss: 4.9904 acc: 0.3411 time 0.77s
Epoch: 5/200 Iter: 25/43 loss: 5.0938 acc: 0.3408 time 1.02s
Epoch: 5/200 Iter: 26/43 loss: 5.1496 acc: 0.3405 time 1.00s
Epoch: 5/200 Iter: 27/43 loss: 5.3807 acc: 0.3403 time 0.80s
Epoch: 5/200 Iter: 28/43 loss: 5.3109 acc: 0.3458 time 0.71s
Epoch: 5/200 Iter: 29/43 loss: 5.4489 acc: 0.3454 time 0.75s
Epoch: 5/200 Iter: 30/43 loss: 5.4455 acc: 0.3557 time 0.90s
Epoch: 5/200 Iter: 31/43 loss: 5.4607 acc: 0.3446 time 0.76s
Epoch: 5/200 Iter: 32/43 loss: 5.4857 acc: 0.3342 time 0.72s
Epoch: 5/200 Iter: 33/43 loss: 5.4508 acc: 0.3440 time 0.73s
Epoch: 5/200 Iter: 34/43 loss: 5.5783 acc: 0.3341 time 0.74s
Epoch: 5/200 Iter: 35/43 loss: 5.6355 acc: 0.3341 time 0.76s
Epoch: 5/200 Iter: 36/43 loss: 5.6580 acc: 0.3341 time 0.72s
Epoch: 5/200 Iter: 37/43 loss: 5.6653 acc: 0.3341 time 0.72s
Epoch: 5/200 Iter: 38/43 loss: 5.6321 acc: 0.3340 time 0.78s
Epoch: 5/200 Iter: 39/43 loss: 5.6750 acc: 0.3257 time 0.80s
Epoch: 5/200 Iter: 40/43 loss: 5.6972 acc: 0.3259 time 0.74s
Epoch: 5/200 Iter: 41/43 loss: 5.6788 acc: 0.3340 time 2.06s
Epoch: 5/200 Iter: 42/43 loss: 5.7012 acc: 0.3262 time 2.11s
[Train epoch 5] avg_loss=5.7012 avg_acc=0.3262 | per-class [c0: 0.290, c1: 0.441, c2: 0.377]
Final training 5/199, loss: 5.7012, time 50.29s, lr: 0.004175
Accuracy: 0.355
class                  precision    recall   specificity      f1   support
--------------------------------------------------------------------------
0                          0.333     0.290         0.612   0.310        69
1                          0.306     0.441         0.754   0.361        34
2                          0.413     0.377         0.641   0.394        69
*----------------------------------------*
0 Mon Nov  3 16:12:49 2025 Epoch: 6
Epoch: 6/200 Iter: 0/43 loss: 4.5884 acc: 0.3333 time 3.75s
Epoch: 6/200 Iter: 1/43 loss: 4.4401 acc: 0.3333 time 0.85s
Epoch: 6/200 Iter: 2/43 loss: 4.8162 acc: 0.4444 time 0.80s
Epoch: 6/200 Iter: 3/43 loss: 5.4479 acc: 0.4167 time 1.11s
Epoch: 6/200 Iter: 4/43 loss: 5.3274 acc: 0.4667 time 2.30s
Epoch: 6/200 Iter: 5/43 loss: 5.3134 acc: 0.3889 time 0.81s
Epoch: 6/200 Iter: 6/43 loss: 5.0259 acc: 0.4048 time 0.79s
Epoch: 6/200 Iter: 7/43 loss: 4.7489 acc: 0.4167 time 2.15s
Epoch: 6/200 Iter: 8/43 loss: 4.7346 acc: 0.4259 time 0.81s
Epoch: 6/200 Iter: 9/43 loss: 4.5521 acc: 0.4333 time 0.83s
Epoch: 6/200 Iter: 10/43 loss: 5.2946 acc: 0.3939 time 0.76s
Epoch: 6/200 Iter: 11/43 loss: 4.9155 acc: 0.4444 time 0.78s
Epoch: 6/200 Iter: 12/43 loss: 5.0553 acc: 0.4359 time 0.77s
Epoch: 6/200 Iter: 13/43 loss: 4.9082 acc: 0.4405 time 0.96s
Epoch: 6/200 Iter: 14/43 loss: 4.9958 acc: 0.4333 time 2.29s
Epoch: 6/200 Iter: 15/43 loss: 5.0105 acc: 0.4271 time 0.92s
Epoch: 6/200 Iter: 16/43 loss: 5.0462 acc: 0.4314 time 2.10s
Epoch: 6/200 Iter: 17/43 loss: 5.1503 acc: 0.4259 time 0.92s
Epoch: 6/200 Iter: 18/43 loss: 5.1404 acc: 0.4298 time 0.98s
Epoch: 6/200 Iter: 19/43 loss: 5.1135 acc: 0.4083 time 0.85s
Epoch: 6/200 Iter: 20/43 loss: 5.1359 acc: 0.4048 time 0.81s
Epoch: 6/200 Iter: 21/43 loss: 5.1092 acc: 0.3939 time 2.12s
Epoch: 6/200 Iter: 22/43 loss: 5.0551 acc: 0.4058 time 0.78s
Epoch: 6/200 Iter: 23/43 loss: 5.0093 acc: 0.3889 time 0.81s
Epoch: 6/200 Iter: 24/43 loss: 5.1055 acc: 0.3933 time 0.78s
Epoch: 6/200 Iter: 25/43 loss: 5.0430 acc: 0.3974 time 0.78s
Epoch: 6/200 Iter: 26/43 loss: 5.0937 acc: 0.3951 time 0.80s
Epoch: 6/200 Iter: 27/43 loss: 5.1140 acc: 0.3810 time 2.09s
Epoch: 6/200 Iter: 28/43 loss: 5.1042 acc: 0.3908 time 0.73s
Epoch: 6/200 Iter: 29/43 loss: 5.0386 acc: 0.3944 time 0.75s
Epoch: 6/200 Iter: 30/43 loss: 5.0302 acc: 0.4032 time 0.82s
Epoch: 6/200 Iter: 31/43 loss: 5.0324 acc: 0.4063 time 2.07s
Epoch: 6/200 Iter: 32/43 loss: 5.0586 acc: 0.4091 time 2.19s
Epoch: 6/200 Iter: 33/43 loss: 5.1540 acc: 0.3971 time 0.74s
Epoch: 6/200 Iter: 34/43 loss: 5.2488 acc: 0.3857 time 0.77s
Epoch: 6/200 Iter: 35/43 loss: 5.2454 acc: 0.3843 time 0.82s
Epoch: 6/200 Iter: 36/43 loss: 5.2224 acc: 0.3829 time 0.73s
Epoch: 6/200 Iter: 37/43 loss: 5.1689 acc: 0.3827 time 0.80s
Epoch: 6/200 Iter: 38/43 loss: 5.1975 acc: 0.3814 time 0.72s
Epoch: 6/200 Iter: 39/43 loss: 5.0910 acc: 0.3969 time 0.77s
Epoch: 6/200 Iter: 40/43 loss: 5.1413 acc: 0.3953 time 2.11s
Epoch: 6/200 Iter: 41/43 loss: 5.1092 acc: 0.3978 time 0.75s
Epoch: 6/200 Iter: 42/43 loss: 5.1732 acc: 0.3963 time 0.74s
[Train epoch 6] avg_loss=5.1732 avg_acc=0.3963 | per-class [c0: 0.377, c1: 0.559, c2: 0.391]
Final training 6/199, loss: 5.1732, time 50.08s, lr: 0.005000
Accuracy: 0.419
class                  precision    recall   specificity      f1   support
--------------------------------------------------------------------------
0                          0.433     0.377         0.670   0.403        69
1                          0.339     0.559         0.732   0.422        34
2                          0.482     0.391         0.718   0.432        69
*----------------------------------------*
0 Mon Nov  3 16:13:39 2025 Epoch: 7
Epoch: 7/200 Iter: 0/43 loss: 3.2398 acc: 0.5000 time 3.59s
Epoch: 7/200 Iter: 1/43 loss: 4.5072 acc: 0.4167 time 0.92s
Epoch: 7/200 Iter: 2/43 loss: 5.9079 acc: 0.2778 time 2.22s
Epoch: 7/200 Iter: 3/43 loss: 6.1678 acc: 0.2917 time 2.16s
Epoch: 7/200 Iter: 4/43 loss: 6.3603 acc: 0.3000 time 1.01s
Epoch: 7/200 Iter: 5/43 loss: 6.6184 acc: 0.2500 time 0.97s
Epoch: 7/200 Iter: 6/43 loss: 6.4583 acc: 0.2619 time 2.19s
Epoch: 7/200 Iter: 7/43 loss: 6.7090 acc: 0.2292 time 2.14s
Epoch: 7/200 Iter: 8/43 loss: 6.6544 acc: 0.2037 time 0.80s
Epoch: 7/200 Iter: 9/43 loss: 6.7959 acc: 0.2167 time 0.75s
Epoch: 7/200 Iter: 10/43 loss: 6.5405 acc: 0.2273 time 0.78s
Epoch: 7/200 Iter: 11/43 loss: 6.5551 acc: 0.2361 time 2.15s
Epoch: 7/200 Iter: 12/43 loss: 6.5624 acc: 0.2436 time 0.91s
Epoch: 7/200 Iter: 13/43 loss: 6.4661 acc: 0.2500 time 0.80s
Epoch: 7/200 Iter: 14/43 loss: 6.2163 acc: 0.2667 time 2.15s
Epoch: 7/200 Iter: 15/43 loss: 6.2853 acc: 0.2708 time 2.11s
Epoch: 7/200 Iter: 16/43 loss: 6.2995 acc: 0.2745 time 0.81s
Epoch: 7/200 Iter: 17/43 loss: 6.0950 acc: 0.2870 time 1.03s
Epoch: 7/200 Iter: 18/43 loss: 6.1148 acc: 0.2982 time 2.24s
Epoch: 7/200 Iter: 19/43 loss: 6.0231 acc: 0.3083 time 1.03s
Epoch: 7/200 Iter: 20/43 loss: 5.9286 acc: 0.3413 time 0.80s
Epoch: 7/200 Iter: 21/43 loss: 5.8782 acc: 0.3409 time 0.79s
Epoch: 7/200 Iter: 22/43 loss: 5.7562 acc: 0.3478 time 0.93s
Epoch: 7/200 Iter: 23/43 loss: 5.8096 acc: 0.3472 time 2.14s
Epoch: 7/200 Iter: 24/43 loss: 5.7173 acc: 0.3533 time 0.80s
Epoch: 7/200 Iter: 25/43 loss: 5.7262 acc: 0.3654 time 0.91s
Epoch: 7/200 Iter: 26/43 loss: 5.7650 acc: 0.3580 time 0.73s
Epoch: 7/200 Iter: 27/43 loss: 5.7227 acc: 0.3690 time 0.77s
Epoch: 7/200 Iter: 28/43 loss: 5.7702 acc: 0.3563 time 0.75s
Epoch: 7/200 Iter: 29/43 loss: 5.7152 acc: 0.3611 time 0.96s
Epoch: 7/200 Iter: 30/43 loss: 5.7138 acc: 0.3656 time 0.78s
Epoch: 7/200 Iter: 31/43 loss: 5.7806 acc: 0.3646 time 0.80s
Epoch: 7/200 Iter: 32/43 loss: 5.8350 acc: 0.3687 time 0.75s
Epoch: 7/200 Iter: 33/43 loss: 5.9577 acc: 0.3676 time 0.75s
Epoch: 7/200 Iter: 34/43 loss: 5.9420 acc: 0.3667 time 0.81s
Epoch: 7/200 Iter: 35/43 loss: 6.1388 acc: 0.3565 time 0.72s
Epoch: 7/200 Iter: 36/43 loss: 6.0982 acc: 0.3604 time 2.13s
Epoch: 7/200 Iter: 37/43 loss: 6.0499 acc: 0.3596 time 0.81s
Epoch: 7/200 Iter: 38/43 loss: 5.9791 acc: 0.3561 time 1.03s
Epoch: 7/200 Iter: 39/43 loss: 5.9645 acc: 0.3514 time 0.72s
Epoch: 7/200 Iter: 40/43 loss: 5.9141 acc: 0.3591 time 2.08s
Epoch: 7/200 Iter: 41/43 loss: 5.8377 acc: 0.3704 time 0.72s
Epoch: 7/200 Iter: 42/43 loss: 5.8538 acc: 0.3695 time 0.77s
[Train epoch 7] avg_loss=5.8538 avg_acc=0.3695 | per-class [c0: 0.333, c1: 0.382, c2: 0.420]
Final training 7/199, loss: 5.8538, time 53.27s, lr: 0.004969
Accuracy: 0.378
class                  precision    recall   specificity      f1   support
--------------------------------------------------------------------------
0                          0.390     0.333         0.650   0.359        69
1                          0.255     0.382         0.725   0.306        34
2                          0.468     0.420         0.680   0.443        69
*----------------------------------------*
Val 7/200 0/43, Acc: 0.0000, time 0.38s
Val 7/200 1/43, Acc: 0.0000, time 0.31s
Val 7/200 2/43, Acc: 0.3333, time 0.38s
Val 7/200 3/43, Acc: 0.2500, time 0.40s
Val 7/200 4/43, Acc: 0.2000, time 0.22s
Val 7/200 5/43, Acc: 0.1667, time 0.36s
Val 7/200 6/43, Acc: 0.1429, time 0.38s
Val 7/200 7/43, Acc: 0.1250, time 0.22s
Val 7/200 8/43, Acc: 0.1111, time 0.21s
Val 7/200 9/43, Acc: 0.2000, time 0.31s
Val 7/200 10/43, Acc: 0.1818, time 0.22s
Val 7/200 11/43, Acc: 0.1667, time 0.22s
Val 7/200 12/43, Acc: 0.1538, time 0.23s
Val 7/200 13/43, Acc: 0.2143, time 0.23s
Val 7/200 14/43, Acc: 0.2000, time 0.22s
Val 7/200 15/43, Acc: 0.2500, time 0.32s
Val 7/200 16/43, Acc: 0.2941, time 0.38s
Val 7/200 17/43, Acc: 0.2778, time 0.28s
Val 7/200 18/43, Acc: 0.3158, time 0.38s
Val 7/200 19/43, Acc: 0.3000, time 0.24s
Val 7/200 20/43, Acc: 0.2857, time 0.22s
Val 7/200 21/43, Acc: 0.3182, time 0.23s
Val 7/200 22/43, Acc: 0.3043, time 0.23s
Val 7/200 23/43, Acc: 0.3333, time 0.38s
Val 7/200 24/43, Acc: 0.3600, time 0.35s
Val 7/200 25/43, Acc: 0.3462, time 0.21s
Val 7/200 26/43, Acc: 0.3333, time 0.23s
Val 7/200 27/43, Acc: 0.3571, time 0.38s
Val 7/200 28/43, Acc: 0.3448, time 0.25s
Val 7/200 29/43, Acc: 0.3333, time 0.34s
Val 7/200 30/43, Acc: 0.3226, time 0.23s
Val 7/200 31/43, Acc: 0.3438, time 0.38s
Val 7/200 32/43, Acc: 0.3333, time 0.43s
Val 7/200 33/43, Acc: 0.3235, time 0.36s
Val 7/200 34/43, Acc: 0.3429, time 0.32s
Val 7/200 35/43, Acc: 0.3611, time 0.40s
Val 7/200 36/43, Acc: 0.3514, time 0.42s
Val 7/200 37/43, Acc: 0.3684, time 0.37s
Val 7/200 38/43, Acc: 0.3590, time 0.46s
Val 7/200 39/43, Acc: 0.3750, time 0.34s
Val 7/200 40/43, Acc: 0.3902, time 0.38s
Val 7/200 41/43, Acc: 0.3810, time 0.40s
Val 7/200 42/43, Acc: 0.3953, time 0.40s
[Val epoch 7] avg_acc=0.3953 | per-class [c0: 1.000, c1: 0.000, c2: 0.000]
Final validation 7/199, Val_acc: 0.3953, time 13.61sAccuracy: 0.395
class                  precision    recall   specificity      f1   support
--------------------------------------------------------------------------
0                          0.405     1.000         0.038   0.576        17
1                          0.000     0.000         0.971   0.000         9
2                          0.000     0.000         1.000   0.000        17
*========================================*
Saving checkpoint outputs/OrganoidsINRIA/resnet18/2025-11-03-16-05/model_final.pt
0 Mon Nov  3 16:14:48 2025 Epoch: 8
Epoch: 8/200 Iter: 0/43 loss: 3.7563 acc: 0.6667 time 3.89s
Epoch: 8/200 Iter: 1/43 loss: 3.8206 acc: 0.5833 time 0.82s
Epoch: 8/200 Iter: 2/43 loss: 4.3501 acc: 0.5000 time 0.82s
Epoch: 8/200 Iter: 3/43 loss: 5.4817 acc: 0.3750 time 0.80s
Epoch: 8/200 Iter: 4/43 loss: 4.8035 acc: 0.5000 time 2.16s
Epoch: 8/200 Iter: 5/43 loss: 4.8795 acc: 0.4444 time 2.16s
Epoch: 8/200 Iter: 6/43 loss: 5.5938 acc: 0.3810 time 2.14s
Epoch: 8/200 Iter: 7/43 loss: 5.3434 acc: 0.3958 time 0.81s
Epoch: 8/200 Iter: 8/43 loss: 5.4846 acc: 0.3889 time 0.79s
Epoch: 8/200 Iter: 9/43 loss: 5.5981 acc: 0.3833 time 2.12s
Epoch: 8/200 Iter: 10/43 loss: 5.6714 acc: 0.3939 time 0.81s
Epoch: 8/200 Iter: 11/43 loss: 5.5185 acc: 0.4167 time 0.81s
Epoch: 8/200 Iter: 12/43 loss: 5.4232 acc: 0.4103 time 0.99s
Epoch: 8/200 Iter: 13/43 loss: 5.3651 acc: 0.4167 time 0.84s
Epoch: 8/200 Iter: 14/43 loss: 5.4976 acc: 0.4111 time 0.83s
Epoch: 8/200 Iter: 15/43 loss: 5.3200 acc: 0.4167 time 0.84s
Epoch: 8/200 Iter: 16/43 loss: 5.4488 acc: 0.4118 time 0.82s
Epoch: 8/200 Iter: 17/43 loss: 5.2894 acc: 0.4167 time 0.97s
Epoch: 8/200 Iter: 18/43 loss: 5.2879 acc: 0.4123 time 0.77s
Epoch: 8/200 Iter: 19/43 loss: 5.2537 acc: 0.4083 time 0.79s
Epoch: 8/200 Iter: 20/43 loss: 5.2400 acc: 0.4048 time 0.85s
Epoch: 8/200 Iter: 21/43 loss: 5.1147 acc: 0.4091 time 0.83s
Epoch: 8/200 Iter: 22/43 loss: 5.0988 acc: 0.4058 time 0.79s
Epoch: 8/200 Iter: 23/43 loss: 5.0804 acc: 0.3889 time 0.76s
Epoch: 8/200 Iter: 24/43 loss: 5.0537 acc: 0.3778 time 2.19s
Epoch: 8/200 Iter: 25/43 loss: 5.0866 acc: 0.3761 time 2.16s
Epoch: 8/200 Iter: 26/43 loss: 5.0977 acc: 0.3745 time 0.97s
Epoch: 8/200 Iter: 27/43 loss: 5.0359 acc: 0.3790 time 0.79s
Epoch: 8/200 Iter: 28/43 loss: 5.0019 acc: 0.3831 time 0.75s
Epoch: 8/200 Iter: 29/43 loss: 4.9905 acc: 0.3815 time 0.76s
Epoch: 8/200 Iter: 30/43 loss: 4.9688 acc: 0.3799 time 0.81s
Epoch: 8/200 Iter: 31/43 loss: 5.0481 acc: 0.3785 time 0.76s
Epoch: 8/200 Iter: 32/43 loss: 4.9502 acc: 0.3822 time 0.87s
Epoch: 8/200 Iter: 33/43 loss: 5.0501 acc: 0.3807 time 0.76s
Epoch: 8/200 Iter: 34/43 loss: 5.0519 acc: 0.3794 time 2.11s
Epoch: 8/200 Iter: 35/43 loss: 5.0635 acc: 0.3827 time 0.73s
Epoch: 8/200 Iter: 36/43 loss: 5.1079 acc: 0.3814 time 0.74s
Epoch: 8/200 Iter: 37/43 loss: 5.1059 acc: 0.3801 time 0.74s
Epoch: 8/200 Iter: 38/43 loss: 5.0635 acc: 0.3832 time 0.76s
Epoch: 8/200 Iter: 39/43 loss: 5.1761 acc: 0.3736 time 0.72s
Epoch: 8/200 Iter: 40/43 loss: 5.1473 acc: 0.3645 time 0.77s
Epoch: 8/200 Iter: 41/43 loss: 5.0745 acc: 0.3757 time 0.83s
Epoch: 8/200 Iter: 42/43 loss: 5.1044 acc: 0.3786 time 0.93s
[Train epoch 8] avg_loss=5.1044 avg_acc=0.3786 | per-class [c0: 0.391, c1: 0.441, c2: 0.362]
Final training 8/199, loss: 5.1044, time 47.35s, lr: 0.004878
Accuracy: 0.390
class                  precision    recall   specificity      f1   support
--------------------------------------------------------------------------
0                          0.429     0.391         0.650   0.409        69
1                          0.268     0.441         0.703   0.333        34
2                          0.472     0.362         0.728   0.410        69
*----------------------------------------*
0 Mon Nov  3 16:15:35 2025 Epoch: 9
Epoch: 9/200 Iter: 0/43 loss: 5.1863 acc: 0.5000 time 3.81s
Epoch: 9/200 Iter: 1/43 loss: 7.4979 acc: 0.4167 time 0.88s
Epoch: 9/200 Iter: 2/43 loss: 7.4268 acc: 0.4444 time 0.82s
Epoch: 9/200 Iter: 3/43 loss: 6.5417 acc: 0.4167 time 0.80s
Epoch: 9/200 Iter: 4/43 loss: 5.8126 acc: 0.3583 time 0.78s
Epoch: 9/200 Iter: 5/43 loss: 5.2965 acc: 0.3819 time 2.25s
Epoch: 9/200 Iter: 6/43 loss: 5.7701 acc: 0.3750 time 0.75s
Epoch: 9/200 Iter: 7/43 loss: 5.9765 acc: 0.3698 time 2.40s
Epoch: 9/200 Iter: 8/43 loss: 5.5886 acc: 0.3843 time 2.11s
Epoch: 9/200 Iter: 9/43 loss: 5.4381 acc: 0.3958 time 2.09s
Epoch: 9/200 Iter: 10/43 loss: 5.2034 acc: 0.4053 time 0.77s
Epoch: 9/200 Iter: 11/43 loss: 5.3921 acc: 0.3993 time 2.13s
Epoch: 9/200 Iter: 12/43 loss: 5.3691 acc: 0.3942 time 0.80s
Epoch: 9/200 Iter: 13/43 loss: 5.4485 acc: 0.3899 time 0.76s
Epoch: 9/200 Iter: 14/43 loss: 5.5699 acc: 0.3639 time 0.82s
Epoch: 9/200 Iter: 15/43 loss: 5.4789 acc: 0.3620 time 1.00s
Epoch: 9/200 Iter: 16/43 loss: 5.4837 acc: 0.3603 time 2.18s
Epoch: 9/200 Iter: 17/43 loss: 5.4826 acc: 0.3403 time 0.75s
Epoch: 9/200 Iter: 18/43 loss: 5.3744 acc: 0.3487 time 0.80s
Epoch: 9/200 Iter: 19/43 loss: 5.3009 acc: 0.3479 time 0.78s
Epoch: 9/200 Iter: 20/43 loss: 5.6457 acc: 0.3313 time 0.78s
Epoch: 9/200 Iter: 21/43 loss: 5.7741 acc: 0.3163 time 2.11s
Epoch: 9/200 Iter: 22/43 loss: 5.6433 acc: 0.3243 time 2.13s
Epoch: 9/200 Iter: 23/43 loss: 5.5445 acc: 0.3316 time 0.81s
Epoch: 9/200 Iter: 24/43 loss: 5.5859 acc: 0.3317 time 2.14s
Epoch: 9/200 Iter: 25/43 loss: 5.5987 acc: 0.3317 time 0.81s
Epoch: 9/200 Iter: 26/43 loss: 5.5880 acc: 0.3318 time 1.15s
Epoch: 9/200 Iter: 27/43 loss: 5.8326 acc: 0.3199 time 0.95s
Epoch: 9/200 Iter: 28/43 loss: 5.7918 acc: 0.3166 time 0.80s
Epoch: 9/200 Iter: 29/43 loss: 5.7885 acc: 0.3227 time 2.09s
Epoch: 9/200 Iter: 30/43 loss: 5.6539 acc: 0.3284 time 0.72s
Epoch: 9/200 Iter: 31/43 loss: 5.6706 acc: 0.3181 time 0.75s
Epoch: 9/200 Iter: 32/43 loss: 5.6317 acc: 0.3186 time 0.73s
Epoch: 9/200 Iter: 33/43 loss: 5.6555 acc: 0.3141 time 0.73s
Epoch: 9/200 Iter: 34/43 loss: 5.5260 acc: 0.3337 time 0.74s
Epoch: 9/200 Iter: 35/43 loss: 5.6271 acc: 0.3337 time 0.75s
Epoch: 9/200 Iter: 36/43 loss: 5.5167 acc: 0.3517 time 0.74s
Epoch: 9/200 Iter: 37/43 loss: 5.4930 acc: 0.3512 time 2.10s
Epoch: 9/200 Iter: 38/43 loss: 5.4119 acc: 0.3551 time 0.75s
Epoch: 9/200 Iter: 39/43 loss: 5.3625 acc: 0.3587 time 0.75s
Epoch: 9/200 Iter: 40/43 loss: 5.3872 acc: 0.3581 time 2.06s
Epoch: 9/200 Iter: 41/43 loss: 5.3504 acc: 0.3654 time 0.74s
Epoch: 9/200 Iter: 42/43 loss: 5.3147 acc: 0.3647 time 2.09s
[Train epoch 9] avg_loss=5.3147 avg_acc=0.3647 | per-class [c0: 0.464, c1: 0.353, c2: 0.391]
Final training 9/199, loss: 5.3147, time 54.91s, lr: 0.004728
Accuracy: 0.413
class                  precision    recall   specificity      f1   support
--------------------------------------------------------------------------
0                          0.444     0.464         0.612   0.454        69
1                          0.316     0.353         0.812   0.333        34
2                          0.435     0.391         0.660   0.412        69
*----------------------------------------*
0 Mon Nov  3 16:16:30 2025 Epoch: 10
Epoch: 10/200 Iter: 0/43 loss: 3.2233 acc: 0.5000 time 3.06s
Epoch: 10/200 Iter: 1/43 loss: 5.3927 acc: 0.2500 time 0.87s
Epoch: 10/200 Iter: 2/43 loss: 4.7035 acc: 0.3889 time 0.85s
Epoch: 10/200 Iter: 3/43 loss: 4.5916 acc: 0.3194 time 0.83s
Epoch: 10/200 Iter: 4/43 loss: 4.0953 acc: 0.4056 time 0.99s
Epoch: 10/200 Iter: 5/43 loss: 4.2261 acc: 0.3935 time 0.95s
Epoch: 10/200 Iter: 6/43 loss: 4.1540 acc: 0.4087 time 2.21s
Epoch: 10/200 Iter: 7/43 loss: 4.2269 acc: 0.4201 time 0.93s
Epoch: 10/200 Iter: 8/43 loss: 4.6069 acc: 0.4290 time 2.11s
Epoch: 10/200 Iter: 9/43 loss: 5.0050 acc: 0.4361 time 2.14s
Epoch: 10/200 Iter: 10/43 loss: 4.9607 acc: 0.4571 time 0.80s
Epoch: 10/200 Iter: 11/43 loss: 5.0293 acc: 0.4606 time 1.07s
Epoch: 10/200 Iter: 12/43 loss: 4.9891 acc: 0.4637 time 0.81s
Epoch: 10/200 Iter: 13/43 loss: 4.8996 acc: 0.4464 time 0.80s
Epoch: 10/200 Iter: 14/43 loss: 4.7658 acc: 0.4500 time 2.18s
Epoch: 10/200 Iter: 15/43 loss: 4.7646 acc: 0.4427 time 2.15s
Epoch: 10/200 Iter: 16/43 loss: 4.8442 acc: 0.4461 time 0.77s
Epoch: 10/200 Iter: 17/43 loss: 5.1871 acc: 0.4398 time 1.00s
Epoch: 10/200 Iter: 18/43 loss: 5.4633 acc: 0.4342 time 0.84s
Epoch: 10/200 Iter: 19/43 loss: 5.4469 acc: 0.4208 time 0.85s
Epoch: 10/200 Iter: 20/43 loss: 5.3862 acc: 0.4167 time 2.14s
Epoch: 10/200 Iter: 21/43 loss: 5.3093 acc: 0.4205 time 0.80s
Epoch: 10/200 Iter: 22/43 loss: 5.1507 acc: 0.4457 time 1.05s
Epoch: 10/200 Iter: 23/43 loss: 5.1669 acc: 0.4479 time 0.80s
Epoch: 10/200 Iter: 24/43 loss: 5.3537 acc: 0.4433 time 0.78s
Epoch: 10/200 Iter: 25/43 loss: 5.1637 acc: 0.4647 time 0.80s
Epoch: 10/200 Iter: 26/43 loss: 5.2838 acc: 0.4475 time 0.77s
Epoch: 10/200 Iter: 27/43 loss: 5.2610 acc: 0.4494 time 0.78s
Epoch: 10/200 Iter: 28/43 loss: 5.1651 acc: 0.4511 time 0.78s
Epoch: 10/200 Iter: 29/43 loss: 5.1181 acc: 0.4472 time 0.77s
Epoch: 10/200 Iter: 30/43 loss: 5.1025 acc: 0.4435 time 0.74s
Epoch: 10/200 Iter: 31/43 loss: 5.3586 acc: 0.4401 time 0.74s
Epoch: 10/200 Iter: 32/43 loss: 5.3789 acc: 0.4419 time 0.76s
Epoch: 10/200 Iter: 33/43 loss: 5.3233 acc: 0.4436 time 0.85s
Epoch: 10/200 Iter: 34/43 loss: 5.2076 acc: 0.4595 time 0.75s
Epoch: 10/200 Iter: 35/43 loss: 5.2599 acc: 0.4606 time 0.76s
Epoch: 10/200 Iter: 36/43 loss: 5.2417 acc: 0.4617 time 0.75s
Epoch: 10/200 Iter: 37/43 loss: 5.2917 acc: 0.4583 time 0.72s
Epoch: 10/200 Iter: 38/43 loss: 5.2547 acc: 0.4551 time 0.78s
Epoch: 10/200 Iter: 39/43 loss: 5.2737 acc: 0.4563 time 0.85s
Epoch: 10/200 Iter: 40/43 loss: 5.2402 acc: 0.4533 time 0.75s
Epoch: 10/200 Iter: 41/43 loss: 5.2242 acc: 0.4444 time 0.82s
Epoch: 10/200 Iter: 42/43 loss: 5.2023 acc: 0.4516 time 2.07s
[Train epoch 10] avg_loss=5.2023 avg_acc=0.4516 | per-class [c0: 0.551, c1: 0.471, c2: 0.420]
Final training 10/199, loss: 5.2023, time 47.05s, lr: 0.004523
Accuracy: 0.483
class                  precision    recall   specificity      f1   support
--------------------------------------------------------------------------
0                          0.567     0.551         0.718   0.559        69
1                          0.364     0.471         0.797   0.410        34
2                          0.475     0.420         0.689   0.446        69
*----------------------------------------*
0 Mon Nov  3 16:17:17 2025 Epoch: 11
Epoch: 11/200 Iter: 0/43 loss: 7.2419 acc: 0.3333 time 2.38s
Epoch: 11/200 Iter: 1/43 loss: 6.0295 acc: 0.3333 time 1.91s
Epoch: 11/200 Iter: 2/43 loss: 8.9965 acc: 0.2222 time 0.87s
Epoch: 11/200 Iter: 3/43 loss: 8.1236 acc: 0.2917 time 0.83s
Epoch: 11/200 Iter: 4/43 loss: 7.6722 acc: 0.3667 time 0.82s
Epoch: 11/200 Iter: 5/43 loss: 7.2007 acc: 0.3611 time 0.84s
Epoch: 11/200 Iter: 6/43 loss: 7.0697 acc: 0.3810 time 0.79s
Epoch: 11/200 Iter: 7/43 loss: 7.3487 acc: 0.3750 time 1.07s
Epoch: 11/200 Iter: 8/43 loss: 7.6696 acc: 0.3333 time 0.96s
Epoch: 11/200 Iter: 9/43 loss: 7.0617 acc: 0.4000 time 0.94s
Epoch: 11/200 Iter: 10/43 loss: 7.1676 acc: 0.3939 time 0.78s
Epoch: 11/200 Iter: 11/43 loss: 6.7717 acc: 0.3924 time 0.80s
Epoch: 11/200 Iter: 12/43 loss: 6.5825 acc: 0.4006 time 2.11s
Epoch: 11/200 Iter: 13/43 loss: 6.2800 acc: 0.4077 time 2.20s
Epoch: 11/200 Iter: 14/43 loss: 5.9825 acc: 0.4139 time 0.78s
Epoch: 11/200 Iter: 15/43 loss: 5.7132 acc: 0.4193 time 2.30s
Epoch: 11/200 Iter: 16/43 loss: 5.5032 acc: 0.4240 time 2.16s
Epoch: 11/200 Iter: 17/43 loss: 6.3281 acc: 0.4282 time 0.88s
Epoch: 11/200 Iter: 18/43 loss: 7.4185 acc: 0.4320 time 0.83s
Epoch: 11/200 Iter: 19/43 loss: 7.1776 acc: 0.4354 time 0.83s
Epoch: 11/200 Iter: 20/43 loss: 6.9410 acc: 0.4385 time 1.05s
Epoch: 11/200 Iter: 21/43 loss: 6.9387 acc: 0.4261 time 0.85s
Epoch: 11/200 Iter: 22/43 loss: 7.0049 acc: 0.4076 time 0.81s
Epoch: 11/200 Iter: 23/43 loss: 6.8457 acc: 0.4115 time 0.82s
Epoch: 11/200 Iter: 24/43 loss: 6.7287 acc: 0.4217 time 0.82s
Epoch: 11/200 Iter: 25/43 loss: 6.7497 acc: 0.4054 time 0.98s
Epoch: 11/200 Iter: 26/43 loss: 6.7440 acc: 0.3904 time 0.80s
Epoch: 11/200 Iter: 27/43 loss: 6.7399 acc: 0.3884 time 0.82s
Epoch: 11/200 Iter: 28/43 loss: 6.7967 acc: 0.3750 time 0.72s
Epoch: 11/200 Iter: 29/43 loss: 6.7799 acc: 0.3625 time 2.27s
Epoch: 11/200 Iter: 30/43 loss: 6.6485 acc: 0.3750 time 0.74s
Epoch: 11/200 Iter: 31/43 loss: 6.5261 acc: 0.3789 time 2.26s
Epoch: 11/200 Iter: 32/43 loss: 6.4701 acc: 0.3775 time 0.77s
Epoch: 11/200 Iter: 33/43 loss: 6.5139 acc: 0.3762 time 2.11s
Epoch: 11/200 Iter: 34/43 loss: 6.5710 acc: 0.3750 time 0.78s
Epoch: 11/200 Iter: 35/43 loss: 6.5823 acc: 0.3738 time 0.77s
Epoch: 11/200 Iter: 36/43 loss: 6.5556 acc: 0.3727 time 0.74s
Epoch: 11/200 Iter: 37/43 loss: 6.5508 acc: 0.3805 time 0.77s
Epoch: 11/200 Iter: 38/43 loss: 6.6222 acc: 0.3793 time 0.96s
Epoch: 11/200 Iter: 39/43 loss: 6.5355 acc: 0.3823 time 0.77s
Epoch: 11/200 Iter: 40/43 loss: 6.5239 acc: 0.3852 time 0.72s
Epoch: 11/200 Iter: 41/43 loss: 6.4718 acc: 0.3879 time 0.74s
Epoch: 11/200 Iter: 42/43 loss: 6.5485 acc: 0.3789 time 0.75s
[Train epoch 11] avg_loss=6.5485 avg_acc=0.3789 | per-class [c0: 0.304, c1: 0.412, c2: 0.406]
Final training 11/199, loss: 6.5485, time 47.90s, lr: 0.004268
Accuracy: 0.366
class                  precision    recall   specificity      f1   support
--------------------------------------------------------------------------
0                          0.488     0.304         0.786   0.375        69
1                          0.233     0.412         0.667   0.298        34
2                          0.406     0.406         0.602   0.406        69
*----------------------------------------*
Val 11/200 0/43, Acc: 0.0000, time 0.37s
Val 11/200 1/43, Acc: 0.0000, time 0.30s
Val 11/200 2/43, Acc: 0.3333, time 0.37s
Val 11/200 3/43, Acc: 0.2500, time 0.39s
Val 11/200 4/43, Acc: 0.2000, time 0.22s
Val 11/200 5/43, Acc: 0.1667, time 0.37s
Val 11/200 6/43, Acc: 0.1429, time 0.37s
Val 11/200 7/43, Acc: 0.1250, time 0.25s
Val 11/200 8/43, Acc: 0.1111, time 0.24s
Val 11/200 9/43, Acc: 0.2000, time 0.30s
Val 11/200 10/43, Acc: 0.1818, time 0.24s
Val 11/200 11/43, Acc: 0.1667, time 0.25s
Val 11/200 12/43, Acc: 0.1538, time 0.25s
Val 11/200 13/43, Acc: 0.2143, time 0.24s
Val 11/200 14/43, Acc: 0.2000, time 0.23s
Val 11/200 15/43, Acc: 0.2500, time 0.32s
Val 11/200 16/43, Acc: 0.2941, time 0.37s
Val 11/200 17/43, Acc: 0.2778, time 0.28s
Val 11/200 18/43, Acc: 0.3158, time 0.37s
Val 11/200 19/43, Acc: 0.3000, time 0.23s
Val 11/200 20/43, Acc: 0.2857, time 0.22s
Val 11/200 21/43, Acc: 0.3182, time 0.22s
Val 11/200 22/43, Acc: 0.3043, time 0.23s
Val 11/200 23/43, Acc: 0.3333, time 0.37s
Val 11/200 24/43, Acc: 0.3600, time 0.34s
Val 11/200 25/43, Acc: 0.3462, time 0.23s
Val 11/200 26/43, Acc: 0.3333, time 0.23s
Val 11/200 27/43, Acc: 0.3571, time 0.36s
Val 11/200 28/43, Acc: 0.3448, time 0.26s
Val 11/200 29/43, Acc: 0.3333, time 0.34s
Val 11/200 30/43, Acc: 0.3226, time 0.23s
Val 11/200 31/43, Acc: 0.3438, time 0.41s
Val 11/200 32/43, Acc: 0.3333, time 0.46s
Val 11/200 33/43, Acc: 0.3235, time 0.38s
Val 11/200 34/43, Acc: 0.3429, time 0.34s
Val 11/200 35/43, Acc: 0.3611, time 0.43s
Val 11/200 36/43, Acc: 0.3514, time 0.40s
Val 11/200 37/43, Acc: 0.3684, time 0.37s
Val 11/200 38/43, Acc: 0.3590, time 0.46s
Val 11/200 39/43, Acc: 0.3750, time 0.34s
Val 11/200 40/43, Acc: 0.3902, time 0.42s
Val 11/200 41/43, Acc: 0.3810, time 0.39s
Val 11/200 42/43, Acc: 0.3953, time 0.40s
[Val epoch 11] avg_acc=0.3953 | per-class [c0: 1.000, c1: 0.000, c2: 0.000]
Final validation 11/199, Val_acc: 0.3953, time 13.81sAccuracy: 0.395
class                  precision    recall   specificity      f1   support
--------------------------------------------------------------------------
0                          0.405     1.000         0.038   0.576        17
1                          0.000     0.000         0.971   0.000         9
2                          0.000     0.000         1.000   0.000        17
*========================================*
Saving checkpoint outputs/OrganoidsINRIA/resnet18/2025-11-03-16-05/model_final.pt
0 Mon Nov  3 16:18:21 2025 Epoch: 12
Epoch: 12/200 Iter: 0/43 loss: 6.6475 acc: 0.3333 time 2.87s
Epoch: 12/200 Iter: 1/43 loss: 6.1213 acc: 0.3333 time 2.70s
Epoch: 12/200 Iter: 2/43 loss: 5.4317 acc: 0.4444 time 2.14s
Epoch: 12/200 Iter: 3/43 loss: 5.0784 acc: 0.4583 time 0.79s
Epoch: 12/200 Iter: 4/43 loss: 4.7661 acc: 0.4111 time 2.09s
Epoch: 12/200 Iter: 5/43 loss: 4.7809 acc: 0.3426 time 0.80s
Epoch: 12/200 Iter: 6/43 loss: 4.4357 acc: 0.3651 time 2.10s
Epoch: 12/200 Iter: 7/43 loss: 4.1471 acc: 0.3819 time 0.75s
Epoch: 12/200 Iter: 8/43 loss: 4.2179 acc: 0.3765 time 1.08s
Epoch: 12/200 Iter: 9/43 loss: 4.7562 acc: 0.3389 time 0.81s
Epoch: 12/200 Iter: 10/43 loss: 4.5233 acc: 0.3535 time 0.81s
Epoch: 12/200 Iter: 11/43 loss: 4.4331 acc: 0.3796 time 2.10s
Epoch: 12/200 Iter: 12/43 loss: 4.3778 acc: 0.3761 time 2.13s
Epoch: 12/200 Iter: 13/43 loss: 4.2906 acc: 0.3968 time 0.75s
Epoch: 12/200 Iter: 14/43 loss: 4.3930 acc: 0.3926 time 0.83s
Epoch: 12/200 Iter: 15/43 loss: 4.4946 acc: 0.3993 time 1.04s
Epoch: 12/200 Iter: 16/43 loss: 4.4566 acc: 0.3954 time 0.83s
Epoch: 12/200 Iter: 17/43 loss: 4.4900 acc: 0.3735 time 0.84s
Epoch: 12/200 Iter: 18/43 loss: 4.6012 acc: 0.3713 time 2.27s
Epoch: 12/200 Iter: 19/43 loss: 4.6215 acc: 0.3694 time 0.83s
Epoch: 12/200 Iter: 20/43 loss: 4.7933 acc: 0.3519 time 0.84s
Epoch: 12/200 Iter: 21/43 loss: 4.9833 acc: 0.3359 time 0.93s
Epoch: 12/200 Iter: 22/43 loss: 4.9373 acc: 0.3309 time 0.81s
Epoch: 12/200 Iter: 23/43 loss: 4.9622 acc: 0.3310 time 0.82s
Epoch: 12/200 Iter: 24/43 loss: 4.8558 acc: 0.3378 time 0.96s
Epoch: 12/200 Iter: 25/43 loss: 4.8550 acc: 0.3504 time 2.14s
Epoch: 12/200 Iter: 26/43 loss: 5.0332 acc: 0.3560 time 0.94s
Epoch: 12/200 Iter: 27/43 loss: 5.0529 acc: 0.3552 time 0.79s
Epoch: 12/200 Iter: 28/43 loss: 5.3019 acc: 0.3544 time 0.87s
Epoch: 12/200 Iter: 29/43 loss: 5.3364 acc: 0.3537 time 0.76s
Epoch: 12/200 Iter: 30/43 loss: 5.3747 acc: 0.3423 time 0.79s
Epoch: 12/200 Iter: 31/43 loss: 5.3035 acc: 0.3628 time 0.75s
Epoch: 12/200 Iter: 32/43 loss: 5.2478 acc: 0.3569 time 0.77s
Epoch: 12/200 Iter: 33/43 loss: 5.2112 acc: 0.3562 time 0.89s
Epoch: 12/200 Iter: 34/43 loss: 5.1644 acc: 0.3603 time 0.71s
Epoch: 12/200 Iter: 35/43 loss: 5.1680 acc: 0.3596 time 2.07s
Epoch: 12/200 Iter: 36/43 loss: 5.2509 acc: 0.3589 time 0.75s
Epoch: 12/200 Iter: 37/43 loss: 5.2638 acc: 0.3494 time 0.80s
Epoch: 12/200 Iter: 38/43 loss: 5.2762 acc: 0.3533 time 0.75s
Epoch: 12/200 Iter: 39/43 loss: 5.1964 acc: 0.3694 time 0.78s
Epoch: 12/200 Iter: 40/43 loss: 5.1452 acc: 0.3659 time 0.75s
Epoch: 12/200 Iter: 41/43 loss: 5.1189 acc: 0.3624 time 0.74s
Epoch: 12/200 Iter: 42/43 loss: 5.2294 acc: 0.3618 time 2.10s
[Train epoch 12] avg_loss=5.2294 avg_acc=0.3618 | per-class [c0: 0.275, c1: 0.529, c2: 0.406]
Final training 12/199, loss: 5.2294, time 51.10s, lr: 0.003969
Accuracy: 0.378
class                  precision    recall   specificity      f1   support
--------------------------------------------------------------------------
0                          0.380     0.275         0.699   0.319        69
1                          0.277     0.529         0.659   0.364        34
2                          0.491     0.406         0.718   0.444        69
*----------------------------------------*
0 Mon Nov  3 16:19:12 2025 Epoch: 13
Epoch: 13/200 Iter: 0/43 loss: 10.2516 acc: 0.3333 time 3.16s
Epoch: 13/200 Iter: 1/43 loss: 5.3205 acc: 0.6667 time 1.28s
Epoch: 13/200 Iter: 2/43 loss: 5.6341 acc: 0.5556 time 0.83s
Epoch: 13/200 Iter: 3/43 loss: 4.9073 acc: 0.5417 time 1.06s
Epoch: 13/200 Iter: 4/43 loss: 4.6231 acc: 0.5667 time 0.81s
Epoch: 13/200 Iter: 5/43 loss: 4.7492 acc: 0.4722 time 0.78s
Epoch: 13/200 Iter: 6/43 loss: 4.7898 acc: 0.4286 time 1.05s
Epoch: 13/200 Iter: 7/43 loss: 4.7017 acc: 0.4375 time 0.93s
Epoch: 13/200 Iter: 8/43 loss: 4.6926 acc: 0.4444 time 1.03s
Epoch: 13/200 Iter: 9/43 loss: 5.0462 acc: 0.4500 time 0.80s
Epoch: 13/200 Iter: 10/43 loss: 4.9622 acc: 0.4545 time 0.84s
Epoch: 13/200 Iter: 11/43 loss: 5.2979 acc: 0.4444 time 0.83s
Epoch: 13/200 Iter: 12/43 loss: 5.3039 acc: 0.4231 time 0.85s
Epoch: 13/200 Iter: 13/43 loss: 5.2545 acc: 0.3929 time 0.79s
Epoch: 13/200 Iter: 14/43 loss: 5.1031 acc: 0.4000 time 0.76s
Epoch: 13/200 Iter: 15/43 loss: 5.2275 acc: 0.3750 time 0.77s
Epoch: 13/200 Iter: 16/43 loss: 5.1914 acc: 0.3824 time 0.83s
Epoch: 13/200 Iter: 17/43 loss: 5.0020 acc: 0.3889 time 0.80s
Epoch: 13/200 Iter: 18/43 loss: 5.1912 acc: 0.3860 time 0.81s
Epoch: 13/200 Iter: 19/43 loss: 5.2290 acc: 0.3833 time 0.99s
Epoch: 13/200 Iter: 20/43 loss: 5.5763 acc: 0.3651 time 0.80s
Epoch: 13/200 Iter: 21/43 loss: 5.5122 acc: 0.3523 time 0.80s
Epoch: 13/200 Iter: 22/43 loss: 5.4211 acc: 0.3587 time 0.81s
Epoch: 13/200 Iter: 23/43 loss: 5.3495 acc: 0.3530 time 0.76s
Epoch: 13/200 Iter: 24/43 loss: 5.2352 acc: 0.3722 time 0.76s
Epoch: 13/200 Iter: 25/43 loss: 5.1736 acc: 0.3665 time 0.78s
Epoch: 13/200 Iter: 26/43 loss: 5.2122 acc: 0.3714 time 0.74s
Epoch: 13/200 Iter: 27/43 loss: 5.2770 acc: 0.3700 time 1.01s
Epoch: 13/200 Iter: 28/43 loss: 5.1802 acc: 0.3918 time 0.74s
Epoch: 13/200 Iter: 29/43 loss: 5.1279 acc: 0.4009 time 0.87s
Epoch: 13/200 Iter: 30/43 loss: 5.0635 acc: 0.3952 time 0.75s
Epoch: 13/200 Iter: 31/43 loss: 5.0146 acc: 0.3984 time 0.85s
Epoch: 13/200 Iter: 32/43 loss: 4.9836 acc: 0.4167 time 1.02s
Epoch: 13/200 Iter: 33/43 loss: 5.1736 acc: 0.4077 time 0.78s
Epoch: 13/200 Iter: 34/43 loss: 5.2892 acc: 0.4103 time 0.78s
Epoch: 13/200 Iter: 35/43 loss: 5.2802 acc: 0.4082 time 0.76s
Epoch: 13/200 Iter: 36/43 loss: 5.2565 acc: 0.4152 time 0.73s
Epoch: 13/200 Iter: 37/43 loss: 5.2533 acc: 0.4174 time 2.13s
Epoch: 13/200 Iter: 38/43 loss: 5.2258 acc: 0.4195 time 0.75s
Epoch: 13/200 Iter: 39/43 loss: 5.2257 acc: 0.4174 time 0.74s
Epoch: 13/200 Iter: 40/43 loss: 5.2839 acc: 0.4153 time 0.89s
Epoch: 13/200 Iter: 41/43 loss: 5.2850 acc: 0.4134 time 0.79s
Epoch: 13/200 Iter: 42/43 loss: 5.2677 acc: 0.4193 time 2.24s
[Train epoch 13] avg_loss=5.2677 avg_acc=0.4193 | per-class [c0: 0.377, c1: 0.529, c2: 0.420]
Final training 13/199, loss: 5.2677, time 41.34s, lr: 0.003635
Accuracy: 0.424
class                  precision    recall   specificity      f1   support
--------------------------------------------------------------------------
0                          0.491     0.377         0.738   0.426        69
1                          0.327     0.529         0.732   0.404        34
2                          0.453     0.420         0.660   0.436        69
*----------------------------------------*
0 Mon Nov  3 16:19:53 2025 Epoch: 14
Epoch: 14/200 Iter: 0/43 loss: 3.9827 acc: 0.6667 time 3.65s
Epoch: 14/200 Iter: 1/43 loss: 3.2341 acc: 0.8333 time 0.95s
Epoch: 14/200 Iter: 2/43 loss: 3.8347 acc: 0.6667 time 0.81s
Epoch: 14/200 Iter: 3/43 loss: 4.1414 acc: 0.6250 time 2.18s
Epoch: 14/200 Iter: 4/43 loss: 4.7045 acc: 0.5667 time 0.76s
Epoch: 14/200 Iter: 5/43 loss: 4.4196 acc: 0.5833 time 0.74s
Epoch: 14/200 Iter: 6/43 loss: 4.3242 acc: 0.5714 time 0.94s
Epoch: 14/200 Iter: 7/43 loss: 4.1449 acc: 0.5625 time 2.15s
Epoch: 14/200 Iter: 8/43 loss: 4.0863 acc: 0.5833 time 1.02s
Epoch: 14/200 Iter: 9/43 loss: 4.4066 acc: 0.5417 time 2.21s
Epoch: 14/200 Iter: 10/43 loss: 4.3026 acc: 0.5379 time 0.79s
Epoch: 14/200 Iter: 11/43 loss: 4.3536 acc: 0.5208 time 0.84s
Epoch: 14/200 Iter: 12/43 loss: 4.2936 acc: 0.5192 time 0.79s
Epoch: 14/200 Iter: 13/43 loss: 4.1625 acc: 0.5298 time 2.17s
Epoch: 14/200 Iter: 14/43 loss: 4.3643 acc: 0.4944 time 0.80s
Epoch: 14/200 Iter: 15/43 loss: 4.3479 acc: 0.5104 time 1.04s
Epoch: 14/200 Iter: 16/43 loss: 4.6090 acc: 0.5000 time 2.15s
Epoch: 14/200 Iter: 17/43 loss: 4.6917 acc: 0.4815 time 0.81s
Epoch: 14/200 Iter: 18/43 loss: 5.0127 acc: 0.4561 time 0.76s
Epoch: 14/200 Iter: 19/43 loss: 5.1944 acc: 0.4333 time 0.81s
Epoch: 14/200 Iter: 20/43 loss: 5.1679 acc: 0.4127 time 0.81s
Epoch: 14/200 Iter: 21/43 loss: 5.0635 acc: 0.4318 time 0.81s
Epoch: 14/200 Iter: 22/43 loss: 5.0855 acc: 0.4348 time 0.92s
Epoch: 14/200 Iter: 23/43 loss: 5.0702 acc: 0.4375 time 2.13s
Epoch: 14/200 Iter: 24/43 loss: 5.4405 acc: 0.4200 time 0.81s
Epoch: 14/200 Iter: 25/43 loss: 5.3196 acc: 0.4231 time 0.94s
Epoch: 14/200 Iter: 26/43 loss: 5.4681 acc: 0.4198 time 0.97s
Epoch: 14/200 Iter: 27/43 loss: 5.3397 acc: 0.4226 time 0.88s
Epoch: 14/200 Iter: 28/43 loss: 5.3874 acc: 0.4195 time 0.76s
Epoch: 14/200 Iter: 29/43 loss: 5.3724 acc: 0.4222 time 0.72s
Epoch: 14/200 Iter: 30/43 loss: 5.5071 acc: 0.4247 time 0.72s
Epoch: 14/200 Iter: 31/43 loss: 5.4534 acc: 0.4323 time 0.74s
Epoch: 14/200 Iter: 32/43 loss: 5.4228 acc: 0.4394 time 2.11s
Epoch: 14/200 Iter: 33/43 loss: 5.5073 acc: 0.4363 time 0.76s
Epoch: 14/200 Iter: 34/43 loss: 5.5468 acc: 0.4270 time 0.74s
Epoch: 14/200 Iter: 35/43 loss: 5.6859 acc: 0.4198 time 0.74s
Epoch: 14/200 Iter: 36/43 loss: 5.6813 acc: 0.4118 time 2.10s
Epoch: 14/200 Iter: 37/43 loss: 5.7654 acc: 0.4097 time 0.74s
Epoch: 14/200 Iter: 38/43 loss: 5.7616 acc: 0.4035 time 0.71s
Epoch: 14/200 Iter: 39/43 loss: 5.7107 acc: 0.4101 time 0.72s
Epoch: 14/200 Iter: 40/43 loss: 5.6832 acc: 0.4123 time 0.75s
Epoch: 14/200 Iter: 41/43 loss: 5.6393 acc: 0.4203 time 2.10s
Epoch: 14/200 Iter: 42/43 loss: 5.5939 acc: 0.4183 time 0.75s
[Train epoch 14] avg_loss=5.5939 avg_acc=0.4183 | per-class [c0: 0.478, c1: 0.500, c2: 0.391]
Final training 14/199, loss: 5.5939, time 49.84s, lr: 0.003273
Accuracy: 0.448
class                  precision    recall   specificity      f1   support
--------------------------------------------------------------------------
0                          0.493     0.478         0.670   0.485        69
1                          0.315     0.500         0.732   0.386        34
2                          0.529     0.391         0.767   0.450        69
*----------------------------------------*
0 Mon Nov  3 16:20:43 2025 Epoch: 15
Epoch: 15/200 Iter: 0/43 loss: 0.9326 acc: 1.0000 time 3.63s
Epoch: 15/200 Iter: 1/43 loss: 1.6451 acc: 0.7500 time 1.24s
Epoch: 15/200 Iter: 2/43 loss: 1.9621 acc: 0.6667 time 1.19s
Epoch: 15/200 Iter: 3/43 loss: 3.6524 acc: 0.5833 time 0.86s
Epoch: 15/200 Iter: 4/43 loss: 4.8245 acc: 0.5333 time 2.16s
Epoch: 15/200 Iter: 5/43 loss: 4.8357 acc: 0.5000 time 0.85s
Epoch: 15/200 Iter: 6/43 loss: 5.2128 acc: 0.5238 time 0.78s
Epoch: 15/200 Iter: 7/43 loss: 4.8225 acc: 0.5208 time 1.05s
Epoch: 15/200 Iter: 8/43 loss: 4.9908 acc: 0.4630 time 0.80s
Epoch: 15/200 Iter: 9/43 loss: 5.2545 acc: 0.4167 time 2.20s
Epoch: 15/200 Iter: 10/43 loss: 5.0759 acc: 0.4394 time 1.04s
Epoch: 15/200 Iter: 11/43 loss: 4.9043 acc: 0.4583 time 0.83s
Epoch: 15/200 Iter: 12/43 loss: 4.8266 acc: 0.4487 time 0.80s
Epoch: 15/200 Iter: 13/43 loss: 4.8942 acc: 0.4405 time 0.85s
Epoch: 15/200 Iter: 14/43 loss: 5.0198 acc: 0.4111 time 0.91s
Epoch: 15/200 Iter: 15/43 loss: 5.2204 acc: 0.3854 time 1.07s
Epoch: 15/200 Iter: 16/43 loss: 5.1791 acc: 0.3824 time 2.19s
Epoch: 15/200 Iter: 17/43 loss: 5.2096 acc: 0.3796 time 0.79s
Epoch: 15/200 Iter: 18/43 loss: 5.1363 acc: 0.3860 time 0.79s
Epoch: 15/200 Iter: 19/43 loss: 5.0766 acc: 0.4000 time 2.32s
Epoch: 15/200 Iter: 20/43 loss: 5.1939 acc: 0.4048 time 0.80s
Epoch: 15/200 Iter: 21/43 loss: 5.0929 acc: 0.3939 time 2.17s
Epoch: 15/200 Iter: 22/43 loss: 4.9879 acc: 0.4058 time 2.13s
Epoch: 15/200 Iter: 23/43 loss: 5.0254 acc: 0.4028 time 0.97s
Epoch: 15/200 Iter: 24/43 loss: 4.8927 acc: 0.4067 time 0.78s
Epoch: 15/200 Iter: 25/43 loss: 5.1404 acc: 0.3910 time 0.79s
Epoch: 15/200 Iter: 26/43 loss: 5.2976 acc: 0.3889 time 0.82s
Epoch: 15/200 Iter: 27/43 loss: 5.2101 acc: 0.3929 time 0.77s
Epoch: 15/200 Iter: 28/43 loss: 5.1530 acc: 0.4080 time 2.13s
Epoch: 15/200 Iter: 29/43 loss: 5.0829 acc: 0.4069 time 0.73s
Epoch: 15/200 Iter: 30/43 loss: 5.2355 acc: 0.3938 time 0.78s
Epoch: 15/200 Iter: 31/43 loss: 5.1509 acc: 0.4023 time 0.71s
Epoch: 15/200 Iter: 32/43 loss: 5.0872 acc: 0.4053 time 0.72s
Epoch: 15/200 Iter: 33/43 loss: 5.0451 acc: 0.4130 time 0.82s
Epoch: 15/200 Iter: 34/43 loss: 5.0068 acc: 0.4048 time 0.95s
Epoch: 15/200 Iter: 35/43 loss: 5.0533 acc: 0.4028 time 0.82s
Epoch: 15/200 Iter: 36/43 loss: 5.0600 acc: 0.4009 time 0.85s
Epoch: 15/200 Iter: 37/43 loss: 5.0421 acc: 0.3991 time 2.11s
Epoch: 15/200 Iter: 38/43 loss: 5.0197 acc: 0.3953 time 0.73s
Epoch: 15/200 Iter: 39/43 loss: 4.9991 acc: 0.4042 time 2.11s
Epoch: 15/200 Iter: 40/43 loss: 4.9828 acc: 0.4106 time 0.74s
Epoch: 15/200 Iter: 41/43 loss: 4.9966 acc: 0.4167 time 0.72s
Epoch: 15/200 Iter: 42/43 loss: 5.0153 acc: 0.4225 time 0.77s
[Train epoch 15] avg_loss=5.0153 avg_acc=0.4225 | per-class [c0: 0.391, c1: 0.588, c2: 0.362]
Final training 15/199, loss: 5.0153, time 51.28s, lr: 0.002891
Accuracy: 0.419
class                  precision    recall   specificity      f1   support
--------------------------------------------------------------------------
0                          0.450     0.391         0.680   0.419        69
1                          0.400     0.588         0.783   0.476        34
2                          0.403     0.362         0.641   0.382        69
*----------------------------------------*
Val 15/200 0/43, Acc: 1.0000, time 0.36s
Val 15/200 1/43, Acc: 0.5000, time 0.30s
Val 15/200 2/43, Acc: 0.3333, time 0.37s
Val 15/200 3/43, Acc: 0.5000, time 0.39s
Val 15/200 4/43, Acc: 0.4000, time 0.25s
Val 15/200 5/43, Acc: 0.5000, time 0.36s
Val 15/200 6/43, Acc: 0.4286, time 0.37s
Val 15/200 7/43, Acc: 0.5000, time 0.22s
Val 15/200 8/43, Acc: 0.5556, time 0.21s
Val 15/200 9/43, Acc: 0.5000, time 0.30s
Val 15/200 10/43, Acc: 0.4545, time 0.26s
Val 15/200 11/43, Acc: 0.5000, time 0.26s
Val 15/200 12/43, Acc: 0.4615, time 0.26s
Val 15/200 13/43, Acc: 0.4286, time 0.24s
Val 15/200 14/43, Acc: 0.4667, time 0.22s
Val 15/200 15/43, Acc: 0.4375, time 0.31s
Val 15/200 16/43, Acc: 0.4118, time 0.37s
Val 15/200 17/43, Acc: 0.3889, time 0.28s
Val 15/200 18/43, Acc: 0.3684, time 0.37s
Val 15/200 19/43, Acc: 0.4000, time 0.23s
Val 15/200 20/43, Acc: 0.4286, time 0.23s
Val 15/200 21/43, Acc: 0.4091, time 0.23s
Val 15/200 22/43, Acc: 0.3913, time 0.23s
Val 15/200 23/43, Acc: 0.3750, time 0.37s
Val 15/200 24/43, Acc: 0.3600, time 0.34s
Val 15/200 25/43, Acc: 0.3846, time 0.21s
Val 15/200 26/43, Acc: 0.4074, time 0.23s
Val 15/200 27/43, Acc: 0.3929, time 0.36s
Val 15/200 28/43, Acc: 0.3793, time 0.23s
Val 15/200 29/43, Acc: 0.4000, time 0.34s
Val 15/200 30/43, Acc: 0.3871, time 0.23s
Val 15/200 31/43, Acc: 0.3750, time 0.38s
Val 15/200 32/43, Acc: 0.3939, time 0.43s
Val 15/200 33/43, Acc: 0.3824, time 0.35s
Val 15/200 34/43, Acc: 0.3714, time 0.31s
Val 15/200 35/43, Acc: 0.3611, time 0.39s
Val 15/200 36/43, Acc: 0.3784, time 0.40s
Val 15/200 37/43, Acc: 0.3684, time 0.36s
Val 15/200 38/43, Acc: 0.3590, time 0.43s
Val 15/200 39/43, Acc: 0.3500, time 0.33s
Val 15/200 40/43, Acc: 0.3415, time 0.37s
Val 15/200 41/43, Acc: 0.3571, time 0.39s
Val 15/200 42/43, Acc: 0.3488, time 0.39s
[Val epoch 15] avg_acc=0.3488 | per-class [c0: 0.000, c1: 0.889, c2: 0.412]
Final validation 15/199, Val_acc: 0.3488, time 13.45sAccuracy: 0.349
class                  precision    recall   specificity      f1   support
--------------------------------------------------------------------------
0                          0.000     0.000         1.000   0.000        17
1                          0.242     0.889         0.265   0.381         9
2                          0.700     0.412         0.885   0.519        17
*========================================*
Saving checkpoint outputs/OrganoidsINRIA/resnet18/2025-11-03-16-05/model_final.pt
0 Mon Nov  3 16:21:50 2025 Epoch: 16
Epoch: 16/200 Iter: 0/43 loss: 3.4547 acc: 0.6667 time 3.78s
Epoch: 16/200 Iter: 1/43 loss: 3.4285 acc: 0.6667 time 0.81s
Epoch: 16/200 Iter: 2/43 loss: 3.4466 acc: 0.6667 time 0.82s
Epoch: 16/200 Iter: 3/43 loss: 3.3205 acc: 0.6667 time 0.79s
Epoch: 16/200 Iter: 4/43 loss: 3.4922 acc: 0.6333 time 0.99s
Epoch: 16/200 Iter: 5/43 loss: 3.6917 acc: 0.5833 time 0.79s
Epoch: 16/200 Iter: 6/43 loss: 3.6872 acc: 0.6429 time 2.09s
Epoch: 16/200 Iter: 7/43 loss: 3.5981 acc: 0.6458 time 2.17s
Epoch: 16/200 Iter: 8/43 loss: 3.7844 acc: 0.6111 time 0.81s
Epoch: 16/200 Iter: 9/43 loss: 4.1423 acc: 0.5500 time 0.84s
Epoch: 16/200 Iter: 10/43 loss: 4.0779 acc: 0.5303 time 2.14s
Epoch: 16/200 Iter: 11/43 loss: 4.0924 acc: 0.5139 time 2.08s
Epoch: 16/200 Iter: 12/43 loss: 4.2647 acc: 0.5128 time 0.80s
Epoch: 16/200 Iter: 13/43 loss: 4.1564 acc: 0.5357 time 0.97s
Epoch: 16/200 Iter: 14/43 loss: 4.1569 acc: 0.5111 time 0.83s
Epoch: 16/200 Iter: 15/43 loss: 4.2094 acc: 0.5000 time 0.78s
Epoch: 16/200 Iter: 16/43 loss: 4.1337 acc: 0.4779 time 2.26s
Epoch: 16/200 Iter: 17/43 loss: 4.2786 acc: 0.4699 time 0.85s
Epoch: 16/200 Iter: 18/43 loss: 4.2629 acc: 0.4715 time 0.79s
Epoch: 16/200 Iter: 19/43 loss: 4.5318 acc: 0.4646 time 0.96s
Epoch: 16/200 Iter: 20/43 loss: 4.4179 acc: 0.4663 time 0.77s
Epoch: 16/200 Iter: 21/43 loss: 4.3491 acc: 0.4564 time 0.81s
Epoch: 16/200 Iter: 22/43 loss: 4.2789 acc: 0.4692 time 2.10s
Epoch: 16/200 Iter: 23/43 loss: 4.2580 acc: 0.4635 time 0.78s
Epoch: 16/200 Iter: 24/43 loss: 4.1493 acc: 0.4650 time 2.15s
Epoch: 16/200 Iter: 25/43 loss: 4.1680 acc: 0.4599 time 0.79s
Epoch: 16/200 Iter: 26/43 loss: 4.5772 acc: 0.4552 time 2.14s
Epoch: 16/200 Iter: 27/43 loss: 4.5911 acc: 0.4509 time 0.72s
Epoch: 16/200 Iter: 28/43 loss: 4.6481 acc: 0.4468 time 0.71s
Epoch: 16/200 Iter: 29/43 loss: 4.5488 acc: 0.4486 time 0.74s
Epoch: 16/200 Iter: 30/43 loss: 4.5358 acc: 0.4449 time 0.98s
Epoch: 16/200 Iter: 31/43 loss: 4.5769 acc: 0.4414 time 0.72s
Epoch: 16/200 Iter: 32/43 loss: 4.5882 acc: 0.4280 time 2.11s
Epoch: 16/200 Iter: 33/43 loss: 4.5681 acc: 0.4318 time 0.80s
Epoch: 16/200 Iter: 34/43 loss: 4.5656 acc: 0.4194 time 0.79s
Epoch: 16/200 Iter: 35/43 loss: 4.6052 acc: 0.4171 time 0.78s
Epoch: 16/200 Iter: 36/43 loss: 4.6741 acc: 0.4148 time 0.74s
Epoch: 16/200 Iter: 37/43 loss: 4.7379 acc: 0.4126 time 0.72s
Epoch: 16/200 Iter: 38/43 loss: 4.6935 acc: 0.4149 time 0.83s
Epoch: 16/200 Iter: 39/43 loss: 4.7060 acc: 0.4128 time 0.72s
Epoch: 16/200 Iter: 40/43 loss: 4.6673 acc: 0.4150 time 0.73s
Epoch: 16/200 Iter: 41/43 loss: 4.6329 acc: 0.4170 time 0.76s
Epoch: 16/200 Iter: 42/43 loss: 4.5833 acc: 0.4228 time 0.83s
[Train epoch 16] avg_loss=4.5833 avg_acc=0.4228 | per-class [c0: 0.406, c1: 0.559, c2: 0.478]
Final training 16/199, loss: 4.5833, time 49.56s, lr: 0.002500
Accuracy: 0.465
class                  precision    recall   specificity      f1   support
--------------------------------------------------------------------------
0                          0.519     0.406         0.748   0.455        69
1                          0.333     0.559         0.725   0.418        34
2                          0.541     0.478         0.728   0.508        69
*----------------------------------------*
0 Mon Nov  3 16:22:39 2025 Epoch: 17
Epoch: 17/200 Iter: 0/43 loss: 2.9349 acc: 0.6667 time 3.39s
Epoch: 17/200 Iter: 1/43 loss: 3.5057 acc: 0.3889 time 0.84s
Epoch: 17/200 Iter: 2/43 loss: 3.7442 acc: 0.3333 time 1.13s
Epoch: 17/200 Iter: 3/43 loss: 3.7380 acc: 0.3333 time 0.98s
Epoch: 17/200 Iter: 4/43 loss: 3.5092 acc: 0.3667 time 0.82s
Epoch: 17/200 Iter: 5/43 loss: 3.4301 acc: 0.3889 time 0.78s
Epoch: 17/200 Iter: 6/43 loss: 3.2099 acc: 0.4048 time 0.80s
Epoch: 17/200 Iter: 7/43 loss: 3.1938 acc: 0.4167 time 0.80s
Epoch: 17/200 Iter: 8/43 loss: 3.1385 acc: 0.4259 time 2.31s
Epoch: 17/200 Iter: 9/43 loss: 3.3985 acc: 0.4333 time 0.95s
Epoch: 17/200 Iter: 10/43 loss: 3.6047 acc: 0.4242 time 0.79s
Epoch: 17/200 Iter: 11/43 loss: 3.6018 acc: 0.4444 time 0.97s
Epoch: 17/200 Iter: 12/43 loss: 3.5464 acc: 0.4487 time 2.12s
Epoch: 17/200 Iter: 13/43 loss: 3.7243 acc: 0.4405 time 0.79s
Epoch: 17/200 Iter: 14/43 loss: 3.6083 acc: 0.4778 time 0.96s
Epoch: 17/200 Iter: 15/43 loss: 3.5352 acc: 0.5104 time 0.82s
Epoch: 17/200 Iter: 16/43 loss: 3.5531 acc: 0.5294 time 0.87s
Epoch: 17/200 Iter: 17/43 loss: 3.6015 acc: 0.5185 time 0.82s
Epoch: 17/200 Iter: 18/43 loss: 3.6075 acc: 0.5351 time 0.81s
Epoch: 17/200 Iter: 19/43 loss: 3.6410 acc: 0.5250 time 0.82s
Epoch: 17/200 Iter: 20/43 loss: 3.6066 acc: 0.5238 time 1.06s
Epoch: 17/200 Iter: 21/43 loss: 3.6932 acc: 0.5076 time 0.85s
Epoch: 17/200 Iter: 22/43 loss: 3.6778 acc: 0.5181 time 1.03s
Epoch: 17/200 Iter: 23/43 loss: 3.7219 acc: 0.5174 time 1.06s
Epoch: 17/200 Iter: 24/43 loss: 3.7255 acc: 0.5167 time 0.97s
Epoch: 17/200 Iter: 25/43 loss: 3.8278 acc: 0.5096 time 0.88s
Epoch: 17/200 Iter: 26/43 loss: 3.8834 acc: 0.5093 time 0.79s
Epoch: 17/200 Iter: 27/43 loss: 3.9059 acc: 0.4970 time 0.93s
Epoch: 17/200 Iter: 28/43 loss: 3.9498 acc: 0.4914 time 0.76s
Epoch: 17/200 Iter: 29/43 loss: 3.9991 acc: 0.4806 time 0.75s
Epoch: 17/200 Iter: 30/43 loss: 3.9894 acc: 0.4812 time 0.75s
Epoch: 17/200 Iter: 31/43 loss: 3.9288 acc: 0.4818 time 0.75s
Epoch: 17/200 Iter: 32/43 loss: 3.9771 acc: 0.4705 time 0.79s
Epoch: 17/200 Iter: 33/43 loss: 3.9809 acc: 0.4812 time 0.81s
Epoch: 17/200 Iter: 34/43 loss: 4.0338 acc: 0.4770 time 0.77s
Epoch: 17/200 Iter: 35/43 loss: 4.0959 acc: 0.4730 time 0.74s
Epoch: 17/200 Iter: 36/43 loss: 4.2100 acc: 0.4692 time 2.11s
Epoch: 17/200 Iter: 37/43 loss: 4.1670 acc: 0.4700 time 0.80s
Epoch: 17/200 Iter: 38/43 loss: 4.1533 acc: 0.4708 time 0.78s
Epoch: 17/200 Iter: 39/43 loss: 4.1272 acc: 0.4757 time 0.77s
Epoch: 17/200 Iter: 40/43 loss: 4.2330 acc: 0.4641 time 2.17s
Epoch: 17/200 Iter: 41/43 loss: 4.1984 acc: 0.4620 time 0.73s
Epoch: 17/200 Iter: 42/43 loss: 4.1702 acc: 0.4629 time 0.74s
[Train epoch 17] avg_loss=4.1702 avg_acc=0.4629 | per-class [c0: 0.377, c1: 0.588, c2: 0.580]
Final training 17/199, loss: 4.1702, time 44.38s, lr: 0.002109
Accuracy: 0.500
class                  precision    recall   specificity      f1   support
--------------------------------------------------------------------------
0                          0.553     0.377         0.796   0.448        69
1                          0.435     0.588         0.812   0.500        34
2                          0.506     0.580         0.621   0.541        69
*----------------------------------------*
0 Mon Nov  3 16:23:24 2025 Epoch: 18
Epoch: 18/200 Iter: 0/43 loss: 7.6560 acc: 0.2222 time 2.59s
Epoch: 18/200 Iter: 1/43 loss: 4.9105 acc: 0.2986 time 0.91s
Epoch: 18/200 Iter: 2/43 loss: 4.9554 acc: 0.3102 time 0.82s
Epoch: 18/200 Iter: 3/43 loss: 4.4547 acc: 0.3993 time 0.84s
Epoch: 18/200 Iter: 4/43 loss: 4.7000 acc: 0.3861 time 0.86s
Epoch: 18/200 Iter: 5/43 loss: 4.5889 acc: 0.4051 time 0.80s
Epoch: 18/200 Iter: 6/43 loss: 4.2864 acc: 0.4901 time 0.81s
Epoch: 18/200 Iter: 7/43 loss: 4.3097 acc: 0.4705 time 0.80s
Epoch: 18/200 Iter: 8/43 loss: 4.0476 acc: 0.4460 time 0.78s
Epoch: 18/200 Iter: 9/43 loss: 4.1549 acc: 0.4014 time 0.79s
Epoch: 18/200 Iter: 10/43 loss: 4.2876 acc: 0.3649 time 2.17s
Epoch: 18/200 Iter: 11/43 loss: 4.2120 acc: 0.3623 time 0.80s
Epoch: 18/200 Iter: 12/43 loss: 4.1855 acc: 0.3985 time 2.29s
Epoch: 18/200 Iter: 13/43 loss: 4.1230 acc: 0.4058 time 1.03s
Epoch: 18/200 Iter: 14/43 loss: 4.1193 acc: 0.4009 time 0.81s
Epoch: 18/200 Iter: 15/43 loss: 4.0070 acc: 0.4071 time 0.74s
Epoch: 18/200 Iter: 16/43 loss: 4.3763 acc: 0.3930 time 2.27s
Epoch: 18/200 Iter: 17/43 loss: 4.3837 acc: 0.4128 time 0.90s
Epoch: 18/200 Iter: 18/43 loss: 4.2989 acc: 0.4174 time 0.77s
Epoch: 18/200 Iter: 19/43 loss: 4.2574 acc: 0.4215 time 0.80s
Epoch: 18/200 Iter: 20/43 loss: 4.3131 acc: 0.4015 time 0.83s
Epoch: 18/200 Iter: 21/43 loss: 4.2297 acc: 0.4059 time 0.78s
Epoch: 18/200 Iter: 22/43 loss: 4.2878 acc: 0.3955 time 0.79s
Epoch: 18/200 Iter: 23/43 loss: 4.3699 acc: 0.3929 time 0.79s
Epoch: 18/200 Iter: 24/43 loss: 4.3641 acc: 0.3772 time 0.98s
Epoch: 18/200 Iter: 25/43 loss: 4.3339 acc: 0.3755 time 0.79s
Epoch: 18/200 Iter: 26/43 loss: 4.2977 acc: 0.3801 time 0.77s
Epoch: 18/200 Iter: 27/43 loss: 4.2438 acc: 0.3963 time 2.25s
Epoch: 18/200 Iter: 28/43 loss: 4.2317 acc: 0.4057 time 0.73s
Epoch: 18/200 Iter: 29/43 loss: 4.2741 acc: 0.4032 time 2.12s
Epoch: 18/200 Iter: 30/43 loss: 4.2748 acc: 0.4117 time 0.72s
Epoch: 18/200 Iter: 31/43 loss: 4.2837 acc: 0.4145 time 2.12s
Epoch: 18/200 Iter: 32/43 loss: 4.3201 acc: 0.4120 time 0.93s
Epoch: 18/200 Iter: 33/43 loss: 4.2821 acc: 0.4293 time 0.75s
Epoch: 18/200 Iter: 34/43 loss: 4.2789 acc: 0.4266 time 2.17s
Epoch: 18/200 Iter: 35/43 loss: 4.3251 acc: 0.4147 time 0.75s
Epoch: 18/200 Iter: 36/43 loss: 4.3351 acc: 0.4261 time 0.76s
Epoch: 18/200 Iter: 37/43 loss: 4.3147 acc: 0.4236 time 2.11s
Epoch: 18/200 Iter: 38/43 loss: 4.3429 acc: 0.4213 time 0.78s
Epoch: 18/200 Iter: 39/43 loss: 4.3446 acc: 0.4191 time 0.91s
Epoch: 18/200 Iter: 40/43 loss: 4.3528 acc: 0.4170 time 0.73s
Epoch: 18/200 Iter: 41/43 loss: 4.3360 acc: 0.4150 time 0.72s
Epoch: 18/200 Iter: 42/43 loss: 4.2974 acc: 0.4170 time 0.85s
[Train epoch 18] avg_loss=4.2974 avg_acc=0.4170 | per-class [c0: 0.420, c1: 0.647, c2: 0.420]
Final training 18/199, loss: 4.2974, time 47.75s, lr: 0.001727
Accuracy: 0.465
class                  precision    recall   specificity      f1   support
--------------------------------------------------------------------------
0                          0.475     0.420         0.689   0.446        69
1                          0.393     0.647         0.754   0.489        34
2                          0.527     0.420         0.748   0.468        69
*----------------------------------------*
0 Mon Nov  3 16:24:11 2025 Epoch: 19
Epoch: 19/200 Iter: 0/43 loss: 4.0822 acc: 0.1667 time 3.34s
Epoch: 19/200 Iter: 1/43 loss: 3.4384 acc: 0.2500 time 0.93s
Epoch: 19/200 Iter: 2/43 loss: 3.1532 acc: 0.3889 time 2.25s
Epoch: 19/200 Iter: 3/43 loss: 2.8777 acc: 0.4167 time 0.80s
Epoch: 19/200 Iter: 4/43 loss: 3.2828 acc: 0.4333 time 0.81s
Epoch: 19/200 Iter: 5/43 loss: 3.7887 acc: 0.4722 time 0.84s
Epoch: 19/200 Iter: 6/43 loss: 5.1223 acc: 0.4524 time 2.15s
Epoch: 19/200 Iter: 7/43 loss: 4.9697 acc: 0.4375 time 0.84s
Epoch: 19/200 Iter: 8/43 loss: 4.6685 acc: 0.4630 time 0.79s
Epoch: 19/200 Iter: 9/43 loss: 4.5286 acc: 0.4167 time 0.76s
Epoch: 19/200 Iter: 10/43 loss: 4.3762 acc: 0.4394 time 2.19s
Epoch: 19/200 Iter: 11/43 loss: 4.5445 acc: 0.4583 time 0.81s
Epoch: 19/200 Iter: 12/43 loss: 4.5083 acc: 0.4573 time 0.84s
Epoch: 19/200 Iter: 13/43 loss: 4.3259 acc: 0.4960 time 0.82s
Epoch: 19/200 Iter: 14/43 loss: 4.3220 acc: 0.4704 time 0.81s
Epoch: 19/200 Iter: 15/43 loss: 4.3404 acc: 0.4479 time 2.13s
Epoch: 19/200 Iter: 16/43 loss: 4.3393 acc: 0.4608 time 0.78s
Epoch: 19/200 Iter: 17/43 loss: 4.3261 acc: 0.4475 time 0.81s
Epoch: 19/200 Iter: 18/43 loss: 4.4467 acc: 0.4240 time 0.76s
Epoch: 19/200 Iter: 19/43 loss: 4.3682 acc: 0.4361 time 1.00s
Epoch: 19/200 Iter: 20/43 loss: 4.3232 acc: 0.4392 time 0.79s
Epoch: 19/200 Iter: 21/43 loss: 4.2743 acc: 0.4495 time 0.97s
Epoch: 19/200 Iter: 22/43 loss: 4.2801 acc: 0.4517 time 0.78s
Epoch: 19/200 Iter: 23/43 loss: 4.2618 acc: 0.4606 time 0.80s
Epoch: 19/200 Iter: 24/43 loss: 4.3012 acc: 0.4556 time 0.79s
Epoch: 19/200 Iter: 25/43 loss: 4.3276 acc: 0.4380 time 0.79s
Epoch: 19/200 Iter: 26/43 loss: 4.3185 acc: 0.4342 time 2.14s
Epoch: 19/200 Iter: 27/43 loss: 4.3359 acc: 0.4365 time 0.76s
Epoch: 19/200 Iter: 28/43 loss: 4.2625 acc: 0.4301 time 0.79s
Epoch: 19/200 Iter: 29/43 loss: 4.2406 acc: 0.4324 time 0.79s
Epoch: 19/200 Iter: 30/43 loss: 4.1862 acc: 0.4346 time 0.78s
Epoch: 19/200 Iter: 31/43 loss: 4.3097 acc: 0.4314 time 0.89s
Epoch: 19/200 Iter: 32/43 loss: 4.2659 acc: 0.4487 time 0.74s
Epoch: 19/200 Iter: 33/43 loss: 4.2066 acc: 0.4502 time 0.81s
Epoch: 19/200 Iter: 34/43 loss: 4.2757 acc: 0.4516 time 0.81s
Epoch: 19/200 Iter: 35/43 loss: 4.2818 acc: 0.4529 time 0.75s
Epoch: 19/200 Iter: 36/43 loss: 4.2375 acc: 0.4542 time 0.78s
Epoch: 19/200 Iter: 37/43 loss: 4.2331 acc: 0.4510 time 0.75s
Epoch: 19/200 Iter: 38/43 loss: 4.2774 acc: 0.4480 time 0.75s
Epoch: 19/200 Iter: 39/43 loss: 4.2475 acc: 0.4493 time 0.72s
Epoch: 19/200 Iter: 40/43 loss: 4.2778 acc: 0.4383 time 0.75s
Epoch: 19/200 Iter: 41/43 loss: 4.2732 acc: 0.4358 time 2.19s
Epoch: 19/200 Iter: 42/43 loss: 4.2316 acc: 0.4490 time 2.14s
[Train epoch 19] avg_loss=4.2316 avg_acc=0.4490 | per-class [c0: 0.580, c1: 0.471, c2: 0.435]
Final training 19/199, loss: 4.2316, time 46.76s, lr: 0.001365
Accuracy: 0.500
class                  precision    recall   specificity      f1   support
--------------------------------------------------------------------------
0                          0.494     0.580         0.602   0.533        69
1                          0.410     0.471         0.833   0.438        34
2                          0.577     0.435         0.786   0.496        69
*----------------------------------------*
Val 19/200 0/43, Acc: 0.0000, time 0.38s
Val 19/200 1/43, Acc: 0.0000, time 0.32s
Val 19/200 2/43, Acc: 0.3333, time 0.40s
Val 19/200 3/43, Acc: 0.2500, time 0.43s
Val 19/200 4/43, Acc: 0.2000, time 0.21s
Val 19/200 5/43, Acc: 0.1667, time 0.38s
Val 19/200 6/43, Acc: 0.1429, time 0.41s
Val 19/200 7/43, Acc: 0.1250, time 0.22s
Val 19/200 8/43, Acc: 0.1111, time 0.21s
Val 19/200 9/43, Acc: 0.2000, time 0.32s
Val 19/200 10/43, Acc: 0.1818, time 0.22s
Val 19/200 11/43, Acc: 0.1667, time 0.22s
Val 19/200 12/43, Acc: 0.1538, time 0.23s
Val 19/200 13/43, Acc: 0.2143, time 0.23s
Val 19/200 14/43, Acc: 0.2000, time 0.23s
Val 19/200 15/43, Acc: 0.2500, time 0.34s
Val 19/200 16/43, Acc: 0.2941, time 0.41s
Val 19/200 17/43, Acc: 0.2778, time 0.30s
Val 19/200 18/43, Acc: 0.3158, time 0.37s
Val 19/200 19/43, Acc: 0.3000, time 0.28s
Val 19/200 20/43, Acc: 0.2857, time 0.24s
Val 19/200 21/43, Acc: 0.3182, time 0.23s
Val 19/200 22/43, Acc: 0.3043, time 0.23s
Val 19/200 23/43, Acc: 0.3333, time 0.37s
Val 19/200 24/43, Acc: 0.3600, time 0.35s
Val 19/200 25/43, Acc: 0.3462, time 0.21s
Val 19/200 26/43, Acc: 0.3333, time 0.23s
Val 19/200 27/43, Acc: 0.3571, time 0.36s
Val 19/200 28/43, Acc: 0.3448, time 0.23s
Val 19/200 29/43, Acc: 0.3333, time 0.34s
Val 19/200 30/43, Acc: 0.3226, time 0.23s
Val 19/200 31/43, Acc: 0.3438, time 0.37s
Val 19/200 32/43, Acc: 0.3333, time 0.42s
Val 19/200 33/43, Acc: 0.3235, time 0.35s
Val 19/200 34/43, Acc: 0.3429, time 0.32s
Val 19/200 35/43, Acc: 0.3611, time 0.39s
Val 19/200 36/43, Acc: 0.3514, time 0.40s
Val 19/200 37/43, Acc: 0.3684, time 0.37s
Val 19/200 38/43, Acc: 0.3590, time 0.44s
Val 19/200 39/43, Acc: 0.3750, time 0.33s
Val 19/200 40/43, Acc: 0.3902, time 0.38s
Val 19/200 41/43, Acc: 0.3810, time 0.40s
Val 19/200 42/43, Acc: 0.3953, time 0.39s
[Val epoch 19] avg_acc=0.3953 | per-class [c0: 1.000, c1: 0.000, c2: 0.000]
Final validation 19/199, Val_acc: 0.3953, time 13.70sAccuracy: 0.395
class                  precision    recall   specificity      f1   support
--------------------------------------------------------------------------
0                          0.405     1.000         0.038   0.576        17
1                          0.000     0.000         0.971   0.000         9
2                          0.000     0.000         1.000   0.000        17
*========================================*
Saving checkpoint outputs/OrganoidsINRIA/resnet18/2025-11-03-16-05/model_final.pt
0 Mon Nov  3 16:25:14 2025 Epoch: 20
Epoch: 20/200 Iter: 0/43 loss: 3.5338 acc: 0.3333 time 2.62s
Epoch: 20/200 Iter: 1/43 loss: 4.2510 acc: 0.2222 time 0.91s
Epoch: 20/200 Iter: 2/43 loss: 4.3343 acc: 0.2593 time 0.84s
Epoch: 20/200 Iter: 3/43 loss: 4.6054 acc: 0.2361 time 0.87s
Epoch: 20/200 Iter: 4/43 loss: 4.3959 acc: 0.2333 time 0.84s
Epoch: 20/200 Iter: 5/43 loss: 4.3696 acc: 0.2778 time 0.79s
Epoch: 20/200 Iter: 6/43 loss: 4.4707 acc: 0.2857 time 0.82s
Epoch: 20/200 Iter: 7/43 loss: 4.4311 acc: 0.3333 time 0.86s
Epoch: 20/200 Iter: 8/43 loss: 4.7310 acc: 0.3333 time 0.81s
Epoch: 20/200 Iter: 9/43 loss: 4.6282 acc: 0.3667 time 1.07s
Epoch: 20/200 Iter: 10/43 loss: 4.6765 acc: 0.3636 time 0.78s
Epoch: 20/200 Iter: 11/43 loss: 4.5481 acc: 0.3889 time 0.83s
Epoch: 20/200 Iter: 12/43 loss: 4.4382 acc: 0.3974 time 1.04s
Epoch: 20/200 Iter: 13/43 loss: 4.3978 acc: 0.3849 time 0.81s
Epoch: 20/200 Iter: 14/43 loss: 4.3210 acc: 0.3926 time 1.02s
Epoch: 20/200 Iter: 15/43 loss: 4.4171 acc: 0.3819 time 0.82s
Epoch: 20/200 Iter: 16/43 loss: 4.3274 acc: 0.4085 time 2.16s
Epoch: 20/200 Iter: 17/43 loss: 4.2371 acc: 0.3997 time 0.93s
Epoch: 20/200 Iter: 18/43 loss: 4.1693 acc: 0.4137 time 0.79s
Epoch: 20/200 Iter: 19/43 loss: 4.0835 acc: 0.4097 time 0.94s
Epoch: 20/200 Iter: 20/43 loss: 3.9822 acc: 0.4378 time 0.82s
Epoch: 20/200 Iter: 21/43 loss: 3.9583 acc: 0.4331 time 1.07s
Epoch: 20/200 Iter: 22/43 loss: 4.1714 acc: 0.4432 time 2.17s
Epoch: 20/200 Iter: 23/43 loss: 4.3104 acc: 0.4387 time 0.99s
Epoch: 20/200 Iter: 24/43 loss: 4.2635 acc: 0.4433 time 0.95s
Epoch: 20/200 Iter: 25/43 loss: 4.2085 acc: 0.4455 time 0.86s
Epoch: 20/200 Iter: 26/43 loss: 4.2352 acc: 0.4290 time 0.79s
Epoch: 20/200 Iter: 27/43 loss: 4.1900 acc: 0.4315 time 0.75s
Epoch: 20/200 Iter: 28/43 loss: 4.1925 acc: 0.4282 time 0.79s
Epoch: 20/200 Iter: 29/43 loss: 4.1351 acc: 0.4417 time 0.78s
Epoch: 20/200 Iter: 30/43 loss: 4.0916 acc: 0.4543 time 0.75s
Epoch: 20/200 Iter: 31/43 loss: 4.1213 acc: 0.4505 time 0.81s
Epoch: 20/200 Iter: 32/43 loss: 4.1331 acc: 0.4571 time 2.16s
Epoch: 20/200 Iter: 33/43 loss: 4.0839 acc: 0.4632 time 0.77s
Epoch: 20/200 Iter: 34/43 loss: 4.0798 acc: 0.4690 time 1.01s
Epoch: 20/200 Iter: 35/43 loss: 4.0818 acc: 0.4745 time 2.13s
Epoch: 20/200 Iter: 36/43 loss: 4.0993 acc: 0.4707 time 0.73s
Epoch: 20/200 Iter: 37/43 loss: 4.0890 acc: 0.4613 time 2.11s
Epoch: 20/200 Iter: 38/43 loss: 4.0572 acc: 0.4551 time 0.72s
Epoch: 20/200 Iter: 39/43 loss: 4.0265 acc: 0.4604 time 0.76s
Epoch: 20/200 Iter: 40/43 loss: 4.0653 acc: 0.4533 time 0.73s
Epoch: 20/200 Iter: 41/43 loss: 4.0482 acc: 0.4544 time 0.85s
Epoch: 20/200 Iter: 42/43 loss: 4.0773 acc: 0.4516 time 0.75s
[Train epoch 20] avg_loss=4.0773 avg_acc=0.4516 | per-class [c0: 0.391, c1: 0.735, c2: 0.449]
Final training 20/199, loss: 4.0773, time 44.85s, lr: 0.001031
Accuracy: 0.483
class                  precision    recall   specificity      f1   support
--------------------------------------------------------------------------
0                          0.529     0.391         0.767   0.450        69
1                          0.403     0.735         0.732   0.521        34
2                          0.525     0.449         0.728   0.484        69
*----------------------------------------*
0 Mon Nov  3 16:25:59 2025 Epoch: 21
Epoch: 21/200 Iter: 0/43 loss: 2.6387 acc: 1.0000 time 3.34s
Epoch: 21/200 Iter: 1/43 loss: 2.7731 acc: 1.0000 time 2.30s
Epoch: 21/200 Iter: 2/43 loss: 3.6184 acc: 0.9444 time 0.95s
Epoch: 21/200 Iter: 3/43 loss: 3.6948 acc: 0.7083 time 0.79s
Epoch: 21/200 Iter: 4/43 loss: 4.1912 acc: 0.7333 time 2.13s
Epoch: 21/200 Iter: 5/43 loss: 4.0064 acc: 0.6667 time 0.77s
Epoch: 21/200 Iter: 6/43 loss: 3.8591 acc: 0.6667 time 0.89s
Epoch: 21/200 Iter: 7/43 loss: 3.8377 acc: 0.6389 time 0.76s
Epoch: 21/200 Iter: 8/43 loss: 3.7362 acc: 0.6512 time 2.18s
Epoch: 21/200 Iter: 9/43 loss: 3.7721 acc: 0.5972 time 0.76s
Epoch: 21/200 Iter: 10/43 loss: 4.0435 acc: 0.5581 time 0.74s
Epoch: 21/200 Iter: 11/43 loss: 3.9644 acc: 0.5810 time 1.06s
Epoch: 21/200 Iter: 12/43 loss: 4.0270 acc: 0.5534 time 0.82s
Epoch: 21/200 Iter: 13/43 loss: 4.0052 acc: 0.5615 time 0.77s
Epoch: 21/200 Iter: 14/43 loss: 4.0112 acc: 0.5389 time 2.31s
Epoch: 21/200 Iter: 15/43 loss: 3.9746 acc: 0.5677 time 0.98s
Epoch: 21/200 Iter: 16/43 loss: 4.0005 acc: 0.5417 time 0.99s
Epoch: 21/200 Iter: 17/43 loss: 3.9164 acc: 0.5486 time 0.97s
Epoch: 21/200 Iter: 18/43 loss: 3.9565 acc: 0.5256 time 2.28s
Epoch: 21/200 Iter: 19/43 loss: 4.0183 acc: 0.4993 time 0.82s
Epoch: 21/200 Iter: 20/43 loss: 4.0870 acc: 0.4755 time 0.76s
Epoch: 21/200 Iter: 21/43 loss: 4.0747 acc: 0.4691 time 0.85s
Epoch: 21/200 Iter: 22/43 loss: 4.0399 acc: 0.4777 time 0.82s
Epoch: 21/200 Iter: 23/43 loss: 3.9961 acc: 0.4716 time 2.17s
Epoch: 21/200 Iter: 24/43 loss: 4.0090 acc: 0.4617 time 0.78s
Epoch: 21/200 Iter: 25/43 loss: 4.1181 acc: 0.4631 time 0.86s
Epoch: 21/200 Iter: 26/43 loss: 4.0745 acc: 0.4769 time 0.79s
Epoch: 21/200 Iter: 27/43 loss: 4.0510 acc: 0.4658 time 0.95s
Epoch: 21/200 Iter: 28/43 loss: 4.0245 acc: 0.4727 time 0.74s
Epoch: 21/200 Iter: 29/43 loss: 4.0261 acc: 0.4792 time 0.72s
Epoch: 21/200 Iter: 30/43 loss: 3.9914 acc: 0.4798 time 0.73s
Epoch: 21/200 Iter: 31/43 loss: 3.9695 acc: 0.4805 time 0.81s
Epoch: 21/200 Iter: 32/43 loss: 3.9307 acc: 0.4811 time 2.06s
Epoch: 21/200 Iter: 33/43 loss: 3.8931 acc: 0.4816 time 2.08s
Epoch: 21/200 Iter: 34/43 loss: 3.8654 acc: 0.4964 time 2.14s
Epoch: 21/200 Iter: 35/43 loss: 3.8231 acc: 0.5058 time 0.81s
Epoch: 21/200 Iter: 36/43 loss: 3.8910 acc: 0.5146 time 0.90s
Epoch: 21/200 Iter: 37/43 loss: 3.8544 acc: 0.5274 time 0.75s
Epoch: 21/200 Iter: 38/43 loss: 4.0333 acc: 0.5253 time 0.95s
Epoch: 21/200 Iter: 39/43 loss: 4.0102 acc: 0.5247 time 0.77s
Epoch: 21/200 Iter: 40/43 loss: 4.0173 acc: 0.5301 time 0.75s
Epoch: 21/200 Iter: 41/43 loss: 3.9918 acc: 0.5228 time 0.75s
Epoch: 21/200 Iter: 42/43 loss: 3.9765 acc: 0.5145 time 0.75s
[Train epoch 21] avg_loss=3.9765 avg_acc=0.5145 | per-class [c0: 0.406, c1: 0.676, c2: 0.580]
Final training 21/199, loss: 3.9765, time 50.33s, lr: 0.000732
Accuracy: 0.529
class                  precision    recall   specificity      f1   support
--------------------------------------------------------------------------
0                          0.571     0.406         0.796   0.475        69
1                          0.451     0.676         0.797   0.541        34
2                          0.556     0.580         0.689   0.567        69
*----------------------------------------*
0 Mon Nov  3 16:26:49 2025 Epoch: 22
Epoch: 22/200 Iter: 0/43 loss: 2.5410 acc: 0.5000 time 5.70s
Epoch: 22/200 Iter: 1/43 loss: 2.3435 acc: 0.5000 time 0.78s
Epoch: 22/200 Iter: 2/43 loss: 2.3041 acc: 0.5000 time 2.15s
Epoch: 22/200 Iter: 3/43 loss: 3.5806 acc: 0.3750 time 2.13s
Epoch: 22/200 Iter: 4/43 loss: 3.8038 acc: 0.3667 time 0.82s
Epoch: 22/200 Iter: 5/43 loss: 4.2134 acc: 0.3611 time 2.30s
Epoch: 22/200 Iter: 6/43 loss: 3.9952 acc: 0.4048 time 0.81s
Epoch: 22/200 Iter: 7/43 loss: 3.8397 acc: 0.4167 time 2.15s
Epoch: 22/200 Iter: 8/43 loss: 4.1567 acc: 0.4074 time 2.18s
Epoch: 22/200 Iter: 9/43 loss: 3.9824 acc: 0.4667 time 0.78s
Epoch: 22/200 Iter: 10/43 loss: 3.9647 acc: 0.4848 time 0.82s
Epoch: 22/200 Iter: 11/43 loss: 4.1084 acc: 0.4861 time 0.95s
Epoch: 22/200 Iter: 12/43 loss: 3.9829 acc: 0.5256 time 0.84s
Epoch: 22/200 Iter: 13/43 loss: 4.0467 acc: 0.4960 time 0.93s
Epoch: 22/200 Iter: 14/43 loss: 4.0322 acc: 0.5074 time 0.78s
Epoch: 22/200 Iter: 15/43 loss: 3.9880 acc: 0.4965 time 0.82s
Epoch: 22/200 Iter: 16/43 loss: 3.9686 acc: 0.4869 time 2.13s
Epoch: 22/200 Iter: 17/43 loss: 4.0530 acc: 0.4784 time 0.79s
Epoch: 22/200 Iter: 18/43 loss: 4.1257 acc: 0.4591 time 0.80s
Epoch: 22/200 Iter: 19/43 loss: 4.0666 acc: 0.4694 time 0.84s
Epoch: 22/200 Iter: 20/43 loss: 4.0739 acc: 0.4550 time 0.79s
Epoch: 22/200 Iter: 21/43 loss: 4.0463 acc: 0.4646 time 0.77s
Epoch: 22/200 Iter: 22/43 loss: 4.0697 acc: 0.4589 time 0.74s
Epoch: 22/200 Iter: 23/43 loss: 4.1449 acc: 0.4468 time 2.11s
Epoch: 22/200 Iter: 24/43 loss: 4.0734 acc: 0.4489 time 0.80s
Epoch: 22/200 Iter: 25/43 loss: 4.0814 acc: 0.4444 time 0.79s
Epoch: 22/200 Iter: 26/43 loss: 4.0740 acc: 0.4558 time 0.77s
Epoch: 22/200 Iter: 27/43 loss: 4.1220 acc: 0.4593 time 0.77s
Epoch: 22/200 Iter: 28/43 loss: 4.0878 acc: 0.4665 time 0.78s
Epoch: 22/200 Iter: 29/43 loss: 4.0559 acc: 0.4676 time 0.84s
Epoch: 22/200 Iter: 30/43 loss: 4.0590 acc: 0.4686 time 0.74s
Epoch: 22/200 Iter: 31/43 loss: 4.0663 acc: 0.4644 time 0.81s
Epoch: 22/200 Iter: 32/43 loss: 4.0295 acc: 0.4705 time 0.70s
Epoch: 22/200 Iter: 33/43 loss: 4.0122 acc: 0.4600 time 2.08s
Epoch: 22/200 Iter: 34/43 loss: 4.0394 acc: 0.4563 time 0.75s
Epoch: 22/200 Iter: 35/43 loss: 4.0652 acc: 0.4529 time 2.09s
Epoch: 22/200 Iter: 36/43 loss: 4.0656 acc: 0.4497 time 0.73s
Epoch: 22/200 Iter: 37/43 loss: 4.0439 acc: 0.4466 time 0.72s
Epoch: 22/200 Iter: 38/43 loss: 4.0279 acc: 0.4395 time 0.84s
Epoch: 22/200 Iter: 39/43 loss: 4.0271 acc: 0.4451 time 2.12s
Epoch: 22/200 Iter: 40/43 loss: 4.0444 acc: 0.4505 time 0.74s
Epoch: 22/200 Iter: 41/43 loss: 4.0261 acc: 0.4398 time 0.72s
Epoch: 22/200 Iter: 42/43 loss: 3.9953 acc: 0.4490 time 2.09s
[Train epoch 22] avg_loss=3.9953 avg_acc=0.4490 | per-class [c0: 0.362, c1: 0.676, c2: 0.507]
Final training 22/199, loss: 3.9953, time 53.85s, lr: 0.000477
Accuracy: 0.483
class                  precision    recall   specificity      f1   support
--------------------------------------------------------------------------
0                          0.472     0.362         0.728   0.410        69
1                          0.397     0.676         0.746   0.500        34
2                          0.574     0.507         0.748   0.538        69
*----------------------------------------*
0 Mon Nov  3 16:27:43 2025 Epoch: 23
