Architecture:                         x86_64
CPU op-mode(s):                       32-bit, 64-bit
Byte Order:                           Little Endian
Address sizes:                        48 bits physical, 48 bits virtual
CPU(s):                               64
On-line CPU(s) list:                  0-63
Thread(s) per core:                   2
Core(s) per socket:                   16
Socket(s):                            2
NUMA node(s):                         8
Vendor ID:                            AuthenticAMD
CPU family:                           25
Model:                                1
Model name:                           AMD EPYC 7313 16-Core Processor
Stepping:                             1
Frequency boost:                      enabled
CPU MHz:                              1719.257
CPU max MHz:                          3000.0000
CPU min MHz:                          1500.0000
BogoMIPS:                             5989.10
Virtualization:                       AMD-V
L1d cache:                            1 MiB
L1i cache:                            1 MiB
L2 cache:                             16 MiB
L3 cache:                             256 MiB
NUMA node0 CPU(s):                    0-3,32-35
NUMA node1 CPU(s):                    4-7,36-39
NUMA node2 CPU(s):                    8-11,40-43
NUMA node3 CPU(s):                    12-15,44-47
NUMA node4 CPU(s):                    16-19,48-51
NUMA node5 CPU(s):                    20-23,52-55
NUMA node6 CPU(s):                    24-27,56-59
NUMA node7 CPU(s):                    28-31,60-63
Vulnerability Gather data sampling:   Not affected
Vulnerability Itlb multihit:          Not affected
Vulnerability L1tf:                   Not affected
Vulnerability Mds:                    Not affected
Vulnerability Meltdown:               Not affected
Vulnerability Mmio stale data:        Not affected
Vulnerability Reg file data sampling: Not affected
Vulnerability Retbleed:               Not affected
Vulnerability Spec rstack overflow:   Mitigation; safe RET
Vulnerability Spec store bypass:      Mitigation; Speculative Store Bypass disabled via prctl and seccomp
Vulnerability Spectre v1:             Mitigation; usercopy/swapgs barriers and __user pointer sanitization
Vulnerability Spectre v2:             Mitigation; Retpolines, IBPB conditional, IBRS_FW, STIBP always-on, RSB filling, PBRSB-eIBRS Not affected
Vulnerability Srbds:                  Not affected
Vulnerability Tsx async abort:        Not affected
Flags:                                fpu vme de pse tsc msr pae mce cx8 apic sep mtrr pge mca cmov pat pse36 clflush mmx fxsr sse sse2 ht syscall nx mmxext fxsr_opt pdpe1gb rdtscp lm constant_tsc rep_good nopl nonstop_tsc cpuid extd_apicid aperfmperf pni pclmulqdq monitor ssse3 fma cx16 pcid sse4_1 sse4_2 movbe popcnt aes xsave avx f16c rdrand lahf_lm cmp_legacy svm extapic cr8_legacy abm sse4a misalignsse 3dnowprefetch osvw ibs skinit wdt tce topoext perfctr_core perfctr_nb bpext perfctr_llc mwaitx cpb cat_l3 cdp_l3 invpcid_single hw_pstate ssbd mba ibrs ibpb stibp vmmcall fsgsbase bmi1 avx2 smep bmi2 erms invpcid cqm rdt_a rdseed adx smap clflushopt clwb sha_ni xsaveopt xsavec xgetbv1 xsaves cqm_llc cqm_occup_llc cqm_mbm_total cqm_mbm_local clzero irperf xsaveerptr rdpru wbnoinvd amd_ppin arat npt lbrv svm_lock nrip_save tsc_scale vmcb_clean flushbyasid decodeassists pausefilter pfthreshold v_vmsave_vmload vgif umip pku ospke vaes vpclmulqdq rdpid overflow_recov succor smca fsrm
Mon Oct 13 11:16:22 2025       
+---------------------------------------------------------------------------------------+
| NVIDIA-SMI 535.183.06             Driver Version: 535.183.06   CUDA Version: 12.2     |
|-----------------------------------------+----------------------+----------------------+
| GPU  Name                 Persistence-M | Bus-Id        Disp.A | Volatile Uncorr. ECC |
| Fan  Temp   Perf          Pwr:Usage/Cap |         Memory-Usage | GPU-Util  Compute M. |
|                                         |                      |               MIG M. |
|=========================================+======================+======================|
|   0  NVIDIA A40                     On  | 00000000:C3:00.0 Off |                    0 |
|  0%   29C    P8              30W / 300W |      0MiB / 46068MiB |      0%      Default |
|                                         |                      |                  N/A |
+-----------------------------------------+----------------------+----------------------+
                                                                                         
+---------------------------------------------------------------------------------------+
| Processes:                                                                            |
|  GPU   GI   CI        PID   Type   Process name                            GPU Memory |
|        ID   ID                                                             Usage      |
|=======================================================================================|
|  No running processes found                                                           |
+---------------------------------------------------------------------------------------+
/home/mraffael/martone_project/Organoid-Image-Classification-Using-Deep-Learning
0  gpu 0
Total parameters count 62186659

Dataset INFO:
Dataset length is: 423
Class distribution in the entire dataset:
Class 0: 137
Class 1: 43
Class 2: 243
Balanced split: 34 train samples per class, 9 val samples per class
Total: 102 train, 27 val

Train set balance:
Class distribution:
  Class 0: 34 samples
  Class 1: 34 samples
  Class 2: 34 samples

Val set balance:
Class distribution:
  Class 0: 9 samples
  Class 1: 9 samples
  Class 2: 9 samples
Training loader length is 102 batches
Validation loader length is 27 batches
Class distribution in the training set:
Train class 0: 34 (33.3%)
Train class 1: 34 (33.3%)
Train class 2: 34 (33.3%)
Class distribution in the validation set:
Val class 0: 9 (33.3%)
Val class 1: 9 (33.3%)
Val class 2: 9 (33.3%)
Class weights: [ 1.000  1.000  1.000]

Starting training...
✓ Unfrozen: fc.weight (2304 params)
✓ Unfrozen: fc.bias (3 params)
0 Mon Oct 13 11:16:33 2025 Epoch: 0
