Architecture:                         x86_64
CPU op-mode(s):                       32-bit, 64-bit
Byte Order:                           Little Endian
Address sizes:                        48 bits physical, 48 bits virtual
CPU(s):                               64
On-line CPU(s) list:                  0-63
Thread(s) per core:                   2
Core(s) per socket:                   16
Socket(s):                            2
NUMA node(s):                         8
Vendor ID:                            AuthenticAMD
CPU family:                           25
Model:                                1
Model name:                           AMD EPYC 7313 16-Core Processor
Stepping:                             1
Frequency boost:                      enabled
CPU MHz:                              2659.910
CPU max MHz:                          3000.0000
CPU min MHz:                          1500.0000
BogoMIPS:                             5989.25
Virtualization:                       AMD-V
L1d cache:                            1 MiB
L1i cache:                            1 MiB
L2 cache:                             16 MiB
L3 cache:                             256 MiB
NUMA node0 CPU(s):                    0-3,32-35
NUMA node1 CPU(s):                    4-7,36-39
NUMA node2 CPU(s):                    8-11,40-43
NUMA node3 CPU(s):                    12-15,44-47
NUMA node4 CPU(s):                    16-19,48-51
NUMA node5 CPU(s):                    20-23,52-55
NUMA node6 CPU(s):                    24-27,56-59
NUMA node7 CPU(s):                    28-31,60-63
Vulnerability Gather data sampling:   Not affected
Vulnerability Itlb multihit:          Not affected
Vulnerability L1tf:                   Not affected
Vulnerability Mds:                    Not affected
Vulnerability Meltdown:               Not affected
Vulnerability Mmio stale data:        Not affected
Vulnerability Reg file data sampling: Not affected
Vulnerability Retbleed:               Not affected
Vulnerability Spec rstack overflow:   Mitigation; safe RET
Vulnerability Spec store bypass:      Mitigation; Speculative Store Bypass disabled via prctl and seccomp
Vulnerability Spectre v1:             Mitigation; usercopy/swapgs barriers and __user pointer sanitization
Vulnerability Spectre v2:             Mitigation; Retpolines, IBPB conditional, IBRS_FW, STIBP always-on, RSB filling, PBRSB-eIBRS Not affected
Vulnerability Srbds:                  Not affected
Vulnerability Tsx async abort:        Not affected
Flags:                                fpu vme de pse tsc msr pae mce cx8 apic sep mtrr pge mca cmov pat pse36 clflush mmx fxsr sse sse2 ht syscall nx mmxext fxsr_opt pdpe1gb rdtscp lm constant_tsc rep_good nopl nonstop_tsc cpuid extd_apicid aperfmperf pni pclmulqdq monitor ssse3 fma cx16 pcid sse4_1 sse4_2 movbe popcnt aes xsave avx f16c rdrand lahf_lm cmp_legacy svm extapic cr8_legacy abm sse4a misalignsse 3dnowprefetch osvw ibs skinit wdt tce topoext perfctr_core perfctr_nb bpext perfctr_llc mwaitx cpb cat_l3 cdp_l3 invpcid_single hw_pstate ssbd mba ibrs ibpb stibp vmmcall fsgsbase bmi1 avx2 smep bmi2 erms invpcid cqm rdt_a rdseed adx smap clflushopt clwb sha_ni xsaveopt xsavec xgetbv1 xsaves cqm_llc cqm_occup_llc cqm_mbm_total cqm_mbm_local clzero irperf xsaveerptr rdpru wbnoinvd amd_ppin arat npt lbrv svm_lock nrip_save tsc_scale vmcb_clean flushbyasid decodeassists pausefilter pfthreshold v_vmsave_vmload vgif umip pku ospke vaes vpclmulqdq rdpid overflow_recov succor smca fsrm
Thu Oct 16 12:32:06 2025       
+---------------------------------------------------------------------------------------+
| NVIDIA-SMI 535.183.06             Driver Version: 535.183.06   CUDA Version: 12.2     |
|-----------------------------------------+----------------------+----------------------+
| GPU  Name                 Persistence-M | Bus-Id        Disp.A | Volatile Uncorr. ECC |
| Fan  Temp   Perf          Pwr:Usage/Cap |         Memory-Usage | GPU-Util  Compute M. |
|                                         |                      |               MIG M. |
|=========================================+======================+======================|
|   0  NVIDIA A40                     On  | 00000000:27:00.0 Off |                    0 |
|  0%   28C    P8              29W / 300W |      0MiB / 46068MiB |      0%      Default |
|                                         |                      |                  N/A |
+-----------------------------------------+----------------------+----------------------+
                                                                                         
+---------------------------------------------------------------------------------------+
| Processes:                                                                            |
|  GPU   GI   CI        PID   Type   Process name                            GPU Memory |
|        ID   ID                                                             Usage      |
|=======================================================================================|
|  No running processes found                                                           |
+---------------------------------------------------------------------------------------+
/home/mraffael/martone_project/Organoid-Image-Classification-Using-Deep-Learning
Using GPU: 0

Model INFO:
Model architecture: swinunetr
Using pretrained weights
=> loaded pretrained model './pretrained_models/fold1_f48_ep300_4gpu_dice0_9059/model_swinvit.pt'
Number of missing keys when loading pretrained weights: 33
Number of unexpected keys when loading pretrained weights: 8
Using SwinUNETR with Single Linear Classification Head
Total parameters count 39914805

Dataset INFO:
Dataset length is: 423
Class distribution in the entire dataset:
Class 0: 137
Class 1: 43
Class 2: 243

Using split method: balanced
Balanced split: 34 train samples per class, 9 val samples per class
Total: 102 train, 27 val

Train set balance:
Class distribution:
  Class 0: 34 samples
  Class 1: 34 samples
  Class 2: 34 samples

Val set balance:
Class distribution:
  Class 0: 9 samples
  Class 1: 9 samples
  Class 2: 9 samples
Training loader length is 12 batches
Validation loader length is 27 batches

Class distribution in the training set:
Train class 0: 34 (33.3%)
Train class 1: 34 (33.3%)
Train class 2: 34 (33.3%)
Class distribution in the validation set:
Val class 0: 9 (33.3%)
Val class 1: 9 (33.3%)
Val class 2: 9 (33.3%)
**************************************************

Training setting summary:
Using optimizer: adamw with lr=0.0005, weight decay=5e-05
Using LR scheduler: cosine_anneal
Class weights: [ 10.000  10.000  10.000]
Using loss function: CombinedLoss

**************************************************
Starting training...
✓ Unfrozen: encoder10.layer.conv1.conv.weight (15925248 params)
✓ Unfrozen: encoder10.layer.conv2.conv.weight (15925248 params)
✓ Unfrozen: fc.weight (2304 params)
✓ Unfrozen: fc.bias (3 params)
0 Thu Oct 16 12:32:22 2025 Epoch: 0
Epoch: 0/100 Iter: 0/12 loss: 4.4973 time 48.15s
Epoch: 0/100 Iter: 1/12 loss: 5.5922 time 15.26s
Epoch: 0/100 Iter: 2/12 loss: 5.5710 time 15.19s
Epoch: 0/100 Iter: 3/12 loss: 5.3356 time 15.20s
Epoch: 0/100 Iter: 4/12 loss: 5.2733 time 15.20s
Epoch: 0/100 Iter: 5/12 loss: 5.1443 time 15.21s
Epoch: 0/100 Iter: 6/12 loss: 5.0635 time 15.21s
Epoch: 0/100 Iter: 7/12 loss: 4.9995 time 15.24s
Epoch: 0/100 Iter: 8/12 loss: 5.0183 time 15.23s
Epoch: 0/100 Iter: 9/12 loss: 4.9186 time 15.24s
Epoch: 0/100 Iter: 10/12 loss: 5.0523 time 15.24s
Epoch: 0/100 Iter: 11/12 loss: 5.0557 time 15.24s
Final training  0/99 loss: 5.0557 time 215.65s lr: 0.000500
[EarlyStopping] init best=5.055724
0 Thu Oct 16 12:35:58 2025 Epoch: 1
Epoch: 1/100 Iter: 0/12 loss: 4.6494 time 18.53s
Epoch: 1/100 Iter: 1/12 loss: 4.5312 time 15.24s
Epoch: 1/100 Iter: 2/12 loss: 4.7756 time 15.25s
Epoch: 1/100 Iter: 3/12 loss: 4.5753 time 15.25s
Epoch: 1/100 Iter: 4/12 loss: 4.4964 time 15.25s
Epoch: 1/100 Iter: 5/12 loss: 4.6998 time 15.25s
Epoch: 1/100 Iter: 6/12 loss: 4.7198 time 15.24s
Epoch: 1/100 Iter: 7/12 loss: 4.8291 time 15.24s
Epoch: 1/100 Iter: 8/12 loss: 4.9090 time 15.24s
Epoch: 1/100 Iter: 9/12 loss: 4.9045 time 15.24s
Epoch: 1/100 Iter: 10/12 loss: 4.8962 time 15.25s
Epoch: 1/100 Iter: 11/12 loss: 4.8614 time 15.24s
Final training  1/99 loss: 4.8614 time 186.27s lr: 0.000500
[EarlyStopping] improved to 4.861389
0 Thu Oct 16 12:39:05 2025 Epoch: 2
Epoch: 2/100 Iter: 0/12 loss: 4.6978 time 18.22s
Epoch: 2/100 Iter: 1/12 loss: 4.8201 time 15.25s
Epoch: 2/100 Iter: 2/12 loss: 4.7892 time 15.25s
Epoch: 2/100 Iter: 3/12 loss: 4.7766 time 15.25s
Epoch: 2/100 Iter: 4/12 loss: 5.0712 time 15.25s
Epoch: 2/100 Iter: 5/12 loss: 4.9692 time 15.24s
Epoch: 2/100 Iter: 6/12 loss: 4.9620 time 15.25s
Epoch: 2/100 Iter: 7/12 loss: 4.9043 time 15.25s
Epoch: 2/100 Iter: 8/12 loss: 4.9399 time 15.25s
Epoch: 2/100 Iter: 9/12 loss: 4.9114 time 15.24s
Epoch: 2/100 Iter: 10/12 loss: 4.8883 time 15.24s
Epoch: 2/100 Iter: 11/12 loss: 4.8397 time 15.24s
Final training  2/99 loss: 4.8397 time 185.96s lr: 0.000500
[EarlyStopping] improved to 4.839679
0 Thu Oct 16 12:42:10 2025 Epoch: 3
Epoch: 3/100 Iter: 0/12 loss: 4.4918 time 18.68s
Epoch: 3/100 Iter: 1/12 loss: 4.7228 time 15.24s
Epoch: 3/100 Iter: 2/12 loss: 4.7570 time 15.23s
Epoch: 3/100 Iter: 3/12 loss: 4.6505 time 15.24s
Epoch: 3/100 Iter: 4/12 loss: 4.5307 time 15.24s
Epoch: 3/100 Iter: 5/12 loss: 4.4778 time 15.23s
Epoch: 3/100 Iter: 6/12 loss: 4.4893 time 15.24s
Epoch: 3/100 Iter: 7/12 loss: 4.5208 time 15.23s
Epoch: 3/100 Iter: 8/12 loss: 4.4854 time 15.24s
Epoch: 3/100 Iter: 9/12 loss: 4.5537 time 15.23s
Epoch: 3/100 Iter: 10/12 loss: 4.5470 time 15.23s
Epoch: 3/100 Iter: 11/12 loss: 4.5661 time 15.23s
Final training  3/99 loss: 4.5661 time 186.31s lr: 0.000499
[EarlyStopping] improved to 4.566052
Val 3/100 0/27, Acc: 0.0000, time 2.40s
Val 3/100 1/27, Acc: 0.0000, time 2.20s
Val 3/100 2/27, Acc: 0.3333, time 2.18s
Val 3/100 3/27, Acc: 0.2500, time 2.18s
Val 3/100 4/27, Acc: 0.2000, time 2.07s
Val 3/100 5/27, Acc: 0.3333, time 2.27s
Val 3/100 6/27, Acc: 0.4286, time 2.13s
Val 3/100 7/27, Acc: 0.3750, time 2.17s
Val 3/100 8/27, Acc: 0.4444, time 2.14s
Val 3/100 9/27, Acc: 0.4000, time 2.19s
Val 3/100 10/27, Acc: 0.3636, time 2.32s
Val 3/100 11/27, Acc: 0.3333, time 2.14s
Val 3/100 12/27, Acc: 0.3077, time 2.19s
Val 3/100 13/27, Acc: 0.2857, time 2.18s
Val 3/100 14/27, Acc: 0.2667, time 2.13s
Val 3/100 15/27, Acc: 0.3125, time 2.30s
Val 3/100 16/27, Acc: 0.2941, time 2.35s
Val 3/100 17/27, Acc: 0.3333, time 2.18s
Val 3/100 18/27, Acc: 0.3684, time 2.94s
Val 3/100 19/27, Acc: 0.4000, time 2.64s
Val 3/100 20/27, Acc: 0.3810, time 2.21s
Val 3/100 21/27, Acc: 0.3636, time 2.30s
Val 3/100 22/27, Acc: 0.3478, time 2.19s
Val 3/100 23/27, Acc: 0.3333, time 2.09s
Val 3/100 24/27, Acc: 0.3600, time 2.20s
Val 3/100 25/27, Acc: 0.3462, time 2.10s
Val 3/100 26/27, Acc: 0.3333, time 2.09s
[Val epoch 3] avg_acc=0.3333 | per-class [c0: 0.778, c1: 0.222, c2: 0.000]
Final validation stats 3/99 , Val_acc: 0.3333333333333333 , time 60.49s
new best (0.000000 --> 0.333333). 
Saving new best model to model_final.pt
Saving checkpoint outputs/OrganoidsINRIA/swinunetr/2025-10-16-12-32/model.pt
Saving checkpoint outputs/OrganoidsINRIA/swinunetr/2025-10-16-12-32/model_final.pt
Copying to model.pt new best model!!!!
[EarlyStopping] init best=0.333333

0 Thu Oct 16 12:46:25 2025 Epoch: 4
Epoch: 4/100 Iter: 0/12 loss: 4.6129 time 17.43s
Epoch: 4/100 Iter: 1/12 loss: 4.5586 time 15.22s
Epoch: 4/100 Iter: 2/12 loss: 4.4116 time 15.23s
Epoch: 4/100 Iter: 3/12 loss: 4.3727 time 15.23s
Epoch: 4/100 Iter: 4/12 loss: 4.3155 time 15.23s
Epoch: 4/100 Iter: 5/12 loss: 4.4064 time 15.23s
Epoch: 4/100 Iter: 6/12 loss: 4.3038 time 15.24s
Epoch: 4/100 Iter: 7/12 loss: 4.4676 time 15.24s
Epoch: 4/100 Iter: 8/12 loss: 4.6832 time 15.24s
Epoch: 4/100 Iter: 9/12 loss: 4.7975 time 15.25s
Epoch: 4/100 Iter: 10/12 loss: 4.8684 time 15.25s
Epoch: 4/100 Iter: 11/12 loss: 4.8263 time 15.25s
Final training  4/99 loss: 4.8263 time 185.04s lr: 0.000498
[EarlyStopping] no improve (1/30)
0 Thu Oct 16 12:49:30 2025 Epoch: 5
Epoch: 5/100 Iter: 0/12 loss: 4.1169 time 18.62s
Epoch: 5/100 Iter: 1/12 loss: 3.9694 time 15.26s
Epoch: 5/100 Iter: 2/12 loss: 4.2895 time 15.25s
Epoch: 5/100 Iter: 3/12 loss: 4.3426 time 15.25s
Epoch: 5/100 Iter: 4/12 loss: 4.2224 time 15.26s
Epoch: 5/100 Iter: 5/12 loss: 4.2735 time 15.25s
Epoch: 5/100 Iter: 6/12 loss: 4.7841 time 15.24s
Epoch: 5/100 Iter: 7/12 loss: 5.1802 time 15.25s
Epoch: 5/100 Iter: 8/12 loss: 5.2445 time 15.25s
Epoch: 5/100 Iter: 9/12 loss: 5.3476 time 15.25s
Epoch: 5/100 Iter: 10/12 loss: 5.3713 time 15.25s
Epoch: 5/100 Iter: 11/12 loss: 5.3112 time 15.25s
Final training  5/99 loss: 5.3112 time 186.43s lr: 0.000497
[EarlyStopping] no improve (2/30)
0 Thu Oct 16 12:52:37 2025 Epoch: 6
Epoch: 6/100 Iter: 0/12 loss: 4.2978 time 18.30s
Epoch: 6/100 Iter: 1/12 loss: 4.1878 time 15.25s
Epoch: 6/100 Iter: 2/12 loss: 4.0127 time 15.24s
Epoch: 6/100 Iter: 3/12 loss: 4.2575 time 15.24s
Epoch: 6/100 Iter: 4/12 loss: 4.8391 time 15.25s
Epoch: 6/100 Iter: 5/12 loss: 5.1725 time 15.24s
Epoch: 6/100 Iter: 6/12 loss: 5.5986 time 15.24s
Epoch: 6/100 Iter: 7/12 loss: 5.6317 time 15.25s
Epoch: 6/100 Iter: 8/12 loss: 5.4859 time 15.25s
Epoch: 6/100 Iter: 9/12 loss: 5.3780 time 15.25s
Epoch: 6/100 Iter: 10/12 loss: 5.3352 time 15.25s
Epoch: 6/100 Iter: 11/12 loss: 5.2265 time 15.24s
Final training  6/99 loss: 5.2265 time 186.07s lr: 0.000496
[EarlyStopping] no improve (3/30)
0 Thu Oct 16 12:55:43 2025 Epoch: 7
Epoch: 7/100 Iter: 0/12 loss: 4.7062 time 18.07s
Epoch: 7/100 Iter: 1/12 loss: 4.4423 time 15.27s
Epoch: 7/100 Iter: 2/12 loss: 4.4819 time 15.25s
Epoch: 7/100 Iter: 3/12 loss: 4.5151 time 15.24s
Epoch: 7/100 Iter: 4/12 loss: 4.4841 time 15.25s
Epoch: 7/100 Iter: 5/12 loss: 4.6980 time 15.24s
Epoch: 7/100 Iter: 6/12 loss: 4.8109 time 15.24s
Epoch: 7/100 Iter: 7/12 loss: 4.8288 time 15.25s
Epoch: 7/100 Iter: 8/12 loss: 4.7512 time 15.24s
Epoch: 7/100 Iter: 9/12 loss: 4.7089 time 15.24s
Epoch: 7/100 Iter: 10/12 loss: 4.6499 time 15.24s
Epoch: 7/100 Iter: 11/12 loss: 4.5758 time 15.24s
Final training  7/99 loss: 4.5758 time 185.83s lr: 0.000494
[EarlyStopping] no improve (4/30)
Val 7/100 0/27, Acc: 0.0000, time 1.96s
Val 7/100 1/27, Acc: 0.0000, time 1.94s
Val 7/100 2/27, Acc: 0.0000, time 1.97s
Val 7/100 3/27, Acc: 0.2500, time 1.96s
Val 7/100 4/27, Acc: 0.4000, time 1.96s
Val 7/100 5/27, Acc: 0.3333, time 1.98s
Val 7/100 6/27, Acc: 0.4286, time 1.93s
Val 7/100 7/27, Acc: 0.5000, time 1.93s
Val 7/100 8/27, Acc: 0.5556, time 1.95s
Val 7/100 9/27, Acc: 0.5000, time 1.93s
Val 7/100 10/27, Acc: 0.4545, time 1.95s
Val 7/100 11/27, Acc: 0.4167, time 1.92s
Val 7/100 12/27, Acc: 0.3846, time 1.93s
Val 7/100 13/27, Acc: 0.4286, time 1.93s
Val 7/100 14/27, Acc: 0.4667, time 1.93s
Val 7/100 15/27, Acc: 0.4375, time 1.97s
Val 7/100 16/27, Acc: 0.4706, time 1.99s
Val 7/100 17/27, Acc: 0.4444, time 1.94s
Val 7/100 18/27, Acc: 0.4211, time 2.04s
Val 7/100 19/27, Acc: 0.4000, time 2.00s
Val 7/100 20/27, Acc: 0.4286, time 1.94s
Val 7/100 21/27, Acc: 0.4091, time 1.93s
Val 7/100 22/27, Acc: 0.4348, time 1.96s
Val 7/100 23/27, Acc: 0.4583, time 1.96s
Val 7/100 24/27, Acc: 0.4400, time 1.97s
Val 7/100 25/27, Acc: 0.4615, time 1.95s
Val 7/100 26/27, Acc: 0.4815, time 1.95s
[Val epoch 7] avg_acc=0.4815 | per-class [c0: 0.000, c1: 0.556, c2: 0.889]
Final validation stats 7/99 , Val_acc: 0.48148148148148145 , time 52.77s
new best (0.333333 --> 0.481481). 
Saving new best model to model_final.pt
Saving checkpoint outputs/OrganoidsINRIA/swinunetr/2025-10-16-12-32/model.pt
Saving checkpoint outputs/OrganoidsINRIA/swinunetr/2025-10-16-12-32/model_final.pt
Copying to model.pt new best model!!!!
[EarlyStopping] improved to 0.481481

0 Thu Oct 16 12:59:51 2025 Epoch: 8
Epoch: 8/100 Iter: 0/12 loss: 3.8673 time 16.97s
Epoch: 8/100 Iter: 1/12 loss: 4.0815 time 15.25s
Epoch: 8/100 Iter: 2/12 loss: 4.2079 time 15.24s
Epoch: 8/100 Iter: 3/12 loss: 4.3517 time 15.24s
Epoch: 8/100 Iter: 4/12 loss: 4.3634 time 15.24s
Epoch: 8/100 Iter: 5/12 loss: 4.3651 time 15.25s
Epoch: 8/100 Iter: 6/12 loss: 4.4139 time 15.24s
Epoch: 8/100 Iter: 7/12 loss: 4.3602 time 15.24s
Epoch: 8/100 Iter: 8/12 loss: 4.3447 time 15.25s
Epoch: 8/100 Iter: 9/12 loss: 4.3508 time 15.25s
Epoch: 8/100 Iter: 10/12 loss: 4.3356 time 15.25s
Epoch: 8/100 Iter: 11/12 loss: 4.3419 time 15.25s
Final training  8/99 loss: 4.3419 time 184.72s lr: 0.000492
[EarlyStopping] improved to 4.341867
0 Thu Oct 16 13:02:56 2025 Epoch: 9
Epoch: 9/100 Iter: 0/12 loss: 3.4841 time 17.46s
Epoch: 9/100 Iter: 1/12 loss: 4.1513 time 15.26s
Epoch: 9/100 Iter: 2/12 loss: 4.2601 time 15.25s
Epoch: 9/100 Iter: 3/12 loss: 4.2165 time 15.25s
Epoch: 9/100 Iter: 4/12 loss: 4.3989 time 15.25s
Epoch: 9/100 Iter: 5/12 loss: 4.3698 time 15.25s
Epoch: 9/100 Iter: 6/12 loss: 4.5554 time 15.25s
Epoch: 9/100 Iter: 7/12 loss: 4.3943 time 15.25s
Epoch: 9/100 Iter: 8/12 loss: 4.4483 time 15.25s
Epoch: 9/100 Iter: 9/12 loss: 4.4991 time 15.25s
Epoch: 9/100 Iter: 10/12 loss: 4.4453 time 15.25s
Epoch: 9/100 Iter: 11/12 loss: 4.3835 time 15.25s
Final training  9/99 loss: 4.3835 time 185.26s lr: 0.000490
[EarlyStopping] no improve (1/30)
0 Thu Oct 16 13:06:01 2025 Epoch: 10
Epoch: 10/100 Iter: 0/12 loss: 4.3202 time 16.98s
Epoch: 10/100 Iter: 1/12 loss: 3.8509 time 15.25s
Epoch: 10/100 Iter: 2/12 loss: 4.1025 time 15.24s
Epoch: 10/100 Iter: 3/12 loss: 4.2699 time 15.24s
Epoch: 10/100 Iter: 4/12 loss: 4.2053 time 15.25s
Epoch: 10/100 Iter: 5/12 loss: 4.3503 time 15.25s
Epoch: 10/100 Iter: 6/12 loss: 4.5575 time 15.25s
Epoch: 10/100 Iter: 7/12 loss: 4.5125 time 15.26s
Epoch: 10/100 Iter: 8/12 loss: 4.5118 time 15.26s
Epoch: 10/100 Iter: 9/12 loss: 4.5447 time 15.26s
Epoch: 10/100 Iter: 10/12 loss: 4.5153 time 15.26s
Epoch: 10/100 Iter: 11/12 loss: 4.4197 time 15.26s
Final training  10/99 loss: 4.4197 time 184.81s lr: 0.000488
[EarlyStopping] no improve (2/30)
0 Thu Oct 16 13:09:06 2025 Epoch: 11
Epoch: 11/100 Iter: 0/12 loss: 3.7198 time 17.41s
Epoch: 11/100 Iter: 1/12 loss: 4.3684 time 15.27s
Epoch: 11/100 Iter: 2/12 loss: 4.5634 time 15.27s
Epoch: 11/100 Iter: 3/12 loss: 4.2655 time 15.27s
Epoch: 11/100 Iter: 4/12 loss: 4.6796 time 15.27s
Epoch: 11/100 Iter: 5/12 loss: 4.4752 time 15.27s
Epoch: 11/100 Iter: 6/12 loss: 4.5172 time 15.26s
Epoch: 11/100 Iter: 7/12 loss: 4.4228 time 15.27s
Epoch: 11/100 Iter: 8/12 loss: 4.4883 time 15.27s
Epoch: 11/100 Iter: 9/12 loss: 4.4921 time 15.27s
Epoch: 11/100 Iter: 10/12 loss: 4.4200 time 15.27s
Epoch: 11/100 Iter: 11/12 loss: 4.3723 time 15.27s
Final training  11/99 loss: 4.3723 time 185.40s lr: 0.000485
[EarlyStopping] no improve (3/30)
Val 11/100 0/27, Acc: 1.0000, time 1.93s
Val 11/100 1/27, Acc: 0.5000, time 1.93s
Val 11/100 2/27, Acc: 0.3333, time 1.93s
Val 11/100 3/27, Acc: 0.5000, time 1.97s
Val 11/100 4/27, Acc: 0.6000, time 1.96s
Val 11/100 5/27, Acc: 0.5000, time 1.98s
Val 11/100 6/27, Acc: 0.5714, time 1.96s
Val 11/100 7/27, Acc: 0.6250, time 1.94s
Val 11/100 8/27, Acc: 0.6667, time 1.93s
Val 11/100 9/27, Acc: 0.6000, time 1.94s
Val 11/100 10/27, Acc: 0.5455, time 1.98s
Val 11/100 11/27, Acc: 0.5000, time 1.95s
Val 11/100 12/27, Acc: 0.5385, time 1.93s
Val 11/100 13/27, Acc: 0.5714, time 1.93s
Val 11/100 14/27, Acc: 0.6000, time 1.93s
Val 11/100 15/27, Acc: 0.5625, time 1.94s
Val 11/100 16/27, Acc: 0.5882, time 1.97s
Val 11/100 17/27, Acc: 0.5556, time 1.93s
Val 11/100 18/27, Acc: 0.5263, time 2.04s
Val 11/100 19/27, Acc: 0.5000, time 2.00s
Val 11/100 20/27, Acc: 0.5238, time 1.97s
Val 11/100 21/27, Acc: 0.5000, time 1.97s
Val 11/100 22/27, Acc: 0.5217, time 1.94s
Val 11/100 23/27, Acc: 0.5417, time 1.92s
Val 11/100 24/27, Acc: 0.5200, time 1.94s
Val 11/100 25/27, Acc: 0.5385, time 1.92s
Val 11/100 26/27, Acc: 0.5556, time 1.96s
[Val epoch 11] avg_acc=0.5556 | per-class [c0: 0.000, c1: 0.778, c2: 0.889]
Final validation stats 11/99 , Val_acc: 0.5555555555555556 , time 52.69s
new best (0.481481 --> 0.555556). 
Saving new best model to model_final.pt
Saving checkpoint outputs/OrganoidsINRIA/swinunetr/2025-10-16-12-32/model.pt
Saving checkpoint outputs/OrganoidsINRIA/swinunetr/2025-10-16-12-32/model_final.pt
Copying to model.pt new best model!!!!
[EarlyStopping] improved to 0.555556

0 Thu Oct 16 13:13:13 2025 Epoch: 12
Epoch: 12/100 Iter: 0/12 loss: 5.0237 time 19.52s
Epoch: 12/100 Iter: 1/12 loss: 4.3880 time 15.25s
Epoch: 12/100 Iter: 2/12 loss: 4.5139 time 15.26s
Epoch: 12/100 Iter: 3/12 loss: 4.8116 time 15.25s
Epoch: 12/100 Iter: 4/12 loss: 4.6170 time 15.26s
Epoch: 12/100 Iter: 5/12 loss: 4.4620 time 15.26s
Epoch: 12/100 Iter: 6/12 loss: 4.4538 time 15.27s
Epoch: 12/100 Iter: 7/12 loss: 4.3977 time 15.27s
Epoch: 12/100 Iter: 8/12 loss: 4.3256 time 15.27s
Epoch: 12/100 Iter: 9/12 loss: 4.3171 time 15.27s
Epoch: 12/100 Iter: 10/12 loss: 4.3724 time 15.27s
Epoch: 12/100 Iter: 11/12 loss: 4.3719 time 15.27s
Final training  12/99 loss: 4.3719 time 187.47s lr: 0.000482
[EarlyStopping] no improve (4/30)
0 Thu Oct 16 13:16:21 2025 Epoch: 13
Epoch: 13/100 Iter: 0/12 loss: 4.4136 time 18.47s
Epoch: 13/100 Iter: 1/12 loss: 4.3104 time 15.27s
Epoch: 13/100 Iter: 2/12 loss: 4.2440 time 15.27s
Epoch: 13/100 Iter: 3/12 loss: 4.1285 time 15.27s
Epoch: 13/100 Iter: 4/12 loss: 4.0736 time 15.26s
Epoch: 13/100 Iter: 5/12 loss: 4.0344 time 15.27s
Epoch: 13/100 Iter: 6/12 loss: 4.0599 time 15.29s
Epoch: 13/100 Iter: 7/12 loss: 4.0725 time 15.28s
Epoch: 13/100 Iter: 8/12 loss: 4.0754 time 15.28s
Epoch: 13/100 Iter: 9/12 loss: 4.0760 time 15.28s
Epoch: 13/100 Iter: 10/12 loss: 4.0520 time 15.28s
Epoch: 13/100 Iter: 11/12 loss: 4.0637 time 15.28s
Final training  13/99 loss: 4.0637 time 186.54s lr: 0.000479
[EarlyStopping] improved to 4.063714
0 Thu Oct 16 13:19:28 2025 Epoch: 14
Epoch: 14/100 Iter: 0/12 loss: 3.3990 time 21.53s
Epoch: 14/100 Iter: 1/12 loss: 3.8130 time 15.26s
Epoch: 14/100 Iter: 2/12 loss: 3.7756 time 15.27s
Epoch: 14/100 Iter: 3/12 loss: 4.1152 time 15.27s
Epoch: 14/100 Iter: 4/12 loss: 4.1789 time 15.28s
Epoch: 14/100 Iter: 5/12 loss: 4.0430 time 15.27s
Epoch: 14/100 Iter: 6/12 loss: 4.0249 time 15.28s
Epoch: 14/100 Iter: 7/12 loss: 3.9980 time 15.28s
Epoch: 14/100 Iter: 8/12 loss: 3.9832 time 15.28s
Epoch: 14/100 Iter: 9/12 loss: 4.0199 time 15.27s
Epoch: 14/100 Iter: 10/12 loss: 3.9863 time 15.28s
Epoch: 14/100 Iter: 11/12 loss: 3.9601 time 15.28s
Final training  14/99 loss: 3.9601 time 189.62s lr: 0.000476
[EarlyStopping] improved to 3.960090
0 Thu Oct 16 13:22:37 2025 Epoch: 15
Epoch: 15/100 Iter: 0/12 loss: 4.2445 time 19.03s
Epoch: 15/100 Iter: 1/12 loss: 4.1533 time 15.28s
Epoch: 15/100 Iter: 2/12 loss: 4.0065 time 15.28s
Epoch: 15/100 Iter: 3/12 loss: 3.8658 time 15.28s
Epoch: 15/100 Iter: 4/12 loss: 3.9006 time 15.27s
Epoch: 15/100 Iter: 5/12 loss: 3.7786 time 15.28s
Epoch: 15/100 Iter: 6/12 loss: 3.6552 time 15.28s
Epoch: 15/100 Iter: 7/12 loss: 3.6644 time 15.27s
Epoch: 15/100 Iter: 8/12 loss: 3.7670 time 15.28s
Epoch: 15/100 Iter: 9/12 loss: 3.8430 time 15.28s
Epoch: 15/100 Iter: 10/12 loss: 3.8959 time 15.28s
Epoch: 15/100 Iter: 11/12 loss: 3.8773 time 15.28s
Final training  15/99 loss: 3.8773 time 187.14s lr: 0.000473
[EarlyStopping] improved to 3.877268
Val 15/100 0/27, Acc: 1.0000, time 1.97s
Val 15/100 1/27, Acc: 0.5000, time 1.97s
Val 15/100 2/27, Acc: 0.3333, time 1.97s
Val 15/100 3/27, Acc: 0.5000, time 1.98s
Val 15/100 4/27, Acc: 0.6000, time 1.94s
Val 15/100 5/27, Acc: 0.5000, time 1.99s
Val 15/100 6/27, Acc: 0.5714, time 1.98s
Val 15/100 7/27, Acc: 0.6250, time 1.97s
Val 15/100 8/27, Acc: 0.6667, time 2.37s
Val 15/100 9/27, Acc: 0.6000, time 2.25s
Val 15/100 10/27, Acc: 0.5455, time 2.45s
Val 15/100 11/27, Acc: 0.5000, time 1.93s
Val 15/100 12/27, Acc: 0.5385, time 1.93s
Val 15/100 13/27, Acc: 0.5714, time 1.94s
Val 15/100 14/27, Acc: 0.6000, time 1.97s
Val 15/100 15/27, Acc: 0.5625, time 1.95s
Val 15/100 16/27, Acc: 0.5294, time 1.99s
Val 15/100 17/27, Acc: 0.5000, time 1.95s
Val 15/100 18/27, Acc: 0.5263, time 2.03s
Val 15/100 19/27, Acc: 0.5500, time 1.99s
Val 15/100 20/27, Acc: 0.5714, time 1.97s
Val 15/100 21/27, Acc: 0.5455, time 1.97s
Val 15/100 22/27, Acc: 0.5652, time 1.94s
Val 15/100 23/27, Acc: 0.5833, time 1.96s
Val 15/100 24/27, Acc: 0.6000, time 1.97s
Val 15/100 25/27, Acc: 0.6154, time 1.93s
Val 15/100 26/27, Acc: 0.6296, time 1.95s
[Val epoch 15] avg_acc=0.6296 | per-class [c0: 0.333, c1: 0.778, c2: 0.778]
Final validation stats 15/99 , Val_acc: 0.6296296296296297 , time 54.21s
new best (0.555556 --> 0.629630). 
Saving new best model to model_final.pt
Saving checkpoint outputs/OrganoidsINRIA/swinunetr/2025-10-16-12-32/model.pt
Saving checkpoint outputs/OrganoidsINRIA/swinunetr/2025-10-16-12-32/model_final.pt
Copying to model.pt new best model!!!!
[EarlyStopping] improved to 0.629630

0 Thu Oct 16 13:26:47 2025 Epoch: 16
Epoch: 16/100 Iter: 0/12 loss: 3.0115 time 18.51s
Epoch: 16/100 Iter: 1/12 loss: 3.6944 time 15.25s
Epoch: 16/100 Iter: 2/12 loss: 3.5076 time 15.25s
Epoch: 16/100 Iter: 3/12 loss: 3.6032 time 15.27s
Epoch: 16/100 Iter: 4/12 loss: 3.7897 time 15.28s
Epoch: 16/100 Iter: 5/12 loss: 3.8812 time 15.26s
Epoch: 16/100 Iter: 6/12 loss: 3.9707 time 15.27s
Epoch: 16/100 Iter: 7/12 loss: 3.8546 time 15.28s
Epoch: 16/100 Iter: 8/12 loss: 3.8466 time 15.27s
Epoch: 16/100 Iter: 9/12 loss: 3.8687 time 15.27s
Epoch: 16/100 Iter: 10/12 loss: 3.7828 time 15.28s
Epoch: 16/100 Iter: 11/12 loss: 3.9613 time 15.28s
Final training  16/99 loss: 3.9613 time 186.53s lr: 0.000469
[EarlyStopping] no improve (1/30)
0 Thu Oct 16 13:29:53 2025 Epoch: 17
Epoch: 17/100 Iter: 0/12 loss: 3.7392 time 21.77s
Epoch: 17/100 Iter: 1/12 loss: 3.6849 time 15.26s
Epoch: 17/100 Iter: 2/12 loss: 4.0740 time 15.26s
Epoch: 17/100 Iter: 3/12 loss: 4.1165 time 15.27s
Epoch: 17/100 Iter: 4/12 loss: 4.0115 time 15.28s
Epoch: 17/100 Iter: 5/12 loss: 4.0687 time 15.25s
Epoch: 17/100 Iter: 6/12 loss: 4.1491 time 15.26s
Epoch: 17/100 Iter: 7/12 loss: 4.2031 time 15.26s
Epoch: 17/100 Iter: 8/12 loss: 4.2473 time 15.26s
Epoch: 17/100 Iter: 9/12 loss: 4.3341 time 15.26s
Epoch: 17/100 Iter: 10/12 loss: 4.4052 time 15.26s
Epoch: 17/100 Iter: 11/12 loss: 4.3425 time 15.26s
Final training  17/99 loss: 4.3425 time 189.69s lr: 0.000465
[EarlyStopping] no improve (2/30)
0 Thu Oct 16 13:33:03 2025 Epoch: 18
Epoch: 18/100 Iter: 0/12 loss: 4.2309 time 18.91s
Epoch: 18/100 Iter: 1/12 loss: 4.2056 time 15.29s
Epoch: 18/100 Iter: 2/12 loss: 4.2343 time 15.28s
Epoch: 18/100 Iter: 3/12 loss: 4.2388 time 15.28s
Epoch: 18/100 Iter: 4/12 loss: 4.2472 time 15.27s
Epoch: 18/100 Iter: 5/12 loss: 3.9795 time 15.28s
Epoch: 18/100 Iter: 6/12 loss: 3.8181 time 15.28s
Epoch: 18/100 Iter: 7/12 loss: 3.7669 time 15.28s
Epoch: 18/100 Iter: 8/12 loss: 3.9087 time 15.28s
Epoch: 18/100 Iter: 9/12 loss: 3.9803 time 15.28s
Epoch: 18/100 Iter: 10/12 loss: 3.8637 time 15.28s
Epoch: 18/100 Iter: 11/12 loss: 3.8457 time 15.28s
Final training  18/99 loss: 3.8457 time 187.03s lr: 0.000461
[EarlyStopping] improved to 3.845744
0 Thu Oct 16 13:36:10 2025 Epoch: 19
Epoch: 19/100 Iter: 0/12 loss: 3.8899 time 17.05s
Epoch: 19/100 Iter: 1/12 loss: 3.9773 time 15.28s
Epoch: 19/100 Iter: 2/12 loss: 3.8190 time 15.27s
Epoch: 19/100 Iter: 3/12 loss: 3.6216 time 15.27s
Epoch: 19/100 Iter: 4/12 loss: 3.7472 time 15.27s
Epoch: 19/100 Iter: 5/12 loss: 3.6080 time 15.27s
Epoch: 19/100 Iter: 6/12 loss: 3.5086 time 15.28s
Epoch: 19/100 Iter: 7/12 loss: 3.8089 time 15.28s
Epoch: 19/100 Iter: 8/12 loss: 3.8258 time 15.28s
Epoch: 19/100 Iter: 9/12 loss: 3.8220 time 15.27s
Epoch: 19/100 Iter: 10/12 loss: 3.7758 time 15.28s
Epoch: 19/100 Iter: 11/12 loss: 3.7333 time 15.28s
Final training  19/99 loss: 3.7333 time 185.13s lr: 0.000457
[EarlyStopping] improved to 3.733255
Val 19/100 0/27, Acc: 0.0000, time 1.97s
Val 19/100 1/27, Acc: 0.5000, time 1.93s
Val 19/100 2/27, Acc: 0.6667, time 1.94s
Val 19/100 3/27, Acc: 0.5000, time 1.95s
Val 19/100 4/27, Acc: 0.4000, time 1.95s
Val 19/100 5/27, Acc: 0.5000, time 1.95s
Val 19/100 6/27, Acc: 0.4286, time 1.93s
Val 19/100 7/27, Acc: 0.3750, time 1.93s
Val 19/100 8/27, Acc: 0.4444, time 1.93s
Val 19/100 9/27, Acc: 0.4000, time 1.97s
Val 19/100 10/27, Acc: 0.3636, time 1.99s
Val 19/100 11/27, Acc: 0.3333, time 1.96s
Val 19/100 12/27, Acc: 0.3077, time 1.98s
Val 19/100 13/27, Acc: 0.2857, time 1.98s
Val 19/100 14/27, Acc: 0.2667, time 1.96s
Val 19/100 15/27, Acc: 0.3125, time 2.02s
Val 19/100 16/27, Acc: 0.2941, time 1.98s
Val 19/100 17/27, Acc: 0.3333, time 1.94s
Val 19/100 18/27, Acc: 0.3684, time 2.04s
Val 19/100 19/27, Acc: 0.4000, time 2.00s
Val 19/100 20/27, Acc: 0.3810, time 1.98s
Val 19/100 21/27, Acc: 0.4091, time 2.50s
Val 19/100 22/27, Acc: 0.4348, time 2.51s
Val 19/100 23/27, Acc: 0.4583, time 2.25s
Val 19/100 24/27, Acc: 0.4800, time 1.95s
Val 19/100 25/27, Acc: 0.5000, time 1.92s
Val 19/100 26/27, Acc: 0.5185, time 1.96s
[Val epoch 19] avg_acc=0.5185 | per-class [c0: 1.000, c1: 0.111, c2: 0.444]
Final validation stats 19/99 , Val_acc: 0.5185185185185185 , time 54.37s
Saving checkpoint outputs/OrganoidsINRIA/swinunetr/2025-10-16-12-32/model_final.pt
[EarlyStopping] no improve (1/10)

0 Thu Oct 16 13:40:12 2025 Epoch: 20
Epoch: 20/100 Iter: 0/12 loss: 3.8841 time 18.91s
Epoch: 20/100 Iter: 1/12 loss: 3.3851 time 15.27s
Epoch: 20/100 Iter: 2/12 loss: 3.5210 time 15.27s
Epoch: 20/100 Iter: 3/12 loss: 3.5857 time 15.27s
Epoch: 20/100 Iter: 4/12 loss: 3.7833 time 15.28s
Epoch: 20/100 Iter: 5/12 loss: 3.9497 time 15.28s
Epoch: 20/100 Iter: 6/12 loss: 3.9465 time 15.29s
Epoch: 20/100 Iter: 7/12 loss: 3.8207 time 15.28s
Epoch: 20/100 Iter: 8/12 loss: 3.8462 time 15.27s
Epoch: 20/100 Iter: 9/12 loss: 3.8282 time 15.27s
Epoch: 20/100 Iter: 10/12 loss: 3.8548 time 15.27s
Epoch: 20/100 Iter: 11/12 loss: 3.9690 time 15.28s
Final training  20/99 loss: 3.9690 time 186.98s lr: 0.000452
[EarlyStopping] no improve (1/30)
0 Thu Oct 16 13:43:20 2025 Epoch: 21
Epoch: 21/100 Iter: 0/12 loss: 3.2424 time 19.72s
Epoch: 21/100 Iter: 1/12 loss: 3.4563 time 15.26s
Epoch: 21/100 Iter: 2/12 loss: 3.6121 time 15.26s
Epoch: 21/100 Iter: 3/12 loss: 3.6612 time 15.26s
Epoch: 21/100 Iter: 4/12 loss: 3.7444 time 15.26s
Epoch: 21/100 Iter: 5/12 loss: 3.8234 time 15.25s
Epoch: 21/100 Iter: 6/12 loss: 3.6677 time 15.26s
Epoch: 21/100 Iter: 7/12 loss: 3.6670 time 15.26s
Epoch: 21/100 Iter: 8/12 loss: 3.6778 time 15.27s
Epoch: 21/100 Iter: 9/12 loss: 3.6828 time 15.27s
Epoch: 21/100 Iter: 10/12 loss: 3.6818 time 15.26s
Epoch: 21/100 Iter: 11/12 loss: 3.6627 time 15.26s
Final training  21/99 loss: 3.6627 time 187.65s lr: 0.000448
[EarlyStopping] improved to 3.662722
0 Thu Oct 16 13:46:27 2025 Epoch: 22
Epoch: 22/100 Iter: 0/12 loss: 3.2139 time 19.56s
Epoch: 22/100 Iter: 1/12 loss: 3.4067 time 15.26s
Epoch: 22/100 Iter: 2/12 loss: 3.4187 time 15.26s
Epoch: 22/100 Iter: 3/12 loss: 3.4984 time 15.26s
Epoch: 22/100 Iter: 4/12 loss: 3.4558 time 15.26s
Epoch: 22/100 Iter: 5/12 loss: 3.4846 time 15.25s
Epoch: 22/100 Iter: 6/12 loss: 3.6382 time 15.27s
Epoch: 22/100 Iter: 7/12 loss: 3.7492 time 15.27s
Epoch: 22/100 Iter: 8/12 loss: 3.9289 time 15.28s
Epoch: 22/100 Iter: 9/12 loss: 3.8470 time 15.26s
Epoch: 22/100 Iter: 10/12 loss: 3.7100 time 15.26s
Epoch: 22/100 Iter: 11/12 loss: 3.7060 time 15.25s
Final training  22/99 loss: 3.7060 time 187.50s lr: 0.000443
[EarlyStopping] no improve (1/30)
0 Thu Oct 16 13:49:35 2025 Epoch: 23
Epoch: 23/100 Iter: 0/12 loss: 5.1260 time 21.69s
Epoch: 23/100 Iter: 1/12 loss: 4.8273 time 15.26s
Epoch: 23/100 Iter: 2/12 loss: 4.5728 time 15.25s
Epoch: 23/100 Iter: 3/12 loss: 4.4152 time 15.26s
Epoch: 23/100 Iter: 4/12 loss: 4.2906 time 15.26s
Epoch: 23/100 Iter: 5/12 loss: 4.2108 time 15.26s
Epoch: 23/100 Iter: 6/12 loss: 4.1903 time 15.26s
Epoch: 23/100 Iter: 7/12 loss: 4.0718 time 15.26s
Epoch: 23/100 Iter: 8/12 loss: 4.1987 time 15.28s
Epoch: 23/100 Iter: 9/12 loss: 4.1113 time 15.27s
Epoch: 23/100 Iter: 10/12 loss: 4.0673 time 15.27s
Epoch: 23/100 Iter: 11/12 loss: 4.0104 time 15.27s
Final training  23/99 loss: 4.0104 time 189.62s lr: 0.000438
[EarlyStopping] no improve (2/30)
Val 23/100 0/27, Acc: 1.0000, time 1.93s
Val 23/100 1/27, Acc: 0.5000, time 1.93s
Val 23/100 2/27, Acc: 0.3333, time 1.94s
Val 23/100 3/27, Acc: 0.5000, time 1.95s
Val 23/100 4/27, Acc: 0.6000, time 1.92s
Val 23/100 5/27, Acc: 0.5000, time 1.98s
Val 23/100 6/27, Acc: 0.5714, time 1.97s
Val 23/100 7/27, Acc: 0.6250, time 1.94s
Val 23/100 8/27, Acc: 0.6667, time 1.93s
Val 23/100 9/27, Acc: 0.6000, time 1.94s
Val 23/100 10/27, Acc: 0.6364, time 1.98s
Val 23/100 11/27, Acc: 0.5833, time 1.96s
Val 23/100 12/27, Acc: 0.5385, time 1.97s
Val 23/100 13/27, Acc: 0.5714, time 1.97s
Val 23/100 14/27, Acc: 0.6000, time 2.03s
Val 23/100 15/27, Acc: 0.5625, time 1.95s
Val 23/100 16/27, Acc: 0.5882, time 2.79s
Val 23/100 17/27, Acc: 0.5556, time 2.48s
Val 23/100 18/27, Acc: 0.5263, time 2.03s
Val 23/100 19/27, Acc: 0.5000, time 1.99s
Val 23/100 20/27, Acc: 0.5238, time 1.93s
Val 23/100 21/27, Acc: 0.5000, time 1.94s
Val 23/100 22/27, Acc: 0.5217, time 1.94s
Val 23/100 23/27, Acc: 0.5417, time 1.93s
Val 23/100 24/27, Acc: 0.5200, time 1.97s
Val 23/100 25/27, Acc: 0.5385, time 1.96s
Val 23/100 26/27, Acc: 0.5556, time 1.96s
[Val epoch 23] avg_acc=0.5556 | per-class [c0: 0.000, c1: 0.667, c2: 1.000]
Final validation stats 23/99 , Val_acc: 0.5555555555555556 , time 54.20s
Saving checkpoint outputs/OrganoidsINRIA/swinunetr/2025-10-16-12-32/model_final.pt
[EarlyStopping] no improve (2/10)

0 Thu Oct 16 13:53:41 2025 Epoch: 24
Epoch: 24/100 Iter: 0/12 loss: 3.5767 time 19.10s
Epoch: 24/100 Iter: 1/12 loss: 3.7807 time 15.26s
Epoch: 24/100 Iter: 2/12 loss: 3.7243 time 15.25s
Epoch: 24/100 Iter: 3/12 loss: 3.6278 time 15.25s
Epoch: 24/100 Iter: 4/12 loss: 3.6624 time 15.27s
Epoch: 24/100 Iter: 5/12 loss: 3.5772 time 15.26s
Epoch: 24/100 Iter: 6/12 loss: 3.4770 time 15.28s
Epoch: 24/100 Iter: 7/12 loss: 3.4740 time 15.27s
Epoch: 24/100 Iter: 8/12 loss: 3.4358 time 15.26s
Epoch: 24/100 Iter: 9/12 loss: 3.4676 time 15.26s
Epoch: 24/100 Iter: 10/12 loss: 3.5515 time 15.25s
Epoch: 24/100 Iter: 11/12 loss: 3.5830 time 15.26s
Final training  24/99 loss: 3.5830 time 187.00s lr: 0.000432
[EarlyStopping] improved to 3.583001
0 Thu Oct 16 13:56:48 2025 Epoch: 25
Epoch: 25/100 Iter: 0/12 loss: 4.0058 time 18.52s
Epoch: 25/100 Iter: 1/12 loss: 3.8336 time 15.28s
Epoch: 25/100 Iter: 2/12 loss: 3.4963 time 15.27s
Epoch: 25/100 Iter: 3/12 loss: 3.6311 time 15.27s
Epoch: 25/100 Iter: 4/12 loss: 3.7171 time 15.27s
Epoch: 25/100 Iter: 5/12 loss: 3.7552 time 15.27s
Epoch: 25/100 Iter: 6/12 loss: 3.6858 time 15.27s
Epoch: 25/100 Iter: 7/12 loss: 3.6259 time 15.27s
Epoch: 25/100 Iter: 8/12 loss: 3.5296 time 15.27s
Epoch: 25/100 Iter: 9/12 loss: 3.6295 time 15.27s
Epoch: 25/100 Iter: 10/12 loss: 3.5947 time 15.27s
Epoch: 25/100 Iter: 11/12 loss: 3.5293 time 15.28s
Final training  25/99 loss: 3.5293 time 186.56s lr: 0.000427
[EarlyStopping] improved to 3.529257
0 Thu Oct 16 13:59:54 2025 Epoch: 26
Epoch: 26/100 Iter: 0/12 loss: 3.2523 time 19.18s
Epoch: 26/100 Iter: 1/12 loss: 3.0899 time 15.26s
Epoch: 26/100 Iter: 2/12 loss: 2.8577 time 15.26s
Epoch: 26/100 Iter: 3/12 loss: 2.9695 time 15.26s
Epoch: 26/100 Iter: 4/12 loss: 3.0627 time 15.26s
Epoch: 26/100 Iter: 5/12 loss: 3.1004 time 15.26s
Epoch: 26/100 Iter: 6/12 loss: 3.3378 time 15.26s
Epoch: 26/100 Iter: 7/12 loss: 3.3285 time 15.26s
Epoch: 26/100 Iter: 8/12 loss: 3.5127 time 15.26s
Epoch: 26/100 Iter: 9/12 loss: 3.4472 time 15.26s
Epoch: 26/100 Iter: 10/12 loss: 3.3749 time 15.26s
Epoch: 26/100 Iter: 11/12 loss: 3.4206 time 15.26s
Final training  26/99 loss: 3.4206 time 187.09s lr: 0.000421
[EarlyStopping] improved to 3.420602
0 Thu Oct 16 14:03:02 2025 Epoch: 27
Epoch: 27/100 Iter: 0/12 loss: 4.0061 time 18.34s
Epoch: 27/100 Iter: 1/12 loss: 3.9822 time 15.26s
Epoch: 27/100 Iter: 2/12 loss: 3.5911 time 15.26s
Epoch: 27/100 Iter: 3/12 loss: 3.4013 time 15.26s
Epoch: 27/100 Iter: 4/12 loss: 3.1211 time 15.26s
Epoch: 27/100 Iter: 5/12 loss: 3.0858 time 15.25s
Epoch: 27/100 Iter: 6/12 loss: 3.0564 time 15.26s
Epoch: 27/100 Iter: 7/12 loss: 3.1445 time 15.26s
Epoch: 27/100 Iter: 8/12 loss: 3.2369 time 15.26s
Epoch: 27/100 Iter: 9/12 loss: 3.1607 time 15.26s
Epoch: 27/100 Iter: 10/12 loss: 3.1317 time 15.27s
Epoch: 27/100 Iter: 11/12 loss: 3.1223 time 15.27s
Final training  27/99 loss: 3.1223 time 186.25s lr: 0.000415
[EarlyStopping] improved to 3.122296
Val 27/100 0/27, Acc: 1.0000, time 1.97s
Val 27/100 1/27, Acc: 0.5000, time 1.95s
Val 27/100 2/27, Acc: 0.3333, time 1.95s
Val 27/100 3/27, Acc: 0.5000, time 1.95s
Val 27/100 4/27, Acc: 0.6000, time 1.94s
Val 27/100 5/27, Acc: 0.5000, time 1.96s
Val 27/100 6/27, Acc: 0.5714, time 1.94s
Val 27/100 7/27, Acc: 0.6250, time 1.98s
Val 27/100 8/27, Acc: 0.6667, time 1.98s
Val 27/100 9/27, Acc: 0.6000, time 1.94s
Val 27/100 10/27, Acc: 0.5455, time 1.95s
Val 27/100 11/27, Acc: 0.5833, time 1.94s
Val 27/100 12/27, Acc: 0.6154, time 1.98s
Val 27/100 13/27, Acc: 0.6429, time 1.96s
Val 27/100 14/27, Acc: 0.6667, time 1.97s
Val 27/100 15/27, Acc: 0.6250, time 1.95s
Val 27/100 16/27, Acc: 0.6471, time 1.98s
Val 27/100 17/27, Acc: 0.6111, time 1.93s
Val 27/100 18/27, Acc: 0.5789, time 2.04s
Val 27/100 19/27, Acc: 0.6000, time 2.00s
Val 27/100 20/27, Acc: 0.6190, time 1.96s
Val 27/100 21/27, Acc: 0.5909, time 1.98s
Val 27/100 22/27, Acc: 0.5652, time 2.43s
Val 27/100 23/27, Acc: 0.5417, time 2.48s
Val 27/100 24/27, Acc: 0.5200, time 2.10s
Val 27/100 25/27, Acc: 0.5000, time 1.92s
Val 27/100 26/27, Acc: 0.4815, time 2.46s
[Val epoch 27] avg_acc=0.4815 | per-class [c0: 0.111, c1: 0.889, c2: 0.444]
Final validation stats 27/99 , Val_acc: 0.48148148148148145 , time 54.60s
Saving checkpoint outputs/OrganoidsINRIA/swinunetr/2025-10-16-12-32/model_final.pt
[EarlyStopping] no improve (3/10)

0 Thu Oct 16 14:07:04 2025 Epoch: 28
Epoch: 28/100 Iter: 0/12 loss: 3.9307 time 17.59s
Epoch: 28/100 Iter: 1/12 loss: 3.7451 time 15.25s
Epoch: 28/100 Iter: 2/12 loss: 3.2773 time 15.25s
Epoch: 28/100 Iter: 3/12 loss: 3.5456 time 15.26s
Epoch: 28/100 Iter: 4/12 loss: 3.3550 time 15.26s
Epoch: 28/100 Iter: 5/12 loss: 3.4246 time 15.26s
Epoch: 28/100 Iter: 6/12 loss: 3.3281 time 15.26s
Epoch: 28/100 Iter: 7/12 loss: 3.2513 time 15.27s
Epoch: 28/100 Iter: 8/12 loss: 3.3306 time 15.26s
Epoch: 28/100 Iter: 9/12 loss: 3.3145 time 15.25s
Epoch: 28/100 Iter: 10/12 loss: 3.2685 time 15.26s
Epoch: 28/100 Iter: 11/12 loss: 3.3039 time 15.25s
Final training  28/99 loss: 3.3039 time 185.47s lr: 0.000409
[EarlyStopping] no improve (1/30)
0 Thu Oct 16 14:10:10 2025 Epoch: 29
Epoch: 29/100 Iter: 0/12 loss: 2.6674 time 18.84s
Epoch: 29/100 Iter: 1/12 loss: 2.7938 time 15.28s
Epoch: 29/100 Iter: 2/12 loss: 3.4010 time 15.26s
Epoch: 29/100 Iter: 3/12 loss: 3.3022 time 15.26s
Epoch: 29/100 Iter: 4/12 loss: 3.4435 time 15.27s
Epoch: 29/100 Iter: 5/12 loss: 3.6548 time 15.27s
Epoch: 29/100 Iter: 6/12 loss: 3.6424 time 15.27s
Epoch: 29/100 Iter: 7/12 loss: 3.5505 time 15.27s
Epoch: 29/100 Iter: 8/12 loss: 3.5376 time 15.27s
Epoch: 29/100 Iter: 9/12 loss: 3.5696 time 15.26s
Epoch: 29/100 Iter: 10/12 loss: 3.5593 time 15.26s
Epoch: 29/100 Iter: 11/12 loss: 3.4697 time 15.26s
Final training  29/99 loss: 3.4697 time 186.81s lr: 0.000403
[EarlyStopping] no improve (2/30)
0 Thu Oct 16 14:13:17 2025 Epoch: 30
Epoch: 30/100 Iter: 0/12 loss: 2.1524 time 18.79s
Epoch: 30/100 Iter: 1/12 loss: 2.6107 time 15.28s
Epoch: 30/100 Iter: 2/12 loss: 3.0679 time 15.26s
Epoch: 30/100 Iter: 3/12 loss: 3.2063 time 15.26s
Epoch: 30/100 Iter: 4/12 loss: 3.1630 time 15.27s
Epoch: 30/100 Iter: 5/12 loss: 3.2561 time 15.28s
Epoch: 30/100 Iter: 6/12 loss: 3.3080 time 15.28s
Epoch: 30/100 Iter: 7/12 loss: 3.3817 time 15.27s
Epoch: 30/100 Iter: 8/12 loss: 3.3075 time 15.27s
Epoch: 30/100 Iter: 9/12 loss: 3.4236 time 15.26s
Epoch: 30/100 Iter: 10/12 loss: 3.4916 time 15.26s
Epoch: 30/100 Iter: 11/12 loss: 3.4210 time 15.28s
Final training  30/99 loss: 3.4210 time 186.81s lr: 0.000397
[EarlyStopping] no improve (3/30)
0 Thu Oct 16 14:16:24 2025 Epoch: 31
Epoch: 31/100 Iter: 0/12 loss: 3.4114 time 17.96s
Epoch: 31/100 Iter: 1/12 loss: 3.0262 time 15.29s
Epoch: 31/100 Iter: 2/12 loss: 3.0415 time 15.28s
Epoch: 31/100 Iter: 3/12 loss: 3.0643 time 15.26s
Epoch: 31/100 Iter: 4/12 loss: 2.9485 time 15.27s
Epoch: 31/100 Iter: 5/12 loss: 3.0645 time 15.26s
Epoch: 31/100 Iter: 6/12 loss: 2.9308 time 15.27s
Epoch: 31/100 Iter: 7/12 loss: 3.0214 time 15.26s
Epoch: 31/100 Iter: 8/12 loss: 3.1070 time 15.26s
Epoch: 31/100 Iter: 9/12 loss: 3.0733 time 15.26s
Epoch: 31/100 Iter: 10/12 loss: 3.0022 time 15.26s
Epoch: 31/100 Iter: 11/12 loss: 3.0144 time 15.26s
Final training  31/99 loss: 3.0144 time 185.93s lr: 0.000391
[EarlyStopping] improved to 3.014441
Val 31/100 0/27, Acc: 1.0000, time 1.93s
Val 31/100 1/27, Acc: 0.5000, time 1.94s
Val 31/100 2/27, Acc: 0.6667, time 1.94s
Val 31/100 3/27, Acc: 0.5000, time 1.97s
Val 31/100 4/27, Acc: 0.6000, time 1.96s
Val 31/100 5/27, Acc: 0.6667, time 1.99s
Val 31/100 6/27, Acc: 0.7143, time 1.97s
Val 31/100 7/27, Acc: 0.7500, time 1.97s
Val 31/100 8/27, Acc: 0.7778, time 1.95s
Val 31/100 9/27, Acc: 0.7000, time 1.98s
Val 31/100 10/27, Acc: 0.6364, time 1.98s
Val 31/100 11/27, Acc: 0.5833, time 1.95s
Val 31/100 12/27, Acc: 0.5385, time 1.96s
Val 31/100 13/27, Acc: 0.5000, time 1.94s
Val 31/100 14/27, Acc: 0.4667, time 1.94s
Val 31/100 15/27, Acc: 0.5000, time 1.97s
Val 31/100 16/27, Acc: 0.4706, time 1.98s
Val 31/100 17/27, Acc: 0.5000, time 1.94s
Val 31/100 18/27, Acc: 0.5263, time 2.05s
Val 31/100 19/27, Acc: 0.5500, time 2.00s
Val 31/100 20/27, Acc: 0.5238, time 1.95s
Val 31/100 21/27, Acc: 0.5455, time 1.94s
Val 31/100 22/27, Acc: 0.5652, time 1.94s
Val 31/100 23/27, Acc: 0.5833, time 1.93s
Val 31/100 24/27, Acc: 0.6000, time 1.94s
Val 31/100 25/27, Acc: 0.6154, time 1.93s
Val 31/100 26/27, Acc: 0.6296, time 1.92s
[Val epoch 31] avg_acc=0.6296 | per-class [c0: 0.889, c1: 0.556, c2: 0.444]
Final validation stats 31/99 , Val_acc: 0.6296296296296297 , time 52.85s
Saving checkpoint outputs/OrganoidsINRIA/swinunetr/2025-10-16-12-32/model_final.pt
[EarlyStopping] no improve (4/10)

0 Thu Oct 16 14:20:25 2025 Epoch: 32
Epoch: 32/100 Iter: 0/12 loss: 2.5910 time 19.61s
Epoch: 32/100 Iter: 1/12 loss: 3.1198 time 15.25s
Epoch: 32/100 Iter: 2/12 loss: 3.0782 time 15.25s
Epoch: 32/100 Iter: 3/12 loss: 3.3733 time 15.27s
Epoch: 32/100 Iter: 4/12 loss: 3.3162 time 15.32s
Epoch: 32/100 Iter: 5/12 loss: 3.1608 time 15.26s
Epoch: 32/100 Iter: 6/12 loss: 3.4728 time 15.29s
Epoch: 32/100 Iter: 7/12 loss: 3.4829 time 15.26s
Epoch: 32/100 Iter: 8/12 loss: 3.2915 time 15.26s
Epoch: 32/100 Iter: 9/12 loss: 3.3611 time 15.26s
Epoch: 32/100 Iter: 10/12 loss: 3.2586 time 15.25s
Epoch: 32/100 Iter: 11/12 loss: 3.2327 time 15.25s
Final training  32/99 loss: 3.2327 time 187.58s lr: 0.000384
[EarlyStopping] no improve (1/30)
0 Thu Oct 16 14:23:33 2025 Epoch: 33
Epoch: 33/100 Iter: 0/12 loss: 3.2404 time 22.88s
Epoch: 33/100 Iter: 1/12 loss: 2.9051 time 15.25s
Epoch: 33/100 Iter: 2/12 loss: 3.1533 time 15.24s
Epoch: 33/100 Iter: 3/12 loss: 2.9764 time 15.24s
Epoch: 33/100 Iter: 4/12 loss: 3.1232 time 15.25s
Epoch: 33/100 Iter: 5/12 loss: 3.0558 time 15.25s
Epoch: 33/100 Iter: 6/12 loss: 3.1414 time 15.25s
Epoch: 33/100 Iter: 7/12 loss: 3.1473 time 15.26s
Epoch: 33/100 Iter: 8/12 loss: 3.2305 time 15.26s
Epoch: 33/100 Iter: 9/12 loss: 3.1841 time 15.26s
Epoch: 33/100 Iter: 10/12 loss: 3.1264 time 15.26s
Epoch: 33/100 Iter: 11/12 loss: 3.1132 time 15.26s
Final training  33/99 loss: 3.1132 time 190.73s lr: 0.000377
[EarlyStopping] no improve (2/30)
0 Thu Oct 16 14:26:43 2025 Epoch: 34
Epoch: 34/100 Iter: 0/12 loss: 2.4588 time 18.73s
Epoch: 34/100 Iter: 1/12 loss: 2.7040 time 15.26s
Epoch: 34/100 Iter: 2/12 loss: 2.7969 time 15.25s
Epoch: 34/100 Iter: 3/12 loss: 2.7307 time 15.25s
Epoch: 34/100 Iter: 4/12 loss: 2.9094 time 15.25s
Epoch: 34/100 Iter: 5/12 loss: 2.7398 time 15.26s
Epoch: 34/100 Iter: 6/12 loss: 2.6615 time 15.25s
Epoch: 34/100 Iter: 7/12 loss: 2.6157 time 15.26s
Epoch: 34/100 Iter: 8/12 loss: 2.7080 time 15.27s
Epoch: 34/100 Iter: 9/12 loss: 2.6847 time 15.26s
Epoch: 34/100 Iter: 10/12 loss: 2.8138 time 15.26s
Epoch: 34/100 Iter: 11/12 loss: 2.7772 time 15.26s
Final training  34/99 loss: 2.7772 time 186.62s lr: 0.000370
[EarlyStopping] improved to 2.777176
0 Thu Oct 16 14:29:50 2025 Epoch: 35
Epoch: 35/100 Iter: 0/12 loss: 2.0943 time 18.88s
Epoch: 35/100 Iter: 1/12 loss: 2.0185 time 15.27s
Epoch: 35/100 Iter: 2/12 loss: 2.0531 time 15.25s
Epoch: 35/100 Iter: 3/12 loss: 1.9555 time 15.26s
Epoch: 35/100 Iter: 4/12 loss: 2.0558 time 15.26s
Epoch: 35/100 Iter: 5/12 loss: 2.4497 time 15.26s
Epoch: 35/100 Iter: 6/12 loss: 2.5047 time 15.26s
Epoch: 35/100 Iter: 7/12 loss: 2.5441 time 15.26s
Epoch: 35/100 Iter: 8/12 loss: 2.6482 time 15.26s
Epoch: 35/100 Iter: 9/12 loss: 2.7355 time 15.25s
Epoch: 35/100 Iter: 10/12 loss: 2.8212 time 15.26s
Epoch: 35/100 Iter: 11/12 loss: 3.0540 time 15.26s
Final training  35/99 loss: 3.0540 time 186.77s lr: 0.000363
[EarlyStopping] no improve (1/30)
Val 35/100 0/27, Acc: 0.0000, time 1.93s
Val 35/100 1/27, Acc: 0.0000, time 1.94s
Val 35/100 2/27, Acc: 0.3333, time 1.93s
Val 35/100 3/27, Acc: 0.5000, time 1.95s
Val 35/100 4/27, Acc: 0.4000, time 1.97s
Val 35/100 5/27, Acc: 0.5000, time 1.99s
Val 35/100 6/27, Acc: 0.5714, time 2.14s
Val 35/100 7/27, Acc: 0.5000, time 1.97s
Val 35/100 8/27, Acc: 0.5556, time 2.56s
Val 35/100 9/27, Acc: 0.5000, time 2.10s
Val 35/100 10/27, Acc: 0.4545, time 1.94s
Val 35/100 11/27, Acc: 0.4167, time 1.94s
Val 35/100 12/27, Acc: 0.3846, time 1.94s
Val 35/100 13/27, Acc: 0.4286, time 1.93s
Val 35/100 14/27, Acc: 0.4000, time 1.97s
Val 35/100 15/27, Acc: 0.4375, time 1.97s
Val 35/100 16/27, Acc: 0.4118, time 1.99s
Val 35/100 17/27, Acc: 0.3889, time 1.97s
Val 35/100 18/27, Acc: 0.4211, time 2.02s
Val 35/100 19/27, Acc: 0.4500, time 1.99s
Val 35/100 20/27, Acc: 0.4762, time 1.94s
Val 35/100 21/27, Acc: 0.5000, time 1.94s
Val 35/100 22/27, Acc: 0.5217, time 1.97s
Val 35/100 23/27, Acc: 0.5417, time 1.93s
Val 35/100 24/27, Acc: 0.5600, time 1.93s
Val 35/100 25/27, Acc: 0.5769, time 1.93s
Val 35/100 26/27, Acc: 0.5926, time 1.92s
[Val epoch 35] avg_acc=0.5926 | per-class [c0: 0.778, c1: 0.222, c2: 0.778]
Final validation stats 35/99 , Val_acc: 0.5925925925925926 , time 53.69s
Saving checkpoint outputs/OrganoidsINRIA/swinunetr/2025-10-16-12-32/model_final.pt
[EarlyStopping] no improve (5/10)

0 Thu Oct 16 14:33:53 2025 Epoch: 36
Epoch: 36/100 Iter: 0/12 loss: 2.8914 time 17.55s
Epoch: 36/100 Iter: 1/12 loss: 2.9148 time 15.25s
Epoch: 36/100 Iter: 2/12 loss: 2.5553 time 15.25s
Epoch: 36/100 Iter: 3/12 loss: 2.7810 time 15.25s
Epoch: 36/100 Iter: 4/12 loss: 2.6498 time 15.25s
Epoch: 36/100 Iter: 5/12 loss: 2.6240 time 15.26s
Epoch: 36/100 Iter: 6/12 loss: 2.6019 time 15.25s
Epoch: 36/100 Iter: 7/12 loss: 2.7254 time 15.25s
Epoch: 36/100 Iter: 8/12 loss: 2.6452 time 15.26s
Epoch: 36/100 Iter: 9/12 loss: 2.7242 time 15.25s
Epoch: 36/100 Iter: 10/12 loss: 2.8924 time 15.26s
Epoch: 36/100 Iter: 11/12 loss: 2.9130 time 15.25s
Final training  36/99 loss: 2.9130 time 185.40s lr: 0.000356
[EarlyStopping] no improve (2/30)
0 Thu Oct 16 14:36:58 2025 Epoch: 37
Epoch: 37/100 Iter: 0/12 loss: 2.6029 time 19.29s
Epoch: 37/100 Iter: 1/12 loss: 2.6997 time 15.26s
Epoch: 37/100 Iter: 2/12 loss: 2.7836 time 15.26s
Epoch: 37/100 Iter: 3/12 loss: 2.8795 time 15.25s
Epoch: 37/100 Iter: 4/12 loss: 2.8588 time 15.25s
Epoch: 37/100 Iter: 5/12 loss: 2.9830 time 15.25s
Epoch: 37/100 Iter: 6/12 loss: 2.8123 time 15.25s
Epoch: 37/100 Iter: 7/12 loss: 2.8363 time 15.25s
Epoch: 37/100 Iter: 8/12 loss: 2.7810 time 15.25s
Epoch: 37/100 Iter: 9/12 loss: 2.7148 time 15.26s
Epoch: 37/100 Iter: 10/12 loss: 2.6676 time 15.26s
Epoch: 37/100 Iter: 11/12 loss: 2.7061 time 15.26s
Final training  37/99 loss: 2.7061 time 187.16s lr: 0.000349
[EarlyStopping] improved to 2.706122
0 Thu Oct 16 14:40:05 2025 Epoch: 38
Epoch: 38/100 Iter: 0/12 loss: 3.2293 time 17.87s
Epoch: 38/100 Iter: 1/12 loss: 3.3965 time 15.26s
Epoch: 38/100 Iter: 2/12 loss: 3.2619 time 15.25s
Epoch: 38/100 Iter: 3/12 loss: 3.0640 time 15.25s
Epoch: 38/100 Iter: 4/12 loss: 2.8317 time 15.26s
Epoch: 38/100 Iter: 5/12 loss: 2.7186 time 15.25s
Epoch: 38/100 Iter: 6/12 loss: 2.6248 time 15.25s
Epoch: 38/100 Iter: 7/12 loss: 2.6583 time 15.26s
Epoch: 38/100 Iter: 8/12 loss: 2.5467 time 15.25s
Epoch: 38/100 Iter: 9/12 loss: 2.5462 time 15.25s
Epoch: 38/100 Iter: 10/12 loss: 2.5244 time 15.25s
Epoch: 38/100 Iter: 11/12 loss: 2.5441 time 15.24s
Final training  38/99 loss: 2.5441 time 185.70s lr: 0.000342
[EarlyStopping] improved to 2.544143
0 Thu Oct 16 14:43:11 2025 Epoch: 39
Epoch: 39/100 Iter: 0/12 loss: 2.4880 time 17.42s
Epoch: 39/100 Iter: 1/12 loss: 2.3998 time 15.26s
Epoch: 39/100 Iter: 2/12 loss: 2.6784 time 15.25s
Epoch: 39/100 Iter: 3/12 loss: 2.7420 time 15.24s
Epoch: 39/100 Iter: 4/12 loss: 2.5169 time 15.25s
Epoch: 39/100 Iter: 5/12 loss: 2.4085 time 15.24s
Epoch: 39/100 Iter: 6/12 loss: 2.4199 time 15.25s
Epoch: 39/100 Iter: 7/12 loss: 2.4283 time 15.25s
Epoch: 39/100 Iter: 8/12 loss: 2.6495 time 15.25s
Epoch: 39/100 Iter: 9/12 loss: 2.6835 time 15.25s
Epoch: 39/100 Iter: 10/12 loss: 2.6460 time 15.25s
Epoch: 39/100 Iter: 11/12 loss: 2.6858 time 15.25s
Final training  39/99 loss: 2.6858 time 185.21s lr: 0.000335
[EarlyStopping] no improve (1/30)
Val 39/100 0/27, Acc: 1.0000, time 1.93s
Val 39/100 1/27, Acc: 0.5000, time 1.94s
Val 39/100 2/27, Acc: 0.6667, time 1.96s
Val 39/100 3/27, Acc: 0.7500, time 1.94s
Val 39/100 4/27, Acc: 0.8000, time 1.92s
Val 39/100 5/27, Acc: 0.8333, time 1.95s
Val 39/100 6/27, Acc: 0.8571, time 1.96s
Val 39/100 7/27, Acc: 0.8750, time 1.95s
Val 39/100 8/27, Acc: 0.8889, time 1.93s
Val 39/100 9/27, Acc: 0.8000, time 1.93s
Val 39/100 10/27, Acc: 0.7273, time 1.94s
Val 39/100 11/27, Acc: 0.6667, time 1.93s
Val 39/100 12/27, Acc: 0.6154, time 1.93s
Val 39/100 13/27, Acc: 0.6429, time 1.98s
Val 39/100 14/27, Acc: 0.6667, time 1.97s
Val 39/100 15/27, Acc: 0.6875, time 1.97s
Val 39/100 16/27, Acc: 0.6471, time 1.99s
Val 39/100 17/27, Acc: 0.6111, time 1.93s
Val 39/100 18/27, Acc: 0.6316, time 2.02s
Val 39/100 19/27, Acc: 0.6500, time 1.99s
Val 39/100 20/27, Acc: 0.6667, time 1.93s
Val 39/100 21/27, Acc: 0.6818, time 1.93s
Val 39/100 22/27, Acc: 0.6957, time 1.93s
Val 39/100 23/27, Acc: 0.7083, time 1.96s
Val 39/100 24/27, Acc: 0.7200, time 1.97s
Val 39/100 25/27, Acc: 0.7308, time 1.92s
Val 39/100 26/27, Acc: 0.7407, time 1.92s
[Val epoch 39] avg_acc=0.7407 | per-class [c0: 0.778, c1: 0.667, c2: 0.778]
Final validation stats 39/99 , Val_acc: 0.7407407407407407 , time 52.59s
new best (0.629630 --> 0.740741). 
Saving new best model to model_final.pt
Saving checkpoint outputs/OrganoidsINRIA/swinunetr/2025-10-16-12-32/model.pt
Saving checkpoint outputs/OrganoidsINRIA/swinunetr/2025-10-16-12-32/model_final.pt
Copying to model.pt new best model!!!!
[EarlyStopping] improved to 0.740741

0 Thu Oct 16 14:47:17 2025 Epoch: 40
Epoch: 40/100 Iter: 0/12 loss: 2.4936 time 18.99s
Epoch: 40/100 Iter: 1/12 loss: 2.5544 time 15.22s
Epoch: 40/100 Iter: 2/12 loss: 2.4752 time 15.23s
Epoch: 40/100 Iter: 3/12 loss: 2.5518 time 15.24s
Epoch: 40/100 Iter: 4/12 loss: 2.7809 time 15.25s
Epoch: 40/100 Iter: 5/12 loss: 2.8363 time 15.24s
Epoch: 40/100 Iter: 6/12 loss: 2.8406 time 15.25s
Epoch: 40/100 Iter: 7/12 loss: 2.7566 time 15.25s
Epoch: 40/100 Iter: 8/12 loss: 2.7317 time 15.25s
Epoch: 40/100 Iter: 9/12 loss: 2.6685 time 15.26s
Epoch: 40/100 Iter: 10/12 loss: 2.7276 time 15.25s
Epoch: 40/100 Iter: 11/12 loss: 2.8123 time 15.27s
Final training  40/99 loss: 2.8123 time 186.75s lr: 0.000327
[EarlyStopping] no improve (2/30)
0 Thu Oct 16 14:50:24 2025 Epoch: 41
Epoch: 41/100 Iter: 0/12 loss: 2.8678 time 19.13s
Epoch: 41/100 Iter: 1/12 loss: 2.2218 time 15.25s
Epoch: 41/100 Iter: 2/12 loss: 2.3671 time 15.25s
Epoch: 41/100 Iter: 3/12 loss: 2.7905 time 15.24s
Epoch: 41/100 Iter: 4/12 loss: 2.6343 time 15.25s
Epoch: 41/100 Iter: 5/12 loss: 2.6577 time 15.24s
Epoch: 41/100 Iter: 6/12 loss: 2.7931 time 15.24s
Epoch: 41/100 Iter: 7/12 loss: 2.9142 time 15.26s
Epoch: 41/100 Iter: 8/12 loss: 2.8964 time 15.25s
Epoch: 41/100 Iter: 9/12 loss: 2.8254 time 15.24s
Epoch: 41/100 Iter: 10/12 loss: 2.9027 time 15.25s
Epoch: 41/100 Iter: 11/12 loss: 2.8560 time 15.25s
Final training  41/99 loss: 2.8560 time 186.90s lr: 0.000320
[EarlyStopping] no improve (3/30)
0 Thu Oct 16 14:53:31 2025 Epoch: 42
Epoch: 42/100 Iter: 0/12 loss: 2.4499 time 18.80s
Epoch: 42/100 Iter: 1/12 loss: 2.4923 time 15.26s
Epoch: 42/100 Iter: 2/12 loss: 2.4503 time 15.25s
Epoch: 42/100 Iter: 3/12 loss: 2.6375 time 15.25s
Epoch: 42/100 Iter: 4/12 loss: 2.6340 time 15.25s
Epoch: 42/100 Iter: 5/12 loss: 2.5252 time 15.25s
Epoch: 42/100 Iter: 6/12 loss: 2.3703 time 15.26s
Epoch: 42/100 Iter: 7/12 loss: 2.3500 time 15.25s
Epoch: 42/100 Iter: 8/12 loss: 2.4117 time 15.25s
Epoch: 42/100 Iter: 9/12 loss: 2.4684 time 15.25s
Epoch: 42/100 Iter: 10/12 loss: 2.4158 time 15.25s
Epoch: 42/100 Iter: 11/12 loss: 2.5234 time 15.25s
Final training  42/99 loss: 2.5234 time 186.61s lr: 0.000312
[EarlyStopping] improved to 2.523428
0 Thu Oct 16 14:56:38 2025 Epoch: 43
Epoch: 43/100 Iter: 0/12 loss: 2.1233 time 17.82s
Epoch: 43/100 Iter: 1/12 loss: 2.1071 time 15.26s
Epoch: 43/100 Iter: 2/12 loss: 1.9771 time 15.26s
Epoch: 43/100 Iter: 3/12 loss: 2.1118 time 15.25s
Epoch: 43/100 Iter: 4/12 loss: 2.0227 time 15.25s
Epoch: 43/100 Iter: 5/12 loss: 2.3130 time 15.25s
Epoch: 43/100 Iter: 6/12 loss: 2.5464 time 15.25s
Epoch: 43/100 Iter: 7/12 loss: 2.5950 time 15.25s
Epoch: 43/100 Iter: 8/12 loss: 2.6462 time 15.26s
Epoch: 43/100 Iter: 9/12 loss: 2.6258 time 15.25s
Epoch: 43/100 Iter: 10/12 loss: 2.6619 time 15.25s
Epoch: 43/100 Iter: 11/12 loss: 2.6164 time 15.27s
Final training  43/99 loss: 2.6164 time 185.68s lr: 0.000305
[EarlyStopping] no improve (1/30)
Val 43/100 0/27, Acc: 1.0000, time 1.97s
Val 43/100 1/27, Acc: 0.5000, time 1.98s
Val 43/100 2/27, Acc: 0.3333, time 1.99s
Val 43/100 3/27, Acc: 0.5000, time 1.99s
Val 43/100 4/27, Acc: 0.6000, time 1.95s
Val 43/100 5/27, Acc: 0.5000, time 2.00s
Val 43/100 6/27, Acc: 0.5714, time 1.94s
Val 43/100 7/27, Acc: 0.6250, time 2.00s
Val 43/100 8/27, Acc: 0.6667, time 1.99s
Val 43/100 9/27, Acc: 0.6000, time 1.98s
Val 43/100 10/27, Acc: 0.5455, time 2.00s
Val 43/100 11/27, Acc: 0.5833, time 1.98s
Val 43/100 12/27, Acc: 0.6154, time 1.97s
Val 43/100 13/27, Acc: 0.6429, time 1.95s
Val 43/100 14/27, Acc: 0.6667, time 1.97s
Val 43/100 15/27, Acc: 0.6250, time 1.97s
Val 43/100 16/27, Acc: 0.6471, time 2.00s
Val 43/100 17/27, Acc: 0.6111, time 1.95s
Val 43/100 18/27, Acc: 0.6316, time 2.03s
Val 43/100 19/27, Acc: 0.6500, time 2.01s
Val 43/100 20/27, Acc: 0.6667, time 1.99s
Val 43/100 21/27, Acc: 0.6364, time 1.98s
Val 43/100 22/27, Acc: 0.6522, time 1.98s
Val 43/100 23/27, Acc: 0.6250, time 1.97s
Val 43/100 24/27, Acc: 0.6000, time 1.94s
Val 43/100 25/27, Acc: 0.5769, time 1.92s
Val 43/100 26/27, Acc: 0.5556, time 1.92s
[Val epoch 43] avg_acc=0.5556 | per-class [c0: 0.222, c1: 0.889, c2: 0.556]
Final validation stats 43/99 , Val_acc: 0.5555555555555556 , time 53.32s
Saving checkpoint outputs/OrganoidsINRIA/swinunetr/2025-10-16-12-32/model_final.pt
[EarlyStopping] no improve (1/10)

0 Thu Oct 16 15:00:39 2025 Epoch: 44
Epoch: 44/100 Iter: 0/12 loss: 3.7957 time 17.07s
Epoch: 44/100 Iter: 1/12 loss: 3.7865 time 15.26s
Epoch: 44/100 Iter: 2/12 loss: 3.4442 time 15.25s
Epoch: 44/100 Iter: 3/12 loss: 3.1887 time 15.25s
Epoch: 44/100 Iter: 4/12 loss: 3.1290 time 15.26s
Epoch: 44/100 Iter: 5/12 loss: 2.9495 time 15.26s
Epoch: 44/100 Iter: 6/12 loss: 2.8655 time 15.26s
Epoch: 44/100 Iter: 7/12 loss: 3.0259 time 15.26s
Epoch: 44/100 Iter: 8/12 loss: 3.0002 time 15.26s
Epoch: 44/100 Iter: 9/12 loss: 2.9831 time 15.26s
Epoch: 44/100 Iter: 10/12 loss: 2.9297 time 15.26s
Epoch: 44/100 Iter: 11/12 loss: 2.9196 time 15.26s
Final training  44/99 loss: 2.9196 time 184.94s lr: 0.000297
[EarlyStopping] no improve (2/30)
0 Thu Oct 16 15:03:44 2025 Epoch: 45
Epoch: 45/100 Iter: 0/12 loss: 1.8244 time 18.91s
Epoch: 45/100 Iter: 1/12 loss: 2.5626 time 15.27s
Epoch: 45/100 Iter: 2/12 loss: 2.5511 time 15.26s
Epoch: 45/100 Iter: 3/12 loss: 2.2168 time 15.26s
Epoch: 45/100 Iter: 4/12 loss: 2.3949 time 15.26s
Epoch: 45/100 Iter: 5/12 loss: 2.5220 time 15.26s
Epoch: 45/100 Iter: 6/12 loss: 2.5790 time 15.26s
Epoch: 45/100 Iter: 7/12 loss: 2.5895 time 15.26s
Epoch: 45/100 Iter: 8/12 loss: 2.4826 time 15.27s
Epoch: 45/100 Iter: 9/12 loss: 2.4640 time 15.26s
Epoch: 45/100 Iter: 10/12 loss: 2.4177 time 15.27s
Epoch: 45/100 Iter: 11/12 loss: 2.3823 time 15.26s
Final training  45/99 loss: 2.3823 time 186.85s lr: 0.000289
[EarlyStopping] improved to 2.382322
0 Thu Oct 16 15:06:51 2025 Epoch: 46
Epoch: 46/100 Iter: 0/12 loss: 3.4709 time 19.13s
Epoch: 46/100 Iter: 1/12 loss: 2.9474 time 15.27s
Epoch: 46/100 Iter: 2/12 loss: 2.4183 time 15.26s
Epoch: 46/100 Iter: 3/12 loss: 2.3558 time 15.26s
Epoch: 46/100 Iter: 4/12 loss: 2.3991 time 15.26s
Epoch: 46/100 Iter: 5/12 loss: 2.3700 time 15.25s
Epoch: 46/100 Iter: 6/12 loss: 2.6232 time 15.26s
Epoch: 46/100 Iter: 7/12 loss: 2.4393 time 15.27s
Epoch: 46/100 Iter: 8/12 loss: 2.5562 time 15.26s
Epoch: 46/100 Iter: 9/12 loss: 2.5542 time 15.27s
Epoch: 46/100 Iter: 10/12 loss: 2.4092 time 15.26s
Epoch: 46/100 Iter: 11/12 loss: 2.4209 time 15.26s
Final training  46/99 loss: 2.4209 time 187.04s lr: 0.000281
[EarlyStopping] no improve (1/30)
0 Thu Oct 16 15:09:58 2025 Epoch: 47
Epoch: 47/100 Iter: 0/12 loss: 2.4615 time 19.44s
Epoch: 47/100 Iter: 1/12 loss: 2.4331 time 15.26s
Epoch: 47/100 Iter: 2/12 loss: 2.6824 time 15.25s
Epoch: 47/100 Iter: 3/12 loss: 2.3842 time 15.26s
Epoch: 47/100 Iter: 4/12 loss: 2.4254 time 15.26s
Epoch: 47/100 Iter: 5/12 loss: 2.4652 time 15.25s
Epoch: 47/100 Iter: 6/12 loss: 2.6821 time 15.25s
Epoch: 47/100 Iter: 7/12 loss: 2.6913 time 15.26s
Epoch: 47/100 Iter: 8/12 loss: 2.6127 time 15.26s
Epoch: 47/100 Iter: 9/12 loss: 2.5725 time 15.26s
Epoch: 47/100 Iter: 10/12 loss: 2.6049 time 15.25s
Epoch: 47/100 Iter: 11/12 loss: 2.6520 time 15.25s
Final training  47/99 loss: 2.6520 time 187.30s lr: 0.000274
[EarlyStopping] no improve (2/30)
Val 47/100 0/27, Acc: 1.0000, time 1.92s
Val 47/100 1/27, Acc: 0.5000, time 1.93s
Val 47/100 2/27, Acc: 0.6667, time 1.95s
Val 47/100 3/27, Acc: 0.7500, time 1.94s
Val 47/100 4/27, Acc: 0.8000, time 1.92s
Val 47/100 5/27, Acc: 0.8333, time 1.95s
Val 47/100 6/27, Acc: 0.8571, time 1.93s
Val 47/100 7/27, Acc: 0.7500, time 1.93s
Val 47/100 8/27, Acc: 0.7778, time 1.93s
Val 47/100 9/27, Acc: 0.7000, time 1.93s
Val 47/100 10/27, Acc: 0.6364, time 1.94s
Val 47/100 11/27, Acc: 0.5833, time 1.96s
Val 47/100 12/27, Acc: 0.5385, time 2.52s
Val 47/100 13/27, Acc: 0.5714, time 2.57s
Val 47/100 14/27, Acc: 0.6000, time 1.93s
Val 47/100 15/27, Acc: 0.6250, time 1.94s
Val 47/100 16/27, Acc: 0.5882, time 1.97s
Val 47/100 17/27, Acc: 0.5556, time 1.93s
Val 47/100 18/27, Acc: 0.5789, time 2.03s
Val 47/100 19/27, Acc: 0.6000, time 1.99s
Val 47/100 20/27, Acc: 0.6190, time 1.94s
Val 47/100 21/27, Acc: 0.6364, time 1.93s
Val 47/100 22/27, Acc: 0.6522, time 1.93s
Val 47/100 23/27, Acc: 0.6667, time 1.96s
Val 47/100 24/27, Acc: 0.6800, time 1.97s
Val 47/100 25/27, Acc: 0.6923, time 1.94s
Val 47/100 26/27, Acc: 0.7037, time 1.92s
[Val epoch 47] avg_acc=0.7037 | per-class [c0: 0.778, c1: 0.556, c2: 0.778]
Final validation stats 47/99 , Val_acc: 0.7037037037037037 , time 53.67s
Saving checkpoint outputs/OrganoidsINRIA/swinunetr/2025-10-16-12-32/model_final.pt
[EarlyStopping] no improve (2/10)

0 Thu Oct 16 15:14:01 2025 Epoch: 48
Epoch: 48/100 Iter: 0/12 loss: 2.3193 time 16.96s
Epoch: 48/100 Iter: 1/12 loss: 2.2645 time 15.25s
Epoch: 48/100 Iter: 2/12 loss: 2.0956 time 15.26s
Epoch: 48/100 Iter: 3/12 loss: 2.0081 time 15.25s
Epoch: 48/100 Iter: 4/12 loss: 2.0219 time 15.25s
Epoch: 48/100 Iter: 5/12 loss: 2.2257 time 15.25s
Epoch: 48/100 Iter: 6/12 loss: 2.2544 time 15.25s
Epoch: 48/100 Iter: 7/12 loss: 2.4549 time 15.25s
Epoch: 48/100 Iter: 8/12 loss: 2.5388 time 15.29s
Epoch: 48/100 Iter: 9/12 loss: 2.5150 time 15.25s
Epoch: 48/100 Iter: 10/12 loss: 2.4708 time 15.25s
Epoch: 48/100 Iter: 11/12 loss: 2.4365 time 15.25s
Final training  48/99 loss: 2.4365 time 184.81s lr: 0.000266
[EarlyStopping] no improve (3/30)
0 Thu Oct 16 15:17:05 2025 Epoch: 49
Epoch: 49/100 Iter: 0/12 loss: 2.4152 time 17.78s
Epoch: 49/100 Iter: 1/12 loss: 2.4115 time 15.26s
Epoch: 49/100 Iter: 2/12 loss: 2.5653 time 15.26s
Epoch: 49/100 Iter: 3/12 loss: 2.6004 time 15.26s
Epoch: 49/100 Iter: 4/12 loss: 2.5188 time 15.28s
Epoch: 49/100 Iter: 5/12 loss: 2.5028 time 15.26s
Epoch: 49/100 Iter: 6/12 loss: 2.4695 time 15.25s
Epoch: 49/100 Iter: 7/12 loss: 2.5345 time 15.26s
Epoch: 49/100 Iter: 8/12 loss: 2.5537 time 15.25s
Epoch: 49/100 Iter: 9/12 loss: 2.4718 time 15.29s
Epoch: 49/100 Iter: 10/12 loss: 2.5169 time 15.28s
Epoch: 49/100 Iter: 11/12 loss: 2.4560 time 15.27s
Final training  49/99 loss: 2.4560 time 185.74s lr: 0.000258
[EarlyStopping] no improve (4/30)
0 Thu Oct 16 15:20:11 2025 Epoch: 50
Epoch: 50/100 Iter: 0/12 loss: 2.4563 time 19.96s
Epoch: 50/100 Iter: 1/12 loss: 2.3818 time 15.26s
Epoch: 50/100 Iter: 2/12 loss: 2.6016 time 15.27s
Epoch: 50/100 Iter: 3/12 loss: 2.6710 time 15.26s
Epoch: 50/100 Iter: 4/12 loss: 2.5216 time 15.27s
Epoch: 50/100 Iter: 5/12 loss: 2.5316 time 15.26s
Epoch: 50/100 Iter: 6/12 loss: 2.3908 time 15.26s
Epoch: 50/100 Iter: 7/12 loss: 2.3441 time 15.26s
Epoch: 50/100 Iter: 8/12 loss: 2.4409 time 15.26s
Epoch: 50/100 Iter: 9/12 loss: 2.4309 time 15.25s
Epoch: 50/100 Iter: 10/12 loss: 2.4719 time 15.26s
Epoch: 50/100 Iter: 11/12 loss: 2.4597 time 15.26s
Final training  50/99 loss: 2.4597 time 187.88s lr: 0.000250
[EarlyStopping] no improve (5/30)
0 Thu Oct 16 15:23:25 2025 Epoch: 51
Epoch: 51/100 Iter: 0/12 loss: 1.8903 time 19.95s
Epoch: 51/100 Iter: 1/12 loss: 2.3827 time 15.25s
Epoch: 51/100 Iter: 2/12 loss: 2.1368 time 15.24s
Epoch: 51/100 Iter: 3/12 loss: 2.5334 time 15.24s
Epoch: 51/100 Iter: 4/12 loss: 2.2254 time 15.25s
Epoch: 51/100 Iter: 5/12 loss: 2.3318 time 15.24s
Epoch: 51/100 Iter: 6/12 loss: 2.2394 time 15.25s
Epoch: 51/100 Iter: 7/12 loss: 2.2745 time 15.25s
Epoch: 51/100 Iter: 8/12 loss: 2.3120 time 15.26s
Epoch: 51/100 Iter: 9/12 loss: 2.2652 time 15.25s
Epoch: 51/100 Iter: 10/12 loss: 2.1775 time 15.26s
Epoch: 51/100 Iter: 11/12 loss: 2.1645 time 15.25s
Final training  51/99 loss: 2.1645 time 187.76s lr: 0.000242
[EarlyStopping] improved to 2.164510
Val 51/100 0/27, Acc: 1.0000, time 1.93s
Val 51/100 1/27, Acc: 0.5000, time 1.93s
Val 51/100 2/27, Acc: 0.6667, time 1.93s
Val 51/100 3/27, Acc: 0.7500, time 1.94s
Val 51/100 4/27, Acc: 0.8000, time 1.92s
Val 51/100 5/27, Acc: 0.8333, time 1.94s
Val 51/100 6/27, Acc: 0.8571, time 1.92s
Val 51/100 7/27, Acc: 0.7500, time 1.93s
Val 51/100 8/27, Acc: 0.7778, time 1.92s
Val 51/100 9/27, Acc: 0.7000, time 1.93s
Val 51/100 10/27, Acc: 0.6364, time 1.95s
Val 51/100 11/27, Acc: 0.5833, time 1.93s
Val 51/100 12/27, Acc: 0.5385, time 1.96s
Val 51/100 13/27, Acc: 0.5714, time 1.97s
Val 51/100 14/27, Acc: 0.5333, time 1.93s
Val 51/100 15/27, Acc: 0.5625, time 1.94s
Val 51/100 16/27, Acc: 0.5294, time 1.97s
Val 51/100 17/27, Acc: 0.5000, time 1.93s
Val 51/100 18/27, Acc: 0.5263, time 2.02s
Val 51/100 19/27, Acc: 0.5500, time 2.00s
Val 51/100 20/27, Acc: 0.5714, time 1.94s
Val 51/100 21/27, Acc: 0.5909, time 1.97s
Val 51/100 22/27, Acc: 0.6087, time 1.93s
Val 51/100 23/27, Acc: 0.6250, time 2.61s
Val 51/100 24/27, Acc: 0.6400, time 2.64s
Val 51/100 25/27, Acc: 0.6538, time 2.67s
Val 51/100 26/27, Acc: 0.6667, time 2.61s
[Val epoch 51] avg_acc=0.6667 | per-class [c0: 0.778, c1: 0.444, c2: 0.778]
Final validation stats 51/99 , Val_acc: 0.6666666666666666 , time 55.26s
Saving checkpoint outputs/OrganoidsINRIA/swinunetr/2025-10-16-12-32/model_final.pt
[EarlyStopping] no improve (3/10)

0 Thu Oct 16 15:27:36 2025 Epoch: 52
Epoch: 52/100 Iter: 0/12 loss: 2.4339 time 19.24s
Epoch: 52/100 Iter: 1/12 loss: 2.7912 time 15.23s
Epoch: 52/100 Iter: 2/12 loss: 2.6357 time 15.23s
Epoch: 52/100 Iter: 3/12 loss: 2.5287 time 15.24s
Epoch: 52/100 Iter: 4/12 loss: 2.3896 time 15.25s
Epoch: 52/100 Iter: 5/12 loss: 2.3226 time 15.24s
Epoch: 52/100 Iter: 6/12 loss: 2.1848 time 15.25s
Epoch: 52/100 Iter: 7/12 loss: 2.1468 time 15.25s
Epoch: 52/100 Iter: 8/12 loss: 2.1508 time 15.25s
Epoch: 52/100 Iter: 9/12 loss: 2.3389 time 15.26s
Epoch: 52/100 Iter: 10/12 loss: 2.2723 time 15.25s
Epoch: 52/100 Iter: 11/12 loss: 2.2533 time 15.25s
Final training  52/99 loss: 2.2533 time 187.00s lr: 0.000234
[EarlyStopping] no improve (1/30)
0 Thu Oct 16 15:30:43 2025 Epoch: 53
Epoch: 53/100 Iter: 0/12 loss: 3.4653 time 18.16s
Epoch: 53/100 Iter: 1/12 loss: 2.7291 time 15.26s
Epoch: 53/100 Iter: 2/12 loss: 2.6785 time 15.26s
Epoch: 53/100 Iter: 3/12 loss: 2.4544 time 15.26s
Epoch: 53/100 Iter: 4/12 loss: 2.2726 time 15.27s
Epoch: 53/100 Iter: 5/12 loss: 2.3642 time 15.26s
Epoch: 53/100 Iter: 6/12 loss: 2.3747 time 15.26s
Epoch: 53/100 Iter: 7/12 loss: 2.2900 time 15.26s
Epoch: 53/100 Iter: 8/12 loss: 2.1706 time 15.25s
Epoch: 53/100 Iter: 9/12 loss: 2.1443 time 15.25s
Epoch: 53/100 Iter: 10/12 loss: 2.1811 time 15.25s
Epoch: 53/100 Iter: 11/12 loss: 2.1487 time 15.26s
Final training  53/99 loss: 2.1487 time 186.05s lr: 0.000226
[EarlyStopping] improved to 2.148737
0 Thu Oct 16 15:33:49 2025 Epoch: 54
Epoch: 54/100 Iter: 0/12 loss: 2.3385 time 17.89s
Epoch: 54/100 Iter: 1/12 loss: 2.1819 time 15.26s
Epoch: 54/100 Iter: 2/12 loss: 1.9273 time 15.26s
Epoch: 54/100 Iter: 3/12 loss: 1.8895 time 15.25s
Epoch: 54/100 Iter: 4/12 loss: 1.8492 time 15.26s
Epoch: 54/100 Iter: 5/12 loss: 1.8064 time 15.25s
Epoch: 54/100 Iter: 6/12 loss: 1.8748 time 15.26s
Epoch: 54/100 Iter: 7/12 loss: 1.7965 time 15.26s
Epoch: 54/100 Iter: 8/12 loss: 2.0156 time 15.26s
Epoch: 54/100 Iter: 9/12 loss: 2.0865 time 15.26s
Epoch: 54/100 Iter: 10/12 loss: 2.1511 time 15.26s
Epoch: 54/100 Iter: 11/12 loss: 2.1963 time 15.25s
Final training  54/99 loss: 2.1963 time 185.79s lr: 0.000219
[EarlyStopping] no improve (1/30)
0 Thu Oct 16 15:36:55 2025 Epoch: 55
Epoch: 55/100 Iter: 0/12 loss: 2.2401 time 19.50s
Epoch: 55/100 Iter: 1/12 loss: 1.9072 time 15.26s
Epoch: 55/100 Iter: 2/12 loss: 2.2468 time 15.25s
Epoch: 55/100 Iter: 3/12 loss: 2.2310 time 15.25s
Epoch: 55/100 Iter: 4/12 loss: 2.2886 time 15.26s
Epoch: 55/100 Iter: 5/12 loss: 2.3788 time 15.26s
Epoch: 55/100 Iter: 6/12 loss: 2.5780 time 15.25s
Epoch: 55/100 Iter: 7/12 loss: 2.4209 time 15.25s
Epoch: 55/100 Iter: 8/12 loss: 2.4120 time 15.25s
Epoch: 55/100 Iter: 9/12 loss: 2.4111 time 15.25s
Epoch: 55/100 Iter: 10/12 loss: 2.3574 time 15.25s
Epoch: 55/100 Iter: 11/12 loss: 2.3719 time 15.25s
Final training  55/99 loss: 2.3719 time 187.33s lr: 0.000211
[EarlyStopping] no improve (2/30)
Val 55/100 0/27, Acc: 1.0000, time 1.97s
Val 55/100 1/27, Acc: 0.5000, time 1.97s
Val 55/100 2/27, Acc: 0.3333, time 1.94s
Val 55/100 3/27, Acc: 0.5000, time 1.97s
Val 55/100 4/27, Acc: 0.6000, time 1.96s
Val 55/100 5/27, Acc: 0.6667, time 1.95s
Val 55/100 6/27, Acc: 0.7143, time 1.93s
Val 55/100 7/27, Acc: 0.7500, time 1.93s
Val 55/100 8/27, Acc: 0.7778, time 1.93s
Val 55/100 9/27, Acc: 0.7000, time 1.98s
Val 55/100 10/27, Acc: 0.7273, time 1.98s
Val 55/100 11/27, Acc: 0.7500, time 1.96s
Val 55/100 12/27, Acc: 0.6923, time 1.93s
Val 55/100 13/27, Acc: 0.7143, time 1.94s
Val 55/100 14/27, Acc: 0.7333, time 1.97s
Val 55/100 15/27, Acc: 0.6875, time 2.65s
Val 55/100 16/27, Acc: 0.6471, time 2.73s
Val 55/100 17/27, Acc: 0.6111, time 2.57s
Val 55/100 18/27, Acc: 0.6316, time 2.79s
Val 55/100 19/27, Acc: 0.6500, time 2.54s
Val 55/100 20/27, Acc: 0.6667, time 2.67s
Val 55/100 21/27, Acc: 0.6818, time 2.58s
Val 55/100 22/27, Acc: 0.6957, time 1.93s
Val 55/100 23/27, Acc: 0.7083, time 1.92s
Val 55/100 24/27, Acc: 0.6800, time 1.93s
Val 55/100 25/27, Acc: 0.6923, time 1.92s
Val 55/100 26/27, Acc: 0.7037, time 1.91s
[Val epoch 55] avg_acc=0.7037 | per-class [c0: 0.444, c1: 0.778, c2: 0.889]
Final validation stats 55/99 , Val_acc: 0.7037037037037037 , time 57.46s
Saving checkpoint outputs/OrganoidsINRIA/swinunetr/2025-10-16-12-32/model_final.pt
[EarlyStopping] no improve (4/10)

0 Thu Oct 16 15:41:02 2025 Epoch: 56
Epoch: 56/100 Iter: 0/12 loss: 1.8207 time 19.52s
Epoch: 56/100 Iter: 1/12 loss: 1.9031 time 15.24s
Epoch: 56/100 Iter: 2/12 loss: 2.1094 time 15.24s
Epoch: 56/100 Iter: 3/12 loss: 2.1347 time 15.24s
Epoch: 56/100 Iter: 4/12 loss: 2.1467 time 15.24s
Epoch: 56/100 Iter: 5/12 loss: 2.2522 time 15.24s
Epoch: 56/100 Iter: 6/12 loss: 2.2516 time 15.24s
Epoch: 56/100 Iter: 7/12 loss: 2.1780 time 15.25s
Epoch: 56/100 Iter: 8/12 loss: 2.1765 time 15.26s
Epoch: 56/100 Iter: 9/12 loss: 2.2949 time 15.24s
Epoch: 56/100 Iter: 10/12 loss: 2.2384 time 15.25s
Epoch: 56/100 Iter: 11/12 loss: 2.2263 time 15.25s
Final training  56/99 loss: 2.2263 time 187.26s lr: 0.000203
[EarlyStopping] no improve (3/30)
0 Thu Oct 16 15:44:09 2025 Epoch: 57
Epoch: 57/100 Iter: 0/12 loss: 3.0663 time 19.41s
Epoch: 57/100 Iter: 1/12 loss: 2.2918 time 15.25s
Epoch: 57/100 Iter: 2/12 loss: 2.1293 time 15.25s
Epoch: 57/100 Iter: 3/12 loss: 2.1142 time 15.24s
Epoch: 57/100 Iter: 4/12 loss: 2.0754 time 15.24s
Epoch: 57/100 Iter: 5/12 loss: 1.9716 time 15.25s
Epoch: 57/100 Iter: 6/12 loss: 2.0615 time 15.25s
Epoch: 57/100 Iter: 7/12 loss: 2.0357 time 15.25s
Epoch: 57/100 Iter: 8/12 loss: 2.0729 time 15.25s
Epoch: 57/100 Iter: 9/12 loss: 2.0886 time 15.25s
Epoch: 57/100 Iter: 10/12 loss: 2.0537 time 15.25s
Epoch: 57/100 Iter: 11/12 loss: 2.0889 time 15.25s
Final training  57/99 loss: 2.0889 time 187.20s lr: 0.000195
[EarlyStopping] improved to 2.088888
0 Thu Oct 16 15:47:16 2025 Epoch: 58
Epoch: 58/100 Iter: 0/12 loss: 1.3906 time 17.91s
Epoch: 58/100 Iter: 1/12 loss: 1.8227 time 15.26s
Epoch: 58/100 Iter: 2/12 loss: 1.8556 time 15.25s
Epoch: 58/100 Iter: 3/12 loss: 1.7826 time 15.25s
Epoch: 58/100 Iter: 4/12 loss: 1.8494 time 15.24s
Epoch: 58/100 Iter: 5/12 loss: 1.9482 time 15.25s
Epoch: 58/100 Iter: 6/12 loss: 1.9370 time 15.25s
Epoch: 58/100 Iter: 7/12 loss: 2.0322 time 15.25s
Epoch: 58/100 Iter: 8/12 loss: 1.9944 time 15.27s
Epoch: 58/100 Iter: 9/12 loss: 1.9407 time 15.25s
Epoch: 58/100 Iter: 10/12 loss: 1.9388 time 15.25s
Epoch: 58/100 Iter: 11/12 loss: 1.9560 time 15.25s
Final training  58/99 loss: 1.9560 time 185.76s lr: 0.000188
[EarlyStopping] improved to 1.955962
0 Thu Oct 16 15:50:22 2025 Epoch: 59
