Architecture:                            x86_64
CPU op-mode(s):                          32-bit, 64-bit
Byte Order:                              Little Endian
Address sizes:                           48 bits physical, 48 bits virtual
CPU(s):                                  64
On-line CPU(s) list:                     0-63
Thread(s) per core:                      2
Core(s) per socket:                      16
Socket(s):                               2
NUMA node(s):                            8
Vendor ID:                               AuthenticAMD
CPU family:                              25
Model:                                   1
Model name:                              AMD EPYC 7313 16-Core Processor
Stepping:                                1
Frequency boost:                         enabled
CPU MHz:                                 1794.038
CPU max MHz:                             3000.0000
CPU min MHz:                             1500.0000
BogoMIPS:                                5988.80
Virtualization:                          AMD-V
L1d cache:                               1 MiB
L1i cache:                               1 MiB
L2 cache:                                16 MiB
L3 cache:                                256 MiB
NUMA node0 CPU(s):                       0-3,32-35
NUMA node1 CPU(s):                       4-7,36-39
NUMA node2 CPU(s):                       8-11,40-43
NUMA node3 CPU(s):                       12-15,44-47
NUMA node4 CPU(s):                       16-19,48-51
NUMA node5 CPU(s):                       20-23,52-55
NUMA node6 CPU(s):                       24-27,56-59
NUMA node7 CPU(s):                       28-31,60-63
Vulnerability Gather data sampling:      Not affected
Vulnerability Indirect target selection: Not affected
Vulnerability Itlb multihit:             Not affected
Vulnerability L1tf:                      Not affected
Vulnerability Mds:                       Not affected
Vulnerability Meltdown:                  Not affected
Vulnerability Mmio stale data:           Not affected
Vulnerability Reg file data sampling:    Not affected
Vulnerability Retbleed:                  Not affected
Vulnerability Spec rstack overflow:      Mitigation; safe RET
Vulnerability Spec store bypass:         Mitigation; Speculative Store Bypass disabled via prctl and seccomp
Vulnerability Spectre v1:                Mitigation; usercopy/swapgs barriers and __user pointer sanitization
Vulnerability Spectre v2:                Mitigation; Retpolines, IBPB conditional, IBRS_FW, STIBP always-on, RSB filling, PBRSB-eIBRS Not affected
Vulnerability Srbds:                     Not affected
Vulnerability Tsa:                       Mitigation; Clear CPU buffers
Vulnerability Tsx async abort:           Not affected
Vulnerability Vmscape:                   Mitigation; IBPB before exit to userspace
Flags:                                   fpu vme de pse tsc msr pae mce cx8 apic sep mtrr pge mca cmov pat pse36 clflush mmx fxsr sse sse2 ht syscall nx mmxext fxsr_opt pdpe1gb rdtscp lm constant_tsc rep_good nopl nonstop_tsc cpuid extd_apicid aperfmperf pni pclmulqdq monitor ssse3 fma cx16 pcid sse4_1 sse4_2 movbe popcnt aes xsave avx f16c rdrand lahf_lm cmp_legacy svm extapic cr8_legacy abm sse4a misalignsse 3dnowprefetch osvw ibs skinit wdt tce topoext perfctr_core perfctr_nb bpext perfctr_llc mwaitx cpb cat_l3 cdp_l3 invpcid_single hw_pstate ssbd mba ibrs ibpb stibp vmmcall fsgsbase bmi1 avx2 smep bmi2 erms invpcid cqm rdt_a rdseed adx smap clflushopt clwb sha_ni xsaveopt xsavec xgetbv1 xsaves cqm_llc cqm_occup_llc cqm_mbm_total cqm_mbm_local clzero irperf xsaveerptr rdpru wbnoinvd amd_ppin arat npt lbrv svm_lock nrip_save tsc_scale vmcb_clean flushbyasid decodeassists pausefilter pfthreshold v_vmsave_vmload vgif umip pku ospke vaes vpclmulqdq rdpid overflow_recov succor smca fsrm ibpb_exit_to_user
Mon Nov 24 15:12:18 2025       
+---------------------------------------------------------------------------------------+
| NVIDIA-SMI 535.183.06             Driver Version: 535.183.06   CUDA Version: 12.2     |
|-----------------------------------------+----------------------+----------------------+
| GPU  Name                 Persistence-M | Bus-Id        Disp.A | Volatile Uncorr. ECC |
| Fan  Temp   Perf          Pwr:Usage/Cap |         Memory-Usage | GPU-Util  Compute M. |
|                                         |                      |               MIG M. |
|=========================================+======================+======================|
|   0  NVIDIA A40                     On  | 00000000:A3:00.0 Off |                    0 |
|  0%   34C    P8              30W / 300W |      0MiB / 46068MiB |      0%      Default |
|                                         |                      |                  N/A |
+-----------------------------------------+----------------------+----------------------+
                                                                                         
+---------------------------------------------------------------------------------------+
| Processes:                                                                            |
|  GPU   GI   CI        PID   Type   Process name                            GPU Memory |
|        ID   ID                                                             Usage      |
|=======================================================================================|
|  No running processes found                                                           |
+---------------------------------------------------------------------------------------+
/home/mraffael/martone_project/Organoid-Image-Classification-Using-Deep-Learning
{'RandFlipd_prob': 0.2,
 'RandRotate90d_prob': 0.2,
 'RandScaleIntensityd_prob': 0.1,
 'RandShiftIntensityd_prob': 0.1,
 'amp': True,
 'augmentation': True,
 'batch_size': 6,
 'cache_dataset': False,
 'checkpoint_path': None,
 'data_dir': '/home/mraffael/martone_project/Organoids_Dataset/',
 'dataset_name': 'OrganoidsINRIA',
 'debug': False,
 'debug_train_samples': 40,
 'debug_val_samples': 10,
 'dist_backend': 'nccl',
 'dist_url': 'tcp://127.0.0.1:23456',
 'distributed': False,
 'dropout_path_rate': 0.0,
 'dropout_rate': 0.0,
 'early_stopping': True,
 'encoder10_pth': '',
 'exact_class': False,
 'feature_size': 48,
 'fold': 0,
 'folds': False,
 'gpu': 0,
 'ignore_label': 3,
 'in_channels': 1,
 'infer_overlap': 0.5,
 'k_folds': 5,
 'logdir': 'test',
 'logs_dir': 'logs/',
 'loss_name': 'CE',
 'lrschedule': 'warmup_cosine',
 'max_epochs': 150,
 'min_delta_loss': 0.001,
 'min_delta_val': 0.01,
 'model_name': 'swinunetr+noah',
 'momentum': 0.99,
 'noamp': False,
 'norm_name': 'instance',
 'oar_id': 2128977,
 'optim_lr': 0.0006,
 'optim_name': 'adamw',
 'out_channels': 1,
 'output_dir': 'outputs/',
 'patch_merging': False,
 'patience_loss': 40,
 'patience_val': 40,
 'pretrained_dir': './pretrained_models/fold1_f48_ep300_4gpu_dice0_9059/',
 'pretrained_model_name': 'model_swinvit.pt',
 'rank': 0,
 'reg_weight': 5e-05,
 'restart_T0': 20,
 'resume_ckpt': False,
 'roi_x': 128,
 'roi_y': 128,
 'roi_z': 128,
 'save_checkpoint': True,
 'seed': 3,
 'similarity_loss': '',
 'similarity_loss_weight': 0.0,
 'spatial_dims': 3,
 'split_method': 'stratified',
 'start_epoch': 0,
 'sw_batch_size': 6,
 'telegram_log': True,
 'test_mode': False,
 'token': './token/tlg_token.txt',
 'use_checkpoint': False,
 'val_every': 2,
 'warmup_epochs': 5,
 'workers': 8,
 'world_size': 1}

Saved configuration to: outputs/OrganoidsINRIA/swinunetr+noah/2025-11-24-15-12/config.txt
Using GPU: 0

Model INFO:
Model architecture: swinunetr+noah
Using pretrained weights
=> loading pretrained model './pretrained_models/fold1_f48_ep300_4gpu_dice0_9059/model_swinvit.pt'
Missing keys when loading pretrained: 33
Unexpected keys when loading pretrained: 8
Using SwinUNETR with NOAH Classification Head
Total trainable parameters: 39,917,112

Optimizer INFO:
Using optimizer: adamw with lr=0.0006, weight_decay=5e-05

Dataset INFO:
Dataset length: 721
Class distribution in entire dataset:
  Class 0: 351
  Class 1: 38
  Class 2: 332

Using split method: stratified

Train set balance:
Class distribution:
  Class 0: 281 samples
  Class 1: 30 samples
  Class 2: 266 samples

Val set balance:
Class distribution:
  Class 0: 70 samples
  Class 1: 8 samples
  Class 2: 66 samples
Training set length: 577
Validation set length: 144

Using standard shuffle for training
Training loader: 96 batches
Validation loader: 24 batches

Class distribution in training set:
  Class 0: 281 (48.7%)
  Class 1: 30 (5.2%)
  Class 2: 266 (46.1%)
Class distribution in validation set:
  Class 0: 70 (48.6%)
  Class 1: 8 (5.6%)
  Class 2: 66 (45.8%)
**************************************************
Class weights: [ 6.845  64.111  7.231]

Test Dataset INFO:
Test Dataset length: 82
Class distribution in test dataset:
  Class 0: 40
  Class 1: 5
  Class 2: 37
Test loader: 14 batches
**************************************************

Using loss function: CE
**************************************************
Starting training...
✗ Frozen: swinViT.patch_embed.proj.weight (384 params)
✗ Frozen: swinViT.patch_embed.proj.bias (48 params)
✗ Frozen: swinViT.layers1.0.blocks.0.norm1.weight (48 params)
✗ Frozen: swinViT.layers1.0.blocks.0.norm1.bias (48 params)
✗ Frozen: swinViT.layers1.0.blocks.0.attn.relative_position_bias_table (6591 params)
✗ Frozen: swinViT.layers1.0.blocks.0.attn.qkv.weight (6912 params)
✗ Frozen: swinViT.layers1.0.blocks.0.attn.qkv.bias (144 params)
✗ Frozen: swinViT.layers1.0.blocks.0.attn.proj.weight (2304 params)
✗ Frozen: swinViT.layers1.0.blocks.0.attn.proj.bias (48 params)
✗ Frozen: swinViT.layers1.0.blocks.0.norm2.weight (48 params)
✗ Frozen: swinViT.layers1.0.blocks.0.norm2.bias (48 params)
✗ Frozen: swinViT.layers1.0.blocks.0.mlp.linear1.weight (9216 params)
✗ Frozen: swinViT.layers1.0.blocks.0.mlp.linear1.bias (192 params)
✗ Frozen: swinViT.layers1.0.blocks.0.mlp.linear2.weight (9216 params)
✗ Frozen: swinViT.layers1.0.blocks.0.mlp.linear2.bias (48 params)
✗ Frozen: swinViT.layers1.0.blocks.1.norm1.weight (48 params)
✗ Frozen: swinViT.layers1.0.blocks.1.norm1.bias (48 params)
✗ Frozen: swinViT.layers1.0.blocks.1.attn.relative_position_bias_table (6591 params)
✗ Frozen: swinViT.layers1.0.blocks.1.attn.qkv.weight (6912 params)
✗ Frozen: swinViT.layers1.0.blocks.1.attn.qkv.bias (144 params)
✗ Frozen: swinViT.layers1.0.blocks.1.attn.proj.weight (2304 params)
✗ Frozen: swinViT.layers1.0.blocks.1.attn.proj.bias (48 params)
✗ Frozen: swinViT.layers1.0.blocks.1.norm2.weight (48 params)
✗ Frozen: swinViT.layers1.0.blocks.1.norm2.bias (48 params)
✗ Frozen: swinViT.layers1.0.blocks.1.mlp.linear1.weight (9216 params)
✗ Frozen: swinViT.layers1.0.blocks.1.mlp.linear1.bias (192 params)
✗ Frozen: swinViT.layers1.0.blocks.1.mlp.linear2.weight (9216 params)
✗ Frozen: swinViT.layers1.0.blocks.1.mlp.linear2.bias (48 params)
✗ Frozen: swinViT.layers1.0.downsample.reduction.weight (36864 params)
✗ Frozen: swinViT.layers1.0.downsample.norm.weight (384 params)
✗ Frozen: swinViT.layers1.0.downsample.norm.bias (384 params)
✗ Frozen: swinViT.layers2.0.blocks.0.norm1.weight (96 params)
✗ Frozen: swinViT.layers2.0.blocks.0.norm1.bias (96 params)
✗ Frozen: swinViT.layers2.0.blocks.0.attn.relative_position_bias_table (13182 params)
✗ Frozen: swinViT.layers2.0.blocks.0.attn.qkv.weight (27648 params)
✗ Frozen: swinViT.layers2.0.blocks.0.attn.qkv.bias (288 params)
✗ Frozen: swinViT.layers2.0.blocks.0.attn.proj.weight (9216 params)
✗ Frozen: swinViT.layers2.0.blocks.0.attn.proj.bias (96 params)
✗ Frozen: swinViT.layers2.0.blocks.0.norm2.weight (96 params)
✗ Frozen: swinViT.layers2.0.blocks.0.norm2.bias (96 params)
✗ Frozen: swinViT.layers2.0.blocks.0.mlp.linear1.weight (36864 params)
✗ Frozen: swinViT.layers2.0.blocks.0.mlp.linear1.bias (384 params)
✗ Frozen: swinViT.layers2.0.blocks.0.mlp.linear2.weight (36864 params)
✗ Frozen: swinViT.layers2.0.blocks.0.mlp.linear2.bias (96 params)
✗ Frozen: swinViT.layers2.0.blocks.1.norm1.weight (96 params)
✗ Frozen: swinViT.layers2.0.blocks.1.norm1.bias (96 params)
✗ Frozen: swinViT.layers2.0.blocks.1.attn.relative_position_bias_table (13182 params)
✗ Frozen: swinViT.layers2.0.blocks.1.attn.qkv.weight (27648 params)
✗ Frozen: swinViT.layers2.0.blocks.1.attn.qkv.bias (288 params)
✗ Frozen: swinViT.layers2.0.blocks.1.attn.proj.weight (9216 params)
✗ Frozen: swinViT.layers2.0.blocks.1.attn.proj.bias (96 params)
✗ Frozen: swinViT.layers2.0.blocks.1.norm2.weight (96 params)
✗ Frozen: swinViT.layers2.0.blocks.1.norm2.bias (96 params)
✗ Frozen: swinViT.layers2.0.blocks.1.mlp.linear1.weight (36864 params)
✗ Frozen: swinViT.layers2.0.blocks.1.mlp.linear1.bias (384 params)
✗ Frozen: swinViT.layers2.0.blocks.1.mlp.linear2.weight (36864 params)
✗ Frozen: swinViT.layers2.0.blocks.1.mlp.linear2.bias (96 params)
✗ Frozen: swinViT.layers2.0.downsample.reduction.weight (147456 params)
✗ Frozen: swinViT.layers2.0.downsample.norm.weight (768 params)
✗ Frozen: swinViT.layers2.0.downsample.norm.bias (768 params)
✗ Frozen: swinViT.layers3.0.blocks.0.norm1.weight (192 params)
✗ Frozen: swinViT.layers3.0.blocks.0.norm1.bias (192 params)
✗ Frozen: swinViT.layers3.0.blocks.0.attn.relative_position_bias_table (26364 params)
✗ Frozen: swinViT.layers3.0.blocks.0.attn.qkv.weight (110592 params)
✗ Frozen: swinViT.layers3.0.blocks.0.attn.qkv.bias (576 params)
✗ Frozen: swinViT.layers3.0.blocks.0.attn.proj.weight (36864 params)
✗ Frozen: swinViT.layers3.0.blocks.0.attn.proj.bias (192 params)
✗ Frozen: swinViT.layers3.0.blocks.0.norm2.weight (192 params)
✗ Frozen: swinViT.layers3.0.blocks.0.norm2.bias (192 params)
✗ Frozen: swinViT.layers3.0.blocks.0.mlp.linear1.weight (147456 params)
✗ Frozen: swinViT.layers3.0.blocks.0.mlp.linear1.bias (768 params)
✗ Frozen: swinViT.layers3.0.blocks.0.mlp.linear2.weight (147456 params)
✗ Frozen: swinViT.layers3.0.blocks.0.mlp.linear2.bias (192 params)
✗ Frozen: swinViT.layers3.0.blocks.1.norm1.weight (192 params)
✗ Frozen: swinViT.layers3.0.blocks.1.norm1.bias (192 params)
✗ Frozen: swinViT.layers3.0.blocks.1.attn.relative_position_bias_table (26364 params)
✗ Frozen: swinViT.layers3.0.blocks.1.attn.qkv.weight (110592 params)
✗ Frozen: swinViT.layers3.0.blocks.1.attn.qkv.bias (576 params)
✗ Frozen: swinViT.layers3.0.blocks.1.attn.proj.weight (36864 params)
✗ Frozen: swinViT.layers3.0.blocks.1.attn.proj.bias (192 params)
✗ Frozen: swinViT.layers3.0.blocks.1.norm2.weight (192 params)
✗ Frozen: swinViT.layers3.0.blocks.1.norm2.bias (192 params)
✗ Frozen: swinViT.layers3.0.blocks.1.mlp.linear1.weight (147456 params)
✗ Frozen: swinViT.layers3.0.blocks.1.mlp.linear1.bias (768 params)
✗ Frozen: swinViT.layers3.0.blocks.1.mlp.linear2.weight (147456 params)
✗ Frozen: swinViT.layers3.0.blocks.1.mlp.linear2.bias (192 params)
✗ Frozen: swinViT.layers3.0.downsample.reduction.weight (589824 params)
✗ Frozen: swinViT.layers3.0.downsample.norm.weight (1536 params)
✗ Frozen: swinViT.layers3.0.downsample.norm.bias (1536 params)
✗ Frozen: swinViT.layers4.0.blocks.0.norm1.weight (384 params)
✗ Frozen: swinViT.layers4.0.blocks.0.norm1.bias (384 params)
✗ Frozen: swinViT.layers4.0.blocks.0.attn.relative_position_bias_table (52728 params)
✗ Frozen: swinViT.layers4.0.blocks.0.attn.qkv.weight (442368 params)
✗ Frozen: swinViT.layers4.0.blocks.0.attn.qkv.bias (1152 params)
✗ Frozen: swinViT.layers4.0.blocks.0.attn.proj.weight (147456 params)
✗ Frozen: swinViT.layers4.0.blocks.0.attn.proj.bias (384 params)
✗ Frozen: swinViT.layers4.0.blocks.0.norm2.weight (384 params)
✗ Frozen: swinViT.layers4.0.blocks.0.norm2.bias (384 params)
✗ Frozen: swinViT.layers4.0.blocks.0.mlp.linear1.weight (589824 params)
✗ Frozen: swinViT.layers4.0.blocks.0.mlp.linear1.bias (1536 params)
✗ Frozen: swinViT.layers4.0.blocks.0.mlp.linear2.weight (589824 params)
✗ Frozen: swinViT.layers4.0.blocks.0.mlp.linear2.bias (384 params)
✓ Unfrozen: swinViT.layers4.0.blocks.1.norm1.weight (384 params)
✓ Unfrozen: swinViT.layers4.0.blocks.1.norm1.bias (384 params)
✓ Unfrozen: swinViT.layers4.0.blocks.1.attn.relative_position_bias_table (52728 params)
✓ Unfrozen: swinViT.layers4.0.blocks.1.attn.qkv.weight (442368 params)
✓ Unfrozen: swinViT.layers4.0.blocks.1.attn.qkv.bias (1152 params)
✓ Unfrozen: swinViT.layers4.0.blocks.1.attn.proj.weight (147456 params)
✓ Unfrozen: swinViT.layers4.0.blocks.1.attn.proj.bias (384 params)
✓ Unfrozen: swinViT.layers4.0.blocks.1.norm2.weight (384 params)
✓ Unfrozen: swinViT.layers4.0.blocks.1.norm2.bias (384 params)
✓ Unfrozen: swinViT.layers4.0.blocks.1.mlp.linear1.weight (589824 params)
✓ Unfrozen: swinViT.layers4.0.blocks.1.mlp.linear1.bias (1536 params)
✓ Unfrozen: swinViT.layers4.0.blocks.1.mlp.linear2.weight (589824 params)
✓ Unfrozen: swinViT.layers4.0.blocks.1.mlp.linear2.bias (384 params)
✓ Unfrozen: swinViT.layers4.0.downsample.reduction.weight (2359296 params)
✓ Unfrozen: swinViT.layers4.0.downsample.norm.weight (3072 params)
✓ Unfrozen: swinViT.layers4.0.downsample.norm.bias (3072 params)
✓ Unfrozen: encoder10.layer.conv1.conv.weight (15925248 params)
✓ Unfrozen: encoder10.layer.conv2.conv.weight (15925248 params)
✓ Unfrozen: fc.query.weight (2304 params)
✓ Unfrozen: fc.query.bias (3 params)
✓ Unfrozen: fc.value.weight (2304 params)
✓ Unfrozen: fc.value.bias (3 params)
Total frozen: 3869370, trainable: 36047742
0 Mon Nov 24 15:12:34 2025 Epoch: 1
Epoch: 1/150 Iter: 1/96 loss: 40.8697 acc: 0.0000 time 97.80s
Epoch: 1/150 Iter: 2/96 loss: 21.3348 acc: 0.1667 time 11.17s
Epoch: 1/150 Iter: 3/96 loss: 22.2347 acc: 0.1481 time 13.46s
Epoch: 1/150 Iter: 4/96 loss: 21.7275 acc: 0.1111 time 13.48s
Epoch: 1/150 Iter: 5/96 loss: 23.9622 acc: 0.1111 time 11.06s
Epoch: 1/150 Iter: 6/96 loss: 24.6870 acc: 0.1111 time 10.94s
Epoch: 1/150 Iter: 7/96 loss: 24.7510 acc: 0.0952 time 13.55s
Epoch: 1/150 Iter: 8/96 loss: 24.9246 acc: 0.0833 time 11.09s
Epoch: 1/150 Iter: 9/96 loss: 25.3883 acc: 0.0815 time 13.58s
Epoch: 1/150 Iter: 10/96 loss: 25.5994 acc: 0.0733 time 11.15s
Epoch: 1/150 Iter: 11/96 loss: 25.9034 acc: 0.0667 time 10.99s
Epoch: 1/150 Iter: 12/96 loss: 25.2570 acc: 0.0704 time 10.93s
Epoch: 1/150 Iter: 13/96 loss: 24.1330 acc: 0.0906 time 11.34s
Epoch: 1/150 Iter: 14/96 loss: 24.3069 acc: 0.0921 time 13.55s
Epoch: 1/150 Iter: 15/96 loss: 24.0836 acc: 0.0859 time 11.32s
Epoch: 1/150 Iter: 16/96 loss: 24.1662 acc: 0.0806 time 11.01s
Epoch: 1/150 Iter: 17/96 loss: 24.7096 acc: 0.0758 time 10.96s
Epoch: 1/150 Iter: 18/96 loss: 24.4430 acc: 0.0809 time 13.60s
Epoch: 1/150 Iter: 19/96 loss: 24.0100 acc: 0.0825 time 13.58s
Epoch: 1/150 Iter: 20/96 loss: 23.9081 acc: 0.0783 time 10.93s
Epoch: 1/150 Iter: 21/96 loss: 23.3471 acc: 0.0905 time 13.55s
Epoch: 1/150 Iter: 22/96 loss: 22.6028 acc: 0.1141 time 11.04s
Epoch: 1/150 Iter: 23/96 loss: 22.4468 acc: 0.1128 time 11.30s
Epoch: 1/150 Iter: 24/96 loss: 22.6094 acc: 0.1081 time 11.00s
Epoch: 1/150 Iter: 25/96 loss: 22.9921 acc: 0.1038 time 11.13s
Epoch: 1/150 Iter: 26/96 loss: 22.8159 acc: 0.1152 time 11.32s
Epoch: 1/150 Iter: 27/96 loss: 23.1855 acc: 0.1109 time 13.59s
Epoch: 1/150 Iter: 28/96 loss: 23.2532 acc: 0.1069 time 13.60s
Epoch: 1/150 Iter: 29/96 loss: 22.6852 acc: 0.1148 time 11.13s
Epoch: 1/150 Iter: 30/96 loss: 22.7672 acc: 0.1131 time 13.61s
Epoch: 1/150 Iter: 31/96 loss: 22.6984 acc: 0.1113 time 13.60s
Epoch: 1/150 Iter: 32/96 loss: 22.2384 acc: 0.1182 time 13.55s
Epoch: 1/150 Iter: 33/96 loss: 22.6424 acc: 0.1146 time 10.96s
Epoch: 1/150 Iter: 34/96 loss: 22.6391 acc: 0.1113 time 10.97s
Epoch: 1/150 Iter: 35/96 loss: 22.1705 acc: 0.1176 time 13.59s
Epoch: 1/150 Iter: 36/96 loss: 22.0487 acc: 0.1174 time 11.31s
Epoch: 1/150 Iter: 37/96 loss: 22.1784 acc: 0.1143 time 10.95s
Epoch: 1/150 Iter: 38/96 loss: 22.5287 acc: 0.1113 time 11.00s
Epoch: 1/150 Iter: 39/96 loss: 22.7196 acc: 0.1084 time 13.61s
Epoch: 1/150 Iter: 40/96 loss: 22.2963 acc: 0.1161 time 11.32s
Epoch: 1/150 Iter: 41/96 loss: 22.4102 acc: 0.1133 time 11.02s
Epoch: 1/150 Iter: 42/96 loss: 22.6763 acc: 0.1106 time 13.57s
Epoch: 1/150 Iter: 43/96 loss: 22.3734 acc: 0.1177 time 13.51s
Epoch: 1/150 Iter: 44/96 loss: 22.7493 acc: 0.1150 time 13.58s
Epoch: 1/150 Iter: 45/96 loss: 22.7967 acc: 0.1125 time 13.60s
Epoch: 1/150 Iter: 46/96 loss: 22.8011 acc: 0.1115 time 13.64s
Epoch: 1/150 Iter: 47/96 loss: 22.9908 acc: 0.1091 time 11.11s
Epoch: 1/150 Iter: 48/96 loss: 23.3674 acc: 0.1068 time 13.66s
Epoch: 1/150 Iter: 49/96 loss: 23.5799 acc: 0.1063 time 13.62s
Epoch: 1/150 Iter: 50/96 loss: 23.5618 acc: 0.1109 time 11.11s
Epoch: 1/150 Iter: 51/96 loss: 23.5822 acc: 0.1087 time 10.94s
Epoch: 1/150 Iter: 52/96 loss: 23.7099 acc: 0.1066 time 11.01s
Epoch: 1/150 Iter: 53/96 loss: 23.6589 acc: 0.1046 time 13.54s
Epoch: 1/150 Iter: 54/96 loss: 23.6696 acc: 0.1027 time 11.02s
Epoch: 1/150 Iter: 55/96 loss: 23.8397 acc: 0.1008 time 11.14s
Epoch: 1/150 Iter: 56/96 loss: 23.5897 acc: 0.1050 time 13.59s
Epoch: 1/150 Iter: 57/96 loss: 23.7184 acc: 0.1031 time 11.37s
Epoch: 1/150 Iter: 58/96 loss: 23.8348 acc: 0.1013 time 10.93s
Epoch: 1/150 Iter: 59/96 loss: 23.5057 acc: 0.1081 time 10.93s
Epoch: 1/150 Iter: 60/96 loss: 23.6090 acc: 0.1063 time 13.57s
Epoch: 1/150 Iter: 61/96 loss: 23.3394 acc: 0.1100 time 11.20s
Epoch: 1/150 Iter: 62/96 loss: 23.3993 acc: 0.1082 time 13.61s
Epoch: 1/150 Iter: 63/96 loss: 23.4742 acc: 0.1065 time 11.30s
Epoch: 1/150 Iter: 64/96 loss: 23.3813 acc: 0.1066 time 13.60s
Epoch: 1/150 Iter: 65/96 loss: 23.4458 acc: 0.1050 time 13.63s
Epoch: 1/150 Iter: 66/96 loss: 23.2105 acc: 0.1084 time 13.58s
Epoch: 1/150 Iter: 67/96 loss: 23.0220 acc: 0.1143 time 13.56s
Epoch: 1/150 Iter: 68/96 loss: 22.9265 acc: 0.1138 time 13.59s
Epoch: 1/150 Iter: 69/96 loss: 22.9531 acc: 0.1122 time 11.00s
Epoch: 1/150 Iter: 70/96 loss: 23.1418 acc: 0.1106 time 11.12s
Epoch: 1/150 Iter: 71/96 loss: 22.8731 acc: 0.1137 time 11.30s
Epoch: 1/150 Iter: 72/96 loss: 22.8276 acc: 0.1130 time 11.23s
Epoch: 1/150 Iter: 73/96 loss: 22.8474 acc: 0.1124 time 11.13s
Epoch: 1/150 Iter: 74/96 loss: 22.8803 acc: 0.1109 time 13.54s
Epoch: 1/150 Iter: 75/96 loss: 22.9955 acc: 0.1094 time 13.61s
Epoch: 1/150 Iter: 76/96 loss: 23.0981 acc: 0.1080 time 13.53s
Epoch: 1/150 Iter: 77/96 loss: 22.9218 acc: 0.1131 time 10.99s
Epoch: 1/150 Iter: 78/96 loss: 22.8988 acc: 0.1130 time 13.63s
Epoch: 1/150 Iter: 79/96 loss: 22.7302 acc: 0.1158 time 13.62s
Epoch: 1/150 Iter: 80/96 loss: 22.7588 acc: 0.1152 time 11.19s
Epoch: 1/150 Iter: 81/96 loss: 22.7493 acc: 0.1158 time 11.11s
Epoch: 1/150 Iter: 82/96 loss: 22.7536 acc: 0.1158 time 13.56s
Epoch: 1/150 Iter: 83/96 loss: 22.5866 acc: 0.1184 time 10.94s
Epoch: 1/150 Iter: 84/96 loss: 22.6206 acc: 0.1178 time 11.25s
Epoch: 1/150 Iter: 85/96 loss: 22.4186 acc: 0.1203 time 11.01s
Epoch: 1/150 Iter: 86/96 loss: 22.5233 acc: 0.1189 time 11.14s
Epoch: 1/150 Iter: 87/96 loss: 22.3796 acc: 0.1214 time 13.56s
Epoch: 1/150 Iter: 88/96 loss: 22.4413 acc: 0.1200 time 10.96s
Epoch: 1/150 Iter: 89/96 loss: 22.5213 acc: 0.1187 time 13.55s
Epoch: 1/150 Iter: 90/96 loss: 22.4835 acc: 0.1186 time 13.55s
Epoch: 1/150 Iter: 91/96 loss: 22.4687 acc: 0.1173 time 13.54s
Epoch: 1/150 Iter: 92/96 loss: 22.5288 acc: 0.1178 time 13.53s
Epoch: 1/150 Iter: 93/96 loss: 22.4917 acc: 0.1183 time 13.57s
Epoch: 1/150 Iter: 94/96 loss: 22.5368 acc: 0.1171 time 11.30s
Epoch: 1/150 Iter: 95/96 loss: 22.3370 acc: 0.1194 time 10.96s
Epoch: 1/150 Iter: 96/96 loss: 22.2871 acc: 0.1216 time 13.53s
[Train epoch 1] avg_loss=22.2871 avg_acc=0.1216 | per-class [c0: 0.107, c1: 0.900, c2: 0.030]
Final training 1/150, loss: 22.2871, time 1261.17s, lr: 0.000000
Accuracy: 0.113
class                  precision    recall   specificity      f1   support
--------------------------------------------------------------------------
0                          0.600     0.107         0.932   0.182       280
1                          0.053     0.900         0.121   0.101        30
2                          0.421     0.030         0.965   0.056       266
*----------------------------------------*
0 Mon Nov 24 15:33:36 2025 Epoch: 2
