Architecture:                            x86_64
CPU op-mode(s):                          32-bit, 64-bit
Byte Order:                              Little Endian
Address sizes:                           48 bits physical, 48 bits virtual
CPU(s):                                  64
On-line CPU(s) list:                     0-63
Thread(s) per core:                      2
Core(s) per socket:                      16
Socket(s):                               2
NUMA node(s):                            8
Vendor ID:                               AuthenticAMD
CPU family:                              25
Model:                                   1
Model name:                              AMD EPYC 7313 16-Core Processor
Stepping:                                1
Frequency boost:                         enabled
CPU MHz:                                 1973.156
CPU max MHz:                             3000.0000
CPU min MHz:                             1500.0000
BogoMIPS:                                5988.74
Virtualization:                          AMD-V
L1d cache:                               1 MiB
L1i cache:                               1 MiB
L2 cache:                                16 MiB
L3 cache:                                256 MiB
NUMA node0 CPU(s):                       0-3,32-35
NUMA node1 CPU(s):                       4-7,36-39
NUMA node2 CPU(s):                       8-11,40-43
NUMA node3 CPU(s):                       12-15,44-47
NUMA node4 CPU(s):                       16-19,48-51
NUMA node5 CPU(s):                       20-23,52-55
NUMA node6 CPU(s):                       24-27,56-59
NUMA node7 CPU(s):                       28-31,60-63
Vulnerability Gather data sampling:      Not affected
Vulnerability Indirect target selection: Not affected
Vulnerability Itlb multihit:             Not affected
Vulnerability L1tf:                      Not affected
Vulnerability Mds:                       Not affected
Vulnerability Meltdown:                  Not affected
Vulnerability Mmio stale data:           Not affected
Vulnerability Reg file data sampling:    Not affected
Vulnerability Retbleed:                  Not affected
Vulnerability Spec rstack overflow:      Mitigation; safe RET
Vulnerability Spec store bypass:         Mitigation; Speculative Store Bypass disabled via prctl and seccomp
Vulnerability Spectre v1:                Mitigation; usercopy/swapgs barriers and __user pointer sanitization
Vulnerability Spectre v2:                Mitigation; Retpolines, IBPB conditional, IBRS_FW, STIBP always-on, RSB filling, PBRSB-eIBRS Not affected
Vulnerability Srbds:                     Not affected
Vulnerability Tsa:                       Mitigation; Clear CPU buffers
Vulnerability Tsx async abort:           Not affected
Vulnerability Vmscape:                   Mitigation; IBPB before exit to userspace
Flags:                                   fpu vme de pse tsc msr pae mce cx8 apic sep mtrr pge mca cmov pat pse36 clflush mmx fxsr sse sse2 ht syscall nx mmxext fxsr_opt pdpe1gb rdtscp lm constant_tsc rep_good nopl nonstop_tsc cpuid extd_apicid aperfmperf pni pclmulqdq monitor ssse3 fma cx16 pcid sse4_1 sse4_2 movbe popcnt aes xsave avx f16c rdrand lahf_lm cmp_legacy svm extapic cr8_legacy abm sse4a misalignsse 3dnowprefetch osvw ibs skinit wdt tce topoext perfctr_core perfctr_nb bpext perfctr_llc mwaitx cpb cat_l3 cdp_l3 invpcid_single hw_pstate ssbd mba ibrs ibpb stibp vmmcall fsgsbase bmi1 avx2 smep bmi2 erms invpcid cqm rdt_a rdseed adx smap clflushopt clwb sha_ni xsaveopt xsavec xgetbv1 xsaves cqm_llc cqm_occup_llc cqm_mbm_total cqm_mbm_local clzero irperf xsaveerptr rdpru wbnoinvd amd_ppin arat npt lbrv svm_lock nrip_save tsc_scale vmcb_clean flushbyasid decodeassists pausefilter pfthreshold v_vmsave_vmload vgif umip pku ospke vaes vpclmulqdq rdpid overflow_recov succor smca fsrm ibpb_exit_to_user
Tue Feb 17 11:23:37 2026       
+---------------------------------------------------------------------------------------+
| NVIDIA-SMI 535.183.06             Driver Version: 535.183.06   CUDA Version: 12.2     |
|-----------------------------------------+----------------------+----------------------+
| GPU  Name                 Persistence-M | Bus-Id        Disp.A | Volatile Uncorr. ECC |
| Fan  Temp   Perf          Pwr:Usage/Cap |         Memory-Usage | GPU-Util  Compute M. |
|                                         |                      |               MIG M. |
|=========================================+======================+======================|
|   0  NVIDIA A40                     On  | 00000000:A3:00.0 Off |                    0 |
|  0%   30C    P8              31W / 300W |      0MiB / 46068MiB |      0%      Default |
|                                         |                      |                  N/A |
+-----------------------------------------+----------------------+----------------------+
                                                                                         
+---------------------------------------------------------------------------------------+
| Processes:                                                                            |
|  GPU   GI   CI        PID   Type   Process name                            GPU Memory |
|        ID   ID                                                             Usage      |
|=======================================================================================|
|  No running processes found                                                           |
+---------------------------------------------------------------------------------------+
/home/mraffael/martone_project/Organoid-Image-Classification-Using-Deep-Learning
{'RandFlipd_prob': 0.2,
 'RandRotate90d_prob': 0.2,
 'RandScaleIntensityd_prob': 0.1,
 'RandShiftIntensityd_prob': 0.1,
 'amp': True,
 'augmentation': True,
 'batch_size': 2,
 'cache_dataset': False,
 'checkpoint_path': None,
 'data_dir': '/home/mraffael/martone_project/Organoids_Dataset/',
 'dataset_name': 'Inference',
 'debug': False,
 'debug_train_samples': 40,
 'debug_val_samples': 10,
 'dist_backend': 'nccl',
 'dist_url': 'tcp://127.0.0.1:23456',
 'distributed': False,
 'dropout_path_rate': 0.0,
 'dropout_rate': 0.0,
 'early_stopping': True,
 'encoder10_pth': '',
 'exact_class': False,
 'feature_size': 48,
 'fold': 0,
 'folds': False,
 'gpu': 0,
 'ignore_label': 3,
 'in_channels': 1,
 'infer_overlap': 0.5,
 'k_folds': 5,
 'logdir': 'test',
 'logs_dir': 'logs/',
 'loss_name': 'CE',
 'lrschedule': 'warmup_cosine',
 'max_epochs': 300,
 'min_delta_loss': 0.001,
 'min_delta_val': 0.01,
 'model_name': 'densenet',
 'momentum': 0.99,
 'n_slices': 32,
 'noamp': False,
 'norm_name': 'instance',
 'oar_id': 2262644,
 'optim_lr': 0.01,
 'optim_name': 'adamw',
 'out_channels': 1,
 'output_dir': 'outputs/',
 'patch_merging': False,
 'patience_loss': 40,
 'patience_val': 40,
 'pretrained_dir': '',
 'pretrained_model_name': '',
 'rank': 0,
 'reg_weight': 5e-05,
 'restart_T0': 20,
 'resume_ckpt': False,
 'roi_x': 32,
 'roi_y': 32,
 'roi_z': 32,
 'save_checkpoint': True,
 'seed': 3,
 'similarity_loss': '',
 'similarity_loss_weight': 0.0,
 'slice_selection': True,
 'spatial_dims': 3,
 'split_method': 'stratified',
 'start_epoch': 0,
 'sw_batch_size': 8,
 'telegram_log': True,
 'test_mode': False,
 'token': './token/tlg_token.txt',
 'use_checkpoint': False,
 'val_every': 2,
 'warmup_epochs': 5,
 'workers': 8,
 'world_size': 1}

Saved configuration to: outputs/Inference/densenet/2026-02-17-11-24/config.txt
Using GPU: 0

Model INFO:
Model architecture: densenet
BatchNorm3d(1920, eps=1e-05, momentum=0.1, affine=True, track_running_stats=True)
Total trainable parameters: 25,336,579

Optimizer INFO:
Using optimizer: adamw with lr=0.01, weight_decay=5e-05

Dataset INFO:
Dataset length: 721
Class distribution in entire dataset:
  Class 0: 351
  Class 1: 38
  Class 2: 332

Using split method: stratified

Train set balance:
Class distribution:
  Class 0: 281 samples
  Class 1: 30 samples
  Class 2: 266 samples

Val set balance:
Class distribution:
  Class 0: 70 samples
  Class 1: 8 samples
  Class 2: 66 samples
Training set length: 577
Validation set length: 144

Using standard shuffle for training
Training loader: 288 batches
Validation loader: 72 batches

Class distribution in training set:
  Class 0: 281 (48.7%)
  Class 1: 30 (5.2%)
  Class 2: 266 (46.1%)
Class distribution in validation set:
  Class 0: 70 (48.6%)
  Class 1: 8 (5.6%)
  Class 2: 66 (45.8%)
**************************************************
Class weights: [ 6.845  64.111  7.231]

Test Dataset INFO:
Test Dataset length: 82
Class distribution in test dataset:
  Class 0: 40
  Class 1: 5
  Class 2: 37
Test loader: 41 batches
**************************************************

Using loss function: CE
**************************************************
Starting testing...
Running 1 warm-up batches...
Processing warm-up batch 1 with 2 samples...
Original shape: torch.Size([2, 1, 128, 512, 512])
After spatial abstraction, shape: torch.Size([2, 1, 128, 32, 32])
Warm-up complete. Starting measurements...
Processing warm-up batch 2 with 2 samples...
Original shape: torch.Size([2, 1, 128, 512, 512])
After spatial abstraction, shape: torch.Size([2, 1, 128, 32, 32])
Batch 1: 2/20 samples, time/sample: 1382.24ms, memory: 365.5MB
Processing warm-up batch 2 with 2 samples...
Original shape: torch.Size([2, 1, 128, 512, 512])
After spatial abstraction, shape: torch.Size([2, 1, 128, 32, 32])
Batch 2: 4/20 samples, time/sample: 1297.89ms, memory: 365.5MB
Processing warm-up batch 2 with 2 samples...
Original shape: torch.Size([2, 1, 128, 512, 512])
After spatial abstraction, shape: torch.Size([2, 1, 128, 32, 32])
Batch 3: 6/20 samples, time/sample: 1318.71ms, memory: 365.5MB
Processing warm-up batch 2 with 2 samples...
Original shape: torch.Size([2, 1, 128, 512, 512])
After spatial abstraction, shape: torch.Size([2, 1, 128, 32, 32])
Batch 4: 8/20 samples, time/sample: 1307.80ms, memory: 365.5MB
Processing warm-up batch 2 with 2 samples...
Original shape: torch.Size([2, 1, 128, 512, 512])
After spatial abstraction, shape: torch.Size([2, 1, 128, 32, 32])
Batch 5: 10/20 samples, time/sample: 1313.07ms, memory: 365.5MB
Processing warm-up batch 2 with 2 samples...
Original shape: torch.Size([2, 1, 128, 512, 512])
After spatial abstraction, shape: torch.Size([2, 1, 128, 32, 32])
Batch 6: 12/20 samples, time/sample: 1304.15ms, memory: 365.5MB
Processing warm-up batch 2 with 2 samples...
Original shape: torch.Size([2, 1, 128, 512, 512])
After spatial abstraction, shape: torch.Size([2, 1, 128, 32, 32])
Batch 7: 14/20 samples, time/sample: 1343.52ms, memory: 365.5MB
Processing warm-up batch 2 with 2 samples...
Original shape: torch.Size([2, 1, 128, 512, 512])
After spatial abstraction, shape: torch.Size([2, 1, 128, 32, 32])
Batch 8: 16/20 samples, time/sample: 1343.84ms, memory: 365.5MB
Processing warm-up batch 2 with 2 samples...
Original shape: torch.Size([2, 1, 128, 512, 512])
After spatial abstraction, shape: torch.Size([2, 1, 128, 32, 32])
Batch 9: 18/20 samples, time/sample: 1367.00ms, memory: 365.5MB
Processing warm-up batch 2 with 2 samples...
Original shape: torch.Size([2, 1, 128, 512, 512])
After spatial abstraction, shape: torch.Size([2, 1, 128, 32, 32])
Batch 10: 20/20 samples, time/sample: 1304.74ms, memory: 365.5MB

============================================================
COMPUTATIONAL EFFICIENCY METRICS
============================================================
Inference Time (excluding warm-up):
  - Mean: 1328.30 ± 27.73 ms/sample
  - Median: 1315.89 ms/sample
  - Range: [1297.89, 1382.24] ms
  - Throughput: 0.75 samples/sec

Memory Footprint:
  - Mean: 365.48 ± 0.00 MB
  - Peak: 365.48 MB

Storage Requirements:
  - Model size: 97.98 MB
  - Total parameters: 25.34M
============================================================

Total time spent: 00 hours 01 minutes 16 seconds
{'RandFlipd_prob': 0.2,
 'RandRotate90d_prob': 0.2,
 'RandScaleIntensityd_prob': 0.1,
 'RandShiftIntensityd_prob': 0.1,
 'amp': True,
 'augmentation': True,
 'batch_size': 6,
 'cache_dataset': False,
 'checkpoint_path': None,
 'data_dir': '/home/mraffael/martone_project/Organoids_Dataset/',
 'dataset_name': 'Inference',
 'debug': False,
 'debug_train_samples': 40,
 'debug_val_samples': 10,
 'dist_backend': 'nccl',
 'dist_url': 'tcp://127.0.0.1:23456',
 'distributed': False,
 'dropout_path_rate': 0.0,
 'dropout_rate': 0.0,
 'early_stopping': True,
 'encoder10_pth': '',
 'exact_class': False,
 'feature_size': 48,
 'fold': 0,
 'folds': False,
 'gpu': 0,
 'ignore_label': 3,
 'in_channels': 1,
 'infer_overlap': 0.5,
 'k_folds': 5,
 'logdir': 'test',
 'logs_dir': 'logs/',
 'loss_name': 'CE',
 'lrschedule': 'warmup_cosine',
 'max_epochs': 150,
 'min_delta_loss': 0.001,
 'min_delta_val': 0.01,
 'model_name': 'resnet18',
 'momentum': 0.99,
 'n_slices': 32,
 'noamp': False,
 'norm_name': 'instance',
 'oar_id': 2262644,
 'optim_lr': 0.05,
 'optim_name': 'adamw',
 'out_channels': 1,
 'output_dir': 'outputs/',
 'patch_merging': False,
 'patience_loss': 40,
 'patience_val': 40,
 'pretrained_dir': './pretrained_models/resnet18/',
 'pretrained_model_name': 'resnet_18.pth',
 'rank': 0,
 'reg_weight': 5e-05,
 'restart_T0': 20,
 'resume_ckpt': False,
 'roi_x': 32,
 'roi_y': 32,
 'roi_z': 32,
 'save_checkpoint': True,
 'seed': 3,
 'similarity_loss': '',
 'similarity_loss_weight': 0.0,
 'slice_selection': True,
 'spatial_dims': 3,
 'split_method': 'stratified',
 'start_epoch': 0,
 'sw_batch_size': 8,
 'telegram_log': True,
 'test_mode': False,
 'token': './token/tlg_token.txt',
 'use_checkpoint': False,
 'val_every': 2,
 'warmup_epochs': 5,
 'workers': 8,
 'world_size': 1}

Saved configuration to: outputs/Inference/resnet18/2026-02-17-11-25/config.txt
Using GPU: 0

Model INFO:
Model architecture: resnet18
Using pretrained weights
=> loading pretrained model './pretrained_models/resnet18/resnet_18.pth'
Missing keys: 27
Using ResNet with Single Linear Classification Head
Total trainable parameters: 33,320,451

Optimizer INFO:
Using optimizer: adamw with lr=0.05, weight_decay=5e-05

Dataset INFO:
Dataset length: 721
Class distribution in entire dataset:
  Class 0: 351
  Class 1: 38
  Class 2: 332

Using split method: stratified

Train set balance:
Class distribution:
  Class 0: 281 samples
  Class 1: 30 samples
  Class 2: 266 samples

Val set balance:
Class distribution:
  Class 0: 70 samples
  Class 1: 8 samples
  Class 2: 66 samples
Training set length: 577
Validation set length: 144

Using standard shuffle for training
Training loader: 96 batches
Validation loader: 24 batches

Class distribution in training set:
  Class 0: 281 (48.7%)
  Class 1: 30 (5.2%)
  Class 2: 266 (46.1%)
Class distribution in validation set:
  Class 0: 70 (48.6%)
  Class 1: 8 (5.6%)
  Class 2: 66 (45.8%)
**************************************************
Class weights: [ 6.845  64.111  7.231]

Test Dataset INFO:
Test Dataset length: 82
Class distribution in test dataset:
  Class 0: 40
  Class 1: 5
  Class 2: 37
Test loader: 14 batches
**************************************************

Using loss function: CE
**************************************************
Starting testing...
Running 1 warm-up batches...
Processing warm-up batch 1 with 6 samples...
Original shape: torch.Size([6, 1, 128, 512, 512])
After spatial abstraction, shape: torch.Size([6, 1, 128, 32, 32])
Warm-up complete. Starting measurements...
Processing warm-up batch 2 with 6 samples...
Original shape: torch.Size([6, 1, 128, 512, 512])
After spatial abstraction, shape: torch.Size([6, 1, 128, 32, 32])
Batch 1: 6/20 samples, time/sample: 1357.43ms, memory: 921.8MB
Processing warm-up batch 2 with 6 samples...
Original shape: torch.Size([6, 1, 128, 512, 512])
After spatial abstraction, shape: torch.Size([6, 1, 128, 32, 32])
Batch 2: 12/20 samples, time/sample: 1278.64ms, memory: 921.8MB
Processing warm-up batch 2 with 6 samples...
Original shape: torch.Size([6, 1, 128, 512, 512])
After spatial abstraction, shape: torch.Size([6, 1, 128, 32, 32])
Batch 3: 18/20 samples, time/sample: 1277.64ms, memory: 921.8MB
Processing warm-up batch 2 with 6 samples...
Original shape: torch.Size([6, 1, 128, 512, 512])
After spatial abstraction, shape: torch.Size([6, 1, 128, 32, 32])
Batch 4: 24/20 samples, time/sample: 1283.77ms, memory: 921.8MB

============================================================
COMPUTATIONAL EFFICIENCY METRICS
============================================================
Inference Time (excluding warm-up):
  - Mean: 1299.37 ± 33.60 ms/sample
  - Median: 1281.21 ms/sample
  - Range: [1277.64, 1357.43] ms
  - Throughput: 0.77 samples/sec

Memory Footprint:
  - Mean: 921.80 ± 0.00 MB
  - Peak: 921.80 MB

Storage Requirements:
  - Model size: 127.19 MB
  - Total parameters: 33.32M
============================================================

Total time spent: 00 hours 00 minutes 57 seconds
{'RandFlipd_prob': 0.2,
 'RandRotate90d_prob': 0.2,
 'RandScaleIntensityd_prob': 0.1,
 'RandShiftIntensityd_prob': 0.1,
 'amp': True,
 'augmentation': True,
 'batch_size': 6,
 'cache_dataset': False,
 'checkpoint_path': None,
 'data_dir': '/home/mraffael/martone_project/Organoids_Dataset/',
 'dataset_name': 'Inference',
 'debug': False,
 'debug_train_samples': 40,
 'debug_val_samples': 10,
 'dist_backend': 'nccl',
 'dist_url': 'tcp://127.0.0.1:23456',
 'distributed': False,
 'dropout_path_rate': 0.0,
 'dropout_rate': 0.0,
 'early_stopping': True,
 'encoder10_pth': '',
 'exact_class': False,
 'feature_size': 48,
 'fold': 0,
 'folds': False,
 'gpu': 0,
 'ignore_label': 3,
 'in_channels': 1,
 'infer_overlap': 0.5,
 'k_folds': 5,
 'logdir': 'test',
 'logs_dir': 'logs/',
 'loss_name': 'CE',
 'lrschedule': 'warmup_cosine',
 'max_epochs': 300,
 'min_delta_loss': 0.001,
 'min_delta_val': 0.01,
 'model_name': 'swinvit',
 'momentum': 0.99,
 'n_slices': 32,
 'noamp': False,
 'norm_name': 'instance',
 'oar_id': 2262644,
 'optim_lr': 0.003,
 'optim_name': 'adamw',
 'out_channels': 1,
 'output_dir': 'outputs/',
 'patch_merging': False,
 'patience_loss': 40,
 'patience_val': 40,
 'pretrained_dir': './pretrained_models/fold1_f48_ep300_4gpu_dice0_9059/',
 'pretrained_model_name': 'model_swinvit.pt',
 'rank': 0,
 'reg_weight': 5e-05,
 'restart_T0': 20,
 'resume_ckpt': False,
 'roi_x': 32,
 'roi_y': 32,
 'roi_z': 32,
 'save_checkpoint': True,
 'seed': 3,
 'similarity_loss': '',
 'similarity_loss_weight': 0.0,
 'slice_selection': True,
 'spatial_dims': 3,
 'split_method': 'stratified',
 'start_epoch': 0,
 'sw_batch_size': 8,
 'telegram_log': True,
 'test_mode': False,
 'token': './token/tlg_token.txt',
 'use_checkpoint': False,
 'val_every': 2,
 'warmup_epochs': 5,
 'workers': 8,
 'world_size': 1}

Saved configuration to: outputs/Inference/swinvit/2026-02-17-11-26/config.txt
Using GPU: 0

Model INFO:
Model architecture: swinvit
swinvit
Using pretrained weights
=> loading pretrained model './pretrained_models/fold1_f48_ep300_4gpu_dice0_9059/model_swinvit.pt'
Missing keys when loading pretrained: 33
Unexpected keys when loading pretrained: 8
Using SwinViT with Single Linear Classification Head
Total trainable parameters: 8,064,309

Optimizer INFO:
Using optimizer: adamw with lr=0.003, weight_decay=5e-05

Dataset INFO:
Dataset length: 721
Class distribution in entire dataset:
  Class 0: 351
  Class 1: 38
  Class 2: 332

Using split method: stratified

Train set balance:
Class distribution:
  Class 0: 281 samples
  Class 1: 30 samples
  Class 2: 266 samples

Val set balance:
Class distribution:
  Class 0: 70 samples
  Class 1: 8 samples
  Class 2: 66 samples
Training set length: 577
Validation set length: 144

Using standard shuffle for training
Training loader: 96 batches
Validation loader: 24 batches

Class distribution in training set:
  Class 0: 281 (48.7%)
  Class 1: 30 (5.2%)
  Class 2: 266 (46.1%)
Class distribution in validation set:
  Class 0: 70 (48.6%)
  Class 1: 8 (5.6%)
  Class 2: 66 (45.8%)
**************************************************
Class weights: [ 6.845  64.111  7.231]

Test Dataset INFO:
Test Dataset length: 82
Class distribution in test dataset:
  Class 0: 40
  Class 1: 5
  Class 2: 37
Test loader: 14 batches
**************************************************

Using loss function: CE
**************************************************
Starting testing...
Running 1 warm-up batches...
Processing warm-up batch 1 with 6 samples...
Original shape: torch.Size([6, 1, 128, 512, 512])
After spatial abstraction, shape: torch.Size([6, 1, 128, 32, 32])
Warm-up complete. Starting measurements...
Processing warm-up batch 2 with 6 samples...
Original shape: torch.Size([6, 1, 128, 512, 512])
After spatial abstraction, shape: torch.Size([6, 1, 128, 32, 32])
Batch 1: 6/20 samples, time/sample: 1323.28ms, memory: 823.8MB
Processing warm-up batch 2 with 6 samples...
Original shape: torch.Size([6, 1, 128, 512, 512])
After spatial abstraction, shape: torch.Size([6, 1, 128, 32, 32])
Batch 2: 12/20 samples, time/sample: 1288.35ms, memory: 823.8MB
Processing warm-up batch 2 with 6 samples...
Original shape: torch.Size([6, 1, 128, 512, 512])
After spatial abstraction, shape: torch.Size([6, 1, 128, 32, 32])
Batch 3: 18/20 samples, time/sample: 1293.22ms, memory: 823.8MB
Processing warm-up batch 2 with 6 samples...
Original shape: torch.Size([6, 1, 128, 512, 512])
After spatial abstraction, shape: torch.Size([6, 1, 128, 32, 32])
Batch 4: 24/20 samples, time/sample: 1306.66ms, memory: 823.8MB

============================================================
COMPUTATIONAL EFFICIENCY METRICS
============================================================
Inference Time (excluding warm-up):
  - Mean: 1302.88 ± 13.55 ms/sample
  - Median: 1299.94 ms/sample
  - Range: [1288.35, 1323.28] ms
  - Throughput: 0.77 samples/sec

Memory Footprint:
  - Mean: 823.79 ± 0.00 MB
  - Peak: 823.79 MB

Storage Requirements:
  - Model size: 37.99 MB
  - Total parameters: 8.06M
============================================================

Total time spent: 00 hours 00 minutes 52 seconds
