Architecture:                            x86_64
CPU op-mode(s):                          32-bit, 64-bit
Byte Order:                              Little Endian
Address sizes:                           48 bits physical, 48 bits virtual
CPU(s):                                  64
On-line CPU(s) list:                     0-63
Thread(s) per core:                      2
Core(s) per socket:                      16
Socket(s):                               2
NUMA node(s):                            8
Vendor ID:                               AuthenticAMD
CPU family:                              25
Model:                                   1
Model name:                              AMD EPYC 7313 16-Core Processor
Stepping:                                1
Frequency boost:                         enabled
CPU MHz:                                 1795.788
CPU max MHz:                             3000.0000
CPU min MHz:                             1500.0000
BogoMIPS:                                5988.76
Virtualization:                          AMD-V
L1d cache:                               1 MiB
L1i cache:                               1 MiB
L2 cache:                                16 MiB
L3 cache:                                256 MiB
NUMA node0 CPU(s):                       0-3,32-35
NUMA node1 CPU(s):                       4-7,36-39
NUMA node2 CPU(s):                       8-11,40-43
NUMA node3 CPU(s):                       12-15,44-47
NUMA node4 CPU(s):                       16-19,48-51
NUMA node5 CPU(s):                       20-23,52-55
NUMA node6 CPU(s):                       24-27,56-59
NUMA node7 CPU(s):                       28-31,60-63
Vulnerability Gather data sampling:      Not affected
Vulnerability Indirect target selection: Not affected
Vulnerability Itlb multihit:             Not affected
Vulnerability L1tf:                      Not affected
Vulnerability Mds:                       Not affected
Vulnerability Meltdown:                  Not affected
Vulnerability Mmio stale data:           Not affected
Vulnerability Reg file data sampling:    Not affected
Vulnerability Retbleed:                  Not affected
Vulnerability Spec rstack overflow:      Mitigation; safe RET
Vulnerability Spec store bypass:         Mitigation; Speculative Store Bypass disabled via prctl and seccomp
Vulnerability Spectre v1:                Mitigation; usercopy/swapgs barriers and __user pointer sanitization
Vulnerability Spectre v2:                Mitigation; Retpolines, IBPB conditional, IBRS_FW, STIBP always-on, RSB filling, PBRSB-eIBRS Not affected
Vulnerability Srbds:                     Not affected
Vulnerability Tsa:                       Mitigation; Clear CPU buffers
Vulnerability Tsx async abort:           Not affected
Vulnerability Vmscape:                   Mitigation; IBPB before exit to userspace
Flags:                                   fpu vme de pse tsc msr pae mce cx8 apic sep mtrr pge mca cmov pat pse36 clflush mmx fxsr sse sse2 ht syscall nx mmxext fxsr_opt pdpe1gb rdtscp lm constant_tsc rep_good nopl nonstop_tsc cpuid extd_apicid aperfmperf pni pclmulqdq monitor ssse3 fma cx16 pcid sse4_1 sse4_2 movbe popcnt aes xsave avx f16c rdrand lahf_lm cmp_legacy svm extapic cr8_legacy abm sse4a misalignsse 3dnowprefetch osvw ibs skinit wdt tce topoext perfctr_core perfctr_nb bpext perfctr_llc mwaitx cpb cat_l3 cdp_l3 invpcid_single hw_pstate ssbd mba ibrs ibpb stibp vmmcall fsgsbase bmi1 avx2 smep bmi2 erms invpcid cqm rdt_a rdseed adx smap clflushopt clwb sha_ni xsaveopt xsavec xgetbv1 xsaves cqm_llc cqm_occup_llc cqm_mbm_total cqm_mbm_local clzero irperf xsaveerptr rdpru wbnoinvd amd_ppin arat npt lbrv svm_lock nrip_save tsc_scale vmcb_clean flushbyasid decodeassists pausefilter pfthreshold v_vmsave_vmload vgif umip pku ospke vaes vpclmulqdq rdpid overflow_recov succor smca fsrm ibpb_exit_to_user
Tue Dec  9 23:21:41 2025       
+---------------------------------------------------------------------------------------+
| NVIDIA-SMI 535.183.06             Driver Version: 535.183.06   CUDA Version: 12.2     |
|-----------------------------------------+----------------------+----------------------+
| GPU  Name                 Persistence-M | Bus-Id        Disp.A | Volatile Uncorr. ECC |
| Fan  Temp   Perf          Pwr:Usage/Cap |         Memory-Usage | GPU-Util  Compute M. |
|                                         |                      |               MIG M. |
|=========================================+======================+======================|
|   0  NVIDIA A40                     On  | 00000000:A3:00.0 Off |                    0 |
|  0%   34C    P8              30W / 300W |      0MiB / 46068MiB |      0%      Default |
|                                         |                      |                  N/A |
+-----------------------------------------+----------------------+----------------------+
                                                                                         
+---------------------------------------------------------------------------------------+
| Processes:                                                                            |
|  GPU   GI   CI        PID   Type   Process name                            GPU Memory |
|        ID   ID                                                             Usage      |
|=======================================================================================|
|  No running processes found                                                           |
+---------------------------------------------------------------------------------------+
/home/mraffael/martone_project/Organoid-Image-Classification-Using-Deep-Learning
{'RandFlipd_prob': 0.2,
 'RandRotate90d_prob': 0.2,
 'RandScaleIntensityd_prob': 0.1,
 'RandShiftIntensityd_prob': 0.1,
 'amp': True,
 'augmentation': True,
 'batch_size': 2,
 'cache_dataset': False,
 'checkpoint_path': None,
 'data_dir': '/home/mraffael/martone_project/Organoids_Dataset_256/',
 'dataset_name': 'OrganoidsINRIA_reduced',
 'debug': False,
 'debug_train_samples': 40,
 'debug_val_samples': 10,
 'dist_backend': 'nccl',
 'dist_url': 'tcp://127.0.0.1:23456',
 'distributed': False,
 'dropout_path_rate': 0.0,
 'dropout_rate': 0.0,
 'early_stopping': True,
 'encoder10_pth': '',
 'exact_class': False,
 'feature_size': 48,
 'fold': 0,
 'folds': False,
 'gpu': 0,
 'ignore_label': 3,
 'in_channels': 1,
 'infer_overlap': 0.5,
 'k_folds': 5,
 'logdir': 'test',
 'logs_dir': 'logs/',
 'loss_name': 'CE',
 'lrschedule': 'warmup_cosine',
 'max_epochs': 150,
 'min_delta_loss': 0.001,
 'min_delta_val': 0.01,
 'model_name': 'densenet',
 'momentum': 0.99,
 'noamp': False,
 'norm_name': 'instance',
 'oar_id': 2149406,
 'optim_lr': 0.01,
 'optim_name': 'adamw',
 'out_channels': 1,
 'output_dir': 'outputs/',
 'patch_merging': False,
 'patience_loss': 40,
 'patience_val': 40,
 'pretrained_dir': '',
 'pretrained_model_name': '',
 'rank': 0,
 'reg_weight': 5e-05,
 'restart_T0': 20,
 'resume_ckpt': False,
 'roi_x': 64,
 'roi_y': 64,
 'roi_z': 64,
 'save_checkpoint': True,
 'seed': 3,
 'similarity_loss': '',
 'similarity_loss_weight': 0.0,
 'spatial_dims': 3,
 'split_method': 'stratified',
 'start_epoch': 0,
 'sw_batch_size': 8,
 'telegram_log': True,
 'test_mode': False,
 'token': './token/tlg_token.txt',
 'use_checkpoint': False,
 'val_every': 2,
 'warmup_epochs': 5,
 'workers': 8,
 'world_size': 1}

Saved configuration to: outputs/OrganoidsINRIA_reduced/densenet/2025-12-09-23-22/config.txt
Using GPU: 0

Model INFO:
Model architecture: densenet
BatchNorm3d(1920, eps=1e-05, momentum=0.1, affine=True, track_running_stats=True)
Total trainable parameters: 25,336,579

Optimizer INFO:
Using optimizer: adamw with lr=0.01, weight_decay=5e-05

Dataset INFO:
Dataset length: 721
Class distribution in entire dataset:
  Class 0: 351
  Class 1: 38
  Class 2: 332

Using split method: stratified

Train set balance:
Class distribution:
  Class 0: 281 samples
  Class 1: 30 samples
  Class 2: 266 samples

Val set balance:
Class distribution:
  Class 0: 70 samples
  Class 1: 8 samples
  Class 2: 66 samples
Training set length: 577
Validation set length: 144

Using standard shuffle for training
Training loader: 288 batches
Validation loader: 72 batches

Class distribution in training set:
  Class 0: 281 (48.7%)
  Class 1: 30 (5.2%)
  Class 2: 266 (46.1%)
Class distribution in validation set:
  Class 0: 70 (48.6%)
  Class 1: 8 (5.6%)
  Class 2: 66 (45.8%)
**************************************************
Class weights: [ 6.845  64.111  7.231]

Test Dataset INFO:
Test Dataset length: 82
Class distribution in test dataset:
  Class 0: 40
  Class 1: 5
  Class 2: 37
Test loader: 41 batches
**************************************************

Using loss function: CE
**************************************************
Starting training...
✓ Unfrozen: features.conv0.weight (21952 params)
✓ Unfrozen: features.norm0.weight (64 params)
✓ Unfrozen: features.norm0.bias (64 params)
✓ Unfrozen: features.denseblock1.denselayer1.layers.norm1.weight (64 params)
✓ Unfrozen: features.denseblock1.denselayer1.layers.norm1.bias (64 params)
✓ Unfrozen: features.denseblock1.denselayer1.layers.conv1.weight (8192 params)
✓ Unfrozen: features.denseblock1.denselayer1.layers.norm2.weight (128 params)
✓ Unfrozen: features.denseblock1.denselayer1.layers.norm2.bias (128 params)
✓ Unfrozen: features.denseblock1.denselayer1.layers.conv2.weight (110592 params)
✓ Unfrozen: features.denseblock1.denselayer2.layers.norm1.weight (96 params)
✓ Unfrozen: features.denseblock1.denselayer2.layers.norm1.bias (96 params)
✓ Unfrozen: features.denseblock1.denselayer2.layers.conv1.weight (12288 params)
✓ Unfrozen: features.denseblock1.denselayer2.layers.norm2.weight (128 params)
✓ Unfrozen: features.denseblock1.denselayer2.layers.norm2.bias (128 params)
✓ Unfrozen: features.denseblock1.denselayer2.layers.conv2.weight (110592 params)
✓ Unfrozen: features.denseblock1.denselayer3.layers.norm1.weight (128 params)
✓ Unfrozen: features.denseblock1.denselayer3.layers.norm1.bias (128 params)
✓ Unfrozen: features.denseblock1.denselayer3.layers.conv1.weight (16384 params)
✓ Unfrozen: features.denseblock1.denselayer3.layers.norm2.weight (128 params)
✓ Unfrozen: features.denseblock1.denselayer3.layers.norm2.bias (128 params)
✓ Unfrozen: features.denseblock1.denselayer3.layers.conv2.weight (110592 params)
✓ Unfrozen: features.denseblock1.denselayer4.layers.norm1.weight (160 params)
✓ Unfrozen: features.denseblock1.denselayer4.layers.norm1.bias (160 params)
✓ Unfrozen: features.denseblock1.denselayer4.layers.conv1.weight (20480 params)
✓ Unfrozen: features.denseblock1.denselayer4.layers.norm2.weight (128 params)
✓ Unfrozen: features.denseblock1.denselayer4.layers.norm2.bias (128 params)
✓ Unfrozen: features.denseblock1.denselayer4.layers.conv2.weight (110592 params)
✓ Unfrozen: features.denseblock1.denselayer5.layers.norm1.weight (192 params)
✓ Unfrozen: features.denseblock1.denselayer5.layers.norm1.bias (192 params)
✓ Unfrozen: features.denseblock1.denselayer5.layers.conv1.weight (24576 params)
✓ Unfrozen: features.denseblock1.denselayer5.layers.norm2.weight (128 params)
✓ Unfrozen: features.denseblock1.denselayer5.layers.norm2.bias (128 params)
✓ Unfrozen: features.denseblock1.denselayer5.layers.conv2.weight (110592 params)
✓ Unfrozen: features.denseblock1.denselayer6.layers.norm1.weight (224 params)
✓ Unfrozen: features.denseblock1.denselayer6.layers.norm1.bias (224 params)
✓ Unfrozen: features.denseblock1.denselayer6.layers.conv1.weight (28672 params)
✓ Unfrozen: features.denseblock1.denselayer6.layers.norm2.weight (128 params)
✓ Unfrozen: features.denseblock1.denselayer6.layers.norm2.bias (128 params)
✓ Unfrozen: features.denseblock1.denselayer6.layers.conv2.weight (110592 params)
✓ Unfrozen: features.transition1.norm.weight (256 params)
✓ Unfrozen: features.transition1.norm.bias (256 params)
✓ Unfrozen: features.transition1.conv.weight (32768 params)
✓ Unfrozen: features.denseblock2.denselayer1.layers.norm1.weight (128 params)
✓ Unfrozen: features.denseblock2.denselayer1.layers.norm1.bias (128 params)
✓ Unfrozen: features.denseblock2.denselayer1.layers.conv1.weight (16384 params)
✓ Unfrozen: features.denseblock2.denselayer1.layers.norm2.weight (128 params)
✓ Unfrozen: features.denseblock2.denselayer1.layers.norm2.bias (128 params)
✓ Unfrozen: features.denseblock2.denselayer1.layers.conv2.weight (110592 params)
✓ Unfrozen: features.denseblock2.denselayer2.layers.norm1.weight (160 params)
✓ Unfrozen: features.denseblock2.denselayer2.layers.norm1.bias (160 params)
✓ Unfrozen: features.denseblock2.denselayer2.layers.conv1.weight (20480 params)
✓ Unfrozen: features.denseblock2.denselayer2.layers.norm2.weight (128 params)
✓ Unfrozen: features.denseblock2.denselayer2.layers.norm2.bias (128 params)
✓ Unfrozen: features.denseblock2.denselayer2.layers.conv2.weight (110592 params)
✓ Unfrozen: features.denseblock2.denselayer3.layers.norm1.weight (192 params)
✓ Unfrozen: features.denseblock2.denselayer3.layers.norm1.bias (192 params)
✓ Unfrozen: features.denseblock2.denselayer3.layers.conv1.weight (24576 params)
✓ Unfrozen: features.denseblock2.denselayer3.layers.norm2.weight (128 params)
✓ Unfrozen: features.denseblock2.denselayer3.layers.norm2.bias (128 params)
✓ Unfrozen: features.denseblock2.denselayer3.layers.conv2.weight (110592 params)
✓ Unfrozen: features.denseblock2.denselayer4.layers.norm1.weight (224 params)
✓ Unfrozen: features.denseblock2.denselayer4.layers.norm1.bias (224 params)
✓ Unfrozen: features.denseblock2.denselayer4.layers.conv1.weight (28672 params)
✓ Unfrozen: features.denseblock2.denselayer4.layers.norm2.weight (128 params)
✓ Unfrozen: features.denseblock2.denselayer4.layers.norm2.bias (128 params)
✓ Unfrozen: features.denseblock2.denselayer4.layers.conv2.weight (110592 params)
✓ Unfrozen: features.denseblock2.denselayer5.layers.norm1.weight (256 params)
✓ Unfrozen: features.denseblock2.denselayer5.layers.norm1.bias (256 params)
✓ Unfrozen: features.denseblock2.denselayer5.layers.conv1.weight (32768 params)
✓ Unfrozen: features.denseblock2.denselayer5.layers.norm2.weight (128 params)
✓ Unfrozen: features.denseblock2.denselayer5.layers.norm2.bias (128 params)
✓ Unfrozen: features.denseblock2.denselayer5.layers.conv2.weight (110592 params)
✓ Unfrozen: features.denseblock2.denselayer6.layers.norm1.weight (288 params)
✓ Unfrozen: features.denseblock2.denselayer6.layers.norm1.bias (288 params)
✓ Unfrozen: features.denseblock2.denselayer6.layers.conv1.weight (36864 params)
✓ Unfrozen: features.denseblock2.denselayer6.layers.norm2.weight (128 params)
✓ Unfrozen: features.denseblock2.denselayer6.layers.norm2.bias (128 params)
✓ Unfrozen: features.denseblock2.denselayer6.layers.conv2.weight (110592 params)
✓ Unfrozen: features.denseblock2.denselayer7.layers.norm1.weight (320 params)
✓ Unfrozen: features.denseblock2.denselayer7.layers.norm1.bias (320 params)
✓ Unfrozen: features.denseblock2.denselayer7.layers.conv1.weight (40960 params)
✓ Unfrozen: features.denseblock2.denselayer7.layers.norm2.weight (128 params)
✓ Unfrozen: features.denseblock2.denselayer7.layers.norm2.bias (128 params)
✓ Unfrozen: features.denseblock2.denselayer7.layers.conv2.weight (110592 params)
✓ Unfrozen: features.denseblock2.denselayer8.layers.norm1.weight (352 params)
✓ Unfrozen: features.denseblock2.denselayer8.layers.norm1.bias (352 params)
✓ Unfrozen: features.denseblock2.denselayer8.layers.conv1.weight (45056 params)
✓ Unfrozen: features.denseblock2.denselayer8.layers.norm2.weight (128 params)
✓ Unfrozen: features.denseblock2.denselayer8.layers.norm2.bias (128 params)
✓ Unfrozen: features.denseblock2.denselayer8.layers.conv2.weight (110592 params)
✓ Unfrozen: features.denseblock2.denselayer9.layers.norm1.weight (384 params)
✓ Unfrozen: features.denseblock2.denselayer9.layers.norm1.bias (384 params)
✓ Unfrozen: features.denseblock2.denselayer9.layers.conv1.weight (49152 params)
✓ Unfrozen: features.denseblock2.denselayer9.layers.norm2.weight (128 params)
✓ Unfrozen: features.denseblock2.denselayer9.layers.norm2.bias (128 params)
✓ Unfrozen: features.denseblock2.denselayer9.layers.conv2.weight (110592 params)
✓ Unfrozen: features.denseblock2.denselayer10.layers.norm1.weight (416 params)
✓ Unfrozen: features.denseblock2.denselayer10.layers.norm1.bias (416 params)
✓ Unfrozen: features.denseblock2.denselayer10.layers.conv1.weight (53248 params)
✓ Unfrozen: features.denseblock2.denselayer10.layers.norm2.weight (128 params)
✓ Unfrozen: features.denseblock2.denselayer10.layers.norm2.bias (128 params)
✓ Unfrozen: features.denseblock2.denselayer10.layers.conv2.weight (110592 params)
✓ Unfrozen: features.denseblock2.denselayer11.layers.norm1.weight (448 params)
✓ Unfrozen: features.denseblock2.denselayer11.layers.norm1.bias (448 params)
✓ Unfrozen: features.denseblock2.denselayer11.layers.conv1.weight (57344 params)
✓ Unfrozen: features.denseblock2.denselayer11.layers.norm2.weight (128 params)
✓ Unfrozen: features.denseblock2.denselayer11.layers.norm2.bias (128 params)
✓ Unfrozen: features.denseblock2.denselayer11.layers.conv2.weight (110592 params)
✓ Unfrozen: features.denseblock2.denselayer12.layers.norm1.weight (480 params)
✓ Unfrozen: features.denseblock2.denselayer12.layers.norm1.bias (480 params)
✓ Unfrozen: features.denseblock2.denselayer12.layers.conv1.weight (61440 params)
✓ Unfrozen: features.denseblock2.denselayer12.layers.norm2.weight (128 params)
✓ Unfrozen: features.denseblock2.denselayer12.layers.norm2.bias (128 params)
✓ Unfrozen: features.denseblock2.denselayer12.layers.conv2.weight (110592 params)
✓ Unfrozen: features.transition2.norm.weight (512 params)
✓ Unfrozen: features.transition2.norm.bias (512 params)
✓ Unfrozen: features.transition2.conv.weight (131072 params)
✓ Unfrozen: features.denseblock3.denselayer1.layers.norm1.weight (256 params)
✓ Unfrozen: features.denseblock3.denselayer1.layers.norm1.bias (256 params)
✓ Unfrozen: features.denseblock3.denselayer1.layers.conv1.weight (32768 params)
✓ Unfrozen: features.denseblock3.denselayer1.layers.norm2.weight (128 params)
✓ Unfrozen: features.denseblock3.denselayer1.layers.norm2.bias (128 params)
✓ Unfrozen: features.denseblock3.denselayer1.layers.conv2.weight (110592 params)
✓ Unfrozen: features.denseblock3.denselayer2.layers.norm1.weight (288 params)
✓ Unfrozen: features.denseblock3.denselayer2.layers.norm1.bias (288 params)
✓ Unfrozen: features.denseblock3.denselayer2.layers.conv1.weight (36864 params)
✓ Unfrozen: features.denseblock3.denselayer2.layers.norm2.weight (128 params)
✓ Unfrozen: features.denseblock3.denselayer2.layers.norm2.bias (128 params)
✓ Unfrozen: features.denseblock3.denselayer2.layers.conv2.weight (110592 params)
✓ Unfrozen: features.denseblock3.denselayer3.layers.norm1.weight (320 params)
✓ Unfrozen: features.denseblock3.denselayer3.layers.norm1.bias (320 params)
✓ Unfrozen: features.denseblock3.denselayer3.layers.conv1.weight (40960 params)
✓ Unfrozen: features.denseblock3.denselayer3.layers.norm2.weight (128 params)
✓ Unfrozen: features.denseblock3.denselayer3.layers.norm2.bias (128 params)
✓ Unfrozen: features.denseblock3.denselayer3.layers.conv2.weight (110592 params)
✓ Unfrozen: features.denseblock3.denselayer4.layers.norm1.weight (352 params)
✓ Unfrozen: features.denseblock3.denselayer4.layers.norm1.bias (352 params)
✓ Unfrozen: features.denseblock3.denselayer4.layers.conv1.weight (45056 params)
✓ Unfrozen: features.denseblock3.denselayer4.layers.norm2.weight (128 params)
✓ Unfrozen: features.denseblock3.denselayer4.layers.norm2.bias (128 params)
✓ Unfrozen: features.denseblock3.denselayer4.layers.conv2.weight (110592 params)
✓ Unfrozen: features.denseblock3.denselayer5.layers.norm1.weight (384 params)
✓ Unfrozen: features.denseblock3.denselayer5.layers.norm1.bias (384 params)
✓ Unfrozen: features.denseblock3.denselayer5.layers.conv1.weight (49152 params)
✓ Unfrozen: features.denseblock3.denselayer5.layers.norm2.weight (128 params)
✓ Unfrozen: features.denseblock3.denselayer5.layers.norm2.bias (128 params)
✓ Unfrozen: features.denseblock3.denselayer5.layers.conv2.weight (110592 params)
✓ Unfrozen: features.denseblock3.denselayer6.layers.norm1.weight (416 params)
✓ Unfrozen: features.denseblock3.denselayer6.layers.norm1.bias (416 params)
✓ Unfrozen: features.denseblock3.denselayer6.layers.conv1.weight (53248 params)
✓ Unfrozen: features.denseblock3.denselayer6.layers.norm2.weight (128 params)
✓ Unfrozen: features.denseblock3.denselayer6.layers.norm2.bias (128 params)
✓ Unfrozen: features.denseblock3.denselayer6.layers.conv2.weight (110592 params)
✓ Unfrozen: features.denseblock3.denselayer7.layers.norm1.weight (448 params)
✓ Unfrozen: features.denseblock3.denselayer7.layers.norm1.bias (448 params)
✓ Unfrozen: features.denseblock3.denselayer7.layers.conv1.weight (57344 params)
✓ Unfrozen: features.denseblock3.denselayer7.layers.norm2.weight (128 params)
✓ Unfrozen: features.denseblock3.denselayer7.layers.norm2.bias (128 params)
✓ Unfrozen: features.denseblock3.denselayer7.layers.conv2.weight (110592 params)
✓ Unfrozen: features.denseblock3.denselayer8.layers.norm1.weight (480 params)
✓ Unfrozen: features.denseblock3.denselayer8.layers.norm1.bias (480 params)
✓ Unfrozen: features.denseblock3.denselayer8.layers.conv1.weight (61440 params)
✓ Unfrozen: features.denseblock3.denselayer8.layers.norm2.weight (128 params)
✓ Unfrozen: features.denseblock3.denselayer8.layers.norm2.bias (128 params)
✓ Unfrozen: features.denseblock3.denselayer8.layers.conv2.weight (110592 params)
✓ Unfrozen: features.denseblock3.denselayer9.layers.norm1.weight (512 params)
✓ Unfrozen: features.denseblock3.denselayer9.layers.norm1.bias (512 params)
✓ Unfrozen: features.denseblock3.denselayer9.layers.conv1.weight (65536 params)
✓ Unfrozen: features.denseblock3.denselayer9.layers.norm2.weight (128 params)
✓ Unfrozen: features.denseblock3.denselayer9.layers.norm2.bias (128 params)
✓ Unfrozen: features.denseblock3.denselayer9.layers.conv2.weight (110592 params)
✓ Unfrozen: features.denseblock3.denselayer10.layers.norm1.weight (544 params)
✓ Unfrozen: features.denseblock3.denselayer10.layers.norm1.bias (544 params)
✓ Unfrozen: features.denseblock3.denselayer10.layers.conv1.weight (69632 params)
✓ Unfrozen: features.denseblock3.denselayer10.layers.norm2.weight (128 params)
✓ Unfrozen: features.denseblock3.denselayer10.layers.norm2.bias (128 params)
✓ Unfrozen: features.denseblock3.denselayer10.layers.conv2.weight (110592 params)
✓ Unfrozen: features.denseblock3.denselayer11.layers.norm1.weight (576 params)
✓ Unfrozen: features.denseblock3.denselayer11.layers.norm1.bias (576 params)
✓ Unfrozen: features.denseblock3.denselayer11.layers.conv1.weight (73728 params)
✓ Unfrozen: features.denseblock3.denselayer11.layers.norm2.weight (128 params)
✓ Unfrozen: features.denseblock3.denselayer11.layers.norm2.bias (128 params)
✓ Unfrozen: features.denseblock3.denselayer11.layers.conv2.weight (110592 params)
✓ Unfrozen: features.denseblock3.denselayer12.layers.norm1.weight (608 params)
✓ Unfrozen: features.denseblock3.denselayer12.layers.norm1.bias (608 params)
✓ Unfrozen: features.denseblock3.denselayer12.layers.conv1.weight (77824 params)
✓ Unfrozen: features.denseblock3.denselayer12.layers.norm2.weight (128 params)
✓ Unfrozen: features.denseblock3.denselayer12.layers.norm2.bias (128 params)
✓ Unfrozen: features.denseblock3.denselayer12.layers.conv2.weight (110592 params)
✓ Unfrozen: features.denseblock3.denselayer13.layers.norm1.weight (640 params)
✓ Unfrozen: features.denseblock3.denselayer13.layers.norm1.bias (640 params)
✓ Unfrozen: features.denseblock3.denselayer13.layers.conv1.weight (81920 params)
✓ Unfrozen: features.denseblock3.denselayer13.layers.norm2.weight (128 params)
✓ Unfrozen: features.denseblock3.denselayer13.layers.norm2.bias (128 params)
✓ Unfrozen: features.denseblock3.denselayer13.layers.conv2.weight (110592 params)
✓ Unfrozen: features.denseblock3.denselayer14.layers.norm1.weight (672 params)
✓ Unfrozen: features.denseblock3.denselayer14.layers.norm1.bias (672 params)
✓ Unfrozen: features.denseblock3.denselayer14.layers.conv1.weight (86016 params)
✓ Unfrozen: features.denseblock3.denselayer14.layers.norm2.weight (128 params)
✓ Unfrozen: features.denseblock3.denselayer14.layers.norm2.bias (128 params)
✓ Unfrozen: features.denseblock3.denselayer14.layers.conv2.weight (110592 params)
✓ Unfrozen: features.denseblock3.denselayer15.layers.norm1.weight (704 params)
✓ Unfrozen: features.denseblock3.denselayer15.layers.norm1.bias (704 params)
✓ Unfrozen: features.denseblock3.denselayer15.layers.conv1.weight (90112 params)
✓ Unfrozen: features.denseblock3.denselayer15.layers.norm2.weight (128 params)
✓ Unfrozen: features.denseblock3.denselayer15.layers.norm2.bias (128 params)
✓ Unfrozen: features.denseblock3.denselayer15.layers.conv2.weight (110592 params)
✓ Unfrozen: features.denseblock3.denselayer16.layers.norm1.weight (736 params)
✓ Unfrozen: features.denseblock3.denselayer16.layers.norm1.bias (736 params)
✓ Unfrozen: features.denseblock3.denselayer16.layers.conv1.weight (94208 params)
✓ Unfrozen: features.denseblock3.denselayer16.layers.norm2.weight (128 params)
✓ Unfrozen: features.denseblock3.denselayer16.layers.norm2.bias (128 params)
✓ Unfrozen: features.denseblock3.denselayer16.layers.conv2.weight (110592 params)
✓ Unfrozen: features.denseblock3.denselayer17.layers.norm1.weight (768 params)
✓ Unfrozen: features.denseblock3.denselayer17.layers.norm1.bias (768 params)
✓ Unfrozen: features.denseblock3.denselayer17.layers.conv1.weight (98304 params)
✓ Unfrozen: features.denseblock3.denselayer17.layers.norm2.weight (128 params)
✓ Unfrozen: features.denseblock3.denselayer17.layers.norm2.bias (128 params)
✓ Unfrozen: features.denseblock3.denselayer17.layers.conv2.weight (110592 params)
✓ Unfrozen: features.denseblock3.denselayer18.layers.norm1.weight (800 params)
✓ Unfrozen: features.denseblock3.denselayer18.layers.norm1.bias (800 params)
✓ Unfrozen: features.denseblock3.denselayer18.layers.conv1.weight (102400 params)
✓ Unfrozen: features.denseblock3.denselayer18.layers.norm2.weight (128 params)
✓ Unfrozen: features.denseblock3.denselayer18.layers.norm2.bias (128 params)
✓ Unfrozen: features.denseblock3.denselayer18.layers.conv2.weight (110592 params)
✓ Unfrozen: features.denseblock3.denselayer19.layers.norm1.weight (832 params)
✓ Unfrozen: features.denseblock3.denselayer19.layers.norm1.bias (832 params)
✓ Unfrozen: features.denseblock3.denselayer19.layers.conv1.weight (106496 params)
✓ Unfrozen: features.denseblock3.denselayer19.layers.norm2.weight (128 params)
✓ Unfrozen: features.denseblock3.denselayer19.layers.norm2.bias (128 params)
✓ Unfrozen: features.denseblock3.denselayer19.layers.conv2.weight (110592 params)
✓ Unfrozen: features.denseblock3.denselayer20.layers.norm1.weight (864 params)
✓ Unfrozen: features.denseblock3.denselayer20.layers.norm1.bias (864 params)
✓ Unfrozen: features.denseblock3.denselayer20.layers.conv1.weight (110592 params)
✓ Unfrozen: features.denseblock3.denselayer20.layers.norm2.weight (128 params)
✓ Unfrozen: features.denseblock3.denselayer20.layers.norm2.bias (128 params)
✓ Unfrozen: features.denseblock3.denselayer20.layers.conv2.weight (110592 params)
✓ Unfrozen: features.denseblock3.denselayer21.layers.norm1.weight (896 params)
✓ Unfrozen: features.denseblock3.denselayer21.layers.norm1.bias (896 params)
✓ Unfrozen: features.denseblock3.denselayer21.layers.conv1.weight (114688 params)
✓ Unfrozen: features.denseblock3.denselayer21.layers.norm2.weight (128 params)
✓ Unfrozen: features.denseblock3.denselayer21.layers.norm2.bias (128 params)
✓ Unfrozen: features.denseblock3.denselayer21.layers.conv2.weight (110592 params)
✓ Unfrozen: features.denseblock3.denselayer22.layers.norm1.weight (928 params)
✓ Unfrozen: features.denseblock3.denselayer22.layers.norm1.bias (928 params)
✓ Unfrozen: features.denseblock3.denselayer22.layers.conv1.weight (118784 params)
✓ Unfrozen: features.denseblock3.denselayer22.layers.norm2.weight (128 params)
✓ Unfrozen: features.denseblock3.denselayer22.layers.norm2.bias (128 params)
✓ Unfrozen: features.denseblock3.denselayer22.layers.conv2.weight (110592 params)
✓ Unfrozen: features.denseblock3.denselayer23.layers.norm1.weight (960 params)
✓ Unfrozen: features.denseblock3.denselayer23.layers.norm1.bias (960 params)
✓ Unfrozen: features.denseblock3.denselayer23.layers.conv1.weight (122880 params)
✓ Unfrozen: features.denseblock3.denselayer23.layers.norm2.weight (128 params)
✓ Unfrozen: features.denseblock3.denselayer23.layers.norm2.bias (128 params)
✓ Unfrozen: features.denseblock3.denselayer23.layers.conv2.weight (110592 params)
✓ Unfrozen: features.denseblock3.denselayer24.layers.norm1.weight (992 params)
✓ Unfrozen: features.denseblock3.denselayer24.layers.norm1.bias (992 params)
✓ Unfrozen: features.denseblock3.denselayer24.layers.conv1.weight (126976 params)
✓ Unfrozen: features.denseblock3.denselayer24.layers.norm2.weight (128 params)
✓ Unfrozen: features.denseblock3.denselayer24.layers.norm2.bias (128 params)
✓ Unfrozen: features.denseblock3.denselayer24.layers.conv2.weight (110592 params)
✓ Unfrozen: features.denseblock3.denselayer25.layers.norm1.weight (1024 params)
✓ Unfrozen: features.denseblock3.denselayer25.layers.norm1.bias (1024 params)
✓ Unfrozen: features.denseblock3.denselayer25.layers.conv1.weight (131072 params)
✓ Unfrozen: features.denseblock3.denselayer25.layers.norm2.weight (128 params)
✓ Unfrozen: features.denseblock3.denselayer25.layers.norm2.bias (128 params)
✓ Unfrozen: features.denseblock3.denselayer25.layers.conv2.weight (110592 params)
✓ Unfrozen: features.denseblock3.denselayer26.layers.norm1.weight (1056 params)
✓ Unfrozen: features.denseblock3.denselayer26.layers.norm1.bias (1056 params)
✓ Unfrozen: features.denseblock3.denselayer26.layers.conv1.weight (135168 params)
✓ Unfrozen: features.denseblock3.denselayer26.layers.norm2.weight (128 params)
✓ Unfrozen: features.denseblock3.denselayer26.layers.norm2.bias (128 params)
✓ Unfrozen: features.denseblock3.denselayer26.layers.conv2.weight (110592 params)
✓ Unfrozen: features.denseblock3.denselayer27.layers.norm1.weight (1088 params)
✓ Unfrozen: features.denseblock3.denselayer27.layers.norm1.bias (1088 params)
✓ Unfrozen: features.denseblock3.denselayer27.layers.conv1.weight (139264 params)
✓ Unfrozen: features.denseblock3.denselayer27.layers.norm2.weight (128 params)
✓ Unfrozen: features.denseblock3.denselayer27.layers.norm2.bias (128 params)
✓ Unfrozen: features.denseblock3.denselayer27.layers.conv2.weight (110592 params)
✓ Unfrozen: features.denseblock3.denselayer28.layers.norm1.weight (1120 params)
✓ Unfrozen: features.denseblock3.denselayer28.layers.norm1.bias (1120 params)
✓ Unfrozen: features.denseblock3.denselayer28.layers.conv1.weight (143360 params)
✓ Unfrozen: features.denseblock3.denselayer28.layers.norm2.weight (128 params)
✓ Unfrozen: features.denseblock3.denselayer28.layers.norm2.bias (128 params)
✓ Unfrozen: features.denseblock3.denselayer28.layers.conv2.weight (110592 params)
✓ Unfrozen: features.denseblock3.denselayer29.layers.norm1.weight (1152 params)
✓ Unfrozen: features.denseblock3.denselayer29.layers.norm1.bias (1152 params)
✓ Unfrozen: features.denseblock3.denselayer29.layers.conv1.weight (147456 params)
✓ Unfrozen: features.denseblock3.denselayer29.layers.norm2.weight (128 params)
✓ Unfrozen: features.denseblock3.denselayer29.layers.norm2.bias (128 params)
✓ Unfrozen: features.denseblock3.denselayer29.layers.conv2.weight (110592 params)
✓ Unfrozen: features.denseblock3.denselayer30.layers.norm1.weight (1184 params)
✓ Unfrozen: features.denseblock3.denselayer30.layers.norm1.bias (1184 params)
✓ Unfrozen: features.denseblock3.denselayer30.layers.conv1.weight (151552 params)
✓ Unfrozen: features.denseblock3.denselayer30.layers.norm2.weight (128 params)
✓ Unfrozen: features.denseblock3.denselayer30.layers.norm2.bias (128 params)
✓ Unfrozen: features.denseblock3.denselayer30.layers.conv2.weight (110592 params)
✓ Unfrozen: features.denseblock3.denselayer31.layers.norm1.weight (1216 params)
✓ Unfrozen: features.denseblock3.denselayer31.layers.norm1.bias (1216 params)
✓ Unfrozen: features.denseblock3.denselayer31.layers.conv1.weight (155648 params)
✓ Unfrozen: features.denseblock3.denselayer31.layers.norm2.weight (128 params)
✓ Unfrozen: features.denseblock3.denselayer31.layers.norm2.bias (128 params)
✓ Unfrozen: features.denseblock3.denselayer31.layers.conv2.weight (110592 params)
✓ Unfrozen: features.denseblock3.denselayer32.layers.norm1.weight (1248 params)
✓ Unfrozen: features.denseblock3.denselayer32.layers.norm1.bias (1248 params)
✓ Unfrozen: features.denseblock3.denselayer32.layers.conv1.weight (159744 params)
✓ Unfrozen: features.denseblock3.denselayer32.layers.norm2.weight (128 params)
✓ Unfrozen: features.denseblock3.denselayer32.layers.norm2.bias (128 params)
✓ Unfrozen: features.denseblock3.denselayer32.layers.conv2.weight (110592 params)
✓ Unfrozen: features.denseblock3.denselayer33.layers.norm1.weight (1280 params)
✓ Unfrozen: features.denseblock3.denselayer33.layers.norm1.bias (1280 params)
✓ Unfrozen: features.denseblock3.denselayer33.layers.conv1.weight (163840 params)
✓ Unfrozen: features.denseblock3.denselayer33.layers.norm2.weight (128 params)
✓ Unfrozen: features.denseblock3.denselayer33.layers.norm2.bias (128 params)
✓ Unfrozen: features.denseblock3.denselayer33.layers.conv2.weight (110592 params)
✓ Unfrozen: features.denseblock3.denselayer34.layers.norm1.weight (1312 params)
✓ Unfrozen: features.denseblock3.denselayer34.layers.norm1.bias (1312 params)
✓ Unfrozen: features.denseblock3.denselayer34.layers.conv1.weight (167936 params)
✓ Unfrozen: features.denseblock3.denselayer34.layers.norm2.weight (128 params)
✓ Unfrozen: features.denseblock3.denselayer34.layers.norm2.bias (128 params)
✓ Unfrozen: features.denseblock3.denselayer34.layers.conv2.weight (110592 params)
✓ Unfrozen: features.denseblock3.denselayer35.layers.norm1.weight (1344 params)
✓ Unfrozen: features.denseblock3.denselayer35.layers.norm1.bias (1344 params)
✓ Unfrozen: features.denseblock3.denselayer35.layers.conv1.weight (172032 params)
✓ Unfrozen: features.denseblock3.denselayer35.layers.norm2.weight (128 params)
✓ Unfrozen: features.denseblock3.denselayer35.layers.norm2.bias (128 params)
✓ Unfrozen: features.denseblock3.denselayer35.layers.conv2.weight (110592 params)
✓ Unfrozen: features.denseblock3.denselayer36.layers.norm1.weight (1376 params)
✓ Unfrozen: features.denseblock3.denselayer36.layers.norm1.bias (1376 params)
✓ Unfrozen: features.denseblock3.denselayer36.layers.conv1.weight (176128 params)
✓ Unfrozen: features.denseblock3.denselayer36.layers.norm2.weight (128 params)
✓ Unfrozen: features.denseblock3.denselayer36.layers.norm2.bias (128 params)
✓ Unfrozen: features.denseblock3.denselayer36.layers.conv2.weight (110592 params)
✓ Unfrozen: features.denseblock3.denselayer37.layers.norm1.weight (1408 params)
✓ Unfrozen: features.denseblock3.denselayer37.layers.norm1.bias (1408 params)
✓ Unfrozen: features.denseblock3.denselayer37.layers.conv1.weight (180224 params)
✓ Unfrozen: features.denseblock3.denselayer37.layers.norm2.weight (128 params)
✓ Unfrozen: features.denseblock3.denselayer37.layers.norm2.bias (128 params)
✓ Unfrozen: features.denseblock3.denselayer37.layers.conv2.weight (110592 params)
✓ Unfrozen: features.denseblock3.denselayer38.layers.norm1.weight (1440 params)
✓ Unfrozen: features.denseblock3.denselayer38.layers.norm1.bias (1440 params)
✓ Unfrozen: features.denseblock3.denselayer38.layers.conv1.weight (184320 params)
✓ Unfrozen: features.denseblock3.denselayer38.layers.norm2.weight (128 params)
✓ Unfrozen: features.denseblock3.denselayer38.layers.norm2.bias (128 params)
✓ Unfrozen: features.denseblock3.denselayer38.layers.conv2.weight (110592 params)
✓ Unfrozen: features.denseblock3.denselayer39.layers.norm1.weight (1472 params)
✓ Unfrozen: features.denseblock3.denselayer39.layers.norm1.bias (1472 params)
✓ Unfrozen: features.denseblock3.denselayer39.layers.conv1.weight (188416 params)
✓ Unfrozen: features.denseblock3.denselayer39.layers.norm2.weight (128 params)
✓ Unfrozen: features.denseblock3.denselayer39.layers.norm2.bias (128 params)
✓ Unfrozen: features.denseblock3.denselayer39.layers.conv2.weight (110592 params)
✓ Unfrozen: features.denseblock3.denselayer40.layers.norm1.weight (1504 params)
✓ Unfrozen: features.denseblock3.denselayer40.layers.norm1.bias (1504 params)
✓ Unfrozen: features.denseblock3.denselayer40.layers.conv1.weight (192512 params)
✓ Unfrozen: features.denseblock3.denselayer40.layers.norm2.weight (128 params)
✓ Unfrozen: features.denseblock3.denselayer40.layers.norm2.bias (128 params)
✓ Unfrozen: features.denseblock3.denselayer40.layers.conv2.weight (110592 params)
✓ Unfrozen: features.denseblock3.denselayer41.layers.norm1.weight (1536 params)
✓ Unfrozen: features.denseblock3.denselayer41.layers.norm1.bias (1536 params)
✓ Unfrozen: features.denseblock3.denselayer41.layers.conv1.weight (196608 params)
✓ Unfrozen: features.denseblock3.denselayer41.layers.norm2.weight (128 params)
✓ Unfrozen: features.denseblock3.denselayer41.layers.norm2.bias (128 params)
✓ Unfrozen: features.denseblock3.denselayer41.layers.conv2.weight (110592 params)
✓ Unfrozen: features.denseblock3.denselayer42.layers.norm1.weight (1568 params)
✓ Unfrozen: features.denseblock3.denselayer42.layers.norm1.bias (1568 params)
✓ Unfrozen: features.denseblock3.denselayer42.layers.conv1.weight (200704 params)
✓ Unfrozen: features.denseblock3.denselayer42.layers.norm2.weight (128 params)
✓ Unfrozen: features.denseblock3.denselayer42.layers.norm2.bias (128 params)
✓ Unfrozen: features.denseblock3.denselayer42.layers.conv2.weight (110592 params)
✓ Unfrozen: features.denseblock3.denselayer43.layers.norm1.weight (1600 params)
✓ Unfrozen: features.denseblock3.denselayer43.layers.norm1.bias (1600 params)
✓ Unfrozen: features.denseblock3.denselayer43.layers.conv1.weight (204800 params)
✓ Unfrozen: features.denseblock3.denselayer43.layers.norm2.weight (128 params)
✓ Unfrozen: features.denseblock3.denselayer43.layers.norm2.bias (128 params)
✓ Unfrozen: features.denseblock3.denselayer43.layers.conv2.weight (110592 params)
✓ Unfrozen: features.denseblock3.denselayer44.layers.norm1.weight (1632 params)
✓ Unfrozen: features.denseblock3.denselayer44.layers.norm1.bias (1632 params)
✓ Unfrozen: features.denseblock3.denselayer44.layers.conv1.weight (208896 params)
✓ Unfrozen: features.denseblock3.denselayer44.layers.norm2.weight (128 params)
✓ Unfrozen: features.denseblock3.denselayer44.layers.norm2.bias (128 params)
✓ Unfrozen: features.denseblock3.denselayer44.layers.conv2.weight (110592 params)
✓ Unfrozen: features.denseblock3.denselayer45.layers.norm1.weight (1664 params)
✓ Unfrozen: features.denseblock3.denselayer45.layers.norm1.bias (1664 params)
✓ Unfrozen: features.denseblock3.denselayer45.layers.conv1.weight (212992 params)
✓ Unfrozen: features.denseblock3.denselayer45.layers.norm2.weight (128 params)
✓ Unfrozen: features.denseblock3.denselayer45.layers.norm2.bias (128 params)
✓ Unfrozen: features.denseblock3.denselayer45.layers.conv2.weight (110592 params)
✓ Unfrozen: features.denseblock3.denselayer46.layers.norm1.weight (1696 params)
✓ Unfrozen: features.denseblock3.denselayer46.layers.norm1.bias (1696 params)
✓ Unfrozen: features.denseblock3.denselayer46.layers.conv1.weight (217088 params)
✓ Unfrozen: features.denseblock3.denselayer46.layers.norm2.weight (128 params)
✓ Unfrozen: features.denseblock3.denselayer46.layers.norm2.bias (128 params)
✓ Unfrozen: features.denseblock3.denselayer46.layers.conv2.weight (110592 params)
✓ Unfrozen: features.denseblock3.denselayer47.layers.norm1.weight (1728 params)
✓ Unfrozen: features.denseblock3.denselayer47.layers.norm1.bias (1728 params)
✓ Unfrozen: features.denseblock3.denselayer47.layers.conv1.weight (221184 params)
✓ Unfrozen: features.denseblock3.denselayer47.layers.norm2.weight (128 params)
✓ Unfrozen: features.denseblock3.denselayer47.layers.norm2.bias (128 params)
✓ Unfrozen: features.denseblock3.denselayer47.layers.conv2.weight (110592 params)
✓ Unfrozen: features.denseblock3.denselayer48.layers.norm1.weight (1760 params)
✓ Unfrozen: features.denseblock3.denselayer48.layers.norm1.bias (1760 params)
✓ Unfrozen: features.denseblock3.denselayer48.layers.conv1.weight (225280 params)
✓ Unfrozen: features.denseblock3.denselayer48.layers.norm2.weight (128 params)
✓ Unfrozen: features.denseblock3.denselayer48.layers.norm2.bias (128 params)
✓ Unfrozen: features.denseblock3.denselayer48.layers.conv2.weight (110592 params)
✓ Unfrozen: features.transition3.norm.weight (1792 params)
✓ Unfrozen: features.transition3.norm.bias (1792 params)
✓ Unfrozen: features.transition3.conv.weight (1605632 params)
✓ Unfrozen: features.denseblock4.denselayer1.layers.norm1.weight (896 params)
✓ Unfrozen: features.denseblock4.denselayer1.layers.norm1.bias (896 params)
✓ Unfrozen: features.denseblock4.denselayer1.layers.conv1.weight (114688 params)
✓ Unfrozen: features.denseblock4.denselayer1.layers.norm2.weight (128 params)
✓ Unfrozen: features.denseblock4.denselayer1.layers.norm2.bias (128 params)
✓ Unfrozen: features.denseblock4.denselayer1.layers.conv2.weight (110592 params)
✓ Unfrozen: features.denseblock4.denselayer2.layers.norm1.weight (928 params)
✓ Unfrozen: features.denseblock4.denselayer2.layers.norm1.bias (928 params)
✓ Unfrozen: features.denseblock4.denselayer2.layers.conv1.weight (118784 params)
✓ Unfrozen: features.denseblock4.denselayer2.layers.norm2.weight (128 params)
✓ Unfrozen: features.denseblock4.denselayer2.layers.norm2.bias (128 params)
✓ Unfrozen: features.denseblock4.denselayer2.layers.conv2.weight (110592 params)
✓ Unfrozen: features.denseblock4.denselayer3.layers.norm1.weight (960 params)
✓ Unfrozen: features.denseblock4.denselayer3.layers.norm1.bias (960 params)
✓ Unfrozen: features.denseblock4.denselayer3.layers.conv1.weight (122880 params)
✓ Unfrozen: features.denseblock4.denselayer3.layers.norm2.weight (128 params)
✓ Unfrozen: features.denseblock4.denselayer3.layers.norm2.bias (128 params)
✓ Unfrozen: features.denseblock4.denselayer3.layers.conv2.weight (110592 params)
✓ Unfrozen: features.denseblock4.denselayer4.layers.norm1.weight (992 params)
✓ Unfrozen: features.denseblock4.denselayer4.layers.norm1.bias (992 params)
✓ Unfrozen: features.denseblock4.denselayer4.layers.conv1.weight (126976 params)
✓ Unfrozen: features.denseblock4.denselayer4.layers.norm2.weight (128 params)
✓ Unfrozen: features.denseblock4.denselayer4.layers.norm2.bias (128 params)
✓ Unfrozen: features.denseblock4.denselayer4.layers.conv2.weight (110592 params)
✓ Unfrozen: features.denseblock4.denselayer5.layers.norm1.weight (1024 params)
✓ Unfrozen: features.denseblock4.denselayer5.layers.norm1.bias (1024 params)
✓ Unfrozen: features.denseblock4.denselayer5.layers.conv1.weight (131072 params)
✓ Unfrozen: features.denseblock4.denselayer5.layers.norm2.weight (128 params)
✓ Unfrozen: features.denseblock4.denselayer5.layers.norm2.bias (128 params)
✓ Unfrozen: features.denseblock4.denselayer5.layers.conv2.weight (110592 params)
✓ Unfrozen: features.denseblock4.denselayer6.layers.norm1.weight (1056 params)
✓ Unfrozen: features.denseblock4.denselayer6.layers.norm1.bias (1056 params)
✓ Unfrozen: features.denseblock4.denselayer6.layers.conv1.weight (135168 params)
✓ Unfrozen: features.denseblock4.denselayer6.layers.norm2.weight (128 params)
✓ Unfrozen: features.denseblock4.denselayer6.layers.norm2.bias (128 params)
✓ Unfrozen: features.denseblock4.denselayer6.layers.conv2.weight (110592 params)
✓ Unfrozen: features.denseblock4.denselayer7.layers.norm1.weight (1088 params)
✓ Unfrozen: features.denseblock4.denselayer7.layers.norm1.bias (1088 params)
✓ Unfrozen: features.denseblock4.denselayer7.layers.conv1.weight (139264 params)
✓ Unfrozen: features.denseblock4.denselayer7.layers.norm2.weight (128 params)
✓ Unfrozen: features.denseblock4.denselayer7.layers.norm2.bias (128 params)
✓ Unfrozen: features.denseblock4.denselayer7.layers.conv2.weight (110592 params)
✓ Unfrozen: features.denseblock4.denselayer8.layers.norm1.weight (1120 params)
✓ Unfrozen: features.denseblock4.denselayer8.layers.norm1.bias (1120 params)
✓ Unfrozen: features.denseblock4.denselayer8.layers.conv1.weight (143360 params)
✓ Unfrozen: features.denseblock4.denselayer8.layers.norm2.weight (128 params)
✓ Unfrozen: features.denseblock4.denselayer8.layers.norm2.bias (128 params)
✓ Unfrozen: features.denseblock4.denselayer8.layers.conv2.weight (110592 params)
✓ Unfrozen: features.denseblock4.denselayer9.layers.norm1.weight (1152 params)
✓ Unfrozen: features.denseblock4.denselayer9.layers.norm1.bias (1152 params)
✓ Unfrozen: features.denseblock4.denselayer9.layers.conv1.weight (147456 params)
✓ Unfrozen: features.denseblock4.denselayer9.layers.norm2.weight (128 params)
✓ Unfrozen: features.denseblock4.denselayer9.layers.norm2.bias (128 params)
✓ Unfrozen: features.denseblock4.denselayer9.layers.conv2.weight (110592 params)
✓ Unfrozen: features.denseblock4.denselayer10.layers.norm1.weight (1184 params)
✓ Unfrozen: features.denseblock4.denselayer10.layers.norm1.bias (1184 params)
✓ Unfrozen: features.denseblock4.denselayer10.layers.conv1.weight (151552 params)
✓ Unfrozen: features.denseblock4.denselayer10.layers.norm2.weight (128 params)
✓ Unfrozen: features.denseblock4.denselayer10.layers.norm2.bias (128 params)
✓ Unfrozen: features.denseblock4.denselayer10.layers.conv2.weight (110592 params)
✓ Unfrozen: features.denseblock4.denselayer11.layers.norm1.weight (1216 params)
✓ Unfrozen: features.denseblock4.denselayer11.layers.norm1.bias (1216 params)
✓ Unfrozen: features.denseblock4.denselayer11.layers.conv1.weight (155648 params)
✓ Unfrozen: features.denseblock4.denselayer11.layers.norm2.weight (128 params)
✓ Unfrozen: features.denseblock4.denselayer11.layers.norm2.bias (128 params)
✓ Unfrozen: features.denseblock4.denselayer11.layers.conv2.weight (110592 params)
✓ Unfrozen: features.denseblock4.denselayer12.layers.norm1.weight (1248 params)
✓ Unfrozen: features.denseblock4.denselayer12.layers.norm1.bias (1248 params)
✓ Unfrozen: features.denseblock4.denselayer12.layers.conv1.weight (159744 params)
✓ Unfrozen: features.denseblock4.denselayer12.layers.norm2.weight (128 params)
✓ Unfrozen: features.denseblock4.denselayer12.layers.norm2.bias (128 params)
✓ Unfrozen: features.denseblock4.denselayer12.layers.conv2.weight (110592 params)
✓ Unfrozen: features.denseblock4.denselayer13.layers.norm1.weight (1280 params)
✓ Unfrozen: features.denseblock4.denselayer13.layers.norm1.bias (1280 params)
✓ Unfrozen: features.denseblock4.denselayer13.layers.conv1.weight (163840 params)
✓ Unfrozen: features.denseblock4.denselayer13.layers.norm2.weight (128 params)
✓ Unfrozen: features.denseblock4.denselayer13.layers.norm2.bias (128 params)
✓ Unfrozen: features.denseblock4.denselayer13.layers.conv2.weight (110592 params)
✓ Unfrozen: features.denseblock4.denselayer14.layers.norm1.weight (1312 params)
✓ Unfrozen: features.denseblock4.denselayer14.layers.norm1.bias (1312 params)
✓ Unfrozen: features.denseblock4.denselayer14.layers.conv1.weight (167936 params)
✓ Unfrozen: features.denseblock4.denselayer14.layers.norm2.weight (128 params)
✓ Unfrozen: features.denseblock4.denselayer14.layers.norm2.bias (128 params)
✓ Unfrozen: features.denseblock4.denselayer14.layers.conv2.weight (110592 params)
✓ Unfrozen: features.denseblock4.denselayer15.layers.norm1.weight (1344 params)
✓ Unfrozen: features.denseblock4.denselayer15.layers.norm1.bias (1344 params)
✓ Unfrozen: features.denseblock4.denselayer15.layers.conv1.weight (172032 params)
✓ Unfrozen: features.denseblock4.denselayer15.layers.norm2.weight (128 params)
✓ Unfrozen: features.denseblock4.denselayer15.layers.norm2.bias (128 params)
✓ Unfrozen: features.denseblock4.denselayer15.layers.conv2.weight (110592 params)
✓ Unfrozen: features.denseblock4.denselayer16.layers.norm1.weight (1376 params)
✓ Unfrozen: features.denseblock4.denselayer16.layers.norm1.bias (1376 params)
✓ Unfrozen: features.denseblock4.denselayer16.layers.conv1.weight (176128 params)
✓ Unfrozen: features.denseblock4.denselayer16.layers.norm2.weight (128 params)
✓ Unfrozen: features.denseblock4.denselayer16.layers.norm2.bias (128 params)
✓ Unfrozen: features.denseblock4.denselayer16.layers.conv2.weight (110592 params)
✓ Unfrozen: features.denseblock4.denselayer17.layers.norm1.weight (1408 params)
✓ Unfrozen: features.denseblock4.denselayer17.layers.norm1.bias (1408 params)
✓ Unfrozen: features.denseblock4.denselayer17.layers.conv1.weight (180224 params)
✓ Unfrozen: features.denseblock4.denselayer17.layers.norm2.weight (128 params)
✓ Unfrozen: features.denseblock4.denselayer17.layers.norm2.bias (128 params)
✓ Unfrozen: features.denseblock4.denselayer17.layers.conv2.weight (110592 params)
✓ Unfrozen: features.denseblock4.denselayer18.layers.norm1.weight (1440 params)
✓ Unfrozen: features.denseblock4.denselayer18.layers.norm1.bias (1440 params)
✓ Unfrozen: features.denseblock4.denselayer18.layers.conv1.weight (184320 params)
✓ Unfrozen: features.denseblock4.denselayer18.layers.norm2.weight (128 params)
✓ Unfrozen: features.denseblock4.denselayer18.layers.norm2.bias (128 params)
✓ Unfrozen: features.denseblock4.denselayer18.layers.conv2.weight (110592 params)
✓ Unfrozen: features.denseblock4.denselayer19.layers.norm1.weight (1472 params)
✓ Unfrozen: features.denseblock4.denselayer19.layers.norm1.bias (1472 params)
✓ Unfrozen: features.denseblock4.denselayer19.layers.conv1.weight (188416 params)
✓ Unfrozen: features.denseblock4.denselayer19.layers.norm2.weight (128 params)
✓ Unfrozen: features.denseblock4.denselayer19.layers.norm2.bias (128 params)
✓ Unfrozen: features.denseblock4.denselayer19.layers.conv2.weight (110592 params)
✓ Unfrozen: features.denseblock4.denselayer20.layers.norm1.weight (1504 params)
✓ Unfrozen: features.denseblock4.denselayer20.layers.norm1.bias (1504 params)
✓ Unfrozen: features.denseblock4.denselayer20.layers.conv1.weight (192512 params)
✓ Unfrozen: features.denseblock4.denselayer20.layers.norm2.weight (128 params)
✓ Unfrozen: features.denseblock4.denselayer20.layers.norm2.bias (128 params)
✓ Unfrozen: features.denseblock4.denselayer20.layers.conv2.weight (110592 params)
✓ Unfrozen: features.denseblock4.denselayer21.layers.norm1.weight (1536 params)
✓ Unfrozen: features.denseblock4.denselayer21.layers.norm1.bias (1536 params)
✓ Unfrozen: features.denseblock4.denselayer21.layers.conv1.weight (196608 params)
✓ Unfrozen: features.denseblock4.denselayer21.layers.norm2.weight (128 params)
✓ Unfrozen: features.denseblock4.denselayer21.layers.norm2.bias (128 params)
✓ Unfrozen: features.denseblock4.denselayer21.layers.conv2.weight (110592 params)
✓ Unfrozen: features.denseblock4.denselayer22.layers.norm1.weight (1568 params)
✓ Unfrozen: features.denseblock4.denselayer22.layers.norm1.bias (1568 params)
✓ Unfrozen: features.denseblock4.denselayer22.layers.conv1.weight (200704 params)
✓ Unfrozen: features.denseblock4.denselayer22.layers.norm2.weight (128 params)
✓ Unfrozen: features.denseblock4.denselayer22.layers.norm2.bias (128 params)
✓ Unfrozen: features.denseblock4.denselayer22.layers.conv2.weight (110592 params)
✓ Unfrozen: features.denseblock4.denselayer23.layers.norm1.weight (1600 params)
✓ Unfrozen: features.denseblock4.denselayer23.layers.norm1.bias (1600 params)
✓ Unfrozen: features.denseblock4.denselayer23.layers.conv1.weight (204800 params)
✓ Unfrozen: features.denseblock4.denselayer23.layers.norm2.weight (128 params)
✓ Unfrozen: features.denseblock4.denselayer23.layers.norm2.bias (128 params)
✓ Unfrozen: features.denseblock4.denselayer23.layers.conv2.weight (110592 params)
✓ Unfrozen: features.denseblock4.denselayer24.layers.norm1.weight (1632 params)
✓ Unfrozen: features.denseblock4.denselayer24.layers.norm1.bias (1632 params)
✓ Unfrozen: features.denseblock4.denselayer24.layers.conv1.weight (208896 params)
✓ Unfrozen: features.denseblock4.denselayer24.layers.norm2.weight (128 params)
✓ Unfrozen: features.denseblock4.denselayer24.layers.norm2.bias (128 params)
✓ Unfrozen: features.denseblock4.denselayer24.layers.conv2.weight (110592 params)
✓ Unfrozen: features.denseblock4.denselayer25.layers.norm1.weight (1664 params)
✓ Unfrozen: features.denseblock4.denselayer25.layers.norm1.bias (1664 params)
✓ Unfrozen: features.denseblock4.denselayer25.layers.conv1.weight (212992 params)
✓ Unfrozen: features.denseblock4.denselayer25.layers.norm2.weight (128 params)
✓ Unfrozen: features.denseblock4.denselayer25.layers.norm2.bias (128 params)
✓ Unfrozen: features.denseblock4.denselayer25.layers.conv2.weight (110592 params)
✓ Unfrozen: features.denseblock4.denselayer26.layers.norm1.weight (1696 params)
✓ Unfrozen: features.denseblock4.denselayer26.layers.norm1.bias (1696 params)
✓ Unfrozen: features.denseblock4.denselayer26.layers.conv1.weight (217088 params)
✓ Unfrozen: features.denseblock4.denselayer26.layers.norm2.weight (128 params)
✓ Unfrozen: features.denseblock4.denselayer26.layers.norm2.bias (128 params)
✓ Unfrozen: features.denseblock4.denselayer26.layers.conv2.weight (110592 params)
✓ Unfrozen: features.denseblock4.denselayer27.layers.norm1.weight (1728 params)
✓ Unfrozen: features.denseblock4.denselayer27.layers.norm1.bias (1728 params)
✓ Unfrozen: features.denseblock4.denselayer27.layers.conv1.weight (221184 params)
✓ Unfrozen: features.denseblock4.denselayer27.layers.norm2.weight (128 params)
✓ Unfrozen: features.denseblock4.denselayer27.layers.norm2.bias (128 params)
✓ Unfrozen: features.denseblock4.denselayer27.layers.conv2.weight (110592 params)
✓ Unfrozen: features.denseblock4.denselayer28.layers.norm1.weight (1760 params)
✓ Unfrozen: features.denseblock4.denselayer28.layers.norm1.bias (1760 params)
✓ Unfrozen: features.denseblock4.denselayer28.layers.conv1.weight (225280 params)
✓ Unfrozen: features.denseblock4.denselayer28.layers.norm2.weight (128 params)
✓ Unfrozen: features.denseblock4.denselayer28.layers.norm2.bias (128 params)
✓ Unfrozen: features.denseblock4.denselayer28.layers.conv2.weight (110592 params)
✓ Unfrozen: features.denseblock4.denselayer29.layers.norm1.weight (1792 params)
✓ Unfrozen: features.denseblock4.denselayer29.layers.norm1.bias (1792 params)
✓ Unfrozen: features.denseblock4.denselayer29.layers.conv1.weight (229376 params)
✓ Unfrozen: features.denseblock4.denselayer29.layers.norm2.weight (128 params)
✓ Unfrozen: features.denseblock4.denselayer29.layers.norm2.bias (128 params)
✓ Unfrozen: features.denseblock4.denselayer29.layers.conv2.weight (110592 params)
✓ Unfrozen: features.denseblock4.denselayer30.layers.norm1.weight (1824 params)
✓ Unfrozen: features.denseblock4.denselayer30.layers.norm1.bias (1824 params)
✓ Unfrozen: features.denseblock4.denselayer30.layers.conv1.weight (233472 params)
✓ Unfrozen: features.denseblock4.denselayer30.layers.norm2.weight (128 params)
✓ Unfrozen: features.denseblock4.denselayer30.layers.norm2.bias (128 params)
✓ Unfrozen: features.denseblock4.denselayer30.layers.conv2.weight (110592 params)
✓ Unfrozen: features.denseblock4.denselayer31.layers.norm1.weight (1856 params)
✓ Unfrozen: features.denseblock4.denselayer31.layers.norm1.bias (1856 params)
✓ Unfrozen: features.denseblock4.denselayer31.layers.conv1.weight (237568 params)
✓ Unfrozen: features.denseblock4.denselayer31.layers.norm2.weight (128 params)
✓ Unfrozen: features.denseblock4.denselayer31.layers.norm2.bias (128 params)
✓ Unfrozen: features.denseblock4.denselayer31.layers.conv2.weight (110592 params)
✓ Unfrozen: features.denseblock4.denselayer32.layers.norm1.weight (1888 params)
✓ Unfrozen: features.denseblock4.denselayer32.layers.norm1.bias (1888 params)
✓ Unfrozen: features.denseblock4.denselayer32.layers.conv1.weight (241664 params)
✓ Unfrozen: features.denseblock4.denselayer32.layers.norm2.weight (128 params)
✓ Unfrozen: features.denseblock4.denselayer32.layers.norm2.bias (128 params)
✓ Unfrozen: features.denseblock4.denselayer32.layers.conv2.weight (110592 params)
✓ Unfrozen: features.norm5.weight (1920 params)
✓ Unfrozen: features.norm5.bias (1920 params)
✓ Unfrozen: fc.weight (5760 params)
✓ Unfrozen: fc.bias (3 params)
Total frozen: 0, trainable: 25336579
0 Tue Dec  9 23:22:16 2025 Epoch: 1
