2025-10-21 09:39:33,705 INFO Log directory: outputs/OrganoidsINRIA/swinunetr/2025-10-21-09-39
2025-10-21 09:39:33,708 INFO {'RandFlipd_prob': 0.2,
 'RandRotate90d_prob': 0.2,
 'RandScaleIntensityd_prob': 0.1,
 'RandShiftIntensityd_prob': 0.1,
 'amp': True,
 'batch_size': 8,
 'cache_dataset': False,
 'checkpoint': None,
 'data_dir': '/home/mraffael/martone_project/Organoids_Dataset/',
 'dataset_name': 'OrganoidsINRIA',
 'debug': False,
 'debug_train_samples': 3,
 'debug_val_samples': 3,
 'dist_backend': 'nccl',
 'dist_url': 'tcp://127.0.0.1:23456',
 'distributed': False,
 'dropout_path_rate': 0.0,
 'dropout_rate': 0.0,
 'early_stopping': True,
 'exact_class': True,
 'feature_size': 48,
 'fold': 0,
 'folds': False,
 'gpu': 0,
 'ignore_label': 3,
 'in_channels': 1,
 'infer_overlap': 0.5,
 'k_folds': 5,
 'logdir': 'training',
 'logs_dir': 'logs/',
 'loss_name': 'CombinedLoss',
 'lrschedule': 'warmup_cosine',
 'max_epochs': 150,
 'min_delta_loss': 0.01,
 'min_delta_val': 0.02,
 'model_name': 'swinunetr',
 'momentum': 0.99,
 'noamp': False,
 'norm_name': 'instance',
 'oar_id': 2076527,
 'optim_lr': 0.0001,
 'optim_name': 'adamw',
 'out_channels': 1,
 'output_dir': 'outputs/',
 'patience_loss': 50,
 'patience_val': 15,
 'pretrained_dir': './pretrained_models/fold1_f48_ep300_4gpu_dice0_9059/',
 'pretrained_model_name': 'model_swinvit.pt',
 'rank': 0,
 'reg_weight': 5e-05,
 'resume_ckpt': False,
 'roi_x': 256,
 'roi_y': 256,
 'roi_z': 128,
 'save_checkpoint': True,
 'seed': 304,
 'spatial_dims': 3,
 'split_method': 'balanced',
 'sw_batch_size': 1,
 'telegram_log': True,
 'test_mode': False,
 'token': './token/tlg_token.txt',
 'use_checkpoint': False,
 'val_every': 4,
 'warmup_epochs': 3,
 'workers': 8,
 'world_size': 1}
2025-10-21 09:39:33,708 INFO 
2025-10-21 09:39:34,206 INFO Using GPU: 0
2025-10-21 09:39:34,719 INFO 
2025-10-21 09:39:34,719 INFO Model INFO:
2025-10-21 09:39:34,719 INFO Model architecture: swinunetr
2025-10-21 09:39:34,720 INFO Using pretrained weights
2025-10-21 09:39:34,720 INFO => loaded pretrained model './pretrained_models/fold1_f48_ep300_4gpu_dice0_9059/model_swinvit.pt'
2025-10-21 09:39:34,720 INFO Number of missing keys when loading pretrained weights: 33
2025-10-21 09:39:34,720 INFO Number of unexpected keys when loading pretrained weights: 8
2025-10-21 09:39:34,720 INFO Using SwinUNETR with Single Linear Classification Head
2025-10-21 09:39:34,720 INFO Total parameters count: 39914805
2025-10-21 09:39:34,767 INFO 
2025-10-21 09:39:34,767 INFO Dataset INFO:
2025-10-21 09:39:34,767 INFO Dataset length is: 423
2025-10-21 09:39:34,767 INFO Class 0: 137
2025-10-21 09:39:34,768 INFO Class 1: 43
2025-10-21 09:39:34,768 INFO Class 2: 243
2025-10-21 09:39:34,768 INFO Train class 0: 34 (33.3%)
2025-10-21 09:39:34,768 INFO Train class 1: 34 (33.3%)
2025-10-21 09:39:34,768 INFO Train class 2: 34 (33.3%)
2025-10-21 09:39:34,768 INFO Val class 0: 9 (33.3%)
2025-10-21 09:39:34,768 INFO Val class 1: 9 (33.3%)
2025-10-21 09:39:34,768 INFO Val class 2: 9 (33.3%)
2025-10-21 09:39:34,768 INFO **************************************************
2025-10-21 09:39:34,768 INFO 
2025-10-21 09:39:34,768 INFO Training setting summary:
2025-10-21 09:39:34,768 INFO Using optimizer: adamw with lr=0.0001, weight decay=5e-05
2025-10-21 09:39:34,768 INFO Using LR scheduler: warmup_cosine
2025-10-21 09:39:34,770 INFO Class weights: [ 10.000  10.000  10.000]
2025-10-21 09:39:34,770 INFO Using loss function: CombinedLoss
2025-10-21 09:39:34,773 INFO 
2025-10-21 09:39:34,773 INFO **************************************************
2025-10-21 09:39:34,773 INFO Starting training...
2025-10-21 09:39:34,774 INFO 0 Tue Oct 21 09:39:34 2025 Epoch: 0
2025-10-21 09:42:31,384 INFO Final training  0/149loss: 5.3052time 176.61slr: 0.000000
2025-10-21 09:42:31,846 INFO --------------------------------------------------
2025-10-21 09:42:31,846 INFO 
2025-10-21 09:42:31,846 INFO 0 Tue Oct 21 09:42:31 2025 Epoch: 1
2025-10-21 09:45:25,584 INFO Final training  1/149loss: 5.0482time 173.74slr: 0.000050
2025-10-21 09:45:25,585 INFO --------------------------------------------------
2025-10-21 09:45:25,585 INFO 
2025-10-21 09:45:25,585 INFO 0 Tue Oct 21 09:45:25 2025 Epoch: 2
2025-10-21 09:48:18,378 INFO Final training  2/149loss: 4.5105time 172.79slr: 0.000100
2025-10-21 09:48:18,378 INFO --------------------------------------------------
2025-10-21 09:48:18,378 INFO 
2025-10-21 09:48:18,378 INFO 0 Tue Oct 21 09:48:18 2025 Epoch: 3
2025-10-21 09:51:09,951 INFO Final training  3/149loss: 4.5802time 171.57slr: 0.000100
2025-10-21 09:51:09,955 INFO --------------------------------------------------
2025-10-21 09:51:09,955 INFO 
2025-10-21 09:51:59,750 INFO Final validation stats 3/149, Val_acc: 0.555556, time 49.79s
2025-10-21 09:52:00,227 INFO new best (0.000000 --> 0.555556). 
2025-10-21 09:52:06,290 INFO Copying to model.pt new best model!!!!
2025-10-21 09:52:07,974 INFO --------------------------------------------------
2025-10-21 09:52:07,974 INFO 
2025-10-21 09:52:07,974 INFO 0 Tue Oct 21 09:52:07 2025 Epoch: 4
2025-10-21 09:55:00,653 INFO Final training  4/149loss: 4.5024time 172.68slr: 0.000100
2025-10-21 09:55:00,657 INFO --------------------------------------------------
2025-10-21 09:55:00,657 INFO 
2025-10-21 09:55:00,657 INFO 0 Tue Oct 21 09:55:00 2025 Epoch: 5
2025-10-21 09:57:51,781 INFO Final training  5/149loss: 4.1604time 171.12slr: 0.000100
2025-10-21 09:57:51,787 INFO --------------------------------------------------
2025-10-21 09:57:51,787 INFO 
2025-10-21 09:57:51,787 INFO 0 Tue Oct 21 09:57:51 2025 Epoch: 6
2025-10-21 10:00:45,008 INFO Final training  6/149loss: 4.0414time 173.22slr: 0.000100
2025-10-21 10:00:45,008 INFO --------------------------------------------------
2025-10-21 10:00:45,008 INFO 
2025-10-21 10:00:45,009 INFO 0 Tue Oct 21 10:00:45 2025 Epoch: 7
2025-10-21 10:03:37,914 INFO Final training  7/149loss: 3.9793time 172.91slr: 0.000100
2025-10-21 10:03:37,914 INFO --------------------------------------------------
2025-10-21 10:03:37,914 INFO 
2025-10-21 10:04:27,525 INFO Final validation stats 7/149, Val_acc: 0.629630, time 49.61s
2025-10-21 10:04:28,003 INFO new best (0.555556 --> 0.629630). 
2025-10-21 10:04:34,176 INFO Copying to model.pt new best model!!!!
2025-10-21 10:04:35,850 INFO --------------------------------------------------
2025-10-21 10:04:35,850 INFO 
2025-10-21 10:04:35,851 INFO 0 Tue Oct 21 10:04:35 2025 Epoch: 8
2025-10-21 10:07:28,353 INFO Final training  8/149loss: 3.9391time 172.50slr: 0.000100
2025-10-21 10:07:28,353 INFO --------------------------------------------------
2025-10-21 10:07:28,353 INFO 
2025-10-21 10:07:28,353 INFO 0 Tue Oct 21 10:07:28 2025 Epoch: 9
2025-10-21 10:10:21,420 INFO Final training  9/149loss: 3.9757time 173.07slr: 0.000100
2025-10-21 10:10:21,421 INFO --------------------------------------------------
2025-10-21 10:10:21,421 INFO 
2025-10-21 10:10:21,421 INFO 0 Tue Oct 21 10:10:21 2025 Epoch: 10
2025-10-21 10:13:13,516 INFO Final training  10/149loss: 3.6527time 172.09slr: 0.000099
2025-10-21 10:13:13,964 INFO --------------------------------------------------
2025-10-21 10:13:13,964 INFO 
2025-10-21 10:13:13,964 INFO 0 Tue Oct 21 10:13:13 2025 Epoch: 11
2025-10-21 10:16:07,880 INFO Final training  11/149loss: 3.7863time 173.92slr: 0.000099
2025-10-21 10:16:07,887 INFO --------------------------------------------------
2025-10-21 10:16:07,887 INFO 
2025-10-21 10:16:57,634 INFO Final validation stats 11/149, Val_acc: 0.666667, time 49.75s
2025-10-21 10:16:58,116 INFO new best (0.629630 --> 0.666667). 
2025-10-21 10:17:04,307 INFO Copying to model.pt new best model!!!!
2025-10-21 10:17:06,014 INFO --------------------------------------------------
2025-10-21 10:17:06,014 INFO 
2025-10-21 10:17:06,014 INFO 0 Tue Oct 21 10:17:06 2025 Epoch: 12
2025-10-21 10:19:59,448 INFO Final training  12/149loss: 3.5150time 173.43slr: 0.000099
2025-10-21 10:19:59,448 INFO --------------------------------------------------
2025-10-21 10:19:59,448 INFO 
2025-10-21 10:19:59,448 INFO 0 Tue Oct 21 10:19:59 2025 Epoch: 13
2025-10-21 10:22:53,086 INFO Final training  13/149loss: 3.8089time 173.64slr: 0.000099
2025-10-21 10:22:53,090 INFO --------------------------------------------------
2025-10-21 10:22:53,090 INFO 
2025-10-21 10:22:53,090 INFO 0 Tue Oct 21 10:22:53 2025 Epoch: 14
2025-10-21 10:25:44,843 INFO Final training  14/149loss: 3.5629time 171.75slr: 0.000099
2025-10-21 10:25:44,846 INFO --------------------------------------------------
2025-10-21 10:25:44,846 INFO 
2025-10-21 10:25:44,846 INFO 0 Tue Oct 21 10:25:44 2025 Epoch: 15
2025-10-21 10:28:38,128 INFO Final training  15/149loss: 3.1981time 173.28slr: 0.000098
2025-10-21 10:28:38,134 INFO --------------------------------------------------
2025-10-21 10:28:38,134 INFO 
2025-10-21 10:29:27,724 INFO Final validation stats 15/149, Val_acc: 0.666667, time 49.59s
2025-10-21 10:29:29,869 INFO --------------------------------------------------
2025-10-21 10:29:29,869 INFO 
2025-10-21 10:29:29,870 INFO 0 Tue Oct 21 10:29:29 2025 Epoch: 16
2025-10-21 10:32:20,965 INFO Final training  16/149loss: 3.0048time 171.10slr: 0.000098
2025-10-21 10:32:20,966 INFO --------------------------------------------------
2025-10-21 10:32:20,966 INFO 
2025-10-21 10:32:20,966 INFO 0 Tue Oct 21 10:32:20 2025 Epoch: 17
2025-10-21 10:35:14,678 INFO Final training  17/149loss: 3.3589time 173.71slr: 0.000098
2025-10-21 10:35:14,679 INFO --------------------------------------------------
2025-10-21 10:35:14,679 INFO 
2025-10-21 10:35:14,679 INFO 0 Tue Oct 21 10:35:14 2025 Epoch: 18
2025-10-21 10:38:07,807 INFO Final training  18/149loss: 3.2962time 173.13slr: 0.000097
2025-10-21 10:38:07,808 INFO --------------------------------------------------
2025-10-21 10:38:07,808 INFO 
2025-10-21 10:38:07,808 INFO 0 Tue Oct 21 10:38:07 2025 Epoch: 19
2025-10-21 10:41:00,660 INFO Final training  19/149loss: 2.9762time 172.85slr: 0.000097
2025-10-21 10:41:00,661 INFO --------------------------------------------------
2025-10-21 10:41:00,661 INFO 
2025-10-21 10:41:50,306 INFO Final validation stats 19/149, Val_acc: 0.703704, time 49.65s
2025-10-21 10:41:50,773 INFO new best (0.666667 --> 0.703704). 
2025-10-21 10:41:56,927 INFO Copying to model.pt new best model!!!!
2025-10-21 10:41:58,608 INFO --------------------------------------------------
2025-10-21 10:41:58,609 INFO 
2025-10-21 10:41:58,609 INFO 0 Tue Oct 21 10:41:58 2025 Epoch: 20
2025-10-21 10:44:51,915 INFO Final training  20/149loss: 3.0031time 173.31slr: 0.000097
2025-10-21 10:44:52,387 INFO --------------------------------------------------
2025-10-21 10:44:52,387 INFO 
2025-10-21 10:44:52,387 INFO 0 Tue Oct 21 10:44:52 2025 Epoch: 21
2025-10-21 10:47:46,033 INFO Final training  21/149loss: 2.9012time 173.65slr: 0.000096
2025-10-21 10:47:46,033 INFO --------------------------------------------------
2025-10-21 10:47:46,033 INFO 
2025-10-21 10:47:46,033 INFO 0 Tue Oct 21 10:47:46 2025 Epoch: 22
2025-10-21 10:50:39,875 INFO Final training  22/149loss: 2.7202time 173.84slr: 0.000096
2025-10-21 10:50:39,881 INFO --------------------------------------------------
2025-10-21 10:50:39,881 INFO 
2025-10-21 10:50:39,881 INFO 0 Tue Oct 21 10:50:39 2025 Epoch: 23
2025-10-21 10:53:32,760 INFO Final training  23/149loss: 2.5489time 172.88slr: 0.000096
2025-10-21 10:53:32,764 INFO --------------------------------------------------
2025-10-21 10:53:32,764 INFO 
2025-10-21 10:54:22,438 INFO Final validation stats 23/149, Val_acc: 0.703704, time 49.67s
2025-10-21 10:54:24,592 INFO --------------------------------------------------
2025-10-21 10:54:24,592 INFO 
2025-10-21 10:54:24,592 INFO 0 Tue Oct 21 10:54:24 2025 Epoch: 24
2025-10-21 10:57:17,282 INFO Final training  24/149loss: 2.9999time 172.69slr: 0.000095
2025-10-21 10:57:17,287 INFO --------------------------------------------------
2025-10-21 10:57:17,287 INFO 
2025-10-21 10:57:17,288 INFO 0 Tue Oct 21 10:57:17 2025 Epoch: 25
2025-10-21 11:00:09,416 INFO Final training  25/149loss: 2.8968time 172.13slr: 0.000095
2025-10-21 11:00:09,419 INFO --------------------------------------------------
2025-10-21 11:00:09,419 INFO 
2025-10-21 11:00:09,419 INFO 0 Tue Oct 21 11:00:09 2025 Epoch: 26
2025-10-21 11:03:03,577 INFO Final training  26/149loss: 2.6092time 174.16slr: 0.000094
2025-10-21 11:03:03,584 INFO --------------------------------------------------
2025-10-21 11:03:03,584 INFO 
2025-10-21 11:03:03,584 INFO 0 Tue Oct 21 11:03:03 2025 Epoch: 27
2025-10-21 11:05:54,943 INFO Final training  27/149loss: 2.5216time 171.36slr: 0.000094
2025-10-21 11:05:54,944 INFO --------------------------------------------------
2025-10-21 11:05:54,944 INFO 
2025-10-21 11:06:44,959 INFO Final validation stats 27/149, Val_acc: 0.666667, time 50.01s
2025-10-21 11:06:47,159 INFO --------------------------------------------------
2025-10-21 11:06:47,159 INFO 
2025-10-21 11:06:47,160 INFO 0 Tue Oct 21 11:06:47 2025 Epoch: 28
2025-10-21 11:09:40,153 INFO Final training  28/149loss: 2.5383time 172.99slr: 0.000093
2025-10-21 11:09:40,158 INFO --------------------------------------------------
2025-10-21 11:09:40,158 INFO 
2025-10-21 11:09:40,159 INFO 0 Tue Oct 21 11:09:40 2025 Epoch: 29
2025-10-21 11:12:31,301 INFO Final training  29/149loss: 2.2347time 171.14slr: 0.000092
2025-10-21 11:12:31,307 INFO --------------------------------------------------
2025-10-21 11:12:31,307 INFO 
2025-10-21 11:12:31,307 INFO 0 Tue Oct 21 11:12:31 2025 Epoch: 30
2025-10-21 11:15:22,974 INFO Final training  30/149loss: 2.2787time 171.67slr: 0.000092
2025-10-21 11:15:23,439 INFO --------------------------------------------------
2025-10-21 11:15:23,439 INFO 
2025-10-21 11:15:23,440 INFO 0 Tue Oct 21 11:15:23 2025 Epoch: 31
2025-10-21 11:18:17,422 INFO Final training  31/149loss: 2.3196time 173.98slr: 0.000091
2025-10-21 11:18:17,423 INFO --------------------------------------------------
2025-10-21 11:18:17,423 INFO 
2025-10-21 11:19:07,252 INFO Final validation stats 31/149, Val_acc: 0.629630, time 49.83s
2025-10-21 11:19:09,360 INFO --------------------------------------------------
2025-10-21 11:19:09,360 INFO 
2025-10-21 11:19:09,360 INFO 0 Tue Oct 21 11:19:09 2025 Epoch: 32
2025-10-21 11:22:01,076 INFO Final training  32/149loss: 2.0760time 171.72slr: 0.000091
2025-10-21 11:22:01,076 INFO --------------------------------------------------
2025-10-21 11:22:01,076 INFO 
2025-10-21 11:22:01,076 INFO 0 Tue Oct 21 11:22:01 2025 Epoch: 33
2025-10-21 11:24:52,371 INFO Final training  33/149loss: 1.9505time 171.29slr: 0.000090
2025-10-21 11:24:52,375 INFO --------------------------------------------------
2025-10-21 11:24:52,375 INFO 
2025-10-21 11:24:52,375 INFO 0 Tue Oct 21 11:24:52 2025 Epoch: 34
2025-10-21 11:27:44,946 INFO Final training  34/149loss: 2.0032time 172.57slr: 0.000089
2025-10-21 11:27:44,947 INFO --------------------------------------------------
2025-10-21 11:27:44,947 INFO 
2025-10-21 11:27:44,947 INFO 0 Tue Oct 21 11:27:44 2025 Epoch: 35
2025-10-21 11:30:37,424 INFO Final training  35/149loss: 1.8814time 172.48slr: 0.000089
2025-10-21 11:30:37,428 INFO --------------------------------------------------
2025-10-21 11:30:37,428 INFO 
2025-10-21 11:31:27,024 INFO Final validation stats 35/149, Val_acc: 0.592593, time 49.60s
2025-10-21 11:31:29,188 INFO --------------------------------------------------
2025-10-21 11:31:29,188 INFO 
2025-10-21 11:31:29,189 INFO 0 Tue Oct 21 11:31:29 2025 Epoch: 36
2025-10-21 11:34:22,210 INFO Final training  36/149loss: 2.0364time 173.02slr: 0.000088
2025-10-21 11:34:22,211 INFO --------------------------------------------------
2025-10-21 11:34:22,211 INFO 
2025-10-21 11:34:22,211 INFO 0 Tue Oct 21 11:34:22 2025 Epoch: 37
