2025-12-03 00:15:47,311 INFO Log directory: outputs/OrganoidsINRIA_reduced/swinunetr/2025-12-03-00-15
2025-12-03 00:15:47,313 INFO {'RandFlipd_prob': 0.2,
 'RandRotate90d_prob': 0.2,
 'RandScaleIntensityd_prob': 0.1,
 'RandShiftIntensityd_prob': 0.1,
 'amp': True,
 'augmentation': True,
 'batch_size': 1,
 'cache_dataset': False,
 'checkpoint_path': None,
 'data_dir': '/home/mraffael/martone_project/Organoids_Dataset_256/',
 'dataset_name': 'OrganoidsINRIA_reduced',
 'debug': False,
 'debug_train_samples': 40,
 'debug_val_samples': 10,
 'dist_backend': 'nccl',
 'dist_url': 'tcp://127.0.0.1:23456',
 'distributed': False,
 'dropout_path_rate': 0.0,
 'dropout_rate': 0.0,
 'early_stopping': True,
 'encoder10_pth': '',
 'exact_class': False,
 'feature_size': 48,
 'fold': 0,
 'folds': False,
 'gpu': 0,
 'ignore_label': 3,
 'in_channels': 1,
 'infer_overlap': 0.5,
 'k_folds': 5,
 'logdir': 'test',
 'logs_dir': 'logs/',
 'loss_name': 'CE',
 'lrschedule': 'warmup_cosine',
 'max_epochs': 150,
 'min_delta_loss': 0.001,
 'min_delta_val': 0.01,
 'model_name': 'swinunetr',
 'momentum': 0.99,
 'noamp': False,
 'norm_name': 'instance',
 'oar_id': 2136620,
 'optim_lr': 0.0001,
 'optim_name': 'adamw',
 'out_channels': 1,
 'output_dir': 'outputs/',
 'patch_merging': False,
 'patience_loss': 40,
 'patience_val': 40,
 'pretrained_dir': None,
 'pretrained_model_name': None,
 'rank': 0,
 'reg_weight': 5e-05,
 'restart_T0': 20,
 'resume_ckpt': False,
 'roi_x': 128,
 'roi_y': 128,
 'roi_z': 128,
 'save_checkpoint': True,
 'seed': 3,
 'similarity_loss': '',
 'similarity_loss_weight': 0.0,
 'spatial_dims': 3,
 'split_method': 'stratified',
 'start_epoch': 0,
 'sw_batch_size': 2,
 'telegram_log': True,
 'test_mode': False,
 'token': './token/tlg_token.txt',
 'use_checkpoint': False,
 'val_every': 2,
 'warmup_epochs': 5,
 'workers': 8,
 'world_size': 1}
2025-12-03 00:15:47,313 INFO 
2025-12-03 00:15:47,317 INFO Saved configuration to: outputs/OrganoidsINRIA_reduced/swinunetr/2025-12-03-00-15/config.txt
2025-12-03 00:15:47,934 INFO Using GPU: 0
2025-12-03 00:15:47,934 INFO 
2025-12-03 00:15:47,934 INFO Model INFO:
2025-12-03 00:15:47,934 INFO Model architecture: swinunetr
2025-12-03 00:15:48,315 WARNING Warning: pretrained model not found at 'None'
2025-12-03 00:15:48,315 INFO Using SwinUNETR with Single Linear Classification Head
2025-12-03 00:15:48,317 INFO Total trainable parameters: 39,914,805
2025-12-03 00:15:48,340 INFO 
2025-12-03 00:15:48,340 INFO Optimizer INFO:
2025-12-03 00:15:48,340 INFO Using optimizer: adamw with lr=0.0001, weight_decay=5e-05
2025-12-03 00:15:48,340 INFO 
2025-12-03 00:15:48,340 INFO Dataset INFO:
2025-12-03 00:15:48,376 INFO Dataset length: 721
2025-12-03 00:15:48,376 INFO Class distribution in entire dataset:
2025-12-03 00:15:48,376 INFO   Class 0: 351
2025-12-03 00:15:48,376 INFO   Class 1: 38
2025-12-03 00:15:48,377 INFO   Class 2: 332
2025-12-03 00:15:48,377 INFO 
Using split method: stratified
2025-12-03 00:15:48,386 INFO 
Train set balance:
2025-12-03 00:15:48,387 INFO 
Val set balance:
2025-12-03 00:15:48,387 INFO Training set length: 577
2025-12-03 00:15:48,387 INFO Validation set length: 144
2025-12-03 00:15:48,387 INFO 
Using standard shuffle for training
2025-12-03 00:15:48,387 INFO Training loader: 577 batches
2025-12-03 00:15:48,387 INFO Validation loader: 144 batches
2025-12-03 00:15:48,387 INFO 
Class distribution in training set:
2025-12-03 00:15:48,387 INFO   Class 0: 281 (48.7%)
2025-12-03 00:15:48,387 INFO   Class 1: 30 (5.2%)
2025-12-03 00:15:48,387 INFO   Class 2: 266 (46.1%)
2025-12-03 00:15:48,387 INFO Class distribution in validation set:
2025-12-03 00:15:48,387 INFO   Class 0: 70 (48.6%)
2025-12-03 00:15:48,387 INFO   Class 1: 8 (5.6%)
2025-12-03 00:15:48,387 INFO   Class 2: 66 (45.8%)
2025-12-03 00:15:48,387 INFO **************************************************
2025-12-03 00:15:48,486 INFO Class weights: [ 6.845  64.111  7.231]
2025-12-03 00:15:48,486 INFO 
2025-12-03 00:15:48,486 INFO Test Dataset INFO:
2025-12-03 00:15:48,512 INFO Test Dataset length: 82
2025-12-03 00:15:48,512 INFO Class distribution in test dataset:
2025-12-03 00:15:48,512 INFO   Class 0: 40
2025-12-03 00:15:48,512 INFO   Class 1: 5
2025-12-03 00:15:48,512 INFO   Class 2: 37
2025-12-03 00:15:48,512 INFO Test loader: 82 batches
2025-12-03 00:15:48,512 INFO **************************************************
2025-12-03 00:15:48,512 INFO 
2025-12-03 00:15:48,512 INFO Using loss function: CE
2025-12-03 00:15:48,515 INFO **************************************************
2025-12-03 00:15:48,515 INFO Starting training...
2025-12-03 00:15:48,517 INFO 0 Wed Dec  3 00:15:48 2025 Epoch: 1
2025-12-03 00:26:36,170 INFO Final training 1/150, loss: 1.1345, time 647.65s, lr: 0.000000
Accuracy: 0.487
class                  precision    recall   specificity      f1   support
--------------------------------------------------------------------------
0                          0.487     1.000         0.000   0.655       281
1                          0.000     0.000         1.000   0.000        30
2                          0.000     0.000         1.000   0.000       266
*----------------------------------------*
2025-12-03 00:26:36,595 INFO 0 Wed Dec  3 00:26:36 2025 Epoch: 2
2025-12-03 00:37:12,499 INFO Final training 2/150, loss: 0.6410, time 635.90s, lr: 0.000025
Accuracy: 0.747
class                  precision    recall   specificity      f1   support
--------------------------------------------------------------------------
0                          0.756     0.762         0.767   0.759       281
1                          0.000     0.000         1.000   0.000        30
2                          0.738     0.816         0.752   0.775       266
*----------------------------------------*
2025-12-03 00:38:51,615 INFO Final validation 2/150, Val_acc: 0.7917, time 99.12sAccuracy: 0.792
class                  precision    recall   specificity      f1   support
--------------------------------------------------------------------------
0                          0.800     0.800         0.811   0.800        70
1                          0.000     0.000         1.000   0.000         8
2                          0.784     0.879         0.795   0.829        66
*========================================*
2025-12-03 00:38:51,616 INFO New best (0.000000 --> 0.791667)
2025-12-03 00:38:58,322 INFO Copying best model to best_model.pt
2025-12-03 00:39:02,748 INFO 0 Wed Dec  3 00:39:02 2025 Epoch: 3
2025-12-03 00:49:38,164 INFO Final training 3/150, loss: 0.5558, time 635.42s, lr: 0.000050
Accuracy: 0.797
class                  precision    recall   specificity      f1   support
--------------------------------------------------------------------------
0                          0.799     0.833         0.801   0.815       281
1                          0.000     0.000         1.000   0.000        30
2                          0.796     0.850         0.814   0.822       266
*----------------------------------------*
2025-12-03 00:49:38,164 INFO 0 Wed Dec  3 00:49:38 2025 Epoch: 4
2025-12-03 01:00:14,188 INFO Final training 4/150, loss: 0.5179, time 636.02s, lr: 0.000075
Accuracy: 0.808
class                  precision    recall   specificity      f1   support
--------------------------------------------------------------------------
0                          0.811     0.858         0.811   0.834       281
1                          0.000     0.000         0.998   0.000        30
2                          0.806     0.846         0.826   0.826       266
*----------------------------------------*
2025-12-03 01:01:24,829 INFO Final validation 4/150, Val_acc: 0.8125, time 70.64sAccuracy: 0.812
class                  precision    recall   specificity      f1   support
--------------------------------------------------------------------------
0                          0.742     0.986         0.676   0.847        70
1                          0.000     0.000         1.000   0.000         8
2                          0.941     0.727         0.962   0.821        66
*========================================*
2025-12-03 01:01:24,829 INFO New best (0.791667 --> 0.812500)
2025-12-03 01:01:31,574 INFO Copying best model to best_model.pt
2025-12-03 01:01:36,069 INFO 0 Wed Dec  3 01:01:36 2025 Epoch: 5
2025-12-03 01:12:11,397 INFO Final training 5/150, loss: 0.4803, time 635.33s, lr: 0.000100
Accuracy: 0.809
class                  precision    recall   specificity      f1   support
--------------------------------------------------------------------------
0                          0.807     0.851         0.807   0.828       281
1                          0.000     0.000         0.996   0.000        30
2                          0.817     0.857         0.836   0.837       266
*----------------------------------------*
2025-12-03 01:12:11,398 INFO 0 Wed Dec  3 01:12:11 2025 Epoch: 6
2025-12-03 01:22:46,959 INFO Final training 6/150, loss: 0.4374, time 635.56s, lr: 0.000100
Accuracy: 0.820
class                  precision    recall   specificity      f1   support
--------------------------------------------------------------------------
0                          0.842     0.854         0.848   0.848       281
1                          0.111     0.033         0.985   0.051        30
2                          0.820     0.872         0.836   0.845       266
*----------------------------------------*
2025-12-03 01:23:56,540 INFO Final validation 6/150, Val_acc: 0.7986, time 69.58sAccuracy: 0.799
class                  precision    recall   specificity      f1   support
--------------------------------------------------------------------------
0                          0.734     0.986         0.662   0.841        70
1                          0.000     0.000         0.993   0.000         8
2                          0.939     0.697         0.962   0.800        66
*========================================*
2025-12-03 01:24:01,746 INFO 0 Wed Dec  3 01:24:01 2025 Epoch: 7
2025-12-03 01:34:37,113 INFO Final training 7/150, loss: 0.4410, time 635.37s, lr: 0.000100
Accuracy: 0.830
class                  precision    recall   specificity      f1   support
--------------------------------------------------------------------------
0                          0.847     0.847         0.855   0.847       281
1                          0.500     0.200         0.989   0.286        30
2                          0.827     0.883         0.842   0.855       266
*----------------------------------------*
2025-12-03 01:34:37,113 INFO 0 Wed Dec  3 01:34:37 2025 Epoch: 8
2025-12-03 01:45:12,469 INFO Final training 8/150, loss: 0.4063, time 635.36s, lr: 0.000100
Accuracy: 0.849
class                  precision    recall   specificity      f1   support
--------------------------------------------------------------------------
0                          0.880     0.858         0.889   0.868       281
1                          0.625     0.333         0.989   0.435        30
2                          0.833     0.898         0.846   0.864       266
*----------------------------------------*
2025-12-03 01:46:22,762 INFO Final validation 8/150, Val_acc: 0.8472, time 70.29sAccuracy: 0.847
class                  precision    recall   specificity      f1   support
--------------------------------------------------------------------------
0                          0.838     0.886         0.838   0.861        70
1                          0.000     0.000         1.000   0.000         8
2                          0.857     0.909         0.872   0.882        66
*========================================*
2025-12-03 01:46:22,763 INFO New best (0.812500 --> 0.847222)
2025-12-03 01:46:29,280 INFO Copying best model to best_model.pt
2025-12-03 01:46:34,150 INFO 0 Wed Dec  3 01:46:34 2025 Epoch: 9
2025-12-03 01:57:09,308 INFO Final training 9/150, loss: 0.3927, time 635.16s, lr: 0.000100
Accuracy: 0.851
class                  precision    recall   specificity      f1   support
--------------------------------------------------------------------------
0                          0.871     0.865         0.878   0.868       281
1                          0.625     0.333         0.989   0.435        30
2                          0.844     0.895         0.859   0.869       266
*----------------------------------------*
2025-12-03 01:57:09,309 INFO 0 Wed Dec  3 01:57:09 2025 Epoch: 10
2025-12-03 02:07:44,763 INFO Final training 10/150, loss: 0.3676, time 635.45s, lr: 0.000100
Accuracy: 0.860
class                  precision    recall   specificity      f1   support
--------------------------------------------------------------------------
0                          0.889     0.858         0.899   0.873       281
1                          0.667     0.400         0.989   0.500        30
2                          0.844     0.914         0.855   0.877       266
*----------------------------------------*
2025-12-03 02:08:53,965 INFO Final validation 10/150, Val_acc: 0.8333, time 69.20sAccuracy: 0.833
class                  precision    recall   specificity      f1   support
--------------------------------------------------------------------------
0                          0.818     0.900         0.811   0.857        70
1                          0.500     0.125         0.993   0.200         8
2                          0.862     0.848         0.885   0.855        66
*========================================*
2025-12-03 02:08:59,095 INFO 0 Wed Dec  3 02:08:59 2025 Epoch: 11
2025-12-03 02:19:34,585 INFO Final training 11/150, loss: 0.3824, time 635.49s, lr: 0.000100
Accuracy: 0.856
class                  precision    recall   specificity      f1   support
--------------------------------------------------------------------------
0                          0.881     0.872         0.889   0.877       281
1                          0.562     0.300         0.987   0.391        30
2                          0.848     0.902         0.862   0.874       266
*----------------------------------------*
2025-12-03 02:19:35,049 INFO 0 Wed Dec  3 02:19:35 2025 Epoch: 12
2025-12-03 02:30:10,525 INFO Final training 12/150, loss: 0.3519, time 635.48s, lr: 0.000100
Accuracy: 0.867
class                  precision    recall   specificity      f1   support
--------------------------------------------------------------------------
0                          0.884     0.872         0.892   0.878       281
1                          0.714     0.500         0.989   0.588        30
2                          0.860     0.902         0.875   0.881       266
*----------------------------------------*
2025-12-03 02:31:20,054 INFO Final validation 12/150, Val_acc: 0.8194, time 69.52sAccuracy: 0.819
class                  precision    recall   specificity      f1   support
--------------------------------------------------------------------------
0                          0.930     0.757         0.946   0.835        70
1                          0.500     0.500         0.971   0.500         8
2                          0.772     0.924         0.769   0.841        66
*========================================*
2025-12-03 02:31:25,275 INFO 0 Wed Dec  3 02:31:25 2025 Epoch: 13
2025-12-03 02:42:00,522 INFO Final training 13/150, loss: 0.3501, time 635.25s, lr: 0.000099
Accuracy: 0.875
class                  precision    recall   specificity      f1   support
--------------------------------------------------------------------------
0                          0.914     0.868         0.922   0.891       281
1                          0.783     0.600         0.991   0.679        30
2                          0.847     0.914         0.859   0.879       266
*----------------------------------------*
2025-12-03 02:42:00,522 INFO 0 Wed Dec  3 02:42:00 2025 Epoch: 14
2025-12-03 02:52:36,015 INFO Final training 14/150, loss: 0.3306, time 635.49s, lr: 0.000099
Accuracy: 0.877
class                  precision    recall   specificity      f1   support
--------------------------------------------------------------------------
0                          0.915     0.879         0.922   0.897       281
1                          0.636     0.467         0.985   0.538        30
2                          0.860     0.921         0.871   0.889       266
*----------------------------------------*
2025-12-03 02:53:45,069 INFO Final validation 14/150, Val_acc: 0.8472, time 69.05sAccuracy: 0.847
class                  precision    recall   specificity      f1   support
--------------------------------------------------------------------------
0                          0.881     0.843         0.892   0.861        70
1                          0.500     0.250         0.985   0.333         8
2                          0.836     0.924         0.846   0.878        66
*========================================*
2025-12-03 02:53:50,265 INFO 0 Wed Dec  3 02:53:50 2025 Epoch: 15
2025-12-03 03:04:25,718 INFO Final training 15/150, loss: 0.3122, time 635.45s, lr: 0.000099
Accuracy: 0.877
class                  precision    recall   specificity      f1   support
--------------------------------------------------------------------------
0                          0.912     0.883         0.919   0.897       281
1                          0.737     0.467         0.991   0.571        30
2                          0.853     0.917         0.865   0.884       266
*----------------------------------------*
2025-12-03 03:04:25,718 INFO 0 Wed Dec  3 03:04:25 2025 Epoch: 16
2025-12-03 03:15:01,060 INFO Final training 16/150, loss: 0.3341, time 635.34s, lr: 0.000099
Accuracy: 0.875
class                  precision    recall   specificity      f1   support
--------------------------------------------------------------------------
0                          0.917     0.868         0.926   0.892       281
1                          0.667     0.600         0.984   0.632        30
2                          0.856     0.914         0.868   0.884       266
*----------------------------------------*
2025-12-03 03:16:12,776 INFO Final validation 16/150, Val_acc: 0.8542, time 71.70sAccuracy: 0.854
class                  precision    recall   specificity      f1   support
--------------------------------------------------------------------------
0                          0.861     0.886         0.865   0.873        70
1                          0.667     0.250         0.993   0.364         8
2                          0.855     0.894         0.872   0.874        66
*========================================*
2025-12-03 03:16:12,776 INFO New best (0.847222 --> 0.854167)
2025-12-03 03:16:19,538 INFO Copying best model to best_model.pt
2025-12-03 03:16:24,020 INFO 0 Wed Dec  3 03:16:24 2025 Epoch: 17
2025-12-03 03:26:59,093 INFO Final training 17/150, loss: 0.3035, time 635.07s, lr: 0.000099
Accuracy: 0.886
class                  precision    recall   specificity      f1   support
--------------------------------------------------------------------------
0                          0.922     0.886         0.929   0.904       281
1                          0.708     0.567         0.987   0.630        30
2                          0.866     0.921         0.878   0.893       266
*----------------------------------------*
2025-12-03 03:26:59,093 INFO 0 Wed Dec  3 03:26:59 2025 Epoch: 18
2025-12-03 03:37:34,385 INFO Final training 18/150, loss: 0.2926, time 635.29s, lr: 0.000098
Accuracy: 0.884
class                  precision    recall   specificity      f1   support
--------------------------------------------------------------------------
0                          0.924     0.868         0.932   0.895       281
1                          0.750     0.600         0.989   0.667        30
2                          0.858     0.932         0.868   0.894       266
*----------------------------------------*
2025-12-03 03:38:43,963 INFO Final validation 18/150, Val_acc: 0.8681, time 69.58sAccuracy: 0.868
class                  precision    recall   specificity      f1   support
--------------------------------------------------------------------------
0                          0.875     0.900         0.878   0.887        70
1                          0.600     0.375         0.985   0.462         8
2                          0.881     0.894         0.897   0.887        66
*========================================*
2025-12-03 03:38:43,964 INFO New best (0.854167 --> 0.868056)
2025-12-03 03:38:50,554 INFO Copying best model to best_model.pt
2025-12-03 03:38:55,144 INFO 0 Wed Dec  3 03:38:55 2025 Epoch: 19
2025-12-03 03:49:30,297 INFO Final training 19/150, loss: 0.2675, time 635.15s, lr: 0.000098
Accuracy: 0.910
class                  precision    recall   specificity      f1   support
--------------------------------------------------------------------------
0                          0.931     0.915         0.936   0.923       281
1                          0.778     0.700         0.989   0.737        30
2                          0.901     0.929         0.913   0.915       266
*----------------------------------------*
2025-12-03 03:49:30,298 INFO 0 Wed Dec  3 03:49:30 2025 Epoch: 20
2025-12-03 04:00:05,578 INFO Final training 20/150, loss: 0.2516, time 635.28s, lr: 0.000098
Accuracy: 0.910
class                  precision    recall   specificity      f1   support
--------------------------------------------------------------------------
0                          0.944     0.904         0.949   0.924       281
1                          0.800     0.667         0.991   0.727        30
2                          0.887     0.944         0.897   0.914       266
*----------------------------------------*
2025-12-03 04:01:17,994 INFO Final validation 20/150, Val_acc: 0.8542, time 72.42sAccuracy: 0.854
class                  precision    recall   specificity      f1   support
--------------------------------------------------------------------------
0                          0.871     0.871         0.878   0.871        70
1                          0.400     0.250         0.978   0.308         8
2                          0.870     0.909         0.885   0.889        66
*========================================*
2025-12-03 04:01:23,285 INFO 0 Wed Dec  3 04:01:23 2025 Epoch: 21
2025-12-03 04:11:58,520 INFO Final training 21/150, loss: 0.2547, time 635.23s, lr: 0.000097
Accuracy: 0.908
class                  precision    recall   specificity      f1   support
--------------------------------------------------------------------------
0                          0.944     0.900         0.949   0.922       281
1                          0.714     0.667         0.985   0.690        30
2                          0.893     0.944         0.904   0.918       266
*----------------------------------------*
2025-12-03 04:11:58,944 INFO 0 Wed Dec  3 04:11:58 2025 Epoch: 22
2025-12-03 04:22:34,308 INFO Final training 22/150, loss: 0.2380, time 635.36s, lr: 0.000097
Accuracy: 0.915
class                  precision    recall   specificity      f1   support
--------------------------------------------------------------------------
0                          0.941     0.911         0.946   0.926       281
1                          0.815     0.733         0.991   0.772        30
2                          0.899     0.940         0.910   0.919       266
*----------------------------------------*
2025-12-03 04:23:44,251 INFO Final validation 22/150, Val_acc: 0.8194, time 69.94sAccuracy: 0.819
class                  precision    recall   specificity      f1   support
--------------------------------------------------------------------------
0                          0.816     0.886         0.811   0.849        70
1                          0.500     0.375         0.978   0.429         8
2                          0.855     0.803         0.885   0.828        66
*========================================*
2025-12-03 04:23:49,886 INFO 0 Wed Dec  3 04:23:49 2025 Epoch: 23
2025-12-03 04:34:25,354 INFO Final training 23/150, loss: 0.2639, time 635.47s, lr: 0.000097
Accuracy: 0.899
class                  precision    recall   specificity      f1   support
--------------------------------------------------------------------------
0                          0.943     0.883         0.949   0.912       281
1                          0.750     0.700         0.987   0.724        30
2                          0.874     0.940         0.884   0.906       266
*----------------------------------------*
2025-12-03 04:34:25,355 INFO 0 Wed Dec  3 04:34:25 2025 Epoch: 24
2025-12-03 04:45:00,763 INFO Final training 24/150, loss: 0.2224, time 635.41s, lr: 0.000096
Accuracy: 0.920
class                  precision    recall   specificity      f1   support
--------------------------------------------------------------------------
0                          0.942     0.922         0.946   0.932       281
1                          0.821     0.767         0.991   0.793        30
2                          0.909     0.936         0.920   0.922       266
*----------------------------------------*
2025-12-03 04:46:12,633 INFO Final validation 24/150, Val_acc: 0.8403, time 71.87sAccuracy: 0.840
class                  precision    recall   specificity      f1   support
--------------------------------------------------------------------------
0                          0.812     0.929         0.797   0.867        70
1                          0.600     0.375         0.985   0.462         8
2                          0.898     0.803         0.923   0.848        66
*========================================*
2025-12-03 04:46:17,813 INFO 0 Wed Dec  3 04:46:17 2025 Epoch: 25
2025-12-03 04:56:52,979 INFO Final training 25/150, loss: 0.2052, time 635.17s, lr: 0.000096
Accuracy: 0.913
class                  precision    recall   specificity      f1   support
--------------------------------------------------------------------------
0                          0.941     0.915         0.946   0.928       281
1                          0.800     0.800         0.989   0.800        30
2                          0.898     0.925         0.910   0.911       266
*----------------------------------------*
2025-12-03 04:56:52,979 INFO 0 Wed Dec  3 04:56:52 2025 Epoch: 26
2025-12-03 05:07:28,384 INFO Final training 26/150, loss: 0.2034, time 635.40s, lr: 0.000095
Accuracy: 0.920
class                  precision    recall   specificity      f1   support
--------------------------------------------------------------------------
0                          0.938     0.918         0.943   0.928       281
1                          0.700     0.700         0.984   0.700        30
2                          0.926     0.947         0.936   0.937       266
*----------------------------------------*
2025-12-03 05:08:38,242 INFO Final validation 26/150, Val_acc: 0.8403, time 69.86sAccuracy: 0.840
class                  precision    recall   specificity      f1   support
--------------------------------------------------------------------------
0                          0.891     0.814         0.905   0.851        70
1                          0.500     0.250         0.985   0.333         8
2                          0.816     0.939         0.821   0.873        66
*========================================*
2025-12-03 05:08:43,441 INFO 0 Wed Dec  3 05:08:43 2025 Epoch: 27
2025-12-03 05:19:18,677 INFO Final training 27/150, loss: 0.1793, time 635.24s, lr: 0.000095
Accuracy: 0.932
class                  precision    recall   specificity      f1   support
--------------------------------------------------------------------------
0                          0.949     0.925         0.953   0.937       281
1                          0.917     0.733         0.996   0.815        30
2                          0.918     0.962         0.926   0.939       266
*----------------------------------------*
2025-12-03 05:19:18,677 INFO 0 Wed Dec  3 05:19:18 2025 Epoch: 28
2025-12-03 05:29:53,756 INFO Final training 28/150, loss: 0.1724, time 635.08s, lr: 0.000094
Accuracy: 0.945
class                  precision    recall   specificity      f1   support
--------------------------------------------------------------------------
0                          0.971     0.943         0.973   0.957       281
1                          0.750     0.800         0.985   0.774        30
2                          0.941     0.962         0.949   0.952       266
*----------------------------------------*
2025-12-03 05:31:06,268 INFO Final validation 28/150, Val_acc: 0.8750, time 72.51sAccuracy: 0.875
class                  precision    recall   specificity      f1   support
--------------------------------------------------------------------------
0                          0.910     0.871         0.919   0.891        70
1                          0.600     0.375         0.985   0.462         8
2                          0.861     0.939         0.872   0.899        66
*========================================*
2025-12-03 05:31:06,268 INFO New best (0.868056 --> 0.875000)
2025-12-03 05:31:12,843 INFO Copying best model to best_model.pt
2025-12-03 05:31:17,415 INFO 0 Wed Dec  3 05:31:17 2025 Epoch: 29
2025-12-03 05:41:52,524 INFO Final training 29/150, loss: 0.1387, time 635.11s, lr: 0.000094
Accuracy: 0.946
class                  precision    recall   specificity      f1   support
--------------------------------------------------------------------------
0                          0.967     0.943         0.970   0.955       281
1                          0.800     0.800         0.989   0.800        30
2                          0.941     0.966         0.949   0.954       266
*----------------------------------------*
2025-12-03 05:41:52,524 INFO 0 Wed Dec  3 05:41:52 2025 Epoch: 30
2025-12-03 05:52:27,778 INFO Final training 30/150, loss: 0.1719, time 635.25s, lr: 0.000093
Accuracy: 0.950
class                  precision    recall   specificity      f1   support
--------------------------------------------------------------------------
0                          0.967     0.950         0.970   0.959       281
1                          0.923     0.800         0.996   0.857        30
2                          0.935     0.966         0.942   0.950       266
*----------------------------------------*
2025-12-03 05:53:37,070 INFO Final validation 30/150, Val_acc: 0.8403, time 69.29sAccuracy: 0.840
class                  precision    recall   specificity      f1   support
--------------------------------------------------------------------------
0                          0.836     0.871         0.838   0.853        70
1                          0.500     0.125         0.993   0.200         8
2                          0.855     0.894         0.872   0.874        66
*========================================*
2025-12-03 05:53:42,192 INFO 0 Wed Dec  3 05:53:42 2025 Epoch: 31
2025-12-03 06:04:17,552 INFO Final training 31/150, loss: 0.1401, time 635.36s, lr: 0.000093
Accuracy: 0.953
class                  precision    recall   specificity      f1   support
--------------------------------------------------------------------------
0                          0.964     0.957         0.966   0.961       281
1                          0.786     0.733         0.989   0.759        30
2                          0.959     0.974         0.965   0.966       266
*----------------------------------------*
2025-12-03 06:04:18,014 INFO 0 Wed Dec  3 06:04:18 2025 Epoch: 32
2025-12-03 06:14:53,251 INFO Final training 32/150, loss: 0.1439, time 635.24s, lr: 0.000092
Accuracy: 0.948
class                  precision    recall   specificity      f1   support
--------------------------------------------------------------------------
0                          0.964     0.954         0.966   0.959       281
1                          0.815     0.733         0.991   0.772        30
2                          0.945     0.966         0.952   0.955       266
*----------------------------------------*
2025-12-03 06:16:05,447 INFO Final validation 32/150, Val_acc: 0.8333, time 72.20sAccuracy: 0.833
class                  precision    recall   specificity      f1   support
--------------------------------------------------------------------------
0                          0.947     0.771         0.959   0.850        70
1                          0.500     0.375         0.978   0.429         8
2                          0.778     0.955         0.769   0.857        66
*========================================*
2025-12-03 06:16:10,667 INFO 0 Wed Dec  3 06:16:10 2025 Epoch: 33
2025-12-03 06:26:45,791 INFO Final training 33/150, loss: 0.1437, time 635.12s, lr: 0.000092
Accuracy: 0.943
class                  precision    recall   specificity      f1   support
--------------------------------------------------------------------------
0                          0.967     0.947         0.970   0.957       281
1                          0.815     0.733         0.991   0.772        30
2                          0.931     0.962         0.939   0.946       266
*----------------------------------------*
2025-12-03 06:26:45,791 INFO 0 Wed Dec  3 06:26:45 2025 Epoch: 34
2025-12-03 06:37:21,049 INFO Final training 34/150, loss: 0.1089, time 635.26s, lr: 0.000091
Accuracy: 0.969
class                  precision    recall   specificity      f1   support
--------------------------------------------------------------------------
0                          0.985     0.961         0.986   0.973       281
1                          0.933     0.933         0.996   0.933        30
2                          0.956     0.981         0.961   0.968       266
*----------------------------------------*
2025-12-03 06:38:31,568 INFO Final validation 34/150, Val_acc: 0.8542, time 70.52sAccuracy: 0.854
class                  precision    recall   specificity      f1   support
--------------------------------------------------------------------------
0                          0.884     0.871         0.892   0.878        70
1                          0.500     0.375         0.978   0.429         8
2                          0.855     0.894         0.872   0.874        66
*========================================*
2025-12-03 06:38:36,790 INFO 0 Wed Dec  3 06:38:36 2025 Epoch: 35
2025-12-03 06:49:11,878 INFO Final training 35/150, loss: 0.1081, time 635.09s, lr: 0.000090
Accuracy: 0.957
class                  precision    recall   specificity      f1   support
--------------------------------------------------------------------------
0                          0.965     0.968         0.966   0.966       281
1                          0.857     0.800         0.993   0.828        30
2                          0.959     0.962         0.965   0.961       266
*----------------------------------------*
2025-12-03 06:49:11,878 INFO 0 Wed Dec  3 06:49:11 2025 Epoch: 36
2025-12-03 06:59:47,131 INFO Final training 36/150, loss: 0.0780, time 635.25s, lr: 0.000090
Accuracy: 0.972
class                  precision    recall   specificity      f1   support
--------------------------------------------------------------------------
0                          0.979     0.982         0.980   0.980       281
1                          0.839     0.867         0.991   0.852        30
2                          0.981     0.974         0.984   0.977       266
*----------------------------------------*
2025-12-03 07:00:57,746 INFO Final validation 36/150, Val_acc: 0.8750, time 70.61sAccuracy: 0.875
class                  precision    recall   specificity      f1   support
--------------------------------------------------------------------------
0                          0.889     0.914         0.892   0.901        70
1                          0.444     0.500         0.963   0.471         8
2                          0.921     0.879         0.936   0.899        66
*========================================*
2025-12-03 07:01:03,383 INFO 0 Wed Dec  3 07:01:03 2025 Epoch: 37
2025-12-03 07:11:38,656 INFO Final training 37/150, loss: 0.0382, time 635.27s, lr: 0.000089
Accuracy: 0.997
class                  precision    recall   specificity      f1   support
--------------------------------------------------------------------------
0                          0.996     0.996         0.997   0.996       281
1                          1.000     0.967         1.000   0.983        30
2                          0.996     1.000         0.997   0.998       266
*----------------------------------------*
2025-12-03 07:11:38,657 INFO 0 Wed Dec  3 07:11:38 2025 Epoch: 38
2025-12-03 07:22:13,812 INFO Final training 38/150, loss: 0.0795, time 635.16s, lr: 0.000088
Accuracy: 0.974
class                  precision    recall   specificity      f1   support
--------------------------------------------------------------------------
0                          0.979     0.979         0.980   0.979       281
1                          0.906     0.967         0.995   0.935        30
2                          0.977     0.970         0.981   0.974       266
*----------------------------------------*
2025-12-03 07:23:24,982 INFO Final validation 38/150, Val_acc: 0.8472, time 71.17sAccuracy: 0.847
class                  precision    recall   specificity      f1   support
--------------------------------------------------------------------------
0                          0.932     0.786         0.946   0.853        70
1                          0.600     0.375         0.985   0.462         8
2                          0.800     0.970         0.795   0.877        66
*========================================*
2025-12-03 07:23:30,218 INFO 0 Wed Dec  3 07:23:30 2025 Epoch: 39
2025-12-03 07:34:05,413 INFO Final training 39/150, loss: 0.1439, time 635.19s, lr: 0.000088
Accuracy: 0.946
class                  precision    recall   specificity      f1   support
--------------------------------------------------------------------------
0                          0.967     0.936         0.970   0.951       281
1                          0.893     0.833         0.995   0.862        30
2                          0.931     0.970         0.939   0.950       266
*----------------------------------------*
2025-12-03 07:34:05,414 INFO 0 Wed Dec  3 07:34:05 2025 Epoch: 40
2025-12-03 07:44:40,731 INFO Final training 40/150, loss: 0.0587, time 635.32s, lr: 0.000087
Accuracy: 0.981
class                  precision    recall   specificity      f1   support
--------------------------------------------------------------------------
0                          0.996     0.982         0.997   0.989       281
1                          0.900     0.900         0.995   0.900        30
2                          0.974     0.989         0.977   0.981       266
*----------------------------------------*
2025-12-03 07:45:50,672 INFO Final validation 40/150, Val_acc: 0.8403, time 69.94sAccuracy: 0.840
class                  precision    recall   specificity      f1   support
--------------------------------------------------------------------------
0                          0.859     0.871         0.865   0.865        70
1                          0.571     0.500         0.978   0.533         8
2                          0.848     0.848         0.872   0.848        66
*========================================*
2025-12-03 07:45:55,877 INFO 0 Wed Dec  3 07:45:55 2025 Epoch: 41
2025-12-03 07:56:31,094 INFO Final training 41/150, loss: 0.0598, time 635.22s, lr: 0.000086
Accuracy: 0.979
class                  precision    recall   specificity      f1   support
--------------------------------------------------------------------------
0                          0.986     0.979         0.986   0.982       281
1                          0.931     0.900         0.996   0.915        30
2                          0.978     0.989         0.981   0.983       266
*----------------------------------------*
2025-12-03 07:56:31,571 INFO 0 Wed Dec  3 07:56:31 2025 Epoch: 42
2025-12-03 08:07:06,699 INFO Final training 42/150, loss: 0.0529, time 635.13s, lr: 0.000086
Accuracy: 0.977
class                  precision    recall   specificity      f1   support
--------------------------------------------------------------------------
0                          0.986     0.979         0.986   0.982       281
1                          0.933     0.933         0.996   0.933        30
2                          0.974     0.981         0.977   0.978       266
*----------------------------------------*
2025-12-03 08:08:16,092 INFO Final validation 42/150, Val_acc: 0.8750, time 69.39sAccuracy: 0.875
class                  precision    recall   specificity      f1   support
--------------------------------------------------------------------------
0                          0.937     0.843         0.946   0.887        70
1                          0.667     0.500         0.985   0.571         8
2                          0.840     0.955         0.846   0.894        66
*========================================*
2025-12-03 08:08:21,374 INFO 0 Wed Dec  3 08:08:21 2025 Epoch: 43
2025-12-03 08:18:56,578 INFO Final training 43/150, loss: 0.0705, time 635.20s, lr: 0.000085
Accuracy: 0.971
class                  precision    recall   specificity      f1   support
--------------------------------------------------------------------------
0                          0.979     0.979         0.980   0.979       281
1                          0.871     0.900         0.993   0.885        30
2                          0.974     0.970         0.977   0.972       266
*----------------------------------------*
2025-12-03 08:18:56,579 INFO 0 Wed Dec  3 08:18:56 2025 Epoch: 44
2025-12-03 08:29:31,701 INFO Final training 44/150, loss: 0.0254, time 635.12s, lr: 0.000084
Accuracy: 0.993
class                  precision    recall   specificity      f1   support
--------------------------------------------------------------------------
0                          1.000     0.989         1.000   0.995       281
1                          0.967     0.967         0.998   0.967        30
2                          0.989     1.000         0.990   0.994       266
*----------------------------------------*
2025-12-03 08:30:42,734 INFO Final validation 44/150, Val_acc: 0.8889, time 71.03sAccuracy: 0.889
class                  precision    recall   specificity      f1   support
--------------------------------------------------------------------------
0                          0.912     0.886         0.919   0.899        70
1                          0.667     0.500         0.985   0.571         8
2                          0.886     0.939         0.897   0.912        66
*========================================*
2025-12-03 08:30:42,734 INFO New best (0.875000 --> 0.888889)
2025-12-03 08:30:50,036 INFO Copying best model to best_model.pt
2025-12-03 08:30:54,608 INFO 0 Wed Dec  3 08:30:54 2025 Epoch: 45
2025-12-03 08:41:29,479 INFO Final training 45/150, loss: 0.0198, time 634.87s, lr: 0.000083
Accuracy: 0.997
class                  precision    recall   specificity      f1   support
--------------------------------------------------------------------------
0                          1.000     0.996         1.000   0.998       281
1                          1.000     0.967         1.000   0.983        30
2                          0.993     1.000         0.994   0.996       266
*----------------------------------------*
2025-12-03 08:41:29,480 INFO 0 Wed Dec  3 08:41:29 2025 Epoch: 46
2025-12-03 08:52:04,632 INFO Final training 46/150, loss: 0.0092, time 635.15s, lr: 0.000082
Accuracy: 0.998
class                  precision    recall   specificity      f1   support
--------------------------------------------------------------------------
0                          1.000     0.996         1.000   0.998       281
1                          0.968     1.000         0.998   0.984        30
2                          1.000     1.000         1.000   1.000       266
*----------------------------------------*
2025-12-03 08:53:14,628 INFO Final validation 46/150, Val_acc: 0.8472, time 69.99sAccuracy: 0.847
class                  precision    recall   specificity      f1   support
--------------------------------------------------------------------------
0                          0.805     0.943         0.784   0.868        70
1                          0.333     0.125         0.985   0.182         8
2                          0.932     0.833         0.949   0.880        66
*========================================*
2025-12-03 08:53:19,863 INFO 0 Wed Dec  3 08:53:19 2025 Epoch: 47
2025-12-03 09:03:55,285 INFO Final training 47/150, loss: 0.1789, time 635.42s, lr: 0.000082
Accuracy: 0.939
class                  precision    recall   specificity      f1   support
--------------------------------------------------------------------------
0                          0.961     0.954         0.963   0.957       281
1                          0.750     0.700         0.987   0.724        30
2                          0.937     0.951         0.945   0.944       266
*----------------------------------------*
2025-12-03 09:03:55,285 INFO 0 Wed Dec  3 09:03:55 2025 Epoch: 48
2025-12-03 09:14:30,595 INFO Final training 48/150, loss: 0.0371, time 635.31s, lr: 0.000081
Accuracy: 0.988
class                  precision    recall   specificity      f1   support
--------------------------------------------------------------------------
0                          0.996     0.989         0.997   0.993       281
1                          0.966     0.933         0.998   0.949        30
2                          0.981     0.992         0.984   0.987       266
*----------------------------------------*
2025-12-03 09:15:41,143 INFO Final validation 48/150, Val_acc: 0.8611, time 70.53sAccuracy: 0.861
class                  precision    recall   specificity      f1   support
--------------------------------------------------------------------------
0                          0.922     0.843         0.932   0.881        70
1                          0.556     0.625         0.971   0.588         8
2                          0.845     0.909         0.859   0.876        66
*========================================*
2025-12-03 09:15:46,382 INFO 0 Wed Dec  3 09:15:46 2025 Epoch: 49
2025-12-03 09:26:21,628 INFO Final training 49/150, loss: 0.0190, time 635.25s, lr: 0.000080
Accuracy: 0.997
class                  precision    recall   specificity      f1   support
--------------------------------------------------------------------------
0                          1.000     0.996         1.000   0.998       281
1                          0.967     0.967         0.998   0.967        30
2                          0.996     1.000         0.997   0.998       266
*----------------------------------------*
2025-12-03 09:26:21,628 INFO 0 Wed Dec  3 09:26:21 2025 Epoch: 50
2025-12-03 09:36:57,119 INFO Final training 50/150, loss: 0.0071, time 635.49s, lr: 0.000079
Accuracy: 1.000
class                  precision    recall   specificity      f1   support
--------------------------------------------------------------------------
0                          1.000     1.000         1.000   1.000       281
1                          1.000     1.000         1.000   1.000        30
2                          1.000     1.000         1.000   1.000       266
*----------------------------------------*
2025-12-03 09:38:08,530 INFO Final validation 50/150, Val_acc: 0.8819, time 71.41sAccuracy: 0.882
class                  precision    recall   specificity      f1   support
--------------------------------------------------------------------------
0                          0.900     0.900         0.905   0.900        70
1                          0.571     0.500         0.978   0.533         8
2                          0.896     0.909         0.910   0.902        66
*========================================*
2025-12-03 09:38:13,877 INFO 0 Wed Dec  3 09:38:13 2025 Epoch: 51
2025-12-03 09:48:49,155 INFO Final training 51/150, loss: 0.0113, time 635.28s, lr: 0.000078
Accuracy: 0.997
class                  precision    recall   specificity      f1   support
--------------------------------------------------------------------------
0                          0.996     0.996         0.997   0.996       281
1                          0.967     0.967         0.998   0.967        30
2                          1.000     1.000         1.000   1.000       266
*----------------------------------------*
2025-12-03 09:48:49,578 INFO 0 Wed Dec  3 09:48:49 2025 Epoch: 52
2025-12-03 09:59:24,943 INFO Final training 52/150, loss: 0.0037, time 635.37s, lr: 0.000077
Accuracy: 1.000
class                  precision    recall   specificity      f1   support
--------------------------------------------------------------------------
0                          1.000     1.000         1.000   1.000       281
1                          1.000     1.000         1.000   1.000        30
2                          1.000     1.000         1.000   1.000       266
*----------------------------------------*
2025-12-03 10:00:34,371 INFO Final validation 52/150, Val_acc: 0.8819, time 69.43sAccuracy: 0.882
class                  precision    recall   specificity      f1   support
--------------------------------------------------------------------------
0                          0.913     0.900         0.919   0.906        70
1                          0.571     0.500         0.978   0.533         8
2                          0.882     0.909         0.897   0.896        66
*========================================*
2025-12-03 10:00:40,171 INFO 0 Wed Dec  3 10:00:40 2025 Epoch: 53
2025-12-03 10:11:15,654 INFO Final training 53/150, loss: 0.0025, time 635.48s, lr: 0.000076
Accuracy: 1.000
class                  precision    recall   specificity      f1   support
--------------------------------------------------------------------------
0                          1.000     1.000         1.000   1.000       281
1                          1.000     1.000         1.000   1.000        30
2                          1.000     1.000         1.000   1.000       266
*----------------------------------------*
2025-12-03 10:11:15,655 INFO 0 Wed Dec  3 10:11:15 2025 Epoch: 54
2025-12-03 10:21:51,184 INFO Final training 54/150, loss: 0.0019, time 635.53s, lr: 0.000075
Accuracy: 1.000
class                  precision    recall   specificity      f1   support
--------------------------------------------------------------------------
0                          1.000     1.000         1.000   1.000       281
1                          1.000     1.000         1.000   1.000        30
2                          1.000     1.000         1.000   1.000       266
*----------------------------------------*
2025-12-03 10:23:01,152 INFO Final validation 54/150, Val_acc: 0.8750, time 69.97sAccuracy: 0.875
class                  precision    recall   specificity      f1   support
--------------------------------------------------------------------------
0                          0.924     0.871         0.932   0.897        70
1                          0.571     0.500         0.978   0.533         8
2                          0.859     0.924         0.872   0.891        66
*========================================*
2025-12-03 10:23:06,449 INFO 0 Wed Dec  3 10:23:06 2025 Epoch: 55
2025-12-03 10:33:41,801 INFO Final training 55/150, loss: 0.0010, time 635.35s, lr: 0.000074
Accuracy: 1.000
class                  precision    recall   specificity      f1   support
--------------------------------------------------------------------------
0                          1.000     1.000         1.000   1.000       281
1                          1.000     1.000         1.000   1.000        30
2                          1.000     1.000         1.000   1.000       266
*----------------------------------------*
2025-12-03 10:33:41,809 INFO 0 Wed Dec  3 10:33:41 2025 Epoch: 56
2025-12-03 10:44:17,507 INFO Final training 56/150, loss: 0.0008, time 635.70s, lr: 0.000073
Accuracy: 1.000
class                  precision    recall   specificity      f1   support
--------------------------------------------------------------------------
0                          1.000     1.000         1.000   1.000       281
1                          1.000     1.000         1.000   1.000        30
2                          1.000     1.000         1.000   1.000       266
*----------------------------------------*
2025-12-03 10:45:27,609 INFO Final validation 56/150, Val_acc: 0.8958, time 70.10sAccuracy: 0.896
class                  precision    recall   specificity      f1   support
--------------------------------------------------------------------------
0                          0.926     0.900         0.932   0.913        70
1                          0.600     0.375         0.985   0.462         8
2                          0.887     0.955         0.897   0.920        66
*========================================*
2025-12-03 10:45:27,609 INFO New best (0.888889 --> 0.895833)
2025-12-03 10:45:34,134 INFO Copying best model to best_model.pt
2025-12-03 10:45:38,606 INFO 0 Wed Dec  3 10:45:38 2025 Epoch: 57
2025-12-03 10:56:13,957 INFO Final training 57/150, loss: 0.0009, time 635.35s, lr: 0.000072
Accuracy: 1.000
class                  precision    recall   specificity      f1   support
--------------------------------------------------------------------------
0                          1.000     1.000         1.000   1.000       281
1                          1.000     1.000         1.000   1.000        30
2                          1.000     1.000         1.000   1.000       266
*----------------------------------------*
2025-12-03 10:56:13,968 INFO 0 Wed Dec  3 10:56:13 2025 Epoch: 58
2025-12-03 11:06:49,259 INFO Final training 58/150, loss: 0.1818, time 635.29s, lr: 0.000071
Accuracy: 0.948
class                  precision    recall   specificity      f1   support
--------------------------------------------------------------------------
0                          0.957     0.954         0.959   0.955       281
1                          0.862     0.833         0.993   0.847        30
2                          0.948     0.955         0.955   0.951       266
*----------------------------------------*
2025-12-03 11:07:58,464 INFO Final validation 58/150, Val_acc: 0.8472, time 69.20sAccuracy: 0.847
class                  precision    recall   specificity      f1   support
--------------------------------------------------------------------------
0                          0.842     0.914         0.838   0.877        70
1                          0.500     0.375         0.978   0.429         8
2                          0.887     0.833         0.910   0.859        66
*========================================*
2025-12-03 11:08:05,592 INFO 0 Wed Dec  3 11:08:05 2025 Epoch: 59
2025-12-03 11:18:41,090 INFO Final training 59/150, loss: 0.1504, time 635.50s, lr: 0.000071
Accuracy: 0.953
class                  precision    recall   specificity      f1   support
--------------------------------------------------------------------------
0                          0.968     0.957         0.970   0.962       281
1                          0.839     0.867         0.991   0.852        30
2                          0.951     0.959         0.958   0.955       266
*----------------------------------------*
2025-12-03 11:18:41,091 INFO 0 Wed Dec  3 11:18:41 2025 Epoch: 60
2025-12-03 11:29:16,397 INFO Final training 60/150, loss: 0.0290, time 635.31s, lr: 0.000070
Accuracy: 0.993
class                  precision    recall   specificity      f1   support
--------------------------------------------------------------------------
0                          1.000     0.989         1.000   0.995       281
1                          1.000     0.967         1.000   0.983        30
2                          0.985     1.000         0.987   0.993       266
*----------------------------------------*
2025-12-03 11:30:27,122 INFO Final validation 60/150, Val_acc: 0.8750, time 70.73sAccuracy: 0.875
class                  precision    recall   specificity      f1   support
--------------------------------------------------------------------------
0                          0.912     0.886         0.919   0.899        70
1                          0.500     0.375         0.978   0.429         8
2                          0.871     0.924         0.885   0.897        66
*========================================*
2025-12-03 11:30:32,585 INFO 0 Wed Dec  3 11:30:32 2025 Epoch: 61
2025-12-03 11:41:08,182 INFO Final training 61/150, loss: 0.0793, time 635.60s, lr: 0.000069
Accuracy: 0.976
class                  precision    recall   specificity      f1   support
--------------------------------------------------------------------------
0                          0.979     0.982         0.980   0.980       281
1                          0.931     0.900         0.996   0.915        30
2                          0.977     0.977         0.981   0.977       266
*----------------------------------------*
2025-12-03 11:41:08,727 INFO 0 Wed Dec  3 11:41:08 2025 Epoch: 62
2025-12-03 11:51:44,235 INFO Final training 62/150, loss: 0.0076, time 635.51s, lr: 0.000067
Accuracy: 1.000
class                  precision    recall   specificity      f1   support
--------------------------------------------------------------------------
0                          1.000     1.000         1.000   1.000       281
1                          1.000     1.000         1.000   1.000        30
2                          1.000     1.000         1.000   1.000       266
*----------------------------------------*
2025-12-03 11:52:55,134 INFO Final validation 62/150, Val_acc: 0.8819, time 70.90sAccuracy: 0.882
class                  precision    recall   specificity      f1   support
--------------------------------------------------------------------------
0                          0.890     0.929         0.892   0.909        70
1                          0.500     0.375         0.978   0.429         8
2                          0.908     0.894         0.923   0.901        66
*========================================*
2025-12-03 11:53:00,696 INFO 0 Wed Dec  3 11:53:00 2025 Epoch: 63
2025-12-03 12:03:36,317 INFO Final training 63/150, loss: 0.0040, time 635.62s, lr: 0.000066
Accuracy: 1.000
class                  precision    recall   specificity      f1   support
--------------------------------------------------------------------------
0                          1.000     1.000         1.000   1.000       281
1                          1.000     1.000         1.000   1.000        30
2                          1.000     1.000         1.000   1.000       266
*----------------------------------------*
2025-12-03 12:03:36,317 INFO 0 Wed Dec  3 12:03:36 2025 Epoch: 64
2025-12-03 12:14:11,818 INFO Final training 64/150, loss: 0.0025, time 635.50s, lr: 0.000065
Accuracy: 1.000
class                  precision    recall   specificity      f1   support
--------------------------------------------------------------------------
0                          1.000     1.000         1.000   1.000       281
1                          1.000     1.000         1.000   1.000        30
2                          1.000     1.000         1.000   1.000       266
*----------------------------------------*
2025-12-03 12:15:23,279 INFO Final validation 64/150, Val_acc: 0.8819, time 71.46sAccuracy: 0.882
class                  precision    recall   specificity      f1   support
--------------------------------------------------------------------------
0                          0.890     0.929         0.892   0.909        70
1                          0.500     0.375         0.978   0.429         8
2                          0.908     0.894         0.923   0.901        66
*========================================*
2025-12-03 12:15:28,537 INFO 0 Wed Dec  3 12:15:28 2025 Epoch: 65
2025-12-03 12:26:03,999 INFO Final training 65/150, loss: 0.0017, time 635.46s, lr: 0.000064
Accuracy: 1.000
class                  precision    recall   specificity      f1   support
--------------------------------------------------------------------------
0                          1.000     1.000         1.000   1.000       281
1                          1.000     1.000         1.000   1.000        30
2                          1.000     1.000         1.000   1.000       266
*----------------------------------------*
2025-12-03 12:26:03,999 INFO 0 Wed Dec  3 12:26:03 2025 Epoch: 66
2025-12-03 12:36:39,545 INFO Final training 66/150, loss: 0.0013, time 635.55s, lr: 0.000063
Accuracy: 1.000
class                  precision    recall   specificity      f1   support
--------------------------------------------------------------------------
0                          1.000     1.000         1.000   1.000       281
1                          1.000     1.000         1.000   1.000        30
2                          1.000     1.000         1.000   1.000       266
*----------------------------------------*
2025-12-03 12:37:50,721 INFO Final validation 66/150, Val_acc: 0.8750, time 71.18sAccuracy: 0.875
class                  precision    recall   specificity      f1   support
--------------------------------------------------------------------------
0                          0.889     0.914         0.892   0.901        70
1                          0.500     0.375         0.978   0.429         8
2                          0.894     0.894         0.910   0.894        66
*========================================*
2025-12-03 12:37:56,157 INFO 0 Wed Dec  3 12:37:56 2025 Epoch: 67
2025-12-03 12:48:31,579 INFO Final training 67/150, loss: 0.0010, time 635.42s, lr: 0.000062
Accuracy: 1.000
class                  precision    recall   specificity      f1   support
--------------------------------------------------------------------------
0                          1.000     1.000         1.000   1.000       281
1                          1.000     1.000         1.000   1.000        30
2                          1.000     1.000         1.000   1.000       266
*----------------------------------------*
2025-12-03 12:48:31,579 INFO 0 Wed Dec  3 12:48:31 2025 Epoch: 68
2025-12-03 12:59:06,958 INFO Final training 68/150, loss: 0.0008, time 635.38s, lr: 0.000061
Accuracy: 1.000
class                  precision    recall   specificity      f1   support
--------------------------------------------------------------------------
0                          1.000     1.000         1.000   1.000       281
1                          1.000     1.000         1.000   1.000        30
2                          1.000     1.000         1.000   1.000       266
*----------------------------------------*
2025-12-03 13:00:17,591 INFO Final validation 68/150, Val_acc: 0.8819, time 70.63sAccuracy: 0.882
class                  precision    recall   specificity      f1   support
--------------------------------------------------------------------------
0                          0.901     0.914         0.905   0.908        70
1                          0.500     0.375         0.978   0.429         8
2                          0.896     0.909         0.910   0.902        66
*========================================*
2025-12-03 13:00:23,170 INFO 0 Wed Dec  3 13:00:23 2025 Epoch: 69
2025-12-03 13:10:58,813 INFO Final training 69/150, loss: 0.0006, time 635.64s, lr: 0.000060
Accuracy: 1.000
class                  precision    recall   specificity      f1   support
--------------------------------------------------------------------------
0                          1.000     1.000         1.000   1.000       281
1                          1.000     1.000         1.000   1.000        30
2                          1.000     1.000         1.000   1.000       266
*----------------------------------------*
2025-12-03 13:10:58,813 INFO 0 Wed Dec  3 13:10:58 2025 Epoch: 70
2025-12-03 13:21:34,160 INFO Final training 70/150, loss: 0.0004, time 635.35s, lr: 0.000059
Accuracy: 1.000
class                  precision    recall   specificity      f1   support
--------------------------------------------------------------------------
0                          1.000     1.000         1.000   1.000       281
1                          1.000     1.000         1.000   1.000        30
2                          1.000     1.000         1.000   1.000       266
*----------------------------------------*
2025-12-03 13:22:43,719 INFO Final validation 70/150, Val_acc: 0.8750, time 69.55sAccuracy: 0.875
class                  precision    recall   specificity      f1   support
--------------------------------------------------------------------------
0                          0.900     0.900         0.905   0.900        70
1                          0.500     0.375         0.978   0.429         8
2                          0.882     0.909         0.897   0.896        66
*========================================*
2025-12-03 13:22:48,907 INFO 0 Wed Dec  3 13:22:48 2025 Epoch: 71
2025-12-03 13:33:24,472 INFO Final training 71/150, loss: 0.0004, time 635.57s, lr: 0.000058
Accuracy: 1.000
class                  precision    recall   specificity      f1   support
--------------------------------------------------------------------------
0                          1.000     1.000         1.000   1.000       281
1                          1.000     1.000         1.000   1.000        30
2                          1.000     1.000         1.000   1.000       266
*----------------------------------------*
2025-12-03 13:33:24,914 INFO 0 Wed Dec  3 13:33:24 2025 Epoch: 72
2025-12-03 13:44:00,283 INFO Final training 72/150, loss: 0.0011, time 635.37s, lr: 0.000057
Accuracy: 1.000
class                  precision    recall   specificity      f1   support
--------------------------------------------------------------------------
0                          1.000     1.000         1.000   1.000       281
1                          1.000     1.000         1.000   1.000        30
2                          1.000     1.000         1.000   1.000       266
*----------------------------------------*
2025-12-03 13:45:09,637 INFO Final validation 72/150, Val_acc: 0.8889, time 69.35sAccuracy: 0.889
class                  precision    recall   specificity      f1   support
--------------------------------------------------------------------------
0                          0.953     0.871         0.959   0.910        70
1                          0.571     0.500         0.978   0.533         8
2                          0.863     0.955         0.872   0.906        66
*========================================*
2025-12-03 13:45:15,838 INFO 0 Wed Dec  3 13:45:15 2025 Epoch: 73
2025-12-03 13:55:51,376 INFO Final training 73/150, loss: 0.3317, time 635.54s, lr: 0.000056
Accuracy: 0.901
class                  precision    recall   specificity      f1   support
--------------------------------------------------------------------------
0                          0.951     0.900         0.956   0.925       281
1                          0.640     0.533         0.984   0.582        30
2                          0.878     0.944         0.887   0.909       266
*----------------------------------------*
2025-12-03 13:55:51,376 INFO 0 Wed Dec  3 13:55:51 2025 Epoch: 74
2025-12-03 14:06:27,089 INFO Final training 74/150, loss: 0.1703, time 635.71s, lr: 0.000055
Accuracy: 0.946
class                  precision    recall   specificity      f1   support
--------------------------------------------------------------------------
0                          0.974     0.940         0.976   0.957       281
1                          0.852     0.767         0.993   0.807        30
2                          0.928     0.974         0.936   0.950       266
*----------------------------------------*
2025-12-03 14:07:36,931 INFO Final validation 74/150, Val_acc: 0.8889, time 69.84sAccuracy: 0.889
class                  precision    recall   specificity      f1   support
--------------------------------------------------------------------------
0                          0.938     0.871         0.946   0.904        70
1                          0.667     0.500         0.985   0.571         8
2                          0.863     0.955         0.872   0.906        66
*========================================*
2025-12-03 14:07:42,252 INFO 0 Wed Dec  3 14:07:42 2025 Epoch: 75
2025-12-03 14:18:17,539 INFO Final training 75/150, loss: 0.0848, time 635.29s, lr: 0.000054
Accuracy: 0.971
class                  precision    recall   specificity      f1   support
--------------------------------------------------------------------------
0                          0.978     0.972         0.980   0.975       281
1                          0.903     0.933         0.995   0.918        30
2                          0.970     0.974         0.974   0.972       266
*----------------------------------------*
2025-12-03 14:18:17,540 INFO 0 Wed Dec  3 14:18:17 2025 Epoch: 76
2025-12-03 14:28:53,612 INFO Final training 76/150, loss: 0.0350, time 636.07s, lr: 0.000053
Accuracy: 0.988
class                  precision    recall   specificity      f1   support
--------------------------------------------------------------------------
0                          0.993     0.989         0.993   0.991       281
1                          1.000     0.933         1.000   0.966        30
2                          0.981     0.992         0.984   0.987       266
*----------------------------------------*
2025-12-03 14:30:02,999 INFO Final validation 76/150, Val_acc: 0.8681, time 69.39sAccuracy: 0.868
class                  precision    recall   specificity      f1   support
--------------------------------------------------------------------------
0                          0.887     0.900         0.892   0.894        70
1                          0.500     0.375         0.978   0.429         8
2                          0.881     0.894         0.897   0.887        66
*========================================*
2025-12-03 14:30:10,277 INFO 0 Wed Dec  3 14:30:10 2025 Epoch: 77
2025-12-03 14:40:45,692 INFO Final training 77/150, loss: 0.0171, time 635.41s, lr: 0.000052
Accuracy: 0.995
class                  precision    recall   specificity      f1   support
--------------------------------------------------------------------------
0                          1.000     0.996         1.000   0.998       281
1                          1.000     0.933         1.000   0.966        30
2                          0.989     1.000         0.990   0.994       266
*----------------------------------------*
2025-12-03 14:40:45,692 INFO 0 Wed Dec  3 14:40:45 2025 Epoch: 78
2025-12-03 14:51:20,913 INFO Final training 78/150, loss: 0.0187, time 635.22s, lr: 0.000051
Accuracy: 0.995
class                  precision    recall   specificity      f1   support
--------------------------------------------------------------------------
0                          0.996     0.996         0.997   0.996       281
1                          0.967     0.967         0.998   0.967        30
2                          0.996     0.996         0.997   0.996       266
*----------------------------------------*
2025-12-03 14:52:31,072 INFO Final validation 78/150, Val_acc: 0.8750, time 70.16sAccuracy: 0.875
class                  precision    recall   specificity      f1   support
--------------------------------------------------------------------------
0                          0.887     0.900         0.892   0.894        70
1                          0.500     0.375         0.978   0.429         8
2                          0.896     0.909         0.910   0.902        66
*========================================*
2025-12-03 14:52:37,750 INFO 0 Wed Dec  3 14:52:37 2025 Epoch: 79
2025-12-03 15:03:13,167 INFO Final training 79/150, loss: 0.0364, time 635.42s, lr: 0.000049
Accuracy: 0.988
class                  precision    recall   specificity      f1   support
--------------------------------------------------------------------------
0                          0.989     0.986         0.990   0.988       281
1                          0.968     1.000         0.998   0.984        30
2                          0.989     0.989         0.990   0.989       266
*----------------------------------------*
2025-12-03 15:03:13,167 INFO 0 Wed Dec  3 15:03:13 2025 Epoch: 80
2025-12-03 15:13:48,410 INFO Final training 80/150, loss: 0.0200, time 635.24s, lr: 0.000048
Accuracy: 0.993
class                  precision    recall   specificity      f1   support
--------------------------------------------------------------------------
0                          0.996     0.993         0.997   0.995       281
1                          0.967     0.967         0.998   0.967        30
2                          0.993     0.996         0.994   0.994       266
*----------------------------------------*
2025-12-03 15:14:57,947 INFO Final validation 80/150, Val_acc: 0.8889, time 69.54sAccuracy: 0.889
class                  precision    recall   specificity      f1   support
--------------------------------------------------------------------------
0                          0.913     0.900         0.919   0.906        70
1                          0.625     0.625         0.978   0.625         8
2                          0.896     0.909         0.910   0.902        66
*========================================*
2025-12-03 15:15:03,144 INFO 0 Wed Dec  3 15:15:03 2025 Epoch: 81
2025-12-03 15:25:38,352 INFO Final training 81/150, loss: 0.0046, time 635.21s, lr: 0.000047
Accuracy: 1.000
class                  precision    recall   specificity      f1   support
--------------------------------------------------------------------------
0                          1.000     1.000         1.000   1.000       281
1                          1.000     1.000         1.000   1.000        30
2                          1.000     1.000         1.000   1.000       266
*----------------------------------------*
2025-12-03 15:25:38,810 INFO 0 Wed Dec  3 15:25:38 2025 Epoch: 82
2025-12-03 15:36:14,149 INFO Final training 82/150, loss: 0.0019, time 635.34s, lr: 0.000046
Accuracy: 1.000
class                  precision    recall   specificity      f1   support
--------------------------------------------------------------------------
0                          1.000     1.000         1.000   1.000       281
1                          1.000     1.000         1.000   1.000        30
2                          1.000     1.000         1.000   1.000       266
*----------------------------------------*
2025-12-03 15:37:23,821 INFO Final validation 82/150, Val_acc: 0.8889, time 69.67sAccuracy: 0.889
class                  precision    recall   specificity      f1   support
--------------------------------------------------------------------------
0                          0.913     0.900         0.919   0.906        70
1                          0.556     0.625         0.971   0.588         8
2                          0.909     0.909         0.923   0.909        66
*========================================*
2025-12-03 15:37:29,027 INFO 0 Wed Dec  3 15:37:29 2025 Epoch: 83
2025-12-03 15:48:04,128 INFO Final training 83/150, loss: 0.0011, time 635.10s, lr: 0.000045
Accuracy: 1.000
class                  precision    recall   specificity      f1   support
--------------------------------------------------------------------------
0                          1.000     1.000         1.000   1.000       281
1                          1.000     1.000         1.000   1.000        30
2                          1.000     1.000         1.000   1.000       266
*----------------------------------------*
2025-12-03 15:48:04,128 INFO 0 Wed Dec  3 15:48:04 2025 Epoch: 84
2025-12-03 15:58:39,800 INFO Final training 84/150, loss: 0.0008, time 635.67s, lr: 0.000044
Accuracy: 1.000
class                  precision    recall   specificity      f1   support
--------------------------------------------------------------------------
0                          1.000     1.000         1.000   1.000       281
1                          1.000     1.000         1.000   1.000        30
2                          1.000     1.000         1.000   1.000       266
*----------------------------------------*
2025-12-03 15:59:49,070 INFO Final validation 84/150, Val_acc: 0.8889, time 69.27sAccuracy: 0.889
class                  precision    recall   specificity      f1   support
--------------------------------------------------------------------------
0                          0.913     0.900         0.919   0.906        70
1                          0.556     0.625         0.971   0.588         8
2                          0.909     0.909         0.923   0.909        66
*========================================*
2025-12-03 15:59:54,299 INFO 0 Wed Dec  3 15:59:54 2025 Epoch: 85
2025-12-03 16:10:29,732 INFO Final training 85/150, loss: 0.0007, time 635.43s, lr: 0.000043
Accuracy: 1.000
class                  precision    recall   specificity      f1   support
--------------------------------------------------------------------------
0                          1.000     1.000         1.000   1.000       281
1                          1.000     1.000         1.000   1.000        30
2                          1.000     1.000         1.000   1.000       266
*----------------------------------------*
2025-12-03 16:10:29,733 INFO 0 Wed Dec  3 16:10:29 2025 Epoch: 86
2025-12-03 16:21:04,963 INFO Final training 86/150, loss: 0.0005, time 635.23s, lr: 0.000042
Accuracy: 1.000
class                  precision    recall   specificity      f1   support
--------------------------------------------------------------------------
0                          1.000     1.000         1.000   1.000       281
1                          1.000     1.000         1.000   1.000        30
2                          1.000     1.000         1.000   1.000       266
*----------------------------------------*
2025-12-03 16:22:13,968 INFO Final validation 86/150, Val_acc: 0.8889, time 69.00sAccuracy: 0.889
class                  precision    recall   specificity      f1   support
--------------------------------------------------------------------------
0                          0.913     0.900         0.919   0.906        70
1                          0.556     0.625         0.971   0.588         8
2                          0.909     0.909         0.923   0.909        66
*========================================*
2025-12-03 16:22:20,069 INFO 0 Wed Dec  3 16:22:20 2025 Epoch: 87
2025-12-03 16:32:55,520 INFO Final training 87/150, loss: 0.0004, time 635.45s, lr: 0.000041
Accuracy: 1.000
class                  precision    recall   specificity      f1   support
--------------------------------------------------------------------------
0                          1.000     1.000         1.000   1.000       281
1                          1.000     1.000         1.000   1.000        30
2                          1.000     1.000         1.000   1.000       266
*----------------------------------------*
2025-12-03 16:32:55,520 INFO 0 Wed Dec  3 16:32:55 2025 Epoch: 88
2025-12-03 16:43:30,928 INFO Final training 88/150, loss: 0.0003, time 635.41s, lr: 0.000040
Accuracy: 1.000
class                  precision    recall   specificity      f1   support
--------------------------------------------------------------------------
0                          1.000     1.000         1.000   1.000       281
1                          1.000     1.000         1.000   1.000        30
2                          1.000     1.000         1.000   1.000       266
*----------------------------------------*
2025-12-03 16:44:41,751 INFO Final validation 88/150, Val_acc: 0.9028, time 70.82sAccuracy: 0.903
class                  precision    recall   specificity      f1   support
--------------------------------------------------------------------------
0                          0.940     0.900         0.946   0.920        70
1                          0.556     0.625         0.971   0.588         8
2                          0.912     0.939         0.923   0.925        66
*========================================*
2025-12-03 16:44:41,752 INFO New best (0.895833 --> 0.902778)
2025-12-03 16:44:49,020 INFO Copying best model to best_model.pt
2025-12-03 16:44:53,566 INFO 0 Wed Dec  3 16:44:53 2025 Epoch: 89
2025-12-03 16:55:28,874 INFO Final training 89/150, loss: 0.0002, time 635.31s, lr: 0.000039
Accuracy: 1.000
class                  precision    recall   specificity      f1   support
--------------------------------------------------------------------------
0                          1.000     1.000         1.000   1.000       281
1                          1.000     1.000         1.000   1.000        30
2                          1.000     1.000         1.000   1.000       266
*----------------------------------------*
2025-12-03 16:55:28,874 INFO 0 Wed Dec  3 16:55:28 2025 Epoch: 90
2025-12-03 17:06:04,051 INFO Final training 90/150, loss: 0.0002, time 635.18s, lr: 0.000038
Accuracy: 1.000
class                  precision    recall   specificity      f1   support
--------------------------------------------------------------------------
0                          1.000     1.000         1.000   1.000       281
1                          1.000     1.000         1.000   1.000        30
2                          1.000     1.000         1.000   1.000       266
*----------------------------------------*
2025-12-03 17:07:13,667 INFO Final validation 90/150, Val_acc: 0.9028, time 69.61sAccuracy: 0.903
class                  precision    recall   specificity      f1   support
--------------------------------------------------------------------------
0                          0.940     0.900         0.946   0.920        70
1                          0.556     0.625         0.971   0.588         8
2                          0.912     0.939         0.923   0.925        66
*========================================*
2025-12-03 17:07:18,944 INFO 0 Wed Dec  3 17:07:18 2025 Epoch: 91
2025-12-03 17:17:54,431 INFO Final training 91/150, loss: 0.0002, time 635.49s, lr: 0.000037
Accuracy: 1.000
class                  precision    recall   specificity      f1   support
--------------------------------------------------------------------------
0                          1.000     1.000         1.000   1.000       281
1                          1.000     1.000         1.000   1.000        30
2                          1.000     1.000         1.000   1.000       266
*----------------------------------------*
2025-12-03 17:17:54,897 INFO 0 Wed Dec  3 17:17:54 2025 Epoch: 92
2025-12-03 17:28:30,351 INFO Final training 92/150, loss: 0.0001, time 635.45s, lr: 0.000036
Accuracy: 1.000
class                  precision    recall   specificity      f1   support
--------------------------------------------------------------------------
0                          1.000     1.000         1.000   1.000       281
1                          1.000     1.000         1.000   1.000        30
2                          1.000     1.000         1.000   1.000       266
*----------------------------------------*
2025-12-03 17:29:39,837 INFO Final validation 92/150, Val_acc: 0.8819, time 69.49sAccuracy: 0.882
class                  precision    recall   specificity      f1   support
--------------------------------------------------------------------------
0                          0.912     0.886         0.919   0.899        70
1                          0.429     0.375         0.971   0.400         8
2                          0.899     0.939         0.910   0.919        66
*========================================*
2025-12-03 17:29:45,067 INFO 0 Wed Dec  3 17:29:45 2025 Epoch: 93
2025-12-03 17:40:20,619 INFO Final training 93/150, loss: 0.0001, time 635.55s, lr: 0.000035
Accuracy: 1.000
class                  precision    recall   specificity      f1   support
--------------------------------------------------------------------------
0                          1.000     1.000         1.000   1.000       281
1                          1.000     1.000         1.000   1.000        30
2                          1.000     1.000         1.000   1.000       266
*----------------------------------------*
2025-12-03 17:40:20,621 INFO 0 Wed Dec  3 17:40:20 2025 Epoch: 94
2025-12-03 17:50:56,359 INFO Final training 94/150, loss: 0.0001, time 635.74s, lr: 0.000034
Accuracy: 1.000
class                  precision    recall   specificity      f1   support
--------------------------------------------------------------------------
0                          1.000     1.000         1.000   1.000       281
1                          1.000     1.000         1.000   1.000        30
2                          1.000     1.000         1.000   1.000       266
*----------------------------------------*
2025-12-03 17:52:05,750 INFO Final validation 94/150, Val_acc: 0.8819, time 69.39sAccuracy: 0.882
class                  precision    recall   specificity      f1   support
--------------------------------------------------------------------------
0                          0.912     0.886         0.919   0.899        70
1                          0.429     0.375         0.971   0.400         8
2                          0.899     0.939         0.910   0.919        66
*========================================*
2025-12-03 17:52:10,968 INFO 0 Wed Dec  3 17:52:10 2025 Epoch: 95
2025-12-03 18:02:46,294 INFO Final training 95/150, loss: 0.0001, time 635.33s, lr: 0.000033
Accuracy: 1.000
class                  precision    recall   specificity      f1   support
--------------------------------------------------------------------------
0                          1.000     1.000         1.000   1.000       281
1                          1.000     1.000         1.000   1.000        30
2                          1.000     1.000         1.000   1.000       266
*----------------------------------------*
2025-12-03 18:02:46,295 INFO 0 Wed Dec  3 18:02:46 2025 Epoch: 96
2025-12-03 18:13:21,691 INFO Final training 96/150, loss: 0.0000, time 635.40s, lr: 0.000031
Accuracy: 1.000
class                  precision    recall   specificity      f1   support
--------------------------------------------------------------------------
0                          1.000     1.000         1.000   1.000       281
1                          1.000     1.000         1.000   1.000        30
2                          1.000     1.000         1.000   1.000       266
*----------------------------------------*
2025-12-03 18:14:30,994 INFO Final validation 96/150, Val_acc: 0.8819, time 69.30sAccuracy: 0.882
class                  precision    recall   specificity      f1   support
--------------------------------------------------------------------------
0                          0.912     0.886         0.919   0.899        70
1                          0.429     0.375         0.971   0.400         8
2                          0.899     0.939         0.910   0.919        66
*========================================*
2025-12-03 18:14:37,962 INFO 0 Wed Dec  3 18:14:37 2025 Epoch: 97
2025-12-03 18:25:13,295 INFO Final training 97/150, loss: 0.0000, time 635.33s, lr: 0.000030
Accuracy: 1.000
class                  precision    recall   specificity      f1   support
--------------------------------------------------------------------------
0                          1.000     1.000         1.000   1.000       281
1                          1.000     1.000         1.000   1.000        30
2                          1.000     1.000         1.000   1.000       266
*----------------------------------------*
2025-12-03 18:25:13,296 INFO 0 Wed Dec  3 18:25:13 2025 Epoch: 98
2025-12-03 18:35:48,587 INFO Final training 98/150, loss: 0.0000, time 635.29s, lr: 0.000029
Accuracy: 1.000
class                  precision    recall   specificity      f1   support
--------------------------------------------------------------------------
0                          1.000     1.000         1.000   1.000       281
1                          1.000     1.000         1.000   1.000        30
2                          1.000     1.000         1.000   1.000       266
*----------------------------------------*
2025-12-03 18:36:57,827 INFO Final validation 98/150, Val_acc: 0.8819, time 69.24sAccuracy: 0.882
class                  precision    recall   specificity      f1   support
--------------------------------------------------------------------------
0                          0.912     0.886         0.919   0.899        70
1                          0.429     0.375         0.971   0.400         8
2                          0.899     0.939         0.910   0.919        66
*========================================*
2025-12-03 18:37:03,022 INFO [EarlyStopping] Stopping Validation for loss at epoch 98
2025-12-03 18:37:03,426 INFO Training Finished! Best Accuracy: 0.9028
2025-12-03 18:37:03,426 INFO ====================================================================================================
2025-12-03 18:37:03,426 INFO 
2025-12-03 18:37:16,892 INFO => loading checkpoint 'outputs/OrganoidsINRIA_reduced/swinunetr/2025-12-03-00-15/training/best_model.pt'
2025-12-03 18:37:17,013 INFO Loaded 130 keys from checkpoint
2025-12-03 18:37:54,575 INFO Final testing , Test_acc: 0.9024, time 37.54sAccuracy: 0.902
class                  precision    recall   specificity      f1   support
--------------------------------------------------------------------------
0                          0.973     0.900         0.976   0.935        40
1                          0.667     0.400         0.987   0.500         5
2                          0.857     0.973         0.867   0.911        37
*========================================*
2025-12-03 18:37:55,078 INFO Testing Finished! Best Accuracy: 0.9024
2025-12-03 18:37:55,078 INFO ====================================================================================================
2025-12-03 18:37:58,628 INFO Total time spent: 18 hours 22 minutes 10 seconds
2025-12-03 18:37:58,628 INFO 
2025-12-03 18:37:58,628 INFO Final Results Summary:
2025-12-03 18:37:58,628 INFO | TrainLoss | TrainAcc | ValAccMax | W_TrainF1 | W_TrainPrecision | W_TrainRecall | W_TrainSpecificity | TestAcc | W_TestF1 | W_TestPrecision | W_TestRecall | W_TestSpecificity |
2025-12-03 18:37:58,628 INFO | 0.0000 | 1.0000 | 0.9028 | 0.9039 | 0.9058 | 0.9028 | 0.9368 | 0.9024 | 0.8979 | 0.9020 | 0.9024 | 0.9274 |
