2025-11-15 13:20:45,637 INFO Log directory: outputs/OrganoidsINRIA_reduced/swinunetr/2025-11-15-13-20
2025-11-15 13:20:45,639 INFO {'RandFlipd_prob': 0.2,
 'RandRotate90d_prob': 0.2,
 'RandScaleIntensityd_prob': 0.1,
 'RandShiftIntensityd_prob': 0.1,
 'amp': True,
 'augmentation': True,
 'batch_size': 6,
 'cache_dataset': False,
 'checkpoint_path': None,
 'data_dir': '/home/mraffael/martone_project/Organoids_Dataset_256/',
 'dataset_name': 'OrganoidsINRIA_reduced',
 'debug': False,
 'debug_train_samples': 40,
 'debug_val_samples': 10,
 'dist_backend': 'nccl',
 'dist_url': 'tcp://127.0.0.1:23456',
 'distributed': False,
 'dropout_path_rate': 0.0,
 'dropout_rate': 0.0,
 'early_stopping': True,
 'encoder10_pth': '',
 'exact_class': False,
 'feature_size': 48,
 'fold': 0,
 'folds': False,
 'gpu': 0,
 'ignore_label': 3,
 'in_channels': 1,
 'infer_overlap': 0.5,
 'k_folds': 5,
 'logdir': 'test',
 'logs_dir': 'logs/',
 'loss_name': 'CE',
 'lrschedule': 'warmup_cosine',
 'max_epochs': 150,
 'min_delta_loss': 0.001,
 'min_delta_val': 0.01,
 'model_name': 'swinunetr',
 'momentum': 0.99,
 'noamp': False,
 'norm_name': 'instance',
 'oar_id': 2120519,
 'optim_lr': 0.0006,
 'optim_name': 'adamw',
 'out_channels': 1,
 'output_dir': 'outputs/',
 'patch_merging': True,
 'patience_loss': 40,
 'patience_val': 40,
 'pretrained_dir': './pretrained_models/fold1_f48_ep300_4gpu_dice0_9059/',
 'pretrained_model_name': 'model_swinvit.pt',
 'rank': 0,
 'reg_weight': 5e-05,
 'restart_T0': 20,
 'resume_ckpt': False,
 'roi_x': 128,
 'roi_y': 128,
 'roi_z': 128,
 'save_checkpoint': True,
 'seed': 3,
 'similarity_loss': '',
 'similarity_loss_weight': 0.0,
 'spatial_dims': 3,
 'split_method': 'stratified',
 'start_epoch': 0,
 'sw_batch_size': 8,
 'telegram_log': True,
 'test_mode': False,
 'token': './token/tlg_token.txt',
 'use_checkpoint': False,
 'val_every': 2,
 'warmup_epochs': 5,
 'workers': 8,
 'world_size': 1}
2025-11-15 13:20:45,639 INFO 
2025-11-15 13:20:45,644 INFO Saved configuration to: outputs/OrganoidsINRIA_reduced/swinunetr/2025-11-15-13-20/config.txt
2025-11-15 13:20:46,335 INFO Using GPU: 0
2025-11-15 13:20:46,335 INFO 
2025-11-15 13:20:46,335 INFO Model INFO:
2025-11-15 13:20:46,335 INFO Model architecture: swinunetr
2025-11-15 13:20:46,740 INFO Using pretrained weights
2025-11-15 13:20:46,740 INFO => loading pretrained model './pretrained_models/fold1_f48_ep300_4gpu_dice0_9059/model_swinvit.pt'
2025-11-15 13:20:51,103 INFO Missing keys when loading pretrained: 33
2025-11-15 13:20:51,103 INFO Unexpected keys when loading pretrained: 8
2025-11-15 13:20:51,105 INFO Using SwinUNETR with Single Linear Classification Head
2025-11-15 13:20:51,107 INFO Total trainable parameters: 39,914,805
2025-11-15 13:20:51,126 INFO 
2025-11-15 13:20:51,126 INFO Optimizer INFO:
2025-11-15 13:20:51,127 INFO Using optimizer: adamw with lr=0.0006, weight_decay=5e-05
2025-11-15 13:20:51,127 INFO 
2025-11-15 13:20:51,127 INFO Dataset INFO:
2025-11-15 13:20:51,178 INFO Dataset length: 721
2025-11-15 13:20:51,178 INFO Class distribution in entire dataset:
2025-11-15 13:20:51,178 INFO   Class 0: 351
2025-11-15 13:20:51,178 INFO   Class 1: 38
2025-11-15 13:20:51,178 INFO   Class 2: 332
2025-11-15 13:20:51,178 INFO 
Using split method: stratified
2025-11-15 13:20:51,189 INFO 
Train set balance:
2025-11-15 13:20:51,189 INFO 
Val set balance:
2025-11-15 13:20:51,189 INFO Training set length: 577
2025-11-15 13:20:51,189 INFO Validation set length: 144
2025-11-15 13:20:51,189 INFO 
Using standard shuffle for training
2025-11-15 13:20:51,189 INFO Training loader: 96 batches
2025-11-15 13:20:51,189 INFO Validation loader: 24 batches
2025-11-15 13:20:51,189 INFO 
Class distribution in training set:
2025-11-15 13:20:51,189 INFO   Class 0: 281 (48.7%)
2025-11-15 13:20:51,189 INFO   Class 1: 30 (5.2%)
2025-11-15 13:20:51,189 INFO   Class 2: 266 (46.1%)
2025-11-15 13:20:51,189 INFO Class distribution in validation set:
2025-11-15 13:20:51,189 INFO   Class 0: 70 (48.6%)
2025-11-15 13:20:51,189 INFO   Class 1: 8 (5.6%)
2025-11-15 13:20:51,189 INFO   Class 2: 66 (45.8%)
2025-11-15 13:20:51,189 INFO **************************************************
2025-11-15 13:20:51,309 INFO Class weights: [ 6.845  64.111  7.231]
2025-11-15 13:20:51,309 INFO 
2025-11-15 13:20:51,309 INFO Test Dataset INFO:
2025-11-15 13:20:51,317 INFO Test Dataset length: 82
2025-11-15 13:20:51,317 INFO Class distribution in test dataset:
2025-11-15 13:20:51,317 INFO   Class 0: 40
2025-11-15 13:20:51,317 INFO   Class 1: 5
2025-11-15 13:20:51,317 INFO   Class 2: 37
2025-11-15 13:20:51,317 INFO Test loader: 14 batches
2025-11-15 13:20:51,317 INFO **************************************************
2025-11-15 13:20:51,317 INFO 
2025-11-15 13:20:51,317 INFO Using loss function: CE
2025-11-15 13:20:51,321 INFO **************************************************
2025-11-15 13:20:51,321 INFO Starting training...
2025-11-15 13:20:51,324 INFO 0 Sat Nov 15 13:20:51 2025 Epoch: 1
2025-11-15 13:31:16,977 INFO Final training 1/150, loss: 1.0584, time 625.65s, lr: 0.000000
Accuracy: 0.462
class                  precision    recall   specificity      f1   support
--------------------------------------------------------------------------
0                          0.000     0.000         1.000   0.000       280
1                          0.000     0.000         1.000   0.000        30
2                          0.462     1.000         0.000   0.632       266
*----------------------------------------*
2025-11-15 13:31:17,454 INFO 0 Sat Nov 15 13:31:17 2025 Epoch: 2
2025-11-15 13:41:23,844 INFO Final training 2/150, loss: 0.9608, time 606.39s, lr: 0.000150
Accuracy: 0.615
class                  precision    recall   specificity      f1   support
--------------------------------------------------------------------------
0                          0.665     0.594         0.715   0.628       281
1                          0.073     0.100         0.930   0.085        30
2                          0.648     0.694         0.678   0.670       265
*----------------------------------------*
2025-11-15 13:43:45,303 INFO Final validation 2/150, Val_acc: 0.6090, time 141.37sAccuracy: 0.674
class                  precision    recall   specificity      f1   support
--------------------------------------------------------------------------
0                          0.633     0.814         0.554   0.713        70
1                          0.000     0.000         1.000   0.000         8
2                          0.741     0.606         0.821   0.667        66
*========================================*
2025-11-15 13:43:45,304 INFO New best (0.000000 --> 0.609028)
2025-11-15 13:43:51,451 INFO Copying best model to best_model.pt
2025-11-15 13:43:55,626 INFO 0 Sat Nov 15 13:43:55 2025 Epoch: 3
2025-11-15 13:54:03,891 INFO Final training 3/150, loss: 0.9265, time 608.26s, lr: 0.000300
Accuracy: 0.630
class                  precision    recall   specificity      f1   support
--------------------------------------------------------------------------
0                          0.665     0.616         0.705   0.640       281
1                          0.077     0.133         0.912   0.098        30
2                          0.705     0.702         0.749   0.703       265
*----------------------------------------*
2025-11-15 13:54:03,891 INFO 0 Sat Nov 15 13:54:03 2025 Epoch: 4
2025-11-15 14:04:12,331 INFO Final training 4/150, loss: 0.8358, time 608.44s, lr: 0.000450
Accuracy: 0.660
class                  precision    recall   specificity      f1   support
--------------------------------------------------------------------------
0                          0.699     0.644         0.736   0.670       281
1                          0.087     0.133         0.923   0.105        30
2                          0.720     0.736         0.756   0.728       265
*----------------------------------------*
2025-11-15 14:06:34,016 INFO Final validation 4/150, Val_acc: 0.6420, time 141.69sAccuracy: 0.715
class                  precision    recall   specificity      f1   support
--------------------------------------------------------------------------
0                          0.670     0.843         0.608   0.747        70
1                          0.000     0.000         1.000   0.000         8
2                          0.786     0.667         0.846   0.721        66
*========================================*
2025-11-15 14:06:34,017 INFO New best (0.609028 --> 0.642014)
2025-11-15 14:06:40,478 INFO Copying best model to best_model.pt
2025-11-15 14:06:44,737 INFO 0 Sat Nov 15 14:06:44 2025 Epoch: 5
2025-11-15 14:16:48,709 INFO Final training 5/150, loss: 0.8088, time 603.97s, lr: 0.000600
Accuracy: 0.656
class                  precision    recall   specificity      f1   support
--------------------------------------------------------------------------
0                          0.702     0.662         0.732   0.681       281
1                          0.196     0.333         0.925   0.247        30
2                          0.700     0.687         0.749   0.693       265
*----------------------------------------*
2025-11-15 14:16:48,709 INFO 0 Sat Nov 15 14:16:48 2025 Epoch: 6
2025-11-15 14:26:52,943 INFO Final training 6/150, loss: 0.7481, time 604.23s, lr: 0.000600
Accuracy: 0.693
class                  precision    recall   specificity      f1   support
--------------------------------------------------------------------------
0                          0.737     0.671         0.774   0.703       280
1                          0.207     0.400         0.916   0.273        30
2                          0.757     0.748         0.794   0.752       266
*----------------------------------------*
2025-11-15 14:29:13,996 INFO Final validation 6/150, Val_acc: 0.6531, time 141.05sAccuracy: 0.701
class                  precision    recall   specificity      f1   support
--------------------------------------------------------------------------
0                          0.742     0.657         0.784   0.697        70
1                          0.500     0.250         0.985   0.333         8
2                          0.679     0.803         0.679   0.736        66
*========================================*
2025-11-15 14:29:13,997 INFO New best (0.642014 --> 0.653125)
2025-11-15 14:29:20,229 INFO Copying best model to best_model.pt
2025-11-15 14:29:24,472 INFO 0 Sat Nov 15 14:29:24 2025 Epoch: 7
2025-11-15 14:39:33,169 INFO Final training 7/150, loss: 0.7341, time 608.70s, lr: 0.000600
Accuracy: 0.698
class                  precision    recall   specificity      f1   support
--------------------------------------------------------------------------
0                          0.751     0.665         0.790   0.706       281
1                          0.292     0.467         0.938   0.359        30
2                          0.720     0.758         0.749   0.739       265
*----------------------------------------*
2025-11-15 14:39:33,170 INFO 0 Sat Nov 15 14:39:33 2025 Epoch: 8
2025-11-15 14:49:36,706 INFO Final training 8/150, loss: 0.7415, time 603.54s, lr: 0.000600
Accuracy: 0.703
class                  precision    recall   specificity      f1   support
--------------------------------------------------------------------------
0                          0.766     0.687         0.800   0.724       281
1                          0.300     0.600         0.923   0.400        30
2                          0.735     0.732         0.775   0.733       265
*----------------------------------------*
2025-11-15 14:51:57,920 INFO Final validation 8/150, Val_acc: 0.4936, time 141.21sAccuracy: 0.653
class                  precision    recall   specificity      f1   support
--------------------------------------------------------------------------
0                          0.694     0.714         0.703   0.704        70
1                          0.167     0.500         0.853   0.250         8
2                          0.833     0.606         0.897   0.702        66
*========================================*
2025-11-15 14:52:02,825 INFO 0 Sat Nov 15 14:52:02 2025 Epoch: 9
2025-11-15 15:02:07,351 INFO Final training 9/150, loss: 0.6641, time 604.53s, lr: 0.000599
Accuracy: 0.734
class                  precision    recall   specificity      f1   support
--------------------------------------------------------------------------
0                          0.800     0.686         0.838   0.738       280
1                          0.311     0.633         0.923   0.418        30
2                          0.771     0.797         0.797   0.784       266
*----------------------------------------*
2025-11-15 15:02:07,351 INFO 0 Sat Nov 15 15:02:07 2025 Epoch: 10
2025-11-15 15:12:13,470 INFO Final training 10/150, loss: 0.6510, time 606.12s, lr: 0.000599
Accuracy: 0.755
class                  precision    recall   specificity      f1   support
--------------------------------------------------------------------------
0                          0.833     0.732         0.861   0.779       280
1                          0.298     0.567         0.927   0.391        30
2                          0.780     0.801         0.806   0.790       266
*----------------------------------------*
2025-11-15 15:14:35,294 INFO Final validation 10/150, Val_acc: 0.6765, time 141.82sAccuracy: 0.743
class                  precision    recall   specificity      f1   support
--------------------------------------------------------------------------
0                          0.701     0.871         0.649   0.777        70
1                          0.800     0.500         0.993   0.615         8
2                          0.808     0.636         0.872   0.712        66
*========================================*
2025-11-15 15:14:35,355 INFO New best (0.653125 --> 0.676505)
2025-11-15 15:14:42,478 INFO Copying best model to best_model.pt
2025-11-15 15:14:46,726 INFO 0 Sat Nov 15 15:14:46 2025 Epoch: 11
2025-11-15 15:24:52,526 INFO Final training 11/150, loss: 0.6675, time 605.80s, lr: 0.000598
Accuracy: 0.719
class                  precision    recall   specificity      f1   support
--------------------------------------------------------------------------
0                          0.812     0.696         0.848   0.750       280
1                          0.260     0.633         0.901   0.369        30
2                          0.760     0.752         0.797   0.756       266
*----------------------------------------*
2025-11-15 15:24:52,958 INFO 0 Sat Nov 15 15:24:52 2025 Epoch: 12
2025-11-15 15:34:58,798 INFO Final training 12/150, loss: 0.6606, time 605.84s, lr: 0.000597
Accuracy: 0.698
class                  precision    recall   specificity      f1   support
--------------------------------------------------------------------------
0                          0.745     0.665         0.783   0.703       281
1                          0.293     0.567         0.925   0.386        30
2                          0.742     0.747         0.778   0.744       265
*----------------------------------------*
2025-11-15 15:37:21,142 INFO Final validation 12/150, Val_acc: 0.6779, time 142.34sAccuracy: 0.701
class                  precision    recall   specificity      f1   support
--------------------------------------------------------------------------
0                          0.897     0.500         0.946   0.642        70
1                          0.600     0.375         0.985   0.462         8
2                          0.630     0.955         0.526   0.759        66
*========================================*
2025-11-15 15:37:21,142 INFO New best (0.676505 --> 0.677894)
2025-11-15 15:37:27,454 INFO Copying best model to best_model.pt
2025-11-15 15:37:31,802 INFO 0 Sat Nov 15 15:37:31 2025 Epoch: 13
2025-11-15 15:47:38,033 INFO Final training 13/150, loss: 0.6177, time 606.23s, lr: 0.000597
Accuracy: 0.747
class                  precision    recall   specificity      f1   support
--------------------------------------------------------------------------
0                          0.804     0.732         0.831   0.766       280
1                          0.309     0.567         0.930   0.400        30
2                          0.782     0.782         0.813   0.782       266
*----------------------------------------*
2025-11-15 15:47:38,033 INFO 0 Sat Nov 15 15:47:38 2025 Epoch: 14
2025-11-15 15:57:43,522 INFO Final training 14/150, loss: 0.6621, time 605.49s, lr: 0.000596
Accuracy: 0.729
class                  precision    recall   specificity      f1   support
--------------------------------------------------------------------------
0                          0.788     0.715         0.817   0.750       281
1                          0.264     0.467         0.929   0.337        30
2                          0.765     0.774         0.797   0.769       265
*----------------------------------------*
2025-11-15 16:00:25,831 INFO Final validation 14/150, Val_acc: 0.4747, time 162.31sAccuracy: 0.611
class                  precision    recall   specificity      f1   support
--------------------------------------------------------------------------
0                          0.671     0.700         0.676   0.685        70
1                          0.161     0.625         0.809   0.256         8
2                          0.850     0.515         0.923   0.642        66
*========================================*
2025-11-15 16:00:30,768 INFO 0 Sat Nov 15 16:00:30 2025 Epoch: 15
2025-11-15 16:10:35,588 INFO Final training 15/150, loss: 0.6108, time 604.82s, lr: 0.000594
Accuracy: 0.734
class                  precision    recall   specificity      f1   support
--------------------------------------------------------------------------
0                          0.812     0.708         0.844   0.757       281
1                          0.312     0.667         0.919   0.426        30
2                          0.764     0.770         0.797   0.767       265
*----------------------------------------*
2025-11-15 16:10:35,589 INFO 0 Sat Nov 15 16:10:35 2025 Epoch: 16
2025-11-15 16:20:42,963 INFO Final training 16/150, loss: 0.5869, time 607.37s, lr: 0.000593
Accuracy: 0.736
class                  precision    recall   specificity      f1   support
--------------------------------------------------------------------------
0                          0.802     0.705         0.834   0.750       281
1                          0.364     0.667         0.936   0.471        30
2                          0.752     0.777         0.781   0.764       265
*----------------------------------------*
2025-11-15 16:23:04,076 INFO Final validation 16/150, Val_acc: 0.5971, time 141.11sAccuracy: 0.701
class                  precision    recall   specificity      f1   support
--------------------------------------------------------------------------
0                          0.840     0.600         0.892   0.700        70
1                          0.211     0.500         0.890   0.296         8
2                          0.733     0.833         0.744   0.780        66
*========================================*
2025-11-15 16:23:08,998 INFO 0 Sat Nov 15 16:23:08 2025 Epoch: 17
2025-11-15 16:33:16,845 INFO Final training 17/150, loss: 0.5581, time 607.85s, lr: 0.000592
Accuracy: 0.759
class                  precision    recall   specificity      f1   support
--------------------------------------------------------------------------
0                          0.847     0.732         0.875   0.785       280
1                          0.297     0.633         0.918   0.404        30
2                          0.789     0.801         0.816   0.795       266
*----------------------------------------*
2025-11-15 16:33:16,846 INFO 0 Sat Nov 15 16:33:16 2025 Epoch: 18
2025-11-15 16:43:25,017 INFO Final training 18/150, loss: 0.5562, time 608.17s, lr: 0.000590
Accuracy: 0.792
class                  precision    recall   specificity      f1   support
--------------------------------------------------------------------------
0                          0.849     0.786         0.868   0.816       280
1                          0.397     0.767         0.936   0.523        30
2                          0.822     0.801         0.852   0.811       266
*----------------------------------------*
2025-11-15 16:45:46,004 INFO Final validation 18/150, Val_acc: 0.5740, time 140.99sAccuracy: 0.701
class                  precision    recall   specificity      f1   support
--------------------------------------------------------------------------
0                          0.783     0.671         0.824   0.723        70
1                          0.227     0.625         0.875   0.333         8
2                          0.790     0.742         0.833   0.766        66
*========================================*
2025-11-15 16:45:50,896 INFO 0 Sat Nov 15 16:45:50 2025 Epoch: 19
2025-11-15 16:55:53,675 INFO Final training 19/150, loss: 0.5514, time 602.78s, lr: 0.000588
Accuracy: 0.766
class                  precision    recall   specificity      f1   support
--------------------------------------------------------------------------
0                          0.845     0.721         0.875   0.778       280
1                          0.381     0.800         0.929   0.516        30
2                          0.785     0.808         0.810   0.796       266
*----------------------------------------*
2025-11-15 16:55:53,675 INFO 0 Sat Nov 15 16:55:53 2025 Epoch: 20
2025-11-15 17:06:02,332 INFO Final training 20/150, loss: 0.5796, time 608.66s, lr: 0.000586
Accuracy: 0.773
class                  precision    recall   specificity      f1   support
--------------------------------------------------------------------------
0                          0.858     0.775         0.878   0.814       280
1                          0.305     0.600         0.925   0.404        30
2                          0.795     0.789         0.826   0.792       266
*----------------------------------------*
2025-11-15 17:08:23,436 INFO Final validation 20/150, Val_acc: 0.6889, time 141.10sAccuracy: 0.785
class                  precision    recall   specificity      f1   support
--------------------------------------------------------------------------
0                          0.765     0.929         0.730   0.839        70
1                          0.444     0.500         0.963   0.471         8
2                          0.880     0.667         0.923   0.759        66
*========================================*
2025-11-15 17:08:23,436 INFO New best (0.677894 --> 0.688889)
2025-11-15 17:08:29,744 INFO Copying best model to best_model.pt
2025-11-15 17:08:34,025 INFO 0 Sat Nov 15 17:08:34 2025 Epoch: 21
2025-11-15 17:18:39,831 INFO Final training 21/150, loss: 0.5308, time 605.81s, lr: 0.000584
Accuracy: 0.792
class                  precision    recall   specificity      f1   support
--------------------------------------------------------------------------
0                          0.877     0.758         0.898   0.813       281
1                          0.407     0.759         0.941   0.530        29
2                          0.792     0.831         0.813   0.811       266
*----------------------------------------*
2025-11-15 17:18:40,297 INFO 0 Sat Nov 15 17:18:40 2025 Epoch: 22
2025-11-15 17:28:44,459 INFO Final training 22/150, loss: 0.4929, time 604.16s, lr: 0.000582
Accuracy: 0.800
class                  precision    recall   specificity      f1   support
--------------------------------------------------------------------------
0                          0.886     0.801         0.902   0.841       281
1                          0.339     0.667         0.929   0.449        30
2                          0.821     0.815         0.849   0.818       265
*----------------------------------------*
2025-11-15 17:31:05,498 INFO Final validation 22/150, Val_acc: 0.7705, time 141.04sAccuracy: 0.826
class                  precision    recall   specificity      f1   support
--------------------------------------------------------------------------
0                          0.896     0.857         0.905   0.876        70
1                          0.357     0.625         0.934   0.455         8
2                          0.857     0.818         0.885   0.837        66
*========================================*
2025-11-15 17:31:05,499 INFO New best (0.688889 --> 0.770486)
2025-11-15 17:31:11,846 INFO Copying best model to best_model.pt
2025-11-15 17:31:16,230 INFO 0 Sat Nov 15 17:31:16 2025 Epoch: 23
2025-11-15 17:41:18,516 INFO Final training 23/150, loss: 0.5383, time 602.29s, lr: 0.000580
Accuracy: 0.795
class                  precision    recall   specificity      f1   support
--------------------------------------------------------------------------
0                          0.865     0.757         0.889   0.808       280
1                          0.412     0.700         0.945   0.519        30
2                          0.804     0.846         0.823   0.824       266
*----------------------------------------*
2025-11-15 17:41:18,516 INFO 0 Sat Nov 15 17:41:18 2025 Epoch: 24
2025-11-15 17:51:24,719 INFO Final training 24/150, loss: 0.4915, time 606.20s, lr: 0.000577
Accuracy: 0.816
class                  precision    recall   specificity      f1   support
--------------------------------------------------------------------------
0                          0.895     0.815         0.908   0.853       281
1                          0.412     0.700         0.945   0.519        30
2                          0.818     0.830         0.842   0.824       265
*----------------------------------------*
2025-11-15 17:53:45,703 INFO Final validation 24/150, Val_acc: 0.8286, time 140.98sAccuracy: 0.868
class                  precision    recall   specificity      f1   support
--------------------------------------------------------------------------
0                          0.925     0.886         0.932   0.905        70
1                          0.500     0.625         0.963   0.556         8
2                          0.866     0.879         0.885   0.872        66
*========================================*
2025-11-15 17:53:45,703 INFO New best (0.770486 --> 0.828588)
2025-11-15 17:53:52,253 INFO Copying best model to best_model.pt
2025-11-15 17:53:56,621 INFO 0 Sat Nov 15 17:53:56 2025 Epoch: 25
2025-11-15 18:04:05,743 INFO Final training 25/150, loss: 0.4848, time 609.12s, lr: 0.000575
Accuracy: 0.819
class                  precision    recall   specificity      f1   support
--------------------------------------------------------------------------
0                          0.918     0.800         0.932   0.855       280
1                          0.360     0.600         0.941   0.450        30
2                          0.816     0.865         0.832   0.839       266
*----------------------------------------*
2025-11-15 18:04:05,743 INFO 0 Sat Nov 15 18:04:05 2025 Epoch: 26
2025-11-15 18:14:18,736 INFO Final training 26/150, loss: 0.4980, time 612.99s, lr: 0.000572
Accuracy: 0.823
class                  precision    recall   specificity      f1   support
--------------------------------------------------------------------------
0                          0.893     0.804         0.909   0.846       280
1                          0.418     0.767         0.941   0.541        30
2                          0.840     0.850         0.861   0.845       266
*----------------------------------------*
2025-11-15 18:16:39,683 INFO Final validation 26/150, Val_acc: 0.8044, time 140.95sAccuracy: 0.854
class                  precision    recall   specificity      f1   support
--------------------------------------------------------------------------
0                          0.855     0.929         0.851   0.890        70
1                          0.600     0.375         0.985   0.462         8
2                          0.873     0.833         0.897   0.853        66
*========================================*
2025-11-15 18:16:44,617 INFO 0 Sat Nov 15 18:16:44 2025 Epoch: 27
2025-11-15 18:26:56,239 INFO Final training 27/150, loss: 0.5369, time 611.62s, lr: 0.000569
Accuracy: 0.783
class                  precision    recall   specificity      f1   support
--------------------------------------------------------------------------
0                          0.866     0.779         0.885   0.820       281
1                          0.367     0.621         0.943   0.462        29
2                          0.781     0.805         0.806   0.793       266
*----------------------------------------*
2025-11-15 18:26:56,240 INFO 0 Sat Nov 15 18:26:56 2025 Epoch: 28
2025-11-15 18:37:03,550 INFO Final training 28/150, loss: 0.4886, time 607.31s, lr: 0.000567
Accuracy: 0.811
class                  precision    recall   specificity      f1   support
--------------------------------------------------------------------------
0                          0.891     0.811         0.905   0.849       281
1                          0.397     0.767         0.936   0.523        30
2                          0.824     0.815         0.852   0.820       265
*----------------------------------------*
2025-11-15 18:39:24,465 INFO Final validation 28/150, Val_acc: 0.8243, time 140.91sAccuracy: 0.868
class                  precision    recall   specificity      f1   support
--------------------------------------------------------------------------
0                          0.952     0.843         0.959   0.894        70
1                          0.625     0.625         0.978   0.625         8
2                          0.824     0.924         0.833   0.871        66
*========================================*
2025-11-15 18:39:29,391 INFO 0 Sat Nov 15 18:39:29 2025 Epoch: 29
2025-11-15 18:49:35,159 INFO Final training 29/150, loss: 0.4339, time 605.77s, lr: 0.000564
Accuracy: 0.835
class                  precision    recall   specificity      f1   support
--------------------------------------------------------------------------
0                          0.919     0.814         0.932   0.864       280
1                          0.442     0.767         0.947   0.561        30
2                          0.833     0.865         0.852   0.849       266
*----------------------------------------*
2025-11-15 18:49:35,159 INFO 0 Sat Nov 15 18:49:35 2025 Epoch: 30
2025-11-15 18:59:39,512 INFO Final training 30/150, loss: 0.4343, time 604.35s, lr: 0.000560
Accuracy: 0.828
class                  precision    recall   specificity      f1   support
--------------------------------------------------------------------------
0                          0.916     0.819         0.929   0.865       281
1                          0.404     0.767         0.938   0.529        30
2                          0.836     0.845         0.859   0.841       265
*----------------------------------------*
2025-11-15 19:02:00,632 INFO Final validation 30/150, Val_acc: 0.7223, time 141.12sAccuracy: 0.819
class                  precision    recall   specificity      f1   support
--------------------------------------------------------------------------
0                          0.793     0.929         0.770   0.855        70
1                          0.500     0.625         0.963   0.556         8
2                          0.923     0.727         0.949   0.814        66
*========================================*
2025-11-15 19:02:05,662 INFO 0 Sat Nov 15 19:02:05 2025 Epoch: 31
2025-11-15 19:12:13,412 INFO Final training 31/150, loss: 0.4839, time 607.75s, lr: 0.000557
Accuracy: 0.816
class                  precision    recall   specificity      f1   support
--------------------------------------------------------------------------
0                          0.907     0.797         0.922   0.848       281
1                          0.442     0.767         0.947   0.561        30
2                          0.805     0.842         0.826   0.823       265
*----------------------------------------*
2025-11-15 19:12:13,871 INFO 0 Sat Nov 15 19:12:13 2025 Epoch: 32
2025-11-15 19:22:15,933 INFO Final training 32/150, loss: 0.4371, time 602.06s, lr: 0.000554
Accuracy: 0.835
class                  precision    recall   specificity      f1   support
--------------------------------------------------------------------------
0                          0.922     0.800         0.936   0.857       280
1                          0.500     0.800         0.956   0.615        30
2                          0.818     0.876         0.832   0.846       266
*----------------------------------------*
2025-11-15 19:24:36,938 INFO Final validation 32/150, Val_acc: 0.7882, time 141.00sAccuracy: 0.854
class                  precision    recall   specificity      f1   support
--------------------------------------------------------------------------
0                          0.889     0.914         0.892   0.901        70
1                          0.385     0.625         0.941   0.476         8
2                          0.915     0.818         0.936   0.864        66
*========================================*
2025-11-15 19:24:41,791 INFO 0 Sat Nov 15 19:24:41 2025 Epoch: 33
2025-11-15 19:34:51,711 INFO Final training 33/150, loss: 0.4516, time 609.92s, lr: 0.000550
Accuracy: 0.828
class                  precision    recall   specificity      f1   support
--------------------------------------------------------------------------
0                          0.908     0.808         0.922   0.855       281
1                          0.458     0.733         0.952   0.564        30
2                          0.820     0.860         0.839   0.840       265
*----------------------------------------*
2025-11-15 19:34:51,711 INFO 0 Sat Nov 15 19:34:51 2025 Epoch: 34
2025-11-15 19:44:56,272 INFO Final training 34/150, loss: 0.4511, time 604.56s, lr: 0.000546
Accuracy: 0.825
class                  precision    recall   specificity      f1   support
--------------------------------------------------------------------------
0                          0.922     0.801         0.936   0.857       281
1                          0.404     0.767         0.938   0.529        30
2                          0.825     0.857         0.846   0.841       265
*----------------------------------------*
2025-11-15 19:47:17,259 INFO Final validation 34/150, Val_acc: 0.7723, time 140.99sAccuracy: 0.840
class                  precision    recall   specificity      f1   support
--------------------------------------------------------------------------
0                          0.909     0.857         0.919   0.882        70
1                          0.400     0.500         0.956   0.444         8
2                          0.838     0.864         0.859   0.851        66
*========================================*
2025-11-15 19:47:22,221 INFO 0 Sat Nov 15 19:47:22 2025 Epoch: 35
2025-11-15 19:57:32,272 INFO Final training 35/150, loss: 0.4505, time 610.05s, lr: 0.000543
Accuracy: 0.814
class                  precision    recall   specificity      f1   support
--------------------------------------------------------------------------
0                          0.903     0.796         0.919   0.846       280
1                          0.393     0.733         0.938   0.512        30
2                          0.821     0.842         0.842   0.831       266
*----------------------------------------*
2025-11-15 19:57:32,272 INFO 0 Sat Nov 15 19:57:32 2025 Epoch: 36
2025-11-15 20:07:40,531 INFO Final training 36/150, loss: 0.4483, time 608.26s, lr: 0.000539
Accuracy: 0.816
class                  precision    recall   specificity      f1   support
--------------------------------------------------------------------------
0                          0.910     0.790         0.925   0.846       281
1                          0.393     0.733         0.938   0.512        30
2                          0.819     0.853         0.839   0.835       265
*----------------------------------------*
2025-11-15 20:10:01,470 INFO Final validation 36/150, Val_acc: 0.7317, time 140.94sAccuracy: 0.799
class                  precision    recall   specificity      f1   support
--------------------------------------------------------------------------
0                          0.744     0.957         0.689   0.838        70
1                          0.800     0.500         0.993   0.615         8
2                          0.898     0.667         0.936   0.765        66
*========================================*
2025-11-15 20:10:06,703 INFO 0 Sat Nov 15 20:10:06 2025 Epoch: 37
2025-11-15 20:20:17,240 INFO Final training 37/150, loss: 0.4594, time 610.54s, lr: 0.000535
Accuracy: 0.819
class                  precision    recall   specificity      f1   support
--------------------------------------------------------------------------
0                          0.912     0.808         0.925   0.857       281
1                          0.375     0.700         0.936   0.488        30
2                          0.827     0.845         0.849   0.836       265
*----------------------------------------*
2025-11-15 20:20:17,240 INFO 0 Sat Nov 15 20:20:17 2025 Epoch: 38
2025-11-15 20:30:21,646 INFO Final training 38/150, loss: 0.3860, time 604.41s, lr: 0.000531
Accuracy: 0.852
class                  precision    recall   specificity      f1   support
--------------------------------------------------------------------------
0                          0.931     0.825         0.943   0.875       280
1                          0.553     0.867         0.962   0.675        30
2                          0.833     0.880         0.848   0.856       266
*----------------------------------------*
2025-11-15 20:32:42,574 INFO Final validation 38/150, Val_acc: 0.7729, time 140.93sAccuracy: 0.812
class                  precision    recall   specificity      f1   support
--------------------------------------------------------------------------
0                          0.859     0.871         0.865   0.865        70
1                          0.368     0.875         0.912   0.519         8
2                          0.907     0.742         0.936   0.817        66
*========================================*
2025-11-15 20:32:47,584 INFO 0 Sat Nov 15 20:32:47 2025 Epoch: 39
2025-11-15 20:42:53,251 INFO Final training 39/150, loss: 0.4824, time 605.67s, lr: 0.000527
Accuracy: 0.797
class                  precision    recall   specificity      f1   support
--------------------------------------------------------------------------
0                          0.880     0.789         0.899   0.832       280
1                          0.365     0.767         0.927   0.495        30
2                          0.821     0.808         0.848   0.814       266
*----------------------------------------*
2025-11-15 20:42:53,252 INFO 0 Sat Nov 15 20:42:53 2025 Epoch: 40
2025-11-15 20:53:00,095 INFO Final training 40/150, loss: 0.4725, time 606.84s, lr: 0.000522
Accuracy: 0.809
class                  precision    recall   specificity      f1   support
--------------------------------------------------------------------------
0                          0.898     0.779         0.915   0.834       281
1                          0.407     0.800         0.936   0.539        30
2                          0.817     0.842         0.839   0.829       265
*----------------------------------------*
2025-11-15 20:55:21,023 INFO Final validation 40/150, Val_acc: 0.7064, time 140.93sAccuracy: 0.785
class                  precision    recall   specificity      f1   support
--------------------------------------------------------------------------
0                          0.780     0.914         0.757   0.842        70
1                          0.412     0.875         0.926   0.560         8
2                          0.933     0.636         0.962   0.757        66
*========================================*
2025-11-15 20:55:25,979 INFO 0 Sat Nov 15 20:55:25 2025 Epoch: 41
2025-11-15 21:05:29,122 INFO Final training 41/150, loss: 0.4256, time 603.14s, lr: 0.000518
Accuracy: 0.825
class                  precision    recall   specificity      f1   support
--------------------------------------------------------------------------
0                          0.906     0.819         0.919   0.860       281
1                          0.417     0.833         0.936   0.556        30
2                          0.840     0.830         0.865   0.835       265
*----------------------------------------*
2025-11-15 21:05:29,593 INFO 0 Sat Nov 15 21:05:29 2025 Epoch: 42
2025-11-15 21:15:31,902 INFO Final training 42/150, loss: 0.4439, time 602.31s, lr: 0.000513
Accuracy: 0.830
class                  precision    recall   specificity      f1   support
--------------------------------------------------------------------------
0                          0.904     0.811         0.919   0.855       280
1                          0.460     0.767         0.951   0.575        30
2                          0.829     0.857         0.848   0.843       266
*----------------------------------------*
2025-11-15 21:17:52,923 INFO Final validation 42/150, Val_acc: 0.7811, time 141.02sAccuracy: 0.854
class                  precision    recall   specificity      f1   support
--------------------------------------------------------------------------
0                          0.924     0.871         0.932   0.897        70
1                          0.400     0.500         0.956   0.444         8
2                          0.853     0.879         0.872   0.866        66
*========================================*
2025-11-15 21:17:57,885 INFO 0 Sat Nov 15 21:17:57 2025 Epoch: 43
2025-11-15 21:28:07,418 INFO Final training 43/150, loss: 0.4437, time 609.53s, lr: 0.000509
Accuracy: 0.832
class                  precision    recall   specificity      f1   support
--------------------------------------------------------------------------
0                          0.912     0.818         0.926   0.863       280
1                          0.424     0.833         0.938   0.562        30
2                          0.846     0.846         0.868   0.846       266
*----------------------------------------*
2025-11-15 21:28:07,418 INFO 0 Sat Nov 15 21:28:07 2025 Epoch: 44
2025-11-15 21:38:13,034 INFO Final training 44/150, loss: 0.4339, time 605.62s, lr: 0.000504
Accuracy: 0.839
class                  precision    recall   specificity      f1   support
--------------------------------------------------------------------------
0                          0.924     0.821         0.936   0.870       280
1                          0.446     0.833         0.943   0.581        30
2                          0.841     0.857         0.861   0.849       266
*----------------------------------------*
2025-11-15 21:40:34,005 INFO Final validation 44/150, Val_acc: 0.7869, time 140.97sAccuracy: 0.847
class                  precision    recall   specificity      f1   support
--------------------------------------------------------------------------
0                          0.886     0.886         0.892   0.886        70
1                          0.400     0.500         0.956   0.444         8
2                          0.875     0.848         0.897   0.862        66
*========================================*
2025-11-15 21:40:38,904 INFO 0 Sat Nov 15 21:40:38 2025 Epoch: 45
2025-11-15 21:50:43,272 INFO Final training 45/150, loss: 0.3893, time 604.37s, lr: 0.000499
Accuracy: 0.835
class                  precision    recall   specificity      f1   support
--------------------------------------------------------------------------
0                          0.912     0.814         0.926   0.860       280
1                          0.436     0.800         0.943   0.565        30
2                          0.845     0.861         0.865   0.853       266
*----------------------------------------*
2025-11-15 21:50:43,272 INFO 0 Sat Nov 15 21:50:43 2025 Epoch: 46
2025-11-15 22:00:50,909 INFO Final training 46/150, loss: 0.3640, time 607.64s, lr: 0.000494
Accuracy: 0.861
class                  precision    recall   specificity      f1   support
--------------------------------------------------------------------------
0                          0.943     0.832         0.953   0.884       280
1                          0.509     0.933         0.951   0.659        30
2                          0.858     0.883         0.874   0.870       266
*----------------------------------------*
2025-11-15 22:03:11,867 INFO Final validation 46/150, Val_acc: 0.8286, time 140.96sAccuracy: 0.854
class                  precision    recall   specificity      f1   support
--------------------------------------------------------------------------
0                          0.842     0.914         0.838   0.877        70
1                          1.000     0.250         1.000   0.400         8
2                          0.864     0.864         0.885   0.864        66
*========================================*
2025-11-15 22:03:11,867 INFO New best (0.828588 --> 0.828588)
2025-11-15 22:03:18,231 INFO Copying best model to best_model.pt
2025-11-15 22:03:22,538 INFO 0 Sat Nov 15 22:03:22 2025 Epoch: 47
2025-11-15 22:13:28,492 INFO Final training 47/150, loss: 0.4373, time 605.95s, lr: 0.000489
Accuracy: 0.835
class                  precision    recall   specificity      f1   support
--------------------------------------------------------------------------
0                          0.916     0.815         0.929   0.863       281
1                          0.400     0.667         0.945   0.500        30
2                          0.841     0.875         0.859   0.858       265
*----------------------------------------*
2025-11-15 22:13:28,492 INFO 0 Sat Nov 15 22:13:28 2025 Epoch: 48
2025-11-15 22:23:36,329 INFO Final training 48/150, loss: 0.3961, time 607.84s, lr: 0.000484
Accuracy: 0.856
class                  precision    recall   specificity      f1   support
--------------------------------------------------------------------------
0                          0.925     0.839         0.936   0.880       280
1                          0.491     0.867         0.951   0.627        30
2                          0.862     0.872         0.881   0.867       266
*----------------------------------------*
2025-11-15 22:25:57,263 INFO Final validation 48/150, Val_acc: 0.8529, time 140.93sAccuracy: 0.896
class                  precision    recall   specificity      f1   support
--------------------------------------------------------------------------
0                          0.939     0.886         0.946   0.912        70
1                          0.600     0.750         0.971   0.667         8
2                          0.897     0.924         0.910   0.910        66
*========================================*
2025-11-15 22:25:57,263 INFO New best (0.828588 --> 0.852894)
2025-11-15 22:26:03,604 INFO Copying best model to best_model.pt
2025-11-15 22:26:07,981 INFO 0 Sat Nov 15 22:26:07 2025 Epoch: 49
2025-11-15 22:36:14,120 INFO Final training 49/150, loss: 0.3769, time 606.14s, lr: 0.000479
Accuracy: 0.875
class                  precision    recall   specificity      f1   support
--------------------------------------------------------------------------
0                          0.944     0.843         0.953   0.891       280
1                          0.591     0.867         0.967   0.703        30
2                          0.858     0.910         0.871   0.883       266
*----------------------------------------*
2025-11-15 22:36:14,120 INFO 0 Sat Nov 15 22:36:14 2025 Epoch: 50
2025-11-15 22:46:19,079 INFO Final training 50/150, loss: 0.4498, time 604.96s, lr: 0.000474
Accuracy: 0.819
class                  precision    recall   specificity      f1   support
--------------------------------------------------------------------------
0                          0.911     0.836         0.922   0.872       280
1                          0.371     0.767         0.929   0.500        30
2                          0.837     0.808         0.865   0.822       266
*----------------------------------------*
2025-11-15 22:48:39,963 INFO Final validation 50/150, Val_acc: 0.7936, time 140.88sAccuracy: 0.861
class                  precision    recall   specificity      f1   support
--------------------------------------------------------------------------
0                          0.967     0.843         0.973   0.901        70
1                          0.385     0.625         0.941   0.476         8
2                          0.857     0.909         0.872   0.882        66
*========================================*
2025-11-15 22:48:44,888 INFO 0 Sat Nov 15 22:48:44 2025 Epoch: 51
2025-11-15 22:58:55,195 INFO Final training 51/150, loss: 0.3920, time 610.31s, lr: 0.000468
Accuracy: 0.851
class                  precision    recall   specificity      f1   support
--------------------------------------------------------------------------
0                          0.908     0.850         0.919   0.878       280
1                          0.458     0.733         0.952   0.564        30
2                          0.865     0.865         0.884   0.865       266
*----------------------------------------*
2025-11-15 22:58:55,728 INFO 0 Sat Nov 15 22:58:55 2025 Epoch: 52
2025-11-15 23:09:03,722 INFO Final training 52/150, loss: 0.3967, time 607.99s, lr: 0.000463
Accuracy: 0.847
class                  precision    recall   specificity      f1   support
--------------------------------------------------------------------------
0                          0.925     0.836         0.936   0.879       281
1                          0.463     0.833         0.947   0.595        30
2                          0.851     0.860         0.871   0.856       265
*----------------------------------------*
2025-11-15 23:11:24,737 INFO Final validation 52/150, Val_acc: 0.8130, time 141.02sAccuracy: 0.882
class                  precision    recall   specificity      f1   support
--------------------------------------------------------------------------
0                          0.926     0.900         0.932   0.913        70
1                          0.500     0.500         0.971   0.500         8
2                          0.882     0.909         0.897   0.896        66
*========================================*
2025-11-15 23:11:29,728 INFO 0 Sat Nov 15 23:11:29 2025 Epoch: 53
2025-11-15 23:21:35,821 INFO Final training 53/150, loss: 0.3929, time 606.09s, lr: 0.000457
Accuracy: 0.833
class                  precision    recall   specificity      f1   support
--------------------------------------------------------------------------
0                          0.907     0.829         0.919   0.866       281
1                          0.469     0.767         0.952   0.582        30
2                          0.830     0.845         0.852   0.837       265
*----------------------------------------*
2025-11-15 23:21:35,822 INFO 0 Sat Nov 15 23:21:35 2025 Epoch: 54
2025-11-15 23:31:45,822 INFO Final training 54/150, loss: 0.3937, time 610.00s, lr: 0.000452
Accuracy: 0.870
class                  precision    recall   specificity      f1   support
--------------------------------------------------------------------------
0                          0.927     0.858         0.936   0.891       281
1                          0.532     0.862         0.960   0.658        29
2                          0.874     0.883         0.890   0.879       266
*----------------------------------------*
2025-11-15 23:34:06,772 INFO Final validation 54/150, Val_acc: 0.7874, time 140.95sAccuracy: 0.861
class                  precision    recall   specificity      f1   support
--------------------------------------------------------------------------
0                          0.953     0.871         0.959   0.910        70
1                          0.333     0.500         0.941   0.400         8
2                          0.868     0.894         0.885   0.881        66
*========================================*
2025-11-15 23:34:11,725 INFO 0 Sat Nov 15 23:34:11 2025 Epoch: 55
2025-11-15 23:44:20,962 INFO Final training 55/150, loss: 0.3923, time 609.24s, lr: 0.000446
Accuracy: 0.844
class                  precision    recall   specificity      f1   support
--------------------------------------------------------------------------
0                          0.918     0.839         0.929   0.877       280
1                          0.440     0.733         0.949   0.550        30
2                          0.848     0.861         0.868   0.854       266
*----------------------------------------*
2025-11-15 23:44:20,962 INFO 0 Sat Nov 15 23:44:20 2025 Epoch: 56
