2025-10-22 16:44:07,074 INFO Log directory: outputs/OrganoidsINRIA/swinunetr/2025-10-22-16-44
2025-10-22 16:44:07,076 INFO {'RandFlipd_prob': 0.2,
 'RandRotate90d_prob': 0.2,
 'RandScaleIntensityd_prob': 0.1,
 'RandShiftIntensityd_prob': 0.1,
 'amp': True,
 'batch_size': 8,
 'cache_dataset': False,
 'checkpoint_path': None,
 'data_dir': '/home/mraffael/martone_project/Organoids_Dataset/',
 'dataset_name': 'OrganoidsINRIA',
 'debug': False,
 'debug_train_samples': 3,
 'debug_val_samples': 3,
 'dist_backend': 'nccl',
 'dist_url': 'tcp://127.0.0.1:23456',
 'distributed': False,
 'dropout_path_rate': 0.0,
 'dropout_rate': 0.0,
 'early_stopping': False,
 'encoder10_pth': '',
 'exact_class': True,
 'feature_size': 48,
 'fold': 0,
 'folds': False,
 'gpu': 0,
 'ignore_label': 3,
 'in_channels': 1,
 'infer_overlap': 0.5,
 'k_folds': 5,
 'logdir': 'training',
 'logs_dir': 'logs/',
 'loss_name': 'CombinedLoss',
 'lrschedule': 'warmup_cosine',
 'max_epochs': 150,
 'min_delta_loss': 0.01,
 'min_delta_val': 0.02,
 'model_name': 'swinunetr',
 'momentum': 0.99,
 'noamp': False,
 'norm_name': 'instance',
 'oar_id': 2077736,
 'optim_lr': 0.0005,
 'optim_name': 'adamw',
 'out_channels': 1,
 'output_dir': 'outputs/',
 'patience_loss': 30,
 'patience_val': 25,
 'pretrained_dir': './pretrained_models/fold1_f48_ep300_4gpu_dice0_9059/',
 'pretrained_model_name': 'model_swinvit.pt',
 'rank': 0,
 'reg_weight': 0.0005,
 'resume_ckpt': False,
 'roi_x': 128,
 'roi_y': 128,
 'roi_z': 128,
 'save_checkpoint': True,
 'seed': 304,
 'similarity_loss': '',
 'similarity_loss_weight': 0.0,
 'spatial_dims': 3,
 'split_method': 'balanced',
 'start_epoch': 0,
 'sw_batch_size': 1,
 'telegram_log': True,
 'test_mode': False,
 'token': './token/tlg_token.txt',
 'use_checkpoint': False,
 'val_every': 5,
 'warmup_epochs': 7,
 'workers': 8,
 'world_size': 1}
2025-10-22 16:44:07,076 INFO 
2025-10-22 16:44:07,079 INFO Saved configuration to: outputs/OrganoidsINRIA/swinunetr/2025-10-22-16-44/config.txt
2025-10-22 16:44:07,637 INFO Using GPU: 0
2025-10-22 16:44:07,637 INFO 
2025-10-22 16:44:07,637 INFO Model INFO:
2025-10-22 16:44:07,637 INFO Model architecture: swinunetr
2025-10-22 16:44:08,066 INFO Using pretrained weights
2025-10-22 16:44:08,067 INFO => loading pretrained model './pretrained_models/fold1_f48_ep300_4gpu_dice0_9059/model_swinvit.pt'
2025-10-22 16:44:11,822 INFO Missing keys when loading pretrained: 33
2025-10-22 16:44:11,822 INFO Unexpected keys when loading pretrained: 8
2025-10-22 16:44:11,824 INFO Using SwinUNETR with Single Linear Classification Head
2025-10-22 16:44:11,824 INFO Total trainable parameters: 39,914,805
2025-10-22 16:44:11,857 INFO 
2025-10-22 16:44:11,857 INFO Optimizer INFO:
2025-10-22 16:44:11,858 INFO Using optimizer: adamw with lr=0.0005, weight_decay=0.0005
2025-10-22 16:44:11,858 INFO 
2025-10-22 16:44:11,858 INFO Dataset INFO:
2025-10-22 16:44:11,924 INFO Dataset length: 423
2025-10-22 16:44:11,924 INFO Class distribution in entire dataset:
2025-10-22 16:44:11,924 INFO   Class 0: 137
2025-10-22 16:44:11,924 INFO   Class 1: 43
2025-10-22 16:44:11,924 INFO   Class 2: 243
2025-10-22 16:44:11,924 INFO 
Using split method: balanced
2025-10-22 16:44:11,927 INFO 
Train set balance:
2025-10-22 16:44:11,928 INFO 
Val set balance:
2025-10-22 16:44:11,928 INFO Training set length: 102
2025-10-22 16:44:11,928 INFO Validation set length: 27
2025-10-22 16:44:11,928 INFO 
Using standard shuffle for training
2025-10-22 16:44:11,929 INFO Training loader: 12 batches
2025-10-22 16:44:11,929 INFO Validation loader: 27 batches
2025-10-22 16:44:11,929 INFO 
Class distribution in training set:
2025-10-22 16:44:11,929 INFO   Class 0: 34 (33.3%)
2025-10-22 16:44:11,929 INFO   Class 1: 34 (33.3%)
2025-10-22 16:44:11,929 INFO   Class 2: 34 (33.3%)
2025-10-22 16:44:11,929 INFO Class distribution in validation set:
2025-10-22 16:44:11,929 INFO   Class 0: 9 (33.3%)
2025-10-22 16:44:11,929 INFO   Class 1: 9 (33.3%)
2025-10-22 16:44:11,929 INFO   Class 2: 9 (33.3%)
2025-10-22 16:44:11,929 INFO **************************************************
2025-10-22 16:44:11,963 INFO Class weights: [ 10.000  10.000  10.000]
2025-10-22 16:44:11,963 INFO 
2025-10-22 16:44:11,963 INFO Using loss function: CombinedLoss
2025-10-22 16:44:11,966 INFO **************************************************
2025-10-22 16:44:11,966 INFO Starting training...
2025-10-22 16:44:11,968 INFO 0 Wed Oct 22 16:44:11 2025 Epoch: 0
2025-10-22 16:44:44,995 INFO Log directory: outputs/OrganoidsINRIA/swinunetr/2025-10-22-16-44
2025-10-22 16:44:44,997 INFO {'RandFlipd_prob': 0.2,
 'RandRotate90d_prob': 0.2,
 'RandScaleIntensityd_prob': 0.1,
 'RandShiftIntensityd_prob': 0.1,
 'amp': True,
 'batch_size': 8,
 'cache_dataset': False,
 'checkpoint_path': None,
 'data_dir': '/home/mraffael/martone_project/Organoids_Dataset/',
 'dataset_name': 'OrganoidsINRIA',
 'debug': False,
 'debug_train_samples': 3,
 'debug_val_samples': 3,
 'dist_backend': 'nccl',
 'dist_url': 'tcp://127.0.0.1:23456',
 'distributed': False,
 'dropout_path_rate': 0.0,
 'dropout_rate': 0.0,
 'early_stopping': False,
 'encoder10_pth': '',
 'exact_class': True,
 'feature_size': 48,
 'fold': 0,
 'folds': False,
 'gpu': 0,
 'ignore_label': 3,
 'in_channels': 1,
 'infer_overlap': 0.5,
 'k_folds': 5,
 'logdir': 'training',
 'logs_dir': 'logs/',
 'loss_name': 'CombinedLoss',
 'lrschedule': 'warmup_cosine',
 'max_epochs': 150,
 'min_delta_loss': 0.01,
 'min_delta_val': 0.02,
 'model_name': 'swinunetr',
 'momentum': 0.99,
 'noamp': False,
 'norm_name': 'instance',
 'oar_id': 2077738,
 'optim_lr': 0.0005,
 'optim_name': 'adamw',
 'out_channels': 1,
 'output_dir': 'outputs/',
 'patience_loss': 30,
 'patience_val': 25,
 'pretrained_dir': './pretrained_models/fold1_f48_ep300_4gpu_dice0_9059/',
 'pretrained_model_name': 'model_swinvit.pt',
 'rank': 0,
 'reg_weight': 0.0005,
 'resume_ckpt': False,
 'roi_x': 128,
 'roi_y': 128,
 'roi_z': 128,
 'save_checkpoint': True,
 'seed': 304,
 'similarity_loss': 'margin',
 'similarity_loss_weight': 0.1,
 'spatial_dims': 3,
 'split_method': 'balanced',
 'start_epoch': 0,
 'sw_batch_size': 1,
 'telegram_log': True,
 'test_mode': False,
 'token': './token/tlg_token.txt',
 'use_checkpoint': False,
 'val_every': 5,
 'warmup_epochs': 7,
 'workers': 8,
 'world_size': 1}
2025-10-22 16:44:44,997 INFO 
2025-10-22 16:44:45,001 INFO Saved configuration to: outputs/OrganoidsINRIA/swinunetr/2025-10-22-16-44/config.txt
2025-10-22 16:44:45,595 INFO Using GPU: 0
2025-10-22 16:44:45,595 INFO 
2025-10-22 16:44:45,595 INFO Model INFO:
2025-10-22 16:44:45,595 INFO Model architecture: swinunetr
2025-10-22 16:44:45,992 INFO Using pretrained weights
2025-10-22 16:44:45,992 INFO => loading pretrained model './pretrained_models/fold1_f48_ep300_4gpu_dice0_9059/model_swinvit.pt'
2025-10-22 16:44:49,797 INFO Missing keys when loading pretrained: 33
2025-10-22 16:44:49,801 INFO Unexpected keys when loading pretrained: 8
2025-10-22 16:44:49,804 INFO Using SwinUNETR with Single Linear Classification Head
2025-10-22 16:44:49,805 INFO Total trainable parameters: 39,914,805
2025-10-22 16:44:49,853 INFO 
2025-10-22 16:44:49,853 INFO Optimizer INFO:
2025-10-22 16:44:49,854 INFO Using optimizer: adamw with lr=0.0005, weight_decay=0.0005
2025-10-22 16:44:49,854 INFO 
2025-10-22 16:44:49,854 INFO Dataset INFO:
2025-10-22 16:44:49,905 INFO Dataset length: 423
2025-10-22 16:44:49,905 INFO Class distribution in entire dataset:
2025-10-22 16:44:49,905 INFO   Class 0: 137
2025-10-22 16:44:49,905 INFO   Class 1: 43
2025-10-22 16:44:49,905 INFO   Class 2: 243
2025-10-22 16:44:49,905 INFO 
Using split method: balanced
2025-10-22 16:44:49,909 INFO 
Train set balance:
2025-10-22 16:44:49,910 INFO 
Val set balance:
2025-10-22 16:44:49,910 INFO Training set length: 102
2025-10-22 16:44:49,910 INFO Validation set length: 27
2025-10-22 16:44:49,910 INFO 
WARNING: batch_size (8) non è multiplo di 3
2025-10-22 16:44:49,910 INFO Con similarity loss, ogni batch avrà 2 campioni per classe
2025-10-22 16:44:49,910 INFO 
Using BalancedBatchSampler: 2 samples per class per batch
2025-10-22 16:44:49,911 INFO Balanced batches created: 17 batches
2025-10-22 16:44:49,911 INFO Training loader: 17 batches
2025-10-22 16:44:49,911 INFO Validation loader: 27 batches
2025-10-22 16:44:49,911 INFO 
Class distribution in training set:
2025-10-22 16:44:49,911 INFO   Class 0: 34 (33.3%)
2025-10-22 16:44:49,911 INFO   Class 1: 34 (33.3%)
2025-10-22 16:44:49,911 INFO   Class 2: 34 (33.3%)
2025-10-22 16:44:49,911 INFO Class distribution in validation set:
2025-10-22 16:44:49,911 INFO   Class 0: 9 (33.3%)
2025-10-22 16:44:49,911 INFO   Class 1: 9 (33.3%)
2025-10-22 16:44:49,911 INFO   Class 2: 9 (33.3%)
2025-10-22 16:44:49,911 INFO **************************************************
2025-10-22 16:44:49,947 INFO Class weights: [ 10.000  10.000  10.000]
2025-10-22 16:44:49,948 INFO 
2025-10-22 16:44:49,948 INFO Using loss function: CombinedLoss
2025-10-22 16:44:49,948 INFO Using similarity loss: margin (weight: 0.1)
2025-10-22 16:44:49,952 INFO **************************************************
2025-10-22 16:44:49,952 INFO Starting training...
2025-10-22 16:44:49,953 INFO 0 Wed Oct 22 16:44:49 2025 Epoch: 0
2025-10-22 16:48:43,339 INFO Final training 0/149, loss: 5.8760, time 233.39s, lr: 0.000000
2025-10-22 16:48:43,787 INFO 0 Wed Oct 22 16:48:43 2025 Epoch: 1
