2026-02-02 18:55:26,650 INFO Log directory: outputs/OrganoidsINRIA_Slice_32x32/densenet/2026-02-02-18-55
2026-02-02 18:55:26,652 INFO {'RandFlipd_prob': 0.2,
 'RandRotate90d_prob': 0.2,
 'RandScaleIntensityd_prob': 0.1,
 'RandShiftIntensityd_prob': 0.1,
 'amp': True,
 'augmentation': True,
 'batch_size': 2,
 'cache_dataset': False,
 'checkpoint_path': None,
 'data_dir': '/home/mraffael/martone_project/Organoids_Dataset_32/',
 'dataset_name': 'OrganoidsINRIA_Slice_32x32',
 'debug': False,
 'debug_train_samples': 40,
 'debug_val_samples': 10,
 'dist_backend': 'nccl',
 'dist_url': 'tcp://127.0.0.1:23456',
 'distributed': False,
 'dropout_path_rate': 0.0,
 'dropout_rate': 0.0,
 'early_stopping': True,
 'encoder10_pth': '',
 'exact_class': False,
 'feature_size': 48,
 'fold': 0,
 'folds': False,
 'gpu': 0,
 'ignore_label': 3,
 'in_channels': 1,
 'infer_overlap': 0.5,
 'k_folds': 5,
 'logdir': 'test',
 'logs_dir': 'logs/',
 'loss_name': 'CE',
 'lrschedule': 'warmup_cosine',
 'max_epochs': 300,
 'min_delta_loss': 0.001,
 'min_delta_val': 0.01,
 'model_name': 'densenet',
 'momentum': 0.99,
 'n_slices': 32,
 'noamp': False,
 'norm_name': 'instance',
 'oar_id': 2231898,
 'optim_lr': 0.01,
 'optim_name': 'adamw',
 'out_channels': 1,
 'output_dir': 'outputs/',
 'patch_merging': False,
 'patience_loss': 40,
 'patience_val': 40,
 'pretrained_dir': '',
 'pretrained_model_name': '',
 'rank': 0,
 'reg_weight': 5e-05,
 'restart_T0': 20,
 'resume_ckpt': False,
 'roi_x': 32,
 'roi_y': 32,
 'roi_z': 32,
 'save_checkpoint': True,
 'seed': 3,
 'similarity_loss': '',
 'similarity_loss_weight': 0.0,
 'slice_selection': True,
 'spatial_dims': 3,
 'split_method': 'stratified',
 'start_epoch': 0,
 'sw_batch_size': 8,
 'telegram_log': True,
 'test_mode': False,
 'token': './token/tlg_token.txt',
 'use_checkpoint': False,
 'val_every': 2,
 'warmup_epochs': 5,
 'workers': 8,
 'world_size': 1}
2026-02-02 18:55:26,652 INFO 
2026-02-02 18:55:26,658 INFO Saved configuration to: outputs/OrganoidsINRIA_Slice_32x32/densenet/2026-02-02-18-55/config.txt
2026-02-02 18:55:27,268 INFO Using GPU: 0
2026-02-02 18:55:27,268 INFO 
2026-02-02 18:55:27,268 INFO Model INFO:
2026-02-02 18:55:27,268 INFO Model architecture: densenet
2026-02-02 18:55:27,530 INFO Total trainable parameters: 25,336,579
2026-02-02 18:55:27,609 INFO 
2026-02-02 18:55:27,609 INFO Optimizer INFO:
2026-02-02 18:55:27,611 INFO Using optimizer: adamw with lr=0.01, weight_decay=5e-05
2026-02-02 18:55:27,611 INFO 
2026-02-02 18:55:27,611 INFO Dataset INFO:
2026-02-02 18:55:27,621 INFO Dataset length: 721
2026-02-02 18:55:27,621 INFO Class distribution in entire dataset:
2026-02-02 18:55:27,621 INFO   Class 0: 351
2026-02-02 18:55:27,621 INFO   Class 1: 38
2026-02-02 18:55:27,621 INFO   Class 2: 332
2026-02-02 18:55:27,621 INFO 
Using split method: stratified
2026-02-02 18:55:27,636 INFO 
Train set balance:
2026-02-02 18:55:27,636 INFO 
Val set balance:
2026-02-02 18:55:27,636 INFO Training set length: 577
2026-02-02 18:55:27,636 INFO Validation set length: 144
2026-02-02 18:55:27,636 INFO 
Using standard shuffle for training
2026-02-02 18:55:27,636 INFO Training loader: 288 batches
2026-02-02 18:55:27,636 INFO Validation loader: 72 batches
2026-02-02 18:55:27,636 INFO 
Class distribution in training set:
2026-02-02 18:55:27,636 INFO   Class 0: 281 (48.7%)
2026-02-02 18:55:27,636 INFO   Class 1: 30 (5.2%)
2026-02-02 18:55:27,636 INFO   Class 2: 266 (46.1%)
2026-02-02 18:55:27,636 INFO Class distribution in validation set:
2026-02-02 18:55:27,636 INFO   Class 0: 70 (48.6%)
2026-02-02 18:55:27,636 INFO   Class 1: 8 (5.6%)
2026-02-02 18:55:27,636 INFO   Class 2: 66 (45.8%)
2026-02-02 18:55:27,636 INFO **************************************************
2026-02-02 18:55:27,735 INFO Class weights: [ 6.845  64.111  7.231]
2026-02-02 18:55:27,735 INFO 
2026-02-02 18:55:27,735 INFO Test Dataset INFO:
2026-02-02 18:55:27,740 INFO Test Dataset length: 82
2026-02-02 18:55:27,740 INFO Class distribution in test dataset:
2026-02-02 18:55:27,740 INFO   Class 0: 40
2026-02-02 18:55:27,740 INFO   Class 1: 5
2026-02-02 18:55:27,741 INFO   Class 2: 37
2026-02-02 18:55:27,741 INFO Test loader: 41 batches
2026-02-02 18:55:27,741 INFO **************************************************
2026-02-02 18:55:27,741 INFO 
2026-02-02 18:55:27,741 INFO Using loss function: CE
2026-02-02 18:55:27,744 INFO **************************************************
2026-02-02 18:55:27,744 INFO Starting training...
2026-02-02 18:55:27,748 INFO 0 Mon Feb  2 18:55:27 2026 Epoch: 1
2026-02-02 18:56:18,280 INFO Final training 1/300, loss: 1.1824, time 50.53s, lr: 0.000000
Accuracy: 0.332
class                  precision    recall   specificity      f1   support
--------------------------------------------------------------------------
0                          0.552     0.379         0.709   0.449       280
1                          0.027     0.167         0.674   0.047        30
2                          0.398     0.301         0.610   0.343       266
*----------------------------------------*
2026-02-02 18:56:18,690 INFO 0 Mon Feb  2 18:56:18 2026 Epoch: 2
2026-02-02 18:56:39,212 INFO Final training 2/300, loss: 1.9733, time 20.52s, lr: 0.002500
Accuracy: 0.507
class                  precision    recall   specificity      f1   support
--------------------------------------------------------------------------
0                          0.571     0.532         0.622   0.551       280
1                          0.051     0.100         0.897   0.067        30
2                          0.547     0.526         0.626   0.536       266
*----------------------------------------*
2026-02-02 18:56:56,024 INFO Final validation 2/300, Val_acc: 0.4942, time 16.81sAccuracy: 0.549
class                  precision    recall   specificity      f1   support
--------------------------------------------------------------------------
0                          0.677     0.300         0.865   0.416        70
1                          0.000     0.000         0.919   0.000         8
2                          0.569     0.879         0.436   0.690        66
*========================================*
2026-02-02 18:56:56,024 INFO New best (0.000000 --> 0.494213)
2026-02-02 18:57:00,883 INFO Copying best model to best_model.pt
2026-02-02 18:57:03,742 INFO 0 Mon Feb  2 18:57:03 2026 Epoch: 3
2026-02-02 18:57:24,772 INFO Final training 3/300, loss: 3.0434, time 21.03s, lr: 0.005000
Accuracy: 0.540
class                  precision    recall   specificity      f1   support
--------------------------------------------------------------------------
0                          0.601     0.591         0.627   0.596       281
1                          0.037     0.067         0.905   0.048        30
2                          0.581     0.540         0.669   0.560       265
*----------------------------------------*
2026-02-02 18:57:24,773 INFO 0 Mon Feb  2 18:57:24 2026 Epoch: 4
2026-02-02 18:57:45,208 INFO Final training 4/300, loss: 3.4823, time 20.44s, lr: 0.007500
Accuracy: 0.530
class                  precision    recall   specificity      f1   support
--------------------------------------------------------------------------
0                          0.581     0.564         0.615   0.572       280
1                          0.080     0.133         0.916   0.100        30
2                          0.563     0.538         0.642   0.550       266
*----------------------------------------*
2026-02-02 18:58:01,920 INFO Final validation 4/300, Val_acc: 0.6157, time 16.71sAccuracy: 0.667
class                  precision    recall   specificity      f1   support
--------------------------------------------------------------------------
0                          0.784     0.571         0.851   0.661        70
1                          0.000     0.000         0.963   0.000         8
2                          0.636     0.848         0.590   0.727        66
*========================================*
2026-02-02 18:58:01,921 INFO New best (0.494213 --> 0.615741)
2026-02-02 18:58:06,870 INFO Copying best model to best_model.pt
2026-02-02 18:58:09,827 INFO 0 Mon Feb  2 18:58:09 2026 Epoch: 5
2026-02-02 18:58:30,667 INFO Final training 5/300, loss: 2.5920, time 20.84s, lr: 0.010000
Accuracy: 0.542
class                  precision    recall   specificity      f1   support
--------------------------------------------------------------------------
0                          0.607     0.577         0.644   0.591       281
1                          0.104     0.167         0.921   0.128        30
2                          0.556     0.547         0.627   0.551       265
*----------------------------------------*
2026-02-02 18:58:30,667 INFO 0 Mon Feb  2 18:58:30 2026 Epoch: 6
2026-02-02 18:58:51,933 INFO Final training 6/300, loss: 1.6811, time 21.27s, lr: 0.010000
Accuracy: 0.571
class                  precision    recall   specificity      f1   support
--------------------------------------------------------------------------
0                          0.613     0.582         0.652   0.597       280
1                          0.130     0.200         0.927   0.158        30
2                          0.606     0.602         0.665   0.604       266
*----------------------------------------*
2026-02-02 18:59:08,496 INFO Final validation 6/300, Val_acc: 0.5926, time 16.56sAccuracy: 0.660
class                  precision    recall   specificity      f1   support
--------------------------------------------------------------------------
0                          0.717     0.614         0.770   0.662        70
1                          0.000     0.000         0.875   0.000         8
2                          0.776     0.788         0.808   0.782        66
*========================================*
2026-02-02 18:59:12,362 INFO 0 Mon Feb  2 18:59:12 2026 Epoch: 7
2026-02-02 18:59:33,432 INFO Final training 7/300, loss: 1.2631, time 21.07s, lr: 0.010000
Accuracy: 0.576
class                  precision    recall   specificity      f1   support
--------------------------------------------------------------------------
0                          0.609     0.618         0.625   0.613       280
1                          0.182     0.200         0.951   0.190        30
2                          0.591     0.575         0.658   0.583       266
*----------------------------------------*
2026-02-02 18:59:33,433 INFO 0 Mon Feb  2 18:59:33 2026 Epoch: 8
2026-02-02 18:59:54,836 INFO Final training 8/300, loss: 1.1974, time 21.40s, lr: 0.009999
Accuracy: 0.564
class                  precision    recall   specificity      f1   support
--------------------------------------------------------------------------
0                          0.606     0.582         0.642   0.594       280
1                          0.135     0.167         0.941   0.149        30
2                          0.581     0.590         0.635   0.586       266
*----------------------------------------*
2026-02-02 19:00:11,480 INFO Final validation 8/300, Val_acc: 0.4306, time 16.64sAccuracy: 0.500
class                  precision    recall   specificity      f1   support
--------------------------------------------------------------------------
0                          0.640     0.229         0.878   0.337        70
1                          0.028     0.125         0.743   0.045         8
2                          0.663     0.833         0.641   0.738        66
*========================================*
2026-02-02 19:00:15,068 INFO 0 Mon Feb  2 19:00:15 2026 Epoch: 9
2026-02-02 19:00:36,132 INFO Final training 9/300, loss: 1.0536, time 21.06s, lr: 0.009997
Accuracy: 0.589
class                  precision    recall   specificity      f1   support
--------------------------------------------------------------------------
0                          0.625     0.641         0.634   0.633       281
1                          0.091     0.100         0.945   0.095        30
2                          0.612     0.589         0.682   0.600       265
*----------------------------------------*
2026-02-02 19:00:36,132 INFO 0 Mon Feb  2 19:00:36 2026 Epoch: 10
2026-02-02 19:00:56,904 INFO Final training 10/300, loss: 1.0215, time 20.77s, lr: 0.009995
Accuracy: 0.578
class                  precision    recall   specificity      f1   support
--------------------------------------------------------------------------
0                          0.610     0.614         0.628   0.612       280
1                          0.100     0.100         0.951   0.100        30
2                          0.598     0.594         0.658   0.596       266
*----------------------------------------*
2026-02-02 19:01:13,527 INFO Final validation 10/300, Val_acc: 0.4861, time 16.62sAccuracy: 0.562
class                  precision    recall   specificity      f1   support
--------------------------------------------------------------------------
0                          0.682     0.429         0.811   0.526        70
1                          0.000     0.000         0.794   0.000         8
2                          0.708     0.773         0.731   0.739        66
*========================================*
2026-02-02 19:01:17,394 INFO 0 Mon Feb  2 19:01:17 2026 Epoch: 11
2026-02-02 19:01:38,796 INFO Final training 11/300, loss: 0.9956, time 21.40s, lr: 0.009993
Accuracy: 0.564
class                  precision    recall   specificity      f1   support
--------------------------------------------------------------------------
0                          0.614     0.614         0.635   0.614       280
1                          0.107     0.100         0.954   0.103        30
2                          0.560     0.564         0.619   0.562       266
*----------------------------------------*
2026-02-02 19:01:39,212 INFO 0 Mon Feb  2 19:01:39 2026 Epoch: 12
2026-02-02 19:02:00,184 INFO Final training 12/300, loss: 0.8896, time 20.97s, lr: 0.009990
Accuracy: 0.632
class                  precision    recall   specificity      f1   support
--------------------------------------------------------------------------
0                          0.652     0.680         0.654   0.666       281
1                          0.200     0.100         0.978   0.133        30
2                          0.634     0.642         0.685   0.638       265
*----------------------------------------*
2026-02-02 19:02:16,879 INFO Final validation 12/300, Val_acc: 0.5150, time 16.70sAccuracy: 0.576
class                  precision    recall   specificity      f1   support
--------------------------------------------------------------------------
0                          0.774     0.343         0.905   0.475        70
1                          0.034     0.125         0.794   0.054         8
2                          0.690     0.879         0.667   0.773        66
*========================================*
2026-02-02 19:02:20,483 INFO 0 Mon Feb  2 19:02:20 2026 Epoch: 13
2026-02-02 19:02:41,757 INFO Final training 13/300, loss: 0.8773, time 21.27s, lr: 0.009986
Accuracy: 0.618
class                  precision    recall   specificity      f1   support
--------------------------------------------------------------------------
0                          0.641     0.648         0.654   0.644       281
1                          0.211     0.133         0.973   0.163        30
2                          0.623     0.642         0.669   0.632       265
*----------------------------------------*
2026-02-02 19:02:41,758 INFO 0 Mon Feb  2 19:02:41 2026 Epoch: 14
2026-02-02 19:03:03,230 INFO Final training 14/300, loss: 0.9209, time 21.47s, lr: 0.009982
Accuracy: 0.589
class                  precision    recall   specificity      f1   support
--------------------------------------------------------------------------
0                          0.610     0.654         0.605   0.631       280
1                          0.059     0.033         0.971   0.043        30
2                          0.598     0.583         0.665   0.590       266
*----------------------------------------*
2026-02-02 19:03:19,874 INFO Final validation 14/300, Val_acc: 0.5602, time 16.64sAccuracy: 0.625
class                  precision    recall   specificity      f1   support
--------------------------------------------------------------------------
0                          0.783     0.514         0.865   0.621        70
1                          0.000     0.000         0.801   0.000         8
2                          0.761     0.818         0.782   0.788        66
*========================================*
2026-02-02 19:03:23,521 INFO 0 Mon Feb  2 19:03:23 2026 Epoch: 15
2026-02-02 19:03:44,698 INFO Final training 15/300, loss: 0.9441, time 21.18s, lr: 0.009977
Accuracy: 0.602
class                  precision    recall   specificity      f1   support
--------------------------------------------------------------------------
0                          0.632     0.625         0.655   0.628       280
1                          0.273     0.100         0.985   0.146        30
2                          0.587     0.635         0.616   0.610       266
*----------------------------------------*
2026-02-02 19:03:44,698 INFO 0 Mon Feb  2 19:03:44 2026 Epoch: 16
2026-02-02 19:04:05,563 INFO Final training 16/300, loss: 0.9398, time 20.87s, lr: 0.009972
Accuracy: 0.618
class                  precision    recall   specificity      f1   support
--------------------------------------------------------------------------
0                          0.639     0.680         0.634   0.659       281
1                          0.053     0.033         0.967   0.041        30
2                          0.636     0.619         0.698   0.627       265
*----------------------------------------*
2026-02-02 19:04:22,359 INFO Final validation 16/300, Val_acc: 0.6169, time 16.79sAccuracy: 0.674
class                  precision    recall   specificity      f1   support
--------------------------------------------------------------------------
0                          0.768     0.614         0.824   0.683        70
1                          0.000     0.000         1.000   0.000         8
2                          0.614     0.818         0.564   0.701        66
*========================================*
2026-02-02 19:04:22,359 INFO New best (0.615741 --> 0.616898)
2026-02-02 19:04:27,252 INFO Copying best model to best_model.pt
2026-02-02 19:04:30,147 INFO 0 Mon Feb  2 19:04:30 2026 Epoch: 17
2026-02-02 19:04:51,259 INFO Final training 17/300, loss: 0.9644, time 21.11s, lr: 0.009966
Accuracy: 0.595
class                  precision    recall   specificity      f1   support
--------------------------------------------------------------------------
0                          0.637     0.605         0.671   0.620       281
1                          0.083     0.067         0.960   0.074        30
2                          0.600     0.645         0.633   0.622       265
*----------------------------------------*
2026-02-02 19:04:51,259 INFO 0 Mon Feb  2 19:04:51 2026 Epoch: 18
2026-02-02 19:05:11,499 INFO Final training 18/300, loss: 0.9296, time 20.24s, lr: 0.009959
Accuracy: 0.573
class                  precision    recall   specificity      f1   support
--------------------------------------------------------------------------
0                          0.581     0.643         0.561   0.610       280
1                          0.444     0.133         0.991   0.205        30
2                          0.568     0.549         0.642   0.558       266
*----------------------------------------*
2026-02-02 19:05:28,091 INFO Final validation 18/300, Val_acc: 0.5278, time 16.59sAccuracy: 0.597
class                  precision    recall   specificity      f1   support
--------------------------------------------------------------------------
0                          0.588     0.714         0.527   0.645        70
1                          0.000     0.000         0.875   0.000         8
2                          0.857     0.545         0.923   0.667        66
*========================================*
2026-02-02 19:05:31,740 INFO 0 Mon Feb  2 19:05:31 2026 Epoch: 19
2026-02-02 19:05:52,533 INFO Final training 19/300, loss: 0.9283, time 20.79s, lr: 0.009952
Accuracy: 0.599
class                  precision    recall   specificity      f1   support
--------------------------------------------------------------------------
0                          0.629     0.629         0.649   0.629       280
1                          0.115     0.100         0.958   0.107        30
2                          0.615     0.624         0.665   0.619       266
*----------------------------------------*
2026-02-02 19:05:52,533 INFO 0 Mon Feb  2 19:05:52 2026 Epoch: 20
2026-02-02 19:06:12,655 INFO Final training 20/300, loss: 0.9165, time 20.12s, lr: 0.009945
Accuracy: 0.622
class                  precision    recall   specificity      f1   support
--------------------------------------------------------------------------
0                          0.658     0.690         0.658   0.674       281
1                          0.083     0.067         0.960   0.074        30
2                          0.630     0.611         0.695   0.621       265
*----------------------------------------*
2026-02-02 19:06:29,410 INFO Final validation 20/300, Val_acc: 0.5139, time 16.75sAccuracy: 0.583
class                  precision    recall   specificity      f1   support
--------------------------------------------------------------------------
0                          0.667     0.457         0.784   0.542        70
1                          0.000     0.000         0.853   0.000         8
2                          0.684     0.788         0.692   0.732        66
*========================================*
2026-02-02 19:06:33,321 INFO 0 Mon Feb  2 19:06:33 2026 Epoch: 21
2026-02-02 19:06:54,477 INFO Final training 21/300, loss: 1.0028, time 21.16s, lr: 0.009936
Accuracy: 0.602
class                  precision    recall   specificity      f1   support
--------------------------------------------------------------------------
0                          0.635     0.682         0.628   0.657       280
1                          0.105     0.067         0.969   0.082        30
2                          0.602     0.579         0.671   0.590       266
*----------------------------------------*
2026-02-02 19:06:54,889 INFO 0 Mon Feb  2 19:06:54 2026 Epoch: 22
2026-02-02 19:07:15,655 INFO Final training 22/300, loss: 0.9429, time 20.77s, lr: 0.009928
Accuracy: 0.578
class                  precision    recall   specificity      f1   support
--------------------------------------------------------------------------
0                          0.606     0.623         0.614   0.614       281
1                          0.111     0.067         0.971   0.083        30
2                          0.580     0.589         0.637   0.584       265
*----------------------------------------*
2026-02-02 19:07:32,199 INFO Final validation 22/300, Val_acc: 0.4248, time 16.54sAccuracy: 0.514
class                  precision    recall   specificity      f1   support
--------------------------------------------------------------------------
0                          0.649     0.343         0.824   0.449        70
1                          0.043     0.250         0.676   0.074         8
2                          0.787     0.727         0.833   0.756        66
*========================================*
2026-02-02 19:07:35,784 INFO 0 Mon Feb  2 19:07:35 2026 Epoch: 23
2026-02-02 19:07:56,445 INFO Final training 23/300, loss: 0.9914, time 20.66s, lr: 0.009918
Accuracy: 0.583
class                  precision    recall   specificity      f1   support
--------------------------------------------------------------------------
0                          0.611     0.616         0.627   0.613       281
1                          0.100     0.067         0.967   0.080        30
2                          0.590     0.608         0.640   0.599       265
*----------------------------------------*
2026-02-02 19:07:56,445 INFO 0 Mon Feb  2 19:07:56 2026 Epoch: 24
2026-02-02 19:08:17,278 INFO Final training 24/300, loss: 1.0109, time 20.83s, lr: 0.009908
Accuracy: 0.559
class                  precision    recall   specificity      f1   support
--------------------------------------------------------------------------
0                          0.587     0.612         0.590   0.599       281
1                          0.043     0.034         0.960   0.038        29
2                          0.573     0.560         0.642   0.567       266
*----------------------------------------*
2026-02-02 19:08:34,016 INFO Final validation 24/300, Val_acc: 0.4479, time 16.74sAccuracy: 0.493
class                  precision    recall   specificity      f1   support
--------------------------------------------------------------------------
0                          0.667     0.200         0.905   0.308        70
1                          0.000     0.000         0.816   0.000         8
2                          0.582     0.864         0.474   0.695        66
*========================================*
2026-02-02 19:08:37,830 INFO 0 Mon Feb  2 19:08:37 2026 Epoch: 25
2026-02-02 19:08:58,689 INFO Final training 25/300, loss: 1.0324, time 20.86s, lr: 0.009898
Accuracy: 0.590
class                  precision    recall   specificity      f1   support
--------------------------------------------------------------------------
0                          0.621     0.614         0.645   0.618       280
1                          0.095     0.067         0.965   0.078        30
2                          0.597     0.624         0.639   0.610       266
*----------------------------------------*
2026-02-02 19:08:58,689 INFO 0 Mon Feb  2 19:08:58 2026 Epoch: 26
2026-02-02 19:09:19,149 INFO Final training 26/300, loss: 1.0128, time 20.46s, lr: 0.009887
Accuracy: 0.575
class                  precision    recall   specificity      f1   support
--------------------------------------------------------------------------
0                          0.607     0.605         0.627   0.606       281
1                          0.130     0.100         0.963   0.113        30
2                          0.579     0.596         0.630   0.587       265
*----------------------------------------*
2026-02-02 19:09:35,934 INFO Final validation 26/300, Val_acc: 0.5787, time 16.79sAccuracy: 0.639
class                  precision    recall   specificity      f1   support
--------------------------------------------------------------------------
0                          0.735     0.514         0.824   0.605        70
1                          0.500     0.125         0.993   0.200         8
2                          0.591     0.833         0.513   0.692        66
*========================================*
2026-02-02 19:09:39,570 INFO 0 Mon Feb  2 19:09:39 2026 Epoch: 27
2026-02-02 19:10:00,416 INFO Final training 27/300, loss: 0.9918, time 20.85s, lr: 0.009875
Accuracy: 0.589
class                  precision    recall   specificity      f1   support
--------------------------------------------------------------------------
0                          0.615     0.626         0.627   0.621       281
1                          0.118     0.067         0.973   0.085        30
2                          0.590     0.608         0.640   0.599       265
*----------------------------------------*
2026-02-02 19:10:00,416 INFO 0 Mon Feb  2 19:10:00 2026 Epoch: 28
2026-02-02 19:10:21,574 INFO Final training 28/300, loss: 1.0457, time 21.16s, lr: 0.009863
Accuracy: 0.583
class                  precision    recall   specificity      f1   support
--------------------------------------------------------------------------
0                          0.612     0.633         0.617   0.622       281
1                          0.045     0.033         0.962   0.038        30
2                          0.597     0.592         0.659   0.595       265
*----------------------------------------*
2026-02-02 19:10:38,250 INFO Final validation 28/300, Val_acc: 0.3669, time 16.68sAccuracy: 0.444
class                  precision    recall   specificity      f1   support
--------------------------------------------------------------------------
0                          0.478     0.471         0.514   0.475        70
1                          0.000     0.000         0.757   0.000         8
2                          0.738     0.470         0.859   0.574        66
*========================================*
2026-02-02 19:10:41,829 INFO 0 Mon Feb  2 19:10:41 2026 Epoch: 29
2026-02-02 19:11:03,240 INFO Final training 29/300, loss: 0.9858, time 21.41s, lr: 0.009851
Accuracy: 0.601
class                  precision    recall   specificity      f1   support
--------------------------------------------------------------------------
0                          0.630     0.637         0.644   0.634       281
1                          0.150     0.100         0.969   0.120        30
2                          0.603     0.619         0.653   0.611       265
*----------------------------------------*
2026-02-02 19:11:03,240 INFO 0 Mon Feb  2 19:11:03 2026 Epoch: 30
2026-02-02 19:11:23,228 INFO Final training 30/300, loss: 0.9782, time 19.99s, lr: 0.009838
Accuracy: 0.573
class                  precision    recall   specificity      f1   support
--------------------------------------------------------------------------
0                          0.612     0.614         0.632   0.613       280
1                          0.038     0.033         0.954   0.036        30
2                          0.584     0.590         0.639   0.587       266
*----------------------------------------*
2026-02-02 19:11:39,970 INFO Final validation 30/300, Val_acc: 0.4884, time 16.74sAccuracy: 0.542
class                  precision    recall   specificity      f1   support
--------------------------------------------------------------------------
0                          0.545     0.600         0.527   0.571        70
1                          0.250     0.125         0.978   0.167         8
2                          0.556     0.530         0.641   0.543        66
*========================================*
2026-02-02 19:11:43,581 INFO 0 Mon Feb  2 19:11:43 2026 Epoch: 31
2026-02-02 19:12:04,646 INFO Final training 31/300, loss: 0.9747, time 21.06s, lr: 0.009824
Accuracy: 0.595
class                  precision    recall   specificity      f1   support
--------------------------------------------------------------------------
0                          0.620     0.671         0.611   0.645       280
1                          0.077     0.067         0.956   0.071        30
2                          0.619     0.575         0.697   0.596       266
*----------------------------------------*
2026-02-02 19:12:05,088 INFO 0 Mon Feb  2 19:12:05 2026 Epoch: 32
2026-02-02 19:12:26,716 INFO Final training 32/300, loss: 1.0454, time 21.63s, lr: 0.009810
Accuracy: 0.559
class                  precision    recall   specificity      f1   support
--------------------------------------------------------------------------
0                          0.601     0.573         0.637   0.587       281
1                          0.111     0.100         0.956   0.105        30
2                          0.562     0.596         0.605   0.579       265
*----------------------------------------*
2026-02-02 19:12:43,446 INFO Final validation 32/300, Val_acc: 0.5382, time 16.73sAccuracy: 0.590
class                  precision    recall   specificity      f1   support
--------------------------------------------------------------------------
0                          0.600     0.643         0.595   0.621        70
1                          0.000     0.000         1.000   0.000         8
2                          0.580     0.606         0.628   0.593        66
*========================================*
2026-02-02 19:12:47,071 INFO 0 Mon Feb  2 19:12:47 2026 Epoch: 33
2026-02-02 19:13:08,092 INFO Final training 33/300, loss: 1.0904, time 21.02s, lr: 0.009795
Accuracy: 0.528
class                  precision    recall   specificity      f1   support
--------------------------------------------------------------------------
0                          0.554     0.544         0.583   0.549       281
1                          0.029     0.034         0.938   0.031        29
2                          0.566     0.564         0.629   0.565       266
*----------------------------------------*
2026-02-02 19:13:08,092 INFO 0 Mon Feb  2 19:13:08 2026 Epoch: 34
2026-02-02 19:13:29,286 INFO Final training 34/300, loss: 1.0420, time 21.19s, lr: 0.009779
Accuracy: 0.594
class                  precision    recall   specificity      f1   support
--------------------------------------------------------------------------
0                          0.615     0.619         0.631   0.617       281
1                          0.154     0.138         0.960   0.145        29
2                          0.614     0.617         0.668   0.615       266
*----------------------------------------*
2026-02-02 19:13:46,007 INFO Final validation 34/300, Val_acc: 0.4375, time 16.72sAccuracy: 0.514
class                  precision    recall   specificity      f1   support
--------------------------------------------------------------------------
0                          0.654     0.243         0.878   0.354        70
1                          0.132     0.625         0.757   0.217         8
2                          0.650     0.788         0.641   0.712        66
*========================================*
2026-02-02 19:13:49,579 INFO 0 Mon Feb  2 19:13:49 2026 Epoch: 35
2026-02-02 19:14:10,412 INFO Final training 35/300, loss: 1.1482, time 20.83s, lr: 0.009763
Accuracy: 0.550
class                  precision    recall   specificity      f1   support
--------------------------------------------------------------------------
0                          0.569     0.569         0.590   0.569       281
1                          0.188     0.200         0.952   0.194        30
2                          0.574     0.570         0.640   0.572       265
*----------------------------------------*
2026-02-02 19:14:10,412 INFO 0 Mon Feb  2 19:14:10 2026 Epoch: 36
2026-02-02 19:14:31,429 INFO Final training 36/300, loss: 1.0296, time 21.02s, lr: 0.009747
Accuracy: 0.566
class                  precision    recall   specificity      f1   support
--------------------------------------------------------------------------
0                          0.614     0.633         0.620   0.623       281
1                          0.129     0.133         0.951   0.131        30
2                          0.565     0.543         0.643   0.554       265
*----------------------------------------*
2026-02-02 19:14:48,148 INFO Final validation 36/300, Val_acc: 0.4144, time 16.72sAccuracy: 0.465
class                  precision    recall   specificity      f1   support
--------------------------------------------------------------------------
0                          0.600     0.086         0.946   0.150        70
1                          0.135     0.625         0.765   0.222         8
2                          0.577     0.848         0.474   0.687        66
*========================================*
2026-02-02 19:14:51,729 INFO 0 Mon Feb  2 19:14:51 2026 Epoch: 37
2026-02-02 19:15:12,754 INFO Final training 37/300, loss: 0.9838, time 21.02s, lr: 0.009730
Accuracy: 0.587
class                  precision    recall   specificity      f1   support
--------------------------------------------------------------------------
0                          0.607     0.639         0.608   0.623       280
1                          0.040     0.033         0.956   0.036        30
2                          0.617     0.594         0.684   0.605       266
*----------------------------------------*
2026-02-02 19:15:12,754 INFO 0 Mon Feb  2 19:15:12 2026 Epoch: 38
2026-02-02 19:15:32,836 INFO Final training 38/300, loss: 1.0700, time 20.08s, lr: 0.009712
Accuracy: 0.524
class                  precision    recall   specificity      f1   support
--------------------------------------------------------------------------
0                          0.558     0.564         0.578   0.561       280
1                          0.148     0.133         0.958   0.140        30
2                          0.526     0.526         0.594   0.526       266
*----------------------------------------*
2026-02-02 19:15:49,582 INFO Final validation 38/300, Val_acc: 0.5243, time 16.75sAccuracy: 0.583
class                  precision    recall   specificity      f1   support
--------------------------------------------------------------------------
0                          0.667     0.457         0.784   0.542        70
1                          0.000     0.000         1.000   0.000         8
2                          0.542     0.788         0.436   0.642        66
*========================================*
2026-02-02 19:15:53,182 INFO 0 Mon Feb  2 19:15:53 2026 Epoch: 39
2026-02-02 19:16:14,180 INFO Final training 39/300, loss: 0.9746, time 21.00s, lr: 0.009694
Accuracy: 0.578
class                  precision    recall   specificity      f1   support
--------------------------------------------------------------------------
0                          0.591     0.625         0.591   0.608       280
1                          0.133     0.067         0.976   0.089        30
2                          0.589     0.586         0.648   0.588       266
*----------------------------------------*
2026-02-02 19:16:14,180 INFO 0 Mon Feb  2 19:16:14 2026 Epoch: 40
2026-02-02 19:16:34,662 INFO Final training 40/300, loss: 1.0330, time 20.48s, lr: 0.009676
Accuracy: 0.606
class                  precision    recall   specificity      f1   support
--------------------------------------------------------------------------
0                          0.627     0.636         0.642   0.631       280
1                          0.158     0.200         0.941   0.176        30
2                          0.650     0.620         0.713   0.635       266
*----------------------------------------*
2026-02-02 19:16:51,433 INFO Final validation 40/300, Val_acc: 0.5579, time 16.77sAccuracy: 0.604
class                  precision    recall   specificity      f1   support
--------------------------------------------------------------------------
0                          0.846     0.314         0.946   0.458        70
1                          0.333     0.250         0.971   0.286         8
2                          0.562     0.955         0.372   0.708        66
*========================================*
2026-02-02 19:16:55,086 INFO 0 Mon Feb  2 19:16:55 2026 Epoch: 41
2026-02-02 19:17:15,688 INFO Final training 41/300, loss: 1.0060, time 20.60s, lr: 0.009657
Accuracy: 0.564
class                  precision    recall   specificity      f1   support
--------------------------------------------------------------------------
0                          0.596     0.600         0.615   0.598       280
1                          0.121     0.133         0.947   0.127        30
2                          0.586     0.575         0.652   0.581       266
*----------------------------------------*
2026-02-02 19:17:16,139 INFO 0 Mon Feb  2 19:17:16 2026 Epoch: 42
2026-02-02 19:17:37,345 INFO Final training 42/300, loss: 0.9795, time 21.21s, lr: 0.009637
Accuracy: 0.608
class                  precision    recall   specificity      f1   support
--------------------------------------------------------------------------
0                          0.624     0.639         0.635   0.631       280
1                          0.188     0.100         0.976   0.130        30
2                          0.615     0.632         0.661   0.623       266
*----------------------------------------*
2026-02-02 19:17:54,069 INFO Final validation 42/300, Val_acc: 0.4410, time 16.72sAccuracy: 0.500
class                  precision    recall   specificity      f1   support
--------------------------------------------------------------------------
0                          0.692     0.386         0.838   0.495        70
1                          0.000     0.000         0.846   0.000         8
2                          0.536     0.682         0.500   0.600        66
*========================================*
2026-02-02 19:17:57,869 INFO 0 Mon Feb  2 19:17:57 2026 Epoch: 43
2026-02-02 19:18:18,532 INFO Final training 43/300, loss: 0.9158, time 20.66s, lr: 0.009617
Accuracy: 0.576
class                  precision    recall   specificity      f1   support
--------------------------------------------------------------------------
0                          0.605     0.626         0.610   0.615       281
1                          0.222     0.200         0.962   0.211        30
2                          0.581     0.566         0.653   0.574       265
*----------------------------------------*
2026-02-02 19:18:18,532 INFO 0 Mon Feb  2 19:18:18 2026 Epoch: 44
2026-02-02 19:18:39,104 INFO Final training 44/300, loss: 1.0731, time 20.57s, lr: 0.009596
Accuracy: 0.562
class                  precision    recall   specificity      f1   support
--------------------------------------------------------------------------
0                          0.592     0.611         0.601   0.601       280
1                          0.067     0.067         0.949   0.067        30
2                          0.588     0.568         0.658   0.577       266
*----------------------------------------*
2026-02-02 19:18:55,743 INFO Final validation 44/300, Val_acc: 0.6285, time 16.64sAccuracy: 0.681
class                  precision    recall   specificity      f1   support
--------------------------------------------------------------------------
0                          0.792     0.600         0.851   0.683        70
1                          0.000     0.000         1.000   0.000         8
2                          0.615     0.848         0.551   0.713        66
*========================================*
2026-02-02 19:18:55,743 INFO New best (0.616898 --> 0.628472)
2026-02-02 19:19:00,700 INFO Copying best model to best_model.pt
2026-02-02 19:19:03,660 INFO 0 Mon Feb  2 19:19:03 2026 Epoch: 45
2026-02-02 19:19:24,850 INFO Final training 45/300, loss: 1.0410, time 21.19s, lr: 0.009575
Accuracy: 0.575
class                  precision    recall   specificity      f1   support
--------------------------------------------------------------------------
0                          0.614     0.607         0.639   0.610       280
1                          0.071     0.067         0.952   0.069        30
2                          0.587     0.598         0.639   0.592       266
*----------------------------------------*
2026-02-02 19:19:24,850 INFO 0 Mon Feb  2 19:19:24 2026 Epoch: 46
2026-02-02 19:19:46,456 INFO Final training 46/300, loss: 0.9774, time 21.61s, lr: 0.009553
Accuracy: 0.595
class                  precision    recall   specificity      f1   support
--------------------------------------------------------------------------
0                          0.627     0.643         0.639   0.635       280
1                          0.000     0.000         0.973   0.000        30
2                          0.595     0.613         0.642   0.604       266
*----------------------------------------*
2026-02-02 19:20:03,065 INFO Final validation 46/300, Val_acc: 0.4711, time 16.61sAccuracy: 0.486
class                  precision    recall   specificity      f1   support
--------------------------------------------------------------------------
0                          0.750     0.043         0.986   0.081        70
1                          0.333     0.375         0.956   0.353         8
2                          0.489     0.970         0.141   0.650        66
*========================================*
2026-02-02 19:20:06,644 INFO 0 Mon Feb  2 19:20:06 2026 Epoch: 47
2026-02-02 19:20:28,949 INFO Final training 47/300, loss: 1.0546, time 22.30s, lr: 0.009531
Accuracy: 0.585
class                  precision    recall   specificity      f1   support
--------------------------------------------------------------------------
0                          0.607     0.637         0.607   0.622       281
1                          0.000     0.000         0.962   0.000        30
2                          0.608     0.596         0.672   0.602       265
*----------------------------------------*
2026-02-02 19:20:28,949 INFO 0 Mon Feb  2 19:20:28 2026 Epoch: 48
2026-02-02 19:20:49,802 INFO Final training 48/300, loss: 0.9874, time 20.85s, lr: 0.009508
Accuracy: 0.568
class                  precision    recall   specificity      f1   support
--------------------------------------------------------------------------
0                          0.591     0.626         0.586   0.608       281
1                          0.000     0.000         0.974   0.000        30
2                          0.572     0.570         0.637   0.571       265
*----------------------------------------*
2026-02-02 19:21:06,592 INFO Final validation 48/300, Val_acc: 0.5266, time 16.79sAccuracy: 0.556
class                  precision    recall   specificity      f1   support
--------------------------------------------------------------------------
0                          0.842     0.229         0.959   0.360        70
1                          0.000     0.000         1.000   0.000         8
2                          0.512     0.970         0.218   0.670        66
*========================================*
2026-02-02 19:21:10,310 INFO 0 Mon Feb  2 19:21:10 2026 Epoch: 49
2026-02-02 19:21:31,600 INFO Final training 49/300, loss: 1.0830, time 21.29s, lr: 0.009485
Accuracy: 0.608
class                  precision    recall   specificity      f1   support
--------------------------------------------------------------------------
0                          0.639     0.630         0.661   0.634       281
1                          0.050     0.033         0.965   0.040        30
2                          0.616     0.649         0.656   0.632       265
*----------------------------------------*
2026-02-02 19:21:31,600 INFO 0 Mon Feb  2 19:21:31 2026 Epoch: 50
2026-02-02 19:21:52,587 INFO Final training 50/300, loss: 1.0365, time 20.99s, lr: 0.009461
Accuracy: 0.559
class                  precision    recall   specificity      f1   support
--------------------------------------------------------------------------
0                          0.584     0.586         0.605   0.585       280
1                          0.120     0.100         0.960   0.109        30
2                          0.574     0.583         0.629   0.578       266
*----------------------------------------*
2026-02-02 19:22:09,179 INFO Final validation 50/300, Val_acc: 0.4884, time 16.59sAccuracy: 0.562
class                  precision    recall   specificity      f1   support
--------------------------------------------------------------------------
0                          0.735     0.357         0.878   0.481        70
1                          0.147     0.625         0.787   0.238         8
2                          0.671     0.773         0.679   0.718        66
*========================================*
2026-02-02 19:22:12,782 INFO 0 Mon Feb  2 19:22:12 2026 Epoch: 51
2026-02-02 19:22:33,245 INFO Final training 51/300, loss: 1.0438, time 20.46s, lr: 0.009437
Accuracy: 0.536
class                  precision    recall   specificity      f1   support
--------------------------------------------------------------------------
0                          0.570     0.594         0.573   0.582       281
1                          0.031     0.034         0.943   0.033        29
2                          0.562     0.530         0.645   0.545       266
*----------------------------------------*
2026-02-02 19:22:33,650 INFO 0 Mon Feb  2 19:22:33 2026 Epoch: 52
2026-02-02 19:22:55,576 INFO Final training 52/300, loss: 1.0429, time 21.93s, lr: 0.009412
Accuracy: 0.540
class                  precision    recall   specificity      f1   support
--------------------------------------------------------------------------
0                          0.575     0.561         0.608   0.568       280
1                          0.043     0.033         0.960   0.038        30
2                          0.546     0.575         0.590   0.560       266
*----------------------------------------*
2026-02-02 19:23:12,196 INFO Final validation 52/300, Val_acc: 0.4560, time 16.62sAccuracy: 0.507
class                  precision    recall   specificity      f1   support
--------------------------------------------------------------------------
0                          0.495     0.757         0.270   0.599        70
1                          0.000     0.000         1.000   0.000         8
2                          0.541     0.303         0.782   0.388        66
*========================================*
2026-02-02 19:23:15,817 INFO 0 Mon Feb  2 19:23:15 2026 Epoch: 53
2026-02-02 19:23:36,898 INFO Final training 53/300, loss: 0.8974, time 21.08s, lr: 0.009387
Accuracy: 0.595
class                  precision    recall   specificity      f1   support
--------------------------------------------------------------------------
0                          0.625     0.616         0.647   0.620       281
1                          0.200     0.100         0.978   0.133        30
2                          0.588     0.630         0.624   0.608       265
*----------------------------------------*
2026-02-02 19:23:36,898 INFO 0 Mon Feb  2 19:23:36 2026 Epoch: 54
2026-02-02 19:23:57,932 INFO Final training 54/300, loss: 1.0374, time 21.03s, lr: 0.009361
Accuracy: 0.568
class                  precision    recall   specificity      f1   support
--------------------------------------------------------------------------
0                          0.603     0.629         0.608   0.615       280
1                          0.050     0.033         0.965   0.040        30
2                          0.568     0.564         0.632   0.566       266
*----------------------------------------*
2026-02-02 19:24:14,370 INFO Final validation 54/300, Val_acc: 0.5440, time 16.44sAccuracy: 0.583
class                  precision    recall   specificity      f1   support
--------------------------------------------------------------------------
0                          0.718     0.400         0.851   0.514        70
1                          0.000     0.000         1.000   0.000         8
2                          0.533     0.848         0.372   0.655        66
*========================================*
2026-02-02 19:24:18,010 INFO 0 Mon Feb  2 19:24:18 2026 Epoch: 55
2026-02-02 19:24:39,370 INFO Final training 55/300, loss: 0.9857, time 21.36s, lr: 0.009335
Accuracy: 0.594
class                  precision    recall   specificity      f1   support
--------------------------------------------------------------------------
0                          0.625     0.616         0.647   0.620       281
1                          0.107     0.100         0.954   0.103        30
2                          0.613     0.626         0.662   0.619       265
*----------------------------------------*
2026-02-02 19:24:39,370 INFO 0 Mon Feb  2 19:24:39 2026 Epoch: 56
2026-02-02 19:25:00,468 INFO Final training 56/300, loss: 1.0811, time 21.10s, lr: 0.009308
Accuracy: 0.583
class                  precision    recall   specificity      f1   support
--------------------------------------------------------------------------
0                          0.610     0.625         0.622   0.617       280
1                          0.037     0.033         0.952   0.035        30
2                          0.611     0.602         0.671   0.606       266
*----------------------------------------*
2026-02-02 19:25:17,216 INFO Final validation 56/300, Val_acc: 0.5127, time 16.75sAccuracy: 0.569
class                  precision    recall   specificity      f1   support
--------------------------------------------------------------------------
0                          0.660     0.443         0.784   0.530        70
1                          0.000     0.000         1.000   0.000         8
2                          0.526     0.773         0.410   0.626        66
*========================================*
2026-02-02 19:25:21,032 INFO 0 Mon Feb  2 19:25:21 2026 Epoch: 57
2026-02-02 19:25:41,701 INFO Final training 57/300, loss: 0.9700, time 20.67s, lr: 0.009280
Accuracy: 0.599
class                  precision    recall   specificity      f1   support
--------------------------------------------------------------------------
0                          0.634     0.643         0.649   0.638       280
1                          0.100     0.100         0.951   0.100        30
2                          0.618     0.609         0.677   0.614       266
*----------------------------------------*
2026-02-02 19:25:41,701 INFO 0 Mon Feb  2 19:25:41 2026 Epoch: 58
2026-02-02 19:26:02,904 INFO Final training 58/300, loss: 1.0056, time 21.20s, lr: 0.009253
Accuracy: 0.615
class                  precision    recall   specificity      f1   support
--------------------------------------------------------------------------
0                          0.642     0.646         0.659   0.644       280
1                          0.179     0.167         0.958   0.172        30
2                          0.632     0.632         0.684   0.632       266
*----------------------------------------*
2026-02-02 19:26:19,820 INFO Final validation 58/300, Val_acc: 0.5787, time 16.92sAccuracy: 0.604
class                  precision    recall   specificity      f1   support
--------------------------------------------------------------------------
0                          0.917     0.314         0.973   0.468        70
1                          0.000     0.000         1.000   0.000         8
2                          0.542     0.985         0.295   0.699        66
*========================================*
2026-02-02 19:26:23,423 INFO 0 Mon Feb  2 19:26:23 2026 Epoch: 59
2026-02-02 19:26:44,866 INFO Final training 59/300, loss: 0.9534, time 21.44s, lr: 0.009224
Accuracy: 0.642
class                  precision    recall   specificity      f1   support
--------------------------------------------------------------------------
0                          0.680     0.654         0.709   0.667       280
1                          0.192     0.167         0.962   0.179        30
2                          0.648     0.684         0.681   0.665       266
*----------------------------------------*
2026-02-02 19:26:44,867 INFO 0 Mon Feb  2 19:26:44 2026 Epoch: 60
2026-02-02 19:27:06,141 INFO Final training 60/300, loss: 0.9453, time 21.27s, lr: 0.009196
Accuracy: 0.604
class                  precision    recall   specificity      f1   support
--------------------------------------------------------------------------
0                          0.630     0.637         0.644   0.634       281
1                          0.231     0.200         0.963   0.214        30
2                          0.613     0.615         0.669   0.614       265
*----------------------------------------*
2026-02-02 19:27:22,847 INFO Final validation 60/300, Val_acc: 0.5162, time 16.71sAccuracy: 0.562
class                  precision    recall   specificity      f1   support
--------------------------------------------------------------------------
0                          0.652     0.429         0.784   0.517        70
1                          0.000     0.000         1.000   0.000         8
2                          0.520     0.773         0.397   0.622        66
*========================================*
2026-02-02 19:27:26,443 INFO 0 Mon Feb  2 19:27:26 2026 Epoch: 61
2026-02-02 19:27:47,149 INFO Final training 61/300, loss: 0.9854, time 20.71s, lr: 0.009167
Accuracy: 0.611
class                  precision    recall   specificity      f1   support
--------------------------------------------------------------------------
0                          0.636     0.636         0.655   0.636       280
1                          0.111     0.067         0.971   0.083        30
2                          0.619     0.647         0.658   0.632       266
*----------------------------------------*
2026-02-02 19:27:47,567 INFO 0 Mon Feb  2 19:27:47 2026 Epoch: 62
2026-02-02 19:28:08,422 INFO Final training 62/300, loss: 1.0297, time 20.86s, lr: 0.009137
Accuracy: 0.583
class                  precision    recall   specificity      f1   support
--------------------------------------------------------------------------
0                          0.615     0.626         0.627   0.621       281
1                          0.000     0.000         0.974   0.000        30
2                          0.580     0.604         0.627   0.591       265
*----------------------------------------*
2026-02-02 19:28:25,284 INFO Final validation 62/300, Val_acc: 0.4537, time 16.86sAccuracy: 0.493
class                  precision    recall   specificity      f1   support
--------------------------------------------------------------------------
0                          0.700     0.200         0.919   0.311        70
1                          0.000     0.000         0.934   0.000         8
2                          0.496     0.864         0.256   0.630        66
*========================================*
2026-02-02 19:28:28,874 INFO 0 Mon Feb  2 19:28:28 2026 Epoch: 63
2026-02-02 19:28:50,045 INFO Final training 63/300, loss: 0.9766, time 21.17s, lr: 0.009107
Accuracy: 0.566
class                  precision    recall   specificity      f1   support
--------------------------------------------------------------------------
0                          0.592     0.607         0.605   0.600       280
1                          0.100     0.067         0.967   0.080        30
2                          0.572     0.579         0.629   0.576       266
*----------------------------------------*
2026-02-02 19:28:50,045 INFO 0 Mon Feb  2 19:28:50 2026 Epoch: 64
2026-02-02 19:29:11,821 INFO Final training 64/300, loss: 0.9159, time 21.78s, lr: 0.009076
Accuracy: 0.589
class                  precision    recall   specificity      f1   support
--------------------------------------------------------------------------
0                          0.602     0.630         0.603   0.616       281
1                          0.136     0.103         0.965   0.118        29
2                          0.612     0.598         0.674   0.605       266
*----------------------------------------*
2026-02-02 19:29:28,568 INFO Final validation 64/300, Val_acc: 0.5787, time 16.75sAccuracy: 0.632
class                  precision    recall   specificity      f1   support
--------------------------------------------------------------------------
0                          0.707     0.586         0.770   0.641        70
1                          0.000     0.000         1.000   0.000         8
2                          0.581     0.758         0.538   0.658        66
*========================================*
2026-02-02 19:29:32,132 INFO 0 Mon Feb  2 19:29:32 2026 Epoch: 65
2026-02-02 19:29:54,054 INFO Final training 65/300, loss: 0.9770, time 21.92s, lr: 0.009045
Accuracy: 0.578
class                  precision    recall   specificity      f1   support
--------------------------------------------------------------------------
0                          0.604     0.598         0.627   0.601       281
1                          0.192     0.167         0.962   0.179        30
2                          0.588     0.604         0.640   0.596       265
*----------------------------------------*
2026-02-02 19:29:54,054 INFO 0 Mon Feb  2 19:29:54 2026 Epoch: 66
2026-02-02 19:30:15,223 INFO Final training 66/300, loss: 0.9905, time 21.17s, lr: 0.009014
Accuracy: 0.568
class                  precision    recall   specificity      f1   support
--------------------------------------------------------------------------
0                          0.605     0.605         0.624   0.605       281
1                          0.206     0.233         0.951   0.219        30
2                          0.575     0.566         0.643   0.570       265
*----------------------------------------*
2026-02-02 19:30:31,973 INFO Final validation 66/300, Val_acc: 0.5498, time 16.75sAccuracy: 0.625
class                  precision    recall   specificity      f1   support
--------------------------------------------------------------------------
0                          0.681     0.671         0.703   0.676        70
1                          0.161     0.625         0.809   0.256         8
2                          0.864     0.576         0.923   0.691        66
*========================================*
2026-02-02 19:30:35,576 INFO 0 Mon Feb  2 19:30:35 2026 Epoch: 67
2026-02-02 19:30:56,454 INFO Final training 67/300, loss: 1.0521, time 20.88s, lr: 0.008982
Accuracy: 0.547
class                  precision    recall   specificity      f1   support
--------------------------------------------------------------------------
0                          0.572     0.579         0.591   0.575       280
1                          0.136     0.100         0.965   0.115        30
2                          0.554     0.564         0.610   0.559       266
*----------------------------------------*
2026-02-02 19:30:56,454 INFO 0 Mon Feb  2 19:30:56 2026 Epoch: 68
2026-02-02 19:31:17,695 INFO Final training 68/300, loss: 1.0196, time 21.24s, lr: 0.008949
Accuracy: 0.609
class                  precision    recall   specificity      f1   support
--------------------------------------------------------------------------
0                          0.629     0.658         0.631   0.643       281
1                          0.091     0.067         0.963   0.077        30
2                          0.631     0.619         0.691   0.625       265
*----------------------------------------*
2026-02-02 19:31:34,212 INFO Final validation 68/300, Val_acc: 0.5486, time 16.52sAccuracy: 0.604
class                  precision    recall   specificity      f1   support
--------------------------------------------------------------------------
0                          0.725     0.414         0.851   0.527        70
1                          0.273     0.375         0.941   0.316         8
2                          0.591     0.833         0.513   0.692        66
*========================================*
2026-02-02 19:31:37,779 INFO 0 Mon Feb  2 19:31:37 2026 Epoch: 69
2026-02-02 19:31:59,288 INFO Final training 69/300, loss: 1.0724, time 21.51s, lr: 0.008916
Accuracy: 0.575
class                  precision    recall   specificity      f1   support
--------------------------------------------------------------------------
0                          0.609     0.629         0.618   0.619       280
1                          0.036     0.033         0.951   0.034        30
2                          0.595     0.579         0.661   0.587       266
*----------------------------------------*
2026-02-02 19:31:59,289 INFO 0 Mon Feb  2 19:31:59 2026 Epoch: 70
2026-02-02 19:32:21,109 INFO Final training 70/300, loss: 0.9509, time 21.82s, lr: 0.008883
Accuracy: 0.576
class                  precision    recall   specificity      f1   support
--------------------------------------------------------------------------
0                          0.617     0.584         0.654   0.600       281
1                          0.080     0.067         0.958   0.073        30
2                          0.582     0.626         0.617   0.604       265
*----------------------------------------*
2026-02-02 19:32:37,713 INFO Final validation 70/300, Val_acc: 0.4387, time 16.60sAccuracy: 0.514
class                  precision    recall   specificity      f1   support
--------------------------------------------------------------------------
0                          0.650     0.371         0.811   0.473        70
1                          0.116     0.625         0.721   0.196         8
2                          0.705     0.652         0.769   0.677        66
*========================================*
2026-02-02 19:32:41,365 INFO 0 Mon Feb  2 19:32:41 2026 Epoch: 71
2026-02-02 19:33:02,579 INFO Final training 71/300, loss: 0.9809, time 21.21s, lr: 0.008849
Accuracy: 0.601
class                  precision    recall   specificity      f1   support
--------------------------------------------------------------------------
0                          0.618     0.644         0.620   0.631       281
1                          0.083     0.033         0.980   0.048        30
2                          0.605     0.619         0.656   0.612       265
*----------------------------------------*
2026-02-02 19:33:03,055 INFO 0 Mon Feb  2 19:33:03 2026 Epoch: 72
2026-02-02 19:33:24,376 INFO Final training 72/300, loss: 0.9388, time 21.32s, lr: 0.008815
Accuracy: 0.575
class                  precision    recall   specificity      f1   support
--------------------------------------------------------------------------
0                          0.601     0.601         0.620   0.601       281
1                          0.118     0.067         0.973   0.085        30
2                          0.576     0.604         0.621   0.589       265
*----------------------------------------*
2026-02-02 19:33:40,936 INFO Final validation 72/300, Val_acc: 0.5521, time 16.56sAccuracy: 0.625
class                  precision    recall   specificity      f1   support
--------------------------------------------------------------------------
0                          0.750     0.471         0.851   0.579        70
1                          0.200     0.625         0.853   0.303         8
2                          0.693     0.788         0.705   0.738        66
*========================================*
2026-02-02 19:33:44,510 INFO 0 Mon Feb  2 19:33:44 2026 Epoch: 73
2026-02-02 19:34:05,333 INFO Final training 73/300, loss: 0.9316, time 20.82s, lr: 0.008780
Accuracy: 0.622
class                  precision    recall   specificity      f1   support
--------------------------------------------------------------------------
0                          0.634     0.650         0.645   0.642       280
1                          0.062     0.033         0.973   0.043        30
2                          0.641     0.658         0.684   0.649       266
*----------------------------------------*
2026-02-02 19:34:05,333 INFO 0 Mon Feb  2 19:34:05 2026 Epoch: 74
2026-02-02 19:34:26,098 INFO Final training 74/300, loss: 0.9799, time 20.76s, lr: 0.008745
Accuracy: 0.618
class                  precision    recall   specificity      f1   support
--------------------------------------------------------------------------
0                          0.639     0.630         0.661   0.634       281
1                          0.188     0.103         0.976   0.133        29
2                          0.622     0.662         0.655   0.641       266
*----------------------------------------*
2026-02-02 19:34:42,671 INFO Final validation 74/300, Val_acc: 0.4815, time 16.57sAccuracy: 0.521
class                  precision    recall   specificity      f1   support
--------------------------------------------------------------------------
0                          0.667     0.229         0.892   0.340        70
1                          0.000     0.000         1.000   0.000         8
2                          0.492     0.894         0.218   0.634        66
*========================================*
2026-02-02 19:34:46,664 INFO 0 Mon Feb  2 19:34:46 2026 Epoch: 75
2026-02-02 19:35:07,653 INFO Final training 75/300, loss: 1.1294, time 20.99s, lr: 0.008710
Accuracy: 0.575
class                  precision    recall   specificity      f1   support
--------------------------------------------------------------------------
0                          0.625     0.618         0.649   0.621       280
1                          0.150     0.200         0.938   0.171        30
2                          0.587     0.571         0.655   0.579       266
*----------------------------------------*
2026-02-02 19:35:07,654 INFO 0 Mon Feb  2 19:35:07 2026 Epoch: 76
2026-02-02 19:35:28,340 INFO Final training 76/300, loss: 0.9739, time 20.69s, lr: 0.008674
Accuracy: 0.625
class                  precision    recall   specificity      f1   support
--------------------------------------------------------------------------
0                          0.641     0.673         0.641   0.656       281
1                          0.050     0.033         0.965   0.040        30
2                          0.651     0.642         0.707   0.646       265
*----------------------------------------*
2026-02-02 19:35:45,019 INFO Final validation 76/300, Val_acc: 0.5764, time 16.68sAccuracy: 0.639
class                  precision    recall   specificity      f1   support
--------------------------------------------------------------------------
0                          0.702     0.571         0.770   0.630        70
1                          0.227     0.625         0.875   0.333         8
2                          0.723     0.712         0.769   0.718        66
*========================================*
2026-02-02 19:35:48,665 INFO 0 Mon Feb  2 19:35:48 2026 Epoch: 77
2026-02-02 19:36:09,485 INFO Final training 77/300, loss: 0.9597, time 20.82s, lr: 0.008638
Accuracy: 0.609
class                  precision    recall   specificity      f1   support
--------------------------------------------------------------------------
0                          0.643     0.673         0.644   0.657       281
1                          0.083     0.067         0.960   0.074        30
2                          0.620     0.604         0.685   0.612       265
*----------------------------------------*
2026-02-02 19:36:09,485 INFO 0 Mon Feb  2 19:36:09 2026 Epoch: 78
2026-02-02 19:36:29,635 INFO Final training 78/300, loss: 1.0516, time 20.15s, lr: 0.008601
Accuracy: 0.580
class                  precision    recall   specificity      f1   support
--------------------------------------------------------------------------
0                          0.607     0.626         0.614   0.616       281
1                          0.111     0.100         0.956   0.105        30
2                          0.598     0.585         0.666   0.592       265
*----------------------------------------*
2026-02-02 19:36:46,722 INFO Final validation 78/300, Val_acc: 0.4190, time 17.09sAccuracy: 0.472
class                  precision    recall   specificity      f1   support
--------------------------------------------------------------------------
0                          0.727     0.114         0.959   0.198        70
1                          0.128     0.625         0.750   0.213         8
2                          0.585     0.833         0.500   0.688        66
*========================================*
2026-02-02 19:36:50,566 INFO 0 Mon Feb  2 19:36:50 2026 Epoch: 79
2026-02-02 19:37:12,074 INFO Final training 79/300, loss: 0.9906, time 21.51s, lr: 0.008564
Accuracy: 0.571
class                  precision    recall   specificity      f1   support
--------------------------------------------------------------------------
0                          0.593     0.633         0.586   0.613       281
1                          0.111     0.067         0.971   0.083        30
2                          0.578     0.562         0.650   0.570       265
*----------------------------------------*
2026-02-02 19:37:12,074 INFO 0 Mon Feb  2 19:37:12 2026 Epoch: 80
2026-02-02 19:37:33,109 INFO Final training 80/300, loss: 0.9048, time 21.04s, lr: 0.008526
Accuracy: 0.602
class                  precision    recall   specificity      f1   support
--------------------------------------------------------------------------
0                          0.628     0.637         0.641   0.633       281
1                          0.125     0.067         0.974   0.087        30
2                          0.604     0.626         0.650   0.615       265
*----------------------------------------*
2026-02-02 19:37:50,248 INFO Final validation 80/300, Val_acc: 0.4734, time 17.14sAccuracy: 0.521
class                  precision    recall   specificity      f1   support
--------------------------------------------------------------------------
0                          0.643     0.257         0.865   0.367        70
1                          0.000     0.000         0.890   0.000         8
2                          0.564     0.864         0.436   0.683        66
*========================================*
2026-02-02 19:37:53,894 INFO 0 Mon Feb  2 19:37:53 2026 Epoch: 81
2026-02-02 19:38:14,980 INFO Final training 81/300, loss: 1.0179, time 21.09s, lr: 0.008488
Accuracy: 0.575
class                  precision    recall   specificity      f1   support
--------------------------------------------------------------------------
0                          0.613     0.591         0.644   0.601       281
1                          0.053     0.033         0.967   0.041        30
2                          0.573     0.619         0.608   0.595       265
*----------------------------------------*
2026-02-02 19:38:15,431 INFO 0 Mon Feb  2 19:38:15 2026 Epoch: 82
2026-02-02 19:38:36,606 INFO Final training 82/300, loss: 0.9239, time 21.18s, lr: 0.008450
Accuracy: 0.562
class                  precision    recall   specificity      f1   support
--------------------------------------------------------------------------
0                          0.589     0.637         0.576   0.612       281
1                          0.059     0.033         0.971   0.043        30
2                          0.565     0.543         0.643   0.554       265
*----------------------------------------*
2026-02-02 19:38:53,423 INFO Final validation 82/300, Val_acc: 0.5903, time 16.82sAccuracy: 0.646
class                  precision    recall   specificity      f1   support
--------------------------------------------------------------------------
0                          0.829     0.414         0.919   0.552        70
1                          0.357     0.625         0.934   0.455         8
2                          0.621     0.894         0.538   0.733        66
*========================================*
2026-02-02 19:38:57,048 INFO 0 Mon Feb  2 19:38:57 2026 Epoch: 83
2026-02-02 19:39:17,907 INFO Final training 83/300, loss: 0.9155, time 20.86s, lr: 0.008411
Accuracy: 0.609
class                  precision    recall   specificity      f1   support
--------------------------------------------------------------------------
0                          0.639     0.639         0.659   0.639       280
1                          0.238     0.167         0.971   0.196        30
2                          0.607     0.628         0.652   0.617       266
*----------------------------------------*
2026-02-02 19:39:17,908 INFO 0 Mon Feb  2 19:39:17 2026 Epoch: 84
2026-02-02 19:39:38,326 INFO Final training 84/300, loss: 0.9862, time 20.42s, lr: 0.008372
Accuracy: 0.590
class                  precision    recall   specificity      f1   support
--------------------------------------------------------------------------
0                          0.614     0.623         0.627   0.618       281
1                          0.000     0.000         0.984   0.000        30
2                          0.585     0.623         0.624   0.603       265
*----------------------------------------*
2026-02-02 19:39:55,029 INFO Final validation 84/300, Val_acc: 0.5208, time 16.70sAccuracy: 0.583
class                  precision    recall   specificity      f1   support
--------------------------------------------------------------------------
0                          0.644     0.414         0.784   0.504        70
1                          0.000     0.000         1.000   0.000         8
2                          0.556     0.833         0.436   0.667        66
*========================================*
2026-02-02 19:39:58,588 INFO 0 Mon Feb  2 19:39:58 2026 Epoch: 85
2026-02-02 19:40:19,621 INFO Final training 85/300, loss: 1.1350, time 21.03s, lr: 0.008332
Accuracy: 0.552
class                  precision    recall   specificity      f1   support
--------------------------------------------------------------------------
0                          0.577     0.584         0.593   0.581       281
1                          0.036     0.033         0.951   0.034        30
2                          0.580     0.577         0.643   0.578       265
*----------------------------------------*
2026-02-02 19:40:19,621 INFO 0 Mon Feb  2 19:40:19 2026 Epoch: 86
2026-02-02 19:40:40,363 INFO Final training 86/300, loss: 0.9891, time 20.74s, lr: 0.008293
Accuracy: 0.554
class                  precision    recall   specificity      f1   support
--------------------------------------------------------------------------
0                          0.615     0.580         0.654   0.597       281
1                          0.062     0.067         0.945   0.065        30
2                          0.552     0.581         0.598   0.566       265
*----------------------------------------*
2026-02-02 19:40:57,131 INFO Final validation 86/300, Val_acc: 0.5914, time 16.77sAccuracy: 0.667
class                  precision    recall   specificity      f1   support
--------------------------------------------------------------------------
0                          0.699     0.729         0.703   0.713        70
1                          0.227     0.625         0.875   0.333         8
2                          0.816     0.606         0.885   0.696        66
*========================================*
2026-02-02 19:41:00,712 INFO 0 Mon Feb  2 19:41:00 2026 Epoch: 87
2026-02-02 19:41:21,682 INFO Final training 87/300, loss: 1.0110, time 20.97s, lr: 0.008252
Accuracy: 0.580
class                  precision    recall   specificity      f1   support
--------------------------------------------------------------------------
0                          0.599     0.626         0.600   0.612       281
1                          0.000     0.000         0.978   0.000        29
2                          0.585     0.594         0.639   0.590       266
*----------------------------------------*
2026-02-02 19:41:21,682 INFO 0 Mon Feb  2 19:41:21 2026 Epoch: 88
2026-02-02 19:41:42,434 INFO Final training 88/300, loss: 0.9215, time 20.75s, lr: 0.008212
Accuracy: 0.592
class                  precision    recall   specificity      f1   support
--------------------------------------------------------------------------
0                          0.606     0.630         0.610   0.618       281
1                          0.158     0.100         0.971   0.122        30
2                          0.608     0.608         0.666   0.608       265
*----------------------------------------*
2026-02-02 19:41:59,351 INFO Final validation 88/300, Val_acc: 0.5660, time 16.92sAccuracy: 0.632
class                  precision    recall   specificity      f1   support
--------------------------------------------------------------------------
0                          0.729     0.500         0.824   0.593        70
1                          0.227     0.625         0.875   0.333         8
2                          0.689     0.773         0.705   0.729        66
*========================================*
2026-02-02 19:42:02,939 INFO 0 Mon Feb  2 19:42:02 2026 Epoch: 89
2026-02-02 19:42:24,179 INFO Final training 89/300, loss: 0.8993, time 21.24s, lr: 0.008171
Accuracy: 0.634
class                  precision    recall   specificity      f1   support
--------------------------------------------------------------------------
0                          0.642     0.671         0.645   0.656       280
1                          0.000     0.000         0.998   0.000        30
2                          0.628     0.665         0.661   0.646       266
*----------------------------------------*
2026-02-02 19:42:24,180 INFO 0 Mon Feb  2 19:42:24 2026 Epoch: 90
2026-02-02 19:42:45,351 INFO Final training 90/300, loss: 0.9611, time 21.17s, lr: 0.008129
Accuracy: 0.597
class                  precision    recall   specificity      f1   support
--------------------------------------------------------------------------
0                          0.611     0.644         0.610   0.627       281
1                          0.118     0.067         0.973   0.085        30
2                          0.612     0.608         0.672   0.610       265
*----------------------------------------*
2026-02-02 19:43:02,054 INFO Final validation 90/300, Val_acc: 0.5139, time 16.70sAccuracy: 0.569
class                  precision    recall   specificity      f1   support
--------------------------------------------------------------------------
0                          0.714     0.357         0.865   0.476        70
1                          0.167     0.125         0.963   0.143         8
2                          0.544     0.848         0.397   0.663        66
*========================================*
2026-02-02 19:43:05,675 INFO 0 Mon Feb  2 19:43:05 2026 Epoch: 91
2026-02-02 19:43:26,932 INFO Final training 91/300, loss: 0.9137, time 21.26s, lr: 0.008088
Accuracy: 0.601
class                  precision    recall   specificity      f1   support
--------------------------------------------------------------------------
0                          0.624     0.639         0.635   0.631       280
1                          0.062     0.033         0.973   0.043        30
2                          0.608     0.624         0.655   0.616       266
*----------------------------------------*
2026-02-02 19:43:27,336 INFO 0 Mon Feb  2 19:43:27 2026 Epoch: 92
2026-02-02 19:43:48,048 INFO Final training 92/300, loss: 0.8929, time 20.71s, lr: 0.008046
Accuracy: 0.595
class                  precision    recall   specificity      f1   support
--------------------------------------------------------------------------
0                          0.617     0.630         0.627   0.623       281
1                          0.200     0.133         0.971   0.160        30
2                          0.602     0.611         0.656   0.607       265
*----------------------------------------*
2026-02-02 19:44:04,875 INFO Final validation 92/300, Val_acc: 0.5359, time 16.83sAccuracy: 0.583
class                  precision    recall   specificity      f1   support
--------------------------------------------------------------------------
0                          0.857     0.257         0.959   0.396        70
1                          0.227     0.625         0.875   0.333         8
2                          0.604     0.924         0.487   0.731        66
*========================================*
2026-02-02 19:44:08,499 INFO 0 Mon Feb  2 19:44:08 2026 Epoch: 93
2026-02-02 19:44:30,369 INFO Final training 93/300, loss: 1.0127, time 21.87s, lr: 0.008003
Accuracy: 0.589
class                  precision    recall   specificity      f1   support
--------------------------------------------------------------------------
0                          0.626     0.637         0.637   0.631       281
1                          0.107     0.100         0.954   0.103        30
2                          0.599     0.592         0.662   0.596       265
*----------------------------------------*
2026-02-02 19:44:30,369 INFO 0 Mon Feb  2 19:44:30 2026 Epoch: 94
2026-02-02 19:44:50,953 INFO Final training 94/300, loss: 0.9721, time 20.58s, lr: 0.007960
Accuracy: 0.587
class                  precision    recall   specificity      f1   support
--------------------------------------------------------------------------
0                          0.613     0.639         0.618   0.626       280
1                          0.100     0.067         0.967   0.080        30
2                          0.595     0.590         0.655   0.592       266
*----------------------------------------*
2026-02-02 19:45:07,764 INFO Final validation 94/300, Val_acc: 0.5671, time 16.81sAccuracy: 0.639
class                  precision    recall   specificity      f1   support
--------------------------------------------------------------------------
0                          0.737     0.600         0.797   0.661        70
1                          0.192     0.625         0.846   0.294         8
2                          0.738     0.682         0.795   0.709        66
*========================================*
2026-02-02 19:45:11,390 INFO 0 Mon Feb  2 19:45:11 2026 Epoch: 95
2026-02-02 19:45:32,650 INFO Final training 95/300, loss: 1.0139, time 21.26s, lr: 0.007917
Accuracy: 0.604
class                  precision    recall   specificity      f1   support
--------------------------------------------------------------------------
0                          0.627     0.661         0.628   0.643       280
1                          0.095     0.067         0.965   0.078        30
2                          0.619     0.605         0.681   0.612       266
*----------------------------------------*
2026-02-02 19:45:32,651 INFO 0 Mon Feb  2 19:45:32 2026 Epoch: 96
2026-02-02 19:45:53,354 INFO Final training 96/300, loss: 1.0014, time 20.70s, lr: 0.007874
Accuracy: 0.589
class                  precision    recall   specificity      f1   support
--------------------------------------------------------------------------
0                          0.620     0.587         0.658   0.603       281
1                          0.182     0.133         0.967   0.154        30
2                          0.590     0.642         0.621   0.615       265
*----------------------------------------*
2026-02-02 19:46:10,303 INFO Final validation 96/300, Val_acc: 0.4988, time 16.95sAccuracy: 0.583
class                  precision    recall   specificity      f1   support
--------------------------------------------------------------------------
0                          0.673     0.529         0.757   0.592        70
1                          0.152     0.625         0.794   0.244         8
2                          0.750     0.636         0.821   0.689        66
*========================================*
2026-02-02 19:46:14,131 INFO [EarlyStopping] Stopping Validation for loss at epoch 96
2026-02-02 19:46:14,550 INFO Training Finished! Best Accuracy: 0.6285
2026-02-02 19:46:14,550 INFO ====================================================================================================
2026-02-02 19:46:14,550 INFO 
2026-02-02 19:46:24,804 INFO => loading checkpoint 'outputs/OrganoidsINRIA_Slice_32x32/densenet/2026-02-02-18-55/training/best_model.pt'
2026-02-02 19:46:25,070 INFO Loaded 1207 keys from checkpoint
2026-02-02 19:46:27,072 INFO Final testing , Test_acc: 0.6118, time 1.98sAccuracy: 0.683
class                  precision    recall   specificity      f1   support
--------------------------------------------------------------------------
0                          0.875     0.525         0.929   0.656        40
1                          0.000     0.000         1.000   0.000         5
2                          0.603     0.946         0.489   0.737        37
*========================================*
2026-02-02 19:46:27,495 INFO Testing Finished! Best Accuracy: 0.6118
2026-02-02 19:46:27,495 INFO ====================================================================================================
2026-02-02 19:46:30,570 INFO Total time spent: 00 hours 51 minutes 02 seconds
2026-02-02 19:46:30,570 INFO 
2026-02-02 19:46:30,570 INFO Final Results Summary:
2026-02-02 19:46:30,570 INFO | TrainLoss | TrainAcc | ValAccMax | W_TrainF1 | W_TrainPrecision | W_TrainRecall | W_TrainSpecificity | TestAcc | W_TestF1 | W_TestPrecision | W_TestRecall | W_TestSpecificity |
2026-02-02 19:46:30,570 INFO | 1.0014 | 0.5101 | 0.6806 | 0.6589 | 0.6673 | 0.6806 | 0.7221 | 0.6829 | 0.6526 | 0.6991 | 0.6829 | 0.7345 |
2026-02-02 19:46:30,570 INFO 
