2025-11-25 10:04:48,529 INFO Log directory: outputs/OrganoidsINRIA_reduced/resnet18/2025-11-25-10-04
2025-11-25 10:04:48,532 INFO {'RandFlipd_prob': 0.2,
 'RandRotate90d_prob': 0.2,
 'RandScaleIntensityd_prob': 0.1,
 'RandShiftIntensityd_prob': 0.1,
 'amp': True,
 'augmentation': True,
 'batch_size': 4,
 'cache_dataset': False,
 'checkpoint_path': None,
 'data_dir': '/home/mraffael/martone_project/Organoids_Dataset_256/',
 'dataset_name': 'OrganoidsINRIA_reduced',
 'debug': False,
 'debug_train_samples': 40,
 'debug_val_samples': 10,
 'dist_backend': 'nccl',
 'dist_url': 'tcp://127.0.0.1:23456',
 'distributed': False,
 'dropout_path_rate': 0.0,
 'dropout_rate': 0.0,
 'early_stopping': True,
 'encoder10_pth': '',
 'exact_class': False,
 'feature_size': 48,
 'fold': 0,
 'folds': False,
 'gpu': 0,
 'ignore_label': 3,
 'in_channels': 1,
 'infer_overlap': 0.5,
 'k_folds': 5,
 'logdir': 'test',
 'logs_dir': 'logs/',
 'loss_name': 'CE',
 'lrschedule': 'warmup_cosine',
 'max_epochs': 150,
 'min_delta_loss': 0.001,
 'min_delta_val': 0.01,
 'model_name': 'resnet18',
 'momentum': 0.99,
 'noamp': False,
 'norm_name': 'instance',
 'oar_id': 2129865,
 'optim_lr': 0.08,
 'optim_name': 'adamw',
 'out_channels': 1,
 'output_dir': 'outputs/',
 'patch_merging': False,
 'patience_loss': 40,
 'patience_val': 40,
 'pretrained_dir': '',
 'pretrained_model_name': '',
 'rank': 0,
 'reg_weight': 5e-05,
 'restart_T0': 20,
 'resume_ckpt': False,
 'roi_x': 128,
 'roi_y': 128,
 'roi_z': 128,
 'save_checkpoint': True,
 'seed': 3,
 'similarity_loss': '',
 'similarity_loss_weight': 0.0,
 'spatial_dims': 3,
 'split_method': 'stratified',
 'start_epoch': 0,
 'sw_batch_size': 4,
 'telegram_log': True,
 'test_mode': False,
 'token': './token/tlg_token.txt',
 'use_checkpoint': False,
 'val_every': 2,
 'warmup_epochs': 5,
 'workers': 8,
 'world_size': 1}
2025-11-25 10:04:48,532 INFO 
2025-11-25 10:04:48,536 INFO Saved configuration to: outputs/OrganoidsINRIA_reduced/resnet18/2025-11-25-10-04/config.txt
2025-11-25 10:04:49,057 INFO Using GPU: 0
2025-11-25 10:04:49,057 INFO 
2025-11-25 10:04:49,057 INFO Model INFO:
2025-11-25 10:04:49,057 INFO Model architecture: resnet18
2025-11-25 10:04:49,317 WARNING Warning: pretrained model not found at 'None'
2025-11-25 10:04:49,317 WARNING Warning: ResNet18_3D not found, using ResNet50_3D wrapper as fallback
2025-11-25 10:04:49,317 INFO Using ResNet with Single Linear Classification Head
2025-11-25 10:04:49,317 INFO Total trainable parameters: 33,320,451
2025-11-25 10:04:49,336 INFO 
2025-11-25 10:04:49,336 INFO Optimizer INFO:
2025-11-25 10:04:49,336 INFO Using optimizer: adamw with lr=0.08, weight_decay=5e-05
2025-11-25 10:04:49,337 INFO 
2025-11-25 10:04:49,337 INFO Dataset INFO:
2025-11-25 10:04:49,346 INFO Dataset length: 721
2025-11-25 10:04:49,346 INFO Class distribution in entire dataset:
2025-11-25 10:04:49,346 INFO   Class 0: 351
2025-11-25 10:04:49,346 INFO   Class 1: 38
2025-11-25 10:04:49,346 INFO   Class 2: 332
2025-11-25 10:04:49,346 INFO 
Using split method: stratified
2025-11-25 10:04:49,348 INFO 
Train set balance:
2025-11-25 10:04:49,348 INFO 
Val set balance:
2025-11-25 10:04:49,348 INFO Training set length: 577
2025-11-25 10:04:49,348 INFO Validation set length: 144
2025-11-25 10:04:49,348 INFO 
Using standard shuffle for training
2025-11-25 10:04:49,349 INFO Training loader: 144 batches
2025-11-25 10:04:49,349 INFO Validation loader: 36 batches
2025-11-25 10:04:49,349 INFO 
Class distribution in training set:
2025-11-25 10:04:49,349 INFO   Class 0: 281 (48.7%)
2025-11-25 10:04:49,349 INFO   Class 1: 30 (5.2%)
2025-11-25 10:04:49,349 INFO   Class 2: 266 (46.1%)
2025-11-25 10:04:49,349 INFO Class distribution in validation set:
2025-11-25 10:04:49,349 INFO   Class 0: 70 (48.6%)
2025-11-25 10:04:49,349 INFO   Class 1: 8 (5.6%)
2025-11-25 10:04:49,349 INFO   Class 2: 66 (45.8%)
2025-11-25 10:04:49,349 INFO **************************************************
2025-11-25 10:04:49,358 INFO Class weights: [ 6.845  64.111  7.231]
2025-11-25 10:04:49,358 INFO 
2025-11-25 10:04:49,358 INFO Test Dataset INFO:
2025-11-25 10:04:49,362 INFO Test Dataset length: 82
2025-11-25 10:04:49,362 INFO Class distribution in test dataset:
2025-11-25 10:04:49,362 INFO   Class 0: 40
2025-11-25 10:04:49,362 INFO   Class 1: 5
2025-11-25 10:04:49,362 INFO   Class 2: 37
2025-11-25 10:04:49,362 INFO Test loader: 21 batches
2025-11-25 10:04:49,362 INFO **************************************************
2025-11-25 10:04:49,362 INFO 
2025-11-25 10:04:49,362 INFO Using loss function: CE
2025-11-25 10:04:49,365 INFO **************************************************
2025-11-25 10:04:49,365 INFO Starting training...
2025-11-25 10:04:49,367 INFO 0 Tue Nov 25 10:04:49 2025 Epoch: 1
2025-11-25 10:06:39,032 INFO Final training 1/150, loss: 1.2584, time 109.67s, lr: 0.000000
Accuracy: 0.462
class                  precision    recall   specificity      f1   support
--------------------------------------------------------------------------
0                          0.000     0.000         1.000   0.000       280
1                          0.000     0.000         1.000   0.000        30
2                          0.462     1.000         0.000   0.632       266
*----------------------------------------*
2025-11-25 10:06:39,488 INFO 0 Tue Nov 25 10:06:39 2025 Epoch: 2
2025-11-25 10:08:19,222 INFO Final training 2/150, loss: 1.3024, time 99.73s, lr: 0.020000
Accuracy: 0.446
class                  precision    recall   specificity      f1   support
--------------------------------------------------------------------------
0                          0.486     0.488         0.508   0.487       281
1                          0.000     0.000         0.951   0.000        30
2                          0.449     0.453         0.527   0.451       265
*----------------------------------------*
2025-11-25 10:08:29,400 INFO Final validation 2/150, Val_acc: 0.4398, time 10.18sAccuracy: 0.458
class                  precision    recall   specificity      f1   support
--------------------------------------------------------------------------
0                          0.000     0.000         1.000   0.000        70
1                          0.000     0.000         1.000   0.000         8
2                          0.458     1.000         0.000   0.629        66
*========================================*
2025-11-25 10:08:29,400 INFO New best (0.000000 --> 0.439815)
2025-11-25 10:08:35,216 INFO Copying best model to best_model.pt
2025-11-25 10:08:38,863 INFO 0 Tue Nov 25 10:08:38 2025 Epoch: 3
2025-11-25 10:10:20,752 INFO Final training 3/150, loss: 1.0304, time 101.89s, lr: 0.040000
Accuracy: 0.470
class                  precision    recall   specificity      f1   support
--------------------------------------------------------------------------
0                          0.493     0.473         0.536   0.483       281
1                          0.000     0.000         0.973   0.000        30
2                          0.474     0.521         0.508   0.496       265
*----------------------------------------*
2025-11-25 10:10:20,752 INFO 0 Tue Nov 25 10:10:20 2025 Epoch: 4
2025-11-25 10:11:58,484 INFO Final training 4/150, loss: 1.0204, time 97.73s, lr: 0.060000
Accuracy: 0.465
class                  precision    recall   specificity      f1   support
--------------------------------------------------------------------------
0                          0.498     0.400         0.618   0.444       280
1                          0.000     0.000         0.987   0.000        30
2                          0.453     0.586         0.394   0.511       266
*----------------------------------------*
2025-11-25 10:12:08,236 INFO Final validation 4/150, Val_acc: 0.4676, time 9.75sAccuracy: 0.486
class                  precision    recall   specificity      f1   support
--------------------------------------------------------------------------
0                          0.486     1.000         0.000   0.654        70
1                          0.000     0.000         1.000   0.000         8
2                          0.000     0.000         1.000   0.000        66
*========================================*
2025-11-25 10:12:08,236 INFO New best (0.439815 --> 0.467593)
2025-11-25 10:12:13,995 INFO Copying best model to best_model.pt
2025-11-25 10:12:17,759 INFO 0 Tue Nov 25 10:12:17 2025 Epoch: 5
2025-11-25 10:13:57,425 INFO Final training 5/150, loss: 1.0351, time 99.66s, lr: 0.080000
Accuracy: 0.443
class                  precision    recall   specificity      f1   support
--------------------------------------------------------------------------
0                          0.455     0.507         0.426   0.480       280
1                          0.000     0.000         1.000   0.000        30
2                          0.428     0.425         0.513   0.426       266
*----------------------------------------*
2025-11-25 10:13:57,425 INFO 0 Tue Nov 25 10:13:57 2025 Epoch: 6
2025-11-25 10:15:38,554 INFO Final training 6/150, loss: 1.0348, time 101.13s, lr: 0.080000
Accuracy: 0.462
class                  precision    recall   specificity      f1   support
--------------------------------------------------------------------------
0                          0.498     0.459         0.559   0.478       281
1                          0.148     0.133         0.958   0.140        30
2                          0.459     0.502         0.495   0.479       265
*----------------------------------------*
2025-11-25 10:15:48,306 INFO Final validation 6/150, Val_acc: 0.4398, time 9.75sAccuracy: 0.458
class                  precision    recall   specificity      f1   support
--------------------------------------------------------------------------
0                          0.000     0.000         1.000   0.000        70
1                          0.000     0.000         1.000   0.000         8
2                          0.458     1.000         0.000   0.629        66
*========================================*
2025-11-25 10:15:52,632 INFO 0 Tue Nov 25 10:15:52 2025 Epoch: 7
2025-11-25 10:17:36,124 INFO Final training 7/150, loss: 1.1044, time 103.49s, lr: 0.079991
Accuracy: 0.462
class                  precision    recall   specificity      f1   support
--------------------------------------------------------------------------
0                          0.473     0.491         0.478   0.482       281
1                          0.000     0.000         0.976   0.000        30
2                          0.472     0.483         0.540   0.478       265
*----------------------------------------*
2025-11-25 10:17:36,124 INFO 0 Tue Nov 25 10:17:36 2025 Epoch: 8
2025-11-25 10:19:14,644 INFO Final training 8/150, loss: 1.0351, time 98.52s, lr: 0.079962
Accuracy: 0.464
class                  precision    recall   specificity      f1   support
--------------------------------------------------------------------------
0                          0.472     0.530         0.434   0.499       281
1                          0.000     0.000         1.000   0.000        30
2                          0.454     0.445         0.543   0.450       265
*----------------------------------------*
2025-11-25 10:19:24,504 INFO Final validation 8/150, Val_acc: 0.4398, time 9.86sAccuracy: 0.458
class                  precision    recall   specificity      f1   support
--------------------------------------------------------------------------
0                          0.000     0.000         1.000   0.000        70
1                          0.000     0.000         1.000   0.000         8
2                          0.458     1.000         0.000   0.629        66
*========================================*
2025-11-25 10:19:28,894 INFO 0 Tue Nov 25 10:19:28 2025 Epoch: 9
2025-11-25 10:21:10,141 INFO Final training 9/150, loss: 1.0291, time 101.25s, lr: 0.079916
Accuracy: 0.439
class                  precision    recall   specificity      f1   support
--------------------------------------------------------------------------
0                          0.455     0.391         0.553   0.421       281
1                          0.000     0.000         1.000   0.000        30
2                          0.428     0.540         0.386   0.477       265
*----------------------------------------*
2025-11-25 10:21:10,141 INFO 0 Tue Nov 25 10:21:10 2025 Epoch: 10
2025-11-25 10:22:49,109 INFO Final training 10/150, loss: 1.0269, time 98.97s, lr: 0.079850
Accuracy: 0.450
class                  precision    recall   specificity      f1   support
--------------------------------------------------------------------------
0                          0.466     0.489         0.470   0.477       280
1                          0.000     0.000         1.000   0.000        30
2                          0.433     0.459         0.484   0.445       266
*----------------------------------------*
2025-11-25 10:22:58,844 INFO Final validation 10/150, Val_acc: 0.4676, time 9.73sAccuracy: 0.486
class                  precision    recall   specificity      f1   support
--------------------------------------------------------------------------
0                          0.486     1.000         0.000   0.654        70
1                          0.000     0.000         1.000   0.000         8
2                          0.000     0.000         1.000   0.000        66
*========================================*
2025-11-25 10:23:03,229 INFO 0 Tue Nov 25 10:23:03 2025 Epoch: 11
2025-11-25 10:24:43,023 INFO Final training 11/150, loss: 1.0143, time 99.79s, lr: 0.079766
Accuracy: 0.484
class                  precision    recall   specificity      f1   support
--------------------------------------------------------------------------
0                          0.497     0.580         0.441   0.535       281
1                          0.000     0.000         1.000   0.000        30
2                          0.468     0.438         0.576   0.452       265
*----------------------------------------*
2025-11-25 10:24:43,460 INFO 0 Tue Nov 25 10:24:43 2025 Epoch: 12
2025-11-25 10:26:21,928 INFO Final training 12/150, loss: 1.0273, time 98.47s, lr: 0.079662
Accuracy: 0.474
class                  precision    recall   specificity      f1   support
--------------------------------------------------------------------------
0                          0.483     0.566         0.424   0.521       281
1                          0.000     0.000         1.000   0.000        30
2                          0.462     0.430         0.572   0.445       265
*----------------------------------------*
2025-11-25 10:26:31,684 INFO Final validation 12/150, Val_acc: 0.4676, time 9.76sAccuracy: 0.486
class                  precision    recall   specificity      f1   support
--------------------------------------------------------------------------
0                          0.486     1.000         0.000   0.654        70
1                          0.000     0.000         1.000   0.000         8
2                          0.000     0.000         1.000   0.000        66
*========================================*
2025-11-25 10:26:36,041 INFO 0 Tue Nov 25 10:26:36 2025 Epoch: 13
