2025-10-28 23:26:23,616 INFO Log directory: outputs/OrganoidsINRIA/swinunetr/2025-10-28-23-26
2025-10-28 23:26:23,618 INFO {'RandFlipd_prob': 0.2,
 'RandRotate90d_prob': 0.2,
 'RandScaleIntensityd_prob': 0.1,
 'RandShiftIntensityd_prob': 0.1,
 'amp': True,
 'augmentation': True,
 'batch_size': 6,
 'cache_dataset': False,
 'checkpoint_path': None,
 'data_dir': '/home/mraffael/martone_project/Organoids_Dataset/',
 'dataset_name': 'OrganoidsINRIA',
 'debug': False,
 'debug_train_samples': 40,
 'debug_val_samples': 10,
 'dist_backend': 'nccl',
 'dist_url': 'tcp://127.0.0.1:23456',
 'distributed': False,
 'dropout_path_rate': 0.0,
 'dropout_rate': 0.0,
 'early_stopping': False,
 'encoder10_pth': '',
 'exact_class': True,
 'feature_size': 48,
 'fold': 0,
 'folds': False,
 'gpu': 0,
 'ignore_label': 3,
 'in_channels': 1,
 'infer_overlap': 0.5,
 'k_folds': 5,
 'logdir': 'test',
 'logs_dir': 'logs/',
 'loss_name': 'FocalLoss',
 'lrschedule': 'warmup_cosine',
 'max_epochs': 100,
 'min_delta_loss': 0.001,
 'min_delta_val': 0.001,
 'model_name': 'swinunetr',
 'momentum': 0.99,
 'noamp': False,
 'norm_name': 'instance',
 'oar_id': 2085212,
 'optim_lr': 0.0003,
 'optim_name': 'adamw',
 'out_channels': 1,
 'output_dir': 'outputs/',
 'patch_merging': False,
 'patience_loss': 20,
 'patience_val': 3,
 'pretrained_dir': './pretrained_models/fold1_f48_ep300_4gpu_dice0_9059/',
 'pretrained_model_name': 'model_swinvit.pt',
 'rank': 0,
 'reg_weight': 5e-05,
 'resume_ckpt': False,
 'roi_x': 128,
 'roi_y': 128,
 'roi_z': 128,
 'save_checkpoint': True,
 'seed': 3,
 'similarity_loss': '',
 'similarity_loss_weight': 0.0,
 'spatial_dims': 3,
 'split_method': 'percentage',
 'start_epoch': 0,
 'sw_batch_size': 6,
 'telegram_log': True,
 'test_mode': False,
 'token': './token/tlg_token.txt',
 'use_checkpoint': False,
 'val_every': 4,
 'warmup_epochs': 8,
 'workers': 8,
 'world_size': 1}
2025-10-28 23:26:23,618 INFO 
2025-10-28 23:26:23,622 INFO Saved configuration to: outputs/OrganoidsINRIA/swinunetr/2025-10-28-23-26/config.txt
2025-10-28 23:26:24,175 INFO Using GPU: 0
2025-10-28 23:26:24,175 INFO 
2025-10-28 23:26:24,175 INFO Model INFO:
2025-10-28 23:26:24,175 INFO Model architecture: swinunetr
2025-10-28 23:26:24,682 INFO Using pretrained weights
2025-10-28 23:26:24,682 INFO => loading pretrained model './pretrained_models/fold1_f48_ep300_4gpu_dice0_9059/model_swinvit.pt'
2025-10-28 23:26:29,188 INFO Missing keys when loading pretrained: 33
2025-10-28 23:26:29,189 INFO Unexpected keys when loading pretrained: 8
2025-10-28 23:26:29,191 INFO Using SwinUNETR with Single Linear Classification Head
2025-10-28 23:26:29,192 INFO Total trainable parameters: 39,914,805
2025-10-28 23:26:29,222 INFO 
2025-10-28 23:26:29,222 INFO Optimizer INFO:
2025-10-28 23:26:29,223 INFO Using optimizer: adamw with lr=0.0003, weight_decay=5e-05
2025-10-28 23:26:29,223 INFO 
2025-10-28 23:26:29,223 INFO Dataset INFO:
2025-10-28 23:26:29,253 INFO Dataset length: 423
2025-10-28 23:26:29,253 INFO Class distribution in entire dataset:
2025-10-28 23:26:29,253 INFO   Class 0: 137
2025-10-28 23:26:29,253 INFO   Class 1: 43
2025-10-28 23:26:29,253 INFO   Class 2: 243
2025-10-28 23:26:29,253 INFO 
Using split method: percentage
2025-10-28 23:26:29,254 INFO 
Train set balance:
2025-10-28 23:26:29,254 INFO 
Val set balance:
2025-10-28 23:26:29,254 INFO Training set length: 172
2025-10-28 23:26:29,254 INFO Validation set length: 43
2025-10-28 23:26:29,254 INFO 
Using standard shuffle for training
2025-10-28 23:26:29,255 INFO Training loader: 28 batches
2025-10-28 23:26:29,255 INFO Validation loader: 43 batches
2025-10-28 23:26:29,255 INFO 
Class distribution in training set:
2025-10-28 23:26:29,255 INFO   Class 0: 69 (40.1%)
2025-10-28 23:26:29,255 INFO   Class 1: 34 (19.8%)
2025-10-28 23:26:29,255 INFO   Class 2: 69 (40.1%)
2025-10-28 23:26:29,255 INFO Class distribution in validation set:
2025-10-28 23:26:29,255 INFO   Class 0: 17 (39.5%)
2025-10-28 23:26:29,255 INFO   Class 1: 9 (20.9%)
2025-10-28 23:26:29,255 INFO   Class 2: 17 (39.5%)
2025-10-28 23:26:29,255 INFO **************************************************
2025-10-28 23:26:29,265 INFO Class weights: [ 8.309  16.863  8.309]
2025-10-28 23:26:29,265 INFO 
2025-10-28 23:26:29,265 INFO Using loss function: FocalLoss
2025-10-28 23:26:29,269 INFO **************************************************
2025-10-28 23:26:29,269 INFO Starting training...
2025-10-28 23:26:29,271 INFO 0 Tue Oct 28 23:26:29 2025 Epoch: 0
2025-10-28 23:32:05,152 INFO Final training 0/99, loss: 7.2178, time 335.88s, lr: 0.000000
Accuracy: 0.339
class                  precision    recall   specificity      f1   support
--------------------------------------------------------------------------
0                          0.000     0.000         1.000   0.000        69
1                          0.000     0.000         0.933   0.000        33
2                          0.358     0.864         0.000   0.507        66
*----------------------------------------*
2025-10-28 23:32:05,739 INFO 0 Tue Oct 28 23:32:05 2025 Epoch: 1
2025-10-28 23:37:34,125 INFO Final training 1/99, loss: 5.2411, time 328.39s, lr: 0.000043
Accuracy: 0.435
class                  precision    recall   specificity      f1   support
--------------------------------------------------------------------------
0                          0.495     0.691         0.520   0.577        68
1                          0.250     0.382         0.709   0.302        34
2                          0.619     0.197         0.922   0.299        66
*----------------------------------------*
2025-10-28 23:37:34,126 INFO 0 Tue Oct 28 23:37:34 2025 Epoch: 2
2025-10-28 23:42:53,941 INFO Final training 2/99, loss: 4.3313, time 319.81s, lr: 0.000086
Accuracy: 0.488
class                  precision    recall   specificity      f1   support
--------------------------------------------------------------------------
0                          0.508     0.456         0.700   0.481        68
1                          0.400     0.581         0.803   0.474        31
2                          0.532     0.478         0.707   0.504        69
*----------------------------------------*
2025-10-28 23:42:53,942 INFO 0 Tue Oct 28 23:42:53 2025 Epoch: 3
2025-10-28 23:48:25,105 INFO Final training 3/99, loss: 4.3980, time 331.16s, lr: 0.000129
Accuracy: 0.482
class                  precision    recall   specificity      f1   support
--------------------------------------------------------------------------
0                          0.463     0.456         0.640   0.459        68
1                          0.389     0.438         0.838   0.412        32
2                          0.554     0.529         0.710   0.541        68
*----------------------------------------*
2025-10-28 23:49:53,939 INFO Final validation 3/99, Val_acc: 0.4884, time 88.83sAccuracy: 0.488
class                  precision    recall   specificity      f1   support
--------------------------------------------------------------------------
0                          0.524     0.647         0.615   0.579        17
1                          0.429     1.000         0.647   0.600         9
2                          1.000     0.059         1.000   0.111        17
*========================================*
2025-10-28 23:49:53,939 INFO New best (0.000000 --> 0.488372)
2025-10-28 23:50:00,154 INFO Copying best model to model.pt
2025-10-28 23:50:04,327 INFO 0 Tue Oct 28 23:50:04 2025 Epoch: 4
2025-10-28 23:55:36,901 INFO Final training 4/99, loss: 4.2148, time 332.57s, lr: 0.000171
Accuracy: 0.524
class                  precision    recall   specificity      f1   support
--------------------------------------------------------------------------
0                          0.507     0.552         0.644   0.529        67
1                          0.515     0.500         0.881   0.507        34
2                          0.548     0.507         0.723   0.527        67
*----------------------------------------*
2025-10-28 23:55:36,902 INFO 0 Tue Oct 28 23:55:36 2025 Epoch: 5
2025-10-29 00:01:25,148 INFO Final training 5/99, loss: 3.1831, time 348.25s, lr: 0.000214
Accuracy: 0.679
class                  precision    recall   specificity      f1   support
--------------------------------------------------------------------------
0                          0.709     0.591         0.843   0.645        66
1                          0.600     0.794         0.866   0.684        34
2                          0.706     0.706         0.800   0.706        68
*----------------------------------------*
2025-10-29 00:01:25,155 INFO 0 Wed Oct 29 00:01:25 2025 Epoch: 6
2025-10-29 00:06:49,669 INFO Final training 6/99, loss: 2.7733, time 324.51s, lr: 0.000257
Accuracy: 0.702
class                  precision    recall   specificity      f1   support
--------------------------------------------------------------------------
0                          0.712     0.681         0.808   0.696        69
1                          0.707     0.879         0.911   0.784        33
2                          0.689     0.636         0.814   0.661        66
*----------------------------------------*
2025-10-29 00:06:49,672 INFO 0 Wed Oct 29 00:06:49 2025 Epoch: 7
2025-10-29 00:12:18,030 INFO Final training 7/99, loss: 3.0951, time 328.36s, lr: 0.000300
Accuracy: 0.637
class                  precision    recall   specificity      f1   support
--------------------------------------------------------------------------
0                          0.667     0.638         0.778   0.652        69
1                          0.578     0.788         0.859   0.667        33
2                          0.649     0.561         0.804   0.602        66
*----------------------------------------*
2025-10-29 00:14:14,386 INFO Final validation 7/99, Val_acc: 0.6977, time 116.35sAccuracy: 0.698
class                  precision    recall   specificity      f1   support
--------------------------------------------------------------------------
0                          0.917     0.647         0.962   0.759        17
1                          0.467     0.778         0.765   0.583         9
2                          0.750     0.706         0.846   0.727        17
*========================================*
2025-10-29 00:14:14,386 INFO New best (0.488372 --> 0.697674)
2025-10-29 00:14:21,078 INFO Copying best model to model.pt
2025-10-29 00:14:25,303 INFO 0 Wed Oct 29 00:14:25 2025 Epoch: 8
2025-10-29 00:19:46,952 INFO Final training 8/99, loss: 3.1369, time 321.65s, lr: 0.000300
Accuracy: 0.720
class                  precision    recall   specificity      f1   support
--------------------------------------------------------------------------
0                          0.840     0.618         0.920   0.712        68
1                          0.581     0.758         0.867   0.658        33
2                          0.720     0.806         0.792   0.761        67
*----------------------------------------*
2025-10-29 00:19:46,959 INFO 0 Wed Oct 29 00:19:46 2025 Epoch: 9
2025-10-29 00:25:11,845 INFO Final training 9/99, loss: 2.8147, time 324.89s, lr: 0.000300
Accuracy: 0.744
class                  precision    recall   specificity      f1   support
--------------------------------------------------------------------------
0                          0.722     0.765         0.800   0.743        68
1                          0.735     0.758         0.933   0.746        33
2                          0.774     0.716         0.861   0.744        67
*----------------------------------------*
2025-10-29 00:25:11,849 INFO 0 Wed Oct 29 00:25:11 2025 Epoch: 10
2025-10-29 00:30:33,383 INFO Final training 10/99, loss: 2.0852, time 321.53s, lr: 0.000300
Accuracy: 0.786
class                  precision    recall   specificity      f1   support
--------------------------------------------------------------------------
0                          0.845     0.731         0.911   0.784        67
1                          0.705     0.912         0.903   0.795        34
2                          0.788     0.776         0.861   0.782        67
*----------------------------------------*
2025-10-29 00:30:33,822 INFO 0 Wed Oct 29 00:30:33 2025 Epoch: 11
2025-10-29 00:35:56,553 INFO Final training 11/99, loss: 2.1248, time 322.73s, lr: 0.000299
Accuracy: 0.762
class                  precision    recall   specificity      f1   support
--------------------------------------------------------------------------
0                          0.803     0.721         0.880   0.760        68
1                          0.707     0.853         0.910   0.773        34
2                          0.758     0.758         0.843   0.758        66
*----------------------------------------*
2025-10-29 00:37:24,446 INFO Final validation 11/99, Val_acc: 0.6279, time 87.89sAccuracy: 0.628
class                  precision    recall   specificity      f1   support
--------------------------------------------------------------------------
0                          0.812     0.765         0.885   0.788        17
1                          0.400     0.889         0.647   0.552         9
2                          0.857     0.353         0.962   0.500        17
*========================================*
2025-10-29 00:37:29,551 INFO 0 Wed Oct 29 00:37:29 2025 Epoch: 12
2025-10-29 00:42:52,296 INFO Final training 12/99, loss: 2.0437, time 322.74s, lr: 0.000299
Accuracy: 0.774
class                  precision    recall   specificity      f1   support
--------------------------------------------------------------------------
0                          0.785     0.773         0.863   0.779        66
1                          0.714     0.882         0.910   0.789        34
2                          0.803     0.721         0.880   0.760        68
*----------------------------------------*
2025-10-29 00:42:52,303 INFO 0 Wed Oct 29 00:42:52 2025 Epoch: 13
2025-10-29 00:48:07,513 INFO Final training 13/99, loss: 1.8820, time 315.21s, lr: 0.000298
Accuracy: 0.786
class                  precision    recall   specificity      f1   support
--------------------------------------------------------------------------
0                          0.839     0.712         0.912   0.770        66
1                          0.769     0.882         0.933   0.822        34
2                          0.753     0.809         0.820   0.780        68
*----------------------------------------*
2025-10-29 00:48:07,518 INFO 0 Wed Oct 29 00:48:07 2025 Epoch: 14
2025-10-29 00:53:38,405 INFO Final training 14/99, loss: 1.7448, time 330.89s, lr: 0.000297
Accuracy: 0.810
class                  precision    recall   specificity      f1   support
--------------------------------------------------------------------------
0                          0.828     0.815         0.893   0.822        65
1                          0.744     0.941         0.918   0.831        34
2                          0.836     0.739         0.899   0.785        69
*----------------------------------------*
2025-10-29 00:53:38,409 INFO 0 Wed Oct 29 00:53:38 2025 Epoch: 15
2025-10-29 00:58:57,614 INFO Final training 15/99, loss: 1.8940, time 319.20s, lr: 0.000296
Accuracy: 0.786
class                  precision    recall   specificity      f1   support
--------------------------------------------------------------------------
0                          0.803     0.731         0.881   0.766        67
1                          0.769     0.938         0.934   0.845        32
2                          0.779     0.768         0.848   0.774        69
*----------------------------------------*
2025-10-29 01:00:25,707 INFO Final validation 15/99, Val_acc: 0.6279, time 88.09sAccuracy: 0.628
class                  precision    recall   specificity      f1   support
--------------------------------------------------------------------------
0                          0.875     0.412         0.962   0.560        17
1                          0.538     0.778         0.824   0.636         9
2                          0.591     0.765         0.654   0.667        17
*========================================*
2025-10-29 01:00:30,628 INFO 0 Wed Oct 29 01:00:30 2025 Epoch: 16
2025-10-29 01:05:52,516 INFO Final training 16/99, loss: 1.7734, time 321.89s, lr: 0.000294
Accuracy: 0.780
class                  precision    recall   specificity      f1   support
--------------------------------------------------------------------------
0                          0.779     0.791         0.851   0.785        67
1                          0.756     0.912         0.925   0.827        34
2                          0.797     0.701         0.881   0.746        67
*----------------------------------------*
2025-10-29 01:05:52,523 INFO 0 Wed Oct 29 01:05:52 2025 Epoch: 17
2025-10-29 01:11:18,387 INFO Final training 17/99, loss: 1.7130, time 325.86s, lr: 0.000293
Accuracy: 0.804
class                  precision    recall   specificity      f1   support
--------------------------------------------------------------------------
0                          0.828     0.791         0.891   0.809        67
1                          0.750     0.909         0.926   0.822        33
2                          0.812     0.765         0.880   0.788        68
*----------------------------------------*
2025-10-29 01:11:18,394 INFO 0 Wed Oct 29 01:11:18 2025 Epoch: 18
2025-10-29 01:16:43,176 INFO Final training 18/99, loss: 2.1081, time 324.78s, lr: 0.000291
Accuracy: 0.738
class                  precision    recall   specificity      f1   support
--------------------------------------------------------------------------
0                          0.818     0.682         0.902   0.744        66
1                          0.725     0.853         0.918   0.784        34
2                          0.685     0.735         0.770   0.709        68
*----------------------------------------*
2025-10-29 01:16:43,184 INFO 0 Wed Oct 29 01:16:43 2025 Epoch: 19
2025-10-29 01:22:02,481 INFO Final training 19/99, loss: 2.2303, time 319.30s, lr: 0.000290
Accuracy: 0.768
class                  precision    recall   specificity      f1   support
--------------------------------------------------------------------------
0                          0.820     0.746         0.891   0.781        67
1                          0.675     0.844         0.904   0.750        32
2                          0.776     0.754         0.848   0.765        69
*----------------------------------------*
2025-10-29 01:23:30,387 INFO Final validation 19/99, Val_acc: 0.7674, time 87.90sAccuracy: 0.767
class                  precision    recall   specificity      f1   support
--------------------------------------------------------------------------
0                          0.875     0.824         0.923   0.848        17
1                          0.533     0.889         0.794   0.667         9
2                          0.917     0.647         0.962   0.759        17
*========================================*
2025-10-29 01:23:30,387 INFO New best (0.697674 --> 0.767442)
2025-10-29 01:23:38,038 INFO Copying best model to model.pt
2025-10-29 01:23:42,260 INFO 0 Wed Oct 29 01:23:42 2025 Epoch: 20
2025-10-29 01:29:10,502 INFO Final training 20/99, loss: 1.8154, time 328.24s, lr: 0.000288
Accuracy: 0.815
class                  precision    recall   specificity      f1   support
--------------------------------------------------------------------------
0                          0.867     0.765         0.920   0.812        68
1                          0.732     0.909         0.919   0.811        33
2                          0.821     0.821         0.881   0.821        67
*----------------------------------------*
2025-10-29 01:29:10,941 INFO 0 Wed Oct 29 01:29:10 2025 Epoch: 21
2025-10-29 01:34:34,187 INFO Final training 21/99, loss: 2.5905, time 323.25s, lr: 0.000285
Accuracy: 0.798
class                  precision    recall   specificity      f1   support
--------------------------------------------------------------------------
0                          0.828     0.791         0.891   0.809        67
1                          0.784     0.853         0.940   0.817        34
2                          0.776     0.776         0.851   0.776        67
*----------------------------------------*
2025-10-29 01:34:34,194 INFO 0 Wed Oct 29 01:34:34 2025 Epoch: 22
2025-10-29 01:39:59,333 INFO Final training 22/99, loss: 1.8083, time 325.14s, lr: 0.000283
Accuracy: 0.810
class                  precision    recall   specificity      f1   support
--------------------------------------------------------------------------
0                          0.852     0.754         0.909   0.800        69
1                          0.775     0.939         0.933   0.849        33
2                          0.791     0.803         0.863   0.797        66
*----------------------------------------*
2025-10-29 01:39:59,337 INFO 0 Wed Oct 29 01:39:59 2025 Epoch: 23
2025-10-29 01:45:19,222 INFO Final training 23/99, loss: 1.5599, time 319.88s, lr: 0.000281
Accuracy: 0.839
class                  precision    recall   specificity      f1   support
--------------------------------------------------------------------------
0                          0.889     0.824         0.930   0.855        68
1                          0.789     0.909         0.941   0.845        33
2                          0.821     0.821         0.881   0.821        67
*----------------------------------------*
2025-10-29 01:46:46,744 INFO Final validation 23/99, Val_acc: 0.7209, time 87.52sAccuracy: 0.721
class                  precision    recall   specificity      f1   support
--------------------------------------------------------------------------
0                          0.737     0.824         0.808   0.778        17
1                          0.583     0.778         0.853   0.667         9
2                          0.833     0.588         0.923   0.690        17
*========================================*
2025-10-29 01:46:51,831 INFO 0 Wed Oct 29 01:46:51 2025 Epoch: 24
2025-10-29 01:52:13,408 INFO Final training 24/99, loss: 1.8312, time 321.58s, lr: 0.000278
Accuracy: 0.780
class                  precision    recall   specificity      f1   support
--------------------------------------------------------------------------
0                          0.833     0.746         0.901   0.787        67
1                          0.763     0.853         0.933   0.806        34
2                          0.743     0.776         0.822   0.759        67
*----------------------------------------*
2025-10-29 01:52:13,416 INFO 0 Wed Oct 29 01:52:13 2025 Epoch: 25
2025-10-29 01:57:35,261 INFO Final training 25/99, loss: 2.0144, time 321.84s, lr: 0.000275
Accuracy: 0.815
class                  precision    recall   specificity      f1   support
--------------------------------------------------------------------------
0                          0.855     0.791         0.911   0.822        67
1                          0.750     0.909         0.926   0.822        33
2                          0.818     0.794         0.880   0.806        68
*----------------------------------------*
2025-10-29 01:57:35,268 INFO 0 Wed Oct 29 01:57:35 2025 Epoch: 26
2025-10-29 02:03:00,265 INFO Final training 26/99, loss: 1.7479, time 325.00s, lr: 0.000273
Accuracy: 0.804
class                  precision    recall   specificity      f1   support
--------------------------------------------------------------------------
0                          0.821     0.821         0.881   0.821        67
1                          0.757     0.848         0.933   0.800        33
2                          0.812     0.765         0.880   0.788        68
*----------------------------------------*
2025-10-29 02:03:00,272 INFO 0 Wed Oct 29 02:03:00 2025 Epoch: 27
2025-10-29 02:08:24,891 INFO Final training 27/99, loss: 1.5999, time 324.62s, lr: 0.000270
Accuracy: 0.810
class                  precision    recall   specificity      f1   support
--------------------------------------------------------------------------
0                          0.855     0.779         0.910   0.815        68
1                          0.721     0.939         0.911   0.816        33
2                          0.825     0.776         0.891   0.800        67
*----------------------------------------*
2025-10-29 02:09:52,565 INFO Final validation 27/99, Val_acc: 0.6977, time 87.67sAccuracy: 0.698
class                  precision    recall   specificity      f1   support
--------------------------------------------------------------------------
0                          0.778     0.824         0.846   0.800        17
1                          0.500     0.889         0.765   0.640         9
2                          0.889     0.471         0.962   0.615        17
*========================================*
2025-10-29 02:09:57,545 INFO 0 Wed Oct 29 02:09:57 2025 Epoch: 28
2025-10-29 02:15:22,789 INFO Final training 28/99, loss: 1.4008, time 325.24s, lr: 0.000266
Accuracy: 0.851
class                  precision    recall   specificity      f1   support
--------------------------------------------------------------------------
0                          0.887     0.809         0.930   0.846        68
1                          0.821     0.941         0.948   0.877        34
2                          0.836     0.848         0.892   0.842        66
*----------------------------------------*
2025-10-29 02:15:22,796 INFO 0 Wed Oct 29 02:15:22 2025 Epoch: 29
2025-10-29 02:20:51,510 INFO Final training 29/99, loss: 1.4693, time 328.71s, lr: 0.000263
Accuracy: 0.821
class                  precision    recall   specificity      f1   support
--------------------------------------------------------------------------
0                          0.855     0.803         0.912   0.828        66
1                          0.738     0.939         0.919   0.827        33
2                          0.844     0.783         0.899   0.812        69
*----------------------------------------*
2025-10-29 02:20:51,514 INFO 0 Wed Oct 29 02:20:51 2025 Epoch: 30
2025-10-29 02:26:19,137 INFO Final training 30/99, loss: 1.4821, time 327.62s, lr: 0.000260
Accuracy: 0.857
class                  precision    recall   specificity      f1   support
--------------------------------------------------------------------------
0                          0.879     0.866         0.921   0.872        67
1                          0.789     0.938         0.941   0.857        32
2                          0.875     0.812         0.919   0.842        69
*----------------------------------------*
2025-10-29 02:26:19,565 INFO 0 Wed Oct 29 02:26:19 2025 Epoch: 31
2025-10-29 02:31:45,354 INFO Final training 31/99, loss: 1.3885, time 325.79s, lr: 0.000256
Accuracy: 0.851
class                  precision    recall   specificity      f1   support
--------------------------------------------------------------------------
0                          0.902     0.821         0.941   0.859        67
1                          0.800     0.941         0.940   0.865        34
2                          0.836     0.836         0.891   0.836        67
*----------------------------------------*
2025-10-29 02:33:13,236 INFO Final validation 31/99, Val_acc: 0.7442, time 87.88sAccuracy: 0.744
class                  precision    recall   specificity      f1   support
--------------------------------------------------------------------------
0                          0.875     0.824         0.923   0.848        17
1                          0.500     0.889         0.765   0.640         9
2                          0.909     0.588         0.962   0.714        17
*========================================*
2025-10-29 02:33:18,198 INFO 0 Wed Oct 29 02:33:18 2025 Epoch: 32
2025-10-29 02:38:44,572 INFO Final training 32/99, loss: 1.5691, time 326.37s, lr: 0.000252
Accuracy: 0.815
class                  precision    recall   specificity      f1   support
--------------------------------------------------------------------------
0                          0.819     0.868         0.870   0.843        68
1                          0.769     0.882         0.933   0.822        34
2                          0.842     0.727         0.912   0.780        66
*----------------------------------------*
2025-10-29 02:38:44,579 INFO 0 Wed Oct 29 02:38:44 2025 Epoch: 33
2025-10-29 02:44:10,472 INFO Final training 33/99, loss: 1.7544, time 325.89s, lr: 0.000249
Accuracy: 0.810
class                  precision    recall   specificity      f1   support
--------------------------------------------------------------------------
0                          0.893     0.735         0.940   0.806        68
1                          0.756     0.939         0.926   0.838        33
2                          0.775     0.821         0.842   0.797        67
*----------------------------------------*
2025-10-29 02:44:10,479 INFO 0 Wed Oct 29 02:44:10 2025 Epoch: 34
2025-10-29 02:49:32,237 INFO Final training 34/99, loss: 1.6574, time 321.76s, lr: 0.000245
Accuracy: 0.786
class                  precision    recall   specificity      f1   support
--------------------------------------------------------------------------
0                          0.839     0.754         0.899   0.794        69
1                          0.750     0.882         0.925   0.811        34
2                          0.758     0.769         0.845   0.763        65
*----------------------------------------*
2025-10-29 02:49:32,246 INFO 0 Wed Oct 29 02:49:32 2025 Epoch: 35
2025-10-29 02:54:52,129 INFO Final training 35/99, loss: 1.6042, time 319.88s, lr: 0.000241
Accuracy: 0.821
class                  precision    recall   specificity      f1   support
--------------------------------------------------------------------------
0                          0.836     0.836         0.891   0.836        67
1                          0.763     0.906         0.934   0.829        32
2                          0.841     0.768         0.899   0.803        69
*----------------------------------------*
2025-10-29 02:56:20,301 INFO Final validation 35/99, Val_acc: 0.7209, time 88.17sAccuracy: 0.721
class                  precision    recall   specificity      f1   support
--------------------------------------------------------------------------
0                          0.778     0.824         0.846   0.800        17
1                          0.533     0.889         0.794   0.667         9
2                          0.900     0.529         0.962   0.667        17
*========================================*
2025-10-29 02:56:25,388 INFO 0 Wed Oct 29 02:56:25 2025 Epoch: 36
2025-10-29 03:01:39,529 INFO Final training 36/99, loss: 1.3690, time 314.14s, lr: 0.000237
Accuracy: 0.833
class                  precision    recall   specificity      f1   support
--------------------------------------------------------------------------
0                          0.881     0.800         0.932   0.839        65
1                          0.780     0.941         0.933   0.853        34
2                          0.824     0.812         0.879   0.818        69
*----------------------------------------*
2025-10-29 03:01:39,536 INFO 0 Wed Oct 29 03:01:39 2025 Epoch: 37
2025-10-29 03:07:00,360 INFO Final training 37/99, loss: 1.4747, time 320.82s, lr: 0.000232
Accuracy: 0.833
class                  precision    recall   specificity      f1   support
--------------------------------------------------------------------------
0                          0.862     0.824         0.910   0.842        68
1                          0.789     0.938         0.941   0.857        32
2                          0.831     0.794         0.890   0.812        68
*----------------------------------------*
2025-10-29 03:07:00,365 INFO 0 Wed Oct 29 03:07:00 2025 Epoch: 38
2025-10-29 03:12:25,883 INFO Final training 38/99, loss: 1.5006, time 325.52s, lr: 0.000228
Accuracy: 0.804
class                  precision    recall   specificity      f1   support
--------------------------------------------------------------------------
0                          0.803     0.791         0.871   0.797        67
1                          0.775     0.912         0.933   0.838        34
2                          0.823     0.761         0.891   0.791        67
*----------------------------------------*
2025-10-29 03:12:25,890 INFO 0 Wed Oct 29 03:12:25 2025 Epoch: 39
2025-10-29 03:17:48,130 INFO Final training 39/99, loss: 1.4353, time 322.24s, lr: 0.000224
Accuracy: 0.863
class                  precision    recall   specificity      f1   support
--------------------------------------------------------------------------
0                          0.873     0.912         0.910   0.892        68
1                          0.800     0.941         0.940   0.865        34
2                          0.895     0.773         0.941   0.829        66
*----------------------------------------*
2025-10-29 03:19:15,679 INFO Final validation 39/99, Val_acc: 0.7442, time 87.54sAccuracy: 0.744
class                  precision    recall   specificity      f1   support
--------------------------------------------------------------------------
0                          0.875     0.824         0.923   0.848        17
1                          0.500     0.889         0.765   0.640         9
2                          0.909     0.588         0.962   0.714        17
*========================================*
2025-10-29 03:19:20,626 INFO 0 Wed Oct 29 03:19:20 2025 Epoch: 40
2025-10-29 03:24:51,683 INFO Final training 40/99, loss: 1.3967, time 331.06s, lr: 0.000219
Accuracy: 0.827
class                  precision    recall   specificity      f1   support
--------------------------------------------------------------------------
0                          0.848     0.836         0.901   0.842        67
1                          0.744     0.941         0.918   0.831        34
2                          0.864     0.761         0.921   0.810        67
*----------------------------------------*
2025-10-29 03:24:52,138 INFO 0 Wed Oct 29 03:24:52 2025 Epoch: 41
2025-10-29 03:30:16,831 INFO Final training 41/99, loss: 1.1921, time 324.69s, lr: 0.000214
Accuracy: 0.845
class                  precision    recall   specificity      f1   support
--------------------------------------------------------------------------
0                          0.879     0.841         0.919   0.859        69
1                          0.780     1.000         0.934   0.877        32
2                          0.852     0.776         0.911   0.812        67
*----------------------------------------*
2025-10-29 03:30:16,832 INFO 0 Wed Oct 29 03:30:16 2025 Epoch: 42
2025-10-29 03:35:41,783 INFO Final training 42/99, loss: 1.1114, time 324.95s, lr: 0.000210
Accuracy: 0.863
class                  precision    recall   specificity      f1   support
--------------------------------------------------------------------------
0                          0.908     0.855         0.939   0.881        69
1                          0.800     0.941         0.940   0.865        34
2                          0.857     0.831         0.913   0.844        65
*----------------------------------------*
2025-10-29 03:35:41,787 INFO 0 Wed Oct 29 03:35:41 2025 Epoch: 43
2025-10-29 03:41:02,490 INFO Final training 43/99, loss: 1.2489, time 320.70s, lr: 0.000205
Accuracy: 0.845
class                  precision    recall   specificity      f1   support
--------------------------------------------------------------------------
0                          0.915     0.806         0.950   0.857        67
1                          0.756     1.000         0.918   0.861        34
2                          0.844     0.806         0.901   0.824        67
*----------------------------------------*
2025-10-29 03:42:30,274 INFO Final validation 43/99, Val_acc: 0.7907, time 87.78sAccuracy: 0.791
class                  precision    recall   specificity      f1   support
--------------------------------------------------------------------------
0                          0.824     0.824         0.885   0.824        17
1                          0.636     0.778         0.882   0.700         9
2                          0.867     0.765         0.923   0.812        17
*========================================*
2025-10-29 03:42:30,274 INFO New best (0.767442 --> 0.790698)
2025-10-29 03:42:36,627 INFO Copying best model to model.pt
2025-10-29 03:42:40,932 INFO 0 Wed Oct 29 03:42:40 2025 Epoch: 44
2025-10-29 03:48:04,179 INFO Final training 44/99, loss: 1.0968, time 323.25s, lr: 0.000200
Accuracy: 0.869
class                  precision    recall   specificity      f1   support
--------------------------------------------------------------------------
0                          0.909     0.870         0.939   0.889        69
1                          0.786     0.971         0.933   0.868        34
2                          0.883     0.815         0.932   0.848        65
*----------------------------------------*
2025-10-29 03:48:04,186 INFO 0 Wed Oct 29 03:48:04 2025 Epoch: 45
2025-10-29 03:53:28,423 INFO Final training 45/99, loss: 1.0771, time 324.24s, lr: 0.000195
Accuracy: 0.851
class                  precision    recall   specificity      f1   support
--------------------------------------------------------------------------
0                          0.891     0.838         0.930   0.864        68
1                          0.800     0.970         0.941   0.877        33
2                          0.844     0.806         0.901   0.824        67
*----------------------------------------*
2025-10-29 03:53:28,430 INFO 0 Wed Oct 29 03:53:28 2025 Epoch: 46
2025-10-29 03:58:51,827 INFO Final training 46/99, loss: 1.9263, time 323.40s, lr: 0.000190
Accuracy: 0.786
class                  precision    recall   specificity      f1   support
--------------------------------------------------------------------------
0                          0.786     0.809         0.850   0.797        68
1                          0.737     0.824         0.925   0.778        34
2                          0.817     0.742         0.892   0.778        66
*----------------------------------------*
2025-10-29 03:58:51,831 INFO 0 Wed Oct 29 03:58:51 2025 Epoch: 47
2025-10-29 04:04:15,323 INFO Final training 47/99, loss: 1.3611, time 323.49s, lr: 0.000186
Accuracy: 0.839
class                  precision    recall   specificity      f1   support
--------------------------------------------------------------------------
0                          0.859     0.809         0.910   0.833        68
1                          0.780     0.970         0.933   0.865        33
2                          0.857     0.806         0.911   0.831        67
*----------------------------------------*
2025-10-29 04:05:42,980 INFO Final validation 47/99, Val_acc: 0.7442, time 87.66sAccuracy: 0.744
class                  precision    recall   specificity      f1   support
--------------------------------------------------------------------------
0                          0.778     0.824         0.846   0.800        17
1                          0.583     0.778         0.853   0.667         9
2                          0.846     0.647         0.923   0.733        17
*========================================*
2025-10-29 04:05:47,969 INFO 0 Wed Oct 29 04:05:47 2025 Epoch: 48
2025-10-29 04:11:09,616 INFO Final training 48/99, loss: 1.2764, time 321.65s, lr: 0.000181
Accuracy: 0.857
class                  precision    recall   specificity      f1   support
--------------------------------------------------------------------------
0                          0.882     0.870         0.919   0.876        69
1                          0.795     0.939         0.941   0.861        33
2                          0.869     0.803         0.922   0.835        66
*----------------------------------------*
2025-10-29 04:11:09,623 INFO 0 Wed Oct 29 04:11:09 2025 Epoch: 49
2025-10-29 04:16:29,271 INFO Final training 49/99, loss: 1.1423, time 319.65s, lr: 0.000175
Accuracy: 0.833
class                  precision    recall   specificity      f1   support
--------------------------------------------------------------------------
0                          0.862     0.812         0.909   0.836        69
1                          0.780     1.000         0.934   0.877        32
2                          0.839     0.776         0.901   0.806        67
*----------------------------------------*
2025-10-29 04:16:29,278 INFO 0 Wed Oct 29 04:16:29 2025 Epoch: 50
2025-10-29 04:22:02,819 INFO Final training 50/99, loss: 1.2685, time 333.54s, lr: 0.000170
Accuracy: 0.857
class                  precision    recall   specificity      f1   support
--------------------------------------------------------------------------
0                          0.889     0.848         0.931   0.868        66
1                          0.795     0.939         0.941   0.861        33
2                          0.864     0.826         0.909   0.844        69
*----------------------------------------*
2025-10-29 04:22:03,365 INFO 0 Wed Oct 29 04:22:03 2025 Epoch: 51
2025-10-29 04:27:28,141 INFO Final training 51/99, loss: 1.0258, time 324.78s, lr: 0.000165
Accuracy: 0.869
class                  precision    recall   specificity      f1   support
--------------------------------------------------------------------------
0                          0.881     0.881         0.921   0.881        67
1                          0.810     1.000         0.940   0.895        34
2                          0.898     0.791         0.941   0.841        67
*----------------------------------------*
2025-10-29 04:28:55,812 INFO Final validation 51/99, Val_acc: 0.7442, time 87.66sAccuracy: 0.744
class                  precision    recall   specificity      f1   support
--------------------------------------------------------------------------
0                          0.875     0.824         0.923   0.848        17
1                          0.500     0.889         0.765   0.640         9
2                          0.909     0.588         0.962   0.714        17
*========================================*
2025-10-29 04:29:00,777 INFO 0 Wed Oct 29 04:29:00 2025 Epoch: 52
2025-10-29 04:34:30,070 INFO Final training 52/99, loss: 1.3247, time 329.29s, lr: 0.000160
Accuracy: 0.845
class                  precision    recall   specificity      f1   support
--------------------------------------------------------------------------
0                          0.866     0.879         0.912   0.872        66
1                          0.780     0.941         0.933   0.853        34
2                          0.867     0.765         0.920   0.812        68
*----------------------------------------*
2025-10-29 04:34:30,078 INFO 0 Wed Oct 29 04:34:30 2025 Epoch: 53
2025-10-29 04:39:49,801 INFO Final training 53/99, loss: 1.1138, time 319.72s, lr: 0.000155
Accuracy: 0.845
class                  precision    recall   specificity      f1   support
--------------------------------------------------------------------------
0                          0.866     0.841         0.909   0.853        69
1                          0.821     0.970         0.948   0.889        33
2                          0.839     0.788         0.902   0.812        66
*----------------------------------------*
2025-10-29 04:39:49,808 INFO 0 Wed Oct 29 04:39:49 2025 Epoch: 54
2025-10-29 04:45:14,870 INFO Final training 54/99, loss: 1.0150, time 325.06s, lr: 0.000150
Accuracy: 0.857
class                  precision    recall   specificity      f1   support
--------------------------------------------------------------------------
0                          0.889     0.824         0.930   0.855        68
1                          0.810     1.000         0.940   0.895        34
2                          0.857     0.818         0.912   0.837        66
*----------------------------------------*
2025-10-29 04:45:14,871 INFO 0 Wed Oct 29 04:45:14 2025 Epoch: 55
2025-10-29 04:50:34,028 INFO Final training 55/99, loss: 0.9708, time 319.16s, lr: 0.000145
Accuracy: 0.893
class                  precision    recall   specificity      f1   support
--------------------------------------------------------------------------
0                          0.886     0.912         0.920   0.899        68
1                          0.868     1.000         0.963   0.930        33
2                          0.917     0.821         0.950   0.866        67
*----------------------------------------*
2025-10-29 04:52:01,919 INFO Final validation 55/99, Val_acc: 0.7209, time 87.88sAccuracy: 0.721
class                  precision    recall   specificity      f1   support
--------------------------------------------------------------------------
0                          0.824     0.824         0.885   0.824        17
1                          0.500     0.889         0.765   0.640         9
2                          0.900     0.529         0.962   0.667        17
*========================================*
2025-10-29 04:52:06,923 INFO 0 Wed Oct 29 04:52:06 2025 Epoch: 56
2025-10-29 04:57:27,959 INFO Final training 56/99, loss: 1.0827, time 321.04s, lr: 0.000140
Accuracy: 0.881
class                  precision    recall   specificity      f1   support
--------------------------------------------------------------------------
0                          0.892     0.866         0.931   0.879        67
1                          0.846     1.000         0.956   0.917        33
2                          0.891     0.838         0.930   0.864        68
*----------------------------------------*
2025-10-29 04:57:27,963 INFO 0 Wed Oct 29 04:57:27 2025 Epoch: 57
2025-10-29 05:02:58,866 INFO Final training 57/99, loss: 0.9620, time 330.90s, lr: 0.000135
Accuracy: 0.869
class                  precision    recall   specificity      f1   support
--------------------------------------------------------------------------
0                          0.894     0.868         0.930   0.881        68
1                          0.800     0.970         0.941   0.877        33
2                          0.887     0.821         0.931   0.853        67
*----------------------------------------*
2025-10-29 05:02:58,870 INFO 0 Wed Oct 29 05:02:58 2025 Epoch: 58
2025-10-29 05:08:23,672 INFO Final training 58/99, loss: 1.0529, time 324.80s, lr: 0.000130
Accuracy: 0.863
class                  precision    recall   specificity      f1   support
--------------------------------------------------------------------------
0                          0.908     0.868         0.940   0.887        68
1                          0.786     0.971         0.933   0.868        34
2                          0.869     0.803         0.922   0.835        66
*----------------------------------------*
2025-10-29 05:08:23,674 INFO 0 Wed Oct 29 05:08:23 2025 Epoch: 59
2025-10-29 05:13:51,074 INFO Final training 59/99, loss: 0.9681, time 327.40s, lr: 0.000125
Accuracy: 0.893
class                  precision    recall   specificity      f1   support
--------------------------------------------------------------------------
0                          0.923     0.896         0.950   0.909        67
1                          0.825     0.971         0.948   0.892        34
2                          0.905     0.851         0.941   0.877        67
*----------------------------------------*
2025-10-29 05:15:19,094 INFO Final validation 59/99, Val_acc: 0.7674, time 88.01sAccuracy: 0.767
class                  precision    recall   specificity      f1   support
--------------------------------------------------------------------------
0                          0.824     0.824         0.885   0.824        17
1                          0.583     0.778         0.853   0.667         9
2                          0.857     0.706         0.923   0.774        17
*========================================*
2025-10-29 05:15:24,053 INFO 0 Wed Oct 29 05:15:24 2025 Epoch: 60
2025-10-29 05:20:38,759 INFO Final training 60/99, loss: 0.9465, time 314.71s, lr: 0.000119
Accuracy: 0.851
class                  precision    recall   specificity      f1   support
--------------------------------------------------------------------------
0                          0.864     0.851         0.911   0.857        67
1                          0.805     1.000         0.941   0.892        33
2                          0.869     0.779         0.920   0.822        68
*----------------------------------------*
2025-10-29 05:20:39,240 INFO 0 Wed Oct 29 05:20:39 2025 Epoch: 61
2025-10-29 05:26:00,734 INFO Final training 61/99, loss: 1.0442, time 321.49s, lr: 0.000114
Accuracy: 0.881
class                  precision    recall   specificity      f1   support
--------------------------------------------------------------------------
0                          0.899     0.912         0.930   0.905        68
1                          0.838     0.939         0.956   0.886        33
2                          0.887     0.821         0.931   0.853        67
*----------------------------------------*
2025-10-29 05:26:00,741 INFO 0 Wed Oct 29 05:26:00 2025 Epoch: 62
2025-10-29 05:31:21,997 INFO Final training 62/99, loss: 0.9666, time 321.26s, lr: 0.000110
Accuracy: 0.869
class                  precision    recall   specificity      f1   support
--------------------------------------------------------------------------
0                          0.906     0.879         0.941   0.892        66
1                          0.805     0.971         0.940   0.880        34
2                          0.873     0.809         0.920   0.840        68
*----------------------------------------*
2025-10-29 05:31:21,997 INFO 0 Wed Oct 29 05:31:21 2025 Epoch: 63
2025-10-29 05:36:43,438 INFO Final training 63/99, loss: 0.9456, time 321.44s, lr: 0.000105
Accuracy: 0.875
class                  precision    recall   specificity      f1   support
--------------------------------------------------------------------------
0                          0.925     0.912         0.950   0.919        68
1                          0.756     0.939         0.926   0.838        33
2                          0.900     0.806         0.941   0.850        67
*----------------------------------------*
2025-10-29 05:38:11,261 INFO Final validation 63/99, Val_acc: 0.7674, time 87.82sAccuracy: 0.767
class                  precision    recall   specificity      f1   support
--------------------------------------------------------------------------
0                          0.824     0.824         0.885   0.824        17
1                          0.583     0.778         0.853   0.667         9
2                          0.857     0.706         0.923   0.774        17
*========================================*
2025-10-29 05:38:16,284 INFO 0 Wed Oct 29 05:38:16 2025 Epoch: 64
2025-10-29 05:43:38,614 INFO Final training 64/99, loss: 1.8688, time 322.33s, lr: 0.000100
Accuracy: 0.839
class                  precision    recall   specificity      f1   support
--------------------------------------------------------------------------
0                          0.870     0.882         0.910   0.876        68
1                          0.744     0.906         0.926   0.817        32
2                          0.867     0.765         0.920   0.812        68
*----------------------------------------*
2025-10-29 05:43:38,620 INFO 0 Wed Oct 29 05:43:38 2025 Epoch: 65
2025-10-29 05:48:55,452 INFO Final training 65/99, loss: 0.9536, time 316.83s, lr: 0.000095
Accuracy: 0.881
class                  precision    recall   specificity      f1   support
--------------------------------------------------------------------------
0                          0.934     0.851         0.960   0.891        67
1                          0.842     0.970         0.956   0.901        33
2                          0.855     0.868         0.900   0.861        68
*----------------------------------------*
2025-10-29 05:48:55,452 INFO 0 Wed Oct 29 05:48:55 2025 Epoch: 66
2025-10-29 05:54:11,193 INFO Final training 66/99, loss: 0.9028, time 315.74s, lr: 0.000090
Accuracy: 0.881
class                  precision    recall   specificity      f1   support
--------------------------------------------------------------------------
0                          0.921     0.879         0.951   0.899        66
1                          0.805     0.971         0.940   0.880        34
2                          0.891     0.838         0.930   0.864        68
*----------------------------------------*
2025-10-29 05:54:11,198 INFO 0 Wed Oct 29 05:54:11 2025 Epoch: 67
2025-10-29 05:59:39,829 INFO Final training 67/99, loss: 0.8572, time 328.63s, lr: 0.000086
Accuracy: 0.893
class                  precision    recall   specificity      f1   support
--------------------------------------------------------------------------
0                          0.882     0.896         0.921   0.889        67
1                          0.895     1.000         0.970   0.944        34
2                          0.903     0.836         0.941   0.868        67
*----------------------------------------*
2025-10-29 06:01:07,907 INFO Final validation 67/99, Val_acc: 0.7209, time 88.07sAccuracy: 0.721
class                  precision    recall   specificity      f1   support
--------------------------------------------------------------------------
0                          0.700     0.824         0.769   0.757        17
1                          0.615     0.889         0.853   0.727         9
2                          0.900     0.529         0.962   0.667        17
*========================================*
2025-10-29 06:01:12,875 INFO 0 Wed Oct 29 06:01:12 2025 Epoch: 68
2025-10-29 06:06:35,806 INFO Final training 68/99, loss: 1.0034, time 322.93s, lr: 0.000081
Accuracy: 0.875
class                  precision    recall   specificity      f1   support
--------------------------------------------------------------------------
0                          0.897     0.910         0.931   0.904        67
1                          0.805     0.971         0.940   0.880        34
2                          0.898     0.791         0.941   0.841        67
*----------------------------------------*
2025-10-29 06:06:35,807 INFO 0 Wed Oct 29 06:06:35 2025 Epoch: 69
2025-10-29 06:12:00,797 INFO Final training 69/99, loss: 0.8358, time 324.99s, lr: 0.000076
Accuracy: 0.887
class                  precision    recall   specificity      f1   support
--------------------------------------------------------------------------
0                          0.909     0.882         0.940   0.896        68
1                          0.850     1.000         0.955   0.919        34
2                          0.887     0.833         0.931   0.859        66
*----------------------------------------*
2025-10-29 06:12:00,798 INFO 0 Wed Oct 29 06:12:00 2025 Epoch: 70
2025-10-29 06:17:25,542 INFO Final training 70/99, loss: 0.9248, time 324.74s, lr: 0.000072
Accuracy: 0.887
class                  precision    recall   specificity      f1   support
--------------------------------------------------------------------------
0                          0.882     0.909         0.922   0.896        66
1                          0.825     0.971         0.948   0.892        34
2                          0.933     0.824         0.960   0.875        68
*----------------------------------------*
2025-10-29 06:17:26,067 INFO 0 Wed Oct 29 06:17:26 2025 Epoch: 71
2025-10-29 06:22:50,806 INFO Final training 71/99, loss: 0.9153, time 324.74s, lr: 0.000068
Accuracy: 0.881
class                  precision    recall   specificity      f1   support
--------------------------------------------------------------------------
0                          0.894     0.868         0.930   0.881        68
1                          0.872     1.000         0.963   0.932        34
2                          0.873     0.833         0.922   0.853        66
*----------------------------------------*
2025-10-29 06:24:18,409 INFO Final validation 71/99, Val_acc: 0.7907, time 87.60sAccuracy: 0.791
class                  precision    recall   specificity      f1   support
--------------------------------------------------------------------------
0                          0.824     0.824         0.885   0.824        17
1                          0.615     0.889         0.853   0.727         9
2                          0.923     0.706         0.962   0.800        17
*========================================*
2025-10-29 06:24:23,365 INFO 0 Wed Oct 29 06:24:23 2025 Epoch: 72
2025-10-29 06:29:45,406 INFO Final training 72/99, loss: 0.7592, time 322.04s, lr: 0.000063
Accuracy: 0.893
class                  precision    recall   specificity      f1   support
--------------------------------------------------------------------------
0                          0.906     0.892         0.942   0.899        65
1                          0.872     1.000         0.963   0.932        34
2                          0.892     0.841         0.929   0.866        69
*----------------------------------------*
2025-10-29 06:29:45,407 INFO 0 Wed Oct 29 06:29:45 2025 Epoch: 73
2025-10-29 06:35:06,872 INFO Final training 73/99, loss: 0.7837, time 321.47s, lr: 0.000059
Accuracy: 0.899
class                  precision    recall   specificity      f1   support
--------------------------------------------------------------------------
0                          0.897     0.910         0.931   0.904        67
1                          0.882     0.938         0.971   0.909        32
2                          0.909     0.870         0.939   0.889        69
*----------------------------------------*
2025-10-29 06:35:06,873 INFO 0 Wed Oct 29 06:35:06 2025 Epoch: 74
2025-10-29 06:40:33,457 INFO Final training 74/99, loss: 0.9262, time 326.58s, lr: 0.000055
Accuracy: 0.881
class                  precision    recall   specificity      f1   support
--------------------------------------------------------------------------
0                          0.908     0.881         0.941   0.894        67
1                          0.821     0.970         0.948   0.889        33
2                          0.891     0.838         0.930   0.864        68
*----------------------------------------*
2025-10-29 06:40:33,458 INFO 0 Wed Oct 29 06:40:33 2025 Epoch: 75
2025-10-29 06:46:00,747 INFO Final training 75/99, loss: 1.0587, time 327.29s, lr: 0.000051
Accuracy: 0.857
class                  precision    recall   specificity      f1   support
--------------------------------------------------------------------------
0                          0.921     0.853         0.950   0.885        68
1                          0.756     0.969         0.926   0.849        32
2                          0.859     0.809         0.910   0.833        68
*----------------------------------------*
2025-10-29 06:47:28,353 INFO Final validation 75/99, Val_acc: 0.7442, time 87.61sAccuracy: 0.744
class                  precision    recall   specificity      f1   support
--------------------------------------------------------------------------
0                          0.737     0.824         0.808   0.778        17
1                          0.615     0.889         0.853   0.727         9
2                          0.909     0.588         0.962   0.714        17
*========================================*
2025-10-29 06:47:33,302 INFO 0 Wed Oct 29 06:47:33 2025 Epoch: 76
2025-10-29 06:52:51,627 INFO Final training 76/99, loss: 0.7727, time 318.33s, lr: 0.000048
Accuracy: 0.905
class                  precision    recall   specificity      f1   support
--------------------------------------------------------------------------
0                          0.938     0.896         0.960   0.916        67
1                          0.829     1.000         0.948   0.907        34
2                          0.921     0.866         0.950   0.892        67
*----------------------------------------*
2025-10-29 06:52:51,634 INFO 0 Wed Oct 29 06:52:51 2025 Epoch: 77
2025-10-29 06:58:17,641 INFO Final training 77/99, loss: 0.6964, time 326.01s, lr: 0.000044
Accuracy: 0.899
class                  precision    recall   specificity      f1   support
--------------------------------------------------------------------------
0                          0.899     0.939         0.931   0.919        66
1                          0.868     0.971         0.963   0.917        34
2                          0.918     0.824         0.950   0.868        68
*----------------------------------------*
2025-10-29 06:58:17,641 INFO 0 Wed Oct 29 06:58:17 2025 Epoch: 78
2025-10-29 07:03:39,163 INFO Final training 78/99, loss: 0.7699, time 321.52s, lr: 0.000040
Accuracy: 0.905
class                  precision    recall   specificity      f1   support
--------------------------------------------------------------------------
0                          0.928     0.928         0.949   0.928        69
1                          0.825     1.000         0.948   0.904        33
2                          0.932     0.833         0.961   0.880        66
*----------------------------------------*
2025-10-29 07:03:39,164 INFO 0 Wed Oct 29 07:03:39 2025 Epoch: 79
2025-10-29 07:09:05,827 INFO Final training 79/99, loss: 0.7571, time 326.66s, lr: 0.000037
Accuracy: 0.917
class                  precision    recall   specificity      f1   support
--------------------------------------------------------------------------
0                          0.940     0.913         0.960   0.926        69
1                          0.868     1.000         0.963   0.930        33
2                          0.921     0.879         0.951   0.899        66
*----------------------------------------*
2025-10-29 07:10:33,588 INFO Final validation 79/99, Val_acc: 0.7209, time 87.75sAccuracy: 0.721
class                  precision    recall   specificity      f1   support
--------------------------------------------------------------------------
0                          0.700     0.824         0.769   0.757        17
1                          0.615     0.889         0.853   0.727         9
2                          0.900     0.529         0.962   0.667        17
*========================================*
2025-10-29 07:10:38,552 INFO 0 Wed Oct 29 07:10:38 2025 Epoch: 80
2025-10-29 07:16:04,248 INFO Final training 80/99, loss: 0.6894, time 325.70s, lr: 0.000034
Accuracy: 0.893
class                  precision    recall   specificity      f1   support
--------------------------------------------------------------------------
0                          0.889     0.928         0.919   0.908        69
1                          0.846     1.000         0.956   0.917        33
2                          0.930     0.803         0.961   0.862        66
*----------------------------------------*
2025-10-29 07:16:04,687 INFO 0 Wed Oct 29 07:16:04 2025 Epoch: 81
2025-10-29 07:21:33,742 INFO Final training 81/99, loss: 0.7854, time 329.05s, lr: 0.000030
Accuracy: 0.899
class                  precision    recall   specificity      f1   support
--------------------------------------------------------------------------
0                          0.951     0.866         0.970   0.906        67
1                          0.868     0.971         0.963   0.917        34
2                          0.870     0.896         0.911   0.882        67
*----------------------------------------*
2025-10-29 07:21:33,756 INFO 0 Wed Oct 29 07:21:33 2025 Epoch: 82
2025-10-29 07:26:59,554 INFO Final training 82/99, loss: 0.7619, time 325.80s, lr: 0.000027
Accuracy: 0.899
class                  precision    recall   specificity      f1   support
--------------------------------------------------------------------------
0                          0.897     0.897         0.930   0.897        68
1                          0.889     1.000         0.971   0.941        32
2                          0.906     0.853         0.940   0.879        68
*----------------------------------------*
2025-10-29 07:26:59,555 INFO 0 Wed Oct 29 07:26:59 2025 Epoch: 83
2025-10-29 07:32:30,406 INFO Final training 83/99, loss: 0.6447, time 330.85s, lr: 0.000025
Accuracy: 0.893
class                  precision    recall   specificity      f1   support
--------------------------------------------------------------------------
0                          0.923     0.882         0.950   0.902        68
1                          0.842     1.000         0.956   0.914        32
2                          0.892     0.853         0.930   0.872        68
*----------------------------------------*
2025-10-29 07:33:58,468 INFO Final validation 83/99, Val_acc: 0.7442, time 88.06sAccuracy: 0.744
class                  precision    recall   specificity      f1   support
--------------------------------------------------------------------------
0                          0.778     0.824         0.846   0.800        17
1                          0.583     0.778         0.853   0.667         9
2                          0.846     0.647         0.923   0.733        17
*========================================*
2025-10-29 07:34:03,359 INFO 0 Wed Oct 29 07:34:03 2025 Epoch: 84
2025-10-29 07:39:25,462 INFO Final training 84/99, loss: 0.6479, time 322.10s, lr: 0.000022
Accuracy: 0.911
class                  precision    recall   specificity      f1   support
--------------------------------------------------------------------------
0                          0.897     0.924         0.931   0.910        66
1                          0.919     1.000         0.978   0.958        34
2                          0.921     0.853         0.950   0.885        68
*----------------------------------------*
2025-10-29 07:39:25,469 INFO 0 Wed Oct 29 07:39:25 2025 Epoch: 85
2025-10-29 07:44:45,312 INFO Final training 85/99, loss: 0.7074, time 319.84s, lr: 0.000019
Accuracy: 0.917
class                  precision    recall   specificity      f1   support
--------------------------------------------------------------------------
0                          0.926     0.926         0.950   0.926        68
1                          0.886     0.969         0.971   0.925        32
2                          0.923     0.882         0.950   0.902        68
*----------------------------------------*
2025-10-29 07:44:45,319 INFO 0 Wed Oct 29 07:44:45 2025 Epoch: 86
2025-10-29 07:50:07,361 INFO Final training 86/99, loss: 0.8130, time 322.04s, lr: 0.000017
Accuracy: 0.905
class                  precision    recall   specificity      f1   support
--------------------------------------------------------------------------
0                          0.928     0.941         0.950   0.934        68
1                          0.816     0.969         0.949   0.886        32
2                          0.934     0.838         0.960   0.884        68
*----------------------------------------*
2025-10-29 07:50:07,368 INFO 0 Wed Oct 29 07:50:07 2025 Epoch: 87
2025-10-29 07:55:26,047 INFO Final training 87/99, loss: 0.7805, time 318.68s, lr: 0.000015
Accuracy: 0.893
class                  precision    recall   specificity      f1   support
--------------------------------------------------------------------------
0                          0.922     0.894         0.951   0.908        66
1                          0.842     0.941         0.955   0.889        34
2                          0.894     0.868         0.930   0.881        68
*----------------------------------------*
2025-10-29 07:56:53,908 INFO Final validation 87/99, Val_acc: 0.7674, time 87.86sAccuracy: 0.767
class                  precision    recall   specificity      f1   support
--------------------------------------------------------------------------
0                          0.778     0.824         0.846   0.800        17
1                          0.615     0.889         0.853   0.727         9
2                          0.917     0.647         0.962   0.759        17
*========================================*
2025-10-29 07:56:59,018 INFO 0 Wed Oct 29 07:56:59 2025 Epoch: 88
2025-10-29 08:02:26,041 INFO Final training 88/99, loss: 0.7116, time 327.02s, lr: 0.000012
Accuracy: 0.893
class                  precision    recall   specificity      f1   support
--------------------------------------------------------------------------
0                          0.910     0.897         0.940   0.904        68
1                          0.825     0.971         0.948   0.892        34
2                          0.918     0.848         0.951   0.882        66
*----------------------------------------*
2025-10-29 08:02:26,041 INFO 0 Wed Oct 29 08:02:26 2025 Epoch: 89
2025-10-29 08:07:53,161 INFO Final training 89/99, loss: 0.6184, time 327.12s, lr: 0.000010
Accuracy: 0.899
class                  precision    recall   specificity      f1   support
--------------------------------------------------------------------------
0                          0.923     0.909         0.951   0.916        66
1                          0.829     1.000         0.948   0.907        34
2                          0.919     0.838         0.950   0.877        68
*----------------------------------------*
2025-10-29 08:07:53,168 INFO 0 Wed Oct 29 08:07:53 2025 Epoch: 90
2025-10-29 08:13:17,381 INFO Final training 90/99, loss: 0.7040, time 324.21s, lr: 0.000009
Accuracy: 0.893
class                  precision    recall   specificity      f1   support
--------------------------------------------------------------------------
0                          0.899     0.912         0.930   0.905        68
1                          0.861     0.969         0.963   0.912        32
2                          0.905     0.838         0.940   0.870        68
*----------------------------------------*
2025-10-29 08:13:17,822 INFO 0 Wed Oct 29 08:13:17 2025 Epoch: 91
2025-10-29 08:18:40,115 INFO Final training 91/99, loss: 0.7638, time 322.29s, lr: 0.000007
Accuracy: 0.899
class                  precision    recall   specificity      f1   support
--------------------------------------------------------------------------
0                          0.925     0.939         0.951   0.932        66
1                          0.838     0.912         0.955   0.873        34
2                          0.906     0.853         0.940   0.879        68
*----------------------------------------*
2025-10-29 08:20:07,937 INFO Final validation 91/99, Val_acc: 0.7442, time 87.82sAccuracy: 0.744
class                  precision    recall   specificity      f1   support
--------------------------------------------------------------------------
0                          0.778     0.824         0.846   0.800        17
1                          0.583     0.778         0.853   0.667         9
2                          0.846     0.647         0.923   0.733        17
*========================================*
2025-10-29 08:20:12,816 INFO 0 Wed Oct 29 08:20:12 2025 Epoch: 92
2025-10-29 08:25:32,763 INFO Final training 92/99, loss: 0.7071, time 319.95s, lr: 0.000006
Accuracy: 0.911
class                  precision    recall   specificity      f1   support
--------------------------------------------------------------------------
0                          0.926     0.926         0.950   0.926        68
1                          0.821     1.000         0.949   0.901        32
2                          0.951     0.853         0.970   0.899        68
*----------------------------------------*
2025-10-29 08:25:32,767 INFO 0 Wed Oct 29 08:25:32 2025 Epoch: 93
2025-10-29 08:30:55,668 INFO Final training 93/99, loss: 0.8697, time 322.90s, lr: 0.000004
Accuracy: 0.899
class                  precision    recall   specificity      f1   support
--------------------------------------------------------------------------
0                          0.900     0.940         0.931   0.920        67
1                          0.842     0.970         0.956   0.901        33
2                          0.933     0.824         0.960   0.875        68
*----------------------------------------*
2025-10-29 08:30:55,672 INFO 0 Wed Oct 29 08:30:55 2025 Epoch: 94
2025-10-29 08:36:16,296 INFO Final training 94/99, loss: 0.7279, time 320.62s, lr: 0.000003
Accuracy: 0.905
class                  precision    recall   specificity      f1   support
--------------------------------------------------------------------------
0                          0.926     0.940         0.950   0.933        67
1                          0.825     0.971         0.948   0.892        34
2                          0.933     0.836         0.960   0.882        67
*----------------------------------------*
2025-10-29 08:36:16,303 INFO 0 Wed Oct 29 08:36:16 2025 Epoch: 95
2025-10-29 08:41:38,060 INFO Final training 95/99, loss: 0.6823, time 321.76s, lr: 0.000002
Accuracy: 0.917
class                  precision    recall   specificity      f1   support
--------------------------------------------------------------------------
0                          0.912     0.939         0.941   0.925        66
1                          0.892     0.971         0.970   0.930        34
2                          0.937     0.868         0.960   0.901        68
*----------------------------------------*
2025-10-29 08:43:05,865 INFO Final validation 95/99, Val_acc: 0.7674, time 87.80sAccuracy: 0.767
class                  precision    recall   specificity      f1   support
--------------------------------------------------------------------------
0                          0.778     0.824         0.846   0.800        17
1                          0.615     0.889         0.853   0.727         9
2                          0.917     0.647         0.962   0.759        17
*========================================*
2025-10-29 08:43:10,777 INFO 0 Wed Oct 29 08:43:10 2025 Epoch: 96
2025-10-29 08:48:33,829 INFO Final training 96/99, loss: 1.2397, time 323.05s, lr: 0.000001
Accuracy: 0.887
class                  precision    recall   specificity      f1   support
--------------------------------------------------------------------------
0                          0.897     0.910         0.931   0.904        67
1                          0.842     0.970         0.956   0.901        33
2                          0.903     0.824         0.940   0.862        68
*----------------------------------------*
2025-10-29 08:48:33,839 INFO 0 Wed Oct 29 08:48:33 2025 Epoch: 97
2025-10-29 08:54:05,191 INFO Final training 97/99, loss: 0.7167, time 331.35s, lr: 0.000001
Accuracy: 0.911
class                  precision    recall   specificity      f1   support
--------------------------------------------------------------------------
0                          0.926     0.926         0.950   0.926        68
1                          0.846     1.000         0.956   0.917        33
2                          0.934     0.851         0.960   0.891        67
*----------------------------------------*
2025-10-29 08:54:05,197 INFO 0 Wed Oct 29 08:54:05 2025 Epoch: 98
2025-10-29 08:59:24,484 INFO Final training 98/99, loss: 0.7503, time 319.29s, lr: 0.000000
Accuracy: 0.899
class                  precision    recall   specificity      f1   support
--------------------------------------------------------------------------
0                          0.925     0.912         0.950   0.919        68
1                          0.821     1.000         0.949   0.901        32
2                          0.919     0.838         0.950   0.877        68
*----------------------------------------*
2025-10-29 08:59:24,487 INFO 0 Wed Oct 29 08:59:24 2025 Epoch: 99
2025-10-29 09:04:50,862 INFO Final training 99/99, loss: 0.6645, time 326.37s, lr: 0.000000
Accuracy: 0.899
class                  precision    recall   specificity      f1   support
--------------------------------------------------------------------------
0                          0.925     0.912         0.950   0.919        68
1                          0.846     1.000         0.956   0.917        33
2                          0.903     0.836         0.941   0.868        67
*----------------------------------------*
2025-10-29 09:06:18,685 INFO Final validation 99/99, Val_acc: 0.7674, time 87.80sAccuracy: 0.767
class                  precision    recall   specificity      f1   support
--------------------------------------------------------------------------
0                          0.778     0.824         0.846   0.800        17
1                          0.615     0.889         0.853   0.727         9
2                          0.917     0.647         0.962   0.759        17
*========================================*
2025-10-29 09:06:23,548 INFO Training Finished! Best Accuracy: 0.7907
2025-10-29 09:06:23,548 INFO ====================================================================================================
2025-10-29 09:06:32,817 INFO Total time spent: 09 hours 40 minutes 03 seconds
