2026-01-05 14:45:45,019 INFO Log directory: outputs/OrganoidsINRIA_MC/swinvit/2026-01-05-14-45
2026-01-05 14:45:45,021 INFO {'RandFlipd_prob': 0.2,
 'RandRotate90d_prob': 0.2,
 'RandScaleIntensityd_prob': 0.1,
 'RandShiftIntensityd_prob': 0.1,
 'amp': True,
 'augmentation': True,
 'batch_size': 6,
 'cache_dataset': False,
 'checkpoint_path': './outputs/OrganoidsINRIA_fold/swinvit/2025-12-29-11-51/fold_2/training/best_model.pt',
 'data_dir': '/home/mraffael/martone_project/Organoids_Dataset_256/',
 'dataset_name': 'OrganoidsINRIA_MC',
 'debug': False,
 'debug_train_samples': 40,
 'debug_val_samples': 10,
 'dist_backend': 'nccl',
 'dist_url': 'tcp://127.0.0.1:23456',
 'distributed': False,
 'dropout_path_rate': 0.0,
 'dropout_rate': 0.2,
 'early_stopping': True,
 'encoder10_pth': '',
 'exact_class': False,
 'feature_size': 48,
 'fold': 0,
 'folds': False,
 'gpu': 0,
 'ignore_label': 3,
 'in_channels': 1,
 'infer_overlap': 0.5,
 'k_folds': 5,
 'logdir': 'test',
 'logs_dir': 'logs/',
 'loss_name': 'CE',
 'lrschedule': 'warmup_cosine',
 'max_epochs': 300,
 'min_delta_loss': 0.001,
 'min_delta_val': 0.01,
 'model_name': 'swinvit',
 'momentum': 0.99,
 'noamp': False,
 'norm_name': 'instance',
 'oar_id': 2175471,
 'optim_lr': 0.006,
 'optim_name': 'adamw',
 'out_channels': 1,
 'output_dir': 'outputs/',
 'patch_merging': False,
 'patience_loss': 40,
 'patience_val': 40,
 'pretrained_dir': './pretrained_models/fold1_f48_ep300_4gpu_dice0_9059/',
 'pretrained_model_name': 'model_swinvit.pt',
 'rank': 0,
 'reg_weight': 5e-05,
 'restart_T0': 20,
 'resume_ckpt': False,
 'roi_x': 128,
 'roi_y': 128,
 'roi_z': 128,
 'save_checkpoint': True,
 'seed': 3,
 'similarity_loss': '',
 'similarity_loss_weight': 0.0,
 'spatial_dims': 3,
 'split_method': 'stratified',
 'start_epoch': 0,
 'sw_batch_size': 8,
 'telegram_log': True,
 'test_mode': False,
 'token': './token/tlg_token.txt',
 'use_checkpoint': False,
 'val_every': 2,
 'warmup_epochs': 5,
 'workers': 8,
 'world_size': 1}
2026-01-05 14:45:45,021 INFO 
2026-01-05 14:45:45,025 INFO Saved configuration to: outputs/OrganoidsINRIA_MC/swinvit/2026-01-05-14-45/config.txt
2026-01-05 14:45:45,919 INFO Using GPU: 0
2026-01-05 14:45:45,919 INFO 
2026-01-05 14:45:45,919 INFO Model INFO:
2026-01-05 14:45:45,919 INFO Model architecture: swinvit
2026-01-05 14:45:46,385 INFO Skipping loading pretrained weights since checkpoint path is provided
2026-01-05 14:45:46,386 INFO Using SwinViT with Single Linear Classification Head
2026-01-05 14:45:46,389 INFO => loading checkpoint './outputs/OrganoidsINRIA_fold/swinvit/2025-12-29-11-51/fold_2/training/best_model.pt'
2026-01-05 14:45:47,269 INFO Loaded 128 keys from checkpoint
2026-01-05 14:45:47,269 INFO Total trainable parameters: 8,064,309
2026-01-05 14:45:47,306 INFO 
2026-01-05 14:45:47,306 INFO Optimizer INFO:
2026-01-05 14:45:47,307 INFO Using optimizer: adamw with lr=0.006, weight_decay=5e-05
2026-01-05 14:45:47,307 INFO Resuming optimizer state from checkpoint: ./outputs/OrganoidsINRIA_fold/swinvit/2025-12-29-11-51/fold_2/training/best_model.pt
2026-01-05 14:45:47,416 INFO 
2026-01-05 14:45:47,416 INFO Dataset INFO:
2026-01-05 14:45:47,509 INFO Dataset length: 721
2026-01-05 14:45:47,509 INFO Class distribution in entire dataset:
2026-01-05 14:45:47,509 INFO   Class 0: 351
2026-01-05 14:45:47,509 INFO   Class 1: 38
2026-01-05 14:45:47,509 INFO   Class 2: 332
2026-01-05 14:45:47,509 INFO 
Using split method: stratified
2026-01-05 14:45:47,541 INFO 
Train set balance:
2026-01-05 14:45:47,541 INFO 
Val set balance:
2026-01-05 14:45:47,541 INFO Training set length: 577
2026-01-05 14:45:47,541 INFO Validation set length: 144
2026-01-05 14:45:47,541 INFO 
Using standard shuffle for training
2026-01-05 14:45:47,542 INFO Training loader: 96 batches
2026-01-05 14:45:47,542 INFO Validation loader: 24 batches
2026-01-05 14:45:47,542 INFO 
Class distribution in training set:
2026-01-05 14:45:47,542 INFO   Class 0: 281 (48.7%)
2026-01-05 14:45:47,542 INFO   Class 1: 30 (5.2%)
2026-01-05 14:45:47,542 INFO   Class 2: 266 (46.1%)
2026-01-05 14:45:47,542 INFO Class distribution in validation set:
2026-01-05 14:45:47,542 INFO   Class 0: 70 (48.6%)
2026-01-05 14:45:47,542 INFO   Class 1: 8 (5.6%)
2026-01-05 14:45:47,542 INFO   Class 2: 66 (45.8%)
2026-01-05 14:45:47,542 INFO **************************************************
2026-01-05 14:45:47,678 INFO Class weights: [ 6.845  64.111  7.231]
2026-01-05 14:45:47,678 INFO 
2026-01-05 14:45:47,678 INFO Test Dataset INFO:
2026-01-05 14:45:47,708 INFO Test Dataset length: 82
2026-01-05 14:45:47,708 INFO Class distribution in test dataset:
2026-01-05 14:45:47,708 INFO   Class 0: 40
2026-01-05 14:45:47,708 INFO   Class 1: 5
2026-01-05 14:45:47,708 INFO   Class 2: 37
2026-01-05 14:45:47,708 INFO Test loader: 14 batches
2026-01-05 14:45:47,708 INFO **************************************************
2026-01-05 14:45:47,708 INFO 
2026-01-05 14:45:47,708 INFO Using loss function: CE
2026-01-05 14:45:47,711 INFO **************************************************
2026-01-05 14:45:47,711 INFO Starting training...
2026-01-05 14:45:47,714 INFO 0 Mon Jan  5 14:45:47 2026 Epoch: 160
2026-01-05 14:51:26,862 INFO Final training 160/300, loss: 0.4241, time 339.15s, lr: 0.000000
Accuracy: 0.837
class                  precision    recall   specificity      f1   support
--------------------------------------------------------------------------
0                          0.910     0.865         0.919   0.887       281
1                          0.386     0.733         0.936   0.506        30
2                          0.861     0.819         0.887   0.839       265
*----------------------------------------*
2026-01-05 14:53:35,630 INFO Final validation 160/300, Val_acc: 0.8802, time 128.77sAccuracy: 0.938
class                  precision    recall   specificity      f1   support
--------------------------------------------------------------------------
0                          0.971     0.971         0.973   0.971        70
1                          0.500     0.750         0.956   0.600         8
2                          0.984     0.924         0.987   0.953        66
*========================================*
2026-01-05 14:53:36,931 INFO 0 Mon Jan  5 14:53:36 2026 Epoch: 161
2026-01-05 14:58:37,701 INFO Final training 161/300, loss: 0.3917, time 300.77s, lr: 0.000000
Accuracy: 0.849
class                  precision    recall   specificity      f1   support
--------------------------------------------------------------------------
0                          0.916     0.854         0.926   0.884       280
1                          0.469     0.767         0.952   0.582        30
2                          0.853     0.853         0.874   0.853       266
*----------------------------------------*
2026-01-05 14:58:38,196 INFO 0 Mon Jan  5 14:58:38 2026 Epoch: 162
2026-01-05 15:03:38,414 INFO Final training 162/300, loss: 0.4086, time 300.22s, lr: 0.000000
Accuracy: 0.844
class                  precision    recall   specificity      f1   support
--------------------------------------------------------------------------
0                          0.910     0.864         0.919   0.886       280
1                          0.472     0.833         0.949   0.602        30
2                          0.852     0.823         0.877   0.837       266
*----------------------------------------*
2026-01-05 15:04:45,660 INFO Final validation 162/300, Val_acc: 0.8802, time 67.25sAccuracy: 0.938
class                  precision    recall   specificity      f1   support
--------------------------------------------------------------------------
0                          0.971     0.971         0.973   0.971        70
1                          0.500     0.750         0.956   0.600         8
2                          0.984     0.924         0.987   0.953        66
*========================================*
2026-01-05 15:04:46,976 INFO 0 Mon Jan  5 15:04:46 2026 Epoch: 163
2026-01-05 15:09:47,777 INFO Final training 163/300, loss: 0.3720, time 300.80s, lr: 0.000000
Accuracy: 0.844
class                  precision    recall   specificity      f1   support
--------------------------------------------------------------------------
0                          0.909     0.857         0.919   0.882       280
1                          0.472     0.833         0.949   0.602        30
2                          0.853     0.831         0.877   0.842       266
*----------------------------------------*
2026-01-05 15:09:47,777 INFO 0 Mon Jan  5 15:09:47 2026 Epoch: 164
2026-01-05 15:14:45,384 INFO Final training 164/300, loss: 0.4280, time 297.61s, lr: 0.000000
Accuracy: 0.851
class                  precision    recall   specificity      f1   support
--------------------------------------------------------------------------
0                          0.922     0.843         0.932   0.881       281
1                          0.519     0.900         0.954   0.659        30
2                          0.846     0.853         0.868   0.850       265
*----------------------------------------*
2026-01-05 15:15:53,520 INFO Final validation 164/300, Val_acc: 0.8802, time 68.14sAccuracy: 0.938
class                  precision    recall   specificity      f1   support
--------------------------------------------------------------------------
0                          0.971     0.971         0.973   0.971        70
1                          0.500     0.750         0.956   0.600         8
2                          0.984     0.924         0.987   0.953        66
*========================================*
2026-01-05 15:15:54,859 INFO 0 Mon Jan  5 15:15:54 2026 Epoch: 165
2026-01-05 15:20:51,969 INFO Final training 165/300, loss: 0.3954, time 297.11s, lr: 0.000000
Accuracy: 0.845
class                  precision    recall   specificity      f1   support
--------------------------------------------------------------------------
0                          0.910     0.868         0.919   0.888       280
1                          0.451     0.767         0.949   0.568        30
2                          0.857     0.831         0.881   0.844       266
*----------------------------------------*
2026-01-05 15:20:51,969 INFO 0 Mon Jan  5 15:20:51 2026 Epoch: 166
2026-01-05 15:25:53,438 INFO Final training 166/300, loss: 0.4068, time 301.47s, lr: 0.000000
Accuracy: 0.845
class                  precision    recall   specificity      f1   support
--------------------------------------------------------------------------
0                          0.890     0.868         0.899   0.879       280
1                          0.509     0.900         0.952   0.651        30
2                          0.868     0.816         0.894   0.841       266
*----------------------------------------*
2026-01-05 15:26:59,463 INFO Final validation 166/300, Val_acc: 0.8802, time 66.02sAccuracy: 0.938
class                  precision    recall   specificity      f1   support
--------------------------------------------------------------------------
0                          0.971     0.971         0.973   0.971        70
1                          0.500     0.750         0.956   0.600         8
2                          0.984     0.924         0.987   0.953        66
*========================================*
2026-01-05 15:27:00,788 INFO 0 Mon Jan  5 15:27:00 2026 Epoch: 167
2026-01-05 15:32:03,289 INFO Final training 167/300, loss: 0.4216, time 302.50s, lr: 0.000000
Accuracy: 0.825
class                  precision    recall   specificity      f1   support
--------------------------------------------------------------------------
0                          0.889     0.829         0.902   0.858       281
1                          0.481     0.867         0.949   0.619        30
2                          0.831     0.815         0.859   0.823       265
*----------------------------------------*
2026-01-05 15:32:03,290 INFO 0 Mon Jan  5 15:32:03 2026 Epoch: 168
2026-01-05 15:37:06,462 INFO Final training 168/300, loss: 0.4339, time 303.17s, lr: 0.000000
Accuracy: 0.844
class                  precision    recall   specificity      f1   support
--------------------------------------------------------------------------
0                          0.881     0.872         0.888   0.877       281
1                          0.490     0.800         0.954   0.608        30
2                          0.871     0.819         0.897   0.844       265
*----------------------------------------*
2026-01-05 15:38:12,964 INFO Final validation 168/300, Val_acc: 0.8802, time 66.50sAccuracy: 0.938
class                  precision    recall   specificity      f1   support
--------------------------------------------------------------------------
0                          0.971     0.971         0.973   0.971        70
1                          0.500     0.750         0.956   0.600         8
2                          0.984     0.924         0.987   0.953        66
*========================================*
2026-01-05 15:38:14,332 INFO 0 Mon Jan  5 15:38:14 2026 Epoch: 169
2026-01-05 15:43:16,933 INFO Final training 169/300, loss: 0.3813, time 302.60s, lr: 0.000000
Accuracy: 0.832
class                  precision    recall   specificity      f1   support
--------------------------------------------------------------------------
0                          0.905     0.847         0.915   0.875       281
1                          0.429     0.931         0.934   0.587        29
2                          0.856     0.805         0.884   0.829       266
*----------------------------------------*
2026-01-05 15:43:16,934 INFO 0 Mon Jan  5 15:43:16 2026 Epoch: 170
2026-01-05 15:48:20,564 INFO Final training 170/300, loss: 0.4039, time 303.63s, lr: 0.000000
Accuracy: 0.847
class                  precision    recall   specificity      f1   support
--------------------------------------------------------------------------
0                          0.893     0.868         0.902   0.880       280
1                          0.463     0.833         0.947   0.595        30
2                          0.880     0.827         0.903   0.853       266
*----------------------------------------*
2026-01-05 15:49:27,002 INFO Final validation 170/300, Val_acc: 0.8802, time 66.44sAccuracy: 0.938
class                  precision    recall   specificity      f1   support
--------------------------------------------------------------------------
0                          0.971     0.971         0.973   0.971        70
1                          0.500     0.750         0.956   0.600         8
2                          0.984     0.924         0.987   0.953        66
*========================================*
2026-01-05 15:49:28,516 INFO 0 Mon Jan  5 15:49:28 2026 Epoch: 171
2026-01-05 15:54:34,782 INFO Final training 171/300, loss: 0.4139, time 306.27s, lr: 0.000000
Accuracy: 0.833
class                  precision    recall   specificity      f1   support
--------------------------------------------------------------------------
0                          0.895     0.851         0.905   0.872       281
1                          0.442     0.767         0.947   0.561        30
2                          0.848     0.823         0.875   0.835       265
*----------------------------------------*
2026-01-05 15:54:35,255 INFO 0 Mon Jan  5 15:54:35 2026 Epoch: 172
2026-01-05 15:59:38,766 INFO Final training 172/300, loss: 0.3844, time 303.51s, lr: 0.000000
Accuracy: 0.833
class                  precision    recall   specificity      f1   support
--------------------------------------------------------------------------
0                          0.905     0.843         0.915   0.873       281
1                          0.466     0.900         0.943   0.614        30
2                          0.844     0.815         0.871   0.829       265
*----------------------------------------*
2026-01-05 16:00:45,326 INFO Final validation 172/300, Val_acc: 0.8802, time 66.56sAccuracy: 0.938
class                  precision    recall   specificity      f1   support
--------------------------------------------------------------------------
0                          0.971     0.971         0.973   0.971        70
1                          0.500     0.750         0.956   0.600         8
2                          0.984     0.924         0.987   0.953        66
*========================================*
2026-01-05 16:00:46,671 INFO 0 Mon Jan  5 16:00:46 2026 Epoch: 173
2026-01-05 16:05:48,012 INFO Final training 173/300, loss: 0.4419, time 301.34s, lr: 0.000000
Accuracy: 0.833
class                  precision    recall   specificity      f1   support
--------------------------------------------------------------------------
0                          0.894     0.843         0.905   0.868       280
1                          0.489     0.733         0.958   0.587        30
2                          0.831     0.835         0.855   0.833       266
*----------------------------------------*
2026-01-05 16:05:48,013 INFO 0 Mon Jan  5 16:05:48 2026 Epoch: 174
2026-01-05 16:10:49,527 INFO Final training 174/300, loss: 0.4640, time 301.51s, lr: 0.000000
Accuracy: 0.821
class                  precision    recall   specificity      f1   support
--------------------------------------------------------------------------
0                          0.909     0.815         0.922   0.859       281
1                          0.390     0.767         0.934   0.517        30
2                          0.834     0.834         0.859   0.834       265
*----------------------------------------*
2026-01-05 16:11:56,035 INFO Final validation 174/300, Val_acc: 0.8802, time 66.51sAccuracy: 0.938
class                  precision    recall   specificity      f1   support
--------------------------------------------------------------------------
0                          0.971     0.971         0.973   0.971        70
1                          0.500     0.750         0.956   0.600         8
2                          0.984     0.924         0.987   0.953        66
*========================================*
2026-01-05 16:11:57,505 INFO 0 Mon Jan  5 16:11:57 2026 Epoch: 175
2026-01-05 16:17:03,780 INFO Final training 175/300, loss: 0.4067, time 306.27s, lr: 0.000000
Accuracy: 0.842
class                  precision    recall   specificity      f1   support
--------------------------------------------------------------------------
0                          0.898     0.851         0.908   0.874       281
1                          0.463     0.833         0.947   0.595        30
2                          0.863     0.834         0.887   0.848       265
*----------------------------------------*
2026-01-05 16:17:03,781 INFO 0 Mon Jan  5 16:17:03 2026 Epoch: 176
2026-01-05 16:22:10,344 INFO Final training 176/300, loss: 0.4097, time 306.56s, lr: 0.000000
Accuracy: 0.842
class                  precision    recall   specificity      f1   support
--------------------------------------------------------------------------
0                          0.904     0.879         0.912   0.891       280
1                          0.431     0.833         0.940   0.568        30
2                          0.870     0.805         0.897   0.836       266
*----------------------------------------*
2026-01-05 16:23:17,030 INFO Final validation 176/300, Val_acc: 0.8802, time 66.69sAccuracy: 0.938
class                  precision    recall   specificity      f1   support
--------------------------------------------------------------------------
0                          0.971     0.971         0.973   0.971        70
1                          0.500     0.750         0.956   0.600         8
2                          0.984     0.924         0.987   0.953        66
*========================================*
2026-01-05 16:23:18,470 INFO 0 Mon Jan  5 16:23:18 2026 Epoch: 177
2026-01-05 16:28:24,615 INFO Final training 177/300, loss: 0.3639, time 306.14s, lr: 0.000000
Accuracy: 0.842
class                  precision    recall   specificity      f1   support
--------------------------------------------------------------------------
0                          0.893     0.865         0.902   0.879       281
1                          0.483     0.967         0.943   0.644        30
2                          0.873     0.804         0.900   0.837       265
*----------------------------------------*
2026-01-05 16:28:24,615 INFO 0 Mon Jan  5 16:28:24 2026 Epoch: 178
2026-01-05 16:33:26,003 INFO Final training 178/300, loss: 0.4347, time 301.39s, lr: 0.000000
Accuracy: 0.828
class                  precision    recall   specificity      f1   support
--------------------------------------------------------------------------
0                          0.864     0.861         0.872   0.862       280
1                          0.500     0.800         0.956   0.615        30
2                          0.851     0.797         0.881   0.823       266
*----------------------------------------*
2026-01-05 16:34:32,641 INFO Final validation 178/300, Val_acc: 0.8802, time 66.64sAccuracy: 0.938
class                  precision    recall   specificity      f1   support
--------------------------------------------------------------------------
0                          0.971     0.971         0.973   0.971        70
1                          0.500     0.750         0.956   0.600         8
2                          0.984     0.924         0.987   0.953        66
*========================================*
2026-01-05 16:34:33,987 INFO 0 Mon Jan  5 16:34:33 2026 Epoch: 179
2026-01-05 16:39:40,102 INFO Final training 179/300, loss: 0.4075, time 306.11s, lr: 0.000000
Accuracy: 0.840
class                  precision    recall   specificity      f1   support
--------------------------------------------------------------------------
0                          0.892     0.857         0.902   0.874       280
1                          0.481     0.867         0.949   0.619        30
2                          0.862     0.820         0.887   0.840       266
*----------------------------------------*
2026-01-05 16:39:40,102 INFO 0 Mon Jan  5 16:39:40 2026 Epoch: 180
2026-01-05 16:44:43,736 INFO Final training 180/300, loss: 0.4068, time 303.63s, lr: 0.000000
Accuracy: 0.832
class                  precision    recall   specificity      f1   support
--------------------------------------------------------------------------
0                          0.877     0.840         0.888   0.858       281
1                          0.529     0.900         0.956   0.667        30
2                          0.844     0.815         0.871   0.829       265
*----------------------------------------*
2026-01-05 16:45:50,088 INFO Final validation 180/300, Val_acc: 0.8802, time 66.35sAccuracy: 0.938
class                  precision    recall   specificity      f1   support
--------------------------------------------------------------------------
0                          0.971     0.971         0.973   0.971        70
1                          0.500     0.750         0.956   0.600         8
2                          0.984     0.924         0.987   0.953        66
*========================================*
2026-01-05 16:45:51,473 INFO 0 Mon Jan  5 16:45:51 2026 Epoch: 181
2026-01-05 16:50:50,159 INFO Final training 181/300, loss: 0.3834, time 298.69s, lr: 0.000000
Accuracy: 0.844
class                  precision    recall   specificity      f1   support
--------------------------------------------------------------------------
0                          0.903     0.858         0.912   0.880       281
1                          0.471     0.800         0.951   0.593        30
2                          0.857     0.834         0.881   0.845       265
*----------------------------------------*
2026-01-05 16:50:50,666 INFO 0 Mon Jan  5 16:50:50 2026 Epoch: 182
2026-01-05 16:55:55,286 INFO Final training 182/300, loss: 0.4129, time 304.62s, lr: 0.000000
Accuracy: 0.811
class                  precision    recall   specificity      f1   support
--------------------------------------------------------------------------
0                          0.865     0.843         0.875   0.854       281
1                          0.450     0.900         0.940   0.600        30
2                          0.839     0.766         0.875   0.801       265
*----------------------------------------*
2026-01-05 16:57:01,623 INFO Final validation 182/300, Val_acc: 0.8802, time 66.34sAccuracy: 0.938
class                  precision    recall   specificity      f1   support
--------------------------------------------------------------------------
0                          0.971     0.971         0.973   0.971        70
1                          0.500     0.750         0.956   0.600         8
2                          0.984     0.924         0.987   0.953        66
*========================================*
2026-01-05 16:57:03,007 INFO 0 Mon Jan  5 16:57:03 2026 Epoch: 183
2026-01-05 17:02:09,196 INFO Final training 183/300, loss: 0.3824, time 306.19s, lr: 0.000000
Accuracy: 0.839
class                  precision    recall   specificity      f1   support
--------------------------------------------------------------------------
0                          0.887     0.868         0.895   0.877       280
1                          0.458     0.900         0.941   0.607        30
2                          0.877     0.801         0.903   0.837       266
*----------------------------------------*
2026-01-05 17:02:09,197 INFO 0 Mon Jan  5 17:02:09 2026 Epoch: 184
2026-01-05 17:07:13,025 INFO Final training 184/300, loss: 0.3745, time 303.83s, lr: 0.000000
Accuracy: 0.845
class                  precision    recall   specificity      f1   support
--------------------------------------------------------------------------
0                          0.893     0.861         0.902   0.877       281
1                          0.472     0.862         0.949   0.610        29
2                          0.873     0.827         0.897   0.849       266
*----------------------------------------*
2026-01-05 17:08:19,441 INFO Final validation 184/300, Val_acc: 0.8802, time 66.41sAccuracy: 0.938
class                  precision    recall   specificity      f1   support
--------------------------------------------------------------------------
0                          0.971     0.971         0.973   0.971        70
1                          0.500     0.750         0.956   0.600         8
2                          0.984     0.924         0.987   0.953        66
*========================================*
2026-01-05 17:08:20,863 INFO 0 Mon Jan  5 17:08:20 2026 Epoch: 185
2026-01-05 17:13:29,966 INFO Final training 185/300, loss: 0.4061, time 309.10s, lr: 0.000000
Accuracy: 0.830
class                  precision    recall   specificity      f1   support
--------------------------------------------------------------------------
0                          0.885     0.850         0.895   0.867       280
1                          0.471     0.800         0.951   0.593        30
2                          0.844     0.812         0.871   0.828       266
*----------------------------------------*
2026-01-05 17:13:29,966 INFO 0 Mon Jan  5 17:13:29 2026 Epoch: 186
2026-01-05 17:18:36,683 INFO Final training 186/300, loss: 0.4186, time 306.72s, lr: 0.000000
Accuracy: 0.826
class                  precision    recall   specificity      f1   support
--------------------------------------------------------------------------
0                          0.882     0.854         0.892   0.868       281
1                          0.444     0.800         0.945   0.571        30
2                          0.848     0.800         0.878   0.823       265
*----------------------------------------*
2026-01-05 17:19:43,406 INFO Final validation 186/300, Val_acc: 0.8802, time 66.72sAccuracy: 0.938
class                  precision    recall   specificity      f1   support
--------------------------------------------------------------------------
0                          0.971     0.971         0.973   0.971        70
1                          0.500     0.750         0.956   0.600         8
2                          0.984     0.924         0.987   0.953        66
*========================================*
2026-01-05 17:19:44,777 INFO 0 Mon Jan  5 17:19:44 2026 Epoch: 187
2026-01-05 17:24:47,678 INFO Final training 187/300, loss: 0.4017, time 302.90s, lr: 0.000000
Accuracy: 0.830
class                  precision    recall   specificity      f1   support
--------------------------------------------------------------------------
0                          0.884     0.843         0.895   0.863       280
1                          0.483     0.933         0.945   0.636        30
2                          0.853     0.805         0.881   0.828       266
*----------------------------------------*
2026-01-05 17:24:47,678 INFO 0 Mon Jan  5 17:24:47 2026 Epoch: 188
2026-01-05 17:29:47,628 INFO Final training 188/300, loss: 0.4194, time 299.95s, lr: 0.000000
Accuracy: 0.828
class                  precision    recall   specificity      f1   support
--------------------------------------------------------------------------
0                          0.891     0.840         0.902   0.864       281
1                          0.466     0.900         0.943   0.614        30
2                          0.846     0.808         0.875   0.826       265
*----------------------------------------*
2026-01-05 17:30:54,793 INFO Final validation 188/300, Val_acc: 0.8802, time 67.16sAccuracy: 0.938
class                  precision    recall   specificity      f1   support
--------------------------------------------------------------------------
0                          0.971     0.971         0.973   0.971        70
1                          0.500     0.750         0.956   0.600         8
2                          0.984     0.924         0.987   0.953        66
*========================================*
2026-01-05 17:30:56,261 INFO 0 Mon Jan  5 17:30:56 2026 Epoch: 189
2026-01-05 17:36:03,450 INFO Final training 189/300, loss: 0.4264, time 307.19s, lr: 0.000000
Accuracy: 0.818
class                  precision    recall   specificity      f1   support
--------------------------------------------------------------------------
0                          0.892     0.854         0.902   0.873       281
1                          0.369     0.800         0.925   0.505        30
2                          0.855     0.781         0.887   0.817       265
*----------------------------------------*
2026-01-05 17:36:03,450 INFO 0 Mon Jan  5 17:36:03 2026 Epoch: 190
2026-01-05 17:41:07,647 INFO Final training 190/300, loss: 0.3924, time 304.20s, lr: 0.000000
Accuracy: 0.847
class                  precision    recall   specificity      f1   support
--------------------------------------------------------------------------
0                          0.919     0.843         0.929   0.879       281
1                          0.483     0.966         0.945   0.644        29
2                          0.858     0.838         0.881   0.848       266
*----------------------------------------*
2026-01-05 17:42:14,099 INFO Final validation 190/300, Val_acc: 0.8802, time 66.45sAccuracy: 0.938
class                  precision    recall   specificity      f1   support
--------------------------------------------------------------------------
0                          0.971     0.971         0.973   0.971        70
1                          0.500     0.750         0.956   0.600         8
2                          0.984     0.924         0.987   0.953        66
*========================================*
2026-01-05 17:42:15,536 INFO 0 Mon Jan  5 17:42:15 2026 Epoch: 191
2026-01-05 17:47:18,802 INFO Final training 191/300, loss: 0.3878, time 303.27s, lr: 0.000000
Accuracy: 0.830
class                  precision    recall   specificity      f1   support
--------------------------------------------------------------------------
0                          0.889     0.832         0.902   0.860       280
1                          0.500     0.933         0.949   0.651        30
2                          0.841     0.816         0.868   0.828       266
*----------------------------------------*
2026-01-05 17:47:19,270 INFO 0 Mon Jan  5 17:47:19 2026 Epoch: 192
2026-01-05 17:52:25,796 INFO Final training 192/300, loss: 0.3979, time 306.53s, lr: 0.000000
Accuracy: 0.832
class                  precision    recall   specificity      f1   support
--------------------------------------------------------------------------
0                          0.923     0.811         0.936   0.863       280
1                          0.473     0.867         0.947   0.612        30
2                          0.822     0.850         0.842   0.835       266
*----------------------------------------*
2026-01-05 17:53:32,234 INFO Final validation 192/300, Val_acc: 0.8802, time 66.44sAccuracy: 0.938
class                  precision    recall   specificity      f1   support
--------------------------------------------------------------------------
0                          0.971     0.971         0.973   0.971        70
1                          0.500     0.750         0.956   0.600         8
2                          0.984     0.924         0.987   0.953        66
*========================================*
2026-01-05 17:53:33,636 INFO 0 Mon Jan  5 17:53:33 2026 Epoch: 193
2026-01-05 17:58:43,471 INFO Final training 193/300, loss: 0.3917, time 309.84s, lr: 0.000000
Accuracy: 0.835
class                  precision    recall   specificity      f1   support
--------------------------------------------------------------------------
0                          0.885     0.875         0.892   0.880       281
1                          0.435     0.900         0.936   0.587        30
2                          0.881     0.785         0.910   0.830       265
*----------------------------------------*
2026-01-05 17:58:43,472 INFO 0 Mon Jan  5 17:58:43 2026 Epoch: 194
2026-01-05 18:03:44,640 INFO Final training 194/300, loss: 0.4179, time 301.17s, lr: 0.000000
Accuracy: 0.835
class                  precision    recall   specificity      f1   support
--------------------------------------------------------------------------
0                          0.890     0.836         0.902   0.862       281
1                          0.509     0.900         0.952   0.651        30
2                          0.846     0.826         0.871   0.836       265
*----------------------------------------*
2026-01-05 18:04:51,039 INFO Final validation 194/300, Val_acc: 0.8802, time 66.40sAccuracy: 0.938
class                  precision    recall   specificity      f1   support
--------------------------------------------------------------------------
0                          0.971     0.971         0.973   0.971        70
1                          0.500     0.750         0.956   0.600         8
2                          0.984     0.924         0.987   0.953        66
*========================================*
2026-01-05 18:04:52,476 INFO 0 Mon Jan  5 18:04:52 2026 Epoch: 195
2026-01-05 18:09:53,226 INFO Final training 195/300, loss: 0.3961, time 300.75s, lr: 0.000000
Accuracy: 0.837
class                  precision    recall   specificity      f1   support
--------------------------------------------------------------------------
0                          0.884     0.840         0.895   0.861       281
1                          0.549     0.933         0.958   0.691        30
2                          0.845     0.823         0.871   0.834       265
*----------------------------------------*
2026-01-05 18:09:53,227 INFO 0 Mon Jan  5 18:09:53 2026 Epoch: 196
2026-01-05 18:14:57,846 INFO Final training 196/300, loss: 0.4181, time 304.62s, lr: 0.000000
Accuracy: 0.825
class                  precision    recall   specificity      f1   support
--------------------------------------------------------------------------
0                          0.878     0.843         0.888   0.860       281
1                          0.480     0.800         0.952   0.600        30
2                          0.836     0.808         0.865   0.821       265
*----------------------------------------*
2026-01-05 18:16:04,378 INFO Final validation 196/300, Val_acc: 0.8802, time 66.53sAccuracy: 0.938
class                  precision    recall   specificity      f1   support
--------------------------------------------------------------------------
0                          0.971     0.971         0.973   0.971        70
1                          0.500     0.750         0.956   0.600         8
2                          0.984     0.924         0.987   0.953        66
*========================================*
2026-01-05 18:16:05,690 INFO 0 Mon Jan  5 18:16:05 2026 Epoch: 197
2026-01-05 18:21:14,003 INFO Final training 197/300, loss: 0.4187, time 308.31s, lr: 0.000000
Accuracy: 0.825
class                  precision    recall   specificity      f1   support
--------------------------------------------------------------------------
0                          0.896     0.832         0.909   0.863       280
1                          0.436     0.800         0.943   0.565        30
2                          0.835     0.820         0.861   0.827       266
*----------------------------------------*
2026-01-05 18:21:14,004 INFO 0 Mon Jan  5 18:21:13 2026 Epoch: 198
2026-01-05 18:26:18,726 INFO Final training 198/300, loss: 0.4367, time 304.72s, lr: 0.000000
Accuracy: 0.816
class                  precision    recall   specificity      f1   support
--------------------------------------------------------------------------
0                          0.865     0.843         0.875   0.854       281
1                          0.464     0.897         0.945   0.612        29
2                          0.841     0.778         0.874   0.809       266
*----------------------------------------*
2026-01-05 18:27:25,211 INFO Final validation 198/300, Val_acc: 0.8802, time 66.48sAccuracy: 0.938
class                  precision    recall   specificity      f1   support
--------------------------------------------------------------------------
0                          0.971     0.971         0.973   0.971        70
1                          0.500     0.750         0.956   0.600         8
2                          0.984     0.924         0.987   0.953        66
*========================================*
2026-01-05 18:27:26,756 INFO 0 Mon Jan  5 18:27:26 2026 Epoch: 199
2026-01-05 18:32:29,448 INFO Final training 199/300, loss: 0.4205, time 302.69s, lr: 0.000000
Accuracy: 0.839
class                  precision    recall   specificity      f1   support
--------------------------------------------------------------------------
0                          0.905     0.847         0.915   0.875       281
1                          0.462     0.800         0.949   0.585        30
2                          0.847     0.834         0.871   0.840       265
*----------------------------------------*
2026-01-05 18:32:29,448 INFO 0 Mon Jan  5 18:32:29 2026 Epoch: 200
2026-01-05 18:37:34,234 INFO Final training 200/300, loss: 0.4055, time 304.79s, lr: 0.000000
Accuracy: 0.837
class                  precision    recall   specificity      f1   support
--------------------------------------------------------------------------
0                          0.881     0.846         0.892   0.863       280
1                          0.500     0.900         0.951   0.643        30
2                          0.862     0.820         0.887   0.840       266
*----------------------------------------*
2026-01-05 18:38:40,825 INFO Final validation 200/300, Val_acc: 0.8802, time 66.59sAccuracy: 0.938
class                  precision    recall   specificity      f1   support
--------------------------------------------------------------------------
0                          0.971     0.971         0.973   0.971        70
1                          0.500     0.750         0.956   0.600         8
2                          0.984     0.924         0.987   0.953        66
*========================================*
2026-01-05 18:38:42,223 INFO 0 Mon Jan  5 18:38:42 2026 Epoch: 201
2026-01-05 18:43:54,174 INFO Final training 201/300, loss: 0.4239, time 311.95s, lr: 0.000000
Accuracy: 0.812
class                  precision    recall   specificity      f1   support
--------------------------------------------------------------------------
0                          0.866     0.851         0.875   0.858       281
1                          0.442     0.767         0.947   0.561        30
2                          0.831     0.777         0.865   0.803       265
*----------------------------------------*
2026-01-05 18:43:54,668 INFO 0 Mon Jan  5 18:43:54 2026 Epoch: 202
2026-01-05 18:49:03,393 INFO Final training 202/300, loss: 0.4115, time 308.73s, lr: 0.000000
Accuracy: 0.856
class                  precision    recall   specificity      f1   support
--------------------------------------------------------------------------
0                          0.913     0.854         0.922   0.882       281
1                          0.543     0.862         0.962   0.667        29
2                          0.854     0.857         0.874   0.856       266
*----------------------------------------*
2026-01-05 18:50:09,873 INFO Final validation 202/300, Val_acc: 0.8802, time 66.48sAccuracy: 0.938
class                  precision    recall   specificity      f1   support
--------------------------------------------------------------------------
0                          0.971     0.971         0.973   0.971        70
1                          0.500     0.750         0.956   0.600         8
2                          0.984     0.924         0.987   0.953        66
*========================================*
2026-01-05 18:50:11,236 INFO 0 Mon Jan  5 18:50:11 2026 Epoch: 203
2026-01-05 18:55:19,048 INFO Final training 203/300, loss: 0.4104, time 307.81s, lr: 0.000000
Accuracy: 0.849
class                  precision    recall   specificity      f1   support
--------------------------------------------------------------------------
0                          0.913     0.858         0.922   0.884       281
1                          0.459     0.933         0.940   0.615        30
2                          0.876     0.830         0.900   0.853       265
*----------------------------------------*
2026-01-05 18:55:19,049 INFO 0 Mon Jan  5 18:55:19 2026 Epoch: 204
2026-01-05 19:00:22,515 INFO Final training 204/300, loss: 0.4166, time 303.47s, lr: 0.000000
Accuracy: 0.816
class                  precision    recall   specificity      f1   support
--------------------------------------------------------------------------
0                          0.870     0.836         0.881   0.853       281
1                          0.448     0.867         0.941   0.591        30
2                          0.843     0.789         0.875   0.815       265
*----------------------------------------*
2026-01-05 19:01:28,970 INFO Final validation 204/300, Val_acc: 0.8802, time 66.45sAccuracy: 0.938
class                  precision    recall   specificity      f1   support
--------------------------------------------------------------------------
0                          0.971     0.971         0.973   0.971        70
1                          0.500     0.750         0.956   0.600         8
2                          0.984     0.924         0.987   0.953        66
*========================================*
2026-01-05 19:01:30,377 INFO 0 Mon Jan  5 19:01:30 2026 Epoch: 205
2026-01-05 19:06:35,136 INFO Final training 205/300, loss: 0.4278, time 304.76s, lr: 0.000000
Accuracy: 0.832
class                  precision    recall   specificity      f1   support
--------------------------------------------------------------------------
0                          0.886     0.864         0.895   0.875       280
1                          0.446     0.833         0.943   0.581        30
2                          0.858     0.797         0.887   0.827       266
*----------------------------------------*
2026-01-05 19:06:35,136 INFO 0 Mon Jan  5 19:06:35 2026 Epoch: 206
2026-01-05 19:11:41,432 INFO Final training 206/300, loss: 0.4088, time 306.30s, lr: 0.000000
Accuracy: 0.832
class                  precision    recall   specificity      f1   support
--------------------------------------------------------------------------
0                          0.887     0.839         0.899   0.862       280
1                          0.529     0.900         0.956   0.667        30
2                          0.835     0.816         0.861   0.825       266
*----------------------------------------*
2026-01-05 19:12:47,856 INFO Final validation 206/300, Val_acc: 0.8802, time 66.42sAccuracy: 0.938
class                  precision    recall   specificity      f1   support
--------------------------------------------------------------------------
0                          0.971     0.971         0.973   0.971        70
1                          0.500     0.750         0.956   0.600         8
2                          0.984     0.924         0.987   0.953        66
*========================================*
2026-01-05 19:12:49,264 INFO 0 Mon Jan  5 19:12:49 2026 Epoch: 207
2026-01-05 19:17:54,697 INFO Final training 207/300, loss: 0.4118, time 305.43s, lr: 0.000000
Accuracy: 0.832
class                  precision    recall   specificity      f1   support
--------------------------------------------------------------------------
0                          0.904     0.839         0.916   0.870       280
1                          0.463     0.833         0.947   0.595        30
2                          0.836     0.823         0.861   0.830       266
*----------------------------------------*
2026-01-05 19:17:54,698 INFO 0 Mon Jan  5 19:17:54 2026 Epoch: 208
2026-01-05 19:23:02,272 INFO Final training 208/300, loss: 0.3616, time 307.57s, lr: 0.000000
Accuracy: 0.870
class                  precision    recall   specificity      f1   support
--------------------------------------------------------------------------
0                          0.923     0.861         0.932   0.891       280
1                          0.558     0.967         0.958   0.707        30
2                          0.878     0.868         0.897   0.873       266
*----------------------------------------*
2026-01-05 19:24:09,073 INFO Final validation 208/300, Val_acc: 0.8802, time 66.80sAccuracy: 0.938
class                  precision    recall   specificity      f1   support
--------------------------------------------------------------------------
0                          0.971     0.971         0.973   0.971        70
1                          0.500     0.750         0.956   0.600         8
2                          0.984     0.924         0.987   0.953        66
*========================================*
2026-01-05 19:24:10,430 INFO 0 Mon Jan  5 19:24:10 2026 Epoch: 209
2026-01-05 19:29:14,895 INFO Final training 209/300, loss: 0.3988, time 304.46s, lr: 0.000000
Accuracy: 0.849
class                  precision    recall   specificity      f1   support
--------------------------------------------------------------------------
0                          0.898     0.850         0.909   0.873       280
1                          0.519     0.900         0.954   0.659        30
2                          0.865     0.842         0.887   0.853       266
*----------------------------------------*
2026-01-05 19:29:14,895 INFO 0 Mon Jan  5 19:29:14 2026 Epoch: 210
2026-01-05 19:34:20,412 INFO Final training 210/300, loss: 0.4016, time 305.52s, lr: 0.000000
Accuracy: 0.844
class                  precision    recall   specificity      f1   support
--------------------------------------------------------------------------
0                          0.895     0.882         0.902   0.888       280
1                          0.481     0.833         0.951   0.610        30
2                          0.863     0.805         0.890   0.833       266
*----------------------------------------*
2026-01-05 19:35:26,941 INFO Final validation 210/300, Val_acc: 0.8802, time 66.53sAccuracy: 0.938
class                  precision    recall   specificity      f1   support
--------------------------------------------------------------------------
0                          0.971     0.971         0.973   0.971        70
1                          0.500     0.750         0.956   0.600         8
2                          0.984     0.924         0.987   0.953        66
*========================================*
2026-01-05 19:35:28,351 INFO 0 Mon Jan  5 19:35:28 2026 Epoch: 211
2026-01-05 19:40:29,230 INFO Final training 211/300, loss: 0.3908, time 300.88s, lr: 0.000000
Accuracy: 0.840
class                  precision    recall   specificity      f1   support
--------------------------------------------------------------------------
0                          0.887     0.868         0.895   0.878       281
1                          0.473     0.867         0.947   0.612        30
2                          0.870     0.808         0.897   0.838       265
*----------------------------------------*
2026-01-05 19:40:29,695 INFO 0 Mon Jan  5 19:40:29 2026 Epoch: 212
2026-01-05 19:45:35,167 INFO Final training 212/300, loss: 0.4068, time 305.47s, lr: 0.000000
Accuracy: 0.833
class                  precision    recall   specificity      f1   support
--------------------------------------------------------------------------
0                          0.884     0.840         0.895   0.861       281
1                          0.510     0.833         0.956   0.633        30
2                          0.842     0.826         0.868   0.834       265
*----------------------------------------*
2026-01-05 19:46:41,568 INFO Final validation 212/300, Val_acc: 0.8802, time 66.40sAccuracy: 0.938
class                  precision    recall   specificity      f1   support
--------------------------------------------------------------------------
0                          0.971     0.971         0.973   0.971        70
1                          0.500     0.750         0.956   0.600         8
2                          0.984     0.924         0.987   0.953        66
*========================================*
2026-01-05 19:46:42,943 INFO 0 Mon Jan  5 19:46:42 2026 Epoch: 213
2026-01-05 19:51:49,485 INFO Final training 213/300, loss: 0.4251, time 306.54s, lr: 0.000000
Accuracy: 0.832
class                  precision    recall   specificity      f1   support
--------------------------------------------------------------------------
0                          0.884     0.846         0.895   0.865       280
1                          0.510     0.833         0.956   0.633        30
2                          0.838     0.816         0.865   0.827       266
*----------------------------------------*
2026-01-05 19:51:49,485 INFO 0 Mon Jan  5 19:51:49 2026 Epoch: 214
2026-01-05 19:56:53,385 INFO Final training 214/300, loss: 0.4172, time 303.90s, lr: 0.000000
Accuracy: 0.828
class                  precision    recall   specificity      f1   support
--------------------------------------------------------------------------
0                          0.919     0.807         0.932   0.859       280
1                          0.450     0.900         0.940   0.600        30
2                          0.830     0.842         0.852   0.836       266
*----------------------------------------*
2026-01-05 19:57:59,810 INFO Final validation 214/300, Val_acc: 0.8802, time 66.42sAccuracy: 0.938
class                  precision    recall   specificity      f1   support
--------------------------------------------------------------------------
0                          0.971     0.971         0.973   0.971        70
1                          0.500     0.750         0.956   0.600         8
2                          0.984     0.924         0.987   0.953        66
*========================================*
2026-01-05 19:58:01,160 INFO 0 Mon Jan  5 19:58:01 2026 Epoch: 215
2026-01-05 20:03:01,906 INFO Final training 215/300, loss: 0.4468, time 300.75s, lr: 0.000000
Accuracy: 0.837
class                  precision    recall   specificity      f1   support
--------------------------------------------------------------------------
0                          0.891     0.847         0.902   0.869       281
1                          0.500     0.900         0.951   0.643        30
2                          0.851     0.819         0.878   0.835       265
*----------------------------------------*
2026-01-05 20:03:01,906 INFO 0 Mon Jan  5 20:03:01 2026 Epoch: 216
2026-01-05 20:08:06,948 INFO Final training 216/300, loss: 0.4035, time 305.04s, lr: 0.000000
Accuracy: 0.828
class                  precision    recall   specificity      f1   support
--------------------------------------------------------------------------
0                          0.894     0.843         0.905   0.868       281
1                          0.464     0.867         0.945   0.605        30
2                          0.839     0.808         0.868   0.823       265
*----------------------------------------*
2026-01-05 20:09:13,284 INFO Final validation 216/300, Val_acc: 0.8802, time 66.34sAccuracy: 0.938
class                  precision    recall   specificity      f1   support
--------------------------------------------------------------------------
0                          0.971     0.971         0.973   0.971        70
1                          0.500     0.750         0.956   0.600         8
2                          0.984     0.924         0.987   0.953        66
*========================================*
2026-01-05 20:09:14,702 INFO 0 Mon Jan  5 20:09:14 2026 Epoch: 217
2026-01-05 20:14:17,374 INFO Final training 217/300, loss: 0.4233, time 302.67s, lr: 0.000000
Accuracy: 0.840
class                  precision    recall   specificity      f1   support
--------------------------------------------------------------------------
0                          0.895     0.850         0.905   0.872       280
1                          0.491     0.867         0.951   0.627        30
2                          0.856     0.827         0.881   0.841       266
*----------------------------------------*
2026-01-05 20:14:17,374 INFO 0 Mon Jan  5 20:14:17 2026 Epoch: 218
2026-01-05 20:19:18,613 INFO Final training 218/300, loss: 0.3854, time 301.24s, lr: 0.000000
Accuracy: 0.858
class                  precision    recall   specificity      f1   support
--------------------------------------------------------------------------
0                          0.914     0.865         0.922   0.888       281
1                          0.500     0.867         0.952   0.634        30
2                          0.872     0.849         0.894   0.860       265
*----------------------------------------*
2026-01-05 20:20:25,111 INFO Final validation 218/300, Val_acc: 0.8802, time 66.50sAccuracy: 0.938
class                  precision    recall   specificity      f1   support
--------------------------------------------------------------------------
0                          0.971     0.971         0.973   0.971        70
1                          0.500     0.750         0.956   0.600         8
2                          0.984     0.924         0.987   0.953        66
*========================================*
2026-01-05 20:20:26,709 INFO 0 Mon Jan  5 20:20:26 2026 Epoch: 219
2026-01-05 20:25:32,074 INFO Final training 219/300, loss: 0.3751, time 305.36s, lr: 0.000000
Accuracy: 0.832
class                  precision    recall   specificity      f1   support
--------------------------------------------------------------------------
0                          0.874     0.861         0.881   0.867       281
1                          0.500     0.933         0.949   0.651        30
2                          0.860     0.789         0.891   0.823       265
*----------------------------------------*
2026-01-05 20:25:32,074 INFO 0 Mon Jan  5 20:25:32 2026 Epoch: 220
2026-01-05 20:30:35,469 INFO Final training 220/300, loss: 0.4119, time 303.40s, lr: 0.000000
Accuracy: 0.861
class                  precision    recall   specificity      f1   support
--------------------------------------------------------------------------
0                          0.899     0.886         0.905   0.892       281
1                          0.509     0.933         0.951   0.659        30
2                          0.898     0.826         0.920   0.861       265
*----------------------------------------*
2026-01-05 20:31:41,956 INFO Final validation 220/300, Val_acc: 0.8802, time 66.49sAccuracy: 0.938
class                  precision    recall   specificity      f1   support
--------------------------------------------------------------------------
0                          0.971     0.971         0.973   0.971        70
1                          0.500     0.750         0.956   0.600         8
2                          0.984     0.924         0.987   0.953        66
*========================================*
2026-01-05 20:31:43,314 INFO 0 Mon Jan  5 20:31:43 2026 Epoch: 221
2026-01-05 20:36:48,275 INFO Final training 221/300, loss: 0.3828, time 304.96s, lr: 0.000000
Accuracy: 0.842
class                  precision    recall   specificity      f1   support
--------------------------------------------------------------------------
0                          0.885     0.851         0.895   0.868       281
1                          0.531     0.897         0.958   0.667        29
2                          0.856     0.827         0.881   0.841       266
*----------------------------------------*
2026-01-05 20:36:48,765 INFO 0 Mon Jan  5 20:36:48 2026 Epoch: 222
2026-01-05 20:41:53,805 INFO Final training 222/300, loss: 0.4102, time 305.04s, lr: 0.000000
Accuracy: 0.818
class                  precision    recall   specificity      f1   support
--------------------------------------------------------------------------
0                          0.879     0.832         0.892   0.855       280
1                          0.481     0.867         0.949   0.619        30
2                          0.825     0.797         0.855   0.811       266
*----------------------------------------*
2026-01-05 20:43:00,273 INFO Final validation 222/300, Val_acc: 0.8802, time 66.47sAccuracy: 0.938
class                  precision    recall   specificity      f1   support
--------------------------------------------------------------------------
0                          0.971     0.971         0.973   0.971        70
1                          0.500     0.750         0.956   0.600         8
2                          0.984     0.924         0.987   0.953        66
*========================================*
2026-01-05 20:43:01,626 INFO 0 Mon Jan  5 20:43:01 2026 Epoch: 223
2026-01-05 20:48:06,789 INFO Final training 223/300, loss: 0.3495, time 305.16s, lr: 0.000000
Accuracy: 0.859
class                  precision    recall   specificity      f1   support
--------------------------------------------------------------------------
0                          0.941     0.857         0.949   0.897       280
1                          0.474     0.900         0.945   0.621        30
2                          0.864     0.857         0.884   0.860       266
*----------------------------------------*
2026-01-05 20:48:06,789 INFO 0 Mon Jan  5 20:48:06 2026 Epoch: 224
2026-01-05 20:53:09,947 INFO Final training 224/300, loss: 0.4184, time 303.16s, lr: 0.000000
Accuracy: 0.845
class                  precision    recall   specificity      f1   support
--------------------------------------------------------------------------
0                          0.900     0.868         0.909   0.884       280
1                          0.463     0.833         0.947   0.595        30
2                          0.869     0.823         0.894   0.846       266
*----------------------------------------*
2026-01-05 20:54:16,502 INFO Final validation 224/300, Val_acc: 0.8802, time 66.55sAccuracy: 0.938
class                  precision    recall   specificity      f1   support
--------------------------------------------------------------------------
0                          0.971     0.971         0.973   0.971        70
1                          0.500     0.750         0.956   0.600         8
2                          0.984     0.924         0.987   0.953        66
*========================================*
2026-01-05 20:54:17,884 INFO 0 Mon Jan  5 20:54:17 2026 Epoch: 225
2026-01-05 20:59:21,353 INFO Final training 225/300, loss: 0.4369, time 303.47s, lr: 0.000000
Accuracy: 0.837
class                  precision    recall   specificity      f1   support
--------------------------------------------------------------------------
0                          0.926     0.847         0.936   0.885       281
1                          0.407     0.733         0.941   0.524        30
2                          0.838     0.838         0.862   0.838       265
*----------------------------------------*
2026-01-05 20:59:21,354 INFO 0 Mon Jan  5 20:59:21 2026 Epoch: 226
2026-01-05 21:04:22,475 INFO Final training 226/300, loss: 0.4334, time 301.12s, lr: 0.000000
Accuracy: 0.811
class                  precision    recall   specificity      f1   support
--------------------------------------------------------------------------
0                          0.869     0.847         0.878   0.858       281
1                          0.438     0.700         0.951   0.538        30
2                          0.819     0.785         0.852   0.802       265
*----------------------------------------*
2026-01-05 21:05:28,985 INFO Final validation 226/300, Val_acc: 0.8802, time 66.51sAccuracy: 0.938
class                  precision    recall   specificity      f1   support
--------------------------------------------------------------------------
0                          0.971     0.971         0.973   0.971        70
1                          0.500     0.750         0.956   0.600         8
2                          0.984     0.924         0.987   0.953        66
*========================================*
2026-01-05 21:05:30,437 INFO 0 Mon Jan  5 21:05:30 2026 Epoch: 227
2026-01-05 21:10:33,122 INFO Final training 227/300, loss: 0.3956, time 302.68s, lr: 0.000000
Accuracy: 0.833
class                  precision    recall   specificity      f1   support
--------------------------------------------------------------------------
0                          0.896     0.829         0.909   0.861       280
1                          0.531     0.867         0.958   0.658        30
2                          0.828     0.835         0.852   0.831       266
*----------------------------------------*
2026-01-05 21:10:33,122 INFO 0 Mon Jan  5 21:10:33 2026 Epoch: 228
2026-01-05 21:15:36,856 INFO Final training 228/300, loss: 0.3842, time 303.73s, lr: 0.000000
Accuracy: 0.847
class                  precision    recall   specificity      f1   support
--------------------------------------------------------------------------
0                          0.914     0.868         0.922   0.891       281
1                          0.466     0.900         0.943   0.614        30
2                          0.865     0.819         0.891   0.841       265
*----------------------------------------*
2026-01-05 21:16:43,536 INFO Final validation 228/300, Val_acc: 0.8802, time 66.68sAccuracy: 0.938
class                  precision    recall   specificity      f1   support
--------------------------------------------------------------------------
0                          0.971     0.971         0.973   0.971        70
1                          0.500     0.750         0.956   0.600         8
2                          0.984     0.924         0.987   0.953        66
*========================================*
2026-01-05 21:16:44,957 INFO 0 Mon Jan  5 21:16:44 2026 Epoch: 229
2026-01-05 21:21:50,889 INFO Final training 229/300, loss: 0.4769, time 305.93s, lr: 0.000000
Accuracy: 0.812
class                  precision    recall   specificity      f1   support
--------------------------------------------------------------------------
0                          0.871     0.818         0.885   0.843       280
1                          0.500     0.900         0.951   0.643        30
2                          0.819     0.797         0.848   0.808       266
*----------------------------------------*
2026-01-05 21:21:50,889 INFO 0 Mon Jan  5 21:21:50 2026 Epoch: 230
2026-01-05 21:26:52,381 INFO Final training 230/300, loss: 0.4318, time 301.49s, lr: 0.000000
Accuracy: 0.835
class                  precision    recall   specificity      f1   support
--------------------------------------------------------------------------
0                          0.902     0.821         0.916   0.860       280
1                          0.481     0.867         0.949   0.619        30
2                          0.843     0.846         0.865   0.844       266
*----------------------------------------*
2026-01-05 21:27:58,903 INFO Final validation 230/300, Val_acc: 0.8802, time 66.52sAccuracy: 0.938
class                  precision    recall   specificity      f1   support
--------------------------------------------------------------------------
0                          0.971     0.971         0.973   0.971        70
1                          0.500     0.750         0.956   0.600         8
2                          0.984     0.924         0.987   0.953        66
*========================================*
2026-01-05 21:28:00,308 INFO 0 Mon Jan  5 21:28:00 2026 Epoch: 231
2026-01-05 21:33:05,212 INFO Final training 231/300, loss: 0.3774, time 304.90s, lr: 0.000000
Accuracy: 0.840
class                  precision    recall   specificity      f1   support
--------------------------------------------------------------------------
0                          0.908     0.840         0.919   0.872       281
1                          0.456     0.867         0.943   0.598        30
2                          0.857     0.838         0.881   0.847       265
*----------------------------------------*
2026-01-05 21:33:05,665 INFO 0 Mon Jan  5 21:33:05 2026 Epoch: 232
2026-01-05 21:38:14,345 INFO Final training 232/300, loss: 0.4014, time 308.68s, lr: 0.000000
Accuracy: 0.842
class                  precision    recall   specificity      f1   support
--------------------------------------------------------------------------
0                          0.884     0.872         0.892   0.878       281
1                          0.490     0.833         0.952   0.617        30
2                          0.867     0.811         0.894   0.838       265
*----------------------------------------*
2026-01-05 21:39:20,761 INFO Final validation 232/300, Val_acc: 0.8802, time 66.42sAccuracy: 0.938
class                  precision    recall   specificity      f1   support
--------------------------------------------------------------------------
0                          0.971     0.971         0.973   0.971        70
1                          0.500     0.750         0.956   0.600         8
2                          0.984     0.924         0.987   0.953        66
*========================================*
2026-01-05 21:39:22,141 INFO 0 Mon Jan  5 21:39:22 2026 Epoch: 233
2026-01-05 21:44:27,721 INFO Final training 233/300, loss: 0.3960, time 305.58s, lr: 0.000000
Accuracy: 0.858
class                  precision    recall   specificity      f1   support
--------------------------------------------------------------------------
0                          0.903     0.868         0.912   0.885       280
1                          0.540     0.900         0.958   0.675        30
2                          0.872     0.842         0.894   0.857       266
*----------------------------------------*
2026-01-05 21:44:27,721 INFO 0 Mon Jan  5 21:44:27 2026 Epoch: 234
2026-01-05 21:49:26,901 INFO Final training 234/300, loss: 0.4088, time 299.18s, lr: 0.000000
Accuracy: 0.847
class                  precision    recall   specificity      f1   support
--------------------------------------------------------------------------
0                          0.916     0.851         0.925   0.882       281
1                          0.472     0.862         0.949   0.610        29
2                          0.855     0.842         0.877   0.848       266
*----------------------------------------*
2026-01-05 21:50:33,340 INFO Final validation 234/300, Val_acc: 0.8802, time 66.44sAccuracy: 0.938
class                  precision    recall   specificity      f1   support
--------------------------------------------------------------------------
0                          0.971     0.971         0.973   0.971        70
1                          0.500     0.750         0.956   0.600         8
2                          0.984     0.924         0.987   0.953        66
*========================================*
2026-01-05 21:50:34,734 INFO 0 Mon Jan  5 21:50:34 2026 Epoch: 235
2026-01-05 21:55:44,299 INFO Final training 235/300, loss: 0.3799, time 309.56s, lr: 0.000000
Accuracy: 0.839
class                  precision    recall   specificity      f1   support
--------------------------------------------------------------------------
0                          0.902     0.854         0.912   0.878       281
1                          0.481     0.833         0.951   0.610        30
2                          0.845     0.823         0.871   0.834       265
*----------------------------------------*
2026-01-05 21:55:44,300 INFO 0 Mon Jan  5 21:55:44 2026 Epoch: 236
2026-01-05 22:00:48,304 INFO Final training 236/300, loss: 0.4622, time 304.00s, lr: 0.000000
Accuracy: 0.818
class                  precision    recall   specificity      f1   support
--------------------------------------------------------------------------
0                          0.884     0.814         0.899   0.848       280
1                          0.471     0.800         0.951   0.593        30
2                          0.820     0.823         0.845   0.822       266
*----------------------------------------*
2026-01-05 22:01:54,728 INFO Final validation 236/300, Val_acc: 0.8802, time 66.42sAccuracy: 0.938
class                  precision    recall   specificity      f1   support
--------------------------------------------------------------------------
0                          0.971     0.971         0.973   0.971        70
1                          0.500     0.750         0.956   0.600         8
2                          0.984     0.924         0.987   0.953        66
*========================================*
2026-01-05 22:01:56,092 INFO 0 Mon Jan  5 22:01:56 2026 Epoch: 237
2026-01-05 22:07:01,320 INFO Final training 237/300, loss: 0.3675, time 305.23s, lr: 0.000000
Accuracy: 0.858
class                  precision    recall   specificity      f1   support
--------------------------------------------------------------------------
0                          0.922     0.850         0.932   0.885       280
1                          0.528     0.933         0.954   0.675        30
2                          0.860     0.857         0.881   0.859       266
*----------------------------------------*
2026-01-05 22:07:01,320 INFO 0 Mon Jan  5 22:07:01 2026 Epoch: 238
2026-01-05 22:12:02,523 INFO Final training 238/300, loss: 0.3565, time 301.20s, lr: 0.000000
Accuracy: 0.856
class                  precision    recall   specificity      f1   support
--------------------------------------------------------------------------
0                          0.906     0.857         0.916   0.881       280
1                          0.549     0.933         0.958   0.691        30
2                          0.865     0.846         0.887   0.856       266
*----------------------------------------*
2026-01-05 22:13:09,090 INFO Final validation 238/300, Val_acc: 0.8802, time 66.57sAccuracy: 0.938
class                  precision    recall   specificity      f1   support
--------------------------------------------------------------------------
0                          0.971     0.971         0.973   0.971        70
1                          0.500     0.750         0.956   0.600         8
2                          0.984     0.924         0.987   0.953        66
*========================================*
2026-01-05 22:13:10,460 INFO 0 Mon Jan  5 22:13:10 2026 Epoch: 239
2026-01-05 22:18:11,074 INFO Final training 239/300, loss: 0.4048, time 300.61s, lr: 0.000000
Accuracy: 0.863
class                  precision    recall   specificity      f1   support
--------------------------------------------------------------------------
0                          0.917     0.861         0.925   0.888       281
1                          0.537     0.967         0.954   0.690        30
2                          0.876     0.853         0.897   0.864       265
*----------------------------------------*
2026-01-05 22:18:11,074 INFO 0 Mon Jan  5 22:18:11 2026 Epoch: 240
2026-01-05 22:23:16,986 INFO Final training 240/300, loss: 0.4059, time 305.91s, lr: 0.000000
Accuracy: 0.821
class                  precision    recall   specificity      f1   support
--------------------------------------------------------------------------
0                          0.897     0.836         0.908   0.866       281
1                          0.413     0.867         0.932   0.559        30
2                          0.845     0.800         0.875   0.822       265
*----------------------------------------*
2026-01-05 22:24:23,476 INFO Final validation 240/300, Val_acc: 0.8802, time 66.49sAccuracy: 0.938
class                  precision    recall   specificity      f1   support
--------------------------------------------------------------------------
0                          0.971     0.971         0.973   0.971        70
1                          0.500     0.750         0.956   0.600         8
2                          0.984     0.924         0.987   0.953        66
*========================================*
2026-01-05 22:24:25,368 INFO [EarlyStopping] Stopping training for val accuracy at epoch 240
2026-01-05 22:24:25,800 INFO Training Finished! Best Accuracy: 0.9028
2026-01-05 22:24:25,800 INFO ====================================================================================================
2026-01-05 22:24:25,800 INFO 
2026-01-05 22:25:18,449 INFO Final testing , Test_acc: 0.5091, time 42.24sAccuracy: 0.805
class                  precision    recall   specificity      f1   support
--------------------------------------------------------------------------
0                          0.882     0.750         0.905   0.811        40
1                          0.556     1.000         0.948   0.714         5
2                          0.795     0.838         0.822   0.816        37
*========================================*
2026-01-05 22:25:18,907 INFO Testing Finished! Best Accuracy: 0.5091
2026-01-05 22:25:18,907 INFO ====================================================================================================
2026-01-05 22:25:22,061 INFO Starting MC-Dropout Testing...
2026-01-05 22:26:43,978 INFO 
2026-01-05 22:26:43,978 INFO ================================================================================
2026-01-05 22:26:43,978 INFO MC-DROPOUT UNCERTAINTY ANALYSIS
2026-01-05 22:26:43,978 INFO ================================================================================
2026-01-05 22:26:43,978 INFO Correct predictions:   mean_unc=0.0844 ± 0.0360
2026-01-05 22:26:43,978 INFO Incorrect predictions: mean_unc=0.1042 ± 0.0372
2026-01-05 22:26:43,978 INFO Uncertainty gap:       0.0198
2026-01-05 22:26:43,978 INFO 
2026-01-05 22:26:43,978 INFO Per-class uncertainty:
2026-01-05 22:26:43,978 INFO   Class 0: 0.0833 ± 0.0472 (n=40)
2026-01-05 22:26:43,979 INFO   Class 1: 0.0975 ± 0.0257 (n=5)
2026-01-05 22:26:43,979 INFO   Class 2: 0.0930 ± 0.0224 (n=37)
2026-01-05 22:26:43,979 INFO 
2026-01-05 22:26:43,979 INFO Selective prediction (rejection thresholds):
2026-01-05 22:26:43,979 INFO   Reject top 50% (>0.0890): keep 41/82 samples, acc=0.8780
2026-01-05 22:26:43,979 INFO   Reject top 25% (>0.1099): keep 61/82 samples, acc=0.8361
2026-01-05 22:26:43,979 INFO   Reject top 10% (>0.1264): keep 73/82 samples, acc=0.8082
2026-01-05 22:26:43,979 INFO   Reject top 5% (>0.1609): keep 77/82 samples, acc=0.8052
2026-01-05 22:26:43,979 INFO 
2026-01-05 22:26:43,979 INFO Calibration (accuracy by uncertainty bin):
2026-01-05 22:26:43,980 INFO   Low (0-25%)          [0.0165, 0.0654): acc=0.8571, n=21
2026-01-05 22:26:43,980 INFO   Medium (25-50%)      [0.0654, 0.0890): acc=0.9000, n=20
2026-01-05 22:26:43,980 INFO   High (50-75%)        [0.0890, 0.1099): acc=0.7500, n=20
2026-01-05 22:26:43,980 INFO   Very High (75-100%)  [0.1099, 0.1865): acc=0.7000, n=20
2026-01-05 22:26:43,980 INFO 
2026-01-05 22:26:43,980 INFO Top 10 most uncertain samples:
2026-01-05 22:26:43,999 INFO   1. Sample 37: unc=0.1865, pred=1, true=0, ✗
2026-01-05 22:26:43,999 INFO   2. Sample 17: unc=0.1850, pred=0, true=0, ✓
2026-01-05 22:26:43,999 INFO   3. Sample 26: unc=0.1772, pred=1, true=0, ✗
2026-01-05 22:26:43,999 INFO   4. Sample 27: unc=0.1693, pred=0, true=0, ✓
2026-01-05 22:26:43,999 INFO   5. Sample 50: unc=0.1612, pred=2, true=2, ✓
2026-01-05 22:26:43,999 INFO   6. Sample 29: unc=0.1542, pred=2, true=0, ✗
2026-01-05 22:26:43,999 INFO   7. Sample 24: unc=0.1418, pred=0, true=0, ✓
2026-01-05 22:26:43,999 INFO   8. Sample 41: unc=0.1323, pred=1, true=1, ✓
2026-01-05 22:26:43,999 INFO   9. Sample 76: unc=0.1268, pred=2, true=2, ✓
2026-01-05 22:26:43,999 INFO   10. Sample 43: unc=0.1230, pred=1, true=1, ✓
2026-01-05 22:26:44,000 INFO ================================================================================
2026-01-05 22:26:44,000 INFO 
2026-01-05 22:26:44,000 INFO Total time spent: 07 hours 40 minutes 56 seconds
2026-01-05 22:26:44,000 INFO 
2026-01-05 22:26:44,000 INFO Final Results Summary:
