2025-11-03 15:59:02,914 INFO Log directory: outputs/OrganoidsINRIA/resnet18/2025-11-03-15-59
2025-11-03 15:59:02,916 INFO {'RandFlipd_prob': 0.2,
 'RandRotate90d_prob': 0.2,
 'RandScaleIntensityd_prob': 0.1,
 'RandShiftIntensityd_prob': 0.1,
 'amp': True,
 'augmentation': True,
 'batch_size': 4,
 'cache_dataset': False,
 'checkpoint_path': None,
 'data_dir': '/home/mraffael/martone_project/Organoids_Dataset/',
 'dataset_name': 'OrganoidsINRIA',
 'debug': False,
 'debug_train_samples': 40,
 'debug_val_samples': 10,
 'dist_backend': 'nccl',
 'dist_url': 'tcp://127.0.0.1:23456',
 'distributed': False,
 'dropout_path_rate': 0.0,
 'dropout_rate': 0.0,
 'early_stopping': False,
 'encoder10_pth': '',
 'exact_class': True,
 'feature_size': 48,
 'fold': 0,
 'folds': False,
 'gpu': 0,
 'ignore_label': 3,
 'in_channels': 1,
 'infer_overlap': 0.5,
 'k_folds': 5,
 'logdir': 'test',
 'logs_dir': 'logs/',
 'loss_name': 'FocalLoss',
 'lrschedule': 'warmup_cosine',
 'max_epochs': 200,
 'min_delta_loss': 0.001,
 'min_delta_val': 0.001,
 'model_name': 'resnet18',
 'momentum': 0.99,
 'noamp': False,
 'norm_name': 'instance',
 'oar_id': 2104624,
 'optim_lr': 0.005,
 'optim_name': 'adamw',
 'out_channels': 1,
 'output_dir': 'outputs/',
 'patch_merging': False,
 'patience_loss': 20,
 'patience_val': 3,
 'pretrained_dir': './pretrained_models/resnet18/',
 'pretrained_model_name': 'resnet_18.pth',
 'rank': 0,
 'reg_weight': 5e-05,
 'restart_T0': 20,
 'resume_ckpt': False,
 'roi_x': 128,
 'roi_y': 128,
 'roi_z': 128,
 'save_checkpoint': True,
 'seed': 3,
 'similarity_loss': '',
 'similarity_loss_weight': 0.0,
 'spatial_dims': 3,
 'split_method': 'percentage',
 'start_epoch': 0,
 'sw_batch_size': 4,
 'telegram_log': True,
 'test_mode': False,
 'token': './token/tlg_token.txt',
 'use_checkpoint': False,
 'val_every': 4,
 'warmup_epochs': 8,
 'workers': 8,
 'world_size': 1}
2025-11-03 15:59:02,916 INFO 
2025-11-03 15:59:02,921 INFO Saved configuration to: outputs/OrganoidsINRIA/resnet18/2025-11-03-15-59/config.txt
2025-11-03 15:59:03,575 INFO Using GPU: 0
2025-11-03 15:59:03,575 INFO 
2025-11-03 15:59:03,575 INFO Model INFO:
2025-11-03 15:59:03,575 INFO Model architecture: resnet18
2025-11-03 15:59:03,924 INFO Using pretrained weights
2025-11-03 15:59:03,924 INFO => loading pretrained model './pretrained_models/resnet18/resnet_18.pth'
2025-11-03 15:59:05,266 INFO Missing keys when loading pretrained: 27
2025-11-03 15:59:05,268 INFO Using SwinUNETR with Single Linear Classification Head
2025-11-03 15:59:05,291 INFO 
2025-11-03 15:59:05,291 INFO Optimizer INFO:
2025-11-03 15:59:05,291 INFO Using optimizer: adamw with lr=0.005, weight_decay=5e-05
2025-11-03 15:59:05,291 INFO 
2025-11-03 15:59:05,292 INFO Dataset INFO:
2025-11-03 15:59:05,367 INFO Dataset length: 423
2025-11-03 15:59:05,367 INFO Class distribution in entire dataset:
2025-11-03 15:59:05,367 INFO   Class 0: 137
2025-11-03 15:59:05,367 INFO   Class 1: 43
2025-11-03 15:59:05,367 INFO   Class 2: 243
2025-11-03 15:59:05,367 INFO 
Using split method: percentage
2025-11-03 15:59:05,374 INFO 
Train set balance:
2025-11-03 15:59:05,376 INFO 
Val set balance:
2025-11-03 15:59:05,376 INFO Training set length: 172
2025-11-03 15:59:05,376 INFO Validation set length: 43
2025-11-03 15:59:05,376 INFO 
Using standard shuffle for training
2025-11-03 15:59:05,376 INFO Training loader: 43 batches
2025-11-03 15:59:05,376 INFO Validation loader: 43 batches
2025-11-03 15:59:05,376 INFO 
Class distribution in training set:
2025-11-03 15:59:05,376 INFO   Class 0: 69 (40.1%)
2025-11-03 15:59:05,376 INFO   Class 1: 34 (19.8%)
2025-11-03 15:59:05,376 INFO   Class 2: 69 (40.1%)
2025-11-03 15:59:05,376 INFO Class distribution in validation set:
2025-11-03 15:59:05,376 INFO   Class 0: 17 (39.5%)
2025-11-03 15:59:05,376 INFO   Class 1: 9 (20.9%)
2025-11-03 15:59:05,377 INFO   Class 2: 17 (39.5%)
2025-11-03 15:59:05,377 INFO **************************************************
2025-11-03 15:59:05,537 INFO Class weights: [ 8.309  16.863  8.309]
2025-11-03 15:59:05,537 INFO 
2025-11-03 15:59:05,537 INFO Using loss function: FocalLoss
2025-11-03 15:59:05,540 INFO **************************************************
2025-11-03 15:59:05,540 INFO Starting training...
2025-11-03 15:59:05,541 INFO 0 Mon Nov  3 15:59:05 2025 Epoch: 0
2025-11-03 16:01:08,890 INFO Final training 0/199, loss: 5.6311, time 123.35s, lr: 0.000000
Accuracy: 0.198
class                  precision    recall   specificity      f1   support
--------------------------------------------------------------------------
0                          0.000     0.000         1.000   0.000        69
1                          0.198     1.000         0.000   0.330        34
2                          0.000     0.000         1.000   0.000        69
*----------------------------------------*
2025-11-03 16:01:09,518 INFO 0 Mon Nov  3 16:01:09 2025 Epoch: 1
2025-11-03 16:01:58,715 INFO Final training 1/199, loss: 5.4520, time 49.20s, lr: 0.000714
Accuracy: 0.390
class                  precision    recall   specificity      f1   support
--------------------------------------------------------------------------
0                          0.455     0.290         0.767   0.354        69
1                          0.232     0.382         0.688   0.289        34
2                          0.472     0.493         0.631   0.482        69
*----------------------------------------*
2025-11-03 16:01:58,715 INFO 0 Mon Nov  3 16:01:58 2025 Epoch: 2
2025-11-03 16:02:51,172 INFO Final training 2/199, loss: 5.3646, time 52.46s, lr: 0.001429
Accuracy: 0.291
class                  precision    recall   specificity      f1   support
--------------------------------------------------------------------------
0                          0.333     0.275         0.631   0.302        69
1                          0.196     0.265         0.732   0.225        34
2                          0.319     0.319         0.544   0.319        69
*----------------------------------------*
2025-11-03 16:02:51,175 INFO 0 Mon Nov  3 16:02:51 2025 Epoch: 3
2025-11-03 16:03:36,709 INFO Final training 3/199, loss: 5.7051, time 45.53s, lr: 0.002143
Accuracy: 0.331
class                  precision    recall   specificity      f1   support
--------------------------------------------------------------------------
0                          0.425     0.246         0.777   0.312        69
1                          0.247     0.588         0.558   0.348        34
2                          0.392     0.290         0.699   0.333        69
*----------------------------------------*
2025-11-03 16:04:17,057 INFO Final validation 3/199, Val_acc: 0.3256, time 40.35sAccuracy: 0.326
class                  precision    recall   specificity      f1   support
--------------------------------------------------------------------------
0                          0.412     0.412         0.615   0.412        17
1                          0.000     0.000         1.000   0.000         9
2                          0.269     0.412         0.269   0.326        17
*========================================*
2025-11-03 16:04:17,057 INFO New best (0.000000 --> 0.325581)
2025-11-03 16:04:20,190 INFO Copying best model to model.pt
2025-11-03 16:04:21,406 INFO 0 Mon Nov  3 16:04:21 2025 Epoch: 4
2025-11-03 16:05:14,402 INFO Final training 4/199, loss: 5.7836, time 53.00s, lr: 0.002857
Accuracy: 0.297
class                  precision    recall   specificity      f1   support
--------------------------------------------------------------------------
0                          0.352     0.362         0.553   0.357        69
1                          0.188     0.353         0.623   0.245        34
2                          0.378     0.203         0.777   0.264        69
*----------------------------------------*
2025-11-03 16:05:14,402 INFO 0 Mon Nov  3 16:05:14 2025 Epoch: 5
2025-11-03 16:06:04,085 INFO Final training 5/199, loss: 5.6598, time 49.68s, lr: 0.003571
Accuracy: 0.355
class                  precision    recall   specificity      f1   support
--------------------------------------------------------------------------
0                          0.377     0.377         0.583   0.377        69
1                          0.273     0.353         0.768   0.308        34
2                          0.390     0.333         0.650   0.359        69
*----------------------------------------*
2025-11-03 16:06:04,085 INFO 0 Mon Nov  3 16:06:04 2025 Epoch: 6
2025-11-03 16:06:45,188 INFO Final training 6/199, loss: 5.8368, time 41.10s, lr: 0.004286
Accuracy: 0.413
class                  precision    recall   specificity      f1   support
--------------------------------------------------------------------------
0                          0.419     0.377         0.650   0.397        69
1                          0.323     0.294         0.848   0.308        34
2                          0.443     0.507         0.573   0.473        69
*----------------------------------------*
2025-11-03 16:06:45,188 INFO 0 Mon Nov  3 16:06:45 2025 Epoch: 7
2025-11-03 16:07:32,660 INFO Final training 7/199, loss: 6.4251, time 47.47s, lr: 0.005000
Accuracy: 0.302
class                  precision    recall   specificity      f1   support
--------------------------------------------------------------------------
0                          0.405     0.246         0.757   0.306        69
1                          0.167     0.324         0.601   0.220        34
2                          0.375     0.348         0.612   0.361        69
*----------------------------------------*
2025-11-03 16:07:44,448 INFO Final validation 7/199, Val_acc: 0.3953, time 11.79sAccuracy: 0.395
class                  precision    recall   specificity      f1   support
--------------------------------------------------------------------------
0                          0.405     1.000         0.038   0.576        17
1                          0.000     0.000         0.971   0.000         9
2                          0.000     0.000         1.000   0.000        17
*========================================*
2025-11-03 16:07:44,448 INFO New best (0.325581 --> 0.395349)
2025-11-03 16:07:47,570 INFO Copying best model to model.pt
2025-11-03 16:07:48,839 INFO 0 Mon Nov  3 16:07:48 2025 Epoch: 8
2025-11-03 16:08:41,274 INFO Final training 8/199, loss: 6.0657, time 52.43s, lr: 0.005000
Accuracy: 0.360
class                  precision    recall   specificity      f1   support
--------------------------------------------------------------------------
0                          0.500     0.362         0.757   0.420        69
1                          0.214     0.353         0.681   0.267        34
2                          0.379     0.362         0.602   0.370        69
*----------------------------------------*
2025-11-03 16:08:41,274 INFO 0 Mon Nov  3 16:08:41 2025 Epoch: 9
2025-11-03 16:09:30,406 INFO Final training 9/199, loss: 5.9019, time 49.13s, lr: 0.005000
Accuracy: 0.349
class                  precision    recall   specificity      f1   support
--------------------------------------------------------------------------
0                          0.368     0.362         0.583   0.365        69
1                          0.289     0.382         0.768   0.329        34
2                          0.373     0.319         0.641   0.344        69
*----------------------------------------*
2025-11-03 16:09:30,406 INFO 0 Mon Nov  3 16:09:30 2025 Epoch: 10
2025-11-03 16:10:16,217 INFO Final training 10/199, loss: 6.6029, time 45.81s, lr: 0.004999
Accuracy: 0.331
class                  precision    recall   specificity      f1   support
--------------------------------------------------------------------------
0                          0.371     0.377         0.573   0.374        69
1                          0.175     0.294         0.659   0.220        34
2                          0.467     0.304         0.767   0.368        69
*----------------------------------------*
2025-11-03 16:10:16,628 INFO 0 Mon Nov  3 16:10:16 2025 Epoch: 11
2025-11-03 16:11:02,335 INFO Final training 11/199, loss: 6.1345, time 45.71s, lr: 0.004997
Accuracy: 0.395
class                  precision    recall   specificity      f1   support
--------------------------------------------------------------------------
0                          0.462     0.348         0.728   0.397        69
1                          0.278     0.441         0.717   0.341        34
2                          0.439     0.420         0.641   0.430        69
*----------------------------------------*
2025-11-03 16:11:13,679 INFO Final validation 11/199, Val_acc: 0.3953, time 11.34sAccuracy: 0.395
class                  precision    recall   specificity      f1   support
--------------------------------------------------------------------------
0                          0.405     1.000         0.038   0.576        17
1                          0.000     0.000         0.971   0.000         9
2                          0.000     0.000         1.000   0.000        17
*========================================*
2025-11-03 16:11:15,457 INFO 0 Mon Nov  3 16:11:15 2025 Epoch: 12
2025-11-03 16:12:07,764 INFO Final training 12/199, loss: 5.6378, time 52.31s, lr: 0.004995
Accuracy: 0.355
class                  precision    recall   specificity      f1   support
--------------------------------------------------------------------------
0                          0.421     0.348         0.680   0.381        69
1                          0.220     0.324         0.717   0.262        34
2                          0.400     0.377         0.621   0.388        69
*----------------------------------------*
2025-11-03 16:12:07,764 INFO 0 Mon Nov  3 16:12:07 2025 Epoch: 13
2025-11-03 16:12:55,195 INFO Final training 13/199, loss: 5.0759, time 47.43s, lr: 0.004992
Accuracy: 0.430
class                  precision    recall   specificity      f1   support
--------------------------------------------------------------------------
0                          0.449     0.319         0.738   0.373        69
1                          0.333     0.559         0.725   0.418        34
2                          0.500     0.478         0.680   0.489        69
*----------------------------------------*
2025-11-03 16:12:55,195 INFO 0 Mon Nov  3 16:12:55 2025 Epoch: 14
2025-11-03 16:13:44,964 INFO Final training 14/199, loss: 4.8248, time 49.77s, lr: 0.004988
Accuracy: 0.453
class                  precision    recall   specificity      f1   support
--------------------------------------------------------------------------
0                          0.449     0.449         0.631   0.449        69
1                          0.444     0.588         0.819   0.506        34
2                          0.466     0.391         0.699   0.425        69
*----------------------------------------*
2025-11-03 16:13:44,964 INFO 0 Mon Nov  3 16:13:44 2025 Epoch: 15
2025-11-03 16:14:26,400 INFO Final training 15/199, loss: 4.6047, time 41.44s, lr: 0.004984
Accuracy: 0.407
class                  precision    recall   specificity      f1   support
--------------------------------------------------------------------------
0                          0.407     0.319         0.689   0.358        69
1                          0.345     0.588         0.725   0.435        34
2                          0.467     0.406         0.689   0.434        69
*----------------------------------------*
2025-11-03 16:14:37,791 INFO Final validation 15/199, Val_acc: 0.3953, time 11.39sAccuracy: 0.395
class                  precision    recall   specificity      f1   support
--------------------------------------------------------------------------
0                          0.405     1.000         0.038   0.576        17
1                          0.000     0.000         0.971   0.000         9
2                          0.000     0.000         1.000   0.000        17
*========================================*
2025-11-03 16:14:39,595 INFO 0 Mon Nov  3 16:14:39 2025 Epoch: 16
2025-11-03 16:15:28,734 INFO Final training 16/199, loss: 5.1008, time 49.14s, lr: 0.004979
Accuracy: 0.448
class                  precision    recall   specificity      f1   support
--------------------------------------------------------------------------
0                          0.464     0.464         0.641   0.464        69
1                          0.421     0.471         0.841   0.444        34
2                          0.446     0.420         0.650   0.433        69
*----------------------------------------*
2025-11-03 16:15:28,734 INFO 0 Mon Nov  3 16:15:28 2025 Epoch: 17
2025-11-03 16:16:19,818 INFO Final training 17/199, loss: 5.5405, time 51.08s, lr: 0.004973
Accuracy: 0.401
class                  precision    recall   specificity      f1   support
--------------------------------------------------------------------------
0                          0.437     0.449         0.612   0.443        69
1                          0.341     0.441         0.790   0.385        34
2                          0.404     0.333         0.670   0.365        69
*----------------------------------------*
2025-11-03 16:16:19,818 INFO 0 Mon Nov  3 16:16:19 2025 Epoch: 18
2025-11-03 16:17:05,472 INFO Final training 18/199, loss: 5.5006, time 45.65s, lr: 0.004967
Accuracy: 0.436
class                  precision    recall   specificity      f1   support
--------------------------------------------------------------------------
0                          0.446     0.420         0.650   0.433        69
1                          0.404     0.559         0.797   0.469        34
2                          0.450     0.391         0.680   0.419        69
*----------------------------------------*
2025-11-03 16:17:05,472 INFO 0 Mon Nov  3 16:17:05 2025 Epoch: 19
2025-11-03 16:17:50,476 INFO Final training 19/199, loss: 5.0556, time 45.00s, lr: 0.004960
Accuracy: 0.430
class                  precision    recall   specificity      f1   support
--------------------------------------------------------------------------
0                          0.433     0.377         0.670   0.403        69
1                          0.404     0.559         0.797   0.469        34
2                          0.446     0.420         0.650   0.433        69
*----------------------------------------*
2025-11-03 16:18:02,206 INFO Final validation 19/199, Val_acc: 0.3953, time 11.73sAccuracy: 0.395
class                  precision    recall   specificity      f1   support
--------------------------------------------------------------------------
0                          0.405     1.000         0.038   0.576        17
1                          0.000     0.000         0.971   0.000         9
2                          0.000     0.000         1.000   0.000        17
*========================================*
2025-11-03 16:18:03,978 INFO 0 Mon Nov  3 16:18:03 2025 Epoch: 20
2025-11-03 16:18:50,432 INFO Final training 20/199, loss: 4.7456, time 46.45s, lr: 0.004952
Accuracy: 0.483
class                  precision    recall   specificity      f1   support
--------------------------------------------------------------------------
0                          0.537     0.420         0.757   0.472        69
1                          0.370     0.588         0.754   0.455        34
2                          0.531     0.493         0.709   0.511        69
*----------------------------------------*
2025-11-03 16:18:50,861 INFO 0 Mon Nov  3 16:18:50 2025 Epoch: 21
2025-11-03 16:19:37,766 INFO Final training 21/199, loss: 4.9630, time 46.90s, lr: 0.004944
Accuracy: 0.506
class                  precision    recall   specificity      f1   support
--------------------------------------------------------------------------
0                          0.522     0.507         0.689   0.515        69
1                          0.417     0.588         0.797   0.488        34
2                          0.561     0.464         0.757   0.508        69
*----------------------------------------*
2025-11-03 16:19:37,766 INFO 0 Mon Nov  3 16:19:37 2025 Epoch: 22
2025-11-03 16:20:28,556 INFO Final training 22/199, loss: 5.3311, time 50.79s, lr: 0.004935
Accuracy: 0.436
class                  precision    recall   specificity      f1   support
--------------------------------------------------------------------------
0                          0.493     0.478         0.670   0.485        69
1                          0.333     0.559         0.725   0.418        34
2                          0.479     0.333         0.757   0.393        69
*----------------------------------------*
2025-11-03 16:20:28,556 INFO 0 Mon Nov  3 16:20:28 2025 Epoch: 23
2025-11-03 16:21:12,781 INFO Final training 23/199, loss: 5.0458, time 44.22s, lr: 0.004925
Accuracy: 0.448
class                  precision    recall   specificity      f1   support
--------------------------------------------------------------------------
0                          0.439     0.362         0.689   0.397        69
1                          0.362     0.618         0.732   0.457        34
2                          0.544     0.449         0.748   0.492        69
*----------------------------------------*
2025-11-03 16:21:24,479 INFO Final validation 23/199, Val_acc: 0.3953, time 11.70sAccuracy: 0.395
class                  precision    recall   specificity      f1   support
--------------------------------------------------------------------------
0                          0.405     1.000         0.038   0.576        17
1                          0.000     0.000         0.971   0.000         9
2                          0.000     0.000         1.000   0.000        17
*========================================*
2025-11-03 16:21:26,273 INFO 0 Mon Nov  3 16:21:26 2025 Epoch: 24
2025-11-03 16:22:12,314 INFO Final training 24/199, loss: 4.9610, time 46.04s, lr: 0.004915
Accuracy: 0.395
class                  precision    recall   specificity      f1   support
--------------------------------------------------------------------------
0                          0.367     0.319         0.631   0.341        69
1                          0.306     0.559         0.688   0.396        34
2                          0.540     0.391         0.777   0.454        69
*----------------------------------------*
2025-11-03 16:22:12,314 INFO 0 Mon Nov  3 16:22:12 2025 Epoch: 25
2025-11-03 16:22:54,885 INFO Final training 25/199, loss: 4.3619, time 42.57s, lr: 0.004904
Accuracy: 0.477
class                  precision    recall   specificity      f1   support
--------------------------------------------------------------------------
0                          0.440     0.478         0.592   0.458        69
1                          0.440     0.647         0.797   0.524        34
2                          0.574     0.391         0.806   0.466        69
*----------------------------------------*
2025-11-03 16:22:54,885 INFO 0 Mon Nov  3 16:22:54 2025 Epoch: 26
2025-11-03 16:23:39,073 INFO Final training 26/199, loss: 4.9671, time 44.19s, lr: 0.004892
Accuracy: 0.442
class                  precision    recall   specificity      f1   support
--------------------------------------------------------------------------
0                          0.476     0.435         0.680   0.455        69
1                          0.378     0.500         0.797   0.430        34
2                          0.453     0.420         0.660   0.436        69
*----------------------------------------*
2025-11-03 16:23:39,073 INFO 0 Mon Nov  3 16:23:39 2025 Epoch: 27
2025-11-03 16:24:27,209 INFO Final training 27/199, loss: 5.4727, time 48.14s, lr: 0.004880
Accuracy: 0.459
class                  precision    recall   specificity      f1   support
--------------------------------------------------------------------------
0                          0.481     0.362         0.738   0.413        69
1                          0.392     0.588         0.775   0.471        34
2                          0.493     0.493         0.660   0.493        69
*----------------------------------------*
2025-11-03 16:24:38,958 INFO Final validation 27/199, Val_acc: 0.3953, time 11.75sAccuracy: 0.395
class                  precision    recall   specificity      f1   support
--------------------------------------------------------------------------
0                          0.471     0.471         0.654   0.471        17
1                          0.360     1.000         0.529   0.529         9
2                          0.000     0.000         0.962   0.000        17
*========================================*
2025-11-03 16:24:40,746 INFO 0 Mon Nov  3 16:24:40 2025 Epoch: 28
2025-11-03 16:25:33,527 INFO Final training 28/199, loss: 5.2979, time 52.78s, lr: 0.004867
Accuracy: 0.477
class                  precision    recall   specificity      f1   support
--------------------------------------------------------------------------
0                          0.483     0.420         0.699   0.450        69
1                          0.365     0.559         0.761   0.442        34
2                          0.567     0.493         0.748   0.527        69
*----------------------------------------*
2025-11-03 16:25:33,527 INFO 0 Mon Nov  3 16:25:33 2025 Epoch: 29
2025-11-03 16:26:23,427 INFO Final training 29/199, loss: 5.7209, time 49.90s, lr: 0.004854
Accuracy: 0.500
class                  precision    recall   specificity      f1   support
--------------------------------------------------------------------------
0                          0.470     0.449         0.660   0.459        69
1                          0.590     0.676         0.884   0.630        34
2                          0.478     0.464         0.660   0.471        69
*----------------------------------------*
2025-11-03 16:26:23,427 INFO 0 Mon Nov  3 16:26:23 2025 Epoch: 30
2025-11-03 16:27:12,053 INFO Final training 30/199, loss: 4.5260, time 48.63s, lr: 0.004840
Accuracy: 0.512
class                  precision    recall   specificity      f1   support
--------------------------------------------------------------------------
0                          0.507     0.493         0.680   0.500        69
1                          0.462     0.529         0.848   0.493        34
2                          0.545     0.522         0.709   0.533        69
*----------------------------------------*
2025-11-03 16:27:12,499 INFO 0 Mon Nov  3 16:27:12 2025 Epoch: 31
2025-11-03 16:27:55,471 INFO Final training 31/199, loss: 4.9472, time 42.97s, lr: 0.004825
Accuracy: 0.459
class                  precision    recall   specificity      f1   support
--------------------------------------------------------------------------
0                          0.542     0.377         0.786   0.444        69
1                          0.344     0.618         0.710   0.442        34
2                          0.508     0.464         0.699   0.485        69
*----------------------------------------*
2025-11-03 16:28:07,197 INFO Final validation 31/199, Val_acc: 0.3953, time 11.73sAccuracy: 0.395
class                  precision    recall   specificity      f1   support
--------------------------------------------------------------------------
0                          0.405     1.000         0.038   0.576        17
1                          0.000     0.000         0.971   0.000         9
2                          0.000     0.000         1.000   0.000        17
*========================================*
2025-11-03 16:28:09,021 INFO 0 Mon Nov  3 16:28:09 2025 Epoch: 32
