2025-12-02 10:47:04,618 INFO Log directory: outputs/OrganoidsINRIA_reduced/resnet18/2025-12-02-10-47
2025-12-02 10:47:04,620 INFO {'RandFlipd_prob': 0.2,
 'RandRotate90d_prob': 0.2,
 'RandScaleIntensityd_prob': 0.1,
 'RandShiftIntensityd_prob': 0.1,
 'amp': True,
 'augmentation': True,
 'batch_size': 4,
 'cache_dataset': False,
 'checkpoint_path': None,
 'data_dir': '/home/mraffael/martone_project/Organoids_Dataset_256/',
 'dataset_name': 'OrganoidsINRIA_reduced',
 'debug': False,
 'debug_train_samples': 40,
 'debug_val_samples': 10,
 'dist_backend': 'nccl',
 'dist_url': 'tcp://127.0.0.1:23456',
 'distributed': False,
 'dropout_path_rate': 0.0,
 'dropout_rate': 0.0,
 'early_stopping': True,
 'encoder10_pth': '',
 'exact_class': False,
 'feature_size': 48,
 'fold': 0,
 'folds': False,
 'gpu': 0,
 'ignore_label': 3,
 'in_channels': 1,
 'infer_overlap': 0.5,
 'k_folds': 5,
 'logdir': 'test',
 'logs_dir': 'logs/',
 'loss_name': 'CE',
 'lrschedule': 'warmup_cosine',
 'max_epochs': 300,
 'min_delta_loss': 0.001,
 'min_delta_val': 0.01,
 'model_name': 'resnet18',
 'momentum': 0.99,
 'noamp': False,
 'norm_name': 'instance',
 'oar_id': 2135710,
 'optim_lr': 0.001,
 'optim_name': 'adamw',
 'out_channels': 1,
 'output_dir': 'outputs/',
 'patch_merging': False,
 'patience_loss': 40,
 'patience_val': 40,
 'pretrained_dir': '',
 'pretrained_model_name': '',
 'rank': 0,
 'reg_weight': 5e-05,
 'restart_T0': 20,
 'resume_ckpt': False,
 'roi_x': 128,
 'roi_y': 128,
 'roi_z': 128,
 'save_checkpoint': True,
 'seed': 3,
 'similarity_loss': '',
 'similarity_loss_weight': 0.0,
 'spatial_dims': 3,
 'split_method': 'stratified',
 'start_epoch': 0,
 'sw_batch_size': 4,
 'telegram_log': True,
 'test_mode': False,
 'token': './token/tlg_token.txt',
 'use_checkpoint': False,
 'val_every': 2,
 'warmup_epochs': 5,
 'workers': 8,
 'world_size': 1}
2025-12-02 10:47:04,620 INFO 
2025-12-02 10:47:04,624 INFO Saved configuration to: outputs/OrganoidsINRIA_reduced/resnet18/2025-12-02-10-47/config.txt
2025-12-02 10:47:05,177 INFO Using GPU: 0
2025-12-02 10:47:05,177 INFO 
2025-12-02 10:47:05,177 INFO Model INFO:
2025-12-02 10:47:05,177 INFO Model architecture: resnet18
2025-12-02 10:47:05,436 WARNING Warning: pretrained model not found at 'None'
2025-12-02 10:47:05,437 WARNING Warning: ResNet18_3D not found, using ResNet50_3D wrapper as fallback
2025-12-02 10:47:05,437 INFO Using ResNet with Single Linear Classification Head
2025-12-02 10:47:05,437 INFO Total trainable parameters: 33,320,451
2025-12-02 10:47:05,453 INFO 
2025-12-02 10:47:05,453 INFO Optimizer INFO:
2025-12-02 10:47:05,453 INFO Using optimizer: adamw with lr=0.001, weight_decay=5e-05
2025-12-02 10:47:05,453 INFO 
2025-12-02 10:47:05,453 INFO Dataset INFO:
2025-12-02 10:47:05,470 INFO Dataset length: 721
2025-12-02 10:47:05,470 INFO Class distribution in entire dataset:
2025-12-02 10:47:05,470 INFO   Class 0: 351
2025-12-02 10:47:05,470 INFO   Class 1: 38
2025-12-02 10:47:05,470 INFO   Class 2: 332
2025-12-02 10:47:05,470 INFO 
Using split method: stratified
2025-12-02 10:47:05,482 INFO 
Train set balance:
2025-12-02 10:47:05,482 INFO 
Val set balance:
2025-12-02 10:47:05,482 INFO Training set length: 577
2025-12-02 10:47:05,482 INFO Validation set length: 144
2025-12-02 10:47:05,482 INFO 
Using standard shuffle for training
2025-12-02 10:47:05,482 INFO Training loader: 144 batches
2025-12-02 10:47:05,482 INFO Validation loader: 36 batches
2025-12-02 10:47:05,482 INFO 
Class distribution in training set:
2025-12-02 10:47:05,482 INFO   Class 0: 281 (48.7%)
2025-12-02 10:47:05,482 INFO   Class 1: 30 (5.2%)
2025-12-02 10:47:05,482 INFO   Class 2: 266 (46.1%)
2025-12-02 10:47:05,482 INFO Class distribution in validation set:
2025-12-02 10:47:05,483 INFO   Class 0: 70 (48.6%)
2025-12-02 10:47:05,483 INFO   Class 1: 8 (5.6%)
2025-12-02 10:47:05,483 INFO   Class 2: 66 (45.8%)
2025-12-02 10:47:05,483 INFO **************************************************
2025-12-02 10:47:05,512 INFO Class weights: [ 6.845  64.111  7.231]
2025-12-02 10:47:05,512 INFO 
2025-12-02 10:47:05,512 INFO Test Dataset INFO:
2025-12-02 10:47:05,519 INFO Test Dataset length: 82
2025-12-02 10:47:05,519 INFO Class distribution in test dataset:
2025-12-02 10:47:05,519 INFO   Class 0: 40
2025-12-02 10:47:05,519 INFO   Class 1: 5
2025-12-02 10:47:05,520 INFO   Class 2: 37
2025-12-02 10:47:05,520 INFO Test loader: 21 batches
2025-12-02 10:47:05,520 INFO **************************************************
2025-12-02 10:47:05,520 INFO 
2025-12-02 10:47:05,520 INFO Using loss function: CE
2025-12-02 10:47:05,523 INFO **************************************************
2025-12-02 10:47:05,523 INFO Starting training...
2025-12-02 10:47:05,525 INFO 0 Tue Dec  2 10:47:05 2025 Epoch: 1
2025-12-02 10:48:56,909 INFO Final training 1/300, loss: 1.2383, time 111.38s, lr: 0.000000
Accuracy: 0.460
class                  precision    recall   specificity      f1   support
--------------------------------------------------------------------------
0                          0.000     0.000         1.000   0.000       281
1                          0.000     0.000         1.000   0.000        30
2                          0.460     1.000         0.000   0.630       265
*----------------------------------------*
2025-12-02 10:48:57,296 INFO 0 Tue Dec  2 10:48:57 2025 Epoch: 2
2025-12-02 10:50:35,217 INFO Final training 2/300, loss: 0.9934, time 97.92s, lr: 0.000250
Accuracy: 0.538
class                  precision    recall   specificity      f1   support
--------------------------------------------------------------------------
0                          0.555     0.630         0.519   0.590       281
1                          0.222     0.067         0.987   0.103        30
2                          0.528     0.494         0.624   0.511       265
*----------------------------------------*
2025-12-02 10:51:06,086 INFO Final validation 2/300, Val_acc: 0.2870, time 30.87sAccuracy: 0.354
class                  precision    recall   specificity      f1   support
--------------------------------------------------------------------------
0                          0.362     0.414         0.311   0.387        70
1                          0.000     0.000         1.000   0.000         8
2                          0.344     0.333         0.462   0.338        66
*========================================*
2025-12-02 10:51:06,087 INFO New best (0.000000 --> 0.287037)
2025-12-02 10:51:11,776 INFO Copying best model to best_model.pt
2025-12-02 10:51:15,417 INFO 0 Tue Dec  2 10:51:15 2025 Epoch: 3
2025-12-02 10:52:54,014 INFO Final training 3/300, loss: 0.8233, time 98.60s, lr: 0.000500
Accuracy: 0.620
class                  precision    recall   specificity      f1   support
--------------------------------------------------------------------------
0                          0.642     0.701         0.627   0.670       281
1                          0.233     0.233         0.958   0.233        30
2                          0.640     0.577         0.723   0.607       265
*----------------------------------------*
2025-12-02 10:52:54,015 INFO 0 Tue Dec  2 10:52:54 2025 Epoch: 4
2025-12-02 10:54:32,614 INFO Final training 4/300, loss: 0.7234, time 98.60s, lr: 0.000750
Accuracy: 0.674
class                  precision    recall   specificity      f1   support
--------------------------------------------------------------------------
0                          0.704     0.779         0.688   0.740       281
1                          0.314     0.533         0.936   0.395        30
2                          0.715     0.577         0.804   0.639       265
*----------------------------------------*
2025-12-02 10:54:42,024 INFO Final validation 4/300, Val_acc: 0.3916, time 9.41sAccuracy: 0.438
class                  precision    recall   specificity      f1   support
--------------------------------------------------------------------------
0                          0.400     0.314         0.554   0.352        70
1                          0.000     0.000         1.000   0.000         8
2                          0.461     0.621         0.385   0.529        66
*========================================*
2025-12-02 10:54:42,024 INFO New best (0.287037 --> 0.391590)
2025-12-02 10:54:47,618 INFO Copying best model to best_model.pt
2025-12-02 10:54:51,380 INFO 0 Tue Dec  2 10:54:51 2025 Epoch: 5
2025-12-02 10:56:31,401 INFO Final training 5/300, loss: 0.7317, time 100.02s, lr: 0.001000
Accuracy: 0.703
class                  precision    recall   specificity      f1   support
--------------------------------------------------------------------------
0                          0.744     0.746         0.757   0.745       280
1                          0.327     0.533         0.940   0.405        30
2                          0.732     0.677         0.787   0.703       266
*----------------------------------------*
2025-12-02 10:56:31,402 INFO 0 Tue Dec  2 10:56:31 2025 Epoch: 6
2025-12-02 10:58:10,113 INFO Final training 6/300, loss: 0.6593, time 98.71s, lr: 0.001000
Accuracy: 0.719
class                  precision    recall   specificity      f1   support
--------------------------------------------------------------------------
0                          0.743     0.786         0.743   0.764       280
1                          0.407     0.733         0.941   0.524        30
2                          0.761     0.647         0.826   0.699       266
*----------------------------------------*
2025-12-02 10:58:19,372 INFO Final validation 6/300, Val_acc: 0.5023, time 9.26sAccuracy: 0.583
class                  precision    recall   specificity      f1   support
--------------------------------------------------------------------------
0                          0.578     0.529         0.635   0.552        70
1                          0.000     0.000         1.000   0.000         8
2                          0.588     0.712         0.577   0.644        66
*========================================*
2025-12-02 10:58:19,372 INFO New best (0.391590 --> 0.502315)
2025-12-02 10:58:25,048 INFO Copying best model to best_model.pt
2025-12-02 10:58:28,822 INFO 0 Tue Dec  2 10:58:28 2025 Epoch: 7
2025-12-02 11:00:04,772 INFO Final training 7/300, loss: 0.5938, time 95.95s, lr: 0.001000
Accuracy: 0.743
class                  precision    recall   specificity      f1   support
--------------------------------------------------------------------------
0                          0.764     0.786         0.770   0.775       280
1                          0.490     0.800         0.954   0.608        30
2                          0.770     0.692         0.823   0.729       266
*----------------------------------------*
2025-12-02 11:00:04,772 INFO 0 Tue Dec  2 11:00:04 2025 Epoch: 8
2025-12-02 11:01:43,691 INFO Final training 8/300, loss: 0.5187, time 98.92s, lr: 0.001000
Accuracy: 0.767
class                  precision    recall   specificity      f1   support
--------------------------------------------------------------------------
0                          0.820     0.796         0.834   0.808       280
1                          0.396     0.633         0.947   0.487        30
2                          0.781     0.752         0.819   0.766       266
*----------------------------------------*
2025-12-02 11:01:53,012 INFO Final validation 8/300, Val_acc: 0.4186, time 9.32sAccuracy: 0.465
class                  precision    recall   specificity      f1   support
--------------------------------------------------------------------------
0                          0.466     0.686         0.257   0.555        70
1                          0.000     0.000         0.949   0.000         8
2                          0.559     0.288         0.808   0.380        66
*========================================*
2025-12-02 11:01:57,401 INFO 0 Tue Dec  2 11:01:57 2025 Epoch: 9
2025-12-02 11:03:37,948 INFO Final training 9/300, loss: 0.5228, time 100.55s, lr: 0.001000
Accuracy: 0.778
class                  precision    recall   specificity      f1   support
--------------------------------------------------------------------------
0                          0.811     0.811         0.821   0.811       280
1                          0.521     0.833         0.958   0.641        30
2                          0.790     0.737         0.832   0.763       266
*----------------------------------------*
2025-12-02 11:03:37,949 INFO 0 Tue Dec  2 11:03:37 2025 Epoch: 10
2025-12-02 11:05:19,978 INFO Final training 10/300, loss: 0.4560, time 102.03s, lr: 0.001000
Accuracy: 0.792
class                  precision    recall   specificity      f1   support
--------------------------------------------------------------------------
0                          0.804     0.850         0.804   0.826       280
1                          0.489     0.767         0.956   0.597        30
2                          0.837     0.733         0.877   0.782       266
*----------------------------------------*
2025-12-02 11:05:29,291 INFO Final validation 10/300, Val_acc: 0.4653, time 9.31sAccuracy: 0.542
class                  precision    recall   specificity      f1   support
--------------------------------------------------------------------------
0                          0.562     0.643         0.527   0.600        70
1                          0.364     0.500         0.949   0.421         8
2                          0.547     0.439         0.692   0.487        66
*========================================*
2025-12-02 11:05:33,622 INFO 0 Tue Dec  2 11:05:33 2025 Epoch: 11
2025-12-02 11:07:12,121 INFO Final training 11/300, loss: 0.3879, time 98.50s, lr: 0.000999
Accuracy: 0.835
class                  precision    recall   specificity      f1   support
--------------------------------------------------------------------------
0                          0.857     0.875         0.861   0.866       281
1                          0.562     0.900         0.962   0.692        30
2                          0.863     0.785         0.894   0.822       265
*----------------------------------------*
2025-12-02 11:07:12,503 INFO 0 Tue Dec  2 11:07:12 2025 Epoch: 12
2025-12-02 11:08:49,143 INFO Final training 12/300, loss: 0.4933, time 96.64s, lr: 0.000999
Accuracy: 0.785
class                  precision    recall   specificity      f1   support
--------------------------------------------------------------------------
0                          0.826     0.826         0.834   0.826       281
1                          0.434     0.767         0.945   0.554        30
2                          0.814     0.743         0.855   0.777       265
*----------------------------------------*
2025-12-02 11:08:58,458 INFO Final validation 12/300, Val_acc: 0.4082, time 9.31sAccuracy: 0.458
class                  precision    recall   specificity      f1   support
--------------------------------------------------------------------------
0                          0.444     0.457         0.459   0.451        70
1                          0.000     0.000         0.985   0.000         8
2                          0.486     0.515         0.538   0.500        66
*========================================*
2025-12-02 11:09:02,847 INFO 0 Tue Dec  2 11:09:02 2025 Epoch: 13
2025-12-02 11:10:43,474 INFO Final training 13/300, loss: 0.4386, time 100.63s, lr: 0.000999
Accuracy: 0.825
class                  precision    recall   specificity      f1   support
--------------------------------------------------------------------------
0                          0.855     0.836         0.864   0.845       281
1                          0.540     0.900         0.958   0.675        30
2                          0.849     0.804         0.878   0.826       265
*----------------------------------------*
2025-12-02 11:10:43,474 INFO 0 Tue Dec  2 11:10:43 2025 Epoch: 14
2025-12-02 11:12:22,678 INFO Final training 14/300, loss: 0.3891, time 99.20s, lr: 0.000998
Accuracy: 0.845
class                  precision    recall   specificity      f1   support
--------------------------------------------------------------------------
0                          0.881     0.871         0.889   0.876       280
1                          0.549     0.933         0.958   0.691        30
2                          0.867     0.808         0.894   0.837       266
*----------------------------------------*
2025-12-02 11:12:31,979 INFO Final validation 14/300, Val_acc: 0.3681, time 9.30sAccuracy: 0.389
class                  precision    recall   specificity      f1   support
--------------------------------------------------------------------------
0                          0.430     0.786         0.014   0.556        70
1                          0.000     0.000         1.000   0.000         8
2                          0.062     0.015         0.808   0.024        66
*========================================*
2025-12-02 11:12:36,254 INFO 0 Tue Dec  2 11:12:36 2025 Epoch: 15
2025-12-02 11:14:14,251 INFO Final training 15/300, loss: 0.3638, time 98.00s, lr: 0.000998
Accuracy: 0.851
class                  precision    recall   specificity      f1   support
--------------------------------------------------------------------------
0                          0.886     0.864         0.895   0.875       280
1                          0.574     0.900         0.963   0.701        30
2                          0.863     0.831         0.887   0.847       266
*----------------------------------------*
2025-12-02 11:14:14,252 INFO 0 Tue Dec  2 11:14:14 2025 Epoch: 16
2025-12-02 11:15:53,601 INFO Final training 16/300, loss: 0.3616, time 99.35s, lr: 0.000997
Accuracy: 0.851
class                  precision    recall   specificity      f1   support
--------------------------------------------------------------------------
0                          0.896     0.861         0.905   0.878       280
1                          0.532     0.833         0.960   0.649        30
2                          0.862     0.842         0.884   0.852       266
*----------------------------------------*
2025-12-02 11:16:02,911 INFO Final validation 16/300, Val_acc: 0.4294, time 9.31sAccuracy: 0.438
class                  precision    recall   specificity      f1   support
--------------------------------------------------------------------------
0                          0.459     0.871         0.027   0.601        70
1                          0.000     0.000         1.000   0.000         8
2                          0.182     0.030         0.885   0.052        66
*========================================*
2025-12-02 11:16:07,339 INFO 0 Tue Dec  2 11:16:07 2025 Epoch: 17
2025-12-02 11:17:43,979 INFO Final training 17/300, loss: 0.4519, time 96.64s, lr: 0.000997
Accuracy: 0.833
class                  precision    recall   specificity      f1   support
--------------------------------------------------------------------------
0                          0.867     0.839         0.878   0.853       280
1                          0.510     0.867         0.954   0.642        30
2                          0.862     0.823         0.887   0.842       266
*----------------------------------------*
2025-12-02 11:17:43,979 INFO 0 Tue Dec  2 11:17:43 2025 Epoch: 18
2025-12-02 11:19:23,264 INFO Final training 18/300, loss: 0.3211, time 99.28s, lr: 0.000996
Accuracy: 0.861
class                  precision    recall   specificity      f1   support
--------------------------------------------------------------------------
0                          0.907     0.871         0.916   0.889       280
1                          0.545     0.800         0.963   0.649        30
2                          0.867     0.857         0.887   0.862       266
*----------------------------------------*
2025-12-02 11:19:32,518 INFO Final validation 18/300, Val_acc: 0.3981, time 9.25sAccuracy: 0.417
class                  precision    recall   specificity      f1   support
--------------------------------------------------------------------------
0                          0.447     0.843         0.014   0.584        70
1                          0.000     0.000         1.000   0.000         8
2                          0.083     0.015         0.859   0.026        66
*========================================*
2025-12-02 11:19:36,818 INFO 0 Tue Dec  2 11:19:36 2025 Epoch: 19
2025-12-02 11:21:12,528 INFO Final training 19/300, loss: 0.2893, time 95.71s, lr: 0.000995
Accuracy: 0.901
class                  precision    recall   specificity      f1   support
--------------------------------------------------------------------------
0                          0.912     0.925         0.915   0.919       281
1                          0.651     0.933         0.973   0.767        30
2                          0.931     0.872         0.945   0.901       265
*----------------------------------------*
2025-12-02 11:21:12,528 INFO 0 Tue Dec  2 11:21:12 2025 Epoch: 20
2025-12-02 11:22:49,755 INFO Final training 20/300, loss: 0.3577, time 97.23s, lr: 0.000994
Accuracy: 0.863
class                  precision    recall   specificity      f1   support
--------------------------------------------------------------------------
0                          0.884     0.871         0.892   0.878       280
1                          0.617     0.967         0.967   0.753        30
2                          0.885     0.842         0.906   0.863       266
*----------------------------------------*
2025-12-02 11:22:59,105 INFO Final validation 20/300, Val_acc: 0.4676, time 9.35sAccuracy: 0.486
class                  precision    recall   specificity      f1   support
--------------------------------------------------------------------------
0                          0.486     1.000         0.000   0.654        70
1                          0.000     0.000         1.000   0.000         8
2                          0.000     0.000         1.000   0.000        66
*========================================*
2025-12-02 11:23:03,385 INFO 0 Tue Dec  2 11:23:03 2025 Epoch: 21
2025-12-02 11:24:40,442 INFO Final training 21/300, loss: 0.3174, time 97.06s, lr: 0.000994
Accuracy: 0.868
class                  precision    recall   specificity      f1   support
--------------------------------------------------------------------------
0                          0.894     0.875         0.902   0.884       280
1                          0.628     0.900         0.971   0.740        30
2                          0.880     0.857         0.900   0.869       266
*----------------------------------------*
2025-12-02 11:24:40,864 INFO 0 Tue Dec  2 11:24:40 2025 Epoch: 22
2025-12-02 11:26:19,468 INFO Final training 22/300, loss: 0.3142, time 98.60s, lr: 0.000993
Accuracy: 0.889
class                  precision    recall   specificity      f1   support
--------------------------------------------------------------------------
0                          0.926     0.900         0.932   0.913       280
1                          0.543     0.833         0.962   0.658        30
2                          0.911     0.883         0.926   0.897       266
*----------------------------------------*
2025-12-02 11:26:28,750 INFO Final validation 22/300, Val_acc: 0.4051, time 9.28sAccuracy: 0.431
class                  precision    recall   specificity      f1   support
--------------------------------------------------------------------------
0                          0.456     0.886         0.000   0.602        70
1                          0.000     0.000         1.000   0.000         8
2                          0.000     0.000         0.897   0.000        66
*========================================*
2025-12-02 11:26:33,091 INFO 0 Tue Dec  2 11:26:33 2025 Epoch: 23
2025-12-02 11:28:08,978 INFO Final training 23/300, loss: 0.2827, time 95.89s, lr: 0.000992
Accuracy: 0.891
class                  precision    recall   specificity      f1   support
--------------------------------------------------------------------------
0                          0.932     0.882         0.939   0.906       280
1                          0.628     0.900         0.971   0.740        30
2                          0.892     0.898         0.906   0.895       266
*----------------------------------------*
2025-12-02 11:28:08,978 INFO 0 Tue Dec  2 11:28:08 2025 Epoch: 24
2025-12-02 11:29:44,161 INFO Final training 24/300, loss: 0.2780, time 95.18s, lr: 0.000991
Accuracy: 0.887
class                  precision    recall   specificity      f1   support
--------------------------------------------------------------------------
0                          0.919     0.893         0.925   0.906       281
1                          0.605     0.867         0.969   0.712        30
2                          0.900     0.883         0.916   0.891       265
*----------------------------------------*
2025-12-02 11:29:53,445 INFO Final validation 24/300, Val_acc: 0.3333, time 9.28sAccuracy: 0.382
class                  precision    recall   specificity      f1   support
--------------------------------------------------------------------------
0                          0.426     0.743         0.054   0.542        70
1                          0.000     0.000         1.000   0.000         8
2                          0.136     0.045         0.756   0.068        66
*========================================*
2025-12-02 11:29:57,725 INFO 0 Tue Dec  2 11:29:57 2025 Epoch: 25
2025-12-02 11:31:37,239 INFO Final training 25/300, loss: 0.2478, time 99.51s, lr: 0.000990
Accuracy: 0.908
class                  precision    recall   specificity      f1   support
--------------------------------------------------------------------------
0                          0.931     0.918         0.936   0.924       280
1                          0.636     0.933         0.971   0.757        30
2                          0.930     0.895         0.942   0.912       266
*----------------------------------------*
2025-12-02 11:31:37,240 INFO 0 Tue Dec  2 11:31:37 2025 Epoch: 26
2025-12-02 11:33:16,275 INFO Final training 26/300, loss: 0.2956, time 99.03s, lr: 0.000989
Accuracy: 0.903
class                  precision    recall   specificity      f1   support
--------------------------------------------------------------------------
0                          0.944     0.904         0.949   0.923       280
1                          0.600     0.900         0.967   0.720        30
2                          0.913     0.902         0.926   0.907       266
*----------------------------------------*
2025-12-02 11:33:25,693 INFO Final validation 26/300, Val_acc: 0.4583, time 9.42sAccuracy: 0.479
class                  precision    recall   specificity      f1   support
--------------------------------------------------------------------------
0                          0.482     0.971         0.014   0.645        70
1                          0.000     0.000         1.000   0.000         8
2                          0.333     0.015         0.974   0.029        66
*========================================*
2025-12-02 11:33:30,029 INFO 0 Tue Dec  2 11:33:30 2025 Epoch: 27
2025-12-02 11:35:10,647 INFO Final training 27/300, loss: 0.2503, time 100.62s, lr: 0.000988
Accuracy: 0.903
class                  precision    recall   specificity      f1   support
--------------------------------------------------------------------------
0                          0.918     0.922         0.922   0.920       281
1                          0.651     0.933         0.973   0.767        30
2                          0.928     0.879         0.942   0.903       265
*----------------------------------------*
2025-12-02 11:35:10,648 INFO 0 Tue Dec  2 11:35:10 2025 Epoch: 28
2025-12-02 11:36:50,177 INFO Final training 28/300, loss: 0.2198, time 99.53s, lr: 0.000986
Accuracy: 0.918
class                  precision    recall   specificity      f1   support
--------------------------------------------------------------------------
0                          0.945     0.921         0.949   0.933       280
1                          0.636     0.933         0.971   0.757        30
2                          0.938     0.914         0.948   0.926       266
*----------------------------------------*
2025-12-02 11:36:59,468 INFO Final validation 28/300, Val_acc: 0.5062, time 9.29sAccuracy: 0.549
class                  precision    recall   specificity      f1   support
--------------------------------------------------------------------------
0                          0.524     0.771         0.338   0.624        70
1                          0.000     0.000         1.000   0.000         8
2                          0.610     0.379         0.795   0.467        66
*========================================*
2025-12-02 11:36:59,468 INFO New best (0.502315 --> 0.506173)
2025-12-02 11:37:05,142 INFO Copying best model to best_model.pt
2025-12-02 11:37:08,850 INFO 0 Tue Dec  2 11:37:08 2025 Epoch: 29
2025-12-02 11:38:48,947 INFO Final training 29/300, loss: 0.2218, time 100.10s, lr: 0.000985
Accuracy: 0.918
class                  precision    recall   specificity      f1   support
--------------------------------------------------------------------------
0                          0.949     0.922         0.953   0.935       281
1                          0.659     0.900         0.974   0.761        30
2                          0.927     0.917         0.939   0.922       265
*----------------------------------------*
2025-12-02 11:38:48,948 INFO 0 Tue Dec  2 11:38:48 2025 Epoch: 30
2025-12-02 11:40:27,632 INFO Final training 30/300, loss: 0.2713, time 98.68s, lr: 0.000984
Accuracy: 0.911
class                  precision    recall   specificity      f1   support
--------------------------------------------------------------------------
0                          0.938     0.922         0.942   0.930       281
1                          0.600     0.900         0.967   0.720        30
2                          0.937     0.902         0.949   0.919       265
*----------------------------------------*
2025-12-02 11:40:37,064 INFO Final validation 30/300, Val_acc: 0.1890, time 9.43sAccuracy: 0.257
class                  precision    recall   specificity      f1   support
--------------------------------------------------------------------------
0                          0.455     0.357         0.595   0.400        70
1                          0.062     0.500         0.551   0.110         8
2                          0.333     0.121         0.795   0.178        66
*========================================*
2025-12-02 11:40:41,361 INFO 0 Tue Dec  2 11:40:41 2025 Epoch: 31
2025-12-02 11:42:22,965 INFO Final training 31/300, loss: 0.2354, time 101.60s, lr: 0.000982
Accuracy: 0.911
class                  precision    recall   specificity      f1   support
--------------------------------------------------------------------------
0                          0.937     0.907         0.943   0.922       280
1                          0.659     0.900         0.974   0.761        30
2                          0.924     0.917         0.935   0.921       266
*----------------------------------------*
2025-12-02 11:42:23,357 INFO 0 Tue Dec  2 11:42:23 2025 Epoch: 32
2025-12-02 11:44:01,446 INFO Final training 32/300, loss: 0.1819, time 98.09s, lr: 0.000981
Accuracy: 0.924
class                  precision    recall   specificity      f1   support
--------------------------------------------------------------------------
0                          0.936     0.936         0.939   0.936       280
1                          0.667     0.933         0.974   0.778        30
2                          0.953     0.910         0.961   0.931       266
*----------------------------------------*
2025-12-02 11:44:10,738 INFO Final validation 32/300, Val_acc: 0.5999, time 9.29sAccuracy: 0.667
class                  precision    recall   specificity      f1   support
--------------------------------------------------------------------------
0                          0.742     0.657         0.784   0.697        70
1                          0.000     0.000         1.000   0.000         8
2                          0.610     0.758         0.590   0.676        66
*========================================*
2025-12-02 11:44:10,739 INFO New best (0.506173 --> 0.599923)
2025-12-02 11:44:16,400 INFO Copying best model to best_model.pt
2025-12-02 11:44:20,189 INFO 0 Tue Dec  2 11:44:20 2025 Epoch: 33
2025-12-02 11:46:01,457 INFO Final training 33/300, loss: 0.2653, time 101.27s, lr: 0.000979
Accuracy: 0.906
class                  precision    recall   specificity      f1   support
--------------------------------------------------------------------------
0                          0.931     0.911         0.936   0.921       280
1                          0.667     0.933         0.974   0.778        30
2                          0.919     0.898         0.932   0.909       266
*----------------------------------------*
2025-12-02 11:46:01,457 INFO 0 Tue Dec  2 11:46:01 2025 Epoch: 34
2025-12-02 11:47:41,303 INFO Final training 34/300, loss: 0.2296, time 99.85s, lr: 0.000978
Accuracy: 0.908
class                  precision    recall   specificity      f1   support
--------------------------------------------------------------------------
0                          0.945     0.921         0.949   0.933       280
1                          0.600     0.900         0.967   0.720        30
2                          0.922     0.895         0.935   0.908       266
*----------------------------------------*
2025-12-02 11:47:50,545 INFO Final validation 34/300, Val_acc: 0.5170, time 9.24sAccuracy: 0.562
class                  precision    recall   specificity      f1   support
--------------------------------------------------------------------------
0                          0.638     0.429         0.770   0.513        70
1                          0.000     0.000         1.000   0.000         8
2                          0.526     0.773         0.410   0.626        66
*========================================*
2025-12-02 11:47:54,862 INFO 0 Tue Dec  2 11:47:54 2025 Epoch: 35
2025-12-02 11:49:33,904 INFO Final training 35/300, loss: 0.1675, time 99.04s, lr: 0.000976
Accuracy: 0.932
class                  precision    recall   specificity      f1   support
--------------------------------------------------------------------------
0                          0.943     0.943         0.946   0.943       280
1                          0.675     0.900         0.976   0.771        30
2                          0.961     0.925         0.968   0.943       266
*----------------------------------------*
2025-12-02 11:49:33,904 INFO 0 Tue Dec  2 11:49:33 2025 Epoch: 36
2025-12-02 11:51:10,922 INFO Final training 36/300, loss: 0.2119, time 97.02s, lr: 0.000975
Accuracy: 0.908
class                  precision    recall   specificity      f1   support
--------------------------------------------------------------------------
0                          0.932     0.925         0.936   0.929       281
1                          0.619     0.897         0.971   0.732        29
2                          0.929     0.891         0.942   0.910       266
*----------------------------------------*
2025-12-02 11:51:20,289 INFO Final validation 36/300, Val_acc: 0.3711, time 9.37sAccuracy: 0.431
class                  precision    recall   specificity      f1   support
--------------------------------------------------------------------------
0                          0.467     0.100         0.892   0.165        70
1                          0.000     0.000         0.978   0.000         8
2                          0.437     0.833         0.090   0.573        66
*========================================*
2025-12-02 11:51:24,619 INFO 0 Tue Dec  2 11:51:24 2025 Epoch: 37
2025-12-02 11:53:05,186 INFO Final training 37/300, loss: 0.1731, time 100.57s, lr: 0.000973
Accuracy: 0.941
class                  precision    recall   specificity      f1   support
--------------------------------------------------------------------------
0                          0.964     0.946         0.966   0.955       280
1                          0.667     1.000         0.973   0.800        30
2                          0.965     0.929         0.971   0.946       266
*----------------------------------------*
2025-12-02 11:53:05,187 INFO 0 Tue Dec  2 11:53:05 2025 Epoch: 38
2025-12-02 11:54:44,153 INFO Final training 38/300, loss: 0.1790, time 98.97s, lr: 0.000971
Accuracy: 0.941
class                  precision    recall   specificity      f1   support
--------------------------------------------------------------------------
0                          0.957     0.954         0.959   0.955       281
1                          0.659     0.900         0.974   0.761        30
2                          0.969     0.932         0.974   0.950       265
*----------------------------------------*
2025-12-02 11:54:53,467 INFO Final validation 38/300, Val_acc: 0.2577, time 9.31sAccuracy: 0.326
class                  precision    recall   specificity      f1   support
--------------------------------------------------------------------------
0                          0.390     0.657         0.027   0.489        70
1                          0.000     0.000         1.000   0.000         8
2                          0.038     0.015         0.679   0.022        66
*========================================*
2025-12-02 11:54:57,797 INFO 0 Tue Dec  2 11:54:57 2025 Epoch: 39
2025-12-02 11:56:36,612 INFO Final training 39/300, loss: 0.1912, time 98.82s, lr: 0.000969
Accuracy: 0.936
class                  precision    recall   specificity      f1   support
--------------------------------------------------------------------------
0                          0.949     0.936         0.953   0.942       280
1                          0.700     0.933         0.978   0.800        30
2                          0.958     0.936         0.965   0.947       266
*----------------------------------------*
2025-12-02 11:56:36,613 INFO 0 Tue Dec  2 11:56:36 2025 Epoch: 40
2025-12-02 11:58:18,303 INFO Final training 40/300, loss: 0.2375, time 101.69s, lr: 0.000968
Accuracy: 0.929
class                  precision    recall   specificity      f1   support
--------------------------------------------------------------------------
0                          0.978     0.939         0.980   0.958       280
1                          0.553     0.867         0.962   0.675        30
2                          0.946     0.925         0.955   0.935       266
*----------------------------------------*
2025-12-02 11:58:27,627 INFO Final validation 40/300, Val_acc: 0.4730, time 9.32sAccuracy: 0.528
class                  precision    recall   specificity      f1   support
--------------------------------------------------------------------------
0                          0.606     0.286         0.824   0.388        70
1                          0.000     0.000         1.000   0.000         8
2                          0.505     0.848         0.295   0.633        66
*========================================*
2025-12-02 11:58:31,998 INFO 0 Tue Dec  2 11:58:31 2025 Epoch: 41
2025-12-02 12:00:10,970 INFO Final training 41/300, loss: 0.2217, time 98.97s, lr: 0.000966
Accuracy: 0.924
class                  precision    recall   specificity      f1   support
--------------------------------------------------------------------------
0                          0.952     0.925         0.956   0.939       281
1                          0.643     0.900         0.973   0.750        30
2                          0.939     0.925         0.949   0.932       265
*----------------------------------------*
2025-12-02 12:00:11,421 INFO 0 Tue Dec  2 12:00:11 2025 Epoch: 42
2025-12-02 12:01:51,818 INFO Final training 42/300, loss: 0.2085, time 100.40s, lr: 0.000964
Accuracy: 0.922
class                  precision    recall   specificity      f1   support
--------------------------------------------------------------------------
0                          0.946     0.939         0.949   0.943       280
1                          0.659     0.900         0.974   0.761        30
2                          0.938     0.906         0.948   0.922       266
*----------------------------------------*
2025-12-02 12:02:01,138 INFO Final validation 42/300, Val_acc: 0.5193, time 9.32sAccuracy: 0.604
class                  precision    recall   specificity      f1   support
--------------------------------------------------------------------------
0                          1.000     0.343         1.000   0.511        70
1                          0.000     0.000         0.978   0.000         8
2                          0.538     0.955         0.308   0.689        66
*========================================*
2025-12-02 12:02:05,444 INFO 0 Tue Dec  2 12:02:05 2025 Epoch: 43
2025-12-02 12:03:44,675 INFO Final training 43/300, loss: 0.1328, time 99.23s, lr: 0.000962
Accuracy: 0.953
class                  precision    recall   specificity      f1   support
--------------------------------------------------------------------------
0                          0.971     0.954         0.973   0.962       281
1                          0.718     0.933         0.980   0.812        30
2                          0.969     0.955         0.974   0.962       265
*----------------------------------------*
2025-12-02 12:03:44,676 INFO 0 Tue Dec  2 12:03:44 2025 Epoch: 44
2025-12-02 12:05:23,674 INFO Final training 44/300, loss: 0.1480, time 99.00s, lr: 0.000960
Accuracy: 0.951
class                  precision    recall   specificity      f1   support
--------------------------------------------------------------------------
0                          0.964     0.954         0.966   0.959       281
1                          0.725     0.967         0.980   0.829        30
2                          0.973     0.947         0.977   0.960       265
*----------------------------------------*
2025-12-02 12:05:33,033 INFO Final validation 44/300, Val_acc: 0.4105, time 9.36sAccuracy: 0.431
class                  precision    recall   specificity      f1   support
--------------------------------------------------------------------------
0                          0.312     0.071         0.851   0.116        70
1                          0.000     0.000         1.000   0.000         8
2                          0.445     0.864         0.090   0.588        66
*========================================*
2025-12-02 12:05:37,361 INFO 0 Tue Dec  2 12:05:37 2025 Epoch: 45
2025-12-02 12:07:18,646 INFO Final training 45/300, loss: 0.2235, time 101.28s, lr: 0.000957
Accuracy: 0.915
class                  precision    recall   specificity      f1   support
--------------------------------------------------------------------------
0                          0.955     0.914         0.959   0.934       280
1                          0.651     0.933         0.973   0.767        30
2                          0.917     0.914         0.929   0.915       266
*----------------------------------------*
2025-12-02 12:07:18,646 INFO 0 Tue Dec  2 12:07:18 2025 Epoch: 46
2025-12-02 12:08:58,257 INFO Final training 46/300, loss: 0.1260, time 99.61s, lr: 0.000955
Accuracy: 0.955
class                  precision    recall   specificity      f1   support
--------------------------------------------------------------------------
0                          0.968     0.957         0.970   0.962       280
1                          0.806     0.967         0.987   0.879        30
2                          0.962     0.951         0.968   0.957       266
*----------------------------------------*
2025-12-02 12:09:07,517 INFO Final validation 46/300, Val_acc: 0.4055, time 9.26sAccuracy: 0.486
class                  precision    recall   specificity      f1   support
--------------------------------------------------------------------------
0                          0.485     0.457         0.541   0.471        70
1                          0.000     0.000         1.000   0.000         8
2                          0.487     0.576         0.487   0.528        66
*========================================*
2025-12-02 12:09:11,814 INFO 0 Tue Dec  2 12:09:11 2025 Epoch: 47
2025-12-02 12:10:47,881 INFO Final training 47/300, loss: 0.1596, time 96.07s, lr: 0.000953
Accuracy: 0.944
class                  precision    recall   specificity      f1   support
--------------------------------------------------------------------------
0                          0.971     0.943         0.973   0.957       281
1                          0.690     0.967         0.976   0.806        30
2                          0.958     0.943         0.965   0.951       265
*----------------------------------------*
2025-12-02 12:10:47,882 INFO 0 Tue Dec  2 12:10:47 2025 Epoch: 48
2025-12-02 12:12:28,421 INFO Final training 48/300, loss: 0.1134, time 100.54s, lr: 0.000951
Accuracy: 0.958
class                  precision    recall   specificity      f1   support
--------------------------------------------------------------------------
0                          0.975     0.957         0.976   0.966       281
1                          0.737     0.933         0.982   0.824        30
2                          0.973     0.962         0.977   0.968       265
*----------------------------------------*
2025-12-02 12:12:38,039 INFO Final validation 48/300, Val_acc: 0.3318, time 9.62sAccuracy: 0.375
class                  precision    recall   specificity      f1   support
--------------------------------------------------------------------------
0                          0.468     0.314         0.662   0.376        70
1                          0.273     0.750         0.882   0.400         8
2                          0.347     0.394         0.372   0.369        66
*========================================*
2025-12-02 12:12:42,542 INFO 0 Tue Dec  2 12:12:42 2025 Epoch: 49
2025-12-02 12:14:18,806 INFO Final training 49/300, loss: 0.1334, time 96.26s, lr: 0.000948
Accuracy: 0.951
class                  precision    recall   specificity      f1   support
--------------------------------------------------------------------------
0                          0.982     0.957         0.983   0.969       281
1                          0.667     0.933         0.974   0.778        30
2                          0.965     0.947         0.971   0.956       265
*----------------------------------------*
2025-12-02 12:14:18,806 INFO 0 Tue Dec  2 12:14:18 2025 Epoch: 50
2025-12-02 12:15:57,738 INFO Final training 50/300, loss: 0.1255, time 98.93s, lr: 0.000946
Accuracy: 0.957
class                  precision    recall   specificity      f1   support
--------------------------------------------------------------------------
0                          0.978     0.964         0.980   0.971       281
1                          0.718     0.933         0.980   0.812        30
2                          0.969     0.951         0.974   0.960       265
*----------------------------------------*
2025-12-02 12:16:06,993 INFO Final validation 50/300, Val_acc: 0.4375, time 9.25sAccuracy: 0.451
class                  precision    recall   specificity      f1   support
--------------------------------------------------------------------------
0                          0.471     0.914         0.027   0.621        70
1                          0.000     0.000         1.000   0.000         8
2                          0.125     0.015         0.910   0.027        66
*========================================*
2025-12-02 12:16:11,327 INFO 0 Tue Dec  2 12:16:11 2025 Epoch: 51
2025-12-02 12:17:50,684 INFO Final training 51/300, loss: 0.1164, time 99.36s, lr: 0.000944
Accuracy: 0.965
class                  precision    recall   specificity      f1   support
--------------------------------------------------------------------------
0                          0.975     0.964         0.976   0.970       281
1                          0.879     0.967         0.993   0.921        30
2                          0.966     0.966         0.971   0.966       265
*----------------------------------------*
2025-12-02 12:17:51,081 INFO 0 Tue Dec  2 12:17:51 2025 Epoch: 52
2025-12-02 12:19:31,143 INFO Final training 52/300, loss: 0.1126, time 100.06s, lr: 0.000941
Accuracy: 0.955
class                  precision    recall   specificity      f1   support
--------------------------------------------------------------------------
0                          0.968     0.957         0.969   0.962       281
1                          0.744     0.967         0.982   0.841        30
2                          0.973     0.951         0.977   0.962       265
*----------------------------------------*
2025-12-02 12:19:40,371 INFO Final validation 52/300, Val_acc: 0.2836, time 9.23sAccuracy: 0.361
class                  precision    recall   specificity      f1   support
--------------------------------------------------------------------------
0                          0.429     0.557         0.297   0.484        70
1                          0.000     0.000         0.934   0.000         8
2                          0.295     0.197         0.603   0.236        66
*========================================*
2025-12-02 12:19:44,705 INFO 0 Tue Dec  2 12:19:44 2025 Epoch: 53
2025-12-02 12:21:24,737 INFO Final training 53/300, loss: 0.1081, time 100.03s, lr: 0.000939
Accuracy: 0.962
class                  precision    recall   specificity      f1   support
--------------------------------------------------------------------------
0                          0.985     0.961         0.986   0.973       281
1                          0.732     1.000         0.980   0.845        30
2                          0.973     0.958         0.977   0.966       265
*----------------------------------------*
2025-12-02 12:21:24,738 INFO 0 Tue Dec  2 12:21:24 2025 Epoch: 54
2025-12-02 12:23:05,801 INFO Final training 54/300, loss: 0.1224, time 101.06s, lr: 0.000936
Accuracy: 0.958
class                  precision    recall   specificity      f1   support
--------------------------------------------------------------------------
0                          0.965     0.968         0.966   0.966       281
1                          0.829     0.967         0.989   0.892        30
2                          0.969     0.947         0.974   0.958       265
*----------------------------------------*
2025-12-02 12:23:15,056 INFO Final validation 54/300, Val_acc: 0.4410, time 9.26sAccuracy: 0.479
class                  precision    recall   specificity      f1   support
--------------------------------------------------------------------------
0                          0.615     0.114         0.932   0.193        70
1                          0.000     0.000         1.000   0.000         8
2                          0.466     0.924         0.103   0.619        66
*========================================*
2025-12-02 12:23:19,362 INFO 0 Tue Dec  2 12:23:19 2025 Epoch: 55
2025-12-02 12:25:00,496 INFO Final training 55/300, loss: 0.0807, time 101.13s, lr: 0.000933
Accuracy: 0.965
class                  precision    recall   specificity      f1   support
--------------------------------------------------------------------------
0                          0.978     0.968         0.980   0.973       280
1                          0.763     0.967         0.984   0.853        30
2                          0.981     0.962         0.984   0.972       266
*----------------------------------------*
2025-12-02 12:25:00,496 INFO 0 Tue Dec  2 12:25:00 2025 Epoch: 56
2025-12-02 12:26:39,173 INFO Final training 56/300, loss: 0.2028, time 98.68s, lr: 0.000931
Accuracy: 0.934
class                  precision    recall   specificity      f1   support
--------------------------------------------------------------------------
0                          0.956     0.929         0.959   0.942       281
1                          0.700     0.933         0.978   0.800        30
2                          0.947     0.940         0.955   0.943       265
*----------------------------------------*
2025-12-02 12:26:48,400 INFO Final validation 56/300, Val_acc: 0.5112, time 9.23sAccuracy: 0.583
class                  precision    recall   specificity      f1   support
--------------------------------------------------------------------------
0                          0.714     0.429         0.838   0.536        70
1                          0.000     0.000         1.000   0.000         8
2                          0.529     0.818         0.385   0.643        66
*========================================*
2025-12-02 12:26:52,701 INFO 0 Tue Dec  2 12:26:52 2025 Epoch: 57
2025-12-02 12:28:32,135 INFO Final training 57/300, loss: 0.0594, time 99.43s, lr: 0.000928
Accuracy: 0.977
class                  precision    recall   specificity      f1   support
--------------------------------------------------------------------------
0                          0.986     0.982         0.986   0.984       280
1                          0.853     0.967         0.991   0.906        30
2                          0.985     0.974         0.987   0.979       266
*----------------------------------------*
2025-12-02 12:28:32,135 INFO 0 Tue Dec  2 12:28:32 2025 Epoch: 58
2025-12-02 12:30:12,065 INFO Final training 58/300, loss: 0.0703, time 99.93s, lr: 0.000925
Accuracy: 0.976
class                  precision    recall   specificity      f1   support
--------------------------------------------------------------------------
0                          0.986     0.979         0.986   0.982       281
1                          0.848     0.933         0.991   0.889        30
2                          0.981     0.977         0.984   0.979       265
*----------------------------------------*
2025-12-02 12:30:21,321 INFO Final validation 58/300, Val_acc: 0.4599, time 9.26sAccuracy: 0.500
class                  precision    recall   specificity      f1   support
--------------------------------------------------------------------------
0                          0.714     0.143         0.946   0.238        70
1                          0.000     0.000         1.000   0.000         8
2                          0.477     0.939         0.128   0.633        66
*========================================*
2025-12-02 12:30:25,660 INFO 0 Tue Dec  2 12:30:25 2025 Epoch: 59
2025-12-02 12:32:05,607 INFO Final training 59/300, loss: 0.1231, time 99.95s, lr: 0.000922
Accuracy: 0.944
class                  precision    recall   specificity      f1   support
--------------------------------------------------------------------------
0                          0.960     0.946         0.963   0.953       280
1                          0.806     0.967         0.987   0.879        30
2                          0.947     0.940         0.955   0.943       266
*----------------------------------------*
2025-12-02 12:32:05,608 INFO 0 Tue Dec  2 12:32:05 2025 Epoch: 60
2025-12-02 12:33:48,402 INFO Final training 60/300, loss: 0.0954, time 102.79s, lr: 0.000920
Accuracy: 0.965
class                  precision    recall   specificity      f1   support
--------------------------------------------------------------------------
0                          0.982     0.964         0.983   0.973       280
1                          0.800     0.933         0.987   0.862        30
2                          0.970     0.970         0.974   0.970       266
*----------------------------------------*
2025-12-02 12:33:57,841 INFO Final validation 60/300, Val_acc: 0.6057, time 9.44sAccuracy: 0.646
class                  precision    recall   specificity      f1   support
--------------------------------------------------------------------------
0                          0.663     0.786         0.622   0.719        70
1                          0.000     0.000         0.985   0.000         8
2                          0.644     0.576         0.731   0.608        66
*========================================*
2025-12-02 12:33:57,841 INFO New best (0.599923 --> 0.605710)
2025-12-02 12:34:03,888 INFO Copying best model to best_model.pt
2025-12-02 12:34:07,571 INFO 0 Tue Dec  2 12:34:07 2025 Epoch: 61
2025-12-02 12:35:50,873 INFO Final training 61/300, loss: 0.0906, time 103.30s, lr: 0.000917
Accuracy: 0.967
class                  precision    recall   specificity      f1   support
--------------------------------------------------------------------------
0                          0.985     0.957         0.986   0.971       281
1                          0.829     0.967         0.989   0.892        30
2                          0.966     0.977         0.971   0.972       265
*----------------------------------------*
2025-12-02 12:35:51,419 INFO 0 Tue Dec  2 12:35:51 2025 Epoch: 62
2025-12-02 12:37:31,176 INFO Final training 62/300, loss: 0.1025, time 99.76s, lr: 0.000914
Accuracy: 0.965
class                  precision    recall   specificity      f1   support
--------------------------------------------------------------------------
0                          0.989     0.971         0.990   0.980       280
1                          0.692     0.900         0.978   0.783        30
2                          0.981     0.966         0.984   0.973       266
*----------------------------------------*
2025-12-02 12:37:40,463 INFO Final validation 62/300, Val_acc: 0.4375, time 9.29sAccuracy: 0.528
class                  precision    recall   specificity      f1   support
--------------------------------------------------------------------------
0                          0.585     0.543         0.635   0.563        70
1                          0.000     0.000         0.993   0.000         8
2                          0.487     0.576         0.487   0.528        66
*========================================*
2025-12-02 12:37:44,745 INFO 0 Tue Dec  2 12:37:44 2025 Epoch: 63
2025-12-02 12:39:23,581 INFO Final training 63/300, loss: 0.1261, time 98.84s, lr: 0.000911
Accuracy: 0.962
class                  precision    recall   specificity      f1   support
--------------------------------------------------------------------------
0                          0.985     0.961         0.986   0.973       281
1                          0.737     0.933         0.982   0.824        30
2                          0.970     0.966         0.974   0.968       265
*----------------------------------------*
2025-12-02 12:39:23,581 INFO 0 Tue Dec  2 12:39:23 2025 Epoch: 64
2025-12-02 12:41:07,655 INFO Final training 64/300, loss: 0.1088, time 104.07s, lr: 0.000908
Accuracy: 0.957
class                  precision    recall   specificity      f1   support
--------------------------------------------------------------------------
0                          0.972     0.972         0.973   0.972       281
1                          0.725     0.967         0.980   0.829        30
2                          0.976     0.940         0.981   0.958       265
*----------------------------------------*
2025-12-02 12:41:17,035 INFO Final validation 64/300, Val_acc: 0.5116, time 9.38sAccuracy: 0.576
class                  precision    recall   specificity      f1   support
--------------------------------------------------------------------------
0                          0.870     0.286         0.959   0.430        70
1                          0.000     0.000         1.000   0.000         8
2                          0.521     0.955         0.256   0.674        66
*========================================*
2025-12-02 12:41:21,350 INFO 0 Tue Dec  2 12:41:21 2025 Epoch: 65
2025-12-02 12:42:59,831 INFO Final training 65/300, loss: 0.1097, time 98.48s, lr: 0.000905
Accuracy: 0.964
class                  precision    recall   specificity      f1   support
--------------------------------------------------------------------------
0                          0.982     0.964         0.983   0.973       281
1                          0.737     0.933         0.982   0.824        30
2                          0.977     0.966         0.981   0.972       265
*----------------------------------------*
2025-12-02 12:42:59,831 INFO 0 Tue Dec  2 12:42:59 2025 Epoch: 66
2025-12-02 12:44:37,632 INFO Final training 66/300, loss: 0.1195, time 97.80s, lr: 0.000901
Accuracy: 0.965
class                  precision    recall   specificity      f1   support
--------------------------------------------------------------------------
0                          0.985     0.961         0.986   0.973       280
1                          0.763     0.967         0.984   0.853        30
2                          0.974     0.970         0.977   0.972       266
*----------------------------------------*
2025-12-02 12:44:47,135 INFO Final validation 66/300, Val_acc: 0.3125, time 9.50sAccuracy: 0.389
class                  precision    recall   specificity      f1   support
--------------------------------------------------------------------------
0                          0.432     0.543         0.324   0.481        70
1                          0.000     0.000         1.000   0.000         8
2                          0.321     0.273         0.513   0.295        66
*========================================*
2025-12-02 12:44:51,441 INFO 0 Tue Dec  2 12:44:51 2025 Epoch: 67
2025-12-02 12:46:30,221 INFO Final training 67/300, loss: 0.0536, time 98.78s, lr: 0.000898
Accuracy: 0.981
class                  precision    recall   specificity      f1   support
--------------------------------------------------------------------------
0                          0.986     0.979         0.986   0.982       280
1                          0.882     1.000         0.993   0.938        30
2                          0.989     0.981         0.990   0.985       266
*----------------------------------------*
2025-12-02 12:46:30,221 INFO 0 Tue Dec  2 12:46:30 2025 Epoch: 68
2025-12-02 12:48:08,512 INFO Final training 68/300, loss: 0.0954, time 98.29s, lr: 0.000895
Accuracy: 0.958
class                  precision    recall   specificity      f1   support
--------------------------------------------------------------------------
0                          0.971     0.957         0.973   0.964       280
1                          0.824     0.933         0.989   0.875        30
2                          0.962     0.962         0.968   0.962       266
*----------------------------------------*
2025-12-02 12:48:17,899 INFO Final validation 68/300, Val_acc: 0.3511, time 9.39sAccuracy: 0.424
class                  precision    recall   specificity      f1   support
--------------------------------------------------------------------------
0                          0.476     0.571         0.405   0.519        70
1                          0.000     0.000         0.941   0.000         8
2                          0.404     0.318         0.603   0.356        66
*========================================*
2025-12-02 12:48:22,168 INFO 0 Tue Dec  2 12:48:22 2025 Epoch: 69
2025-12-02 12:50:00,659 INFO Final training 69/300, loss: 0.0788, time 98.49s, lr: 0.000892
Accuracy: 0.972
class                  precision    recall   specificity      f1   support
--------------------------------------------------------------------------
0                          0.989     0.971         0.990   0.980       280
1                          0.763     0.967         0.984   0.853        30
2                          0.985     0.974         0.987   0.979       266
*----------------------------------------*
2025-12-02 12:50:00,659 INFO 0 Tue Dec  2 12:50:00 2025 Epoch: 70
2025-12-02 12:51:41,639 INFO Final training 70/300, loss: 0.0367, time 100.98s, lr: 0.000888
Accuracy: 0.990
class                  precision    recall   specificity      f1   support
--------------------------------------------------------------------------
0                          0.993     0.986         0.993   0.989       281
1                          0.968     1.000         0.998   0.984        30
2                          0.989     0.992         0.990   0.991       265
*----------------------------------------*
2025-12-02 12:51:51,083 INFO Final validation 70/300, Val_acc: 0.3962, time 9.44sAccuracy: 0.451
class                  precision    recall   specificity      f1   support
--------------------------------------------------------------------------
0                          0.458     0.629         0.297   0.530        70
1                          0.000     0.000         1.000   0.000         8
2                          0.438     0.318         0.654   0.368        66
*========================================*
2025-12-02 12:51:55,407 INFO 0 Tue Dec  2 12:51:55 2025 Epoch: 71
2025-12-02 12:53:32,968 INFO Final training 71/300, loss: 0.1236, time 97.56s, lr: 0.000885
Accuracy: 0.958
class                  precision    recall   specificity      f1   support
--------------------------------------------------------------------------
0                          0.968     0.964         0.970   0.966       280
1                          0.818     0.900         0.989   0.857        30
2                          0.966     0.959         0.971   0.962       266
*----------------------------------------*
2025-12-02 12:53:33,375 INFO 0 Tue Dec  2 12:53:33 2025 Epoch: 72
2025-12-02 12:55:12,023 INFO Final training 72/300, loss: 0.0944, time 98.65s, lr: 0.000881
Accuracy: 0.962
class                  precision    recall   specificity      f1   support
--------------------------------------------------------------------------
0                          0.978     0.964         0.980   0.971       281
1                          0.730     0.900         0.982   0.806        30
2                          0.977     0.966         0.981   0.972       265
*----------------------------------------*
2025-12-02 12:55:21,269 INFO Final validation 72/300, Val_acc: 0.4363, time 9.25sAccuracy: 0.451
class                  precision    recall   specificity      f1   support
--------------------------------------------------------------------------
0                          0.471     0.914         0.027   0.621        70
1                          0.000     0.000         1.000   0.000         8
2                          0.125     0.015         0.910   0.027        66
*========================================*
2025-12-02 12:55:25,545 INFO 0 Tue Dec  2 12:55:25 2025 Epoch: 73
2025-12-02 12:57:00,445 INFO Final training 73/300, loss: 0.0273, time 94.90s, lr: 0.000878
Accuracy: 0.993
class                  precision    recall   specificity      f1   support
--------------------------------------------------------------------------
0                          0.996     0.989         0.997   0.993       281
1                          0.968     1.000         0.998   0.984        30
2                          0.992     0.996         0.994   0.994       265
*----------------------------------------*
2025-12-02 12:57:00,445 INFO 0 Tue Dec  2 12:57:00 2025 Epoch: 74
2025-12-02 12:58:38,451 INFO Final training 74/300, loss: 0.0961, time 98.01s, lr: 0.000875
Accuracy: 0.970
class                  precision    recall   specificity      f1   support
--------------------------------------------------------------------------
0                          0.979     0.982         0.980   0.980       280
1                          0.853     0.967         0.991   0.906        30
2                          0.977     0.959         0.981   0.968       266
*----------------------------------------*
2025-12-02 12:58:47,775 INFO Final validation 74/300, Val_acc: 0.4919, time 9.32sAccuracy: 0.569
class                  precision    recall   specificity      f1   support
--------------------------------------------------------------------------
0                          0.642     0.486         0.743   0.553        70
1                          0.333     0.125         0.985   0.182         8
2                          0.534     0.712         0.474   0.610        66
*========================================*
2025-12-02 12:58:52,063 INFO 0 Tue Dec  2 12:58:52 2025 Epoch: 75
2025-12-02 13:00:33,356 INFO Final training 75/300, loss: 0.0508, time 101.29s, lr: 0.000871
Accuracy: 0.984
class                  precision    recall   specificity      f1   support
--------------------------------------------------------------------------
0                          0.982     0.986         0.983   0.984       281
1                          1.000     1.000         1.000   1.000        30
2                          0.985     0.981         0.987   0.983       265
*----------------------------------------*
2025-12-02 13:00:33,357 INFO 0 Tue Dec  2 13:00:33 2025 Epoch: 76
2025-12-02 13:02:14,303 INFO Final training 76/300, loss: 0.1106, time 100.95s, lr: 0.000867
Accuracy: 0.964
class                  precision    recall   specificity      f1   support
--------------------------------------------------------------------------
0                          0.978     0.964         0.980   0.971       280
1                          0.778     0.933         0.985   0.848        30
2                          0.973     0.966         0.977   0.970       266
*----------------------------------------*
2025-12-02 13:02:23,683 INFO Final validation 76/300, Val_acc: 0.5154, time 9.38sAccuracy: 0.611
class                  precision    recall   specificity      f1   support
--------------------------------------------------------------------------
0                          0.672     0.557         0.743   0.609        70
1                          0.000     0.000         1.000   0.000         8
2                          0.570     0.742         0.526   0.645        66
*========================================*
2025-12-02 13:02:27,954 INFO 0 Tue Dec  2 13:02:27 2025 Epoch: 77
2025-12-02 13:04:07,484 INFO Final training 77/300, loss: 0.0690, time 99.53s, lr: 0.000864
Accuracy: 0.976
class                  precision    recall   specificity      f1   support
--------------------------------------------------------------------------
0                          0.982     0.975         0.983   0.979       281
1                          0.829     0.967         0.989   0.892        30
2                          0.989     0.977         0.990   0.983       265
*----------------------------------------*
2025-12-02 13:04:07,485 INFO 0 Tue Dec  2 13:04:07 2025 Epoch: 78
2025-12-02 13:05:46,473 INFO Final training 78/300, loss: 0.0940, time 98.99s, lr: 0.000860
Accuracy: 0.965
class                  precision    recall   specificity      f1   support
--------------------------------------------------------------------------
0                          0.982     0.979         0.983   0.980       281
1                          0.737     0.933         0.982   0.824        30
2                          0.981     0.955         0.984   0.967       265
*----------------------------------------*
2025-12-02 13:05:55,782 INFO Final validation 78/300, Val_acc: 0.5586, time 9.31sAccuracy: 0.660
class                  precision    recall   specificity      f1   support
--------------------------------------------------------------------------
0                          0.764     0.600         0.824   0.672        70
1                          0.000     0.000         0.963   0.000         8
2                          0.631     0.803         0.603   0.707        66
*========================================*
2025-12-02 13:06:00,059 INFO 0 Tue Dec  2 13:06:00 2025 Epoch: 79
2025-12-02 13:07:39,223 INFO Final training 79/300, loss: 0.0378, time 99.16s, lr: 0.000856
Accuracy: 0.984
class                  precision    recall   specificity      f1   support
--------------------------------------------------------------------------
0                          0.986     0.982         0.986   0.984       281
1                          0.909     1.000         0.995   0.952        30
2                          0.992     0.985         0.994   0.989       265
*----------------------------------------*
2025-12-02 13:07:39,223 INFO 0 Tue Dec  2 13:07:39 2025 Epoch: 80
2025-12-02 13:09:17,045 INFO Final training 80/300, loss: 0.0315, time 97.82s, lr: 0.000853
Accuracy: 0.988
class                  precision    recall   specificity      f1   support
--------------------------------------------------------------------------
0                          0.996     0.979         0.997   0.987       281
1                          0.938     1.000         0.996   0.968        30
2                          0.985     0.996         0.987   0.991       265
*----------------------------------------*
2025-12-02 13:09:26,422 INFO Final validation 80/300, Val_acc: 0.4907, time 9.38sAccuracy: 0.493
class                  precision    recall   specificity      f1   support
--------------------------------------------------------------------------
0                          0.489     0.986         0.027   0.654        70
1                          0.000     0.000         1.000   0.000         8
2                          0.667     0.030         0.987   0.058        66
*========================================*
2025-12-02 13:09:30,696 INFO 0 Tue Dec  2 13:09:30 2025 Epoch: 81
2025-12-02 13:11:09,863 INFO Final training 81/300, loss: 0.0668, time 99.17s, lr: 0.000849
Accuracy: 0.974
class                  precision    recall   specificity      f1   support
--------------------------------------------------------------------------
0                          0.986     0.979         0.986   0.982       281
1                          0.879     0.967         0.993   0.921        30
2                          0.973     0.970         0.977   0.972       265
*----------------------------------------*
2025-12-02 13:11:10,281 INFO 0 Tue Dec  2 13:11:10 2025 Epoch: 82
2025-12-02 13:12:49,934 INFO Final training 82/300, loss: 0.0625, time 99.65s, lr: 0.000845
Accuracy: 0.983
class                  precision    recall   specificity      f1   support
--------------------------------------------------------------------------
0                          0.993     0.989         0.993   0.991       280
1                          0.875     0.933         0.993   0.903        30
2                          0.985     0.981         0.987   0.983       266
*----------------------------------------*
2025-12-02 13:12:59,259 INFO Final validation 82/300, Val_acc: 0.5170, time 9.33sAccuracy: 0.549
class                  precision    recall   specificity      f1   support
--------------------------------------------------------------------------
0                          0.519     0.957         0.162   0.673        70
1                          0.000     0.000         1.000   0.000         8
2                          0.800     0.182         0.962   0.296        66
*========================================*
2025-12-02 13:13:03,569 INFO 0 Tue Dec  2 13:13:03 2025 Epoch: 83
2025-12-02 13:14:39,898 INFO Final training 83/300, loss: 0.0457, time 96.33s, lr: 0.000841
Accuracy: 0.986
class                  precision    recall   specificity      f1   support
--------------------------------------------------------------------------
0                          0.996     0.982         0.997   0.989       281
1                          0.857     1.000         0.991   0.923        30
2                          0.992     0.989         0.994   0.991       265
*----------------------------------------*
2025-12-02 13:14:39,898 INFO 0 Tue Dec  2 13:14:39 2025 Epoch: 84
2025-12-02 13:16:17,474 INFO Final training 84/300, loss: 0.0342, time 97.58s, lr: 0.000837
Accuracy: 0.991
class                  precision    recall   specificity      f1   support
--------------------------------------------------------------------------
0                          0.989     0.996         0.990   0.993       280
1                          0.968     1.000         0.998   0.984        30
2                          0.996     0.985         0.997   0.991       266
*----------------------------------------*
2025-12-02 13:16:26,885 INFO Final validation 84/300, Val_acc: 0.4811, time 9.41sAccuracy: 0.549
class                  precision    recall   specificity      f1   support
--------------------------------------------------------------------------
0                          0.724     0.300         0.892   0.424        70
1                          0.000     0.000         1.000   0.000         8
2                          0.504     0.879         0.269   0.641        66
*========================================*
2025-12-02 13:16:31,179 INFO 0 Tue Dec  2 13:16:31 2025 Epoch: 85
2025-12-02 13:18:09,369 INFO Final training 85/300, loss: 0.0741, time 98.19s, lr: 0.000833
Accuracy: 0.977
class                  precision    recall   specificity      f1   support
--------------------------------------------------------------------------
0                          0.986     0.982         0.986   0.984       281
1                          0.875     0.933         0.993   0.903        30
2                          0.981     0.977         0.984   0.979       265
*----------------------------------------*
2025-12-02 13:18:09,369 INFO 0 Tue Dec  2 13:18:09 2025 Epoch: 86
2025-12-02 13:19:50,651 INFO Final training 86/300, loss: 0.0932, time 101.28s, lr: 0.000829
Accuracy: 0.972
class                  precision    recall   specificity      f1   support
--------------------------------------------------------------------------
0                          0.978     0.971         0.980   0.975       280
1                          0.844     0.900         0.991   0.871        30
2                          0.981     0.981         0.984   0.981       266
*----------------------------------------*
2025-12-02 13:19:59,986 INFO Final validation 86/300, Val_acc: 0.3553, time 9.33sAccuracy: 0.403
class                  precision    recall   specificity      f1   support
--------------------------------------------------------------------------
0                          0.427     0.586         0.257   0.494        70
1                          0.000     0.000         0.993   0.000         8
2                          0.362     0.258         0.615   0.301        66
*========================================*
2025-12-02 13:20:04,284 INFO 0 Tue Dec  2 13:20:04 2025 Epoch: 87
2025-12-02 13:21:42,058 INFO Final training 87/300, loss: 0.0730, time 97.77s, lr: 0.000825
Accuracy: 0.979
class                  precision    recall   specificity      f1   support
--------------------------------------------------------------------------
0                          0.986     0.975         0.986   0.980       280
1                          0.909     1.000         0.995   0.952        30
2                          0.981     0.981         0.984   0.981       266
*----------------------------------------*
2025-12-02 13:21:42,058 INFO 0 Tue Dec  2 13:21:42 2025 Epoch: 88
2025-12-02 13:23:21,051 INFO Final training 88/300, loss: 0.0273, time 98.99s, lr: 0.000821
Accuracy: 0.995
class                  precision    recall   specificity      f1   support
--------------------------------------------------------------------------
0                          0.996     0.996         0.997   0.996       281
1                          0.968     1.000         0.998   0.984        30
2                          0.996     0.992         0.997   0.994       265
*----------------------------------------*
2025-12-02 13:23:30,473 INFO Final validation 88/300, Val_acc: 0.5741, time 9.42sAccuracy: 0.653
class                  precision    recall   specificity      f1   support
--------------------------------------------------------------------------
0                          0.765     0.557         0.838   0.645        70
1                          0.000     0.000         1.000   0.000         8
2                          0.591     0.833         0.513   0.692        66
*========================================*
2025-12-02 13:23:34,754 INFO 0 Tue Dec  2 13:23:34 2025 Epoch: 89
2025-12-02 13:25:16,828 INFO Final training 89/300, loss: 0.0388, time 102.07s, lr: 0.000817
Accuracy: 0.984
class                  precision    recall   specificity      f1   support
--------------------------------------------------------------------------
0                          0.993     0.986         0.993   0.989       280
1                          0.879     0.967         0.993   0.921        30
2                          0.989     0.985         0.990   0.987       266
*----------------------------------------*
2025-12-02 13:25:16,829 INFO 0 Tue Dec  2 13:25:16 2025 Epoch: 90
2025-12-02 13:26:56,972 INFO Final training 90/300, loss: 0.0199, time 100.14s, lr: 0.000813
Accuracy: 0.993
class                  precision    recall   specificity      f1   support
--------------------------------------------------------------------------
0                          0.993     0.993         0.993   0.993       280
1                          0.968     1.000         0.998   0.984        30
2                          0.996     0.992         0.997   0.994       266
*----------------------------------------*
2025-12-02 13:27:06,310 INFO Final validation 90/300, Val_acc: 0.3519, time 9.34sAccuracy: 0.382
class                  precision    recall   specificity      f1   support
--------------------------------------------------------------------------
0                          0.429     0.771         0.027   0.551        70
1                          0.000     0.000         1.000   0.000         8
2                          0.056     0.015         0.782   0.024        66
*========================================*
2025-12-02 13:27:10,593 INFO [EarlyStopping] Stopping Validation for loss at epoch 90
2025-12-02 13:27:10,959 INFO Training Finished! Best Accuracy: 0.6057
2025-12-02 13:27:10,959 INFO ====================================================================================================
2025-12-02 13:27:10,959 INFO 
2025-12-02 13:27:20,370 INFO => loading checkpoint 'outputs/OrganoidsINRIA_reduced/resnet18/2025-12-02-10-47/training/best_model.pt'
2025-12-02 13:27:20,471 INFO Loaded 136 keys from checkpoint
2025-12-02 13:27:33,582 INFO Final testing , Test_acc: 0.4268, time 13.08sAccuracy: 0.598
class                  precision    recall   specificity      f1   support
--------------------------------------------------------------------------
0                          0.620     0.775         0.548   0.689        40
1                          0.000     0.000         0.987   0.000         5
2                          0.581     0.486         0.711   0.529        37
*========================================*
2025-12-02 13:27:33,966 INFO Testing Finished! Best Accuracy: 0.4268
2025-12-02 13:27:33,966 INFO ====================================================================================================
2025-12-02 13:27:36,801 INFO Total time spent: 02 hours 40 minutes 31 seconds
2025-12-02 13:27:36,802 INFO 
2025-12-02 13:27:36,802 INFO Final Results Summary:
2025-12-02 13:27:36,802 INFO | TrainLoss | TrainAcc | ValAccMax | W_TrainF1 | W_TrainPrecision | W_TrainRecall | W_TrainSpecificity | TestAcc | W_TestF1 | W_TestPrecision | W_TestRecall | W_TestSpecificity |
2025-12-02 13:27:36,802 INFO | 0.0199 | 0.9919 | 0.6458 | 0.6282 | 0.6173 | 0.6458 | 0.6919 | 0.5976 | 0.5749 | 0.5644 | 0.5976 | 0.6482 |
