2025-10-14 13:22:24,768 INFO Log directory: outputs/OrganoidsINRIA/train/2025-10-14-13-22
2025-10-14 13:22:24,770 INFO {'RandFlipd_prob': 0.2,
 'RandRotate90d_prob': 0.2,
 'RandScaleIntensityd_prob': 0.1,
 'RandShiftIntensityd_prob': 0.1,
 'amp': True,
 'batch_size': 8,
 'cache_dataset': False,
 'checkpoint': None,
 'data_dir': '/home/mraffael/martone_project/Organoids_Dataset/',
 'dataset_name': 'OrganoidsINRIA',
 'debug': False,
 'debug_train_samples': 3,
 'debug_val_samples': 3,
 'dist_backend': 'nccl',
 'dist_url': 'tcp://127.0.0.1:23456',
 'distributed': False,
 'dropout_path_rate': 0.0,
 'dropout_rate': 0.0,
 'early_stopping': True,
 'exact_class': True,
 'feature_size': 48,
 'fold': 0,
 'folds': False,
 'gpu': 0,
 'ignore_label': 3,
 'in_channels': 1,
 'infer_overlap': 0.5,
 'k_folds': 5,
 'logdir': 'training',
 'logs_dir': 'logs/',
 'loss_name': 'FocalLoss',
 'lrschedule': 'warmup_cosine',
 'max_epochs': 20,
 'min_delta_loss': 0.01,
 'min_delta_val': 0.02,
 'model_name': 'swinunetr',
 'momentum': 0.99,
 'noamp': False,
 'norm_name': 'instance',
 'oar_id': 0,
 'optim_lr': 1e-05,
 'optim_name': 'adamw',
 'out_channels': 1,
 'output_dir': 'outputs/',
 'patience_loss': 30,
 'patience_val': 10,
 'pretrained_dir': './pretrained_models/fold1_f48_ep300_4gpu_dice0_9059/',
 'pretrained_model_name': 'model_swinvit.pt',
 'rank': 0,
 'reg_weight': 5e-05,
 'resume_ckpt': False,
 'roi_x': 128,
 'roi_y': 128,
 'roi_z': 128,
 'save_checkpoint': False,
 'seed': 304,
 'spatial_dims': 3,
 'split_method': 'balanced',
 'sw_batch_size': 8,
 'telegram_log': True,
 'test_mode': False,
 'token': './token/tlg_token.txt',
 'use_checkpoint': False,
 'val_every': 4,
 'warmup_epochs': 3,
 'workers': 8,
 'world_size': 1}
2025-10-14 13:22:24,770 INFO 
2025-10-14 13:22:25,727 INFO Total parameters count: 62186659
2025-10-14 13:22:25,727 INFO Using SwinUNETR with Single Linear Classification Head
2025-10-14 13:22:25,767 INFO 
2025-10-14 13:22:25,767 INFO Dataset INFO:
2025-10-14 13:22:25,767 INFO Dataset length is: 423
2025-10-14 13:22:25,767 INFO Class 0: 137
2025-10-14 13:22:25,767 INFO Class 1: 43
2025-10-14 13:22:25,767 INFO Class 2: 243
2025-10-14 13:22:25,768 INFO Train class 0: 34 (33.3%)
2025-10-14 13:22:25,768 INFO Train class 1: 34 (33.3%)
2025-10-14 13:22:25,768 INFO Train class 2: 34 (33.3%)
2025-10-14 13:22:25,768 INFO Val class 0: 9 (33.3%)
2025-10-14 13:22:25,768 INFO Val class 1: 9 (33.3%)
2025-10-14 13:22:25,768 INFO Val class 2: 9 (33.3%)
2025-10-14 13:22:25,768 INFO **************************************************
2025-10-14 13:22:25,768 INFO 
2025-10-14 13:22:25,770 INFO Class weights: [ 10.000  10.000  10.000]
2025-10-14 13:22:25,773 INFO 
2025-10-14 13:22:25,773 INFO Starting training...
2025-10-14 13:22:25,773 INFO 0 Tue Oct 14 13:22:25 2025 Epoch: 0
2025-10-14 13:22:38,636 INFO Log directory: outputs/OrganoidsINRIA/train/2025-10-14-13-22
2025-10-14 13:22:38,637 INFO {'RandFlipd_prob': 0.2,
 'RandRotate90d_prob': 0.2,
 'RandScaleIntensityd_prob': 0.1,
 'RandShiftIntensityd_prob': 0.1,
 'amp': True,
 'batch_size': 8,
 'cache_dataset': False,
 'checkpoint': None,
 'data_dir': '/home/mraffael/martone_project/Organoids_Dataset/',
 'dataset_name': 'OrganoidsINRIA',
 'debug': False,
 'debug_train_samples': 3,
 'debug_val_samples': 3,
 'dist_backend': 'nccl',
 'dist_url': 'tcp://127.0.0.1:23456',
 'distributed': False,
 'dropout_path_rate': 0.0,
 'dropout_rate': 0.0,
 'early_stopping': True,
 'exact_class': True,
 'feature_size': 48,
 'fold': 0,
 'folds': False,
 'gpu': 0,
 'ignore_label': 3,
 'in_channels': 1,
 'infer_overlap': 0.5,
 'k_folds': 5,
 'logdir': 'training',
 'logs_dir': 'logs/',
 'loss_name': 'FocalLoss',
 'lrschedule': 'warmup_cosine',
 'max_epochs': 20,
 'min_delta_loss': 0.01,
 'min_delta_val': 0.02,
 'model_name': 'swinunetr',
 'momentum': 0.99,
 'noamp': False,
 'norm_name': 'instance',
 'oar_id': 0,
 'optim_lr': 1e-05,
 'optim_name': 'adamw',
 'out_channels': 1,
 'output_dir': 'outputs/',
 'patience_loss': 30,
 'patience_val': 10,
 'pretrained_dir': './pretrained_models/fold1_f48_ep300_4gpu_dice0_9059/',
 'pretrained_model_name': 'model_swinvit.pt',
 'rank': 0,
 'reg_weight': 5e-05,
 'resume_ckpt': False,
 'roi_x': 128,
 'roi_y': 128,
 'roi_z': 128,
 'save_checkpoint': False,
 'seed': 304,
 'spatial_dims': 3,
 'split_method': 'balanced',
 'sw_batch_size': 8,
 'telegram_log': True,
 'test_mode': False,
 'token': './token/tlg_token.txt',
 'use_checkpoint': False,
 'val_every': 4,
 'warmup_epochs': 3,
 'workers': 8,
 'world_size': 1}
2025-10-14 13:22:38,638 INFO 
2025-10-14 13:22:39,697 INFO Total parameters count: 62186659
2025-10-14 13:22:39,697 INFO Using SwinUNETR with Single Linear Classification Head
2025-10-14 13:22:39,739 INFO 
2025-10-14 13:22:39,739 INFO Dataset INFO:
2025-10-14 13:22:39,739 INFO Dataset length is: 423
2025-10-14 13:22:39,739 INFO Class 0: 137
2025-10-14 13:22:39,739 INFO Class 1: 43
2025-10-14 13:22:39,739 INFO Class 2: 243
2025-10-14 13:22:39,740 INFO Train class 0: 34 (33.3%)
2025-10-14 13:22:39,740 INFO Train class 1: 34 (33.3%)
2025-10-14 13:22:39,740 INFO Train class 2: 34 (33.3%)
2025-10-14 13:22:39,740 INFO Val class 0: 9 (33.3%)
2025-10-14 13:22:39,740 INFO Val class 1: 9 (33.3%)
2025-10-14 13:22:39,740 INFO Val class 2: 9 (33.3%)
2025-10-14 13:22:39,740 INFO **************************************************
2025-10-14 13:22:39,740 INFO 
2025-10-14 13:22:39,741 INFO Class weights: [ 10.000  10.000  10.000]
2025-10-14 13:22:39,745 INFO 
2025-10-14 13:22:39,745 INFO Starting training...
2025-10-14 13:22:39,745 INFO 0 Tue Oct 14 13:22:39 2025 Epoch: 0
