2026-01-06 13:33:49,591 INFO Log directory: outputs/OrganoidsINRIA_MC/swinvit/2026-01-06-13-33
2026-01-06 13:33:49,593 INFO {'RandFlipd_prob': 0.2,
 'RandRotate90d_prob': 0.2,
 'RandScaleIntensityd_prob': 0.1,
 'RandShiftIntensityd_prob': 0.1,
 'amp': True,
 'augmentation': True,
 'batch_size': 6,
 'cache_dataset': False,
 'checkpoint_path': './outputs/OrganoidsINRIA_fold/swinvit/2025-12-29-11-51/fold_2/training/best_model.pt',
 'data_dir': '/home/mraffael/martone_project/Organoids_Dataset_256/',
 'dataset_name': 'OrganoidsINRIA_MC',
 'debug': False,
 'debug_train_samples': 40,
 'debug_val_samples': 10,
 'dist_backend': 'nccl',
 'dist_url': 'tcp://127.0.0.1:23456',
 'distributed': False,
 'dropout_path_rate': 0.0,
 'dropout_rate': 0.2,
 'early_stopping': True,
 'encoder10_pth': '',
 'exact_class': False,
 'feature_size': 48,
 'fold': 0,
 'folds': False,
 'gpu': 0,
 'ignore_label': 3,
 'in_channels': 1,
 'infer_overlap': 0.5,
 'k_folds': 5,
 'logdir': 'test',
 'logs_dir': 'logs/',
 'loss_name': 'CE',
 'lrschedule': 'warmup_cosine',
 'max_epochs': 300,
 'min_delta_loss': 0.001,
 'min_delta_val': 0.01,
 'model_name': 'swinvit',
 'momentum': 0.99,
 'noamp': False,
 'norm_name': 'instance',
 'oar_id': 2178569,
 'optim_lr': 0.006,
 'optim_name': 'adamw',
 'out_channels': 1,
 'output_dir': 'outputs/',
 'patch_merging': False,
 'patience_loss': 40,
 'patience_val': 40,
 'pretrained_dir': './pretrained_models/fold1_f48_ep300_4gpu_dice0_9059/',
 'pretrained_model_name': 'model_swinvit.pt',
 'rank': 0,
 'reg_weight': 5e-05,
 'restart_T0': 20,
 'resume_ckpt': False,
 'roi_x': 128,
 'roi_y': 128,
 'roi_z': 128,
 'save_checkpoint': True,
 'seed': 3,
 'similarity_loss': '',
 'similarity_loss_weight': 0.0,
 'spatial_dims': 3,
 'split_method': 'stratified',
 'start_epoch': 0,
 'sw_batch_size': 8,
 'telegram_log': True,
 'test_mode': False,
 'token': './token/tlg_token.txt',
 'use_checkpoint': False,
 'val_every': 2,
 'warmup_epochs': 5,
 'workers': 8,
 'world_size': 1}
2026-01-06 13:33:49,593 INFO 
2026-01-06 13:33:49,596 INFO Saved configuration to: outputs/OrganoidsINRIA_MC/swinvit/2026-01-06-13-33/config.txt
2026-01-06 13:33:50,249 INFO Using GPU: 0
2026-01-06 13:33:50,249 INFO 
2026-01-06 13:33:50,249 INFO Model INFO:
2026-01-06 13:33:50,249 INFO Model architecture: swinvit
2026-01-06 13:33:50,737 INFO Skipping loading pretrained weights since checkpoint path is provided
2026-01-06 13:33:50,738 INFO Using SwinViT with Single Linear Classification Head
2026-01-06 13:33:50,742 INFO => loading checkpoint './outputs/OrganoidsINRIA_fold/swinvit/2025-12-29-11-51/fold_2/training/best_model.pt'
2026-01-06 13:33:51,605 INFO Loaded 128 keys from checkpoint
2026-01-06 13:33:51,610 INFO Total trainable parameters: 8,064,309
2026-01-06 13:33:51,621 INFO 
2026-01-06 13:33:51,622 INFO Optimizer INFO:
2026-01-06 13:33:51,622 INFO Using optimizer: adamw with lr=0.006, weight_decay=5e-05
2026-01-06 13:33:51,622 INFO Resuming optimizer state from checkpoint: ./outputs/OrganoidsINRIA_fold/swinvit/2025-12-29-11-51/fold_2/training/best_model.pt
2026-01-06 13:33:51,732 INFO 
2026-01-06 13:33:51,732 INFO Dataset INFO:
2026-01-06 13:33:51,800 INFO Dataset length: 721
2026-01-06 13:33:51,800 INFO Class distribution in entire dataset:
2026-01-06 13:33:51,800 INFO   Class 0: 351
2026-01-06 13:33:51,800 INFO   Class 1: 38
2026-01-06 13:33:51,800 INFO   Class 2: 332
2026-01-06 13:33:51,800 INFO 
Using split method: stratified
2026-01-06 13:33:51,810 INFO 
Train set balance:
2026-01-06 13:33:51,811 INFO 
Val set balance:
2026-01-06 13:33:51,811 INFO Training set length: 577
2026-01-06 13:33:51,811 INFO Validation set length: 144
2026-01-06 13:33:51,811 INFO 
Using standard shuffle for training
2026-01-06 13:33:51,811 INFO Training loader: 96 batches
2026-01-06 13:33:51,811 INFO Validation loader: 24 batches
2026-01-06 13:33:51,811 INFO 
Class distribution in training set:
2026-01-06 13:33:51,811 INFO   Class 0: 281 (48.7%)
2026-01-06 13:33:51,811 INFO   Class 1: 30 (5.2%)
2026-01-06 13:33:51,811 INFO   Class 2: 266 (46.1%)
2026-01-06 13:33:51,811 INFO Class distribution in validation set:
2026-01-06 13:33:51,811 INFO   Class 0: 70 (48.6%)
2026-01-06 13:33:51,811 INFO   Class 1: 8 (5.6%)
2026-01-06 13:33:51,811 INFO   Class 2: 66 (45.8%)
2026-01-06 13:33:51,811 INFO **************************************************
2026-01-06 13:33:51,843 INFO Class weights: [ 6.845  64.111  7.231]
2026-01-06 13:33:51,844 INFO 
2026-01-06 13:33:51,844 INFO Test Dataset INFO:
2026-01-06 13:33:51,871 INFO Test Dataset length: 82
2026-01-06 13:33:51,872 INFO Class distribution in test dataset:
2026-01-06 13:33:51,872 INFO   Class 0: 40
2026-01-06 13:33:51,872 INFO   Class 1: 5
2026-01-06 13:33:51,872 INFO   Class 2: 37
2026-01-06 13:33:51,872 INFO Test loader: 14 batches
2026-01-06 13:33:51,872 INFO **************************************************
2026-01-06 13:33:51,872 INFO 
2026-01-06 13:33:51,872 INFO Using loss function: CE
2026-01-06 13:33:51,875 INFO **************************************************
2026-01-06 13:33:51,875 INFO Starting training...
2026-01-06 13:33:51,878 INFO 0 Tue Jan  6 13:33:51 2026 Epoch: 160
2026-01-06 13:39:06,278 INFO Final training 160/300, loss: 0.3909, time 314.40s, lr: 0.000000
Accuracy: 0.861
class                  precision    recall   specificity      f1   support
--------------------------------------------------------------------------
0                          0.923     0.851         0.932   0.885       281
1                          0.529     0.900         0.956   0.667        30
2                          0.865     0.868         0.884   0.866       265
*----------------------------------------*
2026-01-06 13:40:41,806 INFO Final validation 160/300, Val_acc: 0.8802, time 95.53sAccuracy: 0.938
class                  precision    recall   specificity      f1   support
--------------------------------------------------------------------------
0                          0.971     0.971         0.973   0.971        70
1                          0.500     0.750         0.956   0.600         8
2                          0.984     0.924         0.987   0.953        66
*========================================*
2026-01-06 13:40:43,168 INFO 0 Tue Jan  6 13:40:43 2026 Epoch: 161
2026-01-06 13:45:49,332 INFO Final training 161/300, loss: 0.4268, time 306.16s, lr: 0.000000
Accuracy: 0.840
class                  precision    recall   specificity      f1   support
--------------------------------------------------------------------------
0                          0.877     0.868         0.885   0.873       280
1                          0.490     0.800         0.954   0.608        30
2                          0.868     0.816         0.894   0.841       266
*----------------------------------------*
2026-01-06 13:45:49,821 INFO 0 Tue Jan  6 13:45:49 2026 Epoch: 162
2026-01-06 13:50:51,867 INFO Final training 162/300, loss: 0.3827, time 302.05s, lr: 0.000000
Accuracy: 0.847
class                  precision    recall   specificity      f1   support
--------------------------------------------------------------------------
0                          0.889     0.858         0.898   0.873       281
1                          0.528     0.933         0.954   0.675        30
2                          0.869     0.826         0.894   0.847       265
*----------------------------------------*
2026-01-06 13:51:58,460 INFO Final validation 162/300, Val_acc: 0.8802, time 66.59sAccuracy: 0.938
class                  precision    recall   specificity      f1   support
--------------------------------------------------------------------------
0                          0.971     0.971         0.973   0.971        70
1                          0.500     0.750         0.956   0.600         8
2                          0.984     0.924         0.987   0.953        66
*========================================*
2026-01-06 13:51:59,795 INFO 0 Tue Jan  6 13:51:59 2026 Epoch: 163
2026-01-06 13:57:02,832 INFO Final training 163/300, loss: 0.4333, time 303.04s, lr: 0.000000
Accuracy: 0.832
class                  precision    recall   specificity      f1   support
--------------------------------------------------------------------------
0                          0.886     0.858         0.895   0.872       281
1                          0.481     0.867         0.949   0.619        30
2                          0.848     0.800         0.878   0.823       265
*----------------------------------------*
2026-01-06 13:57:02,832 INFO 0 Tue Jan  6 13:57:02 2026 Epoch: 164
2026-01-06 14:02:11,640 INFO Final training 164/300, loss: 0.3967, time 308.81s, lr: 0.000000
Accuracy: 0.856
class                  precision    recall   specificity      f1   support
--------------------------------------------------------------------------
0                          0.903     0.865         0.912   0.884       281
1                          0.538     0.933         0.956   0.683        30
2                          0.871     0.838         0.894   0.854       265
*----------------------------------------*
2026-01-06 14:03:18,448 INFO Final validation 164/300, Val_acc: 0.8802, time 66.81sAccuracy: 0.938
class                  precision    recall   specificity      f1   support
--------------------------------------------------------------------------
0                          0.971     0.971         0.973   0.971        70
1                          0.500     0.750         0.956   0.600         8
2                          0.984     0.924         0.987   0.953        66
*========================================*
2026-01-06 14:03:19,905 INFO 0 Tue Jan  6 14:03:19 2026 Epoch: 165
2026-01-06 14:08:18,662 INFO Final training 165/300, loss: 0.4026, time 298.76s, lr: 0.000000
Accuracy: 0.844
class                  precision    recall   specificity      f1   support
--------------------------------------------------------------------------
0                          0.896     0.857         0.905   0.876       280
1                          0.500     0.867         0.952   0.634        30
2                          0.859     0.827         0.884   0.843       266
*----------------------------------------*
2026-01-06 14:08:18,662 INFO 0 Tue Jan  6 14:08:18 2026 Epoch: 166
2026-01-06 14:13:24,954 INFO Final training 166/300, loss: 0.4389, time 306.29s, lr: 0.000000
Accuracy: 0.837
class                  precision    recall   specificity      f1   support
--------------------------------------------------------------------------
0                          0.920     0.821         0.932   0.868       280
1                          0.448     0.867         0.941   0.591        30
2                          0.843     0.850         0.865   0.846       266
*----------------------------------------*
2026-01-06 14:14:31,298 INFO Final validation 166/300, Val_acc: 0.8802, time 66.34sAccuracy: 0.938
class                  precision    recall   specificity      f1   support
--------------------------------------------------------------------------
0                          0.971     0.971         0.973   0.971        70
1                          0.500     0.750         0.956   0.600         8
2                          0.984     0.924         0.987   0.953        66
*========================================*
2026-01-06 14:14:32,669 INFO 0 Tue Jan  6 14:14:32 2026 Epoch: 167
2026-01-06 14:19:36,833 INFO Final training 167/300, loss: 0.4198, time 304.16s, lr: 0.000000
Accuracy: 0.835
class                  precision    recall   specificity      f1   support
--------------------------------------------------------------------------
0                          0.877     0.865         0.885   0.871       281
1                          0.477     0.700         0.958   0.568        30
2                          0.851     0.819         0.878   0.835       265
*----------------------------------------*
2026-01-06 14:19:36,833 INFO 0 Tue Jan  6 14:19:36 2026 Epoch: 168
2026-01-06 14:24:37,576 INFO Final training 168/300, loss: 0.4608, time 300.74s, lr: 0.000000
Accuracy: 0.835
class                  precision    recall   specificity      f1   support
--------------------------------------------------------------------------
0                          0.898     0.851         0.908   0.874       281
1                          0.469     0.793         0.952   0.590        29
2                          0.839     0.823         0.865   0.831       266
*----------------------------------------*
2026-01-06 14:25:43,977 INFO Final validation 168/300, Val_acc: 0.8802, time 66.40sAccuracy: 0.938
class                  precision    recall   specificity      f1   support
--------------------------------------------------------------------------
0                          0.971     0.971         0.973   0.971        70
1                          0.500     0.750         0.956   0.600         8
2                          0.984     0.924         0.987   0.953        66
*========================================*
2026-01-06 14:25:45,299 INFO 0 Tue Jan  6 14:25:45 2026 Epoch: 169
2026-01-06 14:30:51,952 INFO Final training 169/300, loss: 0.3733, time 306.65s, lr: 0.000000
Accuracy: 0.877
class                  precision    recall   specificity      f1   support
--------------------------------------------------------------------------
0                          0.909     0.896         0.916   0.903       280
1                          0.571     0.933         0.962   0.709        30
2                          0.900     0.850         0.919   0.874       266
*----------------------------------------*
2026-01-06 14:30:51,953 INFO 0 Tue Jan  6 14:30:51 2026 Epoch: 170
2026-01-06 14:35:56,680 INFO Final training 170/300, loss: 0.4616, time 304.73s, lr: 0.000000
Accuracy: 0.819
class                  precision    recall   specificity      f1   support
--------------------------------------------------------------------------
0                          0.868     0.840         0.878   0.854       281
1                          0.500     0.900         0.951   0.643        30
2                          0.836     0.789         0.868   0.812       265
*----------------------------------------*
2026-01-06 14:37:03,093 INFO Final validation 170/300, Val_acc: 0.8802, time 66.41sAccuracy: 0.938
class                  precision    recall   specificity      f1   support
--------------------------------------------------------------------------
0                          0.971     0.971         0.973   0.971        70
1                          0.500     0.750         0.956   0.600         8
2                          0.984     0.924         0.987   0.953        66
*========================================*
2026-01-06 14:37:04,542 INFO 0 Tue Jan  6 14:37:04 2026 Epoch: 171
2026-01-06 14:42:09,185 INFO Final training 171/300, loss: 0.4079, time 304.64s, lr: 0.000000
Accuracy: 0.816
class                  precision    recall   specificity      f1   support
--------------------------------------------------------------------------
0                          0.882     0.826         0.895   0.853       281
1                          0.472     0.833         0.949   0.602        30
2                          0.819     0.804         0.849   0.811       265
*----------------------------------------*
2026-01-06 14:42:09,677 INFO 0 Tue Jan  6 14:42:09 2026 Epoch: 172
2026-01-06 14:47:16,894 INFO Final training 172/300, loss: 0.4689, time 307.22s, lr: 0.000000
Accuracy: 0.816
class                  precision    recall   specificity      f1   support
--------------------------------------------------------------------------
0                          0.884     0.840         0.895   0.861       281
1                          0.421     0.800         0.940   0.552        30
2                          0.833     0.792         0.865   0.812       265
*----------------------------------------*
2026-01-06 14:48:23,791 INFO Final validation 172/300, Val_acc: 0.8802, time 66.90sAccuracy: 0.938
class                  precision    recall   specificity      f1   support
--------------------------------------------------------------------------
0                          0.971     0.971         0.973   0.971        70
1                          0.500     0.750         0.956   0.600         8
2                          0.984     0.924         0.987   0.953        66
*========================================*
2026-01-06 14:48:25,229 INFO 0 Tue Jan  6 14:48:25 2026 Epoch: 173
2026-01-06 14:53:27,297 INFO Final training 173/300, loss: 0.3546, time 302.07s, lr: 0.000000
Accuracy: 0.847
class                  precision    recall   specificity      f1   support
--------------------------------------------------------------------------
0                          0.900     0.864         0.909   0.882       280
1                          0.500     0.933         0.949   0.651        30
2                          0.869     0.820         0.894   0.843       266
*----------------------------------------*
2026-01-06 14:53:27,298 INFO 0 Tue Jan  6 14:53:27 2026 Epoch: 174
2026-01-06 14:58:30,540 INFO Final training 174/300, loss: 0.4024, time 303.24s, lr: 0.000000
Accuracy: 0.814
class                  precision    recall   specificity      f1   support
--------------------------------------------------------------------------
0                          0.865     0.847         0.875   0.856       281
1                          0.464     0.867         0.945   0.605        30
2                          0.837     0.774         0.871   0.804       265
*----------------------------------------*
2026-01-06 14:59:36,868 INFO Final validation 174/300, Val_acc: 0.8802, time 66.33sAccuracy: 0.938
class                  precision    recall   specificity      f1   support
--------------------------------------------------------------------------
0                          0.971     0.971         0.973   0.971        70
1                          0.500     0.750         0.956   0.600         8
2                          0.984     0.924         0.987   0.953        66
*========================================*
2026-01-06 14:59:38,211 INFO 0 Tue Jan  6 14:59:38 2026 Epoch: 175
2026-01-06 15:04:44,570 INFO Final training 175/300, loss: 0.3956, time 306.36s, lr: 0.000000
Accuracy: 0.849
class                  precision    recall   specificity      f1   support
--------------------------------------------------------------------------
0                          0.906     0.857         0.916   0.881       280
1                          0.482     0.900         0.947   0.628        30
2                          0.871     0.835         0.894   0.852       266
*----------------------------------------*
2026-01-06 15:04:44,570 INFO 0 Tue Jan  6 15:04:44 2026 Epoch: 176
2026-01-06 15:09:51,672 INFO Final training 176/300, loss: 0.3811, time 307.10s, lr: 0.000000
Accuracy: 0.875
class                  precision    recall   specificity      f1   support
--------------------------------------------------------------------------
0                          0.912     0.886         0.919   0.899       280
1                          0.565     0.867         0.963   0.684        30
2                          0.891     0.865         0.910   0.878       266
*----------------------------------------*
2026-01-06 15:10:58,196 INFO Final validation 176/300, Val_acc: 0.8802, time 66.52sAccuracy: 0.938
class                  precision    recall   specificity      f1   support
--------------------------------------------------------------------------
0                          0.971     0.971         0.973   0.971        70
1                          0.500     0.750         0.956   0.600         8
2                          0.984     0.924         0.987   0.953        66
*========================================*
2026-01-06 15:10:59,557 INFO 0 Tue Jan  6 15:10:59 2026 Epoch: 177
2026-01-06 15:16:01,198 INFO Final training 177/300, loss: 0.3729, time 301.64s, lr: 0.000000
Accuracy: 0.849
class                  precision    recall   specificity      f1   support
--------------------------------------------------------------------------
0                          0.882     0.879         0.888   0.881       281
1                          0.533     0.828         0.962   0.649        29
2                          0.869     0.820         0.894   0.843       266
*----------------------------------------*
2026-01-06 15:16:01,198 INFO 0 Tue Jan  6 15:16:01 2026 Epoch: 178
2026-01-06 15:21:07,930 INFO Final training 178/300, loss: 0.4201, time 306.73s, lr: 0.000000
Accuracy: 0.832
class                  precision    recall   specificity      f1   support
--------------------------------------------------------------------------
0                          0.877     0.836         0.888   0.856       281
1                          0.543     0.833         0.962   0.658        30
2                          0.836     0.826         0.862   0.831       265
*----------------------------------------*
2026-01-06 15:22:14,229 INFO Final validation 178/300, Val_acc: 0.8802, time 66.30sAccuracy: 0.938
class                  precision    recall   specificity      f1   support
--------------------------------------------------------------------------
0                          0.971     0.971         0.973   0.971        70
1                          0.500     0.750         0.956   0.600         8
2                          0.984     0.924         0.987   0.953        66
*========================================*
2026-01-06 15:22:15,626 INFO 0 Tue Jan  6 15:22:15 2026 Epoch: 179
2026-01-06 15:27:25,727 INFO Final training 179/300, loss: 0.3677, time 310.10s, lr: 0.000000
Accuracy: 0.839
class                  precision    recall   specificity      f1   support
--------------------------------------------------------------------------
0                          0.881     0.843         0.892   0.861       280
1                          0.542     0.867         0.960   0.667        30
2                          0.850     0.831         0.874   0.840       266
*----------------------------------------*
2026-01-06 15:27:25,727 INFO 0 Tue Jan  6 15:27:25 2026 Epoch: 180
2026-01-06 15:32:28,662 INFO Final training 180/300, loss: 0.4462, time 302.93s, lr: 0.000000
Accuracy: 0.823
class                  precision    recall   specificity      f1   support
--------------------------------------------------------------------------
0                          0.875     0.850         0.885   0.862       280
1                          0.455     0.833         0.945   0.588        30
2                          0.847     0.793         0.877   0.819       266
*----------------------------------------*
2026-01-06 15:33:34,952 INFO Final validation 180/300, Val_acc: 0.8802, time 66.29sAccuracy: 0.938
class                  precision    recall   specificity      f1   support
--------------------------------------------------------------------------
0                          0.971     0.971         0.973   0.971        70
1                          0.500     0.750         0.956   0.600         8
2                          0.984     0.924         0.987   0.953        66
*========================================*
2026-01-06 15:33:36,328 INFO 0 Tue Jan  6 15:33:36 2026 Epoch: 181
2026-01-06 15:38:39,659 INFO Final training 181/300, loss: 0.4328, time 303.33s, lr: 0.000000
Accuracy: 0.816
class                  precision    recall   specificity      f1   support
--------------------------------------------------------------------------
0                          0.876     0.832         0.889   0.853       280
1                          0.448     0.867         0.941   0.591        30
2                          0.837     0.793         0.868   0.815       266
*----------------------------------------*
2026-01-06 15:38:40,248 INFO 0 Tue Jan  6 15:38:40 2026 Epoch: 182
2026-01-06 15:43:42,764 INFO Final training 182/300, loss: 0.3601, time 302.52s, lr: 0.000000
Accuracy: 0.854
class                  precision    recall   specificity      f1   support
--------------------------------------------------------------------------
0                          0.896     0.864         0.905   0.880       280
1                          0.551     0.900         0.960   0.684        30
2                          0.868     0.838         0.890   0.853       266
*----------------------------------------*
2026-01-06 15:44:49,080 INFO Final validation 182/300, Val_acc: 0.8802, time 66.31sAccuracy: 0.938
class                  precision    recall   specificity      f1   support
--------------------------------------------------------------------------
0                          0.971     0.971         0.973   0.971        70
1                          0.500     0.750         0.956   0.600         8
2                          0.984     0.924         0.987   0.953        66
*========================================*
2026-01-06 15:44:50,400 INFO 0 Tue Jan  6 15:44:50 2026 Epoch: 183
2026-01-06 15:49:53,020 INFO Final training 183/300, loss: 0.3779, time 302.62s, lr: 0.000000
Accuracy: 0.835
class                  precision    recall   specificity      f1   support
--------------------------------------------------------------------------
0                          0.907     0.836         0.919   0.870       281
1                          0.458     0.900         0.941   0.607        30
2                          0.849     0.826         0.875   0.837       265
*----------------------------------------*
2026-01-06 15:49:53,021 INFO 0 Tue Jan  6 15:49:53 2026 Epoch: 184
2026-01-06 15:54:57,933 INFO Final training 184/300, loss: 0.4350, time 304.91s, lr: 0.000000
Accuracy: 0.814
class                  precision    recall   specificity      f1   support
--------------------------------------------------------------------------
0                          0.883     0.807         0.899   0.843       280
1                          0.491     0.867         0.951   0.627        30
2                          0.813     0.816         0.839   0.814       266
*----------------------------------------*
2026-01-06 15:56:04,430 INFO Final validation 184/300, Val_acc: 0.8802, time 66.50sAccuracy: 0.938
class                  precision    recall   specificity      f1   support
--------------------------------------------------------------------------
0                          0.971     0.971         0.973   0.971        70
1                          0.500     0.750         0.956   0.600         8
2                          0.984     0.924         0.987   0.953        66
*========================================*
2026-01-06 15:56:05,774 INFO 0 Tue Jan  6 15:56:05 2026 Epoch: 185
2026-01-06 16:01:07,107 INFO Final training 185/300, loss: 0.4028, time 301.33s, lr: 0.000000
Accuracy: 0.832
class                  precision    recall   specificity      f1   support
--------------------------------------------------------------------------
0                          0.891     0.843         0.902   0.867       281
1                          0.434     0.793         0.945   0.561        29
2                          0.852     0.823         0.877   0.837       266
*----------------------------------------*
2026-01-06 16:01:07,107 INFO 0 Tue Jan  6 16:01:07 2026 Epoch: 186
2026-01-06 16:06:09,641 INFO Final training 186/300, loss: 0.3856, time 302.53s, lr: 0.000000
Accuracy: 0.828
class                  precision    recall   specificity      f1   support
--------------------------------------------------------------------------
0                          0.890     0.833         0.902   0.860       281
1                          0.481     0.833         0.951   0.610        30
2                          0.835     0.823         0.862   0.829       265
*----------------------------------------*
2026-01-06 16:07:16,022 INFO Final validation 186/300, Val_acc: 0.8802, time 66.38sAccuracy: 0.938
class                  precision    recall   specificity      f1   support
--------------------------------------------------------------------------
0                          0.971     0.971         0.973   0.971        70
1                          0.500     0.750         0.956   0.600         8
2                          0.984     0.924         0.987   0.953        66
*========================================*
2026-01-06 16:07:17,433 INFO 0 Tue Jan  6 16:07:17 2026 Epoch: 187
2026-01-06 16:12:19,281 INFO Final training 187/300, loss: 0.4205, time 301.85s, lr: 0.000000
Accuracy: 0.842
class                  precision    recall   specificity      f1   support
--------------------------------------------------------------------------
0                          0.888     0.847         0.898   0.867       281
1                          0.520     0.867         0.956   0.650        30
2                          0.857     0.834         0.881   0.845       265
*----------------------------------------*
2026-01-06 16:12:19,282 INFO 0 Tue Jan  6 16:12:19 2026 Epoch: 188
2026-01-06 16:17:23,706 INFO Final training 188/300, loss: 0.4380, time 304.42s, lr: 0.000000
Accuracy: 0.833
class                  precision    recall   specificity      f1   support
--------------------------------------------------------------------------
0                          0.892     0.857         0.902   0.874       280
1                          0.446     0.833         0.943   0.581        30
2                          0.857     0.808         0.884   0.832       266
*----------------------------------------*
2026-01-06 16:18:30,111 INFO Final validation 188/300, Val_acc: 0.8802, time 66.40sAccuracy: 0.938
class                  precision    recall   specificity      f1   support
--------------------------------------------------------------------------
0                          0.971     0.971         0.973   0.971        70
1                          0.500     0.750         0.956   0.600         8
2                          0.984     0.924         0.987   0.953        66
*========================================*
2026-01-06 16:18:31,433 INFO 0 Tue Jan  6 16:18:31 2026 Epoch: 189
2026-01-06 16:23:42,462 INFO Final training 189/300, loss: 0.3827, time 311.03s, lr: 0.000000
Accuracy: 0.845
class                  precision    recall   specificity      f1   support
--------------------------------------------------------------------------
0                          0.904     0.868         0.912   0.886       281
1                          0.450     0.931         0.940   0.607        29
2                          0.878     0.812         0.903   0.844       266
*----------------------------------------*
2026-01-06 16:23:42,462 INFO 0 Tue Jan  6 16:23:42 2026 Epoch: 190
2026-01-06 16:28:48,473 INFO Final training 190/300, loss: 0.3986, time 306.01s, lr: 0.000000
Accuracy: 0.851
class                  precision    recall   specificity      f1   support
--------------------------------------------------------------------------
0                          0.904     0.875         0.912   0.889       280
1                          0.483     0.933         0.945   0.636        30
2                          0.879     0.816         0.903   0.846       266
*----------------------------------------*
2026-01-06 16:29:54,861 INFO Final validation 190/300, Val_acc: 0.8802, time 66.39sAccuracy: 0.938
class                  precision    recall   specificity      f1   support
--------------------------------------------------------------------------
0                          0.971     0.971         0.973   0.971        70
1                          0.500     0.750         0.956   0.600         8
2                          0.984     0.924         0.987   0.953        66
*========================================*
2026-01-06 16:29:56,223 INFO 0 Tue Jan  6 16:29:56 2026 Epoch: 191
2026-01-06 16:34:55,564 INFO Final training 191/300, loss: 0.4099, time 299.34s, lr: 0.000000
Accuracy: 0.839
class                  precision    recall   specificity      f1   support
--------------------------------------------------------------------------
0                          0.890     0.839         0.902   0.864       280
1                          0.519     0.933         0.952   0.667        30
2                          0.853     0.827         0.877   0.840       266
*----------------------------------------*
2026-01-06 16:34:56,015 INFO 0 Tue Jan  6 16:34:56 2026 Epoch: 192
2026-01-06 16:40:02,300 INFO Final training 192/300, loss: 0.4330, time 306.29s, lr: 0.000000
Accuracy: 0.826
class                  precision    recall   specificity      f1   support
--------------------------------------------------------------------------
0                          0.888     0.846         0.899   0.867       280
1                          0.455     0.833         0.945   0.588        30
2                          0.843     0.805         0.871   0.823       266
*----------------------------------------*
2026-01-06 16:41:08,738 INFO Final validation 192/300, Val_acc: 0.8802, time 66.44sAccuracy: 0.938
class                  precision    recall   specificity      f1   support
--------------------------------------------------------------------------
0                          0.971     0.971         0.973   0.971        70
1                          0.500     0.750         0.956   0.600         8
2                          0.984     0.924         0.987   0.953        66
*========================================*
2026-01-06 16:41:10,255 INFO 0 Tue Jan  6 16:41:10 2026 Epoch: 193
2026-01-06 16:46:11,541 INFO Final training 193/300, loss: 0.4123, time 301.29s, lr: 0.000000
Accuracy: 0.828
class                  precision    recall   specificity      f1   support
--------------------------------------------------------------------------
0                          0.869     0.851         0.878   0.860       281
1                          0.531     0.867         0.958   0.658        30
2                          0.841     0.800         0.871   0.820       265
*----------------------------------------*
2026-01-06 16:46:11,542 INFO 0 Tue Jan  6 16:46:11 2026 Epoch: 194
2026-01-06 16:51:16,688 INFO Final training 194/300, loss: 0.3860, time 305.15s, lr: 0.000000
Accuracy: 0.847
class                  precision    recall   specificity      f1   support
--------------------------------------------------------------------------
0                          0.892     0.854         0.902   0.872       280
1                          0.540     0.900         0.958   0.675        30
2                          0.860     0.835         0.884   0.847       266
*----------------------------------------*
2026-01-06 16:52:23,038 INFO Final validation 194/300, Val_acc: 0.8802, time 66.35sAccuracy: 0.938
class                  precision    recall   specificity      f1   support
--------------------------------------------------------------------------
0                          0.971     0.971         0.973   0.971        70
1                          0.500     0.750         0.956   0.600         8
2                          0.984     0.924         0.987   0.953        66
*========================================*
2026-01-06 16:52:24,387 INFO 0 Tue Jan  6 16:52:24 2026 Epoch: 195
2026-01-06 16:57:29,404 INFO Final training 195/300, loss: 0.4197, time 305.02s, lr: 0.000000
Accuracy: 0.835
class                  precision    recall   specificity      f1   support
--------------------------------------------------------------------------
0                          0.891     0.850         0.902   0.870       280
1                          0.489     0.767         0.956   0.597        30
2                          0.840     0.827         0.865   0.833       266
*----------------------------------------*
2026-01-06 16:57:29,405 INFO 0 Tue Jan  6 16:57:29 2026 Epoch: 196
2026-01-06 17:02:38,114 INFO Final training 196/300, loss: 0.3994, time 308.71s, lr: 0.000000
Accuracy: 0.839
class                  precision    recall   specificity      f1   support
--------------------------------------------------------------------------
0                          0.882     0.854         0.892   0.868       281
1                          0.490     0.833         0.952   0.617        30
2                          0.862     0.823         0.887   0.842       265
*----------------------------------------*
2026-01-06 17:03:44,504 INFO Final validation 196/300, Val_acc: 0.8802, time 66.39sAccuracy: 0.938
class                  precision    recall   specificity      f1   support
--------------------------------------------------------------------------
0                          0.971     0.971         0.973   0.971        70
1                          0.500     0.750         0.956   0.600         8
2                          0.984     0.924         0.987   0.953        66
*========================================*
2026-01-06 17:03:45,852 INFO 0 Tue Jan  6 17:03:45 2026 Epoch: 197
2026-01-06 17:08:53,742 INFO Final training 197/300, loss: 0.4128, time 307.89s, lr: 0.000000
Accuracy: 0.839
class                  precision    recall   specificity      f1   support
--------------------------------------------------------------------------
0                          0.894     0.840         0.905   0.866       281
1                          0.537     0.967         0.954   0.690        30
2                          0.845     0.823         0.871   0.834       265
*----------------------------------------*
2026-01-06 17:08:53,742 INFO 0 Tue Jan  6 17:08:53 2026 Epoch: 198
2026-01-06 17:14:00,784 INFO Final training 198/300, loss: 0.4548, time 307.04s, lr: 0.000000
Accuracy: 0.826
class                  precision    recall   specificity      f1   support
--------------------------------------------------------------------------
0                          0.873     0.854         0.881   0.863       281
1                          0.467     0.700         0.956   0.560        30
2                          0.840     0.811         0.868   0.825       265
*----------------------------------------*
2026-01-06 17:15:07,206 INFO Final validation 198/300, Val_acc: 0.8802, time 66.42sAccuracy: 0.938
class                  precision    recall   specificity      f1   support
--------------------------------------------------------------------------
0                          0.971     0.971         0.973   0.971        70
1                          0.500     0.750         0.956   0.600         8
2                          0.984     0.924         0.987   0.953        66
*========================================*
2026-01-06 17:15:08,612 INFO 0 Tue Jan  6 17:15:08 2026 Epoch: 199
2026-01-06 17:20:08,908 INFO Final training 199/300, loss: 0.3914, time 300.30s, lr: 0.000000
Accuracy: 0.837
class                  precision    recall   specificity      f1   support
--------------------------------------------------------------------------
0                          0.866     0.875         0.872   0.870       280
1                          0.491     0.900         0.949   0.635        30
2                          0.882     0.789         0.910   0.833       266
*----------------------------------------*
2026-01-06 17:20:08,908 INFO 0 Tue Jan  6 17:20:08 2026 Epoch: 200
2026-01-06 17:25:11,854 INFO Final training 200/300, loss: 0.3631, time 302.95s, lr: 0.000000
Accuracy: 0.851
class                  precision    recall   specificity      f1   support
--------------------------------------------------------------------------
0                          0.887     0.890         0.892   0.888       281
1                          0.519     0.933         0.952   0.667        30
2                          0.883     0.800         0.910   0.840       265
*----------------------------------------*
2026-01-06 17:26:18,667 INFO Final validation 200/300, Val_acc: 0.8802, time 66.81sAccuracy: 0.938
class                  precision    recall   specificity      f1   support
--------------------------------------------------------------------------
0                          0.971     0.971         0.973   0.971        70
1                          0.500     0.750         0.956   0.600         8
2                          0.984     0.924         0.987   0.953        66
*========================================*
2026-01-06 17:26:20,068 INFO 0 Tue Jan  6 17:26:20 2026 Epoch: 201
2026-01-06 17:31:21,149 INFO Final training 201/300, loss: 0.4079, time 301.08s, lr: 0.000000
Accuracy: 0.847
class                  precision    recall   specificity      f1   support
--------------------------------------------------------------------------
0                          0.910     0.865         0.919   0.887       281
1                          0.479     0.767         0.954   0.590        30
2                          0.851     0.838         0.875   0.844       265
*----------------------------------------*
2026-01-06 17:31:21,641 INFO 0 Tue Jan  6 17:31:21 2026 Epoch: 202
2026-01-06 17:36:22,695 INFO Final training 202/300, loss: 0.3920, time 301.05s, lr: 0.000000
Accuracy: 0.844
class                  precision    recall   specificity      f1   support
--------------------------------------------------------------------------
0                          0.896     0.861         0.905   0.878       280
1                          0.481     0.867         0.949   0.619        30
2                          0.866     0.823         0.890   0.844       266
*----------------------------------------*
2026-01-06 17:37:29,419 INFO Final validation 202/300, Val_acc: 0.8802, time 66.72sAccuracy: 0.938
class                  precision    recall   specificity      f1   support
--------------------------------------------------------------------------
0                          0.971     0.971         0.973   0.971        70
1                          0.500     0.750         0.956   0.600         8
2                          0.984     0.924         0.987   0.953        66
*========================================*
2026-01-06 17:37:31,361 INFO 0 Tue Jan  6 17:37:31 2026 Epoch: 203
2026-01-06 17:42:36,477 INFO Final training 203/300, loss: 0.4067, time 305.12s, lr: 0.000000
Accuracy: 0.814
class                  precision    recall   specificity      f1   support
--------------------------------------------------------------------------
0                          0.885     0.822         0.898   0.852       281
1                          0.421     0.800         0.940   0.552        30
2                          0.829     0.808         0.859   0.818       265
*----------------------------------------*
2026-01-06 17:42:36,478 INFO 0 Tue Jan  6 17:42:36 2026 Epoch: 204
2026-01-06 17:47:37,421 INFO Final training 204/300, loss: 0.4314, time 300.94s, lr: 0.000000
Accuracy: 0.835
class                  precision    recall   specificity      f1   support
--------------------------------------------------------------------------
0                          0.881     0.850         0.892   0.865       280
1                          0.531     0.867         0.958   0.658        30
2                          0.844     0.816         0.871   0.830       266
*----------------------------------------*
2026-01-06 17:48:43,884 INFO Final validation 204/300, Val_acc: 0.8802, time 66.46sAccuracy: 0.938
class                  precision    recall   specificity      f1   support
--------------------------------------------------------------------------
0                          0.971     0.971         0.973   0.971        70
1                          0.500     0.750         0.956   0.600         8
2                          0.984     0.924         0.987   0.953        66
*========================================*
2026-01-06 17:48:45,281 INFO 0 Tue Jan  6 17:48:45 2026 Epoch: 205
2026-01-06 17:53:44,859 INFO Final training 205/300, loss: 0.3877, time 299.58s, lr: 0.000000
Accuracy: 0.847
class                  precision    recall   specificity      f1   support
--------------------------------------------------------------------------
0                          0.886     0.861         0.895   0.873       280
1                          0.551     0.900         0.960   0.684        30
2                          0.863     0.827         0.887   0.845       266
*----------------------------------------*
2026-01-06 17:53:44,860 INFO 0 Tue Jan  6 17:53:44 2026 Epoch: 206
2026-01-06 17:58:50,467 INFO Final training 206/300, loss: 0.3771, time 305.61s, lr: 0.000000
Accuracy: 0.849
class                  precision    recall   specificity      f1   support
--------------------------------------------------------------------------
0                          0.898     0.854         0.909   0.875       280
1                          0.527     0.967         0.952   0.682        30
2                          0.867     0.831         0.890   0.848       266
*----------------------------------------*
2026-01-06 17:59:56,966 INFO Final validation 206/300, Val_acc: 0.8802, time 66.50sAccuracy: 0.938
class                  precision    recall   specificity      f1   support
--------------------------------------------------------------------------
0                          0.971     0.971         0.973   0.971        70
1                          0.500     0.750         0.956   0.600         8
2                          0.984     0.924         0.987   0.953        66
*========================================*
2026-01-06 17:59:58,359 INFO 0 Tue Jan  6 17:59:58 2026 Epoch: 207
2026-01-06 18:04:59,290 INFO Final training 207/300, loss: 0.4292, time 300.93s, lr: 0.000000
Accuracy: 0.837
class                  precision    recall   specificity      f1   support
--------------------------------------------------------------------------
0                          0.901     0.840         0.912   0.869       281
1                          0.448     0.867         0.941   0.591        30
2                          0.859     0.830         0.884   0.845       265
*----------------------------------------*
2026-01-06 18:04:59,290 INFO 0 Tue Jan  6 18:04:59 2026 Epoch: 208
2026-01-06 18:10:04,958 INFO Final training 208/300, loss: 0.3713, time 305.67s, lr: 0.000000
Accuracy: 0.828
class                  precision    recall   specificity      f1   support
--------------------------------------------------------------------------
0                          0.863     0.857         0.872   0.860       280
1                          0.527     0.967         0.952   0.682        30
2                          0.856     0.782         0.887   0.817       266
*----------------------------------------*
2026-01-06 18:11:11,391 INFO Final validation 208/300, Val_acc: 0.8802, time 66.43sAccuracy: 0.938
class                  precision    recall   specificity      f1   support
--------------------------------------------------------------------------
0                          0.971     0.971         0.973   0.971        70
1                          0.500     0.750         0.956   0.600         8
2                          0.984     0.924         0.987   0.953        66
*========================================*
2026-01-06 18:11:12,799 INFO 0 Tue Jan  6 18:11:12 2026 Epoch: 209
2026-01-06 18:16:19,000 INFO Final training 209/300, loss: 0.4346, time 306.20s, lr: 0.000000
Accuracy: 0.833
class                  precision    recall   specificity      f1   support
--------------------------------------------------------------------------
0                          0.904     0.840         0.915   0.871       281
1                          0.455     0.833         0.945   0.588        30
2                          0.842     0.826         0.868   0.834       265
*----------------------------------------*
2026-01-06 18:16:19,001 INFO 0 Tue Jan  6 18:16:18 2026 Epoch: 210
2026-01-06 18:21:21,089 INFO Final training 210/300, loss: 0.4090, time 302.09s, lr: 0.000000
Accuracy: 0.837
class                  precision    recall   specificity      f1   support
--------------------------------------------------------------------------
0                          0.879     0.857         0.889   0.868       280
1                          0.519     0.933         0.952   0.667        30
2                          0.859     0.805         0.887   0.831       266
*----------------------------------------*
2026-01-06 18:22:27,497 INFO Final validation 210/300, Val_acc: 0.8802, time 66.41sAccuracy: 0.938
class                  precision    recall   specificity      f1   support
--------------------------------------------------------------------------
0                          0.971     0.971         0.973   0.971        70
1                          0.500     0.750         0.956   0.600         8
2                          0.984     0.924         0.987   0.953        66
*========================================*
2026-01-06 18:22:28,844 INFO 0 Tue Jan  6 18:22:28 2026 Epoch: 211
2026-01-06 18:27:32,759 INFO Final training 211/300, loss: 0.4042, time 303.91s, lr: 0.000000
Accuracy: 0.842
class                  precision    recall   specificity      f1   support
--------------------------------------------------------------------------
0                          0.921     0.836         0.932   0.876       280
1                          0.471     0.800         0.951   0.593        30
2                          0.838     0.853         0.858   0.845       266
*----------------------------------------*
2026-01-06 18:27:33,339 INFO 0 Tue Jan  6 18:27:33 2026 Epoch: 212
2026-01-06 18:32:41,033 INFO Final training 212/300, loss: 0.3804, time 307.69s, lr: 0.000000
Accuracy: 0.832
class                  precision    recall   specificity      f1   support
--------------------------------------------------------------------------
0                          0.852     0.864         0.858   0.858       280
1                          0.583     0.933         0.963   0.718        30
2                          0.857     0.786         0.887   0.820       266
*----------------------------------------*
2026-01-06 18:33:47,486 INFO Final validation 212/300, Val_acc: 0.8802, time 66.45sAccuracy: 0.938
class                  precision    recall   specificity      f1   support
--------------------------------------------------------------------------
0                          0.971     0.971         0.973   0.971        70
1                          0.500     0.750         0.956   0.600         8
2                          0.984     0.924         0.987   0.953        66
*========================================*
2026-01-06 18:33:48,849 INFO 0 Tue Jan  6 18:33:48 2026 Epoch: 213
2026-01-06 18:38:55,255 INFO Final training 213/300, loss: 0.3791, time 306.41s, lr: 0.000000
Accuracy: 0.844
class                  precision    recall   specificity      f1   support
--------------------------------------------------------------------------
0                          0.882     0.879         0.888   0.881       281
1                          0.491     0.900         0.949   0.635        30
2                          0.880     0.800         0.907   0.838       265
*----------------------------------------*
2026-01-06 18:38:55,255 INFO 0 Tue Jan  6 18:38:55 2026 Epoch: 214
2026-01-06 18:43:58,225 INFO Final training 214/300, loss: 0.4220, time 302.97s, lr: 0.000000
Accuracy: 0.823
class                  precision    recall   specificity      f1   support
--------------------------------------------------------------------------
0                          0.864     0.836         0.875   0.850       281
1                          0.510     0.833         0.956   0.633        30
2                          0.839     0.808         0.868   0.823       265
*----------------------------------------*
2026-01-06 18:45:04,545 INFO Final validation 214/300, Val_acc: 0.8802, time 66.32sAccuracy: 0.938
class                  precision    recall   specificity      f1   support
--------------------------------------------------------------------------
0                          0.971     0.971         0.973   0.971        70
1                          0.500     0.750         0.956   0.600         8
2                          0.984     0.924         0.987   0.953        66
*========================================*
2026-01-06 18:45:05,957 INFO 0 Tue Jan  6 18:45:05 2026 Epoch: 215
2026-01-06 18:50:15,810 INFO Final training 215/300, loss: 0.3743, time 309.85s, lr: 0.000000
Accuracy: 0.845
class                  precision    recall   specificity      f1   support
--------------------------------------------------------------------------
0                          0.902     0.857         0.912   0.879       280
1                          0.491     0.933         0.947   0.644        30
2                          0.866     0.823         0.890   0.844       266
*----------------------------------------*
2026-01-06 18:50:15,810 INFO 0 Tue Jan  6 18:50:15 2026 Epoch: 216
2026-01-06 18:55:20,415 INFO Final training 216/300, loss: 0.4492, time 304.60s, lr: 0.000000
Accuracy: 0.840
class                  precision    recall   specificity      f1   support
--------------------------------------------------------------------------
0                          0.908     0.840         0.919   0.872       281
1                          0.500     0.833         0.954   0.625        30
2                          0.838     0.842         0.862   0.840       265
*----------------------------------------*
2026-01-06 18:56:26,611 INFO Final validation 216/300, Val_acc: 0.8802, time 66.20sAccuracy: 0.938
class                  precision    recall   specificity      f1   support
--------------------------------------------------------------------------
0                          0.971     0.971         0.973   0.971        70
1                          0.500     0.750         0.956   0.600         8
2                          0.984     0.924         0.987   0.953        66
*========================================*
2026-01-06 18:56:28,051 INFO 0 Tue Jan  6 18:56:28 2026 Epoch: 217
2026-01-06 19:01:28,394 INFO Final training 217/300, loss: 0.4015, time 300.34s, lr: 0.000000
Accuracy: 0.837
class                  precision    recall   specificity      f1   support
--------------------------------------------------------------------------
0                          0.886     0.864         0.895   0.875       280
1                          0.466     0.900         0.943   0.614        30
2                          0.869     0.801         0.897   0.834       266
*----------------------------------------*
2026-01-06 19:01:28,395 INFO 0 Tue Jan  6 19:01:28 2026 Epoch: 218
2026-01-06 19:06:32,021 INFO Final training 218/300, loss: 0.3878, time 303.63s, lr: 0.000000
Accuracy: 0.847
class                  precision    recall   specificity      f1   support
--------------------------------------------------------------------------
0                          0.909     0.854         0.919   0.880       280
1                          0.482     0.900         0.947   0.628        30
2                          0.864     0.835         0.887   0.849       266
*----------------------------------------*
2026-01-06 19:07:38,565 INFO Final validation 218/300, Val_acc: 0.8802, time 66.54sAccuracy: 0.938
class                  precision    recall   specificity      f1   support
--------------------------------------------------------------------------
0                          0.971     0.971         0.973   0.971        70
1                          0.500     0.750         0.956   0.600         8
2                          0.984     0.924         0.987   0.953        66
*========================================*
2026-01-06 19:07:39,968 INFO 0 Tue Jan  6 19:07:39 2026 Epoch: 219
2026-01-06 19:12:45,105 INFO Final training 219/300, loss: 0.4385, time 305.14s, lr: 0.000000
Accuracy: 0.837
class                  precision    recall   specificity      f1   support
--------------------------------------------------------------------------
0                          0.882     0.854         0.892   0.868       281
1                          0.500     0.800         0.956   0.615        30
2                          0.852     0.823         0.878   0.837       265
*----------------------------------------*
2026-01-06 19:12:45,105 INFO 0 Tue Jan  6 19:12:45 2026 Epoch: 220
2026-01-06 19:17:49,006 INFO Final training 220/300, loss: 0.4163, time 303.90s, lr: 0.000000
Accuracy: 0.844
class                  precision    recall   specificity      f1   support
--------------------------------------------------------------------------
0                          0.896     0.861         0.905   0.878       281
1                          0.510     0.867         0.954   0.642        30
2                          0.855     0.823         0.881   0.838       265
*----------------------------------------*
2026-01-06 19:18:55,511 INFO Final validation 220/300, Val_acc: 0.8802, time 66.50sAccuracy: 0.938
class                  precision    recall   specificity      f1   support
--------------------------------------------------------------------------
0                          0.971     0.971         0.973   0.971        70
1                          0.500     0.750         0.956   0.600         8
2                          0.984     0.924         0.987   0.953        66
*========================================*
2026-01-06 19:18:56,912 INFO 0 Tue Jan  6 19:18:56 2026 Epoch: 221
2026-01-06 19:24:00,132 INFO Final training 221/300, loss: 0.4083, time 303.22s, lr: 0.000000
Accuracy: 0.818
class                  precision    recall   specificity      f1   support
--------------------------------------------------------------------------
0                          0.873     0.832         0.885   0.852       280
1                          0.474     0.900         0.945   0.621        30
2                          0.837     0.793         0.868   0.815       266
*----------------------------------------*
2026-01-06 19:24:00,627 INFO 0 Tue Jan  6 19:24:00 2026 Epoch: 222
2026-01-06 19:29:12,807 INFO Final training 222/300, loss: 0.3982, time 312.18s, lr: 0.000000
Accuracy: 0.847
class                  precision    recall   specificity      f1   support
--------------------------------------------------------------------------
0                          0.903     0.861         0.912   0.882       281
1                          0.467     0.933         0.941   0.622        30
2                          0.879     0.823         0.904   0.850       265
*----------------------------------------*
2026-01-06 19:30:19,250 INFO Final validation 222/300, Val_acc: 0.8802, time 66.44sAccuracy: 0.938
class                  precision    recall   specificity      f1   support
--------------------------------------------------------------------------
0                          0.971     0.971         0.973   0.971        70
1                          0.500     0.750         0.956   0.600         8
2                          0.984     0.924         0.987   0.953        66
*========================================*
2026-01-06 19:30:20,611 INFO 0 Tue Jan  6 19:30:20 2026 Epoch: 223
2026-01-06 19:35:23,954 INFO Final training 223/300, loss: 0.4412, time 303.34s, lr: 0.000000
Accuracy: 0.837
class                  precision    recall   specificity      f1   support
--------------------------------------------------------------------------
0                          0.899     0.826         0.912   0.861       281
1                          0.490     0.862         0.952   0.625        29
2                          0.843     0.846         0.865   0.844       266
*----------------------------------------*
2026-01-06 19:35:23,955 INFO 0 Tue Jan  6 19:35:23 2026 Epoch: 224
2026-01-06 19:40:33,173 INFO Final training 224/300, loss: 0.4543, time 309.22s, lr: 0.000000
Accuracy: 0.830
class                  precision    recall   specificity      f1   support
--------------------------------------------------------------------------
0                          0.877     0.843         0.889   0.860       280
1                          0.510     0.833         0.956   0.633        30
2                          0.841     0.816         0.868   0.828       266
*----------------------------------------*
2026-01-06 19:41:39,823 INFO Final validation 224/300, Val_acc: 0.8802, time 66.65sAccuracy: 0.938
class                  precision    recall   specificity      f1   support
--------------------------------------------------------------------------
0                          0.971     0.971         0.973   0.971        70
1                          0.500     0.750         0.956   0.600         8
2                          0.984     0.924         0.987   0.953        66
*========================================*
2026-01-06 19:41:41,150 INFO 0 Tue Jan  6 19:41:41 2026 Epoch: 225
2026-01-06 19:46:47,764 INFO Final training 225/300, loss: 0.4170, time 306.61s, lr: 0.000000
Accuracy: 0.833
class                  precision    recall   specificity      f1   support
--------------------------------------------------------------------------
0                          0.887     0.836         0.898   0.861       281
1                          0.540     0.900         0.958   0.675        30
2                          0.835     0.823         0.862   0.829       265
*----------------------------------------*
2026-01-06 19:46:47,764 INFO 0 Tue Jan  6 19:46:47 2026 Epoch: 226
2026-01-06 19:51:56,295 INFO Final training 226/300, loss: 0.4577, time 308.53s, lr: 0.000000
Accuracy: 0.832
class                  precision    recall   specificity      f1   support
--------------------------------------------------------------------------
0                          0.908     0.847         0.919   0.877       281
1                          0.400     0.800         0.934   0.533        30
2                          0.854     0.819         0.881   0.836       265
*----------------------------------------*
2026-01-06 19:53:02,704 INFO Final validation 226/300, Val_acc: 0.8802, time 66.41sAccuracy: 0.938
class                  precision    recall   specificity      f1   support
--------------------------------------------------------------------------
0                          0.971     0.971         0.973   0.971        70
1                          0.500     0.750         0.956   0.600         8
2                          0.984     0.924         0.987   0.953        66
*========================================*
2026-01-06 19:53:04,134 INFO 0 Tue Jan  6 19:53:04 2026 Epoch: 227
2026-01-06 19:58:09,820 INFO Final training 227/300, loss: 0.3663, time 305.69s, lr: 0.000000
Accuracy: 0.859
class                  precision    recall   specificity      f1   support
--------------------------------------------------------------------------
0                          0.933     0.846         0.943   0.888       280
1                          0.483     0.933         0.945   0.636        30
2                          0.871     0.865         0.890   0.868       266
*----------------------------------------*
2026-01-06 19:58:09,820 INFO 0 Tue Jan  6 19:58:09 2026 Epoch: 228
2026-01-06 20:03:14,551 INFO Final training 228/300, loss: 0.4536, time 304.73s, lr: 0.000000
Accuracy: 0.832
class                  precision    recall   specificity      f1   support
--------------------------------------------------------------------------
0                          0.895     0.825         0.909   0.859       280
1                          0.455     0.833         0.945   0.588        30
2                          0.848     0.838         0.871   0.843       266
*----------------------------------------*
2026-01-06 20:04:20,998 INFO Final validation 228/300, Val_acc: 0.8802, time 66.45sAccuracy: 0.938
class                  precision    recall   specificity      f1   support
--------------------------------------------------------------------------
0                          0.971     0.971         0.973   0.971        70
1                          0.500     0.750         0.956   0.600         8
2                          0.984     0.924         0.987   0.953        66
*========================================*
2026-01-06 20:04:22,929 INFO 0 Tue Jan  6 20:04:22 2026 Epoch: 229
2026-01-06 20:09:21,599 INFO Final training 229/300, loss: 0.3949, time 298.67s, lr: 0.000000
Accuracy: 0.840
class                  precision    recall   specificity      f1   support
--------------------------------------------------------------------------
0                          0.905     0.847         0.915   0.875       281
1                          0.450     0.900         0.940   0.600        30
2                          0.866     0.826         0.891   0.846       265
*----------------------------------------*
2026-01-06 20:09:21,600 INFO 0 Tue Jan  6 20:09:21 2026 Epoch: 230
2026-01-06 20:14:24,797 INFO Final training 230/300, loss: 0.4159, time 303.20s, lr: 0.000000
Accuracy: 0.835
class                  precision    recall   specificity      f1   support
--------------------------------------------------------------------------
0                          0.898     0.843         0.908   0.870       281
1                          0.482     0.900         0.947   0.628        30
2                          0.848     0.819         0.875   0.833       265
*----------------------------------------*
2026-01-06 20:15:31,264 INFO Final validation 230/300, Val_acc: 0.8802, time 66.47sAccuracy: 0.938
class                  precision    recall   specificity      f1   support
--------------------------------------------------------------------------
0                          0.971     0.971         0.973   0.971        70
1                          0.500     0.750         0.956   0.600         8
2                          0.984     0.924         0.987   0.953        66
*========================================*
2026-01-06 20:15:32,659 INFO 0 Tue Jan  6 20:15:32 2026 Epoch: 231
2026-01-06 20:20:33,059 INFO Final training 231/300, loss: 0.4097, time 300.40s, lr: 0.000000
Accuracy: 0.821
class                  precision    recall   specificity      f1   support
--------------------------------------------------------------------------
0                          0.875     0.854         0.885   0.864       280
1                          0.458     0.733         0.952   0.564        30
2                          0.831     0.797         0.861   0.814       266
*----------------------------------------*
2026-01-06 20:20:33,573 INFO 0 Tue Jan  6 20:20:33 2026 Epoch: 232
2026-01-06 20:25:32,653 INFO Final training 232/300, loss: 0.4352, time 299.08s, lr: 0.000000
Accuracy: 0.835
class                  precision    recall   specificity      f1   support
--------------------------------------------------------------------------
0                          0.897     0.839         0.909   0.867       280
1                          0.500     0.867         0.952   0.634        30
2                          0.840     0.827         0.865   0.833       266
*----------------------------------------*
2026-01-06 20:26:39,130 INFO Final validation 232/300, Val_acc: 0.8802, time 66.48sAccuracy: 0.938
class                  precision    recall   specificity      f1   support
--------------------------------------------------------------------------
0                          0.971     0.971         0.973   0.971        70
1                          0.500     0.750         0.956   0.600         8
2                          0.984     0.924         0.987   0.953        66
*========================================*
2026-01-06 20:26:40,537 INFO 0 Tue Jan  6 20:26:40 2026 Epoch: 233
2026-01-06 20:31:43,715 INFO Final training 233/300, loss: 0.4059, time 303.18s, lr: 0.000000
Accuracy: 0.825
class                  precision    recall   specificity      f1   support
--------------------------------------------------------------------------
0                          0.888     0.825         0.902   0.856       280
1                          0.510     0.867         0.954   0.642        30
2                          0.823     0.820         0.848   0.821       266
*----------------------------------------*
2026-01-06 20:31:43,716 INFO 0 Tue Jan  6 20:31:43 2026 Epoch: 234
2026-01-06 20:36:46,438 INFO Final training 234/300, loss: 0.4169, time 302.72s, lr: 0.000000
Accuracy: 0.832
class                  precision    recall   specificity      f1   support
--------------------------------------------------------------------------
0                          0.883     0.861         0.892   0.872       280
1                          0.464     0.867         0.945   0.605        30
2                          0.858     0.797         0.887   0.827       266
*----------------------------------------*
2026-01-06 20:37:52,898 INFO Final validation 234/300, Val_acc: 0.8802, time 66.46sAccuracy: 0.938
class                  precision    recall   specificity      f1   support
--------------------------------------------------------------------------
0                          0.971     0.971         0.973   0.971        70
1                          0.500     0.750         0.956   0.600         8
2                          0.984     0.924         0.987   0.953        66
*========================================*
2026-01-06 20:37:54,253 INFO 0 Tue Jan  6 20:37:54 2026 Epoch: 235
2026-01-06 20:43:00,360 INFO Final training 235/300, loss: 0.3885, time 306.11s, lr: 0.000000
Accuracy: 0.849
class                  precision    recall   specificity      f1   support
--------------------------------------------------------------------------
0                          0.900     0.864         0.909   0.882       280
1                          0.491     0.933         0.947   0.644        30
2                          0.876     0.823         0.900   0.849       266
*----------------------------------------*
2026-01-06 20:43:00,361 INFO 0 Tue Jan  6 20:43:00 2026 Epoch: 236
2026-01-06 20:48:05,463 INFO Final training 236/300, loss: 0.4080, time 305.10s, lr: 0.000000
Accuracy: 0.842
class                  precision    recall   specificity      f1   support
--------------------------------------------------------------------------
0                          0.900     0.864         0.909   0.882       280
1                          0.441     0.867         0.940   0.584        30
2                          0.875     0.816         0.900   0.844       266
*----------------------------------------*
2026-01-06 20:49:11,696 INFO Final validation 236/300, Val_acc: 0.8802, time 66.23sAccuracy: 0.938
class                  precision    recall   specificity      f1   support
--------------------------------------------------------------------------
0                          0.971     0.971         0.973   0.971        70
1                          0.500     0.750         0.956   0.600         8
2                          0.984     0.924         0.987   0.953        66
*========================================*
2026-01-06 20:49:13,069 INFO 0 Tue Jan  6 20:49:13 2026 Epoch: 237
2026-01-06 20:54:16,825 INFO Final training 237/300, loss: 0.4033, time 303.76s, lr: 0.000000
Accuracy: 0.849
class                  precision    recall   specificity      f1   support
--------------------------------------------------------------------------
0                          0.894     0.868         0.902   0.881       281
1                          0.520     0.867         0.956   0.650        30
2                          0.866     0.826         0.891   0.846       265
*----------------------------------------*
2026-01-06 20:54:16,826 INFO 0 Tue Jan  6 20:54:16 2026 Epoch: 238
2026-01-06 20:59:17,555 INFO Final training 238/300, loss: 0.4011, time 300.73s, lr: 0.000000
Accuracy: 0.837
class                  precision    recall   specificity      f1   support
--------------------------------------------------------------------------
0                          0.896     0.861         0.905   0.878       281
1                          0.455     0.833         0.945   0.588        30
2                          0.857     0.811         0.884   0.833       265
*----------------------------------------*
2026-01-06 21:00:24,037 INFO Final validation 238/300, Val_acc: 0.8802, time 66.48sAccuracy: 0.938
class                  precision    recall   specificity      f1   support
--------------------------------------------------------------------------
0                          0.971     0.971         0.973   0.971        70
1                          0.500     0.750         0.956   0.600         8
2                          0.984     0.924         0.987   0.953        66
*========================================*
2026-01-06 21:00:25,444 INFO 0 Tue Jan  6 21:00:25 2026 Epoch: 239
2026-01-06 21:05:31,981 INFO Final training 239/300, loss: 0.4113, time 306.54s, lr: 0.000000
Accuracy: 0.844
class                  precision    recall   specificity      f1   support
--------------------------------------------------------------------------
0                          0.890     0.861         0.898   0.875       281
1                          0.483     0.933         0.945   0.636        30
2                          0.878     0.815         0.904   0.845       265
*----------------------------------------*
2026-01-06 21:05:31,982 INFO 0 Tue Jan  6 21:05:31 2026 Epoch: 240
2026-01-06 21:10:38,493 INFO Final training 240/300, loss: 0.3901, time 306.51s, lr: 0.000000
Accuracy: 0.859
class                  precision    recall   specificity      f1   support
--------------------------------------------------------------------------
0                          0.914     0.872         0.922   0.893       281
1                          0.520     0.867         0.956   0.650        30
2                          0.868     0.845         0.891   0.857       265
*----------------------------------------*
2026-01-06 21:11:44,955 INFO Final validation 240/300, Val_acc: 0.8802, time 66.46sAccuracy: 0.938
class                  precision    recall   specificity      f1   support
--------------------------------------------------------------------------
0                          0.971     0.971         0.973   0.971        70
1                          0.500     0.750         0.956   0.600         8
2                          0.984     0.924         0.987   0.953        66
*========================================*
2026-01-06 21:11:46,612 INFO [EarlyStopping] Stopping training for val accuracy at epoch 240
2026-01-06 21:11:47,048 INFO Training Finished! Best Accuracy: 0.9028
2026-01-06 21:11:47,048 INFO ====================================================================================================
2026-01-06 21:11:47,048 INFO 
2026-01-06 21:12:38,683 INFO Final testing , Test_acc: 0.5091, time 42.48sAccuracy: 0.805
class                  precision    recall   specificity      f1   support
--------------------------------------------------------------------------
0                          0.882     0.750         0.905   0.811        40
1                          0.556     1.000         0.948   0.714         5
2                          0.795     0.838         0.822   0.816        37
*========================================*
2026-01-06 21:12:39,128 INFO Testing Finished! Best Accuracy: 0.5091
2026-01-06 21:12:39,128 INFO ====================================================================================================
2026-01-06 21:12:41,428 INFO Starting MC-Dropout Testing...
2026-01-06 21:14:04,217 INFO 
2026-01-06 21:14:04,217 INFO ================================================================================
2026-01-06 21:14:04,217 INFO MC-DROPOUT UNCERTAINTY ANALYSIS
2026-01-06 21:14:04,217 INFO ================================================================================
2026-01-06 21:14:04,217 INFO Correct predictions:   mean_unc=0.0838 ± 0.0320
2026-01-06 21:14:04,218 INFO Incorrect predictions: mean_unc=0.1101 ± 0.0405
2026-01-06 21:14:04,218 INFO Uncertainty gap:       0.0263
2026-01-06 21:14:04,218 INFO 
2026-01-06 21:14:04,218 INFO Per-class uncertainty:
2026-01-06 21:14:04,218 INFO   Class 0: 0.0876 ± 0.0467 (n=40)
2026-01-06 21:14:04,218 INFO   Class 1: 0.0764 ± 0.0069 (n=5)
2026-01-06 21:14:04,218 INFO   Class 2: 0.0920 ± 0.0195 (n=37)
2026-01-06 21:14:04,218 INFO 
2026-01-06 21:14:04,218 INFO Selective prediction (rejection thresholds):
2026-01-06 21:14:04,218 INFO   Reject top 50% (>0.0874): keep 41/82 samples, acc=0.8780
2026-01-06 21:14:04,218 INFO   Reject top 25% (>0.1037): keep 61/82 samples, acc=0.8689
2026-01-06 21:14:04,218 INFO   Reject top 10% (>0.1305): keep 73/82 samples, acc=0.8356
2026-01-06 21:14:04,218 INFO   Reject top 5% (>0.1508): keep 77/82 samples, acc=0.8312
2026-01-06 21:14:04,218 INFO 
2026-01-06 21:14:04,218 INFO Calibration (accuracy by uncertainty bin):
2026-01-06 21:14:04,219 INFO   Low (0-25%)          [0.0061, 0.0688): acc=0.9524, n=21
2026-01-06 21:14:04,219 INFO   Medium (25-50%)      [0.0688, 0.0874): acc=0.8000, n=20
2026-01-06 21:14:04,219 INFO   High (50-75%)        [0.0874, 0.1037): acc=0.8500, n=20
2026-01-06 21:14:04,219 INFO   Very High (75-100%)  [0.1037, 0.2035): acc=0.6500, n=20
2026-01-06 21:14:04,219 INFO 
2026-01-06 21:14:04,219 INFO Top 10 most uncertain samples:
2026-01-06 21:14:04,251 INFO   1. Sample 26: unc=0.2035, pred=1, true=0, ✗
2026-01-06 21:14:04,251 INFO   2. Sample 37: unc=0.1875, pred=1, true=0, ✗
2026-01-06 21:14:04,251 INFO   3. Sample 17: unc=0.1734, pred=0, true=0, ✓
2026-01-06 21:14:04,251 INFO   4. Sample 24: unc=0.1658, pred=0, true=0, ✓
2026-01-06 21:14:04,251 INFO   5. Sample 29: unc=0.1514, pred=2, true=0, ✗
2026-01-06 21:14:04,251 INFO   6. Sample 9: unc=0.1407, pred=0, true=0, ✓
2026-01-06 21:14:04,251 INFO   7. Sample 78: unc=0.1372, pred=2, true=2, ✓
2026-01-06 21:14:04,251 INFO   8. Sample 19: unc=0.1329, pred=2, true=0, ✗
2026-01-06 21:14:04,251 INFO   9. Sample 50: unc=0.1308, pred=2, true=2, ✓
2026-01-06 21:14:04,251 INFO   10. Sample 51: unc=0.1272, pred=2, true=2, ✓
2026-01-06 21:14:04,251 INFO ================================================================================
2026-01-06 21:14:04,251 INFO 
2026-01-06 21:14:04,252 INFO Total time spent: 07 hours 40 minutes 12 seconds
2026-01-06 21:14:04,252 INFO 
2026-01-06 21:14:04,252 INFO Final Results Summary:
