2025-10-29 10:28:36,905 INFO Log directory: outputs/OrganoidsINRIA/resnet50/2025-10-29-10-28
2025-10-29 10:28:36,907 INFO {'RandFlipd_prob': 0.2,
 'RandRotate90d_prob': 0.2,
 'RandScaleIntensityd_prob': 0.1,
 'RandShiftIntensityd_prob': 0.1,
 'amp': True,
 'augmentation': False,
 'batch_size': 6,
 'cache_dataset': False,
 'checkpoint_path': None,
 'data_dir': '/home/mraffael/martone_project/Organoids_Dataset/',
 'dataset_name': 'OrganoidsINRIA',
 'debug': False,
 'debug_train_samples': 40,
 'debug_val_samples': 10,
 'dist_backend': 'nccl',
 'dist_url': 'tcp://127.0.0.1:23456',
 'distributed': False,
 'dropout_path_rate': 0.0,
 'dropout_rate': 0.0,
 'early_stopping': False,
 'encoder10_pth': '',
 'exact_class': True,
 'feature_size': 48,
 'fold': 0,
 'folds': False,
 'gpu': 0,
 'ignore_label': 3,
 'in_channels': 1,
 'infer_overlap': 0.5,
 'k_folds': 5,
 'logdir': 'test',
 'logs_dir': 'logs/',
 'loss_name': 'FocalLoss',
 'lrschedule': 'warmup_cosine',
 'max_epochs': 100,
 'min_delta_loss': 0.001,
 'min_delta_val': 0.001,
 'model_name': 'resnet50',
 'momentum': 0.99,
 'noamp': False,
 'norm_name': 'instance',
 'oar_id': 2086003,
 'optim_lr': 0.0006,
 'optim_name': 'adamw',
 'out_channels': 1,
 'output_dir': 'outputs/',
 'patch_merging': False,
 'patience_loss': 20,
 'patience_val': 3,
 'pretrained_dir': './pretrained_models/resnet50/',
 'pretrained_model_name': 'resnet_50.pth',
 'rank': 0,
 'reg_weight': 5e-05,
 'resume_ckpt': False,
 'roi_x': 128,
 'roi_y': 128,
 'roi_z': 128,
 'save_checkpoint': True,
 'seed': 3,
 'similarity_loss': '',
 'similarity_loss_weight': 0.0,
 'spatial_dims': 3,
 'split_method': 'percentage',
 'start_epoch': 0,
 'sw_batch_size': 6,
 'telegram_log': True,
 'test_mode': False,
 'token': './token/tlg_token.txt',
 'use_checkpoint': False,
 'val_every': 4,
 'warmup_epochs': 8,
 'workers': 8,
 'world_size': 1}
2025-10-29 10:28:36,907 INFO 
2025-10-29 10:28:36,911 INFO Saved configuration to: outputs/OrganoidsINRIA/resnet50/2025-10-29-10-28/config.txt
2025-10-29 10:28:37,479 INFO Using GPU: 0
2025-10-29 10:28:37,479 INFO 
2025-10-29 10:28:37,479 INFO Model INFO:
2025-10-29 10:28:37,479 INFO Model architecture: resnet50
2025-10-29 10:28:37,845 INFO Using pretrained weights
2025-10-29 10:28:37,845 INFO => loading pretrained model './pretrained_models/resnet50/resnet_50.pth'
2025-10-29 10:28:39,477 INFO Missing keys when loading pretrained: 12
2025-10-29 10:28:39,478 INFO Using SwinUNETR with Single Linear Classification Head
2025-10-29 10:28:39,524 INFO 
2025-10-29 10:28:39,524 INFO Optimizer INFO:
2025-10-29 10:28:39,524 INFO Using optimizer: adamw with lr=0.0006, weight_decay=5e-05
2025-10-29 10:28:39,524 INFO 
2025-10-29 10:28:39,524 INFO Dataset INFO:
2025-10-29 10:28:39,560 INFO Dataset length: 423
2025-10-29 10:28:39,560 INFO Class distribution in entire dataset:
2025-10-29 10:28:39,560 INFO   Class 0: 137
2025-10-29 10:28:39,560 INFO   Class 1: 43
2025-10-29 10:28:39,560 INFO   Class 2: 243
2025-10-29 10:28:39,560 INFO 
Using split method: percentage
2025-10-29 10:28:39,568 INFO 
Train set balance:
2025-10-29 10:28:39,569 INFO 
Val set balance:
2025-10-29 10:28:39,569 INFO Training set length: 172
2025-10-29 10:28:39,569 INFO Validation set length: 43
2025-10-29 10:28:39,569 INFO 
Using standard shuffle for training
2025-10-29 10:28:39,569 INFO Training loader: 28 batches
2025-10-29 10:28:39,569 INFO Validation loader: 43 batches
2025-10-29 10:28:39,569 INFO 
Class distribution in training set:
2025-10-29 10:28:39,569 INFO   Class 0: 69 (40.1%)
2025-10-29 10:28:39,569 INFO   Class 1: 34 (19.8%)
2025-10-29 10:28:39,569 INFO   Class 2: 69 (40.1%)
2025-10-29 10:28:39,569 INFO Class distribution in validation set:
2025-10-29 10:28:39,569 INFO   Class 0: 17 (39.5%)
2025-10-29 10:28:39,569 INFO   Class 1: 9 (20.9%)
2025-10-29 10:28:39,569 INFO   Class 2: 17 (39.5%)
2025-10-29 10:28:39,569 INFO **************************************************
2025-10-29 10:28:39,605 INFO Class weights: [ 8.309  16.863  8.309]
2025-10-29 10:28:39,605 INFO 
2025-10-29 10:28:39,605 INFO Using loss function: FocalLoss
2025-10-29 10:28:39,608 INFO **************************************************
2025-10-29 10:28:39,608 INFO Starting training...
2025-10-29 10:28:39,610 INFO 0 Wed Oct 29 10:28:39 2025 Epoch: 0
