2025-10-21 09:27:34,900 INFO Log directory: outputs/OrganoidsINRIA/swinunetr/2025-10-21-09-27
2025-10-21 09:27:34,901 INFO {'RandFlipd_prob': 0.2,
 'RandRotate90d_prob': 0.2,
 'RandScaleIntensityd_prob': 0.1,
 'RandShiftIntensityd_prob': 0.1,
 'amp': True,
 'batch_size': 8,
 'cache_dataset': False,
 'checkpoint': './pretrained_models/encode10/model.pt',
 'data_dir': '/home/mraffael/martone_project/Organoids_Dataset/',
 'dataset_name': 'OrganoidsINRIA',
 'debug': False,
 'debug_train_samples': 3,
 'debug_val_samples': 3,
 'dist_backend': 'nccl',
 'dist_url': 'tcp://127.0.0.1:23456',
 'distributed': False,
 'dropout_path_rate': 0.0,
 'dropout_rate': 0.0,
 'early_stopping': True,
 'exact_class': True,
 'feature_size': 48,
 'fold': 0,
 'folds': False,
 'gpu': 0,
 'ignore_label': 3,
 'in_channels': 1,
 'infer_overlap': 0.5,
 'k_folds': 5,
 'logdir': 'training',
 'logs_dir': 'logs/',
 'loss_name': 'CombinedLoss',
 'lrschedule': 'warmup_cosine',
 'max_epochs': 150,
 'min_delta_loss': 0.01,
 'min_delta_val': 0.02,
 'model_name': 'swinunetr',
 'momentum': 0.99,
 'noamp': False,
 'norm_name': 'instance',
 'oar_id': 2076516,
 'optim_lr': 0.0001,
 'optim_name': 'adamw',
 'out_channels': 1,
 'output_dir': 'outputs/',
 'patience_loss': 50,
 'patience_val': 15,
 'pretrained_dir': './pretrained_models/fold1_f48_ep300_4gpu_dice0_9059/',
 'pretrained_model_name': 'model_swinvit.pt',
 'rank': 0,
 'reg_weight': 5e-05,
 'resume_ckpt': False,
 'roi_x': 128,
 'roi_y': 128,
 'roi_z': 128,
 'save_checkpoint': True,
 'seed': 304,
 'spatial_dims': 3,
 'split_method': 'balanced',
 'sw_batch_size': 1,
 'telegram_log': True,
 'test_mode': False,
 'token': './token/tlg_token.txt',
 'use_checkpoint': False,
 'val_every': 4,
 'warmup_epochs': 3,
 'workers': 8,
 'world_size': 1}
2025-10-21 09:27:34,901 INFO 
2025-10-21 09:27:35,391 INFO Using GPU: 0
2025-10-21 09:27:39,434 INFO 
2025-10-21 09:27:39,434 INFO Model INFO:
2025-10-21 09:27:39,434 INFO Model architecture: swinunetr
2025-10-21 09:27:39,434 INFO Using pretrained weights
2025-10-21 09:27:39,434 INFO => loaded pretrained model './pretrained_models/fold1_f48_ep300_4gpu_dice0_9059/model_swinvit.pt'
2025-10-21 09:27:39,434 INFO Number of missing keys when loading pretrained weights: 33
2025-10-21 09:27:39,434 INFO Number of unexpected keys when loading pretrained weights: 8
2025-10-21 09:27:40,890 INFO Caricati: 2
2025-10-21 09:27:40,890 INFO => loaded checkpoint for encoder10 './pretrained_models/encode10/model.pt' (epoch 0) (bestacc 0)
2025-10-21 09:27:40,890 INFO Using SwinUNETR with Single Linear Classification Head
2025-10-21 09:27:40,891 INFO Total parameters count: 39914805
2025-10-21 09:27:40,968 INFO 
2025-10-21 09:27:40,968 INFO Dataset INFO:
2025-10-21 09:27:40,968 INFO Dataset length is: 423
2025-10-21 09:27:40,968 INFO Class 0: 137
2025-10-21 09:27:40,968 INFO Class 1: 43
2025-10-21 09:27:40,968 INFO Class 2: 243
2025-10-21 09:27:40,973 INFO Train class 0: 34 (33.3%)
2025-10-21 09:27:40,973 INFO Train class 1: 34 (33.3%)
2025-10-21 09:27:40,973 INFO Train class 2: 34 (33.3%)
2025-10-21 09:27:40,973 INFO Val class 0: 9 (33.3%)
2025-10-21 09:27:40,973 INFO Val class 1: 9 (33.3%)
2025-10-21 09:27:40,973 INFO Val class 2: 9 (33.3%)
2025-10-21 09:27:40,973 INFO **************************************************
2025-10-21 09:27:40,973 INFO 
2025-10-21 09:27:40,973 INFO Training setting summary:
2025-10-21 09:27:40,973 INFO Using optimizer: adamw with lr=0.0001, weight decay=5e-05
2025-10-21 09:27:40,973 INFO Using LR scheduler: warmup_cosine
2025-10-21 09:27:40,979 INFO Class weights: [ 10.000  10.000  10.000]
2025-10-21 09:27:40,979 INFO Using loss function: CombinedLoss
2025-10-21 09:27:40,982 INFO 
2025-10-21 09:27:40,982 INFO **************************************************
2025-10-21 09:27:40,982 INFO Starting training...
2025-10-21 09:27:40,983 INFO 0 Tue Oct 21 09:27:40 2025 Epoch: 0
2025-10-21 09:31:10,528 INFO Final training  0/149loss: 4.7794time 209.54slr: 0.000000
2025-10-21 09:31:10,949 INFO --------------------------------------------------
2025-10-21 09:31:10,949 INFO 
2025-10-21 09:31:10,949 INFO 0 Tue Oct 21 09:31:10 2025 Epoch: 1
2025-10-21 09:34:17,972 INFO Final training  1/149loss: 4.7619time 187.02slr: 0.000050
2025-10-21 09:34:17,973 INFO --------------------------------------------------
2025-10-21 09:34:17,973 INFO 
2025-10-21 09:34:17,973 INFO 0 Tue Oct 21 09:34:17 2025 Epoch: 2
2025-10-21 09:37:24,192 INFO Final training  2/149loss: 4.6958time 186.22slr: 0.000100
2025-10-21 09:37:24,198 INFO --------------------------------------------------
2025-10-21 09:37:24,198 INFO 
2025-10-21 09:37:24,198 INFO 0 Tue Oct 21 09:37:24 2025 Epoch: 3
2025-10-21 09:40:30,126 INFO Final training  3/149loss: 4.6314time 185.93slr: 0.000100
2025-10-21 09:40:30,129 INFO --------------------------------------------------
2025-10-21 09:40:30,129 INFO 
2025-10-21 09:41:29,832 INFO Final validation stats 3/149, Val_acc: 0.518519, time 59.70s
2025-10-21 09:41:30,250 INFO new best (0.000000 --> 0.518519). 
2025-10-21 09:41:33,850 INFO Copying to model.pt new best model!!!!
2025-10-21 09:41:35,428 INFO --------------------------------------------------
2025-10-21 09:41:35,428 INFO 
2025-10-21 09:41:35,428 INFO 0 Tue Oct 21 09:41:35 2025 Epoch: 4
2025-10-21 09:44:39,464 INFO Final training  4/149loss: 4.5763time 184.04slr: 0.000100
2025-10-21 09:44:39,467 INFO --------------------------------------------------
2025-10-21 09:44:39,467 INFO 
2025-10-21 09:44:39,467 INFO 0 Tue Oct 21 09:44:39 2025 Epoch: 5
2025-10-21 09:47:43,587 INFO Final training  5/149loss: 4.5056time 184.12slr: 0.000100
2025-10-21 09:47:43,593 INFO --------------------------------------------------
2025-10-21 09:47:43,593 INFO 
2025-10-21 09:47:43,593 INFO 0 Tue Oct 21 09:47:43 2025 Epoch: 6
2025-10-21 09:50:48,836 INFO Final training  6/149loss: 4.4652time 185.24slr: 0.000100
2025-10-21 09:50:48,838 INFO --------------------------------------------------
2025-10-21 09:50:48,838 INFO 
2025-10-21 09:50:48,838 INFO 0 Tue Oct 21 09:50:48 2025 Epoch: 7
2025-10-21 09:53:54,120 INFO Final training  7/149loss: 4.3733time 185.28slr: 0.000100
2025-10-21 09:53:54,120 INFO --------------------------------------------------
2025-10-21 09:53:54,120 INFO 
2025-10-21 09:54:47,603 INFO Final validation stats 7/149, Val_acc: 0.481481, time 53.48s
2025-10-21 09:54:49,709 INFO --------------------------------------------------
2025-10-21 09:54:49,709 INFO 
2025-10-21 09:54:49,709 INFO 0 Tue Oct 21 09:54:49 2025 Epoch: 8
2025-10-21 09:57:55,554 INFO Final training  8/149loss: 4.3565time 185.84slr: 0.000100
2025-10-21 09:57:55,554 INFO --------------------------------------------------
2025-10-21 09:57:55,554 INFO 
2025-10-21 09:57:55,554 INFO 0 Tue Oct 21 09:57:55 2025 Epoch: 9
2025-10-21 10:01:00,394 INFO Final training  9/149loss: 4.3305time 184.84slr: 0.000100
2025-10-21 10:01:00,395 INFO --------------------------------------------------
2025-10-21 10:01:00,395 INFO 
2025-10-21 10:01:00,395 INFO 0 Tue Oct 21 10:01:00 2025 Epoch: 10
2025-10-21 10:04:06,301 INFO Final training  10/149loss: 4.2387time 185.91slr: 0.000099
2025-10-21 10:04:06,818 INFO --------------------------------------------------
2025-10-21 10:04:06,818 INFO 
2025-10-21 10:04:06,818 INFO 0 Tue Oct 21 10:04:06 2025 Epoch: 11
2025-10-21 10:07:13,191 INFO Final training  11/149loss: 4.1640time 186.37slr: 0.000099
2025-10-21 10:07:13,195 INFO --------------------------------------------------
2025-10-21 10:07:13,195 INFO 
2025-10-21 10:08:06,760 INFO Final validation stats 11/149, Val_acc: 0.592593, time 53.57s
2025-10-21 10:08:07,215 INFO new best (0.518519 --> 0.592593). 
2025-10-21 10:08:10,906 INFO Copying to model.pt new best model!!!!
2025-10-21 10:08:12,489 INFO --------------------------------------------------
2025-10-21 10:08:12,490 INFO 
2025-10-21 10:08:12,490 INFO 0 Tue Oct 21 10:08:12 2025 Epoch: 12
2025-10-21 10:11:18,508 INFO Final training  12/149loss: 4.1280time 186.02slr: 0.000099
2025-10-21 10:11:18,512 INFO --------------------------------------------------
2025-10-21 10:11:18,512 INFO 
2025-10-21 10:11:18,512 INFO 0 Tue Oct 21 10:11:18 2025 Epoch: 13
2025-10-21 10:14:22,707 INFO Final training  13/149loss: 4.0813time 184.20slr: 0.000099
2025-10-21 10:14:22,710 INFO --------------------------------------------------
2025-10-21 10:14:22,710 INFO 
2025-10-21 10:14:22,710 INFO 0 Tue Oct 21 10:14:22 2025 Epoch: 14
2025-10-21 10:17:26,523 INFO Final training  14/149loss: 4.0031time 183.81slr: 0.000099
2025-10-21 10:17:26,528 INFO --------------------------------------------------
2025-10-21 10:17:26,528 INFO 
2025-10-21 10:17:26,529 INFO 0 Tue Oct 21 10:17:26 2025 Epoch: 15
2025-10-21 10:20:32,985 INFO Final training  15/149loss: 3.9819time 186.46slr: 0.000098
2025-10-21 10:20:32,986 INFO --------------------------------------------------
2025-10-21 10:20:32,986 INFO 
2025-10-21 10:21:26,624 INFO Final validation stats 15/149, Val_acc: 0.703704, time 53.64s
2025-10-21 10:21:27,136 INFO new best (0.592593 --> 0.703704). 
2025-10-21 10:21:30,854 INFO Copying to model.pt new best model!!!!
2025-10-21 10:21:32,445 INFO --------------------------------------------------
2025-10-21 10:21:32,445 INFO 
2025-10-21 10:21:32,445 INFO 0 Tue Oct 21 10:21:32 2025 Epoch: 16
2025-10-21 10:24:38,504 INFO Final training  16/149loss: 3.9454time 186.06slr: 0.000098
2025-10-21 10:24:38,510 INFO --------------------------------------------------
2025-10-21 10:24:38,510 INFO 
2025-10-21 10:24:38,510 INFO 0 Tue Oct 21 10:24:38 2025 Epoch: 17
2025-10-21 10:27:43,776 INFO Final training  17/149loss: 3.8956time 185.27slr: 0.000098
2025-10-21 10:27:43,776 INFO --------------------------------------------------
2025-10-21 10:27:43,776 INFO 
2025-10-21 10:27:43,776 INFO 0 Tue Oct 21 10:27:43 2025 Epoch: 18
2025-10-21 10:30:50,054 INFO Final training  18/149loss: 3.8597time 186.28slr: 0.000097
2025-10-21 10:30:50,055 INFO --------------------------------------------------
2025-10-21 10:30:50,055 INFO 
2025-10-21 10:30:50,055 INFO 0 Tue Oct 21 10:30:50 2025 Epoch: 19
2025-10-21 10:33:56,420 INFO Final training  19/149loss: 3.8474time 186.37slr: 0.000097
2025-10-21 10:33:56,422 INFO --------------------------------------------------
2025-10-21 10:33:56,422 INFO 
2025-10-21 10:34:50,154 INFO Final validation stats 19/149, Val_acc: 0.740741, time 53.73s
2025-10-21 10:34:50,641 INFO new best (0.703704 --> 0.740741). 
2025-10-21 10:34:54,354 INFO Copying to model.pt new best model!!!!
2025-10-21 10:34:55,940 INFO --------------------------------------------------
2025-10-21 10:34:55,940 INFO 
2025-10-21 10:34:55,940 INFO 0 Tue Oct 21 10:34:55 2025 Epoch: 20
2025-10-21 10:38:00,162 INFO Final training  20/149loss: 3.8148time 184.22slr: 0.000097
2025-10-21 10:38:00,628 INFO --------------------------------------------------
2025-10-21 10:38:00,628 INFO 
2025-10-21 10:38:00,628 INFO 0 Tue Oct 21 10:38:00 2025 Epoch: 21
2025-10-21 10:41:07,091 INFO Final training  21/149loss: 3.7338time 186.46slr: 0.000096
2025-10-21 10:41:07,091 INFO --------------------------------------------------
2025-10-21 10:41:07,091 INFO 
2025-10-21 10:41:07,091 INFO 0 Tue Oct 21 10:41:07 2025 Epoch: 22
2025-10-21 10:44:12,347 INFO Final training  22/149loss: 3.7564time 185.26slr: 0.000096
2025-10-21 10:44:12,353 INFO --------------------------------------------------
2025-10-21 10:44:12,353 INFO 
2025-10-21 10:44:12,353 INFO 0 Tue Oct 21 10:44:12 2025 Epoch: 23
2025-10-21 10:47:17,040 INFO Final training  23/149loss: 3.6786time 184.69slr: 0.000096
2025-10-21 10:47:17,040 INFO --------------------------------------------------
2025-10-21 10:47:17,040 INFO 
2025-10-21 10:48:10,774 INFO Final validation stats 23/149, Val_acc: 0.555556, time 53.73s
2025-10-21 10:48:12,944 INFO --------------------------------------------------
2025-10-21 10:48:12,945 INFO 
2025-10-21 10:48:12,945 INFO 0 Tue Oct 21 10:48:12 2025 Epoch: 24
2025-10-21 10:51:16,747 INFO Final training  24/149loss: 3.6591time 183.80slr: 0.000095
2025-10-21 10:51:16,747 INFO --------------------------------------------------
2025-10-21 10:51:16,747 INFO 
2025-10-21 10:51:16,747 INFO 0 Tue Oct 21 10:51:16 2025 Epoch: 25
2025-10-21 10:54:23,447 INFO Final training  25/149loss: 3.6317time 186.70slr: 0.000095
2025-10-21 10:54:23,489 INFO --------------------------------------------------
2025-10-21 10:54:23,489 INFO 
2025-10-21 10:54:23,489 INFO 0 Tue Oct 21 10:54:23 2025 Epoch: 26
2025-10-21 10:57:31,433 INFO Final training  26/149loss: 3.5819time 187.94slr: 0.000094
2025-10-21 10:57:31,434 INFO --------------------------------------------------
2025-10-21 10:57:31,434 INFO 
2025-10-21 10:57:31,434 INFO 0 Tue Oct 21 10:57:31 2025 Epoch: 27
2025-10-21 11:00:37,515 INFO Final training  27/149loss: 3.5111time 186.08slr: 0.000094
2025-10-21 11:00:37,520 INFO --------------------------------------------------
2025-10-21 11:00:37,520 INFO 
2025-10-21 11:01:31,210 INFO Final validation stats 27/149, Val_acc: 0.666667, time 53.69s
2025-10-21 11:01:33,429 INFO --------------------------------------------------
2025-10-21 11:01:33,429 INFO 
2025-10-21 11:01:33,429 INFO 0 Tue Oct 21 11:01:33 2025 Epoch: 28
2025-10-21 11:04:40,172 INFO Final training  28/149loss: 3.5121time 186.74slr: 0.000093
2025-10-21 11:04:40,176 INFO --------------------------------------------------
2025-10-21 11:04:40,176 INFO 
2025-10-21 11:04:40,177 INFO 0 Tue Oct 21 11:04:40 2025 Epoch: 29
2025-10-21 11:07:45,169 INFO Final training  29/149loss: 3.4844time 184.99slr: 0.000092
2025-10-21 11:07:45,175 INFO --------------------------------------------------
2025-10-21 11:07:45,175 INFO 
2025-10-21 11:07:45,175 INFO 0 Tue Oct 21 11:07:45 2025 Epoch: 30
2025-10-21 11:10:48,972 INFO Final training  30/149loss: 3.4513time 183.80slr: 0.000092
2025-10-21 11:10:49,478 INFO --------------------------------------------------
2025-10-21 11:10:49,478 INFO 
2025-10-21 11:10:49,478 INFO 0 Tue Oct 21 11:10:49 2025 Epoch: 31
2025-10-21 11:13:54,621 INFO Final training  31/149loss: 3.4550time 185.14slr: 0.000091
2025-10-21 11:13:54,621 INFO --------------------------------------------------
2025-10-21 11:13:54,621 INFO 
2025-10-21 11:14:48,307 INFO Final validation stats 31/149, Val_acc: 0.740741, time 53.69s
2025-10-21 11:14:50,466 INFO --------------------------------------------------
2025-10-21 11:14:50,466 INFO 
2025-10-21 11:14:50,467 INFO 0 Tue Oct 21 11:14:50 2025 Epoch: 32
2025-10-21 11:17:55,624 INFO Final training  32/149loss: 3.3762time 185.16slr: 0.000091
2025-10-21 11:17:55,625 INFO --------------------------------------------------
2025-10-21 11:17:55,625 INFO 
2025-10-21 11:17:55,625 INFO 0 Tue Oct 21 11:17:55 2025 Epoch: 33
2025-10-21 11:20:59,593 INFO Final training  33/149loss: 3.3897time 183.97slr: 0.000090
2025-10-21 11:20:59,600 INFO --------------------------------------------------
2025-10-21 11:20:59,600 INFO 
2025-10-21 11:20:59,600 INFO 0 Tue Oct 21 11:20:59 2025 Epoch: 34
2025-10-21 11:24:06,327 INFO Final training  34/149loss: 3.2906time 186.73slr: 0.000089
2025-10-21 11:24:06,334 INFO --------------------------------------------------
2025-10-21 11:24:06,334 INFO 
2025-10-21 11:24:06,334 INFO 0 Tue Oct 21 11:24:06 2025 Epoch: 35
2025-10-21 11:27:11,764 INFO Final training  35/149loss: 3.3427time 185.43slr: 0.000089
2025-10-21 11:27:11,770 INFO --------------------------------------------------
2025-10-21 11:27:11,770 INFO 
2025-10-21 11:28:05,397 INFO Final validation stats 35/149, Val_acc: 0.703704, time 53.63s
2025-10-21 11:28:07,547 INFO --------------------------------------------------
2025-10-21 11:28:07,547 INFO 
2025-10-21 11:28:07,547 INFO 0 Tue Oct 21 11:28:07 2025 Epoch: 36
2025-10-21 11:31:12,006 INFO Final training  36/149loss: 3.2578time 184.46slr: 0.000088
2025-10-21 11:31:12,007 INFO --------------------------------------------------
2025-10-21 11:31:12,007 INFO 
2025-10-21 11:31:12,007 INFO 0 Tue Oct 21 11:31:12 2025 Epoch: 37
2025-10-21 11:34:17,350 INFO Final training  37/149loss: 3.2514time 185.34slr: 0.000087
2025-10-21 11:34:17,355 INFO --------------------------------------------------
2025-10-21 11:34:17,355 INFO 
2025-10-21 11:34:17,355 INFO 0 Tue Oct 21 11:34:17 2025 Epoch: 38
2025-10-21 11:37:24,027 INFO Final training  38/149loss: 3.2683time 186.67slr: 0.000087
2025-10-21 11:37:24,028 INFO --------------------------------------------------
2025-10-21 11:37:24,028 INFO 
2025-10-21 11:37:24,028 INFO 0 Tue Oct 21 11:37:24 2025 Epoch: 39
