2026-01-23 10:22:10,897 INFO Log directory: outputs/OrganoidsINRIA_Slice_32/swinvit/2026-01-23-10-22
2026-01-23 10:22:10,899 INFO {'RandFlipd_prob': 0.2,
 'RandRotate90d_prob': 0.2,
 'RandScaleIntensityd_prob': 0.1,
 'RandShiftIntensityd_prob': 0.1,
 'amp': True,
 'augmentation': True,
 'batch_size': 6,
 'cache_dataset': False,
 'checkpoint_path': None,
 'data_dir': '/home/mraffael/martone_project/Organoids_Dataset_256/',
 'dataset_name': 'OrganoidsINRIA_Slice_32',
 'debug': False,
 'debug_train_samples': 40,
 'debug_val_samples': 10,
 'dist_backend': 'nccl',
 'dist_url': 'tcp://127.0.0.1:23456',
 'distributed': False,
 'dropout_path_rate': 0.0,
 'dropout_rate': 0.0,
 'early_stopping': True,
 'encoder10_pth': '',
 'exact_class': False,
 'feature_size': 48,
 'fold': 0,
 'folds': False,
 'gpu': 0,
 'ignore_label': 3,
 'in_channels': 1,
 'infer_overlap': 0.5,
 'k_folds': 5,
 'logdir': 'test',
 'logs_dir': 'logs/',
 'loss_name': 'CE',
 'lrschedule': 'warmup_cosine',
 'max_epochs': 300,
 'min_delta_loss': 0.001,
 'min_delta_val': 0.01,
 'model_name': 'swinvit',
 'momentum': 0.99,
 'n_slices': 32,
 'noamp': False,
 'norm_name': 'instance',
 'oar_id': 2216482,
 'optim_lr': 0.003,
 'optim_name': 'adamw',
 'out_channels': 1,
 'output_dir': 'outputs/',
 'patch_merging': False,
 'patience_loss': 40,
 'patience_val': 40,
 'pretrained_dir': './pretrained_models/fold1_f48_ep300_4gpu_dice0_9059/',
 'pretrained_model_name': 'model_swinvit.pt',
 'rank': 0,
 'reg_weight': 5e-05,
 'restart_T0': 20,
 'resume_ckpt': False,
 'roi_x': 128,
 'roi_y': 128,
 'roi_z': 32,
 'save_checkpoint': True,
 'seed': 3,
 'similarity_loss': '',
 'similarity_loss_weight': 0.0,
 'slice_selection': True,
 'spatial_dims': 3,
 'split_method': 'stratified',
 'start_epoch': 0,
 'sw_batch_size': 8,
 'telegram_log': True,
 'test_mode': False,
 'token': './token/tlg_token.txt',
 'use_checkpoint': False,
 'val_every': 2,
 'warmup_epochs': 5,
 'workers': 8,
 'world_size': 1}
2026-01-23 10:22:10,899 INFO 
2026-01-23 10:22:10,903 INFO Saved configuration to: outputs/OrganoidsINRIA_Slice_32/swinvit/2026-01-23-10-22/config.txt
2026-01-23 10:22:11,603 INFO Using GPU: 0
2026-01-23 10:22:11,603 INFO 
2026-01-23 10:22:11,603 INFO Model INFO:
2026-01-23 10:22:11,603 INFO Model architecture: swinvit
2026-01-23 10:22:12,087 INFO Using pretrained weights
2026-01-23 10:22:12,087 INFO => loading pretrained model './pretrained_models/fold1_f48_ep300_4gpu_dice0_9059/model_swinvit.pt'
2026-01-23 10:22:17,305 INFO Missing keys when loading pretrained: 33
2026-01-23 10:22:17,305 INFO Unexpected keys when loading pretrained: 8
2026-01-23 10:22:17,312 INFO Using SwinViT with Single Linear Classification Head
2026-01-23 10:22:17,314 INFO Total trainable parameters: 8,064,309
2026-01-23 10:22:17,339 INFO 
2026-01-23 10:22:17,339 INFO Optimizer INFO:
2026-01-23 10:22:17,340 INFO Using optimizer: adamw with lr=0.003, weight_decay=5e-05
2026-01-23 10:22:17,340 INFO 
2026-01-23 10:22:17,340 INFO Dataset INFO:
2026-01-23 10:22:17,414 INFO Dataset length: 721
2026-01-23 10:22:17,414 INFO Class distribution in entire dataset:
2026-01-23 10:22:17,414 INFO   Class 0: 351
2026-01-23 10:22:17,414 INFO   Class 1: 38
2026-01-23 10:22:17,414 INFO   Class 2: 332
2026-01-23 10:22:17,414 INFO 
Using split method: stratified
2026-01-23 10:22:17,424 INFO 
Train set balance:
2026-01-23 10:22:17,424 INFO 
Val set balance:
2026-01-23 10:22:17,424 INFO Training set length: 577
2026-01-23 10:22:17,424 INFO Validation set length: 144
2026-01-23 10:22:17,424 INFO 
Using standard shuffle for training
2026-01-23 10:22:17,425 INFO Training loader: 96 batches
2026-01-23 10:22:17,425 INFO Validation loader: 24 batches
2026-01-23 10:22:17,425 INFO 
Class distribution in training set:
2026-01-23 10:22:17,425 INFO   Class 0: 281 (48.7%)
2026-01-23 10:22:17,425 INFO   Class 1: 30 (5.2%)
2026-01-23 10:22:17,425 INFO   Class 2: 266 (46.1%)
2026-01-23 10:22:17,425 INFO Class distribution in validation set:
2026-01-23 10:22:17,425 INFO   Class 0: 70 (48.6%)
2026-01-23 10:22:17,425 INFO   Class 1: 8 (5.6%)
2026-01-23 10:22:17,425 INFO   Class 2: 66 (45.8%)
2026-01-23 10:22:17,425 INFO **************************************************
2026-01-23 10:22:17,798 INFO Class weights: [ 6.845  64.111  7.231]
2026-01-23 10:22:17,798 INFO 
2026-01-23 10:22:17,798 INFO Test Dataset INFO:
2026-01-23 10:22:17,827 INFO Test Dataset length: 82
2026-01-23 10:22:17,827 INFO Class distribution in test dataset:
2026-01-23 10:22:17,827 INFO   Class 0: 40
2026-01-23 10:22:17,827 INFO   Class 1: 5
2026-01-23 10:22:17,827 INFO   Class 2: 37
2026-01-23 10:22:17,827 INFO Test loader: 14 batches
2026-01-23 10:22:17,827 INFO **************************************************
2026-01-23 10:22:17,827 INFO 
2026-01-23 10:22:17,827 INFO Using loss function: CE
2026-01-23 10:22:17,831 INFO **************************************************
2026-01-23 10:22:17,831 INFO Starting training...
2026-01-23 10:22:17,833 INFO 0 Fri Jan 23 10:22:17 2026 Epoch: 1
2026-01-23 10:24:08,857 INFO Final training 1/300, loss: 1.1487, time 111.02s, lr: 0.000000
Accuracy: 0.095
class                  precision    recall   specificity      f1   support
--------------------------------------------------------------------------
0                          0.466     0.096         0.895   0.160       280
1                          0.054     0.933         0.103   0.102        30
2                          0.000     0.000         1.000   0.000       266
*----------------------------------------*
2026-01-23 10:24:09,293 INFO 0 Fri Jan 23 10:24:09 2026 Epoch: 2
2026-01-23 10:25:42,268 INFO Final training 2/300, loss: 1.3537, time 92.97s, lr: 0.000750
Accuracy: 0.406
class                  precision    recall   specificity      f1   support
--------------------------------------------------------------------------
0                          0.504     0.432         0.598   0.465       280
1                          0.065     0.233         0.815   0.101        30
2                          0.465     0.398         0.606   0.429       266
*----------------------------------------*
2026-01-23 10:27:47,220 INFO Final validation 2/300, Val_acc: 0.4444, time 124.95sAccuracy: 0.465
class                  precision    recall   specificity      f1   support
--------------------------------------------------------------------------
0                          1.000     0.014         1.000   0.028        70
1                          0.000     0.000         1.000   0.000         8
2                          0.462     1.000         0.013   0.632        66
*========================================*
2026-01-23 10:27:47,221 INFO New best (0.000000 --> 0.444444)
2026-01-23 10:27:50,085 INFO Copying best model to best_model.pt
2026-01-23 10:27:50,904 INFO 0 Fri Jan 23 10:27:50 2026 Epoch: 3
2026-01-23 10:29:24,217 INFO Final training 3/300, loss: 1.2940, time 93.31s, lr: 0.001500
Accuracy: 0.417
class                  precision    recall   specificity      f1   support
--------------------------------------------------------------------------
0                          0.493     0.370         0.637   0.423       281
1                          0.015     0.033         0.879   0.021        30
2                          0.453     0.509         0.476   0.480       265
*----------------------------------------*
2026-01-23 10:29:24,218 INFO 0 Fri Jan 23 10:29:24 2026 Epoch: 4
2026-01-23 10:30:58,612 INFO Final training 4/300, loss: 1.1325, time 94.39s, lr: 0.002250
Accuracy: 0.385
class                  precision    recall   specificity      f1   support
--------------------------------------------------------------------------
0                          0.447     0.409         0.519   0.428       281
1                          0.056     0.138         0.876   0.079        29
2                          0.417     0.387         0.535   0.402       266
*----------------------------------------*
2026-01-23 10:32:36,078 INFO Final validation 4/300, Val_acc: 0.4583, time 97.46sAccuracy: 0.486
class                  precision    recall   specificity      f1   support
--------------------------------------------------------------------------
0                          0.486     1.000         0.000   0.654        70
1                          0.000     0.000         1.000   0.000         8
2                          0.000     0.000         1.000   0.000        66
*========================================*
2026-01-23 10:32:36,078 INFO New best (0.444444 --> 0.458333)
2026-01-23 10:32:38,756 INFO Copying best model to best_model.pt
2026-01-23 10:32:39,596 INFO 0 Fri Jan 23 10:32:39 2026 Epoch: 5
2026-01-23 10:34:13,040 INFO Final training 5/300, loss: 1.1032, time 93.44s, lr: 0.003000
Accuracy: 0.479
class                  precision    recall   specificity      f1   support
--------------------------------------------------------------------------
0                          0.493     0.518         0.497   0.505       280
1                          0.000     0.000         0.989   0.000        30
2                          0.475     0.492         0.532   0.483       266
*----------------------------------------*
2026-01-23 10:34:13,040 INFO 0 Fri Jan 23 10:34:13 2026 Epoch: 6
2026-01-23 10:35:46,413 INFO Final training 6/300, loss: 1.0742, time 93.37s, lr: 0.003000
Accuracy: 0.465
class                  precision    recall   specificity      f1   support
--------------------------------------------------------------------------
0                          0.478     0.541         0.437   0.508       281
1                          0.000     0.000         1.000   0.000        30
2                          0.450     0.438         0.543   0.444       265
*----------------------------------------*
2026-01-23 10:37:23,624 INFO Final validation 6/300, Val_acc: 0.4375, time 97.21sAccuracy: 0.458
class                  precision    recall   specificity      f1   support
--------------------------------------------------------------------------
0                          0.000     0.000         1.000   0.000        70
1                          0.000     0.000         1.000   0.000         8
2                          0.458     1.000         0.000   0.629        66
*========================================*
2026-01-23 10:37:24,942 INFO 0 Fri Jan 23 10:37:24 2026 Epoch: 7
2026-01-23 10:38:58,609 INFO Final training 7/300, loss: 1.1012, time 93.67s, lr: 0.003000
Accuracy: 0.438
class                  precision    recall   specificity      f1   support
--------------------------------------------------------------------------
0                          0.450     0.384         0.553   0.415       281
1                          0.000     0.000         1.000   0.000        30
2                          0.429     0.543         0.383   0.479       265
*----------------------------------------*
2026-01-23 10:38:58,609 INFO 0 Fri Jan 23 10:38:58 2026 Epoch: 8
2026-01-23 10:40:32,728 INFO Final training 8/300, loss: 1.0867, time 94.12s, lr: 0.003000
Accuracy: 0.431
class                  precision    recall   specificity      f1   support
--------------------------------------------------------------------------
0                          0.489     0.471         0.534   0.480       280
1                          0.037     0.067         0.905   0.048        30
2                          0.452     0.429         0.555   0.440       266
*----------------------------------------*
2026-01-23 10:42:10,032 INFO Final validation 8/300, Val_acc: 0.4375, time 97.30sAccuracy: 0.458
class                  precision    recall   specificity      f1   support
--------------------------------------------------------------------------
0                          0.000     0.000         1.000   0.000        70
1                          0.000     0.000         1.000   0.000         8
2                          0.458     1.000         0.000   0.629        66
*========================================*
2026-01-23 10:42:11,352 INFO 0 Fri Jan 23 10:42:11 2026 Epoch: 9
2026-01-23 10:43:44,084 INFO Final training 9/300, loss: 1.0782, time 92.73s, lr: 0.002999
Accuracy: 0.431
class                  precision    recall   specificity      f1   support
--------------------------------------------------------------------------
0                          0.457     0.421         0.527   0.439       280
1                          0.033     0.033         0.947   0.033        30
2                          0.448     0.485         0.487   0.466       266
*----------------------------------------*
2026-01-23 10:43:44,084 INFO 0 Fri Jan 23 10:43:44 2026 Epoch: 10
2026-01-23 10:45:16,070 INFO Final training 10/300, loss: 1.0811, time 91.99s, lr: 0.002999
Accuracy: 0.450
class                  precision    recall   specificity      f1   support
--------------------------------------------------------------------------
0                          0.500     0.525         0.503   0.512       280
1                          0.024     0.033         0.925   0.028        30
2                          0.463     0.417         0.584   0.439       266
*----------------------------------------*
2026-01-23 10:46:53,068 INFO Final validation 10/300, Val_acc: 0.4375, time 97.00sAccuracy: 0.458
class                  precision    recall   specificity      f1   support
--------------------------------------------------------------------------
0                          0.000     0.000         1.000   0.000        70
1                          0.000     0.000         1.000   0.000         8
2                          0.458     1.000         0.000   0.629        66
*========================================*
2026-01-23 10:46:54,431 INFO 0 Fri Jan 23 10:46:54 2026 Epoch: 11
2026-01-23 10:48:27,185 INFO Final training 11/300, loss: 1.0605, time 92.75s, lr: 0.002998
Accuracy: 0.483
class                  precision    recall   specificity      f1   support
--------------------------------------------------------------------------
0                          0.493     0.539         0.476   0.515       280
1                          0.000     0.000         1.000   0.000        30
2                          0.470     0.477         0.539   0.474       266
*----------------------------------------*
2026-01-23 10:48:27,627 INFO 0 Fri Jan 23 10:48:27 2026 Epoch: 12
2026-01-23 10:49:59,821 INFO Final training 12/300, loss: 1.0576, time 92.19s, lr: 0.002997
Accuracy: 0.474
class                  precision    recall   specificity      f1   support
--------------------------------------------------------------------------
0                          0.474     0.325         0.659   0.386       280
1                          0.000     0.000         1.000   0.000        30
2                          0.474     0.684         0.348   0.560       266
*----------------------------------------*
2026-01-23 10:51:37,137 INFO Final validation 12/300, Val_acc: 0.4375, time 97.32sAccuracy: 0.458
class                  precision    recall   specificity      f1   support
--------------------------------------------------------------------------
0                          0.000     0.000         1.000   0.000        70
1                          0.000     0.000         1.000   0.000         8
2                          0.458     1.000         0.000   0.629        66
*========================================*
2026-01-23 10:51:38,497 INFO 0 Fri Jan 23 10:51:38 2026 Epoch: 13
2026-01-23 10:53:11,869 INFO Final training 13/300, loss: 1.0638, time 93.37s, lr: 0.002996
Accuracy: 0.458
class                  precision    recall   specificity      f1   support
--------------------------------------------------------------------------
0                          0.469     0.654         0.301   0.546       280
1                          0.000     0.000         1.000   0.000        30
2                          0.435     0.305         0.661   0.358       266
*----------------------------------------*
2026-01-23 10:53:11,869 INFO 0 Fri Jan 23 10:53:11 2026 Epoch: 14
2026-01-23 10:54:44,347 INFO Final training 14/300, loss: 1.0862, time 92.48s, lr: 0.002995
Accuracy: 0.438
class                  precision    recall   specificity      f1   support
--------------------------------------------------------------------------
0                          0.437     0.421         0.486   0.429       280
1                          0.000     0.000         1.000   0.000        30
2                          0.438     0.504         0.445   0.469       266
*----------------------------------------*
2026-01-23 10:56:23,015 INFO Final validation 14/300, Val_acc: 0.4375, time 98.67sAccuracy: 0.458
class                  precision    recall   specificity      f1   support
--------------------------------------------------------------------------
0                          0.000     0.000         1.000   0.000        70
1                          0.000     0.000         1.000   0.000         8
2                          0.458     1.000         0.000   0.629        66
*========================================*
2026-01-23 10:56:24,336 INFO 0 Fri Jan 23 10:56:24 2026 Epoch: 15
2026-01-23 10:57:58,541 INFO Final training 15/300, loss: 1.0765, time 94.21s, lr: 0.002993
Accuracy: 0.498
class                  precision    recall   specificity      f1   support
--------------------------------------------------------------------------
0                          0.519     0.477         0.580   0.497       281
1                          0.000     0.000         1.000   0.000        30
2                          0.481     0.577         0.469   0.525       265
*----------------------------------------*
2026-01-23 10:57:58,542 INFO 0 Fri Jan 23 10:57:58 2026 Epoch: 16
2026-01-23 10:59:31,836 INFO Final training 16/300, loss: 1.0608, time 93.29s, lr: 0.002992
Accuracy: 0.484
class                  precision    recall   specificity      f1   support
--------------------------------------------------------------------------
0                          0.497     0.543         0.480   0.519       280
1                          0.000     0.000         1.000   0.000        30
2                          0.470     0.477         0.539   0.474       266
*----------------------------------------*
2026-01-23 11:01:10,124 INFO Final validation 16/300, Val_acc: 0.4375, time 98.29sAccuracy: 0.458
class                  precision    recall   specificity      f1   support
--------------------------------------------------------------------------
0                          0.000     0.000         1.000   0.000        70
1                          0.000     0.000         1.000   0.000         8
2                          0.458     1.000         0.000   0.629        66
*========================================*
2026-01-23 11:01:11,447 INFO 0 Fri Jan 23 11:01:11 2026 Epoch: 17
2026-01-23 11:02:47,293 INFO Final training 17/300, loss: 1.0700, time 95.85s, lr: 0.002990
Accuracy: 0.493
class                  precision    recall   specificity      f1   support
--------------------------------------------------------------------------
0                          0.520     0.379         0.669   0.438       280
1                          0.000     0.000         1.000   0.000        30
2                          0.478     0.669         0.374   0.558       266
*----------------------------------------*
2026-01-23 11:02:47,293 INFO 0 Fri Jan 23 11:02:47 2026 Epoch: 18
2026-01-23 11:04:20,310 INFO Final training 18/300, loss: 1.0822, time 93.02s, lr: 0.002988
Accuracy: 0.439
class                  precision    recall   specificity      f1   support
--------------------------------------------------------------------------
0                          0.462     0.564         0.378   0.508       280
1                          0.000     0.000         1.000   0.000        30
2                          0.406     0.357         0.552   0.380       266
*----------------------------------------*
2026-01-23 11:05:57,384 INFO Final validation 18/300, Val_acc: 0.4375, time 97.07sAccuracy: 0.458
class                  precision    recall   specificity      f1   support
--------------------------------------------------------------------------
0                          0.000     0.000         1.000   0.000        70
1                          0.000     0.000         1.000   0.000         8
2                          0.458     1.000         0.000   0.629        66
*========================================*
2026-01-23 11:05:58,715 INFO 0 Fri Jan 23 11:05:58 2026 Epoch: 19
2026-01-23 11:07:33,289 INFO Final training 19/300, loss: 1.0737, time 94.57s, lr: 0.002986
Accuracy: 0.460
class                  precision    recall   specificity      f1   support
--------------------------------------------------------------------------
0                          0.476     0.500         0.480   0.488       280
1                          0.000     0.000         1.000   0.000        30
2                          0.443     0.470         0.494   0.456       266
*----------------------------------------*
2026-01-23 11:07:33,290 INFO 0 Fri Jan 23 11:07:33 2026 Epoch: 20
2026-01-23 11:09:08,834 INFO Final training 20/300, loss: 1.0453, time 95.54s, lr: 0.002983
Accuracy: 0.498
class                  precision    recall   specificity      f1   support
--------------------------------------------------------------------------
0                          0.534     0.388         0.678   0.449       281
1                          0.000     0.000         1.000   0.000        29
2                          0.478     0.669         0.374   0.558       266
*----------------------------------------*
2026-01-23 11:10:45,674 INFO Final validation 20/300, Val_acc: 0.4375, time 96.84sAccuracy: 0.458
class                  precision    recall   specificity      f1   support
--------------------------------------------------------------------------
0                          0.000     0.000         1.000   0.000        70
1                          0.000     0.000         1.000   0.000         8
2                          0.458     1.000         0.000   0.629        66
*========================================*
2026-01-23 11:10:47,041 INFO 0 Fri Jan 23 11:10:47 2026 Epoch: 21
2026-01-23 11:12:21,249 INFO Final training 21/300, loss: 1.0947, time 94.21s, lr: 0.002981
Accuracy: 0.425
class                  precision    recall   specificity      f1   support
--------------------------------------------------------------------------
0                          0.440     0.546         0.341   0.487       280
1                          0.000     0.000         1.000   0.000        30
2                          0.404     0.346         0.561   0.372       266
*----------------------------------------*
2026-01-23 11:12:21,696 INFO 0 Fri Jan 23 11:12:21 2026 Epoch: 22
2026-01-23 11:13:54,277 INFO Final training 22/300, loss: 1.0570, time 92.58s, lr: 0.002978
Accuracy: 0.481
class                  precision    recall   specificity      f1   support
--------------------------------------------------------------------------
0                          0.500     0.502         0.522   0.501       281
1                          0.000     0.000         1.000   0.000        29
2                          0.463     0.511         0.490   0.486       266
*----------------------------------------*
2026-01-23 11:15:31,631 INFO Final validation 22/300, Val_acc: 0.4375, time 97.35sAccuracy: 0.458
class                  precision    recall   specificity      f1   support
--------------------------------------------------------------------------
0                          0.000     0.000         1.000   0.000        70
1                          0.000     0.000         1.000   0.000         8
2                          0.458     1.000         0.000   0.629        66
*========================================*
2026-01-23 11:15:32,990 INFO 0 Fri Jan 23 11:15:32 2026 Epoch: 23
2026-01-23 11:17:04,632 INFO Final training 23/300, loss: 1.0626, time 91.64s, lr: 0.002975
Accuracy: 0.458
class                  precision    recall   specificity      f1   support
--------------------------------------------------------------------------
0                          0.465     0.427         0.532   0.445       281
1                          0.000     0.000         1.000   0.000        30
2                          0.453     0.543         0.441   0.494       265
*----------------------------------------*
2026-01-23 11:17:04,632 INFO 0 Fri Jan 23 11:17:04 2026 Epoch: 24
2026-01-23 11:18:38,122 INFO Final training 24/300, loss: 1.0665, time 93.49s, lr: 0.002973
Accuracy: 0.469
class                  precision    recall   specificity      f1   support
--------------------------------------------------------------------------
0                          0.481     0.452         0.536   0.466       281
1                          0.000     0.000         1.000   0.000        30
2                          0.458     0.540         0.457   0.496       265
*----------------------------------------*
2026-01-23 11:20:15,519 INFO Final validation 24/300, Val_acc: 0.4583, time 97.40sAccuracy: 0.486
class                  precision    recall   specificity      f1   support
--------------------------------------------------------------------------
0                          0.486     1.000         0.000   0.654        70
1                          0.000     0.000         1.000   0.000         8
2                          0.000     0.000         1.000   0.000        66
*========================================*
2026-01-23 11:20:16,859 INFO 0 Fri Jan 23 11:20:16 2026 Epoch: 25
2026-01-23 11:21:50,993 INFO Final training 25/300, loss: 1.0920, time 94.13s, lr: 0.002969
Accuracy: 0.474
class                  precision    recall   specificity      f1   support
--------------------------------------------------------------------------
0                          0.488     0.438         0.563   0.462       281
1                          0.000     0.000         1.000   0.000        30
2                          0.463     0.566         0.441   0.509       265
*----------------------------------------*
2026-01-23 11:21:50,994 INFO 0 Fri Jan 23 11:21:50 2026 Epoch: 26
2026-01-23 11:23:25,104 INFO Final training 26/300, loss: 1.0705, time 94.11s, lr: 0.002966
Accuracy: 0.500
class                  precision    recall   specificity      f1   support
--------------------------------------------------------------------------
0                          0.529     0.395         0.664   0.452       281
1                          0.000     0.000         1.000   0.000        30
2                          0.484     0.668         0.392   0.561       265
*----------------------------------------*
2026-01-23 11:25:02,051 INFO Final validation 26/300, Val_acc: 0.4375, time 96.95sAccuracy: 0.458
class                  precision    recall   specificity      f1   support
--------------------------------------------------------------------------
0                          0.000     0.000         1.000   0.000        70
1                          0.000     0.000         1.000   0.000         8
2                          0.458     1.000         0.000   0.629        66
*========================================*
2026-01-23 11:25:03,891 INFO 0 Fri Jan 23 11:25:03 2026 Epoch: 27
2026-01-23 11:26:36,843 INFO Final training 27/300, loss: 1.0730, time 92.95s, lr: 0.002963
Accuracy: 0.453
class                  precision    recall   specificity      f1   support
--------------------------------------------------------------------------
0                          0.448     0.336         0.608   0.384       280
1                          0.000     0.000         1.000   0.000        30
2                          0.456     0.628         0.358   0.528       266
*----------------------------------------*
2026-01-23 11:26:36,843 INFO 0 Fri Jan 23 11:26:36 2026 Epoch: 28
2026-01-23 11:28:09,668 INFO Final training 28/300, loss: 1.0567, time 92.82s, lr: 0.002959
Accuracy: 0.438
class                  precision    recall   specificity      f1   support
--------------------------------------------------------------------------
0                          0.454     0.525         0.402   0.487       280
1                          0.000     0.000         1.000   0.000        30
2                          0.417     0.395         0.526   0.405       266
*----------------------------------------*
2026-01-23 11:29:47,498 INFO Final validation 28/300, Val_acc: 0.4583, time 97.83sAccuracy: 0.486
class                  precision    recall   specificity      f1   support
--------------------------------------------------------------------------
0                          0.486     1.000         0.000   0.654        70
1                          0.000     0.000         1.000   0.000         8
2                          0.000     0.000         1.000   0.000        66
*========================================*
2026-01-23 11:29:48,837 INFO 0 Fri Jan 23 11:29:48 2026 Epoch: 29
2026-01-23 11:31:22,348 INFO Final training 29/300, loss: 1.0760, time 93.51s, lr: 0.002955
Accuracy: 0.453
class                  precision    recall   specificity      f1   support
--------------------------------------------------------------------------
0                          0.468     0.361         0.611   0.407       280
1                          0.000     0.000         1.000   0.000        30
2                          0.444     0.602         0.355   0.511       266
*----------------------------------------*
2026-01-23 11:31:22,348 INFO 0 Fri Jan 23 11:31:22 2026 Epoch: 30
2026-01-23 11:32:55,009 INFO Final training 30/300, loss: 1.0750, time 92.66s, lr: 0.002951
Accuracy: 0.486
class                  precision    recall   specificity      f1   support
--------------------------------------------------------------------------
0                          0.491     0.568         0.443   0.526       280
1                          0.000     0.000         1.000   0.000        30
2                          0.480     0.455         0.577   0.467       266
*----------------------------------------*
2026-01-23 11:34:32,909 INFO Final validation 30/300, Val_acc: 0.4375, time 97.90sAccuracy: 0.458
class                  precision    recall   specificity      f1   support
--------------------------------------------------------------------------
0                          0.000     0.000         1.000   0.000        70
1                          0.000     0.000         1.000   0.000         8
2                          0.458     1.000         0.000   0.629        66
*========================================*
2026-01-23 11:34:34,223 INFO 0 Fri Jan 23 11:34:34 2026 Epoch: 31
2026-01-23 11:36:06,880 INFO Final training 31/300, loss: 1.0361, time 92.66s, lr: 0.002947
Accuracy: 0.490
class                  precision    recall   specificity      f1   support
--------------------------------------------------------------------------
0                          0.507     0.511         0.530   0.509       280
1                          0.000     0.000         1.000   0.000        30
2                          0.473     0.523         0.500   0.496       266
*----------------------------------------*
2026-01-23 11:36:07,309 INFO 0 Fri Jan 23 11:36:07 2026 Epoch: 32
2026-01-23 11:37:40,412 INFO Final training 32/300, loss: 1.0708, time 93.10s, lr: 0.002943
Accuracy: 0.462
class                  precision    recall   specificity      f1   support
--------------------------------------------------------------------------
0                          0.462     0.346         0.618   0.396       280
1                          0.000     0.000         1.000   0.000        30
2                          0.462     0.635         0.365   0.535       266
*----------------------------------------*
2026-01-23 11:39:18,225 INFO Final validation 32/300, Val_acc: 0.4375, time 97.81sAccuracy: 0.458
class                  precision    recall   specificity      f1   support
--------------------------------------------------------------------------
0                          0.000     0.000         1.000   0.000        70
1                          0.000     0.000         1.000   0.000         8
2                          0.458     1.000         0.000   0.629        66
*========================================*
2026-01-23 11:39:19,561 INFO 0 Fri Jan 23 11:39:19 2026 Epoch: 33
2026-01-23 11:40:51,142 INFO Final training 33/300, loss: 1.0539, time 91.58s, lr: 0.002938
Accuracy: 0.479
class                  precision    recall   specificity      f1   support
--------------------------------------------------------------------------
0                          0.494     0.633         0.383   0.555       281
1                          0.000     0.000         1.000   0.000        30
2                          0.454     0.370         0.621   0.407       265
*----------------------------------------*
2026-01-23 11:40:51,142 INFO 0 Fri Jan 23 11:40:51 2026 Epoch: 34
2026-01-23 11:42:24,287 INFO Final training 34/300, loss: 1.0772, time 93.14s, lr: 0.002934
Accuracy: 0.431
class                  precision    recall   specificity      f1   support
--------------------------------------------------------------------------
0                          0.479     0.482         0.503   0.480       280
1                          0.028     0.033         0.936   0.030        30
2                          0.434     0.421         0.529   0.427       266
*----------------------------------------*
2026-01-23 11:44:01,421 INFO Final validation 34/300, Val_acc: 0.4375, time 97.13sAccuracy: 0.458
class                  precision    recall   specificity      f1   support
--------------------------------------------------------------------------
0                          0.000     0.000         1.000   0.000        70
1                          0.000     0.000         1.000   0.000         8
2                          0.458     1.000         0.000   0.629        66
*========================================*
2026-01-23 11:44:02,772 INFO 0 Fri Jan 23 11:44:02 2026 Epoch: 35
2026-01-23 11:45:35,584 INFO Final training 35/300, loss: 1.0801, time 92.81s, lr: 0.002929
Accuracy: 0.467
class                  precision    recall   specificity      f1   support
--------------------------------------------------------------------------
0                          0.480     0.432         0.557   0.455       280
1                          0.000     0.000         1.000   0.000        30
2                          0.457     0.556         0.432   0.502       266
*----------------------------------------*
2026-01-23 11:45:35,584 INFO 0 Fri Jan 23 11:45:35 2026 Epoch: 36
2026-01-23 11:47:08,032 INFO Final training 36/300, loss: 1.0601, time 92.45s, lr: 0.002924
Accuracy: 0.502
class                  precision    recall   specificity      f1   support
--------------------------------------------------------------------------
0                          0.511     0.633         0.424   0.566       281
1                          0.000     0.000         1.000   0.000        30
2                          0.487     0.419         0.624   0.450       265
*----------------------------------------*
2026-01-23 11:48:45,273 INFO Final validation 36/300, Val_acc: 0.4375, time 97.24sAccuracy: 0.458
class                  precision    recall   specificity      f1   support
--------------------------------------------------------------------------
0                          0.000     0.000         1.000   0.000        70
1                          0.000     0.000         1.000   0.000         8
2                          0.458     1.000         0.000   0.629        66
*========================================*
2026-01-23 11:48:46,604 INFO 0 Fri Jan 23 11:48:46 2026 Epoch: 37
2026-01-23 11:50:20,768 INFO Final training 37/300, loss: 1.0695, time 94.16s, lr: 0.002919
Accuracy: 0.474
class                  precision    recall   specificity      f1   support
--------------------------------------------------------------------------
0                          0.480     0.605         0.376   0.535       281
1                          0.000     0.000         1.000   0.000        30
2                          0.464     0.389         0.617   0.423       265
*----------------------------------------*
2026-01-23 11:50:20,769 INFO 0 Fri Jan 23 11:50:20 2026 Epoch: 38
2026-01-23 11:51:53,994 INFO Final training 38/300, loss: 1.0553, time 93.23s, lr: 0.002914
Accuracy: 0.453
class                  precision    recall   specificity      f1   support
--------------------------------------------------------------------------
0                          0.468     0.619         0.329   0.533       281
1                          0.000     0.000         1.000   0.000        30
2                          0.426     0.328         0.624   0.371       265
*----------------------------------------*
2026-01-23 11:53:32,025 INFO Final validation 38/300, Val_acc: 0.4583, time 98.03sAccuracy: 0.486
class                  precision    recall   specificity      f1   support
--------------------------------------------------------------------------
0                          0.486     1.000         0.000   0.654        70
1                          0.000     0.000         1.000   0.000         8
2                          0.000     0.000         1.000   0.000        66
*========================================*
2026-01-23 11:53:33,371 INFO 0 Fri Jan 23 11:53:33 2026 Epoch: 39
2026-01-23 11:55:08,158 INFO Final training 39/300, loss: 1.0754, time 94.79s, lr: 0.002908
Accuracy: 0.446
class                  precision    recall   specificity      f1   support
--------------------------------------------------------------------------
0                          0.456     0.332         0.625   0.384       280
1                          0.000     0.000         1.000   0.000        30
2                          0.441     0.617         0.329   0.514       266
*----------------------------------------*
2026-01-23 11:55:08,158 INFO 0 Fri Jan 23 11:55:08 2026 Epoch: 40
2026-01-23 11:56:41,751 INFO Final training 40/300, loss: 1.0648, time 93.59s, lr: 0.002903
Accuracy: 0.458
class                  precision    recall   specificity      f1   support
--------------------------------------------------------------------------
0                          0.483     0.404         0.591   0.440       280
1                          0.042     0.033         0.958   0.037        30
2                          0.472     0.564         0.458   0.514       266
*----------------------------------------*
2026-01-23 11:58:19,324 INFO Final validation 40/300, Val_acc: 0.4375, time 97.57sAccuracy: 0.458
class                  precision    recall   specificity      f1   support
--------------------------------------------------------------------------
0                          0.000     0.000         1.000   0.000        70
1                          0.000     0.000         1.000   0.000         8
2                          0.458     1.000         0.000   0.629        66
*========================================*
2026-01-23 11:58:20,672 INFO 0 Fri Jan 23 11:58:20 2026 Epoch: 41
2026-01-23 11:59:53,363 INFO Final training 41/300, loss: 1.0935, time 92.69s, lr: 0.002897
Accuracy: 0.493
class                  precision    recall   specificity      f1   support
--------------------------------------------------------------------------
0                          0.503     0.518         0.517   0.511       280
1                          0.000     0.000         1.000   0.000        30
2                          0.483     0.523         0.519   0.502       266
*----------------------------------------*
2026-01-23 11:59:53,851 INFO 0 Fri Jan 23 11:59:53 2026 Epoch: 42
2026-01-23 12:01:26,440 INFO Final training 42/300, loss: 1.0654, time 92.59s, lr: 0.002891
Accuracy: 0.510
class                  precision    recall   specificity      f1   support
--------------------------------------------------------------------------
0                          0.521     0.536         0.534   0.528       280
1                          0.000     0.000         1.000   0.000        30
2                          0.500     0.541         0.535   0.520       266
*----------------------------------------*
2026-01-23 12:03:04,673 INFO Final validation 42/300, Val_acc: 0.4375, time 98.23sAccuracy: 0.458
class                  precision    recall   specificity      f1   support
--------------------------------------------------------------------------
0                          0.000     0.000         1.000   0.000        70
1                          0.000     0.000         1.000   0.000         8
2                          0.458     1.000         0.000   0.629        66
*========================================*
2026-01-23 12:03:05,999 INFO 0 Fri Jan 23 12:03:05 2026 Epoch: 43
2026-01-23 12:04:37,059 INFO Final training 43/300, loss: 1.0755, time 91.06s, lr: 0.002885
Accuracy: 0.467
class                  precision    recall   specificity      f1   support
--------------------------------------------------------------------------
0                          0.480     0.502         0.481   0.490       281
1                          0.000     0.000         1.000   0.000        30
2                          0.454     0.483         0.505   0.468       265
*----------------------------------------*
2026-01-23 12:04:37,059 INFO 0 Fri Jan 23 12:04:37 2026 Epoch: 44
2026-01-23 12:06:09,529 INFO Final training 44/300, loss: 1.0932, time 92.47s, lr: 0.002879
Accuracy: 0.469
class                  precision    recall   specificity      f1   support
--------------------------------------------------------------------------
0                          0.486     0.498         0.498   0.492       281
1                          0.000     0.000         1.000   0.000        30
2                          0.451     0.491         0.492   0.470       265
*----------------------------------------*
2026-01-23 12:07:47,194 INFO Final validation 44/300, Val_acc: 0.4375, time 97.66sAccuracy: 0.458
class                  precision    recall   specificity      f1   support
--------------------------------------------------------------------------
0                          0.000     0.000         1.000   0.000        70
1                          0.000     0.000         1.000   0.000         8
2                          0.458     1.000         0.000   0.629        66
*========================================*
2026-01-23 12:07:48,523 INFO 0 Fri Jan 23 12:07:48 2026 Epoch: 45
2026-01-23 12:09:21,709 INFO Final training 45/300, loss: 1.0864, time 93.19s, lr: 0.002872
Accuracy: 0.469
class                  precision    recall   specificity      f1   support
--------------------------------------------------------------------------
0                          0.479     0.493         0.493   0.486       280
1                          0.000     0.000         1.000   0.000        30
2                          0.458     0.496         0.497   0.477       266
*----------------------------------------*
2026-01-23 12:09:21,709 INFO 0 Fri Jan 23 12:09:21 2026 Epoch: 46
2026-01-23 12:10:55,321 INFO Final training 46/300, loss: 1.0793, time 93.61s, lr: 0.002866
Accuracy: 0.481
class                  precision    recall   specificity      f1   support
--------------------------------------------------------------------------
0                          0.485     0.582         0.416   0.529       280
1                          0.000     0.000         1.000   0.000        30
2                          0.475     0.429         0.594   0.451       266
*----------------------------------------*
2026-01-23 12:12:32,703 INFO Final validation 46/300, Val_acc: 0.4583, time 97.38sAccuracy: 0.486
class                  precision    recall   specificity      f1   support
--------------------------------------------------------------------------
0                          0.486     1.000         0.000   0.654        70
1                          0.000     0.000         1.000   0.000         8
2                          0.000     0.000         1.000   0.000        66
*========================================*
2026-01-23 12:12:34,036 INFO 0 Fri Jan 23 12:12:34 2026 Epoch: 47
2026-01-23 12:14:05,192 INFO Final training 47/300, loss: 1.0718, time 91.16s, lr: 0.002859
Accuracy: 0.408
class                  precision    recall   specificity      f1   support
--------------------------------------------------------------------------
0                          0.447     0.420         0.505   0.433       281
1                          0.042     0.067         0.916   0.051        30
2                          0.436     0.434         0.521   0.435       265
*----------------------------------------*
2026-01-23 12:14:05,192 INFO 0 Fri Jan 23 12:14:05 2026 Epoch: 48
2026-01-23 12:15:38,314 INFO Final training 48/300, loss: 1.0716, time 93.12s, lr: 0.002852
Accuracy: 0.465
class                  precision    recall   specificity      f1   support
--------------------------------------------------------------------------
0                          0.477     0.379         0.608   0.422       280
1                          0.000     0.000         1.000   0.000        30
2                          0.458     0.609         0.381   0.523       266
*----------------------------------------*
2026-01-23 12:17:15,541 INFO Final validation 48/300, Val_acc: 0.4375, time 97.23sAccuracy: 0.458
class                  precision    recall   specificity      f1   support
--------------------------------------------------------------------------
0                          0.000     0.000         1.000   0.000        70
1                          0.000     0.000         1.000   0.000         8
2                          0.458     1.000         0.000   0.629        66
*========================================*
2026-01-23 12:17:16,872 INFO 0 Fri Jan 23 12:17:16 2026 Epoch: 49
2026-01-23 12:18:49,798 INFO Final training 49/300, loss: 1.0745, time 92.93s, lr: 0.002845
Accuracy: 0.490
class                  precision    recall   specificity      f1   support
--------------------------------------------------------------------------
0                          0.503     0.582         0.456   0.540       280
1                          0.000     0.000         1.000   0.000        30
2                          0.472     0.447         0.571   0.459       266
*----------------------------------------*
2026-01-23 12:18:49,799 INFO 0 Fri Jan 23 12:18:49 2026 Epoch: 50
2026-01-23 12:20:23,120 INFO Final training 50/300, loss: 1.0784, time 93.32s, lr: 0.002838
Accuracy: 0.493
class                  precision    recall   specificity      f1   support
--------------------------------------------------------------------------
0                          0.503     0.582         0.456   0.540       280
1                          0.000     0.000         1.000   0.000        30
2                          0.480     0.455         0.577   0.467       266
*----------------------------------------*
2026-01-23 12:22:00,834 INFO Final validation 50/300, Val_acc: 0.4583, time 97.71sAccuracy: 0.486
class                  precision    recall   specificity      f1   support
--------------------------------------------------------------------------
0                          0.486     1.000         0.000   0.654        70
1                          0.000     0.000         1.000   0.000         8
2                          0.000     0.000         1.000   0.000        66
*========================================*
2026-01-23 12:22:02,170 INFO 0 Fri Jan 23 12:22:02 2026 Epoch: 51
2026-01-23 12:23:35,506 INFO Final training 51/300, loss: 1.0587, time 93.34s, lr: 0.002831
Accuracy: 0.450
class                  precision    recall   specificity      f1   support
--------------------------------------------------------------------------
0                          0.517     0.321         0.716   0.396       280
1                          0.074     0.133         0.908   0.095        30
2                          0.474     0.620         0.410   0.537       266
*----------------------------------------*
2026-01-23 12:23:35,940 INFO 0 Fri Jan 23 12:23:35 2026 Epoch: 52
2026-01-23 12:25:09,322 INFO Final training 52/300, loss: 1.0602, time 93.38s, lr: 0.002824
Accuracy: 0.481
class                  precision    recall   specificity      f1   support
--------------------------------------------------------------------------
0                          0.492     0.643         0.372   0.557       280
1                          0.000     0.000         1.000   0.000        30
2                          0.462     0.365         0.635   0.408       266
*----------------------------------------*
2026-01-23 12:26:47,078 INFO Final validation 52/300, Val_acc: 0.4375, time 97.76sAccuracy: 0.458
class                  precision    recall   specificity      f1   support
--------------------------------------------------------------------------
0                          0.000     0.000         1.000   0.000        70
1                          0.000     0.000         1.000   0.000         8
2                          0.458     1.000         0.000   0.629        66
*========================================*
2026-01-23 12:26:48,449 INFO 0 Fri Jan 23 12:26:48 2026 Epoch: 53
2026-01-23 12:28:21,615 INFO Final training 53/300, loss: 1.0542, time 93.17s, lr: 0.002816
Accuracy: 0.491
class                  precision    recall   specificity      f1   support
--------------------------------------------------------------------------
0                          0.513     0.548         0.505   0.530       281
1                          0.000     0.000         1.000   0.000        30
2                          0.467     0.487         0.527   0.477       265
*----------------------------------------*
2026-01-23 12:28:21,615 INFO 0 Fri Jan 23 12:28:21 2026 Epoch: 54
2026-01-23 12:29:54,920 INFO Final training 54/300, loss: 1.0637, time 93.30s, lr: 0.002808
Accuracy: 0.465
class                  precision    recall   specificity      f1   support
--------------------------------------------------------------------------
0                          0.477     0.593         0.385   0.529       280
1                          0.000     0.000         1.000   0.000        30
2                          0.447     0.383         0.594   0.413       266
*----------------------------------------*
2026-01-23 12:31:33,652 INFO Final validation 54/300, Val_acc: 0.4375, time 98.73sAccuracy: 0.458
class                  precision    recall   specificity      f1   support
--------------------------------------------------------------------------
0                          0.000     0.000         1.000   0.000        70
1                          0.000     0.000         1.000   0.000         8
2                          0.458     1.000         0.000   0.629        66
*========================================*
2026-01-23 12:31:35,054 INFO 0 Fri Jan 23 12:31:35 2026 Epoch: 55
2026-01-23 12:33:08,716 INFO Final training 55/300, loss: 1.0655, time 93.66s, lr: 0.002800
Accuracy: 0.455
class                  precision    recall   specificity      f1   support
--------------------------------------------------------------------------
0                          0.469     0.431         0.536   0.449       281
1                          0.000     0.000         1.000   0.000        30
2                          0.443     0.532         0.431   0.484       265
*----------------------------------------*
2026-01-23 12:33:08,717 INFO 0 Fri Jan 23 12:33:08 2026 Epoch: 56
2026-01-23 12:34:41,445 INFO Final training 56/300, loss: 1.0838, time 92.73s, lr: 0.002792
Accuracy: 0.465
class                  precision    recall   specificity      f1   support
--------------------------------------------------------------------------
0                          0.480     0.504         0.483   0.491       280
1                          0.000     0.000         1.000   0.000        30
2                          0.450     0.477         0.500   0.464       266
*----------------------------------------*
2026-01-23 12:36:19,964 INFO Final validation 56/300, Val_acc: 0.4375, time 98.52sAccuracy: 0.458
class                  precision    recall   specificity      f1   support
--------------------------------------------------------------------------
0                          0.000     0.000         1.000   0.000        70
1                          0.000     0.000         1.000   0.000         8
2                          0.458     1.000         0.000   0.629        66
*========================================*
2026-01-23 12:36:21,349 INFO 0 Fri Jan 23 12:36:21 2026 Epoch: 57
2026-01-23 12:37:54,365 INFO Final training 57/300, loss: 1.0818, time 93.01s, lr: 0.002784
Accuracy: 0.434
class                  precision    recall   specificity      f1   support
--------------------------------------------------------------------------
0                          0.460     0.413         0.539   0.435       281
1                          0.000     0.000         0.967   0.000        30
2                          0.438     0.506         0.447   0.469       265
*----------------------------------------*
2026-01-23 12:37:54,365 INFO 0 Fri Jan 23 12:37:54 2026 Epoch: 58
2026-01-23 12:39:25,062 INFO Final training 58/300, loss: 1.0781, time 90.70s, lr: 0.002776
Accuracy: 0.465
class                  precision    recall   specificity      f1   support
--------------------------------------------------------------------------
0                          0.481     0.536         0.453   0.507       280
1                          0.000     0.000         1.000   0.000        30
2                          0.447     0.444         0.529   0.445       266
*----------------------------------------*
2026-01-23 12:41:02,143 INFO Final validation 58/300, Val_acc: 0.4583, time 97.08sAccuracy: 0.486
class                  precision    recall   specificity      f1   support
--------------------------------------------------------------------------
0                          0.486     1.000         0.000   0.654        70
1                          0.000     0.000         1.000   0.000         8
2                          0.000     0.000         1.000   0.000        66
*========================================*
2026-01-23 12:41:03,478 INFO 0 Fri Jan 23 12:41:03 2026 Epoch: 59
2026-01-23 12:42:36,364 INFO Final training 59/300, loss: 1.0848, time 92.89s, lr: 0.002767
Accuracy: 0.410
class                  precision    recall   specificity      f1   support
--------------------------------------------------------------------------
0                          0.411     0.282         0.618   0.335       280
1                          0.000     0.000         0.989   0.000        30
2                          0.415     0.590         0.287   0.488       266
*----------------------------------------*
2026-01-23 12:42:36,364 INFO 0 Fri Jan 23 12:42:36 2026 Epoch: 60
2026-01-23 12:44:10,213 INFO Final training 60/300, loss: 1.0660, time 93.85s, lr: 0.002759
Accuracy: 0.441
class                  precision    recall   specificity      f1   support
--------------------------------------------------------------------------
0                          0.458     0.509         0.427   0.482       281
1                          0.000     0.000         1.000   0.000        30
2                          0.420     0.419         0.508   0.420       265
*----------------------------------------*
2026-01-23 12:45:47,449 INFO Final validation 60/300, Val_acc: 0.4583, time 97.24sAccuracy: 0.486
class                  precision    recall   specificity      f1   support
--------------------------------------------------------------------------
0                          0.486     1.000         0.000   0.654        70
1                          0.000     0.000         1.000   0.000         8
2                          0.000     0.000         1.000   0.000        66
*========================================*
2026-01-23 12:45:48,819 INFO 0 Fri Jan 23 12:45:48 2026 Epoch: 61
2026-01-23 12:47:23,109 INFO Final training 61/300, loss: 1.0939, time 94.29s, lr: 0.002750
Accuracy: 0.418
class                  precision    recall   specificity      f1   support
--------------------------------------------------------------------------
0                          0.464     0.555         0.390   0.506       281
1                          0.028     0.033         0.936   0.030        30
2                          0.412     0.317         0.614   0.358       265
*----------------------------------------*
2026-01-23 12:47:23,551 INFO 0 Fri Jan 23 12:47:23 2026 Epoch: 62
2026-01-23 12:48:56,237 INFO Final training 62/300, loss: 1.0720, time 92.69s, lr: 0.002741
Accuracy: 0.509
class                  precision    recall   specificity      f1   support
--------------------------------------------------------------------------
0                          0.530     0.443         0.628   0.482       280
1                          0.000     0.000         1.000   0.000        30
2                          0.494     0.635         0.442   0.556       266
*----------------------------------------*
2026-01-23 12:50:33,348 INFO Final validation 62/300, Val_acc: 0.4375, time 97.11sAccuracy: 0.458
class                  precision    recall   specificity      f1   support
--------------------------------------------------------------------------
0                          0.000     0.000         1.000   0.000        70
1                          0.000     0.000         1.000   0.000         8
2                          0.458     1.000         0.000   0.629        66
*========================================*
2026-01-23 12:50:34,691 INFO 0 Fri Jan 23 12:50:34 2026 Epoch: 63
2026-01-23 12:52:07,033 INFO Final training 63/300, loss: 1.0715, time 92.34s, lr: 0.002732
Accuracy: 0.483
class                  precision    recall   specificity      f1   support
--------------------------------------------------------------------------
0                          0.493     0.507         0.507   0.500       280
1                          0.000     0.000         1.000   0.000        30
2                          0.472     0.511         0.510   0.491       266
*----------------------------------------*
2026-01-23 12:52:07,034 INFO 0 Fri Jan 23 12:52:07 2026 Epoch: 64
2026-01-23 12:53:40,602 INFO Final training 64/300, loss: 1.0831, time 93.57s, lr: 0.002723
Accuracy: 0.470
class                  precision    recall   specificity      f1   support
--------------------------------------------------------------------------
0                          0.500     0.406         0.614   0.448       281
1                          0.000     0.000         1.000   0.000        30
2                          0.451     0.592         0.386   0.512       265
*----------------------------------------*
2026-01-23 12:55:17,798 INFO Final validation 64/300, Val_acc: 0.4375, time 97.20sAccuracy: 0.458
class                  precision    recall   specificity      f1   support
--------------------------------------------------------------------------
0                          0.000     0.000         1.000   0.000        70
1                          0.000     0.000         1.000   0.000         8
2                          0.458     1.000         0.000   0.629        66
*========================================*
2026-01-23 12:55:19,134 INFO 0 Fri Jan 23 12:55:19 2026 Epoch: 65
2026-01-23 12:56:53,466 INFO Final training 65/300, loss: 1.0685, time 94.33s, lr: 0.002714
Accuracy: 0.438
class                  precision    recall   specificity      f1   support
--------------------------------------------------------------------------
0                          0.459     0.679         0.243   0.548       280
1                          0.000     0.000         1.000   0.000        30
2                          0.383     0.233         0.677   0.290       266
*----------------------------------------*
2026-01-23 12:56:53,467 INFO 0 Fri Jan 23 12:56:53 2026 Epoch: 66
2026-01-23 12:58:26,447 INFO Final training 66/300, loss: 1.1009, time 92.98s, lr: 0.002704
Accuracy: 0.431
class                  precision    recall   specificity      f1   support
--------------------------------------------------------------------------
0                          0.472     0.363         0.614   0.410       281
1                          0.042     0.067         0.916   0.051        30
2                          0.462     0.543         0.460   0.499       265
*----------------------------------------*
2026-01-23 13:00:03,411 INFO Final validation 66/300, Val_acc: 0.4375, time 96.96sAccuracy: 0.458
class                  precision    recall   specificity      f1   support
--------------------------------------------------------------------------
0                          0.000     0.000         1.000   0.000        70
1                          0.000     0.000         1.000   0.000         8
2                          0.458     1.000         0.000   0.629        66
*========================================*
2026-01-23 13:00:04,749 INFO 0 Fri Jan 23 13:00:04 2026 Epoch: 67
2026-01-23 13:01:38,627 INFO Final training 67/300, loss: 1.0834, time 93.88s, lr: 0.002694
Accuracy: 0.472
class                  precision    recall   specificity      f1   support
--------------------------------------------------------------------------
0                          0.490     0.512         0.492   0.501       281
1                          0.000     0.000         1.000   0.000        30
2                          0.454     0.483         0.505   0.468       265
*----------------------------------------*
2026-01-23 13:01:38,627 INFO 0 Fri Jan 23 13:01:38 2026 Epoch: 68
2026-01-23 13:03:13,225 INFO Final training 68/300, loss: 1.1035, time 94.60s, lr: 0.002685
Accuracy: 0.465
class                  precision    recall   specificity      f1   support
--------------------------------------------------------------------------
0                          0.481     0.557         0.432   0.517       280
1                          0.000     0.000         1.000   0.000        30
2                          0.444     0.421         0.548   0.432       266
*----------------------------------------*
2026-01-23 13:04:50,368 INFO Final validation 68/300, Val_acc: 0.4375, time 97.14sAccuracy: 0.458
class                  precision    recall   specificity      f1   support
--------------------------------------------------------------------------
0                          0.000     0.000         1.000   0.000        70
1                          0.000     0.000         1.000   0.000         8
2                          0.458     1.000         0.000   0.629        66
*========================================*
2026-01-23 13:04:51,709 INFO 0 Fri Jan 23 13:04:51 2026 Epoch: 69
2026-01-23 13:06:25,091 INFO Final training 69/300, loss: 1.0877, time 93.38s, lr: 0.002675
Accuracy: 0.443
class                  precision    recall   specificity      f1   support
--------------------------------------------------------------------------
0                          0.470     0.502         0.461   0.485       281
1                          0.056     0.033         0.969   0.042        30
2                          0.438     0.426         0.534   0.432       265
*----------------------------------------*
2026-01-23 13:06:25,091 INFO 0 Fri Jan 23 13:06:25 2026 Epoch: 70
2026-01-23 13:07:56,954 INFO Final training 70/300, loss: 1.1131, time 91.86s, lr: 0.002665
Accuracy: 0.434
class                  precision    recall   specificity      f1   support
--------------------------------------------------------------------------
0                          0.456     0.411         0.537   0.432       280
1                          0.042     0.033         0.958   0.037        30
2                          0.447     0.504         0.465   0.473       266
*----------------------------------------*
2026-01-23 13:09:34,525 INFO Final validation 70/300, Val_acc: 0.4375, time 97.57sAccuracy: 0.458
class                  precision    recall   specificity      f1   support
--------------------------------------------------------------------------
0                          0.000     0.000         1.000   0.000        70
1                          0.000     0.000         1.000   0.000         8
2                          0.458     1.000         0.000   0.629        66
*========================================*
2026-01-23 13:09:35,835 INFO 0 Fri Jan 23 13:09:35 2026 Epoch: 71
2026-01-23 13:11:07,701 INFO Final training 71/300, loss: 1.0597, time 91.87s, lr: 0.002655
Accuracy: 0.491
class                  precision    recall   specificity      f1   support
--------------------------------------------------------------------------
0                          0.519     0.388         0.658   0.444       281
1                          0.000     0.000         1.000   0.000        29
2                          0.475     0.654         0.381   0.551       266
*----------------------------------------*
2026-01-23 13:11:08,157 INFO 0 Fri Jan 23 13:11:08 2026 Epoch: 72
2026-01-23 13:12:40,462 INFO Final training 72/300, loss: 1.0816, time 92.30s, lr: 0.002644
Accuracy: 0.481
class                  precision    recall   specificity      f1   support
--------------------------------------------------------------------------
0                          0.500     0.544         0.481   0.521       281
1                          0.000     0.000         1.000   0.000        30
2                          0.459     0.468         0.531   0.464       265
*----------------------------------------*
2026-01-23 13:14:17,988 INFO Final validation 72/300, Val_acc: 0.4583, time 97.53sAccuracy: 0.486
class                  precision    recall   specificity      f1   support
--------------------------------------------------------------------------
0                          0.486     1.000         0.000   0.654        70
1                          0.000     0.000         1.000   0.000         8
2                          0.000     0.000         1.000   0.000        66
*========================================*
2026-01-23 13:14:19,331 INFO 0 Fri Jan 23 13:14:19 2026 Epoch: 73
2026-01-23 13:15:52,009 INFO Final training 73/300, loss: 1.0679, time 92.68s, lr: 0.002634
Accuracy: 0.472
class                  precision    recall   specificity      f1   support
--------------------------------------------------------------------------
0                          0.485     0.466         0.529   0.475       281
1                          0.000     0.000         1.000   0.000        30
2                          0.461     0.532         0.469   0.494       265
*----------------------------------------*
2026-01-23 13:15:52,009 INFO 0 Fri Jan 23 13:15:52 2026 Epoch: 74
2026-01-23 13:17:24,082 INFO Final training 74/300, loss: 1.0754, time 92.07s, lr: 0.002624
Accuracy: 0.465
class                  precision    recall   specificity      f1   support
--------------------------------------------------------------------------
0                          0.477     0.593         0.385   0.529       280
1                          0.000     0.000         1.000   0.000        30
2                          0.447     0.383         0.594   0.413       266
*----------------------------------------*
2026-01-23 13:19:01,127 INFO Final validation 74/300, Val_acc: 0.4583, time 97.04sAccuracy: 0.486
class                  precision    recall   specificity      f1   support
--------------------------------------------------------------------------
0                          0.486     1.000         0.000   0.654        70
1                          0.000     0.000         1.000   0.000         8
2                          0.000     0.000         1.000   0.000        66
*========================================*
2026-01-23 13:19:02,450 INFO 0 Fri Jan 23 13:19:02 2026 Epoch: 75
2026-01-23 13:20:36,593 INFO Final training 75/300, loss: 1.0775, time 94.14s, lr: 0.002613
Accuracy: 0.448
class                  precision    recall   specificity      f1   support
--------------------------------------------------------------------------
0                          0.466     0.439         0.524   0.452       280
1                          0.000     0.000         1.000   0.000        30
2                          0.433     0.508         0.429   0.467       266
*----------------------------------------*
2026-01-23 13:20:36,594 INFO 0 Fri Jan 23 13:20:36 2026 Epoch: 76
2026-01-23 13:22:09,654 INFO Final training 76/300, loss: 1.0716, time 93.06s, lr: 0.002602
Accuracy: 0.483
class                  precision    recall   specificity      f1   support
--------------------------------------------------------------------------
0                          0.505     0.400         0.628   0.446       280
1                          0.000     0.000         1.000   0.000        30
2                          0.469     0.624         0.394   0.535       266
*----------------------------------------*
2026-01-23 13:23:46,005 INFO Final validation 76/300, Val_acc: 0.4583, time 96.35sAccuracy: 0.486
class                  precision    recall   specificity      f1   support
--------------------------------------------------------------------------
0                          0.486     1.000         0.000   0.654        70
1                          0.000     0.000         1.000   0.000         8
2                          0.000     0.000         1.000   0.000        66
*========================================*
2026-01-23 13:23:47,320 INFO 0 Fri Jan 23 13:23:47 2026 Epoch: 77
2026-01-23 13:25:21,395 INFO Final training 77/300, loss: 1.0735, time 94.07s, lr: 0.002591
Accuracy: 0.424
class                  precision    recall   specificity      f1   support
--------------------------------------------------------------------------
0                          0.510     0.382         0.652   0.437       280
1                          0.067     0.200         0.846   0.100        30
2                          0.475     0.492         0.532   0.483       266
*----------------------------------------*
2026-01-23 13:25:21,395 INFO 0 Fri Jan 23 13:25:21 2026 Epoch: 78
2026-01-23 13:26:54,754 INFO Final training 78/300, loss: 1.0478, time 93.36s, lr: 0.002580
Accuracy: 0.453
class                  precision    recall   specificity      f1   support
--------------------------------------------------------------------------
0                          0.473     0.566         0.400   0.515       281
1                          0.000     0.000         0.989   0.000        30
2                          0.436     0.385         0.576   0.409       265
*----------------------------------------*
2026-01-23 13:28:31,893 INFO Final validation 78/300, Val_acc: 0.4583, time 97.14sAccuracy: 0.486
class                  precision    recall   specificity      f1   support
--------------------------------------------------------------------------
0                          0.486     1.000         0.000   0.654        70
1                          0.000     0.000         1.000   0.000         8
2                          0.000     0.000         1.000   0.000        66
*========================================*
2026-01-23 13:28:33,262 INFO 0 Fri Jan 23 13:28:33 2026 Epoch: 79
2026-01-23 13:30:05,754 INFO Final training 79/300, loss: 1.1035, time 92.49s, lr: 0.002569
Accuracy: 0.472
class                  precision    recall   specificity      f1   support
--------------------------------------------------------------------------
0                          0.478     0.532         0.449   0.503       280
1                          0.000     0.000         1.000   0.000        30
2                          0.466     0.462         0.545   0.464       266
*----------------------------------------*
2026-01-23 13:30:05,755 INFO 0 Fri Jan 23 13:30:05 2026 Epoch: 80
2026-01-23 13:31:39,845 INFO Final training 80/300, loss: 1.0845, time 94.09s, lr: 0.002558
Accuracy: 0.490
class                  precision    recall   specificity      f1   support
--------------------------------------------------------------------------
0                          0.503     0.633         0.403   0.561       281
1                          0.000     0.000         1.000   0.000        30
2                          0.468     0.392         0.621   0.427       265
*----------------------------------------*
2026-01-23 13:33:17,026 INFO Final validation 80/300, Val_acc: 0.4375, time 97.18sAccuracy: 0.458
class                  precision    recall   specificity      f1   support
--------------------------------------------------------------------------
0                          0.000     0.000         1.000   0.000        70
1                          0.000     0.000         1.000   0.000         8
2                          0.458     1.000         0.000   0.629        66
*========================================*
2026-01-23 13:33:18,356 INFO 0 Fri Jan 23 13:33:18 2026 Epoch: 81
2026-01-23 13:34:52,260 INFO Final training 81/300, loss: 1.0915, time 93.90s, lr: 0.002546
Accuracy: 0.458
class                  precision    recall   specificity      f1   support
--------------------------------------------------------------------------
0                          0.480     0.420         0.566   0.448       281
1                          0.000     0.000         1.000   0.000        30
2                          0.442     0.551         0.408   0.491       265
*----------------------------------------*
2026-01-23 13:34:52,740 INFO 0 Fri Jan 23 13:34:52 2026 Epoch: 82
2026-01-23 13:36:25,286 INFO Final training 82/300, loss: 1.0726, time 92.55s, lr: 0.002535
Accuracy: 0.422
class                  precision    recall   specificity      f1   support
--------------------------------------------------------------------------
0                          0.419     0.331         0.563   0.370       281
1                          0.000     0.000         1.000   0.000        30
2                          0.424     0.566         0.344   0.485       265
*----------------------------------------*
2026-01-23 13:38:01,725 INFO Final validation 82/300, Val_acc: 0.4583, time 96.44sAccuracy: 0.486
class                  precision    recall   specificity      f1   support
--------------------------------------------------------------------------
0                          0.486     1.000         0.000   0.654        70
1                          0.000     0.000         1.000   0.000         8
2                          0.000     0.000         1.000   0.000        66
*========================================*
2026-01-23 13:38:03,038 INFO 0 Fri Jan 23 13:38:03 2026 Epoch: 83
2026-01-23 13:39:36,057 INFO Final training 83/300, loss: 1.0893, time 93.02s, lr: 0.002523
Accuracy: 0.451
class                  precision    recall   specificity      f1   support
--------------------------------------------------------------------------
0                          0.473     0.700         0.264   0.565       280
1                          0.000     0.000         1.000   0.000        30
2                          0.395     0.241         0.684   0.299       266
*----------------------------------------*
2026-01-23 13:39:36,058 INFO 0 Fri Jan 23 13:39:36 2026 Epoch: 84
2026-01-23 13:41:10,660 INFO Final training 84/300, loss: 1.0635, time 94.60s, lr: 0.002512
Accuracy: 0.476
class                  precision    recall   specificity      f1   support
--------------------------------------------------------------------------
0                          0.489     0.459         0.542   0.473       281
1                          0.000     0.000         1.000   0.000        30
2                          0.465     0.547         0.463   0.503       265
*----------------------------------------*
2026-01-23 13:42:47,480 INFO Final validation 84/300, Val_acc: 0.4375, time 96.82sAccuracy: 0.458
class                  precision    recall   specificity      f1   support
--------------------------------------------------------------------------
0                          0.000     0.000         1.000   0.000        70
1                          0.000     0.000         1.000   0.000         8
2                          0.458     1.000         0.000   0.629        66
*========================================*
2026-01-23 13:42:48,840 INFO [EarlyStopping] Stopping training for val accuracy at epoch 84
2026-01-23 13:42:49,241 INFO Training Finished! Best Accuracy: 0.4583
2026-01-23 13:42:49,241 INFO ====================================================================================================
2026-01-23 13:42:49,241 INFO 
2026-01-23 13:42:58,763 INFO => loading checkpoint 'outputs/OrganoidsINRIA_Slice_32/swinvit/2026-01-23-10-22/training/best_model.pt'
2026-01-23 13:42:58,805 INFO Loaded 128 keys from checkpoint
2026-01-23 13:43:18,111 INFO Final testing , Test_acc: 0.4756, time 19.29sAccuracy: 0.488
class                  precision    recall   specificity      f1   support
--------------------------------------------------------------------------
0                          0.488     1.000         0.000   0.656        40
1                          0.000     0.000         1.000   0.000         5
2                          0.000     0.000         1.000   0.000        37
*========================================*
2026-01-23 13:43:18,524 INFO Testing Finished! Best Accuracy: 0.4756
2026-01-23 13:43:18,524 INFO ====================================================================================================
2026-01-23 13:43:20,814 INFO Total time spent: 03 hours 21 minutes 02 seconds
2026-01-23 13:43:20,815 INFO 
2026-01-23 13:43:20,815 INFO Final Results Summary:
2026-01-23 13:43:20,815 INFO | TrainLoss | TrainAcc | ValAccMax | W_TrainF1 | W_TrainPrecision | W_TrainRecall | W_TrainSpecificity | TestAcc | W_TestF1 | W_TestPrecision | W_TestRecall | W_TestSpecificity |
2026-01-23 13:43:20,815 INFO | 1.0635 | 0.4531 | 0.4861 | 0.3180 | 0.2363 | 0.4861 | 0.5139 | 0.4878 | 0.3199 | 0.2380 | 0.4878 | 0.5122 |
2026-01-23 13:43:20,815 INFO 
