/var/lib/oar/.batch_job_bashrc: line 5: /home/mraffael/.bashrc: No such file or directory
/var/lib/oar/.batch_job_bashrc: line 5: /home/mraffael/.bashrc: No such file or directory
2025-10-10 09:57:34,456 INFO Log directory: outputs/OrganoidsINRIA/train/2025-10-10-09-57
2025-10-10 09:57:34,459 INFO {'RandFlipd_prob': 0.2,
 'RandRotate90d_prob': 0.2,
 'RandScaleIntensityd_prob': 0.1,
 'RandShiftIntensityd_prob': 0.1,
 'a_max': 250.0,
 'a_min': -175.0,
 'amp': True,
 'b_max': 1.0,
 'b_min': 0.0,
 'batch_size': 1,
 'cache_dataset': False,
 'checkpoint': None,
 'data_dir': '/home/mraffael/martone_project/Organoids_Dataset/',
 'dataset_name': 'OrganoidsINRIA',
 'debug': True,
 'debug_train_samples': 12,
 'debug_val_samples': 9,
 'dist_backend': 'nccl',
 'dist_url': 'tcp://127.0.0.1:23456',
 'distributed': False,
 'dropout_path_rate': 0.0,
 'dropout_rate': 0.0,
 'exact_class': True,
 'feature_size': 48,
 'fold': 0,
 'gpu': 0,
 'ignore_label': 3,
 'in_channels': 4,
 'infer_overlap': 0.5,
 'json_list': './jsons/brats21_folds.json',
 'logdir': 'training',
 'logs_dir': 'logs/',
 'lrschedule': 'warmup_cosine',
 'max_epochs': 10,
 'model_name': 'swinunetr',
 'momentum': 0.99,
 'noamp': False,
 'norm_name': 'instance',
 'optim_lr': 0.001,
 'optim_name': 'adamw',
 'out_channels': 3,
 'output_dir': 'outputs/',
 'pretrained_dir': './pretrained_models/fold1_f48_ep300_4gpu_dice0_9059/',
 'pretrained_model_name': 'model_swinvit.pt',
 'rank': 0,
 'reg_weight': 1e-05,
 'resume_ckpt': False,
 'roi_x': 128,
 'roi_y': 128,
 'roi_z': 128,
 'save_checkpoint': False,
 'seed': 304,
 'smooth_dr': 1e-06,
 'smooth_nr': 0.0,
 'space_x': 1.5,
 'space_y': 1.5,
 'space_z': 2.0,
 'spatial_dims': 3,
 'split_method': 'balanced',
 'squared_dice': False,
 'sw_batch_size': 1,
 'test_mode': False,
 'use_checkpoint': False,
 'val_every': 2,
 'warmup_epochs': 3,
 'workers': 8,
 'world_size': 1}
2025-10-10 09:57:34,459 INFO 
2025-10-10 09:57:34,489 INFO Dataset length is: 423
2025-10-10 09:57:34,489 INFO Class 0: 137
2025-10-10 09:57:34,489 INFO Class 1: 43
2025-10-10 09:57:34,489 INFO Class 2: 243
2025-10-10 09:57:34,496 INFO Train class 0: 4 (33.3%)
2025-10-10 09:57:34,496 INFO Train class 1: 4 (33.3%)
2025-10-10 09:57:34,496 INFO Train class 2: 4 (33.3%)
2025-10-10 09:57:34,496 INFO Val class 0: 3 (33.3%)
2025-10-10 09:57:34,496 INFO Val class 1: 3 (33.3%)
2025-10-10 09:57:34,496 INFO Val class 2: 3 (33.3%)
2025-10-10 09:57:34,496 INFO **************************************************
2025-10-10 09:57:34,496 INFO 
2025-10-10 09:57:34,496 INFO Batch size is: 1, epochs: 10
2025-10-10 09:57:34,856 INFO Class weights: [ 1.000  1.000  1.000]
2025-10-10 09:57:34,863 INFO Total parameters count: 62186659
2025-10-10 09:57:34,884 INFO Starting training...
/home/mraffael/martone_project/Organoid-Image-Classification-Using-Deep-Learning/utils/trainer.py:248: FutureWarning: `torch.cuda.amp.GradScaler(args...)` is deprecated. Please use `torch.amp.GradScaler('cuda', args...)` instead.
  scaler = GradScaler()
2025-10-10 09:57:34,885 INFO 0 Fri Oct 10 09:57:34 2025 Epoch: 0
/home/mraffael/martone_project/Organoid-Image-Classification-Using-Deep-Learning/utils/trainer.py:59: FutureWarning: `torch.cuda.amp.autocast(args...)` is deprecated. Please use `torch.amp.autocast('cuda', args...)` instead.
  with autocast(enabled=args.amp):
/home/mraffael/martone_project/Organoid-Image-Classification-Using-Deep-Learning/models/SwinUNETR/BRATS21/swin_unetr_env/lib/python3.9/site-packages/torch/_dynamo/eval_frame.py:929: UserWarning: torch.utils.checkpoint: the use_reentrant parameter should be passed explicitly. In version 2.5 we will raise an exception if use_reentrant is not passed. use_reentrant=False is recommended, but if you need to preserve the current default behavior, you can pass use_reentrant=True. Refer to docs for more details on the differences between the two variants.
  return fn(*args, **kwargs)
/home/mraffael/martone_project/Organoid-Image-Classification-Using-Deep-Learning/models/SwinUNETR/BRATS21/swin_unetr_env/lib/python3.9/site-packages/torch/utils/checkpoint.py:85: UserWarning: None of the inputs have requires_grad=True. Gradients will be None
  warnings.warn(
2025-10-10 09:58:06,987 INFO Final training  0/9loss: 1.1309time 32.10s
2025-10-10 09:58:06,987 INFO ----------
2025-10-10 09:58:06,987 INFO 
2025-10-10 09:58:06,988 INFO 0 Fri Oct 10 09:58:06 2025 Epoch: 1
2025-10-10 09:58:34,628 INFO Final training  1/9loss: 1.1669time 27.64s
2025-10-10 09:58:34,715 INFO ----------
2025-10-10 09:58:34,716 INFO 
/home/mraffael/martone_project/Organoid-Image-Classification-Using-Deep-Learning/utils/trainer.py:149: FutureWarning: `torch.cuda.amp.autocast(args...)` is deprecated. Please use `torch.amp.autocast('cuda', args...)` instead.
  with autocast(enabled=args.amp):
2025-10-10 09:58:53,282 INFO Final validation stats 1/9, Val_acc: 0.333333, time 18.57s
2025-10-10 09:58:53,283 INFO new best (0.000000 --> 0.333333). 
2025-10-10 09:58:53,283 INFO 0 Fri Oct 10 09:58:53 2025 Epoch: 2
2025-10-10 09:59:20,357 INFO Final training  2/9loss: 1.1789time 27.07s
2025-10-10 09:59:20,358 INFO ----------
2025-10-10 09:59:20,358 INFO 
2025-10-10 09:59:20,358 INFO 0 Fri Oct 10 09:59:20 2025 Epoch: 3
2025-10-10 09:59:47,446 INFO Final training  3/9loss: 1.1857time 27.09s
2025-10-10 09:59:47,447 INFO ----------
2025-10-10 09:59:47,447 INFO 
2025-10-10 10:00:02,720 INFO Final validation stats 3/9, Val_acc: 0.333333, time 15.27s
2025-10-10 10:00:02,721 INFO 0 Fri Oct 10 10:00:02 2025 Epoch: 4
2025-10-10 10:00:29,781 INFO Final training  4/9loss: 1.1945time 27.06s
2025-10-10 10:00:29,781 INFO ----------
2025-10-10 10:00:29,781 INFO 
2025-10-10 10:00:29,781 INFO 0 Fri Oct 10 10:00:29 2025 Epoch: 5
2025-10-10 10:00:56,943 INFO Final training  5/9loss: 1.2225time 27.16s
2025-10-10 10:00:56,943 INFO ----------
2025-10-10 10:00:56,943 INFO 
2025-10-10 10:01:13,463 INFO Final validation stats 5/9, Val_acc: 0.333333, time 16.52s
2025-10-10 10:01:13,464 INFO 0 Fri Oct 10 10:01:13 2025 Epoch: 6
2025-10-10 10:01:41,010 INFO Final training  6/9loss: 1.1224time 27.55s
2025-10-10 10:01:41,010 INFO ----------
2025-10-10 10:01:41,010 INFO 
2025-10-10 10:01:41,010 INFO 0 Fri Oct 10 10:01:41 2025 Epoch: 7
2025-10-10 10:02:08,512 INFO Final training  7/9loss: 1.1444time 27.50s
2025-10-10 10:02:08,512 INFO ----------
2025-10-10 10:02:08,513 INFO 
2025-10-10 10:02:25,110 INFO Final validation stats 7/9, Val_acc: 0.333333, time 16.60s
2025-10-10 10:02:25,111 INFO 0 Fri Oct 10 10:02:25 2025 Epoch: 8
2025-10-10 10:02:52,278 INFO Final training  8/9loss: 1.1462time 27.17s
2025-10-10 10:02:52,278 INFO ----------
2025-10-10 10:02:52,278 INFO 
2025-10-10 10:02:52,278 INFO 0 Fri Oct 10 10:02:52 2025 Epoch: 9
2025-10-10 10:03:19,403 INFO Final training  9/9loss: 1.0976time 27.12s
2025-10-10 10:03:19,403 INFO ----------
2025-10-10 10:03:19,403 INFO 
2025-10-10 10:03:34,682 INFO Final validation stats 9/9, Val_acc: 0.444444, time 15.28s
2025-10-10 10:03:34,682 INFO new best (0.333333 --> 0.444444). 
2025-10-10 10:03:34,682 INFO Training Finished !, Best Accuracy: 0.4444444444444444
2025-10-10 10:03:34,682 INFO ====================================================================================================
2025-10-10 10:03:35,417 INFO Total time spent: 360
