2025-10-20 17:09:04,196 INFO Log directory: outputs/OrganoidsINRIA/swinunetr+noah/2025-10-20-17-09
2025-10-20 17:09:04,198 INFO {'RandFlipd_prob': 0.2,
 'RandRotate90d_prob': 0.2,
 'RandScaleIntensityd_prob': 0.1,
 'RandShiftIntensityd_prob': 0.1,
 'amp': True,
 'batch_size': 8,
 'cache_dataset': False,
 'checkpoint': './pretrained_models/encode10/model.pt',
 'data_dir': '/home/mraffael/martone_project/Organoids_Dataset/',
 'dataset_name': 'OrganoidsINRIA',
 'debug': False,
 'debug_train_samples': 3,
 'debug_val_samples': 3,
 'dist_backend': 'nccl',
 'dist_url': 'tcp://127.0.0.1:23456',
 'distributed': False,
 'dropout_path_rate': 0.0,
 'dropout_rate': 0.0,
 'early_stopping': True,
 'exact_class': True,
 'feature_size': 48,
 'fold': 0,
 'folds': False,
 'gpu': 0,
 'ignore_label': 3,
 'in_channels': 1,
 'infer_overlap': 0.5,
 'k_folds': 5,
 'logdir': 'training',
 'logs_dir': 'logs/',
 'loss_name': 'FocalLoss',
 'lrschedule': 'warmup_cosine',
 'max_epochs': 100,
 'min_delta_loss': 0.01,
 'min_delta_val': 0.02,
 'model_name': 'swinunetr+noah',
 'momentum': 0.99,
 'noamp': False,
 'norm_name': 'instance',
 'oar_id': 2075615,
 'optim_lr': 0.0005,
 'optim_name': 'adamw',
 'out_channels': 1,
 'output_dir': 'outputs/',
 'patience_loss': 30,
 'patience_val': 10,
 'pretrained_dir': './pretrained_models/fold1_f48_ep300_4gpu_dice0_9059/',
 'pretrained_model_name': 'model_swinvit.pt',
 'rank': 0,
 'reg_weight': 5e-05,
 'resume_ckpt': False,
 'roi_x': 128,
 'roi_y': 128,
 'roi_z': 128,
 'save_checkpoint': True,
 'seed': 304,
 'spatial_dims': 3,
 'split_method': 'balanced',
 'sw_batch_size': 1,
 'telegram_log': True,
 'test_mode': False,
 'token': './token/tlg_token.txt',
 'use_checkpoint': False,
 'val_every': 4,
 'warmup_epochs': 3,
 'workers': 8,
 'world_size': 1}
2025-10-20 17:09:04,198 INFO 
2025-10-20 17:09:04,748 INFO Using GPU: 0
2025-10-20 17:09:08,973 INFO 
2025-10-20 17:09:08,973 INFO Model INFO:
2025-10-20 17:09:08,973 INFO Model architecture: swinunetr+noah
2025-10-20 17:09:08,973 INFO Using pretrained weights
2025-10-20 17:09:08,973 INFO => loaded pretrained model './pretrained_models/fold1_f48_ep300_4gpu_dice0_9059/model_swinvit.pt'
2025-10-20 17:09:08,973 INFO Number of missing keys when loading pretrained weights: 33
2025-10-20 17:09:08,974 INFO Number of unexpected keys when loading pretrained weights: 8
2025-10-20 17:09:10,448 INFO Caricati: 2
2025-10-20 17:09:10,448 INFO => loaded checkpoint for encoder10 './pretrained_models/encode10/model.pt' (epoch 0) (bestacc 0)
2025-10-20 17:09:10,450 INFO Using SwinUNETR with NOAH Classification Head
2025-10-20 17:09:10,450 INFO Total parameters count: 39917112
2025-10-20 17:09:10,519 INFO 
2025-10-20 17:09:10,519 INFO Dataset INFO:
2025-10-20 17:09:10,519 INFO Dataset length is: 423
2025-10-20 17:09:10,520 INFO Class 0: 137
2025-10-20 17:09:10,520 INFO Class 1: 43
2025-10-20 17:09:10,520 INFO Class 2: 243
2025-10-20 17:09:10,525 INFO Train class 0: 34 (33.3%)
2025-10-20 17:09:10,525 INFO Train class 1: 34 (33.3%)
2025-10-20 17:09:10,525 INFO Train class 2: 34 (33.3%)
2025-10-20 17:09:10,525 INFO Val class 0: 9 (33.3%)
2025-10-20 17:09:10,525 INFO Val class 1: 9 (33.3%)
2025-10-20 17:09:10,525 INFO Val class 2: 9 (33.3%)
2025-10-20 17:09:10,525 INFO **************************************************
2025-10-20 17:09:10,525 INFO 
2025-10-20 17:09:10,525 INFO Training setting summary:
2025-10-20 17:09:10,525 INFO Using optimizer: adamw with lr=0.0005, weight decay=5e-05
2025-10-20 17:09:10,525 INFO Using LR scheduler: warmup_cosine
2025-10-20 17:09:10,531 INFO Class weights: [ 10.000  10.000  10.000]
2025-10-20 17:09:10,531 INFO Using loss function: FocalLoss
2025-10-20 17:09:10,535 INFO 
2025-10-20 17:09:10,535 INFO **************************************************
2025-10-20 17:09:10,535 INFO Starting training...
2025-10-20 17:09:10,537 INFO 0 Mon Oct 20 17:09:10 2025 Epoch: 0
