2025-11-12 10:47:04,032 INFO Log directory: outputs/OrganoidsINRIA_reduced/resnet18/2025-11-12-10-47
2025-11-12 10:47:04,034 INFO {'RandFlipd_prob': 0.2,
 'RandRotate90d_prob': 0.2,
 'RandScaleIntensityd_prob': 0.1,
 'RandShiftIntensityd_prob': 0.1,
 'amp': True,
 'augmentation': True,
 'batch_size': 4,
 'cache_dataset': False,
 'checkpoint_path': None,
 'data_dir': '/home/mraffael/martone_project/Organoids_Dataset_256/',
 'dataset_name': 'OrganoidsINRIA_reduced',
 'debug': False,
 'debug_train_samples': 40,
 'debug_val_samples': 10,
 'dist_backend': 'nccl',
 'dist_url': 'tcp://127.0.0.1:23456',
 'distributed': False,
 'dropout_path_rate': 0.0,
 'dropout_rate': 0.0,
 'early_stopping': False,
 'encoder10_pth': '',
 'exact_class': False,
 'feature_size': 48,
 'fold': 0,
 'folds': False,
 'gpu': 0,
 'ignore_label': 3,
 'in_channels': 1,
 'infer_overlap': 0.5,
 'k_folds': 5,
 'logdir': 'test',
 'logs_dir': 'logs/',
 'loss_name': 'CE',
 'lrschedule': 'warmup_cosine',
 'max_epochs': 100,
 'min_delta_loss': 0.001,
 'min_delta_val': 0.001,
 'model_name': 'resnet18',
 'momentum': 0.99,
 'noamp': False,
 'norm_name': 'instance',
 'oar_id': 2116511,
 'optim_lr': 0.05,
 'optim_name': 'adamw',
 'out_channels': 1,
 'output_dir': 'outputs/',
 'patch_merging': False,
 'patience_loss': 20,
 'patience_val': 3,
 'pretrained_dir': './pretrained_models/resnet18/',
 'pretrained_model_name': 'resnet_18.pth',
 'rank': 0,
 'reg_weight': 5e-05,
 'restart_T0': 20,
 'resume_ckpt': False,
 'roi_x': 128,
 'roi_y': 128,
 'roi_z': 128,
 'save_checkpoint': True,
 'seed': 3,
 'similarity_loss': '',
 'similarity_loss_weight': 0.0,
 'spatial_dims': 3,
 'split_method': 'stratified',
 'start_epoch': 0,
 'sw_batch_size': 4,
 'telegram_log': True,
 'test_mode': False,
 'token': './token/tlg_token.txt',
 'use_checkpoint': False,
 'val_every': 4,
 'warmup_epochs': 5,
 'workers': 8,
 'world_size': 1}
2025-11-12 10:47:04,035 INFO 
2025-11-12 10:47:04,039 INFO Saved configuration to: outputs/OrganoidsINRIA_reduced/resnet18/2025-11-12-10-47/config.txt
2025-11-12 10:47:04,555 INFO Using GPU: 0
2025-11-12 10:47:04,555 INFO 
2025-11-12 10:47:04,555 INFO Model INFO:
2025-11-12 10:47:04,555 INFO Model architecture: resnet18
2025-11-12 10:47:04,817 INFO Using pretrained weights
2025-11-12 10:47:04,817 INFO => loading pretrained model './pretrained_models/resnet18/resnet_18.pth'
2025-11-12 10:47:05,978 INFO Missing keys when loading pretrained: 27
2025-11-12 10:47:05,979 INFO Using SwinUNETR with Single Linear Classification Head
2025-11-12 10:47:06,000 INFO 
2025-11-12 10:47:06,000 INFO Optimizer INFO:
2025-11-12 10:47:06,000 INFO Using optimizer: adamw with lr=0.05, weight_decay=5e-05
2025-11-12 10:47:06,000 INFO 
2025-11-12 10:47:06,000 INFO Dataset INFO:
2025-11-12 10:47:06,125 INFO Dataset length: 803
2025-11-12 10:47:06,125 INFO Class distribution in entire dataset:
2025-11-12 10:47:06,125 INFO   Class 0: 391
2025-11-12 10:47:06,125 INFO   Class 1: 43
2025-11-12 10:47:06,125 INFO   Class 2: 369
2025-11-12 10:47:06,125 INFO 
Using split method: stratified
2025-11-12 10:47:06,156 INFO 
Train set balance:
2025-11-12 10:47:06,156 INFO 
Val set balance:
2025-11-12 10:47:06,156 INFO Training set length: 642
2025-11-12 10:47:06,156 INFO Validation set length: 161
2025-11-12 10:47:06,156 INFO 
Using standard shuffle for training
2025-11-12 10:47:06,157 INFO Training loader: 160 batches
2025-11-12 10:47:06,157 INFO Validation loader: 41 batches
2025-11-12 10:47:06,157 INFO 
Class distribution in training set:
2025-11-12 10:47:06,157 INFO   Class 0: 313 (48.8%)
2025-11-12 10:47:06,157 INFO   Class 1: 34 (5.3%)
2025-11-12 10:47:06,157 INFO   Class 2: 295 (46.0%)
2025-11-12 10:47:06,157 INFO Class distribution in validation set:
2025-11-12 10:47:06,157 INFO   Class 0: 78 (48.4%)
2025-11-12 10:47:06,157 INFO   Class 1: 9 (5.6%)
2025-11-12 10:47:06,157 INFO   Class 2: 74 (46.0%)
2025-11-12 10:47:06,157 INFO **************************************************
2025-11-12 10:47:06,219 INFO Class weights: [ 6.837  62.941  7.254]
2025-11-12 10:47:06,219 INFO 
2025-11-12 10:47:06,219 INFO Using loss function: CE
2025-11-12 10:47:06,223 INFO **************************************************
2025-11-12 10:47:06,223 INFO Starting training...
2025-11-12 10:47:06,231 INFO 0 Wed Nov 12 10:47:06 2025 Epoch: 0
2025-11-12 10:48:52,000 INFO Final training 0/99, loss: 1.1441, time 105.77s, lr: 0.000000
Accuracy: 0.486
class                  precision    recall   specificity      f1   support
--------------------------------------------------------------------------
0                          0.486     1.000         0.000   0.654       311
1                          0.000     0.000         1.000   0.000        34
2                          0.000     0.000         1.000   0.000       295
*----------------------------------------*
2025-11-12 10:48:52,408 INFO 0 Wed Nov 12 10:48:52 2025 Epoch: 1
2025-11-12 10:50:12,232 INFO Final training 1/99, loss: 1.2020, time 79.82s, lr: 0.012500
Accuracy: 0.439
class                  precision    recall   specificity      f1   support
--------------------------------------------------------------------------
0                          0.478     0.387         0.596   0.428       313
1                          0.065     0.059         0.952   0.062        34
2                          0.444     0.539         0.429   0.487       293
*----------------------------------------*
2025-11-12 10:50:12,232 INFO 0 Wed Nov 12 10:50:12 2025 Epoch: 2
2025-11-12 10:51:33,149 INFO Final training 2/99, loss: 1.0273, time 80.92s, lr: 0.025000
Accuracy: 0.500
class                  precision    recall   specificity      f1   support
--------------------------------------------------------------------------
0                          0.502     0.521         0.511   0.511       311
1                          0.000     0.000         1.000   0.000        34
2                          0.498     0.536         0.539   0.516       295
*----------------------------------------*
2025-11-12 10:51:33,149 INFO 0 Wed Nov 12 10:51:33 2025 Epoch: 3
2025-11-12 10:52:51,711 INFO Final training 3/99, loss: 0.9766, time 78.56s, lr: 0.037500
Accuracy: 0.544
class                  precision    recall   specificity      f1   support
--------------------------------------------------------------------------
0                          0.535     0.635         0.476   0.581       312
1                          0.000     0.000         1.000   0.000        34
2                          0.556     0.510         0.653   0.532       294
*----------------------------------------*
2025-11-12 10:53:25,034 INFO Final validation 3/99, Val_acc: 0.4120, time 33.32sAccuracy: 0.447
class                  precision    recall   specificity      f1   support
--------------------------------------------------------------------------
0                          0.320     0.103         0.795   0.155        78
1                          0.000     0.000         1.000   0.000         9
2                          0.471     0.865         0.172   0.610        74
*========================================*
2025-11-12 10:53:25,034 INFO New best (0.000000 --> 0.412008)
2025-11-12 10:53:29,998 INFO Copying best model to best_model.pt
2025-11-12 10:53:33,024 INFO 0 Wed Nov 12 10:53:33 2025 Epoch: 4
2025-11-12 10:54:50,806 INFO Final training 4/99, loss: 0.9562, time 77.78s, lr: 0.050000
Accuracy: 0.556
class                  precision    recall   specificity      f1   support
--------------------------------------------------------------------------
0                          0.551     0.658         0.486   0.600       313
1                          0.000     0.000         1.000   0.000        33
2                          0.564     0.510         0.665   0.536       294
*----------------------------------------*
2025-11-12 10:54:50,807 INFO 0 Wed Nov 12 10:54:50 2025 Epoch: 5
2025-11-12 10:56:11,869 INFO Final training 5/99, loss: 0.8661, time 81.06s, lr: 0.050000
Accuracy: 0.578
class                  precision    recall   specificity      f1   support
--------------------------------------------------------------------------
0                          0.563     0.720         0.471   0.632       311
1                          0.120     0.088         0.964   0.102        34
2                          0.659     0.485         0.786   0.559       295
*----------------------------------------*
2025-11-12 10:56:11,870 INFO 0 Wed Nov 12 10:56:11 2025 Epoch: 6
2025-11-12 10:57:33,431 INFO Final training 6/99, loss: 0.8180, time 81.56s, lr: 0.049986
Accuracy: 0.634
class                  precision    recall   specificity      f1   support
--------------------------------------------------------------------------
0                          0.623     0.724         0.582   0.670       312
1                          0.192     0.147         0.965   0.167        34
2                          0.697     0.595         0.780   0.642       294
*----------------------------------------*
2025-11-12 10:57:33,432 INFO 0 Wed Nov 12 10:57:33 2025 Epoch: 7
2025-11-12 10:58:51,649 INFO Final training 7/99, loss: 0.7655, time 78.22s, lr: 0.049945
Accuracy: 0.659
class                  precision    recall   specificity      f1   support
--------------------------------------------------------------------------
0                          0.703     0.728         0.707   0.715       312
1                          0.173     0.412         0.889   0.243        34
2                          0.767     0.616         0.841   0.683       294
*----------------------------------------*
2025-11-12 10:59:01,507 INFO Final validation 7/99, Val_acc: 0.4500, time 9.86sAccuracy: 0.516
class                  precision    recall   specificity      f1   support
--------------------------------------------------------------------------
0                          0.750     0.269         0.916   0.396        78
1                          0.222     0.222         0.954   0.222         9
2                          0.484     0.811         0.264   0.606        74
*========================================*
2025-11-12 10:59:01,507 INFO New best (0.412008 --> 0.449965)
2025-11-12 10:59:06,512 INFO Copying best model to best_model.pt
2025-11-12 10:59:09,648 INFO 0 Wed Nov 12 10:59:09 2025 Epoch: 8
2025-11-12 11:00:27,209 INFO Final training 8/99, loss: 0.6774, time 77.56s, lr: 0.049877
Accuracy: 0.703
class                  precision    recall   specificity      f1   support
--------------------------------------------------------------------------
0                          0.758     0.722         0.780   0.740       313
1                          0.243     0.500         0.913   0.327        34
2                          0.761     0.706         0.813   0.733       293
*----------------------------------------*
2025-11-12 11:00:27,210 INFO 0 Wed Nov 12 11:00:27 2025 Epoch: 9
2025-11-12 11:01:48,232 INFO Final training 9/99, loss: 0.7299, time 81.02s, lr: 0.049782
Accuracy: 0.700
class                  precision    recall   specificity      f1   support
--------------------------------------------------------------------------
0                          0.734     0.757         0.737   0.745       313
1                          0.200     0.382         0.914   0.263        34
2                          0.786     0.676         0.844   0.727       293
*----------------------------------------*
2025-11-12 11:01:48,233 INFO 0 Wed Nov 12 11:01:48 2025 Epoch: 10
2025-11-12 11:03:04,625 INFO Final training 10/99, loss: 0.6396, time 76.39s, lr: 0.049659
Accuracy: 0.720
class                  precision    recall   specificity      f1   support
--------------------------------------------------------------------------
0                          0.784     0.731         0.808   0.756       312
1                          0.259     0.618         0.901   0.365        34
2                          0.791     0.721         0.838   0.754       294
*----------------------------------------*
2025-11-12 11:03:05,129 INFO 0 Wed Nov 12 11:03:05 2025 Epoch: 11
2025-11-12 11:04:24,750 INFO Final training 11/99, loss: 0.6703, time 79.62s, lr: 0.049509
Accuracy: 0.731
class                  precision    recall   specificity      f1   support
--------------------------------------------------------------------------
0                          0.777     0.747         0.796   0.761       312
1                          0.267     0.588         0.909   0.367        34
2                          0.811     0.731         0.855   0.769       294
*----------------------------------------*
2025-11-12 11:04:34,536 INFO Final validation 11/99, Val_acc: 0.3420, time 9.79sAccuracy: 0.435
class                  precision    recall   specificity      f1   support
--------------------------------------------------------------------------
0                          0.567     0.436         0.687   0.493        78
1                          0.111     0.333         0.842   0.167         9
2                          0.446     0.446         0.529   0.446        74
*========================================*
2025-11-12 11:04:38,205 INFO 0 Wed Nov 12 11:04:38 2025 Epoch: 12
2025-11-12 11:05:58,199 INFO Final training 12/99, loss: 0.6094, time 79.99s, lr: 0.049333
Accuracy: 0.753
class                  precision    recall   specificity      f1   support
--------------------------------------------------------------------------
0                          0.790     0.785         0.802   0.788       312
1                          0.328     0.647         0.926   0.436        34
2                          0.817     0.731         0.861   0.772       294
*----------------------------------------*
2025-11-12 11:05:58,199 INFO 0 Wed Nov 12 11:05:58 2025 Epoch: 13
2025-11-12 11:07:14,211 INFO Final training 13/99, loss: 0.6263, time 76.01s, lr: 0.049130
Accuracy: 0.748
class                  precision    recall   specificity      f1   support
--------------------------------------------------------------------------
0                          0.785     0.782         0.796   0.783       312
1                          0.275     0.576         0.918   0.373        33
2                          0.831     0.732         0.872   0.778       295
*----------------------------------------*
2025-11-12 11:07:14,211 INFO 0 Wed Nov 12 11:07:14 2025 Epoch: 14
2025-11-12 11:08:34,725 INFO Final training 14/99, loss: 0.5452, time 80.51s, lr: 0.048901
Accuracy: 0.759
class                  precision    recall   specificity      f1   support
--------------------------------------------------------------------------
0                          0.819     0.785         0.835   0.802       312
1                          0.329     0.706         0.919   0.449        34
2                          0.810     0.738         0.853   0.772       294
*----------------------------------------*
2025-11-12 11:08:34,726 INFO 0 Wed Nov 12 11:08:34 2025 Epoch: 15
2025-11-12 11:09:55,837 INFO Final training 15/99, loss: 0.5123, time 81.11s, lr: 0.048645
Accuracy: 0.800
class                  precision    recall   specificity      f1   support
--------------------------------------------------------------------------
0                          0.818     0.824         0.826   0.821       312
1                          0.415     0.794         0.937   0.545        34
2                          0.874     0.776         0.905   0.822       294
*----------------------------------------*
2025-11-12 11:10:05,860 INFO Final validation 15/99, Val_acc: 0.3382, time 10.02sAccuracy: 0.366
class                  precision    recall   specificity      f1   support
--------------------------------------------------------------------------
0                          0.444     0.103         0.880   0.167        78
1                          0.250     0.889         0.842   0.390         9
2                          0.387     0.581         0.218   0.465        74
*========================================*
2025-11-12 11:10:09,568 INFO 0 Wed Nov 12 11:10:09 2025 Epoch: 16
2025-11-12 11:11:28,670 INFO Final training 16/99, loss: 0.5139, time 79.10s, lr: 0.048364
Accuracy: 0.798
class                  precision    recall   specificity      f1   support
--------------------------------------------------------------------------
0                          0.838     0.814         0.851   0.825       311
1                          0.403     0.794         0.934   0.535        34
2                          0.852     0.783         0.884   0.816       295
*----------------------------------------*
2025-11-12 11:11:28,670 INFO 0 Wed Nov 12 11:11:28 2025 Epoch: 17
2025-11-12 11:12:45,219 INFO Final training 17/99, loss: 0.5188, time 76.55s, lr: 0.048057
Accuracy: 0.777
class                  precision    recall   specificity      f1   support
--------------------------------------------------------------------------
0                          0.799     0.814         0.805   0.806       312
1                          0.422     0.794         0.939   0.551        34
2                          0.837     0.735         0.879   0.783       294
*----------------------------------------*
2025-11-12 11:12:45,219 INFO 0 Wed Nov 12 11:12:45 2025 Epoch: 18
2025-11-12 11:14:03,883 INFO Final training 18/99, loss: 0.4915, time 78.66s, lr: 0.047725
Accuracy: 0.814
class                  precision    recall   specificity      f1   support
--------------------------------------------------------------------------
0                          0.863     0.830         0.875   0.846       312
1                          0.356     0.765         0.922   0.486        34
2                          0.884     0.803         0.910   0.841       294
*----------------------------------------*
2025-11-12 11:14:03,884 INFO 0 Wed Nov 12 11:14:03 2025 Epoch: 19
2025-11-12 11:15:22,594 INFO Final training 19/99, loss: 0.4356, time 78.71s, lr: 0.047368
Accuracy: 0.836
class                  precision    recall   specificity      f1   support
--------------------------------------------------------------------------
0                          0.886     0.849         0.897   0.867       311
1                          0.403     0.735         0.939   0.521        34
2                          0.879     0.834         0.901   0.856       295
*----------------------------------------*
2025-11-12 11:15:32,284 INFO Final validation 19/99, Val_acc: 0.3275, time 9.69sAccuracy: 0.366
class                  precision    recall   specificity      f1   support
--------------------------------------------------------------------------
0                          0.443     0.449         0.470   0.446        78
1                          0.296     0.889         0.875   0.444         9
2                          0.291     0.216         0.552   0.248        74
*========================================*
2025-11-12 11:15:36,008 INFO 0 Wed Nov 12 11:15:36 2025 Epoch: 20
2025-11-12 11:16:56,092 INFO Final training 20/99, loss: 0.4993, time 80.08s, lr: 0.046987
Accuracy: 0.820
class                  precision    recall   specificity      f1   support
--------------------------------------------------------------------------
0                          0.859     0.856         0.866   0.857       312
1                          0.391     0.735         0.936   0.510        34
2                          0.879     0.793         0.908   0.834       294
*----------------------------------------*
2025-11-12 11:16:56,529 INFO 0 Wed Nov 12 11:16:56 2025 Epoch: 21
2025-11-12 11:18:12,843 INFO Final training 21/99, loss: 0.4813, time 76.31s, lr: 0.046581
Accuracy: 0.802
class                  precision    recall   specificity      f1   support
--------------------------------------------------------------------------
0                          0.856     0.818         0.869   0.837       313
1                          0.310     0.647         0.919   0.419        34
2                          0.870     0.802         0.899   0.835       293
*----------------------------------------*
2025-11-12 11:18:12,843 INFO 0 Wed Nov 12 11:18:12 2025 Epoch: 22
2025-11-12 11:19:30,957 INFO Final training 22/99, loss: 0.4091, time 78.11s, lr: 0.046152
Accuracy: 0.830
class                  precision    recall   specificity      f1   support
--------------------------------------------------------------------------
0                          0.870     0.878         0.875   0.874       312
1                          0.439     0.853         0.939   0.580        34
2                          0.880     0.776         0.910   0.825       294
*----------------------------------------*
2025-11-12 11:19:30,957 INFO 0 Wed Nov 12 11:19:30 2025 Epoch: 23
2025-11-12 11:20:49,708 INFO Final training 23/99, loss: 0.4192, time 78.75s, lr: 0.045700
Accuracy: 0.833
class                  precision    recall   specificity      f1   support
--------------------------------------------------------------------------
0                          0.880     0.852         0.891   0.866       311
1                          0.409     0.794         0.936   0.540        34
2                          0.883     0.817         0.907   0.849       295
*----------------------------------------*
2025-11-12 11:20:59,530 INFO Final validation 23/99, Val_acc: 0.4117, time 9.82sAccuracy: 0.478
class                  precision    recall   specificity      f1   support
--------------------------------------------------------------------------
0                          0.680     0.436         0.807   0.531        78
1                          0.222     0.889         0.816   0.356         9
2                          0.467     0.473         0.540   0.470        74
*========================================*
2025-11-12 11:21:03,221 INFO 0 Wed Nov 12 11:21:03 2025 Epoch: 24
2025-11-12 11:22:23,444 INFO Final training 24/99, loss: 0.3847, time 80.22s, lr: 0.045225
Accuracy: 0.848
class                  precision    recall   specificity      f1   support
--------------------------------------------------------------------------
0                          0.868     0.882         0.872   0.875       313
1                          0.538     0.848         0.960   0.659        33
2                          0.885     0.813         0.910   0.848       294
*----------------------------------------*
2025-11-12 11:22:23,444 INFO 0 Wed Nov 12 11:22:23 2025 Epoch: 25
2025-11-12 11:23:42,848 INFO Final training 25/99, loss: 0.4643, time 79.40s, lr: 0.044729
Accuracy: 0.834
class                  precision    recall   specificity      f1   support
--------------------------------------------------------------------------
0                          0.893     0.830         0.905   0.860       312
1                          0.364     0.824         0.919   0.505        34
2                          0.905     0.840         0.925   0.871       294
*----------------------------------------*
2025-11-12 11:23:42,848 INFO 0 Wed Nov 12 11:23:42 2025 Epoch: 26
2025-11-12 11:25:03,853 INFO Final training 26/99, loss: 0.4410, time 81.00s, lr: 0.044210
Accuracy: 0.836
class                  precision    recall   specificity      f1   support
--------------------------------------------------------------------------
0                          0.868     0.868         0.875   0.868       311
1                          0.400     0.765         0.936   0.525        34
2                          0.905     0.810         0.928   0.855       295
*----------------------------------------*
2025-11-12 11:25:03,853 INFO 0 Wed Nov 12 11:25:03 2025 Epoch: 27
2025-11-12 11:26:25,239 INFO Final training 27/99, loss: 0.3902, time 81.39s, lr: 0.043671
Accuracy: 0.850
class                  precision    recall   specificity      f1   support
--------------------------------------------------------------------------
0                          0.899     0.859         0.909   0.878       311
1                          0.448     0.882         0.939   0.594        34
2                          0.895     0.837         0.916   0.865       295
*----------------------------------------*
2025-11-12 11:26:34,925 INFO Final validation 27/99, Val_acc: 0.3402, time 9.69sAccuracy: 0.385
class                  precision    recall   specificity      f1   support
--------------------------------------------------------------------------
0                          0.357     0.128         0.783   0.189        78
1                          0.308     0.444         0.941   0.364         9
2                          0.400     0.649         0.172   0.495        74
*========================================*
2025-11-12 11:26:38,715 INFO 0 Wed Nov 12 11:26:38 2025 Epoch: 28
2025-11-12 11:27:59,342 INFO Final training 28/99, loss: 0.3247, time 80.63s, lr: 0.043111
Accuracy: 0.856
class                  precision    recall   specificity      f1   support
--------------------------------------------------------------------------
0                          0.896     0.882         0.902   0.889       313
1                          0.468     0.853         0.946   0.604        34
2                          0.900     0.829         0.922   0.863       293
*----------------------------------------*
2025-11-12 11:27:59,342 INFO 0 Wed Nov 12 11:27:59 2025 Epoch: 29
2025-11-12 11:29:17,334 INFO Final training 29/99, loss: 0.4121, time 77.99s, lr: 0.042531
Accuracy: 0.859
class                  precision    recall   specificity      f1   support
--------------------------------------------------------------------------
0                          0.897     0.894         0.902   0.896       312
1                          0.450     0.794         0.946   0.574        34
2                          0.907     0.830         0.928   0.867       294
*----------------------------------------*
2025-11-12 11:29:17,335 INFO 0 Wed Nov 12 11:29:17 2025 Epoch: 30
2025-11-12 11:30:36,220 INFO Final training 30/99, loss: 0.3362, time 78.89s, lr: 0.041932
Accuracy: 0.866
class                  precision    recall   specificity      f1   support
--------------------------------------------------------------------------
0                          0.909     0.897         0.915   0.903       311
1                          0.426     0.853         0.936   0.569        34
2                          0.928     0.834         0.945   0.879       295
*----------------------------------------*
2025-11-12 11:30:36,666 INFO 0 Wed Nov 12 11:30:36 2025 Epoch: 31
2025-11-12 11:31:56,909 INFO Final training 31/99, loss: 0.3087, time 80.24s, lr: 0.041315
Accuracy: 0.869
class                  precision    recall   specificity      f1   support
--------------------------------------------------------------------------
0                          0.907     0.907         0.911   0.907       313
1                          0.484     0.882         0.947   0.625        34
2                          0.913     0.826         0.934   0.867       293
*----------------------------------------*
2025-11-12 11:32:06,528 INFO Final validation 31/99, Val_acc: 0.3975, time 9.62sAccuracy: 0.429
class                  precision    recall   specificity      f1   support
--------------------------------------------------------------------------
0                          0.500     0.051         0.952   0.093        78
1                          0.125     0.111         0.954   0.118         9
2                          0.441     0.865         0.069   0.584        74
*========================================*
2025-11-12 11:32:10,010 INFO 0 Wed Nov 12 11:32:10 2025 Epoch: 32
2025-11-12 11:33:28,430 INFO Final training 32/99, loss: 0.3161, time 78.42s, lr: 0.040679
Accuracy: 0.880
class                  precision    recall   specificity      f1   support
--------------------------------------------------------------------------
0                          0.932     0.881         0.939   0.906       311
1                          0.500     0.882         0.950   0.638        34
2                          0.906     0.878         0.922   0.892       295
*----------------------------------------*
2025-11-12 11:33:28,430 INFO 0 Wed Nov 12 11:33:28 2025 Epoch: 33
2025-11-12 11:34:47,470 INFO Final training 33/99, loss: 0.2904, time 79.04s, lr: 0.040027
Accuracy: 0.898
class                  precision    recall   specificity      f1   support
--------------------------------------------------------------------------
0                          0.935     0.920         0.939   0.928       313
1                          0.552     0.941         0.957   0.696        34
2                          0.931     0.870         0.945   0.899       293
*----------------------------------------*
2025-11-12 11:34:47,470 INFO 0 Wed Nov 12 11:34:47 2025 Epoch: 34
2025-11-12 11:36:06,220 INFO Final training 34/99, loss: 0.2953, time 78.75s, lr: 0.039358
Accuracy: 0.877
class                  precision    recall   specificity      f1   support
--------------------------------------------------------------------------
0                          0.910     0.904         0.914   0.907       313
1                          0.541     0.971         0.954   0.695        34
2                          0.914     0.836         0.934   0.873       293
*----------------------------------------*
2025-11-12 11:36:06,220 INFO 0 Wed Nov 12 11:36:06 2025 Epoch: 35
2025-11-12 11:37:25,575 INFO Final training 35/99, loss: 0.2930, time 79.36s, lr: 0.038674
Accuracy: 0.891
class                  precision    recall   specificity      f1   support
--------------------------------------------------------------------------
0                          0.933     0.897         0.939   0.915       311
1                          0.582     0.941         0.962   0.719        34
2                          0.906     0.878         0.922   0.892       295
*----------------------------------------*
2025-11-12 11:37:35,481 INFO Final validation 35/99, Val_acc: 0.4586, time 9.91sAccuracy: 0.484
class                  precision    recall   specificity      f1   support
--------------------------------------------------------------------------
0                          0.800     0.103         0.976   0.182        78
1                          0.000     0.000         0.987   0.000         9
2                          0.470     0.946         0.092   0.628        74
*========================================*
2025-11-12 11:37:35,481 INFO New best (0.449965 --> 0.458592)
2025-11-12 11:37:40,546 INFO Copying best model to best_model.pt
2025-11-12 11:37:43,644 INFO 0 Wed Nov 12 11:37:43 2025 Epoch: 36
2025-11-12 11:39:01,203 INFO Final training 36/99, loss: 0.3232, time 77.56s, lr: 0.037974
Accuracy: 0.878
class                  precision    recall   specificity      f1   support
--------------------------------------------------------------------------
0                          0.916     0.881         0.924   0.898       311
1                          0.475     0.853         0.947   0.611        34
2                          0.925     0.878         0.939   0.901       295
*----------------------------------------*
2025-11-12 11:39:01,203 INFO 0 Wed Nov 12 11:39:01 2025 Epoch: 37
2025-11-12 11:40:18,529 INFO Final training 37/99, loss: 0.3484, time 77.33s, lr: 0.037261
Accuracy: 0.884
class                  precision    recall   specificity      f1   support
--------------------------------------------------------------------------
0                          0.924     0.891         0.930   0.907       312
1                          0.509     0.824         0.955   0.629        34
2                          0.915     0.884         0.931   0.900       294
*----------------------------------------*
2025-11-12 11:40:18,529 INFO 0 Wed Nov 12 11:40:18 2025 Epoch: 38
2025-11-12 11:41:37,432 INFO Final training 38/99, loss: 0.2689, time 78.90s, lr: 0.036534
Accuracy: 0.900
class                  precision    recall   specificity      f1   support
--------------------------------------------------------------------------
0                          0.931     0.904         0.936   0.917       312
1                          0.593     0.941         0.964   0.727        34
2                          0.926     0.891         0.939   0.908       294
*----------------------------------------*
2025-11-12 11:41:37,432 INFO 0 Wed Nov 12 11:41:37 2025 Epoch: 39
2025-11-12 11:42:54,220 INFO Final training 39/99, loss: 0.3824, time 76.79s, lr: 0.035794
Accuracy: 0.867
class                  precision    recall   specificity      f1   support
--------------------------------------------------------------------------
0                          0.921     0.898         0.927   0.909       313
1                          0.426     0.765         0.942   0.547        34
2                          0.905     0.846         0.925   0.875       293
*----------------------------------------*
2025-11-12 11:43:04,196 INFO Final validation 39/99, Val_acc: 0.5424, time 9.98sAccuracy: 0.621
class                  precision    recall   specificity      f1   support
--------------------------------------------------------------------------
0                          0.709     0.782         0.699   0.744        78
1                          0.150     0.333         0.888   0.207         9
2                          0.655     0.486         0.782   0.558        74
*========================================*
2025-11-12 11:43:04,196 INFO New best (0.458592 --> 0.542443)
2025-11-12 11:43:09,307 INFO Copying best model to best_model.pt
2025-11-12 11:43:12,454 INFO 0 Wed Nov 12 11:43:12 2025 Epoch: 40
2025-11-12 11:44:31,906 INFO Final training 40/99, loss: 0.2877, time 79.45s, lr: 0.035042
Accuracy: 0.897
class                  precision    recall   specificity      f1   support
--------------------------------------------------------------------------
0                          0.938     0.920         0.942   0.929       312
1                          0.519     0.848         0.957   0.644        33
2                          0.925     0.878         0.939   0.901       295
*----------------------------------------*
2025-11-12 11:44:32,403 INFO 0 Wed Nov 12 11:44:32 2025 Epoch: 41
2025-11-12 11:45:50,705 INFO Final training 41/99, loss: 0.2678, time 78.30s, lr: 0.034280
Accuracy: 0.902
class                  precision    recall   specificity      f1   support
--------------------------------------------------------------------------
0                          0.935     0.926         0.939   0.931       312
1                          0.554     0.912         0.959   0.689        34
2                          0.935     0.874         0.948   0.903       294
*----------------------------------------*
2025-11-12 11:45:50,705 INFO 0 Wed Nov 12 11:45:50 2025 Epoch: 42
2025-11-12 11:47:09,535 INFO Final training 42/99, loss: 0.2804, time 78.83s, lr: 0.033507
Accuracy: 0.892
class                  precision    recall   specificity      f1   support
--------------------------------------------------------------------------
0                          0.926     0.917         0.930   0.921       312
1                          0.542     0.941         0.955   0.688        34
2                          0.930     0.861         0.945   0.894       294
*----------------------------------------*
2025-11-12 11:47:09,536 INFO 0 Wed Nov 12 11:47:09 2025 Epoch: 43
2025-11-12 11:48:27,384 INFO Final training 43/99, loss: 0.2354, time 77.85s, lr: 0.032725
Accuracy: 0.906
class                  precision    recall   specificity      f1   support
--------------------------------------------------------------------------
0                          0.957     0.930         0.960   0.943       313
1                          0.500     0.853         0.952   0.630        34
2                          0.935     0.887         0.948   0.911       293
*----------------------------------------*
2025-11-12 11:48:37,229 INFO Final validation 43/99, Val_acc: 0.4938, time 9.84sAccuracy: 0.590
class                  precision    recall   specificity      f1   support
--------------------------------------------------------------------------
0                          0.745     0.487         0.843   0.589        78
1                          0.000     0.000         0.961   0.000         9
2                          0.548     0.770         0.460   0.640        74
*========================================*
2025-11-12 11:48:40,948 INFO 0 Wed Nov 12 11:48:40 2025 Epoch: 44
2025-11-12 11:49:59,071 INFO Final training 44/99, loss: 0.2724, time 78.12s, lr: 0.031935
Accuracy: 0.892
class                  precision    recall   specificity      f1   support
--------------------------------------------------------------------------
0                          0.934     0.910         0.939   0.922       312
1                          0.545     0.882         0.959   0.674        34
2                          0.915     0.874         0.931   0.894       294
*----------------------------------------*
2025-11-12 11:49:59,071 INFO 0 Wed Nov 12 11:49:59 2025 Epoch: 45
2025-11-12 11:51:20,616 INFO Final training 45/99, loss: 0.2610, time 81.54s, lr: 0.031137
Accuracy: 0.906
class                  precision    recall   specificity      f1   support
--------------------------------------------------------------------------
0                          0.945     0.936         0.948   0.941       313
1                          0.500     0.882         0.950   0.638        34
2                          0.952     0.877         0.963   0.913       293
*----------------------------------------*
2025-11-12 11:51:20,616 INFO 0 Wed Nov 12 11:51:20 2025 Epoch: 46
2025-11-12 11:52:41,135 INFO Final training 46/99, loss: 0.2088, time 80.52s, lr: 0.030332
Accuracy: 0.925
class                  precision    recall   specificity      f1   support
--------------------------------------------------------------------------
0                          0.961     0.942         0.963   0.951       312
1                          0.608     0.912         0.967   0.729        34
2                          0.943     0.908         0.954   0.925       294
*----------------------------------------*
2025-11-12 11:52:41,136 INFO 0 Wed Nov 12 11:52:41 2025 Epoch: 47
2025-11-12 11:54:00,928 INFO Final training 47/99, loss: 0.2788, time 79.79s, lr: 0.029522
Accuracy: 0.906
class                  precision    recall   specificity      f1   support
--------------------------------------------------------------------------
0                          0.941     0.920         0.945   0.930       312
1                          0.566     0.882         0.962   0.690        34
2                          0.933     0.895         0.945   0.913       294
*----------------------------------------*
2025-11-12 11:54:10,795 INFO Final validation 47/99, Val_acc: 0.5473, time 9.87sAccuracy: 0.590
class                  precision    recall   specificity      f1   support
--------------------------------------------------------------------------
0                          0.960     0.308         0.988   0.466        78
1                          0.000     0.000         0.980   0.000         9
2                          0.534     0.959         0.287   0.686        74
*========================================*
2025-11-12 11:54:10,795 INFO New best (0.542443 --> 0.547274)
2025-11-12 11:54:15,777 INFO Copying best model to best_model.pt
2025-11-12 11:54:18,865 INFO 0 Wed Nov 12 11:54:18 2025 Epoch: 48
2025-11-12 11:55:36,411 INFO Final training 48/99, loss: 0.2443, time 77.55s, lr: 0.028707
Accuracy: 0.902
class                  precision    recall   specificity      f1   support
--------------------------------------------------------------------------
0                          0.923     0.923         0.927   0.923       313
1                          0.585     0.912         0.964   0.713        34
2                          0.938     0.877         0.951   0.907       293
*----------------------------------------*
2025-11-12 11:55:36,411 INFO 0 Wed Nov 12 11:55:36 2025 Epoch: 49
2025-11-12 11:56:55,538 INFO Final training 49/99, loss: 0.2287, time 79.13s, lr: 0.027887
Accuracy: 0.897
class                  precision    recall   specificity      f1   support
--------------------------------------------------------------------------
0                          0.940     0.907         0.945   0.923       312
1                          0.566     0.882         0.962   0.690        34
2                          0.913     0.888         0.928   0.900       294
*----------------------------------------*
2025-11-12 11:56:55,538 INFO 0 Wed Nov 12 11:56:55 2025 Epoch: 50
2025-11-12 11:58:14,634 INFO Final training 50/99, loss: 0.2951, time 79.10s, lr: 0.027064
Accuracy: 0.903
class                  precision    recall   specificity      f1   support
--------------------------------------------------------------------------
0                          0.950     0.917         0.954   0.933       313
1                          0.538     0.824         0.960   0.651        34
2                          0.920     0.898         0.934   0.908       293
*----------------------------------------*
2025-11-12 11:58:15,271 INFO 0 Wed Nov 12 11:58:15 2025 Epoch: 51
2025-11-12 11:59:29,674 INFO Final training 51/99, loss: 0.2377, time 74.40s, lr: 0.026240
Accuracy: 0.920
class                  precision    recall   specificity      f1   support
--------------------------------------------------------------------------
0                          0.951     0.936         0.954   0.943       311
1                          0.580     0.853         0.965   0.690        34
2                          0.947     0.912         0.957   0.929       295
*----------------------------------------*
2025-11-12 11:59:39,962 INFO Final validation 51/99, Val_acc: 0.4631, time 10.29sAccuracy: 0.547
class                  precision    recall   specificity      f1   support
--------------------------------------------------------------------------
0                          0.828     0.308         0.940   0.449        78
1                          0.083     0.111         0.928   0.095         9
2                          0.525     0.851         0.345   0.649        74
*========================================*
2025-11-12 11:59:43,676 INFO 0 Wed Nov 12 11:59:43 2025 Epoch: 52
2025-11-12 12:01:00,447 INFO Final training 52/99, loss: 0.2141, time 76.77s, lr: 0.025413
Accuracy: 0.922
class                  precision    recall   specificity      f1   support
--------------------------------------------------------------------------
0                          0.951     0.939         0.954   0.945       313
1                          0.582     0.941         0.962   0.719        34
2                          0.957     0.901         0.965   0.928       293
*----------------------------------------*
2025-11-12 12:01:00,447 INFO 0 Wed Nov 12 12:01:00 2025 Epoch: 53
2025-11-12 12:02:17,400 INFO Final training 53/99, loss: 0.1703, time 76.95s, lr: 0.024587
Accuracy: 0.939
class                  precision    recall   specificity      f1   support
--------------------------------------------------------------------------
0                          0.967     0.946         0.970   0.956       312
1                          0.660     0.971         0.972   0.786        34
2                          0.958     0.929         0.965   0.943       294
*----------------------------------------*
2025-11-12 12:02:17,400 INFO 0 Wed Nov 12 12:02:17 2025 Epoch: 54
2025-11-12 12:03:33,424 INFO Final training 54/99, loss: 0.2082, time 76.02s, lr: 0.023760
Accuracy: 0.925
class                  precision    recall   specificity      f1   support
--------------------------------------------------------------------------
0                          0.954     0.936         0.957   0.945       313
1                          0.608     0.912         0.967   0.729        34
2                          0.950     0.915         0.960   0.932       293
*----------------------------------------*
2025-11-12 12:03:33,425 INFO 0 Wed Nov 12 12:03:33 2025 Epoch: 55
2025-11-12 12:04:50,418 INFO Final training 55/99, loss: 0.2148, time 76.99s, lr: 0.022936
Accuracy: 0.920
class                  precision    recall   specificity      f1   support
--------------------------------------------------------------------------
0                          0.951     0.939         0.954   0.945       313
1                          0.604     0.941         0.965   0.736        34
2                          0.946     0.898         0.957   0.921       293
*----------------------------------------*
2025-11-12 12:05:00,298 INFO Final validation 55/99, Val_acc: 0.4241, time 9.88sAccuracy: 0.460
class                  precision    recall   specificity      f1   support
--------------------------------------------------------------------------
0                          0.586     0.218         0.855   0.318        78
1                          0.300     0.667         0.908   0.414         9
2                          0.455     0.689         0.299   0.548        74
*========================================*
2025-11-12 12:05:04,027 INFO 0 Wed Nov 12 12:05:04 2025 Epoch: 56
2025-11-12 12:06:20,184 INFO Final training 56/99, loss: 0.1942, time 76.16s, lr: 0.022113
Accuracy: 0.939
class                  precision    recall   specificity      f1   support
--------------------------------------------------------------------------
0                          0.958     0.942         0.960   0.950       312
1                          0.711     0.941         0.979   0.810        34
2                          0.955     0.935         0.962   0.945       294
*----------------------------------------*
2025-11-12 12:06:20,184 INFO 0 Wed Nov 12 12:06:20 2025 Epoch: 57
2025-11-12 12:07:38,251 INFO Final training 57/99, loss: 0.1992, time 78.07s, lr: 0.021293
Accuracy: 0.925
class                  precision    recall   specificity      f1   support
--------------------------------------------------------------------------
0                          0.951     0.932         0.954   0.942       311
1                          0.640     0.941         0.970   0.762        34
2                          0.947     0.915         0.957   0.931       295
*----------------------------------------*
2025-11-12 12:07:38,251 INFO 0 Wed Nov 12 12:07:38 2025 Epoch: 58
2025-11-12 12:08:55,757 INFO Final training 58/99, loss: 0.1721, time 77.51s, lr: 0.020478
Accuracy: 0.945
class                  precision    recall   specificity      f1   support
--------------------------------------------------------------------------
0                          0.980     0.949         0.982   0.964       312
1                          0.615     0.970         0.967   0.753        33
2                          0.969     0.939         0.974   0.954       295
*----------------------------------------*
2025-11-12 12:08:55,757 INFO 0 Wed Nov 12 12:08:55 2025 Epoch: 59
2025-11-12 12:10:09,825 INFO Final training 59/99, loss: 0.1584, time 74.07s, lr: 0.019668
Accuracy: 0.938
class                  precision    recall   specificity      f1   support
--------------------------------------------------------------------------
0                          0.955     0.946         0.957   0.950       312
1                          0.717     0.971         0.979   0.825        34
2                          0.954     0.925         0.962   0.940       294
*----------------------------------------*
2025-11-12 12:10:20,070 INFO Final validation 59/99, Val_acc: 0.5124, time 10.24sAccuracy: 0.615
class                  precision    recall   specificity      f1   support
--------------------------------------------------------------------------
0                          0.846     0.423         0.928   0.564        78
1                          0.000     0.000         0.947   0.000         9
2                          0.579     0.892         0.448   0.702        74
*========================================*
2025-11-12 12:10:23,814 INFO 0 Wed Nov 12 12:10:23 2025 Epoch: 60
2025-11-12 12:11:43,295 INFO Final training 60/99, loss: 0.1456, time 79.48s, lr: 0.018863
Accuracy: 0.947
class                  precision    recall   specificity      f1   support
--------------------------------------------------------------------------
0                          0.968     0.965         0.969   0.966       313
1                          0.681     0.941         0.975   0.790        34
2                          0.968     0.928         0.974   0.948       293
*----------------------------------------*
2025-11-12 12:11:43,826 INFO 0 Wed Nov 12 12:11:43 2025 Epoch: 61
2025-11-12 12:12:58,590 INFO Final training 61/99, loss: 0.1972, time 74.76s, lr: 0.018065
Accuracy: 0.922
class                  precision    recall   specificity      f1   support
--------------------------------------------------------------------------
0                          0.960     0.923         0.963   0.941       312
1                          0.577     0.909         0.964   0.706        33
2                          0.944     0.922         0.954   0.933       295
*----------------------------------------*
2025-11-12 12:12:58,590 INFO 0 Wed Nov 12 12:12:58 2025 Epoch: 62
2025-11-12 12:14:18,537 INFO Final training 62/99, loss: 0.1359, time 79.95s, lr: 0.017275
Accuracy: 0.953
class                  precision    recall   specificity      f1   support
--------------------------------------------------------------------------
0                          0.968     0.952         0.969   0.960       313
1                          0.750     0.971         0.982   0.846        34
2                          0.969     0.952         0.974   0.960       293
*----------------------------------------*
2025-11-12 12:14:18,537 INFO 0 Wed Nov 12 12:14:18 2025 Epoch: 63
2025-11-12 12:15:37,754 INFO Final training 63/99, loss: 0.1691, time 79.22s, lr: 0.016493
Accuracy: 0.948
class                  precision    recall   specificity      f1   support
--------------------------------------------------------------------------
0                          0.968     0.968         0.969   0.968       313
1                          0.682     0.909         0.977   0.779        33
2                          0.968     0.932         0.974   0.950       294
*----------------------------------------*
2025-11-12 12:15:47,816 INFO Final validation 63/99, Val_acc: 0.4524, time 10.06sAccuracy: 0.503
class                  precision    recall   specificity      f1   support
--------------------------------------------------------------------------
0                          0.917     0.141         0.988   0.244        78
1                          0.000     0.000         0.954   0.000         9
2                          0.493     0.946         0.172   0.648        74
*========================================*
2025-11-12 12:15:51,504 INFO 0 Wed Nov 12 12:15:51 2025 Epoch: 64
2025-11-12 12:17:08,695 INFO Final training 64/99, loss: 0.1394, time 77.19s, lr: 0.015720
Accuracy: 0.953
class                  precision    recall   specificity      f1   support
--------------------------------------------------------------------------
0                          0.968     0.965         0.970   0.966       312
1                          0.733     0.971         0.980   0.835        34
2                          0.972     0.939         0.977   0.955       294
*----------------------------------------*
2025-11-12 12:17:08,695 INFO 0 Wed Nov 12 12:17:08 2025 Epoch: 65
2025-11-12 12:18:25,729 INFO Final training 65/99, loss: 0.1745, time 77.03s, lr: 0.014958
Accuracy: 0.945
class                  precision    recall   specificity      f1   support
--------------------------------------------------------------------------
0                          0.977     0.949         0.979   0.963       312
1                          0.667     0.941         0.974   0.780        34
2                          0.958     0.942         0.965   0.950       294
*----------------------------------------*
2025-11-12 12:18:25,729 INFO 0 Wed Nov 12 12:18:25 2025 Epoch: 66
2025-11-12 12:19:45,491 INFO Final training 66/99, loss: 0.1460, time 79.76s, lr: 0.014206
Accuracy: 0.938
class                  precision    recall   specificity      f1   support
--------------------------------------------------------------------------
0                          0.958     0.955         0.960   0.957       313
1                          0.711     0.941         0.979   0.810        34
2                          0.951     0.918         0.960   0.934       293
*----------------------------------------*
2025-11-12 12:19:45,491 INFO 0 Wed Nov 12 12:19:45 2025 Epoch: 67
2025-11-12 12:21:02,616 INFO Final training 67/99, loss: 0.1459, time 77.12s, lr: 0.013466
Accuracy: 0.944
class                  precision    recall   specificity      f1   support
--------------------------------------------------------------------------
0                          0.964     0.955         0.966   0.960       312
1                          0.682     0.882         0.977   0.769        34
2                          0.962     0.939         0.968   0.950       294
*----------------------------------------*
2025-11-12 12:21:12,532 INFO Final validation 67/99, Val_acc: 0.3585, time 9.92sAccuracy: 0.422
class                  precision    recall   specificity      f1   support
--------------------------------------------------------------------------
0                          0.472     0.321         0.663   0.382        78
1                          0.333     0.889         0.895   0.485         9
2                          0.417     0.473         0.437   0.443        74
*========================================*
2025-11-12 12:21:16,222 INFO 0 Wed Nov 12 12:21:16 2025 Epoch: 68
2025-11-12 12:22:32,699 INFO Final training 68/99, loss: 0.1515, time 76.48s, lr: 0.012739
Accuracy: 0.953
class                  precision    recall   specificity      f1   support
--------------------------------------------------------------------------
0                          0.971     0.968         0.973   0.970       312
1                          0.721     0.912         0.980   0.805        34
2                          0.969     0.942         0.974   0.955       294
*----------------------------------------*
2025-11-12 12:22:32,699 INFO 0 Wed Nov 12 12:22:32 2025 Epoch: 69
2025-11-12 12:23:51,345 INFO Final training 69/99, loss: 0.1660, time 78.65s, lr: 0.012026
Accuracy: 0.944
class                  precision    recall   specificity      f1   support
--------------------------------------------------------------------------
0                          0.974     0.962         0.976   0.968       313
1                          0.596     0.912         0.965   0.721        34
2                          0.975     0.928         0.980   0.951       293
*----------------------------------------*
2025-11-12 12:23:51,345 INFO 0 Wed Nov 12 12:23:51 2025 Epoch: 70
2025-11-12 12:25:07,363 INFO Final training 70/99, loss: 0.1373, time 76.02s, lr: 0.011326
Accuracy: 0.955
class                  precision    recall   specificity      f1   support
--------------------------------------------------------------------------
0                          0.987     0.971         0.988   0.979       312
1                          0.667     0.941         0.974   0.780        34
2                          0.968     0.939         0.974   0.953       294
*----------------------------------------*
2025-11-12 12:25:07,851 INFO 0 Wed Nov 12 12:25:07 2025 Epoch: 71
2025-11-12 12:26:26,093 INFO Final training 71/99, loss: 0.1352, time 78.24s, lr: 0.010642
Accuracy: 0.952
class                  precision    recall   specificity      f1   support
--------------------------------------------------------------------------
0                          0.974     0.958         0.976   0.966       312
1                          0.688     0.971         0.975   0.805        34
2                          0.972     0.942         0.977   0.957       294
*----------------------------------------*
2025-11-12 12:26:36,157 INFO Final validation 71/99, Val_acc: 0.5035, time 10.06sAccuracy: 0.602
class                  precision    recall   specificity      f1   support
--------------------------------------------------------------------------
0                          0.791     0.436         0.892   0.562        78
1                          0.000     0.000         0.947   0.000         9
2                          0.573     0.851         0.460   0.685        74
*========================================*
2025-11-12 12:26:39,864 INFO 0 Wed Nov 12 12:26:39 2025 Epoch: 72
2025-11-12 12:27:52,992 INFO Final training 72/99, loss: 0.1371, time 73.13s, lr: 0.009973
Accuracy: 0.948
class                  precision    recall   specificity      f1   support
--------------------------------------------------------------------------
0                          0.962     0.962         0.963   0.962       312
1                          0.750     0.971         0.982   0.846        34
2                          0.965     0.932         0.971   0.948       294
*----------------------------------------*
2025-11-12 12:27:52,993 INFO 0 Wed Nov 12 12:27:52 2025 Epoch: 73
2025-11-12 12:29:12,689 INFO Final training 73/99, loss: 0.1470, time 79.70s, lr: 0.009321
Accuracy: 0.950
class                  precision    recall   specificity      f1   support
--------------------------------------------------------------------------
0                          0.974     0.958         0.976   0.966       313
1                          0.681     0.941         0.975   0.790        34
2                          0.968     0.942         0.974   0.955       293
*----------------------------------------*
2025-11-12 12:29:12,690 INFO 0 Wed Nov 12 12:29:12 2025 Epoch: 74
2025-11-12 12:30:30,164 INFO Final training 74/99, loss: 0.1348, time 77.47s, lr: 0.008685
Accuracy: 0.950
class                  precision    recall   specificity      f1   support
--------------------------------------------------------------------------
0                          0.974     0.962         0.976   0.968       312
1                          0.698     0.882         0.979   0.779        34
2                          0.962     0.946         0.968   0.954       294
*----------------------------------------*
2025-11-12 12:30:30,166 INFO 0 Wed Nov 12 12:30:30 2025 Epoch: 75
2025-11-12 12:31:47,539 INFO Final training 75/99, loss: 0.1200, time 77.37s, lr: 0.008068
Accuracy: 0.959
class                  precision    recall   specificity      f1   support
--------------------------------------------------------------------------
0                          0.977     0.965         0.979   0.971       311
1                          0.733     0.971         0.980   0.835        34
2                          0.976     0.953         0.980   0.964       295
*----------------------------------------*
2025-11-12 12:31:57,711 INFO Final validation 75/99, Val_acc: 0.4800, time 10.17sAccuracy: 0.584
class                  precision    recall   specificity      f1   support
--------------------------------------------------------------------------
0                          0.789     0.385         0.904   0.517        78
1                          0.000     0.000         0.954   0.000         9
2                          0.552     0.865         0.402   0.674        74
*========================================*
2025-11-12 12:32:01,516 INFO 0 Wed Nov 12 12:32:01 2025 Epoch: 76
2025-11-12 12:33:21,666 INFO Final training 76/99, loss: 0.1144, time 80.15s, lr: 0.007469
Accuracy: 0.961
class                  precision    recall   specificity      f1   support
--------------------------------------------------------------------------
0                          0.974     0.968         0.976   0.971       312
1                          0.786     0.971         0.985   0.868        34
2                          0.972     0.952         0.977   0.962       294
*----------------------------------------*
2025-11-12 12:33:21,666 INFO 0 Wed Nov 12 12:33:21 2025 Epoch: 77
2025-11-12 12:34:41,440 INFO Final training 77/99, loss: 0.1014, time 79.77s, lr: 0.006889
Accuracy: 0.967
class                  precision    recall   specificity      f1   support
--------------------------------------------------------------------------
0                          0.977     0.971         0.979   0.974       311
1                          0.842     0.941         0.990   0.889        34
2                          0.973     0.966         0.977   0.969       295
*----------------------------------------*
2025-11-12 12:34:41,440 INFO 0 Wed Nov 12 12:34:41 2025 Epoch: 78
2025-11-12 12:35:58,675 INFO Final training 78/99, loss: 0.1212, time 77.24s, lr: 0.006329
Accuracy: 0.967
class                  precision    recall   specificity      f1   support
--------------------------------------------------------------------------
0                          0.981     0.981         0.982   0.981       312
1                          0.795     0.912         0.987   0.849        34
2                          0.976     0.959         0.980   0.967       294
*----------------------------------------*
2025-11-12 12:35:58,676 INFO 0 Wed Nov 12 12:35:58 2025 Epoch: 79
2025-11-12 12:37:16,957 INFO Final training 79/99, loss: 0.1109, time 78.28s, lr: 0.005790
Accuracy: 0.961
class                  precision    recall   specificity      f1   support
--------------------------------------------------------------------------
0                          0.971     0.968         0.973   0.970       312
1                          0.762     0.941         0.983   0.842        34
2                          0.979     0.956         0.983   0.967       294
*----------------------------------------*
2025-11-12 12:37:27,015 INFO Final validation 79/99, Val_acc: 0.4103, time 10.06sAccuracy: 0.497
class                  precision    recall   specificity      f1   support
--------------------------------------------------------------------------
0                          0.596     0.397         0.747   0.477        78
1                          0.333     0.667         0.921   0.444         9
2                          0.473     0.581         0.448   0.521        74
*========================================*
2025-11-12 12:37:30,698 INFO 0 Wed Nov 12 12:37:30 2025 Epoch: 80
2025-11-12 12:38:45,739 INFO Final training 80/99, loss: 0.1257, time 75.04s, lr: 0.005271
Accuracy: 0.958
class                  precision    recall   specificity      f1   support
--------------------------------------------------------------------------
0                          0.971     0.971         0.973   0.971       311
1                          0.767     0.971         0.983   0.857        34
2                          0.972     0.942         0.977   0.957       295
*----------------------------------------*
2025-11-12 12:38:46,241 INFO 0 Wed Nov 12 12:38:46 2025 Epoch: 81
2025-11-12 12:40:06,109 INFO Final training 81/99, loss: 0.0943, time 79.87s, lr: 0.004775
Accuracy: 0.973
class                  precision    recall   specificity      f1   support
--------------------------------------------------------------------------
0                          0.978     0.984         0.979   0.981       312
1                          0.850     1.000         0.990   0.919        34
2                          0.986     0.959         0.988   0.972       294
*----------------------------------------*
2025-11-12 12:40:06,110 INFO 0 Wed Nov 12 12:40:06 2025 Epoch: 82
2025-11-12 12:41:25,229 INFO Final training 82/99, loss: 0.0956, time 79.12s, lr: 0.004300
Accuracy: 0.969
class                  precision    recall   specificity      f1   support
--------------------------------------------------------------------------
0                          0.993     0.968         0.994   0.980       311
1                          0.723     1.000         0.979   0.840        34
2                          0.983     0.966         0.986   0.974       295
*----------------------------------------*
2025-11-12 12:41:25,231 INFO 0 Wed Nov 12 12:41:25 2025 Epoch: 83
2025-11-12 12:42:42,136 INFO Final training 83/99, loss: 0.0790, time 76.90s, lr: 0.003848
Accuracy: 0.983
class                  precision    recall   specificity      f1   support
--------------------------------------------------------------------------
0                          0.987     0.981         0.988   0.984       312
1                          0.943     1.000         0.997   0.971        33
2                          0.983     0.983         0.986   0.983       295
*----------------------------------------*
2025-11-12 12:42:52,224 INFO Final validation 83/99, Val_acc: 0.4831, time 10.09sAccuracy: 0.503
class                  precision    recall   specificity      f1   support
--------------------------------------------------------------------------
0                          1.000     0.103         1.000   0.186        78
1                          0.000     0.000         0.993   0.000         9
2                          0.480     0.986         0.092   0.646        74
*========================================*
2025-11-12 12:42:55,972 INFO 0 Wed Nov 12 12:42:55 2025 Epoch: 84
2025-11-12 12:44:12,569 INFO Final training 84/99, loss: 0.1188, time 76.60s, lr: 0.003419
Accuracy: 0.961
class                  precision    recall   specificity      f1   support
--------------------------------------------------------------------------
0                          0.968     0.978         0.969   0.973       313
1                          0.816     0.912         0.988   0.861        34
2                          0.972     0.949         0.977   0.960       293
*----------------------------------------*
2025-11-12 12:44:12,569 INFO 0 Wed Nov 12 12:44:12 2025 Epoch: 85
2025-11-12 12:45:30,001 INFO Final training 85/99, loss: 0.0922, time 77.43s, lr: 0.003013
Accuracy: 0.961
class                  precision    recall   specificity      f1   support
--------------------------------------------------------------------------
0                          0.971     0.968         0.972   0.970       313
1                          0.800     1.000         0.987   0.889        32
2                          0.972     0.949         0.977   0.961       295
*----------------------------------------*
2025-11-12 12:45:30,001 INFO 0 Wed Nov 12 12:45:30 2025 Epoch: 86
2025-11-12 12:46:45,118 INFO Final training 86/99, loss: 0.1007, time 75.12s, lr: 0.002632
Accuracy: 0.973
class                  precision    recall   specificity      f1   support
--------------------------------------------------------------------------
0                          0.981     0.981         0.982   0.981       311
1                          0.865     0.941         0.992   0.901        34
2                          0.979     0.969         0.983   0.974       295
*----------------------------------------*
2025-11-12 12:46:45,118 INFO 0 Wed Nov 12 12:46:45 2025 Epoch: 87
2025-11-12 12:48:00,020 INFO Final training 87/99, loss: 0.0818, time 74.90s, lr: 0.002275
Accuracy: 0.966
class                  precision    recall   specificity      f1   support
--------------------------------------------------------------------------
0                          0.977     0.968         0.979   0.973       313
1                          0.829     1.000         0.988   0.907        34
2                          0.972     0.959         0.977   0.966       293
*----------------------------------------*
2025-11-12 12:48:10,129 INFO Final validation 87/99, Val_acc: 0.4010, time 10.11sAccuracy: 0.472
class                  precision    recall   specificity      f1   support
--------------------------------------------------------------------------
0                          0.571     0.205         0.855   0.302        78
1                          0.143     0.111         0.961   0.125         9
2                          0.468     0.797         0.230   0.590        74
*========================================*
2025-11-12 12:48:13,824 INFO 0 Wed Nov 12 12:48:13 2025 Epoch: 88
2025-11-12 12:49:29,328 INFO Final training 88/99, loss: 0.1119, time 75.50s, lr: 0.001943
Accuracy: 0.961
class                  precision    recall   specificity      f1   support
--------------------------------------------------------------------------
0                          0.965     0.981         0.967   0.973       311
1                          0.795     0.912         0.987   0.849        34
2                          0.979     0.946         0.983   0.962       295
*----------------------------------------*
2025-11-12 12:49:29,328 INFO 0 Wed Nov 12 12:49:29 2025 Epoch: 89
2025-11-12 12:50:47,012 INFO Final training 89/99, loss: 0.0970, time 77.68s, lr: 0.001636
Accuracy: 0.970
class                  precision    recall   specificity      f1   support
--------------------------------------------------------------------------
0                          0.981     0.971         0.982   0.976       312
1                          0.825     0.971         0.988   0.892        34
2                          0.979     0.969         0.983   0.974       294
*----------------------------------------*
2025-11-12 12:50:47,012 INFO 0 Wed Nov 12 12:50:47 2025 Epoch: 90
2025-11-12 12:52:03,453 INFO Final training 90/99, loss: 0.0800, time 76.44s, lr: 0.001355
Accuracy: 0.980
class                  precision    recall   specificity      f1   support
--------------------------------------------------------------------------
0                          0.994     0.978         0.994   0.986       313
1                          0.868     0.971         0.992   0.917        34
2                          0.980     0.983         0.983   0.981       293
*----------------------------------------*
2025-11-12 12:52:03,976 INFO 0 Wed Nov 12 12:52:03 2025 Epoch: 91
2025-11-12 12:53:23,861 INFO Final training 91/99, loss: 0.0877, time 79.88s, lr: 0.001099
Accuracy: 0.975
class                  precision    recall   specificity      f1   support
--------------------------------------------------------------------------
0                          0.990     0.971         0.991   0.981       312
1                          0.800     0.941         0.987   0.865        34
2                          0.983     0.983         0.986   0.983       294
*----------------------------------------*
2025-11-12 12:53:33,787 INFO Final validation 91/99, Val_acc: 0.3599, time 9.93sAccuracy: 0.416
class                  precision    recall   specificity      f1   support
--------------------------------------------------------------------------
0                          0.444     0.103         0.880   0.167        78
1                          0.083     0.111         0.928   0.095         9
2                          0.443     0.784         0.161   0.566        74
*========================================*
2025-11-12 12:53:37,543 INFO 0 Wed Nov 12 12:53:37 2025 Epoch: 92
2025-11-12 12:54:54,684 INFO Final training 92/99, loss: 0.1102, time 77.14s, lr: 0.000870
Accuracy: 0.963
class                  precision    recall   specificity      f1   support
--------------------------------------------------------------------------
0                          0.977     0.968         0.979   0.973       313
1                          0.767     0.971         0.983   0.857        34
2                          0.976     0.956         0.980   0.966       293
*----------------------------------------*
2025-11-12 12:54:54,684 INFO 0 Wed Nov 12 12:54:54 2025 Epoch: 93
2025-11-12 12:56:11,147 INFO Final training 93/99, loss: 0.1205, time 76.46s, lr: 0.000667
Accuracy: 0.961
class                  precision    recall   specificity      f1   support
--------------------------------------------------------------------------
0                          0.962     0.981         0.964   0.971       311
1                          0.848     0.824         0.992   0.836        34
2                          0.972     0.956         0.977   0.964       295
*----------------------------------------*
2025-11-12 12:56:11,147 INFO 0 Wed Nov 12 12:56:11 2025 Epoch: 94
2025-11-12 12:57:28,918 INFO Final training 94/99, loss: 0.0788, time 77.77s, lr: 0.000491
Accuracy: 0.973
class                  precision    recall   specificity      f1   support
--------------------------------------------------------------------------
0                          0.984     0.971         0.985   0.977       312
1                          0.872     1.000         0.992   0.932        34
2                          0.976     0.973         0.980   0.974       294
*----------------------------------------*
2025-11-12 12:57:28,918 INFO 0 Wed Nov 12 12:57:28 2025 Epoch: 95
2025-11-12 12:58:42,560 INFO Final training 95/99, loss: 0.0973, time 73.64s, lr: 0.000341
Accuracy: 0.972
class                  precision    recall   specificity      f1   support
--------------------------------------------------------------------------
0                          0.987     0.981         0.988   0.984       312
1                          0.829     0.853         0.990   0.841        34
2                          0.973     0.976         0.977   0.975       294
*----------------------------------------*
2025-11-12 12:58:52,434 INFO Final validation 95/99, Val_acc: 0.4355, time 9.87sAccuracy: 0.478
class                  precision    recall   specificity      f1   support
--------------------------------------------------------------------------
0                          0.706     0.154         0.940   0.253        78
1                          0.182     0.222         0.941   0.200         9
2                          0.474     0.851         0.195   0.609        74
*========================================*
2025-11-12 12:58:56,718 INFO 0 Wed Nov 12 12:58:56 2025 Epoch: 96
2025-11-12 13:00:15,703 INFO Final training 96/99, loss: 0.0873, time 78.98s, lr: 0.000218
Accuracy: 0.969
class                  precision    recall   specificity      f1   support
--------------------------------------------------------------------------
0                          0.981     0.971         0.982   0.976       312
1                          0.786     0.971         0.985   0.868        34
2                          0.983     0.966         0.986   0.974       294
*----------------------------------------*
2025-11-12 13:00:15,703 INFO 0 Wed Nov 12 13:00:15 2025 Epoch: 97
2025-11-12 13:01:34,703 INFO Final training 97/99, loss: 0.0796, time 79.00s, lr: 0.000123
Accuracy: 0.975
class                  precision    recall   specificity      f1   support
--------------------------------------------------------------------------
0                          0.984     0.981         0.985   0.982       311
1                          0.846     0.971         0.990   0.904        34
2                          0.983     0.969         0.986   0.976       295
*----------------------------------------*
2025-11-12 13:01:34,703 INFO 0 Wed Nov 12 13:01:34 2025 Epoch: 98
2025-11-12 13:02:51,348 INFO Final training 98/99, loss: 0.0878, time 76.64s, lr: 0.000055
Accuracy: 0.970
class                  precision    recall   specificity      f1   support
--------------------------------------------------------------------------
0                          0.984     0.971         0.985   0.977       313
1                          0.825     0.971         0.988   0.892        34
2                          0.976     0.969         0.980   0.973       293
*----------------------------------------*
2025-11-12 13:02:51,349 INFO 0 Wed Nov 12 13:02:51 2025 Epoch: 99
2025-11-12 13:04:11,661 INFO Final training 99/99, loss: 0.0974, time 80.31s, lr: 0.000014
Accuracy: 0.969
class                  precision    recall   specificity      f1   support
--------------------------------------------------------------------------
0                          0.984     0.974         0.985   0.979       312
1                          0.800     0.941         0.987   0.865        34
2                          0.976     0.966         0.980   0.971       294
*----------------------------------------*
2025-11-12 13:04:21,632 INFO Final validation 99/99, Val_acc: 0.5145, time 9.97sAccuracy: 0.578
class                  precision    recall   specificity      f1   support
--------------------------------------------------------------------------
0                          1.000     0.295         1.000   0.455        78
1                          0.000     0.000         0.934   0.000         9
2                          0.547     0.946         0.333   0.693        74
*========================================*
2025-11-12 13:04:25,411 INFO Training Finished! Best Accuracy: 0.5473
2025-11-12 13:04:25,411 INFO ====================================================================================================
2025-11-12 13:04:34,992 INFO Total time spent: 02 hours 17 minutes 28 seconds
