2025-11-20 11:26:31,719 INFO Log directory: outputs/OrganoidsINRIA_reduced_64/resnet18/2025-11-20-11-26
2025-11-20 11:26:31,722 INFO {'RandFlipd_prob': 0.2,
 'RandRotate90d_prob': 0.2,
 'RandScaleIntensityd_prob': 0.1,
 'RandShiftIntensityd_prob': 0.1,
 'amp': True,
 'augmentation': True,
 'batch_size': 6,
 'cache_dataset': False,
 'checkpoint_path': None,
 'data_dir': '/home/mraffael/martone_project/Organoids_Dataset_256/',
 'dataset_name': 'OrganoidsINRIA_reduced_64',
 'debug': False,
 'debug_train_samples': 40,
 'debug_val_samples': 10,
 'dist_backend': 'nccl',
 'dist_url': 'tcp://127.0.0.1:23456',
 'distributed': False,
 'dropout_path_rate': 0.0,
 'dropout_rate': 0.0,
 'early_stopping': True,
 'encoder10_pth': '',
 'exact_class': False,
 'feature_size': 48,
 'fold': 0,
 'folds': False,
 'gpu': 0,
 'ignore_label': 3,
 'in_channels': 1,
 'infer_overlap': 0.5,
 'k_folds': 5,
 'logdir': 'test',
 'logs_dir': 'logs/',
 'loss_name': 'CE',
 'lrschedule': 'warmup_cosine',
 'max_epochs': 150,
 'min_delta_loss': 0.001,
 'min_delta_val': 0.01,
 'model_name': 'resnet18',
 'momentum': 0.99,
 'noamp': False,
 'norm_name': 'instance',
 'oar_id': 2126048,
 'optim_lr': 0.08,
 'optim_name': 'adamw',
 'out_channels': 1,
 'output_dir': 'outputs/',
 'patch_merging': False,
 'patience_loss': 40,
 'patience_val': 40,
 'pretrained_dir': './pretrained_models/resnet18/',
 'pretrained_model_name': 'resnet_18.pth',
 'rank': 0,
 'reg_weight': 5e-05,
 'restart_T0': 20,
 'resume_ckpt': False,
 'roi_x': 64,
 'roi_y': 64,
 'roi_z': 64,
 'save_checkpoint': True,
 'seed': 3,
 'similarity_loss': '',
 'similarity_loss_weight': 0.0,
 'spatial_dims': 3,
 'split_method': 'stratified',
 'start_epoch': 0,
 'sw_batch_size': 8,
 'telegram_log': True,
 'test_mode': False,
 'token': './token/tlg_token.txt',
 'use_checkpoint': False,
 'val_every': 2,
 'warmup_epochs': 5,
 'workers': 8,
 'world_size': 1}
2025-11-20 11:26:31,722 INFO 
2025-11-20 11:26:31,726 INFO Saved configuration to: outputs/OrganoidsINRIA_reduced_64/resnet18/2025-11-20-11-26/config.txt
2025-11-20 11:26:32,360 INFO Using GPU: 0
2025-11-20 11:26:32,360 INFO 
2025-11-20 11:26:32,360 INFO Model INFO:
2025-11-20 11:26:32,360 INFO Model architecture: resnet18
2025-11-20 11:26:32,630 INFO Using pretrained weights
2025-11-20 11:26:32,630 INFO => loading pretrained model './pretrained_models/resnet18/resnet_18.pth'
2025-11-20 11:26:33,930 INFO Missing keys when loading pretrained: 27
2025-11-20 11:26:33,931 WARNING Warning: ResNet18_3D not found, using ResNet50_3D wrapper as fallback
2025-11-20 11:26:33,931 INFO Using ResNet with Single Linear Classification Head
2025-11-20 11:26:33,931 INFO Total trainable parameters: 33,320,451
2025-11-20 11:26:33,963 INFO 
2025-11-20 11:26:33,963 INFO Optimizer INFO:
2025-11-20 11:26:33,963 INFO Using optimizer: adamw with lr=0.08, weight_decay=5e-05
2025-11-20 11:26:33,963 INFO 
2025-11-20 11:26:33,963 INFO Dataset INFO:
2025-11-20 11:26:33,983 INFO Dataset length: 721
2025-11-20 11:26:33,983 INFO Class distribution in entire dataset:
2025-11-20 11:26:33,983 INFO   Class 0: 351
2025-11-20 11:26:33,983 INFO   Class 1: 38
2025-11-20 11:26:33,983 INFO   Class 2: 332
2025-11-20 11:26:33,983 INFO 
Using split method: stratified
2025-11-20 11:26:33,996 INFO 
Train set balance:
2025-11-20 11:26:33,996 INFO 
Val set balance:
2025-11-20 11:26:33,996 INFO Training set length: 577
2025-11-20 11:26:33,996 INFO Validation set length: 144
2025-11-20 11:26:33,996 INFO 
Using standard shuffle for training
2025-11-20 11:26:33,996 INFO Training loader: 96 batches
2025-11-20 11:26:33,996 INFO Validation loader: 24 batches
2025-11-20 11:26:33,996 INFO 
Class distribution in training set:
2025-11-20 11:26:33,997 INFO   Class 0: 281 (48.7%)
2025-11-20 11:26:33,997 INFO   Class 1: 30 (5.2%)
2025-11-20 11:26:33,997 INFO   Class 2: 266 (46.1%)
2025-11-20 11:26:33,997 INFO Class distribution in validation set:
2025-11-20 11:26:33,997 INFO   Class 0: 70 (48.6%)
2025-11-20 11:26:33,997 INFO   Class 1: 8 (5.6%)
2025-11-20 11:26:33,997 INFO   Class 2: 66 (45.8%)
2025-11-20 11:26:33,997 INFO **************************************************
2025-11-20 11:26:34,131 INFO Class weights: [ 6.845  64.111  7.231]
2025-11-20 11:26:34,131 INFO 
2025-11-20 11:26:34,131 INFO Test Dataset INFO:
2025-11-20 11:26:34,138 INFO Test Dataset length: 82
2025-11-20 11:26:34,138 INFO Class distribution in test dataset:
2025-11-20 11:26:34,138 INFO   Class 0: 40
2025-11-20 11:26:34,138 INFO   Class 1: 5
2025-11-20 11:26:34,138 INFO   Class 2: 37
2025-11-20 11:26:34,138 INFO Test loader: 14 batches
2025-11-20 11:26:34,138 INFO **************************************************
2025-11-20 11:26:34,138 INFO 
2025-11-20 11:26:34,138 INFO Using loss function: CE
2025-11-20 11:26:34,141 INFO **************************************************
2025-11-20 11:26:34,141 INFO Starting training...
2025-11-20 11:26:34,143 INFO 0 Thu Nov 20 11:26:34 2025 Epoch: 1
2025-11-20 11:28:41,088 INFO Final training 1/150, loss: 1.2235, time 126.95s, lr: 0.000000
Accuracy: 0.052
class                  precision    recall   specificity      f1   support
--------------------------------------------------------------------------
0                          0.000     0.000         1.000   0.000       280
1                          0.052     1.000         0.000   0.099        30
2                          0.000     0.000         1.000   0.000       266
*----------------------------------------*
2025-11-20 11:28:41,543 INFO 0 Thu Nov 20 11:28:41 2025 Epoch: 2
2025-11-20 11:30:28,723 INFO Final training 2/150, loss: 1.2758, time 107.18s, lr: 0.020000
Accuracy: 0.448
class                  precision    recall   specificity      f1   support
--------------------------------------------------------------------------
0                          0.471     0.523         0.441   0.496       281
1                          0.069     0.067         0.951   0.068        30
2                          0.464     0.411         0.595   0.436       265
*----------------------------------------*
2025-11-20 11:31:02,418 INFO Final validation 2/150, Val_acc: 0.4375, time 33.69sAccuracy: 0.458
class                  precision    recall   specificity      f1   support
--------------------------------------------------------------------------
0                          0.000     0.000         1.000   0.000        70
1                          0.000     0.000         1.000   0.000         8
2                          0.458     1.000         0.000   0.629        66
*========================================*
2025-11-20 11:31:02,419 INFO New best (0.000000 --> 0.437500)
2025-11-20 11:31:08,055 INFO Copying best model to best_model.pt
2025-11-20 11:31:11,699 INFO 0 Thu Nov 20 11:31:11 2025 Epoch: 3
2025-11-20 11:33:05,535 INFO Final training 3/150, loss: 1.0704, time 113.84s, lr: 0.040000
Accuracy: 0.481
class                  precision    recall   specificity      f1   support
--------------------------------------------------------------------------
0                          0.498     0.448         0.569   0.472       281
1                          0.000     0.000         1.000   0.000        30
2                          0.467     0.570         0.447   0.514       265
*----------------------------------------*
2025-11-20 11:33:05,535 INFO 0 Thu Nov 20 11:33:05 2025 Epoch: 4
2025-11-20 11:34:53,222 INFO Final training 4/150, loss: 1.0748, time 107.69s, lr: 0.060000
Accuracy: 0.439
class                  precision    recall   specificity      f1   support
--------------------------------------------------------------------------
0                          0.459     0.582         0.351   0.513       280
1                          0.000     0.000         1.000   0.000        30
2                          0.407     0.338         0.577   0.370       266
*----------------------------------------*
2025-11-20 11:35:04,885 INFO Final validation 4/150, Val_acc: 0.4583, time 11.66sAccuracy: 0.486
class                  precision    recall   specificity      f1   support
--------------------------------------------------------------------------
0                          0.486     1.000         0.000   0.654        70
1                          0.000     0.000         1.000   0.000         8
2                          0.000     0.000         1.000   0.000        66
*========================================*
2025-11-20 11:35:04,885 INFO New best (0.437500 --> 0.458333)
2025-11-20 11:35:10,640 INFO Copying best model to best_model.pt
2025-11-20 11:35:14,420 INFO 0 Thu Nov 20 11:35:14 2025 Epoch: 5
2025-11-20 11:37:06,670 INFO Final training 5/150, loss: 1.0626, time 112.25s, lr: 0.080000
Accuracy: 0.470
class                  precision    recall   specificity      f1   support
--------------------------------------------------------------------------
0                          0.481     0.621         0.365   0.542       280
1                          0.000     0.000         1.000   0.000        30
2                          0.453     0.365         0.623   0.404       266
*----------------------------------------*
2025-11-20 11:37:06,670 INFO 0 Thu Nov 20 11:37:06 2025 Epoch: 6
2025-11-20 11:39:02,533 INFO Final training 6/150, loss: 1.1566, time 115.86s, lr: 0.080000
Accuracy: 0.429
class                  precision    recall   specificity      f1   support
--------------------------------------------------------------------------
0                          0.480     0.304         0.689   0.372       280
1                          0.026     0.033         0.930   0.029        30
2                          0.447     0.605         0.358   0.514       266
*----------------------------------------*
2025-11-20 11:39:14,138 INFO Final validation 6/150, Val_acc: 0.1042, time 11.60sAccuracy: 0.056
class                  precision    recall   specificity      f1   support
--------------------------------------------------------------------------
0                          0.000     0.000         1.000   0.000        70
1                          0.056     1.000         0.015   0.107         8
2                          0.000     0.000         0.974   0.000        66
*========================================*
2025-11-20 11:39:18,482 INFO 0 Thu Nov 20 11:39:18 2025 Epoch: 7
2025-11-20 11:41:12,725 INFO Final training 7/150, loss: 1.0653, time 114.24s, lr: 0.079991
Accuracy: 0.465
class                  precision    recall   specificity      f1   support
--------------------------------------------------------------------------
0                          0.474     0.289         0.696   0.359       280
1                          0.000     0.000         1.000   0.000        30
2                          0.462     0.703         0.297   0.557       266
*----------------------------------------*
2025-11-20 11:41:12,726 INFO 0 Thu Nov 20 11:41:12 2025 Epoch: 8
2025-11-20 11:43:03,552 INFO Final training 8/150, loss: 1.0742, time 110.83s, lr: 0.079962
Accuracy: 0.493
class                  precision    recall   specificity      f1   support
--------------------------------------------------------------------------
0                          0.507     0.532         0.510   0.519       280
1                          0.000     0.000         1.000   0.000        30
2                          0.479     0.508         0.526   0.493       266
*----------------------------------------*
2025-11-20 11:43:15,108 INFO Final validation 8/150, Val_acc: 0.4583, time 11.56sAccuracy: 0.486
class                  precision    recall   specificity      f1   support
--------------------------------------------------------------------------
0                          0.486     1.000         0.000   0.654        70
1                          0.000     0.000         1.000   0.000         8
2                          0.000     0.000         1.000   0.000        66
*========================================*
2025-11-20 11:43:19,467 INFO 0 Thu Nov 20 11:43:19 2025 Epoch: 9
2025-11-20 11:45:04,036 INFO Final training 9/150, loss: 1.0467, time 104.57s, lr: 0.079916
Accuracy: 0.462
class                  precision    recall   specificity      f1   support
--------------------------------------------------------------------------
0                          0.475     0.550         0.426   0.510       280
1                          0.000     0.000         1.000   0.000        30
2                          0.444     0.421         0.548   0.432       266
*----------------------------------------*
2025-11-20 11:45:04,036 INFO 0 Thu Nov 20 11:45:04 2025 Epoch: 10
2025-11-20 11:46:57,709 INFO Final training 10/150, loss: 1.0479, time 113.67s, lr: 0.079850
Accuracy: 0.481
class                  precision    recall   specificity      f1   support
--------------------------------------------------------------------------
0                          0.491     0.693         0.321   0.575       280
1                          0.000     0.000         1.000   0.000        30
2                          0.459     0.312         0.684   0.371       266
*----------------------------------------*
2025-11-20 11:47:09,693 INFO Final validation 10/150, Val_acc: 0.4375, time 11.98sAccuracy: 0.458
class                  precision    recall   specificity      f1   support
--------------------------------------------------------------------------
0                          0.000     0.000         1.000   0.000        70
1                          0.000     0.000         1.000   0.000         8
2                          0.458     1.000         0.000   0.629        66
*========================================*
2025-11-20 11:47:14,047 INFO 0 Thu Nov 20 11:47:14 2025 Epoch: 11
2025-11-20 11:49:02,646 INFO Final training 11/150, loss: 1.0721, time 108.60s, lr: 0.079766
Accuracy: 0.481
class                  precision    recall   specificity      f1   support
--------------------------------------------------------------------------
0                          0.500     0.439         0.584   0.468       280
1                          0.000     0.000         1.000   0.000        30
2                          0.467     0.579         0.432   0.517       266
*----------------------------------------*
2025-11-20 11:49:03,089 INFO 0 Thu Nov 20 11:49:03 2025 Epoch: 12
2025-11-20 11:50:55,337 INFO Final training 12/150, loss: 1.0699, time 112.25s, lr: 0.079662
Accuracy: 0.460
class                  precision    recall   specificity      f1   support
--------------------------------------------------------------------------
0                          0.473     0.438         0.536   0.455       281
1                          0.000     0.000         1.000   0.000        30
2                          0.449     0.536         0.441   0.489       265
*----------------------------------------*
2025-11-20 11:51:07,313 INFO Final validation 12/150, Val_acc: 0.4583, time 11.98sAccuracy: 0.486
class                  precision    recall   specificity      f1   support
--------------------------------------------------------------------------
0                          0.486     1.000         0.000   0.654        70
1                          0.000     0.000         1.000   0.000         8
2                          0.000     0.000         1.000   0.000        66
*========================================*
2025-11-20 11:51:11,671 INFO 0 Thu Nov 20 11:51:11 2025 Epoch: 13
2025-11-20 11:53:04,559 INFO Final training 13/150, loss: 1.0925, time 112.89s, lr: 0.079541
Accuracy: 0.470
class                  precision    recall   specificity      f1   support
--------------------------------------------------------------------------
0                          0.485     0.509         0.485   0.497       281
1                          0.000     0.000         1.000   0.000        29
2                          0.456     0.481         0.506   0.468       266
*----------------------------------------*
2025-11-20 11:53:04,559 INFO 0 Thu Nov 20 11:53:04 2025 Epoch: 14
2025-11-20 11:54:54,656 INFO Final training 14/150, loss: 1.1028, time 110.10s, lr: 0.079401
Accuracy: 0.467
class                  precision    recall   specificity      f1   support
--------------------------------------------------------------------------
0                          0.502     0.436         0.591   0.467       280
1                          0.000     0.000         0.976   0.000        30
2                          0.459     0.553         0.442   0.502       266
*----------------------------------------*
2025-11-20 11:55:05,907 INFO Final validation 14/150, Val_acc: 0.4537, time 11.25sAccuracy: 0.479
class                  precision    recall   specificity      f1   support
--------------------------------------------------------------------------
0                          0.483     0.986         0.000   0.648        70
1                          0.000     0.000         1.000   0.000         8
2                          0.000     0.000         0.987   0.000        66
*========================================*
2025-11-20 11:55:10,289 INFO 0 Thu Nov 20 11:55:10 2025 Epoch: 15
2025-11-20 11:56:57,196 INFO Final training 15/150, loss: 1.0370, time 106.91s, lr: 0.079242
Accuracy: 0.526
class                  precision    recall   specificity      f1   support
--------------------------------------------------------------------------
0                          0.583     0.514         0.652   0.546       280
1                          0.000     0.000         0.967   0.000        30
2                          0.511     0.598         0.510   0.551       266
*----------------------------------------*
2025-11-20 11:56:57,196 INFO 0 Thu Nov 20 11:56:57 2025 Epoch: 16
2025-11-20 11:58:49,526 INFO Final training 16/150, loss: 1.0155, time 112.33s, lr: 0.079065
Accuracy: 0.543
class                  precision    recall   specificity      f1   support
--------------------------------------------------------------------------
0                          0.595     0.718         0.537   0.650       280
1                          0.157     0.267         0.921   0.198        30
2                          0.556     0.391         0.732   0.459       266
*----------------------------------------*
2025-11-20 11:59:01,299 INFO Final validation 16/150, Val_acc: 0.6427, time 11.77sAccuracy: 0.729
class                  precision    recall   specificity      f1   support
--------------------------------------------------------------------------
0                          0.898     0.629         0.932   0.739        70
1                          0.000     0.000         1.000   0.000         8
2                          0.642     0.924         0.564   0.758        66
*========================================*
2025-11-20 11:59:01,300 INFO New best (0.458333 --> 0.642708)
2025-11-20 11:59:07,084 INFO Copying best model to best_model.pt
2025-11-20 11:59:10,782 INFO 0 Thu Nov 20 11:59:10 2025 Epoch: 17
2025-11-20 12:01:02,989 INFO Final training 17/150, loss: 0.9080, time 112.21s, lr: 0.078869
Accuracy: 0.573
class                  precision    recall   specificity      f1   support
--------------------------------------------------------------------------
0                          0.630     0.751         0.580   0.685       281
1                          0.190     0.400         0.907   0.258        30
2                          0.601     0.404         0.772   0.483       265
*----------------------------------------*
2025-11-20 12:01:02,989 INFO 0 Thu Nov 20 12:01:02 2025 Epoch: 18
2025-11-20 12:02:53,123 INFO Final training 18/150, loss: 0.9000, time 110.13s, lr: 0.078656
Accuracy: 0.576
class                  precision    recall   specificity      f1   support
--------------------------------------------------------------------------
0                          0.645     0.719         0.624   0.680       281
1                          0.140     0.200         0.932   0.164        30
2                          0.564     0.468         0.691   0.511       265
*----------------------------------------*
2025-11-20 12:03:04,638 INFO Final validation 18/150, Val_acc: 0.4583, time 11.51sAccuracy: 0.486
class                  precision    recall   specificity      f1   support
--------------------------------------------------------------------------
0                          0.486     1.000         0.000   0.654        70
1                          0.000     0.000         1.000   0.000         8
2                          0.000     0.000         1.000   0.000        66
*========================================*
2025-11-20 12:03:09,057 INFO 0 Thu Nov 20 12:03:09 2025 Epoch: 19
2025-11-20 12:05:07,340 INFO Final training 19/150, loss: 0.8393, time 118.28s, lr: 0.078424
Accuracy: 0.573
class                  precision    recall   specificity      f1   support
--------------------------------------------------------------------------
0                          0.633     0.754         0.583   0.688       281
1                          0.247     0.600         0.899   0.350        30
2                          0.595     0.377         0.781   0.462       265
*----------------------------------------*
2025-11-20 12:05:07,341 INFO 0 Thu Nov 20 12:05:07 2025 Epoch: 20
2025-11-20 12:06:56,485 INFO Final training 20/150, loss: 0.8593, time 109.14s, lr: 0.078174
Accuracy: 0.618
class                  precision    recall   specificity      f1   support
--------------------------------------------------------------------------
0                          0.707     0.662         0.739   0.684       281
1                          0.205     0.300         0.936   0.243        30
2                          0.599     0.608         0.653   0.603       265
*----------------------------------------*
2025-11-20 12:07:08,078 INFO Final validation 20/150, Val_acc: 0.4583, time 11.59sAccuracy: 0.486
class                  precision    recall   specificity      f1   support
--------------------------------------------------------------------------
0                          0.486     1.000         0.000   0.654        70
1                          0.000     0.000         1.000   0.000         8
2                          0.000     0.000         1.000   0.000        66
*========================================*
2025-11-20 12:07:12,481 INFO 0 Thu Nov 20 12:07:12 2025 Epoch: 21
2025-11-20 12:09:04,433 INFO Final training 21/150, loss: 0.8066, time 111.95s, lr: 0.077906
Accuracy: 0.651
class                  precision    recall   specificity      f1   support
--------------------------------------------------------------------------
0                          0.697     0.746         0.693   0.721       280
1                          0.304     0.467         0.941   0.368        30
2                          0.661     0.571         0.748   0.613       266
*----------------------------------------*
2025-11-20 12:09:04,865 INFO 0 Thu Nov 20 12:09:04 2025 Epoch: 22
2025-11-20 12:10:52,446 INFO Final training 22/150, loss: 0.8830, time 107.58s, lr: 0.077621
Accuracy: 0.625
class                  precision    recall   specificity      f1   support
--------------------------------------------------------------------------
0                          0.693     0.698         0.705   0.695       281
1                          0.244     0.333         0.943   0.282        30
2                          0.611     0.581         0.685   0.596       265
*----------------------------------------*
2025-11-20 12:11:03,902 INFO Final validation 22/150, Val_acc: 0.4583, time 11.45sAccuracy: 0.486
class                  precision    recall   specificity      f1   support
--------------------------------------------------------------------------
0                          0.486     1.000         0.000   0.654        70
1                          0.000     0.000         1.000   0.000         8
2                          0.000     0.000         1.000   0.000        66
*========================================*
2025-11-20 12:11:08,247 INFO 0 Thu Nov 20 12:11:08 2025 Epoch: 23
2025-11-20 12:12:59,584 INFO Final training 23/150, loss: 0.8273, time 111.34s, lr: 0.077317
Accuracy: 0.644
class                  precision    recall   specificity      f1   support
--------------------------------------------------------------------------
0                          0.719     0.712         0.736   0.716       281
1                          0.264     0.467         0.929   0.337        30
2                          0.641     0.592         0.717   0.616       265
*----------------------------------------*
2025-11-20 12:12:59,584 INFO 0 Thu Nov 20 12:12:59 2025 Epoch: 24
2025-11-20 12:14:50,054 INFO Final training 24/150, loss: 0.8244, time 110.47s, lr: 0.076997
Accuracy: 0.618
class                  precision    recall   specificity      f1   support
--------------------------------------------------------------------------
0                          0.675     0.701         0.678   0.688       281
1                          0.292     0.467         0.938   0.359        30
2                          0.614     0.547         0.707   0.579       265
*----------------------------------------*
2025-11-20 12:15:01,536 INFO Final validation 24/150, Val_acc: 0.4375, time 11.48sAccuracy: 0.458
class                  precision    recall   specificity      f1   support
--------------------------------------------------------------------------
0                          0.000     0.000         1.000   0.000        70
1                          0.000     0.000         1.000   0.000         8
2                          0.458     1.000         0.000   0.629        66
*========================================*
2025-11-20 12:15:05,900 INFO 0 Thu Nov 20 12:15:05 2025 Epoch: 25
2025-11-20 12:16:54,995 INFO Final training 25/150, loss: 0.7377, time 109.09s, lr: 0.076658
Accuracy: 0.681
class                  precision    recall   specificity      f1   support
--------------------------------------------------------------------------
0                          0.731     0.737         0.742   0.734       281
1                          0.380     0.633         0.943   0.475        30
2                          0.683     0.626         0.752   0.654       265
*----------------------------------------*
2025-11-20 12:16:54,996 INFO 0 Thu Nov 20 12:16:54 2025 Epoch: 26
2025-11-20 12:18:43,814 INFO Final training 26/150, loss: 0.7705, time 108.82s, lr: 0.076303
Accuracy: 0.660
class                  precision    recall   specificity      f1   support
--------------------------------------------------------------------------
0                          0.713     0.729         0.723   0.721       280
1                          0.360     0.600         0.941   0.450        30
2                          0.658     0.594         0.735   0.625       266
*----------------------------------------*
2025-11-20 12:18:55,323 INFO Final validation 26/150, Val_acc: 0.4375, time 11.51sAccuracy: 0.458
class                  precision    recall   specificity      f1   support
--------------------------------------------------------------------------
0                          0.000     0.000         1.000   0.000        70
1                          0.000     0.000         1.000   0.000         8
2                          0.458     1.000         0.000   0.629        66
*========================================*
2025-11-20 12:18:59,668 INFO 0 Thu Nov 20 12:18:59 2025 Epoch: 27
2025-11-20 12:20:55,699 INFO Final training 27/150, loss: 0.7513, time 116.03s, lr: 0.075931
Accuracy: 0.665
class                  precision    recall   specificity      f1   support
--------------------------------------------------------------------------
0                          0.729     0.747         0.736   0.738       281
1                          0.339     0.667         0.929   0.449        30
2                          0.668     0.577         0.756   0.619       265
*----------------------------------------*
2025-11-20 12:20:55,700 INFO 0 Thu Nov 20 12:20:55 2025 Epoch: 28
2025-11-20 12:22:45,869 INFO Final training 28/150, loss: 0.7578, time 110.17s, lr: 0.075541
Accuracy: 0.646
class                  precision    recall   specificity      f1   support
--------------------------------------------------------------------------
0                          0.685     0.744         0.675   0.713       281
1                          0.396     0.700         0.941   0.506        30
2                          0.651     0.536         0.756   0.588       265
*----------------------------------------*
2025-11-20 12:22:57,216 INFO Final validation 28/150, Val_acc: 0.4375, time 11.35sAccuracy: 0.458
class                  precision    recall   specificity      f1   support
--------------------------------------------------------------------------
0                          0.000     0.000         1.000   0.000        70
1                          0.000     0.000         1.000   0.000         8
2                          0.458     1.000         0.000   0.629        66
*========================================*
2025-11-20 12:23:01,675 INFO 0 Thu Nov 20 12:23:01 2025 Epoch: 29
2025-11-20 12:24:52,754 INFO Final training 29/150, loss: 0.6927, time 111.08s, lr: 0.075135
Accuracy: 0.682
class                  precision    recall   specificity      f1   support
--------------------------------------------------------------------------
0                          0.724     0.758         0.725   0.741       281
1                          0.404     0.767         0.938   0.529        30
2                          0.698     0.592         0.781   0.641       265
*----------------------------------------*
2025-11-20 12:24:52,754 INFO 0 Thu Nov 20 12:24:52 2025 Epoch: 30
2025-11-20 12:26:39,964 INFO Final training 30/150, loss: 0.6921, time 107.21s, lr: 0.074713
Accuracy: 0.656
class                  precision    recall   specificity      f1   support
--------------------------------------------------------------------------
0                          0.717     0.725         0.730   0.721       280
1                          0.359     0.767         0.925   0.489        30
2                          0.664     0.571         0.752   0.614       266
*----------------------------------------*
2025-11-20 12:26:51,340 INFO Final validation 30/150, Val_acc: 0.4583, time 11.38sAccuracy: 0.486
class                  precision    recall   specificity      f1   support
--------------------------------------------------------------------------
0                          0.486     1.000         0.000   0.654        70
1                          0.000     0.000         1.000   0.000         8
2                          0.000     0.000         1.000   0.000        66
*========================================*
2025-11-20 12:26:55,707 INFO 0 Thu Nov 20 12:26:55 2025 Epoch: 31
2025-11-20 12:28:45,823 INFO Final training 31/150, loss: 0.6920, time 110.12s, lr: 0.074274
Accuracy: 0.667
class                  precision    recall   specificity      f1   support
--------------------------------------------------------------------------
0                          0.700     0.768         0.689   0.733       280
1                          0.386     0.733         0.936   0.506        30
2                          0.693     0.553         0.790   0.615       266
*----------------------------------------*
2025-11-20 12:28:46,261 INFO 0 Thu Nov 20 12:28:46 2025 Epoch: 32
2025-11-20 12:30:42,238 INFO Final training 32/150, loss: 0.7341, time 115.98s, lr: 0.073819
Accuracy: 0.660
class                  precision    recall   specificity      f1   support
--------------------------------------------------------------------------
0                          0.701     0.746         0.699   0.723       280
1                          0.408     0.667         0.947   0.506        30
2                          0.659     0.568         0.748   0.610       266
*----------------------------------------*
2025-11-20 12:30:53,885 INFO Final validation 32/150, Val_acc: 0.4583, time 11.65sAccuracy: 0.486
class                  precision    recall   specificity      f1   support
--------------------------------------------------------------------------
0                          0.486     1.000         0.000   0.654        70
1                          0.000     0.000         1.000   0.000         8
2                          0.000     0.000         1.000   0.000        66
*========================================*
2025-11-20 12:30:58,252 INFO 0 Thu Nov 20 12:30:58 2025 Epoch: 33
2025-11-20 12:32:45,575 INFO Final training 33/150, loss: 0.6874, time 107.32s, lr: 0.073349
Accuracy: 0.661
class                  precision    recall   specificity      f1   support
--------------------------------------------------------------------------
0                          0.728     0.736         0.740   0.732       280
1                          0.345     0.667         0.930   0.455        30
2                          0.660     0.583         0.742   0.619       266
*----------------------------------------*
2025-11-20 12:32:45,575 INFO 0 Thu Nov 20 12:32:45 2025 Epoch: 34
2025-11-20 12:34:32,261 INFO Final training 34/150, loss: 0.6966, time 106.69s, lr: 0.072862
Accuracy: 0.674
class                  precision    recall   specificity      f1   support
--------------------------------------------------------------------------
0                          0.722     0.740         0.729   0.731       281
1                          0.404     0.700         0.943   0.512        30
2                          0.674     0.600         0.752   0.635       265
*----------------------------------------*
2025-11-20 12:34:43,777 INFO Final validation 34/150, Val_acc: 0.2609, time 11.52sAccuracy: 0.271
class                  precision    recall   specificity      f1   support
--------------------------------------------------------------------------
0                          0.345     0.557         0.000   0.426        70
1                          0.000     0.000         1.000   0.000         8
2                          0.000     0.000         0.603   0.000        66
*========================================*
2025-11-20 12:34:48,123 INFO 0 Thu Nov 20 12:34:48 2025 Epoch: 35
2025-11-20 12:36:43,294 INFO Final training 35/150, loss: 0.7477, time 115.17s, lr: 0.072361
Accuracy: 0.646
class                  precision    recall   specificity      f1   support
--------------------------------------------------------------------------
0                          0.709     0.732         0.716   0.721       280
1                          0.321     0.600         0.930   0.419        30
2                          0.645     0.560         0.735   0.600       266
*----------------------------------------*
2025-11-20 12:36:43,294 INFO 0 Thu Nov 20 12:36:43 2025 Epoch: 36
2025-11-20 12:38:33,250 INFO Final training 36/150, loss: 0.7003, time 109.96s, lr: 0.071844
Accuracy: 0.698
class                  precision    recall   specificity      f1   support
--------------------------------------------------------------------------
0                          0.734     0.765         0.736   0.749       281
1                          0.426     0.667         0.951   0.519        30
2                          0.708     0.630         0.778   0.667       265
*----------------------------------------*
2025-11-20 12:38:44,790 INFO Final validation 36/150, Val_acc: 0.2313, time 11.54sAccuracy: 0.229
class                  precision    recall   specificity      f1   support
--------------------------------------------------------------------------
0                          0.293     0.414         0.054   0.343        70
1                          0.000     0.000         1.000   0.000         8
2                          0.089     0.061         0.474   0.072        66
*========================================*
2025-11-20 12:38:49,530 INFO 0 Thu Nov 20 12:38:49 2025 Epoch: 37
2025-11-20 12:40:37,494 INFO Final training 37/150, loss: 0.6549, time 107.96s, lr: 0.071312
Accuracy: 0.679
class                  precision    recall   specificity      f1   support
--------------------------------------------------------------------------
0                          0.728     0.762         0.729   0.744       281
1                          0.397     0.833         0.930   0.538        30
2                          0.694     0.574         0.785   0.628       265
*----------------------------------------*
2025-11-20 12:40:37,495 INFO 0 Thu Nov 20 12:40:37 2025 Epoch: 38
2025-11-20 12:42:27,280 INFO Final training 38/150, loss: 0.6849, time 109.79s, lr: 0.070765
Accuracy: 0.661
class                  precision    recall   specificity      f1   support
--------------------------------------------------------------------------
0                          0.720     0.707         0.740   0.714       280
1                          0.400     0.800         0.934   0.533        30
2                          0.660     0.598         0.735   0.627       266
*----------------------------------------*
2025-11-20 12:42:38,967 INFO Final validation 38/150, Val_acc: 0.3804, time 11.69sAccuracy: 0.396
class                  precision    recall   specificity      f1   support
--------------------------------------------------------------------------
0                          0.174     0.057         0.743   0.086        70
1                          0.000     0.000         1.000   0.000         8
2                          0.438     0.803         0.128   0.567        66
*========================================*
2025-11-20 12:42:43,356 INFO 0 Thu Nov 20 12:42:43 2025 Epoch: 39
2025-11-20 12:44:35,656 INFO Final training 39/150, loss: 0.6772, time 112.30s, lr: 0.070204
Accuracy: 0.679
class                  precision    recall   specificity      f1   support
--------------------------------------------------------------------------
0                          0.736     0.725         0.753   0.730       280
1                          0.413     0.867         0.932   0.559        30
2                          0.684     0.609         0.758   0.644       266
*----------------------------------------*
2025-11-20 12:44:35,656 INFO 0 Thu Nov 20 12:44:35 2025 Epoch: 40
2025-11-20 12:46:25,084 INFO Final training 40/150, loss: 0.6560, time 109.43s, lr: 0.069629
Accuracy: 0.679
class                  precision    recall   specificity      f1   support
--------------------------------------------------------------------------
0                          0.754     0.700         0.784   0.726       280
1                          0.375     0.700         0.936   0.488        30
2                          0.669     0.654         0.723   0.662       266
*----------------------------------------*
2025-11-20 12:46:36,944 INFO Final validation 40/150, Val_acc: 0.5089, time 11.86sAccuracy: 0.562
class                  precision    recall   specificity      f1   support
--------------------------------------------------------------------------
0                          0.571     0.514         0.635   0.541        70
1                          0.000     0.000         1.000   0.000         8
2                          0.556     0.682         0.538   0.612        66
*========================================*
2025-11-20 12:46:41,296 INFO 0 Thu Nov 20 12:46:41 2025 Epoch: 41
2025-11-20 12:48:33,011 INFO Final training 41/150, loss: 0.6427, time 111.71s, lr: 0.069040
Accuracy: 0.670
class                  precision    recall   specificity      f1   support
--------------------------------------------------------------------------
0                          0.740     0.698         0.766   0.718       281
1                          0.386     0.900         0.921   0.540        30
2                          0.676     0.615         0.749   0.644       265
*----------------------------------------*
2025-11-20 12:48:33,503 INFO 0 Thu Nov 20 12:48:33 2025 Epoch: 42
2025-11-20 12:50:24,687 INFO Final training 42/150, loss: 0.6644, time 111.18s, lr: 0.068437
Accuracy: 0.675
class                  precision    recall   specificity      f1   support
--------------------------------------------------------------------------
0                          0.773     0.668         0.814   0.716       280
1                          0.387     0.800         0.930   0.522        30
2                          0.654     0.669         0.697   0.662       266
*----------------------------------------*
2025-11-20 12:50:36,397 INFO Final validation 42/150, Val_acc: 0.4375, time 11.71sAccuracy: 0.458
class                  precision    recall   specificity      f1   support
--------------------------------------------------------------------------
0                          0.000     0.000         1.000   0.000        70
1                          0.000     0.000         1.000   0.000         8
2                          0.458     1.000         0.000   0.629        66
*========================================*
2025-11-20 12:50:40,963 INFO 0 Thu Nov 20 12:50:40 2025 Epoch: 43
2025-11-20 12:52:37,210 INFO Final training 43/150, loss: 0.6404, time 116.25s, lr: 0.067821
Accuracy: 0.670
class                  precision    recall   specificity      f1   support
--------------------------------------------------------------------------
0                          0.738     0.690         0.766   0.713       281
1                          0.439     0.833         0.941   0.575        30
2                          0.652     0.630         0.714   0.641       265
*----------------------------------------*
2025-11-20 12:52:37,210 INFO 0 Thu Nov 20 12:52:37 2025 Epoch: 44
2025-11-20 12:54:33,131 INFO Final training 44/150, loss: 0.6072, time 115.92s, lr: 0.067192
Accuracy: 0.688
class                  precision    recall   specificity      f1   support
--------------------------------------------------------------------------
0                          0.782     0.651         0.827   0.711       281
1                          0.441     0.867         0.940   0.584        30
2                          0.661     0.706         0.691   0.682       265
*----------------------------------------*
2025-11-20 12:54:44,763 INFO Final validation 44/150, Val_acc: 0.3947, time 11.63sAccuracy: 0.431
class                  precision    recall   specificity      f1   support
--------------------------------------------------------------------------
0                          0.456     0.886         0.000   0.602        70
1                          0.000     0.000         1.000   0.000         8
2                          0.000     0.000         0.897   0.000        66
*========================================*
2025-11-20 12:54:49,157 INFO 0 Thu Nov 20 12:54:49 2025 Epoch: 45
2025-11-20 12:56:30,901 INFO Final training 45/150, loss: 0.6162, time 101.74s, lr: 0.066550
Accuracy: 0.684
class                  precision    recall   specificity      f1   support
--------------------------------------------------------------------------
0                          0.766     0.665         0.807   0.712       281
1                          0.433     0.867         0.938   0.578        30
2                          0.665     0.683         0.707   0.674       265
*----------------------------------------*
2025-11-20 12:56:30,902 INFO 0 Thu Nov 20 12:56:30 2025 Epoch: 46
2025-11-20 12:58:17,680 INFO Final training 46/150, loss: 0.6470, time 106.78s, lr: 0.065895
Accuracy: 0.681
class                  precision    recall   specificity      f1   support
--------------------------------------------------------------------------
0                          0.797     0.655         0.841   0.719       281
1                          0.355     0.733         0.927   0.478        30
2                          0.657     0.702         0.688   0.679       265
*----------------------------------------*
2025-11-20 12:58:29,314 INFO Final validation 46/150, Val_acc: 0.4583, time 11.63sAccuracy: 0.486
class                  precision    recall   specificity      f1   support
--------------------------------------------------------------------------
0                          0.486     1.000         0.000   0.654        70
1                          0.000     0.000         1.000   0.000         8
2                          0.000     0.000         1.000   0.000        66
*========================================*
2025-11-20 12:58:33,667 INFO 0 Thu Nov 20 12:58:33 2025 Epoch: 47
2025-11-20 13:00:19,704 INFO Final training 47/150, loss: 0.6534, time 106.04s, lr: 0.065229
Accuracy: 0.688
class                  precision    recall   specificity      f1   support
--------------------------------------------------------------------------
0                          0.767     0.671         0.807   0.716       280
1                          0.436     0.800         0.943   0.565        30
2                          0.667     0.692         0.703   0.679       266
*----------------------------------------*
2025-11-20 13:00:19,704 INFO 0 Thu Nov 20 13:00:19 2025 Epoch: 48
2025-11-20 13:02:12,176 INFO Final training 48/150, loss: 0.6253, time 112.47s, lr: 0.064551
Accuracy: 0.696
class                  precision    recall   specificity      f1   support
--------------------------------------------------------------------------
0                          0.809     0.664         0.851   0.729       280
1                          0.403     0.833         0.932   0.543        30
2                          0.669     0.714         0.697   0.691       266
*----------------------------------------*
2025-11-20 13:02:23,816 INFO Final validation 48/150, Val_acc: 0.1948, time 11.64sAccuracy: 0.201
class                  precision    recall   specificity      f1   support
--------------------------------------------------------------------------
0                          0.282     0.414         0.000   0.335        70
1                          0.000     0.000         1.000   0.000         8
2                          0.000     0.000         0.474   0.000        66
*========================================*
2025-11-20 13:02:28,252 INFO 0 Thu Nov 20 13:02:28 2025 Epoch: 49
2025-11-20 13:04:15,120 INFO Final training 49/150, loss: 0.5865, time 106.87s, lr: 0.063861
Accuracy: 0.696
class                  precision    recall   specificity      f1   support
--------------------------------------------------------------------------
0                          0.808     0.644         0.854   0.717       281
1                          0.424     0.833         0.938   0.562        30
2                          0.666     0.736         0.685   0.699       265
*----------------------------------------*
2025-11-20 13:04:15,120 INFO 0 Thu Nov 20 13:04:15 2025 Epoch: 50
2025-11-20 13:06:03,612 INFO Final training 50/150, loss: 0.5681, time 108.49s, lr: 0.063159
Accuracy: 0.703
class                  precision    recall   specificity      f1   support
--------------------------------------------------------------------------
0                          0.821     0.657         0.865   0.730       280
1                          0.431     0.933         0.932   0.589        30
2                          0.672     0.726         0.697   0.698       266
*----------------------------------------*
2025-11-20 13:06:15,353 INFO Final validation 50/150, Val_acc: 0.5490, time 11.74sAccuracy: 0.639
class                  precision    recall   specificity      f1   support
--------------------------------------------------------------------------
0                          0.724     0.600         0.784   0.656        70
1                          0.000     0.000         1.000   0.000         8
2                          0.581     0.758         0.538   0.658        66
*========================================*
2025-11-20 13:06:19,721 INFO 0 Thu Nov 20 13:06:19 2025 Epoch: 51
2025-11-20 13:08:12,110 INFO Final training 51/150, loss: 0.5729, time 112.39s, lr: 0.062447
Accuracy: 0.717
class                  precision    recall   specificity      f1   support
--------------------------------------------------------------------------
0                          0.802     0.707         0.834   0.751       280
1                          0.431     0.833         0.940   0.568        30
2                          0.701     0.714         0.739   0.708       266
*----------------------------------------*
2025-11-20 13:08:12,531 INFO 0 Thu Nov 20 13:08:12 2025 Epoch: 52
2025-11-20 13:10:06,308 INFO Final training 52/150, loss: 0.5211, time 113.78s, lr: 0.061725
Accuracy: 0.743
class                  precision    recall   specificity      f1   support
--------------------------------------------------------------------------
0                          0.837     0.712         0.868   0.769       281
1                          0.475     0.933         0.943   0.629        30
2                          0.719     0.755         0.749   0.737       265
*----------------------------------------*
2025-11-20 13:10:17,970 INFO Final validation 52/150, Val_acc: 0.3064, time 11.66sAccuracy: 0.333
class                  precision    recall   specificity      f1   support
--------------------------------------------------------------------------
0                          0.393     0.686         0.000   0.500        70
1                          0.000     0.000         1.000   0.000         8
2                          0.000     0.000         0.718   0.000        66
*========================================*
2025-11-20 13:10:22,348 INFO 0 Thu Nov 20 13:10:22 2025 Epoch: 53
2025-11-20 13:12:09,185 INFO Final training 53/150, loss: 0.5709, time 106.84s, lr: 0.060992
Accuracy: 0.752
class                  precision    recall   specificity      f1   support
--------------------------------------------------------------------------
0                          0.846     0.729         0.875   0.783       280
1                          0.451     0.767         0.949   0.568        30
2                          0.725     0.774         0.748   0.749       266
*----------------------------------------*
2025-11-20 13:12:09,186 INFO 0 Thu Nov 20 13:12:09 2025 Epoch: 54
2025-11-20 13:14:03,543 INFO Final training 54/150, loss: 0.6034, time 114.36s, lr: 0.060250
Accuracy: 0.783
class                  precision    recall   specificity      f1   support
--------------------------------------------------------------------------
0                          0.858     0.797         0.875   0.827       281
1                          0.411     0.767         0.940   0.535        30
2                          0.788     0.770         0.823   0.779       265
*----------------------------------------*
2025-11-20 13:14:15,201 INFO Final validation 54/150, Val_acc: 0.4583, time 11.66sAccuracy: 0.486
class                  precision    recall   specificity      f1   support
--------------------------------------------------------------------------
0                          0.486     1.000         0.000   0.654        70
1                          0.000     0.000         1.000   0.000         8
2                          0.000     0.000         1.000   0.000        66
*========================================*
2025-11-20 13:14:19,572 INFO 0 Thu Nov 20 13:14:19 2025 Epoch: 55
2025-11-20 13:16:13,640 INFO Final training 55/150, loss: 0.4678, time 114.07s, lr: 0.059498
Accuracy: 0.783
class                  precision    recall   specificity      f1   support
--------------------------------------------------------------------------
0                          0.842     0.797         0.858   0.819       281
1                          0.448     0.867         0.941   0.591        30
2                          0.798     0.758         0.836   0.778       265
*----------------------------------------*
2025-11-20 13:16:13,640 INFO 0 Thu Nov 20 13:16:13 2025 Epoch: 56
2025-11-20 13:18:02,595 INFO Final training 56/150, loss: 0.4632, time 108.95s, lr: 0.058736
Accuracy: 0.792
class                  precision    recall   specificity      f1   support
--------------------------------------------------------------------------
0                          0.841     0.793         0.858   0.816       280
1                          0.549     0.933         0.958   0.691        30
2                          0.789     0.774         0.823   0.782       266
*----------------------------------------*
2025-11-20 13:18:14,170 INFO Final validation 56/150, Val_acc: 0.4375, time 11.57sAccuracy: 0.458
class                  precision    recall   specificity      f1   support
--------------------------------------------------------------------------
0                          0.000     0.000         1.000   0.000        70
1                          0.000     0.000         1.000   0.000         8
2                          0.458     1.000         0.000   0.629        66
*========================================*
2025-11-20 13:18:18,518 INFO 0 Thu Nov 20 13:18:18 2025 Epoch: 57
2025-11-20 13:20:02,301 INFO Final training 57/150, loss: 0.4530, time 103.78s, lr: 0.057966
Accuracy: 0.812
class                  precision    recall   specificity      f1   support
--------------------------------------------------------------------------
0                          0.888     0.825         0.902   0.856       280
1                          0.441     0.867         0.940   0.584        30
2                          0.821     0.793         0.852   0.807       266
*----------------------------------------*
2025-11-20 13:20:02,301 INFO 0 Thu Nov 20 13:20:02 2025 Epoch: 58
2025-11-20 13:21:58,208 INFO Final training 58/150, loss: 0.4426, time 115.91s, lr: 0.057188
Accuracy: 0.819
class                  precision    recall   specificity      f1   support
--------------------------------------------------------------------------
0                          0.896     0.829         0.909   0.861       280
1                          0.458     0.900         0.941   0.607        30
2                          0.826     0.801         0.855   0.813       266
*----------------------------------------*
2025-11-20 13:22:09,594 INFO Final validation 58/150, Val_acc: 0.3584, time 11.39sAccuracy: 0.382
class                  precision    recall   specificity      f1   support
--------------------------------------------------------------------------
0                          0.339     0.286         0.473   0.310        70
1                          0.000     0.000         1.000   0.000         8
2                          0.412     0.530         0.359   0.464        66
*========================================*
2025-11-20 13:22:14,002 INFO 0 Thu Nov 20 13:22:13 2025 Epoch: 59
2025-11-20 13:23:59,544 INFO Final training 59/150, loss: 0.4226, time 105.54s, lr: 0.056401
Accuracy: 0.828
class                  precision    recall   specificity      f1   support
--------------------------------------------------------------------------
0                          0.910     0.826         0.922   0.866       281
1                          0.464     0.867         0.945   0.605        30
2                          0.826     0.826         0.852   0.826       265
*----------------------------------------*
2025-11-20 13:23:59,544 INFO 0 Thu Nov 20 13:23:59 2025 Epoch: 60
2025-11-20 13:25:52,897 INFO Final training 60/150, loss: 0.4182, time 113.35s, lr: 0.055607
Accuracy: 0.835
class                  precision    recall   specificity      f1   support
--------------------------------------------------------------------------
0                          0.901     0.846         0.912   0.873       280
1                          0.464     0.867         0.945   0.605        30
2                          0.848     0.820         0.874   0.834       266
*----------------------------------------*
2025-11-20 13:26:04,582 INFO Final validation 60/150, Val_acc: 0.4375, time 11.68sAccuracy: 0.458
class                  precision    recall   specificity      f1   support
--------------------------------------------------------------------------
0                          0.000     0.000         1.000   0.000        70
1                          0.000     0.000         1.000   0.000         8
2                          0.458     1.000         0.000   0.629        66
*========================================*
2025-11-20 13:26:08,942 INFO 0 Thu Nov 20 13:26:08 2025 Epoch: 61
2025-11-20 13:27:58,991 INFO Final training 61/150, loss: 0.4270, time 110.05s, lr: 0.054806
Accuracy: 0.832
class                  precision    recall   specificity      f1   support
--------------------------------------------------------------------------
0                          0.906     0.864         0.916   0.885       280
1                          0.403     0.833         0.932   0.543        30
2                          0.858     0.797         0.887   0.827       266
*----------------------------------------*
2025-11-20 13:27:59,422 INFO 0 Thu Nov 20 13:27:59 2025 Epoch: 62
2025-11-20 13:29:49,101 INFO Final training 62/150, loss: 0.3899, time 109.68s, lr: 0.053997
Accuracy: 0.835
class                  precision    recall   specificity      f1   support
--------------------------------------------------------------------------
0                          0.910     0.861         0.919   0.885       281
1                          0.441     0.867         0.940   0.584        30
2                          0.849     0.804         0.878   0.826       265
*----------------------------------------*
2025-11-20 13:30:01,218 INFO Final validation 62/150, Val_acc: 0.3186, time 12.12sAccuracy: 0.354
class                  precision    recall   specificity      f1   support
--------------------------------------------------------------------------
0                          0.408     0.729         0.000   0.523        70
1                          0.000     0.000         1.000   0.000         8
2                          0.000     0.000         0.756   0.000        66
*========================================*
2025-11-20 13:30:05,606 INFO 0 Thu Nov 20 13:30:05 2025 Epoch: 63
2025-11-20 13:31:56,560 INFO Final training 63/150, loss: 0.3750, time 110.95s, lr: 0.053182
Accuracy: 0.833
class                  precision    recall   specificity      f1   support
--------------------------------------------------------------------------
0                          0.900     0.865         0.908   0.882       281
1                          0.439     0.833         0.941   0.575        30
2                          0.851     0.800         0.881   0.825       265
*----------------------------------------*
2025-11-20 13:31:56,561 INFO 0 Thu Nov 20 13:31:56 2025 Epoch: 64
2025-11-20 13:33:48,705 INFO Final training 64/150, loss: 0.3292, time 112.14s, lr: 0.052361
Accuracy: 0.863
class                  precision    recall   specificity      f1   support
--------------------------------------------------------------------------
0                          0.919     0.890         0.925   0.904       281
1                          0.472     0.833         0.949   0.602        30
2                          0.884     0.838         0.907   0.860       265
*----------------------------------------*
2025-11-20 13:34:00,799 INFO Final validation 64/150, Val_acc: 0.4427, time 12.09sAccuracy: 0.458
class                  precision    recall   specificity      f1   support
--------------------------------------------------------------------------
0                          0.273     0.043         0.892   0.074        70
1                          0.000     0.000         1.000   0.000         8
2                          0.474     0.955         0.103   0.633        66
*========================================*
2025-11-20 13:34:05,203 INFO 0 Thu Nov 20 13:34:05 2025 Epoch: 65
2025-11-20 13:35:55,273 INFO Final training 65/150, loss: 0.3768, time 110.07s, lr: 0.051534
Accuracy: 0.844
class                  precision    recall   specificity      f1   support
--------------------------------------------------------------------------
0                          0.930     0.850         0.939   0.888       280
1                          0.458     0.900         0.941   0.607        30
2                          0.847     0.831         0.871   0.839       266
*----------------------------------------*
2025-11-20 13:35:55,273 INFO 0 Thu Nov 20 13:35:55 2025 Epoch: 66
2025-11-20 13:37:44,561 INFO Final training 66/150, loss: 0.3827, time 109.29s, lr: 0.050701
Accuracy: 0.845
class                  precision    recall   specificity      f1   support
--------------------------------------------------------------------------
0                          0.897     0.875         0.905   0.886       280
1                          0.460     0.767         0.951   0.575        30
2                          0.866     0.823         0.890   0.844       266
*----------------------------------------*
2025-11-20 13:37:56,438 INFO Final validation 66/150, Val_acc: 0.4813, time 11.88sAccuracy: 0.549
class                  precision    recall   specificity      f1   support
--------------------------------------------------------------------------
0                          0.585     0.343         0.770   0.432        70
1                          0.000     0.000         1.000   0.000         8
2                          0.534     0.833         0.385   0.651        66
*========================================*
2025-11-20 13:38:00,733 INFO 0 Thu Nov 20 13:38:00 2025 Epoch: 67
2025-11-20 13:39:53,105 INFO Final training 67/150, loss: 0.3174, time 112.37s, lr: 0.049864
Accuracy: 0.863
class                  precision    recall   specificity      f1   support
--------------------------------------------------------------------------
0                          0.921     0.871         0.929   0.895       280
1                          0.500     0.967         0.947   0.659        30
2                          0.885     0.842         0.906   0.863       266
*----------------------------------------*
2025-11-20 13:39:53,105 INFO 0 Thu Nov 20 13:39:53 2025 Epoch: 68
2025-11-20 13:41:42,314 INFO Final training 68/150, loss: 0.3171, time 109.21s, lr: 0.049021
Accuracy: 0.880
class                  precision    recall   specificity      f1   support
--------------------------------------------------------------------------
0                          0.961     0.868         0.966   0.912       281
1                          0.491     0.900         0.949   0.635        30
2                          0.884     0.891         0.900   0.887       265
*----------------------------------------*
2025-11-20 13:41:53,776 INFO Final validation 68/150, Val_acc: 0.4583, time 11.46sAccuracy: 0.486
class                  precision    recall   specificity      f1   support
--------------------------------------------------------------------------
0                          0.486     1.000         0.000   0.654        70
1                          0.000     0.000         1.000   0.000         8
2                          0.000     0.000         1.000   0.000        66
*========================================*
2025-11-20 13:41:58,211 INFO 0 Thu Nov 20 13:41:58 2025 Epoch: 69
2025-11-20 13:43:49,468 INFO Final training 69/150, loss: 0.2988, time 111.26s, lr: 0.048175
Accuracy: 0.882
class                  precision    recall   specificity      f1   support
--------------------------------------------------------------------------
0                          0.930     0.904         0.936   0.917       280
1                          0.519     0.933         0.952   0.667        30
2                          0.908     0.853         0.926   0.880       266
*----------------------------------------*
2025-11-20 13:43:49,468 INFO 0 Thu Nov 20 13:43:49 2025 Epoch: 70
2025-11-20 13:45:36,795 INFO Final training 70/150, loss: 0.3236, time 107.33s, lr: 0.047325
Accuracy: 0.865
class                  precision    recall   specificity      f1   support
--------------------------------------------------------------------------
0                          0.926     0.890         0.932   0.907       281
1                          0.472     0.833         0.949   0.602        30
2                          0.881     0.842         0.904   0.861       265
*----------------------------------------*
2025-11-20 13:45:48,208 INFO Final validation 70/150, Val_acc: 0.4434, time 11.41sAccuracy: 0.486
class                  precision    recall   specificity      f1   support
--------------------------------------------------------------------------
0                          0.500     0.129         0.878   0.205        70
1                          0.000     0.000         1.000   0.000         8
2                          0.484     0.924         0.167   0.635        66
*========================================*
2025-11-20 13:45:52,580 INFO 0 Thu Nov 20 13:45:52 2025 Epoch: 71
2025-11-20 13:47:39,496 INFO Final training 71/150, loss: 0.2888, time 106.91s, lr: 0.046471
Accuracy: 0.882
class                  precision    recall   specificity      f1   support
--------------------------------------------------------------------------
0                          0.944     0.893         0.949   0.918       281
1                          0.510     0.867         0.954   0.642        30
2                          0.892     0.872         0.910   0.882       265
*----------------------------------------*
2025-11-20 13:47:39,904 INFO 0 Thu Nov 20 13:47:39 2025 Epoch: 72
2025-11-20 13:49:35,179 INFO Final training 72/150, loss: 0.3035, time 115.27s, lr: 0.045615
Accuracy: 0.875
class                  precision    recall   specificity      f1   support
--------------------------------------------------------------------------
0                          0.939     0.875         0.946   0.906       281
1                          0.538     0.933         0.956   0.683        30
2                          0.878     0.868         0.897   0.873       265
*----------------------------------------*
2025-11-20 13:49:46,720 INFO Final validation 72/150, Val_acc: 0.4656, time 11.54sAccuracy: 0.528
class                  precision    recall   specificity      f1   support
--------------------------------------------------------------------------
0                          0.532     0.471         0.608   0.500        70
1                          0.000     0.000         0.978   0.000         8
2                          0.544     0.652         0.538   0.593        66
*========================================*
2025-11-20 13:49:51,084 INFO 0 Thu Nov 20 13:49:51 2025 Epoch: 73
2025-11-20 13:51:44,118 INFO Final training 73/150, loss: 0.2899, time 113.03s, lr: 0.044755
Accuracy: 0.884
class                  precision    recall   specificity      f1   support
--------------------------------------------------------------------------
0                          0.930     0.904         0.936   0.917       281
1                          0.509     0.900         0.952   0.651        30
2                          0.912     0.860         0.929   0.885       265
*----------------------------------------*
2025-11-20 13:51:44,118 INFO 0 Thu Nov 20 13:51:44 2025 Epoch: 74
2025-11-20 13:53:30,702 INFO Final training 74/150, loss: 0.2949, time 106.58s, lr: 0.043894
Accuracy: 0.882
class                  precision    recall   specificity      f1   support
--------------------------------------------------------------------------
0                          0.951     0.896         0.956   0.923       280
1                          0.463     0.833         0.947   0.595        30
2                          0.899     0.872         0.916   0.885       266
*----------------------------------------*
2025-11-20 13:53:42,207 INFO Final validation 74/150, Val_acc: 0.5387, time 11.50sAccuracy: 0.604
class                  precision    recall   specificity      f1   support
--------------------------------------------------------------------------
0                          0.608     0.643         0.608   0.625        70
1                          0.000     0.000         1.000   0.000         8
2                          0.600     0.636         0.641   0.618        66
*========================================*
2025-11-20 13:53:46,524 INFO 0 Thu Nov 20 13:53:46 2025 Epoch: 75
2025-11-20 13:55:37,669 INFO Final training 75/150, loss: 0.2614, time 111.14s, lr: 0.043030
Accuracy: 0.896
class                  precision    recall   specificity      f1   support
--------------------------------------------------------------------------
0                          0.941     0.911         0.946   0.926       281
1                          0.528     0.966         0.954   0.683        29
2                          0.924     0.872         0.939   0.897       266
*----------------------------------------*
2025-11-20 13:55:37,669 INFO 0 Thu Nov 20 13:55:37 2025 Epoch: 76
2025-11-20 13:57:29,304 INFO Final training 76/150, loss: 0.2516, time 111.63s, lr: 0.042166
Accuracy: 0.903
class                  precision    recall   specificity      f1   support
--------------------------------------------------------------------------
0                          0.962     0.907         0.966   0.934       280
1                          0.519     0.933         0.952   0.667        30
2                          0.922     0.895         0.935   0.908       266
*----------------------------------------*
2025-11-20 13:57:41,101 INFO Final validation 76/150, Val_acc: 0.3456, time 11.80sAccuracy: 0.354
class                  precision    recall   specificity      f1   support
--------------------------------------------------------------------------
0                          0.365     0.443         0.270   0.400        70
1                          0.000     0.000         1.000   0.000         8
2                          0.339     0.303         0.500   0.320        66
*========================================*
2025-11-20 13:57:45,477 INFO 0 Thu Nov 20 13:57:45 2025 Epoch: 77
2025-11-20 13:59:39,272 INFO Final training 77/150, loss: 0.2106, time 113.79s, lr: 0.041300
Accuracy: 0.913
class                  precision    recall   specificity      f1   support
--------------------------------------------------------------------------
0                          0.956     0.932         0.959   0.944       281
1                          0.560     0.933         0.960   0.700        30
2                          0.937     0.891         0.949   0.913       265
*----------------------------------------*
2025-11-20 13:59:39,272 INFO 0 Thu Nov 20 13:59:39 2025 Epoch: 78
2025-11-20 14:01:30,673 INFO Final training 78/150, loss: 0.2388, time 111.40s, lr: 0.040433
Accuracy: 0.931
class                  precision    recall   specificity      f1   support
--------------------------------------------------------------------------
0                          0.978     0.936         0.980   0.956       280
1                          0.600     0.900         0.967   0.720        30
2                          0.939     0.929         0.948   0.934       266
*----------------------------------------*
2025-11-20 14:01:41,891 INFO Final validation 78/150, Val_acc: 0.4184, time 11.22sAccuracy: 0.444
class                  precision    recall   specificity      f1   support
--------------------------------------------------------------------------
0                          0.408     0.286         0.608   0.336        70
1                          0.000     0.000         1.000   0.000         8
2                          0.463     0.667         0.346   0.547        66
*========================================*
2025-11-20 14:01:46,395 INFO 0 Thu Nov 20 14:01:46 2025 Epoch: 79
2025-11-20 14:03:40,859 INFO Final training 79/150, loss: 0.2236, time 114.46s, lr: 0.039567
Accuracy: 0.917
class                  precision    recall   specificity      f1   support
--------------------------------------------------------------------------
0                          0.953     0.929         0.956   0.941       281
1                          0.580     0.967         0.962   0.725        30
2                          0.944     0.898         0.955   0.921       265
*----------------------------------------*
2025-11-20 14:03:40,859 INFO 0 Thu Nov 20 14:03:40 2025 Epoch: 80
2025-11-20 14:05:34,832 INFO Final training 80/150, loss: 0.2375, time 113.97s, lr: 0.038700
Accuracy: 0.920
class                  precision    recall   specificity      f1   support
--------------------------------------------------------------------------
0                          0.963     0.929         0.966   0.945       280
1                          0.591     0.867         0.967   0.703        30
2                          0.931     0.917         0.942   0.924       266
*----------------------------------------*
2025-11-20 14:05:46,265 INFO Final validation 80/150, Val_acc: 0.4615, time 11.43sAccuracy: 0.493
class                  precision    recall   specificity      f1   support
--------------------------------------------------------------------------
0                          0.472     0.243         0.743   0.321        70
1                          0.000     0.000         1.000   0.000         8
2                          0.500     0.818         0.308   0.621        66
*========================================*
2025-11-20 14:05:50,763 INFO 0 Thu Nov 20 14:05:50 2025 Epoch: 81
2025-11-20 14:07:35,232 INFO Final training 81/150, loss: 0.2026, time 104.47s, lr: 0.037834
Accuracy: 0.911
class                  precision    recall   specificity      f1   support
--------------------------------------------------------------------------
0                          0.945     0.911         0.949   0.928       281
1                          0.609     0.933         0.967   0.737        30
2                          0.931     0.909         0.942   0.920       265
*----------------------------------------*
2025-11-20 14:07:35,657 INFO 0 Thu Nov 20 14:07:35 2025 Epoch: 82
2025-11-20 14:09:26,106 INFO Final training 82/150, loss: 0.2219, time 110.45s, lr: 0.036970
Accuracy: 0.927
class                  precision    recall   specificity      f1   support
--------------------------------------------------------------------------
0                          0.970     0.925         0.973   0.947       281
1                          0.643     0.900         0.973   0.750        30
2                          0.929     0.932         0.939   0.930       265
*----------------------------------------*
2025-11-20 14:09:37,724 INFO Final validation 82/150, Val_acc: 0.3229, time 11.62sAccuracy: 0.326
class                  precision    recall   specificity      f1   support
--------------------------------------------------------------------------
0                          0.315     0.329         0.324   0.322        70
1                          0.000     0.000         1.000   0.000         8
2                          0.338     0.364         0.397   0.350        66
*========================================*
2025-11-20 14:09:42,104 INFO 0 Thu Nov 20 14:09:42 2025 Epoch: 83
2025-11-20 14:11:32,100 INFO Final training 83/150, loss: 0.2471, time 110.00s, lr: 0.036106
Accuracy: 0.911
class                  precision    recall   specificity      f1   support
--------------------------------------------------------------------------
0                          0.952     0.914         0.956   0.933       280
1                          0.604     0.967         0.965   0.744        30
2                          0.927     0.902         0.939   0.914       266
*----------------------------------------*
2025-11-20 14:11:32,100 INFO 0 Thu Nov 20 14:11:32 2025 Epoch: 84
2025-11-20 14:13:20,466 INFO Final training 84/150, loss: 0.2160, time 108.37s, lr: 0.035245
Accuracy: 0.920
class                  precision    recall   specificity      f1   support
--------------------------------------------------------------------------
0                          0.959     0.922         0.963   0.940       281
1                          0.587     0.900         0.965   0.711        30
2                          0.938     0.921         0.949   0.930       265
*----------------------------------------*
2025-11-20 14:13:31,832 INFO Final validation 84/150, Val_acc: 0.3057, time 11.37sAccuracy: 0.431
class                  precision    recall   specificity      f1   support
--------------------------------------------------------------------------
0                          0.524     0.157         0.865   0.242        70
1                          0.000     0.000         0.765   0.000         8
2                          0.560     0.773         0.487   0.650        66
*========================================*
2025-11-20 14:13:36,345 INFO [EarlyStopping] Stopping Validation for loss at epoch 84
2025-11-20 14:13:36,756 INFO Training Finished! Best Accuracy: 0.6427
2025-11-20 14:13:36,756 INFO ====================================================================================================
2025-11-20 14:13:36,756 INFO 
2025-11-20 14:13:46,747 INFO => loading checkpoint 'outputs/OrganoidsINRIA_reduced_64/resnet18/2025-11-20-11-26/training/best_model.pt'
2025-11-20 14:13:46,868 INFO Loaded 136 keys from checkpoint
2025-11-20 14:14:00,372 INFO Final testing , Test_acc: 0.6707, time 13.47sAccuracy: 0.744
class                  precision    recall   specificity      f1   support
--------------------------------------------------------------------------
0                          0.929     0.650         0.952   0.765        40
1                          0.000     0.000         1.000   0.000         5
2                          0.648     0.946         0.578   0.769        37
*========================================*
2025-11-20 14:14:00,780 INFO Testing Finished! Best Accuracy: 0.6707
2025-11-20 14:14:00,780 INFO ====================================================================================================
2025-11-20 14:14:03,734 INFO Total time spent: 02 hours 47 minutes 29 seconds
2025-11-20 14:14:03,734 INFO 
2025-11-20 14:14:03,734 INFO Final Results Summary:
2025-11-20 14:14:03,734 INFO | TrainLoss | TrainAcc | ValAccMax | W_TrainF1 | W_TrainPrecision | W_TrainRecall | W_TrainSpecificity |
2025-11-20 14:14:03,734 INFO | 0.2160 | 0.8748 | 0.7292 | 0.7068 | 0.7308 | 0.7292 |
2025-11-20 14:14:03,734 INFO | TestAcc | W_TestF1 | W_TestPrecision | W_TestRecall | W_TestSpecificity |
2025-11-20 14:14:03,734 INFO | 0.7439 | 0.7201 | 0.7454 | 0.7439 | 0.7863 |
