2025-11-16 00:15:43,859 INFO Log directory: outputs/OrganoidsINRIA_reduced/resnet50/2025-11-16-00-15
2025-11-16 00:15:43,861 INFO {'RandFlipd_prob': 0.2,
 'RandRotate90d_prob': 0.2,
 'RandScaleIntensityd_prob': 0.1,
 'RandShiftIntensityd_prob': 0.1,
 'amp': True,
 'augmentation': True,
 'batch_size': 4,
 'cache_dataset': False,
 'checkpoint_path': None,
 'data_dir': '/home/mraffael/martone_project/Organoids_Dataset_256/',
 'dataset_name': 'OrganoidsINRIA_reduced',
 'debug': False,
 'debug_train_samples': 40,
 'debug_val_samples': 10,
 'dist_backend': 'nccl',
 'dist_url': 'tcp://127.0.0.1:23456',
 'distributed': False,
 'dropout_path_rate': 0.0,
 'dropout_rate': 0.0,
 'early_stopping': True,
 'encoder10_pth': '',
 'exact_class': False,
 'feature_size': 48,
 'fold': 0,
 'folds': False,
 'gpu': 0,
 'ignore_label': 3,
 'in_channels': 1,
 'infer_overlap': 0.5,
 'k_folds': 5,
 'logdir': 'test',
 'logs_dir': 'logs/',
 'loss_name': 'CE',
 'lrschedule': 'warmup_cosine',
 'max_epochs': 150,
 'min_delta_loss': 0.001,
 'min_delta_val': 0.01,
 'model_name': 'resnet50',
 'momentum': 0.99,
 'noamp': False,
 'norm_name': 'instance',
 'oar_id': 2120924,
 'optim_lr': 0.0005,
 'optim_name': 'adamw',
 'out_channels': 1,
 'output_dir': 'outputs/',
 'patch_merging': True,
 'patience_loss': 40,
 'patience_val': 40,
 'pretrained_dir': './pretrained_models/resnet50/',
 'pretrained_model_name': 'resnet_50.pth',
 'rank': 0,
 'reg_weight': 5e-05,
 'restart_T0': 20,
 'resume_ckpt': False,
 'roi_x': 128,
 'roi_y': 128,
 'roi_z': 128,
 'save_checkpoint': True,
 'seed': 3,
 'similarity_loss': '',
 'similarity_loss_weight': 0.0,
 'spatial_dims': 3,
 'split_method': 'stratified',
 'start_epoch': 0,
 'sw_batch_size': 4,
 'telegram_log': True,
 'test_mode': False,
 'token': './token/tlg_token.txt',
 'use_checkpoint': False,
 'val_every': 2,
 'warmup_epochs': 4,
 'workers': 8,
 'world_size': 1}
2025-11-16 00:15:43,861 INFO 
2025-11-16 00:15:43,865 INFO Saved configuration to: outputs/OrganoidsINRIA_reduced/resnet50/2025-11-16-00-15/config.txt
2025-11-16 00:15:44,906 INFO Using GPU: 0
2025-11-16 00:15:44,907 INFO 
2025-11-16 00:15:44,907 INFO Model INFO:
2025-11-16 00:15:44,907 INFO Model architecture: resnet50
2025-11-16 00:15:45,451 INFO Using pretrained weights
2025-11-16 00:15:45,451 INFO => loading pretrained model './pretrained_models/resnet50/resnet_50.pth'
2025-11-16 00:15:47,353 INFO Missing keys when loading pretrained: 12
2025-11-16 00:15:47,354 INFO Using ResNet with Single Linear Classification Head
2025-11-16 00:15:47,355 INFO Total trainable parameters: 46,713,347
2025-11-16 00:15:47,448 INFO 
2025-11-16 00:15:47,448 INFO Optimizer INFO:
2025-11-16 00:15:47,449 INFO Using optimizer: adamw with lr=0.0005, weight_decay=5e-05
2025-11-16 00:15:47,449 INFO 
2025-11-16 00:15:47,449 INFO Dataset INFO:
2025-11-16 00:15:47,468 INFO Dataset length: 721
2025-11-16 00:15:47,468 INFO Class distribution in entire dataset:
2025-11-16 00:15:47,468 INFO   Class 0: 351
2025-11-16 00:15:47,468 INFO   Class 1: 38
2025-11-16 00:15:47,468 INFO   Class 2: 332
2025-11-16 00:15:47,468 INFO 
Using split method: stratified
2025-11-16 00:15:47,481 INFO 
Train set balance:
2025-11-16 00:15:47,481 INFO 
Val set balance:
2025-11-16 00:15:47,482 INFO Training set length: 577
2025-11-16 00:15:47,482 INFO Validation set length: 144
2025-11-16 00:15:47,482 INFO 
Using standard shuffle for training
2025-11-16 00:15:47,482 INFO Training loader: 144 batches
2025-11-16 00:15:47,482 INFO Validation loader: 36 batches
2025-11-16 00:15:47,482 INFO 
Class distribution in training set:
2025-11-16 00:15:47,482 INFO   Class 0: 281 (48.7%)
2025-11-16 00:15:47,482 INFO   Class 1: 30 (5.2%)
2025-11-16 00:15:47,482 INFO   Class 2: 266 (46.1%)
2025-11-16 00:15:47,482 INFO Class distribution in validation set:
2025-11-16 00:15:47,482 INFO   Class 0: 70 (48.6%)
2025-11-16 00:15:47,482 INFO   Class 1: 8 (5.6%)
2025-11-16 00:15:47,482 INFO   Class 2: 66 (45.8%)
2025-11-16 00:15:47,482 INFO **************************************************
2025-11-16 00:15:47,998 INFO Class weights: [ 6.845  64.111  7.231]
2025-11-16 00:15:47,998 INFO 
2025-11-16 00:15:47,998 INFO Test Dataset INFO:
2025-11-16 00:15:48,019 INFO Test Dataset length: 82
2025-11-16 00:15:48,019 INFO Class distribution in test dataset:
2025-11-16 00:15:48,019 INFO   Class 0: 40
2025-11-16 00:15:48,019 INFO   Class 1: 5
2025-11-16 00:15:48,019 INFO   Class 2: 37
2025-11-16 00:15:48,019 INFO Test loader: 21 batches
2025-11-16 00:15:48,019 INFO **************************************************
2025-11-16 00:15:48,019 INFO 
2025-11-16 00:15:48,019 INFO Using loss function: CE
2025-11-16 00:15:48,022 INFO **************************************************
2025-11-16 00:15:48,022 INFO Starting training...
2025-11-16 00:15:48,025 INFO 0 Sun Nov 16 00:15:48 2025 Epoch: 1
2025-11-16 00:19:13,723 INFO Final training 1/150, loss: 1.0972, time 205.70s, lr: 0.000000
Accuracy: 0.276
class                  precision    recall   specificity      f1   support
--------------------------------------------------------------------------
0                          0.496     0.480         0.536   0.488       281
1                          0.079     0.800         0.487   0.144        30
2                          0.000     0.000         1.000   0.000       265
*----------------------------------------*
2025-11-16 00:19:14,157 INFO 0 Sun Nov 16 00:19:14 2025 Epoch: 2
2025-11-16 00:22:13,023 INFO Final training 2/150, loss: 1.0192, time 178.87s, lr: 0.000167
Accuracy: 0.420
class                  precision    recall   specificity      f1   support
--------------------------------------------------------------------------
0                          0.428     0.425         0.463   0.427       280
1                          0.000     0.000         0.996   0.000        30
2                          0.416     0.462         0.442   0.438       266
*----------------------------------------*
2025-11-16 00:23:00,956 INFO Final validation 2/150, Val_acc: 0.4414, time 47.93sAccuracy: 0.472
class                  precision    recall   specificity      f1   support
--------------------------------------------------------------------------
0                          0.512     0.300         0.730   0.378        70
1                          0.000     0.000         1.000   0.000         8
2                          0.456     0.712         0.282   0.556        66
*========================================*
2025-11-16 00:23:00,956 INFO New best (0.000000 --> 0.441358)
2025-11-16 00:23:05,352 INFO Copying best model to best_model.pt
2025-11-16 00:23:07,758 INFO 0 Sun Nov 16 00:23:07 2025 Epoch: 3
2025-11-16 00:26:05,272 INFO Final training 3/150, loss: 1.0134, time 177.51s, lr: 0.000333
Accuracy: 0.497
class                  precision    recall   specificity      f1   support
--------------------------------------------------------------------------
0                          0.525     0.454         0.611   0.487       280
1                          0.000     0.000         1.000   0.000        30
2                          0.476     0.598         0.435   0.530       266
*----------------------------------------*
2025-11-16 00:26:05,272 INFO 0 Sun Nov 16 00:26:05 2025 Epoch: 4
2025-11-16 00:29:01,489 INFO Final training 4/150, loss: 0.9920, time 176.22s, lr: 0.000500
Accuracy: 0.484
class                  precision    recall   specificity      f1   support
--------------------------------------------------------------------------
0                          0.500     0.548         0.478   0.523       281
1                          0.000     0.000         1.000   0.000        30
2                          0.466     0.472         0.540   0.469       265
*----------------------------------------*
2025-11-16 00:29:27,811 INFO Final validation 4/150, Val_acc: 0.3360, time 26.32sAccuracy: 0.458
class                  precision    recall   specificity      f1   support
--------------------------------------------------------------------------
0                          0.597     0.529         0.662   0.561        70
1                          0.130     0.375         0.853   0.194         8
2                          0.441     0.394         0.577   0.416        66
*========================================*
2025-11-16 00:29:30,810 INFO 0 Sun Nov 16 00:29:30 2025 Epoch: 5
2025-11-16 00:32:23,897 INFO Final training 5/150, loss: 0.9658, time 173.09s, lr: 0.000500
Accuracy: 0.550
class                  precision    recall   specificity      f1   support
--------------------------------------------------------------------------
0                          0.588     0.550         0.635   0.568       280
1                          0.000     0.000         0.996   0.000        30
2                          0.522     0.613         0.519   0.564       266
*----------------------------------------*
2025-11-16 00:32:23,898 INFO 0 Sun Nov 16 00:32:23 2025 Epoch: 6
2025-11-16 00:35:22,249 INFO Final training 6/150, loss: 0.9687, time 178.35s, lr: 0.000500
Accuracy: 0.526
class                  precision    recall   specificity      f1   support
--------------------------------------------------------------------------
0                          0.558     0.630         0.525   0.592       281
1                          0.095     0.067         0.965   0.078        30
2                          0.521     0.468         0.633   0.493       265
*----------------------------------------*
2025-11-16 00:35:48,581 INFO Final validation 6/150, Val_acc: 0.3765, time 26.33sAccuracy: 0.507
class                  precision    recall   specificity      f1   support
--------------------------------------------------------------------------
0                          0.686     0.686         0.703   0.686        70
1                          0.034     0.125         0.794   0.054         8
2                          0.533     0.364         0.731   0.432        66
*========================================*
2025-11-16 00:35:51,605 INFO 0 Sun Nov 16 00:35:51 2025 Epoch: 7
2025-11-16 00:38:48,633 INFO Final training 7/150, loss: 0.9259, time 177.03s, lr: 0.000500
Accuracy: 0.564
class                  precision    recall   specificity      f1   support
--------------------------------------------------------------------------
0                          0.614     0.596         0.645   0.605       280
1                          0.158     0.100         0.971   0.122        30
2                          0.544     0.583         0.581   0.563       266
*----------------------------------------*
2025-11-16 00:38:48,633 INFO 0 Sun Nov 16 00:38:48 2025 Epoch: 8
2025-11-16 00:41:44,323 INFO Final training 8/150, loss: 0.9214, time 175.69s, lr: 0.000499
Accuracy: 0.575
class                  precision    recall   specificity      f1   support
--------------------------------------------------------------------------
0                          0.615     0.639         0.622   0.627       280
1                          0.192     0.167         0.962   0.179        30
2                          0.568     0.553         0.639   0.560       266
*----------------------------------------*
2025-11-16 00:42:10,668 INFO Final validation 8/150, Val_acc: 0.3862, time 26.34sAccuracy: 0.465
class                  precision    recall   specificity      f1   support
--------------------------------------------------------------------------
0                          0.649     0.714         0.635   0.680        70
1                          0.033     0.125         0.787   0.053         8
2                          0.432     0.242         0.731   0.311        66
*========================================*
2025-11-16 00:42:13,662 INFO 0 Sun Nov 16 00:42:13 2025 Epoch: 9
2025-11-16 00:45:08,795 INFO Final training 9/150, loss: 0.9302, time 175.13s, lr: 0.000499
Accuracy: 0.587
class                  precision    recall   specificity      f1   support
--------------------------------------------------------------------------
0                          0.609     0.657         0.601   0.632       280
1                          0.250     0.067         0.989   0.105        30
2                          0.571     0.571         0.632   0.571       266
*----------------------------------------*
2025-11-16 00:45:08,795 INFO 0 Sun Nov 16 00:45:08 2025 Epoch: 10
2025-11-16 00:48:04,115 INFO Final training 10/150, loss: 0.9423, time 175.32s, lr: 0.000499
Accuracy: 0.585
class                  precision    recall   specificity      f1   support
--------------------------------------------------------------------------
0                          0.613     0.696         0.584   0.652       280
1                          0.043     0.033         0.960   0.038        30
2                          0.600     0.530         0.697   0.563       266
*----------------------------------------*
2025-11-16 00:48:30,487 INFO Final validation 10/150, Val_acc: 0.4815, time 26.37sAccuracy: 0.549
class                  precision    recall   specificity      f1   support
--------------------------------------------------------------------------
0                          0.590     0.986         0.351   0.738        70
1                          0.111     0.250         0.882   0.154         8
2                          0.889     0.121         0.987   0.213        66
*========================================*
2025-11-16 00:48:30,487 INFO New best (0.441358 --> 0.481481)
2025-11-16 00:48:35,047 INFO Copying best model to best_model.pt
2025-11-16 00:48:37,546 INFO 0 Sun Nov 16 00:48:37 2025 Epoch: 11
2025-11-16 00:51:34,623 INFO Final training 11/150, loss: 0.8792, time 177.08s, lr: 0.000498
Accuracy: 0.622
class                  precision    recall   specificity      f1   support
--------------------------------------------------------------------------
0                          0.677     0.675         0.696   0.676       280
1                          0.097     0.100         0.949   0.098        30
2                          0.624     0.624         0.677   0.624       266
*----------------------------------------*
2025-11-16 00:51:35,034 INFO 0 Sun Nov 16 00:51:35 2025 Epoch: 12
2025-11-16 00:54:31,521 INFO Final training 12/150, loss: 0.8523, time 176.49s, lr: 0.000497
Accuracy: 0.630
class                  precision    recall   specificity      f1   support
--------------------------------------------------------------------------
0                          0.668     0.722         0.658   0.694       281
1                          0.152     0.167         0.949   0.159        30
2                          0.649     0.585         0.730   0.615       265
*----------------------------------------*
2025-11-16 00:54:57,835 INFO Final validation 12/150, Val_acc: 0.5216, time 26.31sAccuracy: 0.625
class                  precision    recall   specificity      f1   support
--------------------------------------------------------------------------
0                          0.714     0.786         0.703   0.748        70
1                          0.100     0.250         0.868   0.143         8
2                          0.702     0.500         0.821   0.584        66
*========================================*
2025-11-16 00:54:57,835 INFO New best (0.481481 --> 0.521605)
2025-11-16 00:55:02,167 INFO Copying best model to best_model.pt
2025-11-16 00:55:04,660 INFO 0 Sun Nov 16 00:55:04 2025 Epoch: 13
2025-11-16 00:58:02,629 INFO Final training 13/150, loss: 0.8815, time 177.97s, lr: 0.000496
Accuracy: 0.623
class                  precision    recall   specificity      f1   support
--------------------------------------------------------------------------
0                          0.671     0.690         0.678   0.681       281
1                          0.080     0.067         0.958   0.073        30
2                          0.622     0.615         0.682   0.619       265
*----------------------------------------*
2025-11-16 00:58:02,630 INFO 0 Sun Nov 16 00:58:02 2025 Epoch: 14
2025-11-16 01:01:00,047 INFO Final training 14/150, loss: 0.8742, time 177.42s, lr: 0.000495
Accuracy: 0.622
class                  precision    recall   specificity      f1   support
--------------------------------------------------------------------------
0                          0.662     0.671         0.676   0.667       280
1                          0.208     0.167         0.965   0.185        30
2                          0.616     0.620         0.668   0.618       266
*----------------------------------------*
2025-11-16 01:01:26,319 INFO Final validation 14/150, Val_acc: 0.3588, time 26.27sAccuracy: 0.396
class                  precision    recall   specificity      f1   support
--------------------------------------------------------------------------
0                          0.683     0.614         0.730   0.647        70
1                          0.113     0.875         0.596   0.200         8
2                          0.368     0.106         0.846   0.165        66
*========================================*
2025-11-16 01:01:29,312 INFO 0 Sun Nov 16 01:01:29 2025 Epoch: 15
2025-11-16 01:04:27,139 INFO Final training 15/150, loss: 0.8152, time 177.83s, lr: 0.000494
Accuracy: 0.663
class                  precision    recall   specificity      f1   support
--------------------------------------------------------------------------
0                          0.698     0.736         0.699   0.717       280
1                          0.267     0.267         0.960   0.267        30
2                          0.669     0.632         0.732   0.650       266
*----------------------------------------*
2025-11-16 01:04:27,139 INFO 0 Sun Nov 16 01:04:27 2025 Epoch: 16
2025-11-16 01:07:23,126 INFO Final training 16/150, loss: 0.8210, time 175.99s, lr: 0.000493
Accuracy: 0.670
class                  precision    recall   specificity      f1   support
--------------------------------------------------------------------------
0                          0.705     0.736         0.709   0.720       280
1                          0.233     0.233         0.958   0.233        30
2                          0.681     0.650         0.739   0.665       266
*----------------------------------------*
2025-11-16 01:07:49,432 INFO Final validation 16/150, Val_acc: 0.4610, time 26.31sAccuracy: 0.549
class                  precision    recall   specificity      f1   support
--------------------------------------------------------------------------
0                          0.675     0.386         0.824   0.491        70
1                          0.000     0.000         0.949   0.000         8
2                          0.536     0.788         0.423   0.638        66
*========================================*
2025-11-16 01:07:52,418 INFO 0 Sun Nov 16 01:07:52 2025 Epoch: 17
2025-11-16 01:10:49,622 INFO Final training 17/150, loss: 0.7782, time 177.20s, lr: 0.000492
Accuracy: 0.672
class                  precision    recall   specificity      f1   support
--------------------------------------------------------------------------
0                          0.714     0.704         0.733   0.709       280
1                          0.286     0.333         0.954   0.308        30
2                          0.679     0.677         0.726   0.678       266
*----------------------------------------*
2025-11-16 01:10:49,622 INFO 0 Sun Nov 16 01:10:49 2025 Epoch: 18
2025-11-16 01:13:49,074 INFO Final training 18/150, loss: 0.8200, time 179.45s, lr: 0.000490
Accuracy: 0.682
class                  precision    recall   specificity      f1   support
--------------------------------------------------------------------------
0                          0.720     0.718         0.736   0.719       280
1                          0.250     0.267         0.956   0.258        30
2                          0.694     0.692         0.739   0.693       266
*----------------------------------------*
2025-11-16 01:14:15,392 INFO Final validation 18/150, Val_acc: 0.5313, time 26.32sAccuracy: 0.604
class                  precision    recall   specificity      f1   support
--------------------------------------------------------------------------
0                          0.653     0.886         0.554   0.752        70
1                          0.059     0.125         0.882   0.080         8
2                          0.750     0.364         0.897   0.490        66
*========================================*
2025-11-16 01:14:15,392 INFO New best (0.521605 --> 0.531250)
2025-11-16 01:14:19,767 INFO Copying best model to best_model.pt
2025-11-16 01:14:22,258 INFO 0 Sun Nov 16 01:14:22 2025 Epoch: 19
2025-11-16 01:17:18,960 INFO Final training 19/150, loss: 0.8033, time 176.70s, lr: 0.000489
Accuracy: 0.677
class                  precision    recall   specificity      f1   support
--------------------------------------------------------------------------
0                          0.719     0.754         0.719   0.736       281
1                          0.256     0.367         0.941   0.301        30
2                          0.702     0.630         0.772   0.664       265
*----------------------------------------*
2025-11-16 01:17:18,960 INFO 0 Sun Nov 16 01:17:18 2025 Epoch: 20
2025-11-16 01:20:17,436 INFO Final training 20/150, loss: 0.7681, time 178.48s, lr: 0.000487
Accuracy: 0.681
class                  precision    recall   specificity      f1   support
--------------------------------------------------------------------------
0                          0.726     0.739         0.736   0.733       280
1                          0.250     0.300         0.951   0.273        30
2                          0.690     0.662         0.745   0.676       266
*----------------------------------------*
2025-11-16 01:20:43,766 INFO Final validation 20/150, Val_acc: 0.3476, time 26.33sAccuracy: 0.417
class                  precision    recall   specificity      f1   support
--------------------------------------------------------------------------
0                          0.672     0.614         0.716   0.642        70
1                          0.119     0.875         0.618   0.209         8
2                          0.476     0.152         0.859   0.230        66
*========================================*
2025-11-16 01:20:46,768 INFO 0 Sun Nov 16 01:20:46 2025 Epoch: 21
2025-11-16 01:23:46,127 INFO Final training 21/150, loss: 0.7418, time 179.36s, lr: 0.000485
Accuracy: 0.724
class                  precision    recall   specificity      f1   support
--------------------------------------------------------------------------
0                          0.731     0.807         0.720   0.767       280
1                          0.286     0.200         0.973   0.235        30
2                          0.752     0.695         0.803   0.723       266
*----------------------------------------*
2025-11-16 01:23:46,567 INFO 0 Sun Nov 16 01:23:46 2025 Epoch: 22
2025-11-16 01:26:42,040 INFO Final training 22/150, loss: 0.7956, time 175.47s, lr: 0.000483
Accuracy: 0.665
class                  precision    recall   specificity      f1   support
--------------------------------------------------------------------------
0                          0.729     0.693         0.757   0.711       280
1                          0.204     0.367         0.921   0.262        30
2                          0.695     0.669         0.748   0.682       266
*----------------------------------------*
2025-11-16 01:27:08,346 INFO Final validation 22/150, Val_acc: 0.6535, time 26.31sAccuracy: 0.688
class                  precision    recall   specificity      f1   support
--------------------------------------------------------------------------
0                          0.670     0.871         0.595   0.758        70
1                          0.000     0.000         0.985   0.000         8
2                          0.745     0.576         0.833   0.650        66
*========================================*
2025-11-16 01:27:08,346 INFO New best (0.531250 --> 0.653549)
2025-11-16 01:27:12,705 INFO Copying best model to best_model.pt
2025-11-16 01:27:15,213 INFO 0 Sun Nov 16 01:27:15 2025 Epoch: 23
2025-11-16 01:30:09,108 INFO Final training 23/150, loss: 0.7516, time 173.89s, lr: 0.000481
Accuracy: 0.710
class                  precision    recall   specificity      f1   support
--------------------------------------------------------------------------
0                          0.745     0.761         0.753   0.753       280
1                          0.250     0.333         0.945   0.286        30
2                          0.744     0.699         0.794   0.721       266
*----------------------------------------*
2025-11-16 01:30:09,108 INFO 0 Sun Nov 16 01:30:09 2025 Epoch: 24
2025-11-16 01:33:04,544 INFO Final training 24/150, loss: 0.7567, time 175.44s, lr: 0.000479
Accuracy: 0.712
class                  precision    recall   specificity      f1   support
--------------------------------------------------------------------------
0                          0.759     0.754         0.774   0.756       280
1                          0.263     0.333         0.949   0.294        30
2                          0.727     0.711         0.771   0.719       266
*----------------------------------------*
2025-11-16 01:33:30,969 INFO Final validation 24/150, Val_acc: 0.6215, time 26.42sAccuracy: 0.674
class                  precision    recall   specificity      f1   support
--------------------------------------------------------------------------
0                          0.652     0.857         0.568   0.741        70
1                          0.143     0.125         0.956   0.133         8
2                          0.800     0.545         0.885   0.649        66
*========================================*
2025-11-16 01:33:33,962 INFO 0 Sun Nov 16 01:33:33 2025 Epoch: 25
2025-11-16 01:36:32,203 INFO Final training 25/150, loss: 0.7168, time 178.24s, lr: 0.000477
Accuracy: 0.700
class                  precision    recall   specificity      f1   support
--------------------------------------------------------------------------
0                          0.753     0.772         0.759   0.763       281
1                          0.271     0.433         0.936   0.333        30
2                          0.721     0.653         0.785   0.685       265
*----------------------------------------*
2025-11-16 01:36:32,203 INFO 0 Sun Nov 16 01:36:32 2025 Epoch: 26
2025-11-16 01:39:31,577 INFO Final training 26/150, loss: 0.7069, time 179.37s, lr: 0.000475
Accuracy: 0.705
class                  precision    recall   specificity      f1   support
--------------------------------------------------------------------------
0                          0.741     0.775         0.743   0.757       280
1                          0.218     0.400         0.921   0.282        30
2                          0.776     0.665         0.835   0.717       266
*----------------------------------------*
2025-11-16 01:39:57,908 INFO Final validation 26/150, Val_acc: 0.6721, time 26.33sAccuracy: 0.715
class                  precision    recall   specificity      f1   support
--------------------------------------------------------------------------
0                          0.678     0.871         0.608   0.762        70
1                          0.750     0.375         0.993   0.500         8
2                          0.780     0.591         0.859   0.672        66
*========================================*
2025-11-16 01:39:57,909 INFO New best (0.653549 --> 0.672068)
2025-11-16 01:40:02,292 INFO Copying best model to best_model.pt
2025-11-16 01:40:04,793 INFO 0 Sun Nov 16 01:40:04 2025 Epoch: 27
2025-11-16 01:42:59,749 INFO Final training 27/150, loss: 0.7167, time 174.96s, lr: 0.000473
Accuracy: 0.710
class                  precision    recall   specificity      f1   support
--------------------------------------------------------------------------
0                          0.743     0.786         0.743   0.764       280
1                          0.244     0.333         0.943   0.282        30
2                          0.749     0.673         0.806   0.709       266
*----------------------------------------*
2025-11-16 01:42:59,750 INFO 0 Sun Nov 16 01:42:59 2025 Epoch: 28
2025-11-16 01:45:59,198 INFO Final training 28/150, loss: 0.7445, time 179.45s, lr: 0.000470
Accuracy: 0.674
class                  precision    recall   specificity      f1   support
--------------------------------------------------------------------------
0                          0.739     0.689         0.770   0.713       280
1                          0.279     0.400         0.943   0.329        30
2                          0.673     0.688         0.713   0.680       266
*----------------------------------------*
2025-11-16 01:46:25,397 INFO Final validation 28/150, Val_acc: 0.5702, time 26.20sAccuracy: 0.618
class                  precision    recall   specificity      f1   support
--------------------------------------------------------------------------
0                          0.591     0.971         0.365   0.735        70
1                          0.000     0.000         0.963   0.000         8
2                          0.875     0.318         0.962   0.467        66
*========================================*
2025-11-16 01:46:28,396 INFO 0 Sun Nov 16 01:46:28 2025 Epoch: 29
2025-11-16 01:49:24,006 INFO Final training 29/150, loss: 0.6871, time 175.61s, lr: 0.000467
Accuracy: 0.717
class                  precision    recall   specificity      f1   support
--------------------------------------------------------------------------
0                          0.766     0.771         0.777   0.769       280
1                          0.204     0.333         0.929   0.253        30
2                          0.763     0.703         0.813   0.732       266
*----------------------------------------*
2025-11-16 01:49:24,006 INFO 0 Sun Nov 16 01:49:24 2025 Epoch: 30
2025-11-16 01:52:20,758 INFO Final training 30/150, loss: 0.6714, time 176.75s, lr: 0.000465
Accuracy: 0.734
class                  precision    recall   specificity      f1   support
--------------------------------------------------------------------------
0                          0.771     0.782         0.780   0.777       280
1                          0.263     0.333         0.949   0.294        30
2                          0.764     0.729         0.806   0.746       266
*----------------------------------------*
2025-11-16 01:52:47,058 INFO Final validation 30/150, Val_acc: 0.6435, time 26.30sAccuracy: 0.688
class                  precision    recall   specificity      f1   support
--------------------------------------------------------------------------
0                          0.674     0.829         0.622   0.744        70
1                          0.000     0.000         0.971   0.000         8
2                          0.759     0.621         0.833   0.683        66
*========================================*
2025-11-16 01:52:50,062 INFO 0 Sun Nov 16 01:52:50 2025 Epoch: 31
2025-11-16 01:55:47,082 INFO Final training 31/150, loss: 0.6608, time 177.02s, lr: 0.000462
Accuracy: 0.750
class                  precision    recall   specificity      f1   support
--------------------------------------------------------------------------
0                          0.809     0.800         0.821   0.804       280
1                          0.234     0.367         0.934   0.286        30
2                          0.782     0.741         0.823   0.761       266
*----------------------------------------*
2025-11-16 01:55:47,514 INFO 0 Sun Nov 16 01:55:47 2025 Epoch: 32
2025-11-16 01:58:46,004 INFO Final training 32/150, loss: 0.6993, time 178.49s, lr: 0.000459
Accuracy: 0.722
class                  precision    recall   specificity      f1   support
--------------------------------------------------------------------------
0                          0.771     0.779         0.780   0.775       281
1                          0.250     0.517         0.918   0.337        29
2                          0.784     0.684         0.839   0.731       266
*----------------------------------------*
2025-11-16 01:59:12,186 INFO Final validation 32/150, Val_acc: 0.6586, time 26.18sAccuracy: 0.681
class                  precision    recall   specificity      f1   support
--------------------------------------------------------------------------
0                          0.641     0.843         0.554   0.728        70
1                          0.000     0.000         1.000   0.000         8
2                          0.750     0.591         0.833   0.661        66
*========================================*
2025-11-16 01:59:15,187 INFO 0 Sun Nov 16 01:59:15 2025 Epoch: 33
2025-11-16 02:02:11,591 INFO Final training 33/150, loss: 0.6818, time 176.40s, lr: 0.000456
Accuracy: 0.700
class                  precision    recall   specificity      f1   support
--------------------------------------------------------------------------
0                          0.763     0.757         0.777   0.760       280
1                          0.222     0.467         0.910   0.301        30
2                          0.753     0.665         0.813   0.707       266
*----------------------------------------*
2025-11-16 02:02:11,591 INFO 0 Sun Nov 16 02:02:11 2025 Epoch: 34
2025-11-16 02:05:06,475 INFO Final training 34/150, loss: 0.6741, time 174.88s, lr: 0.000453
Accuracy: 0.722
class                  precision    recall   specificity      f1   support
--------------------------------------------------------------------------
0                          0.767     0.762         0.780   0.764       281
1                          0.238     0.333         0.941   0.278        30
2                          0.753     0.725         0.797   0.738       265
*----------------------------------------*
2025-11-16 02:05:32,708 INFO Final validation 34/150, Val_acc: 0.5274, time 26.23sAccuracy: 0.597
class                  precision    recall   specificity      f1   support
--------------------------------------------------------------------------
0                          0.691     0.671         0.716   0.681        70
1                          0.158     0.375         0.882   0.222         8
2                          0.632     0.545         0.731   0.585        66
*========================================*
2025-11-16 02:05:35,712 INFO 0 Sun Nov 16 02:05:35 2025 Epoch: 35
2025-11-16 02:08:34,317 INFO Final training 35/150, loss: 0.6464, time 178.60s, lr: 0.000450
Accuracy: 0.745
class                  precision    recall   specificity      f1   support
--------------------------------------------------------------------------
0                          0.799     0.768         0.818   0.783       280
1                          0.326     0.500         0.943   0.395        30
2                          0.762     0.748         0.800   0.755       266
*----------------------------------------*
2025-11-16 02:08:34,317 INFO 0 Sun Nov 16 02:08:34 2025 Epoch: 36
2025-11-16 02:11:33,253 INFO Final training 36/150, loss: 0.6928, time 178.94s, lr: 0.000446
Accuracy: 0.726
class                  precision    recall   specificity      f1   support
--------------------------------------------------------------------------
0                          0.756     0.796         0.757   0.776       280
1                          0.310     0.300         0.963   0.305        30
2                          0.738     0.699         0.787   0.718       266
*----------------------------------------*
2025-11-16 02:11:59,520 INFO Final validation 36/150, Val_acc: 0.5617, time 26.27sAccuracy: 0.632
class                  precision    recall   specificity      f1   support
--------------------------------------------------------------------------
0                          0.690     0.829         0.649   0.753        70
1                          0.167     0.375         0.890   0.231         8
2                          0.714     0.455         0.846   0.556        66
*========================================*
2025-11-16 02:12:02,513 INFO 0 Sun Nov 16 02:12:02 2025 Epoch: 37
2025-11-16 02:15:01,357 INFO Final training 37/150, loss: 0.6848, time 178.84s, lr: 0.000443
Accuracy: 0.714
class                  precision    recall   specificity      f1   support
--------------------------------------------------------------------------
0                          0.785     0.757         0.804   0.771       280
1                          0.230     0.467         0.914   0.308        30
2                          0.755     0.695         0.806   0.724       266
*----------------------------------------*
2025-11-16 02:15:01,357 INFO 0 Sun Nov 16 02:15:01 2025 Epoch: 38
2025-11-16 02:18:00,869 INFO Final training 38/150, loss: 0.6387, time 179.51s, lr: 0.000440
Accuracy: 0.740
class                  precision    recall   specificity      f1   support
--------------------------------------------------------------------------
0                          0.799     0.779         0.814   0.788       280
1                          0.286     0.533         0.927   0.372        30
2                          0.777     0.722         0.823   0.749       266
*----------------------------------------*
2025-11-16 02:18:26,983 INFO Final validation 38/150, Val_acc: 0.4448, time 26.11sAccuracy: 0.493
class                  precision    recall   specificity      f1   support
--------------------------------------------------------------------------
0                          0.640     0.457         0.757   0.533        70
1                          0.200     0.750         0.824   0.316         8
2                          0.516     0.500         0.603   0.508        66
*========================================*
2025-11-16 02:18:29,966 INFO 0 Sun Nov 16 02:18:29 2025 Epoch: 39
2025-11-16 02:21:24,607 INFO Final training 39/150, loss: 0.6468, time 174.64s, lr: 0.000436
Accuracy: 0.759
class                  precision    recall   specificity      f1   support
--------------------------------------------------------------------------
0                          0.810     0.804         0.820   0.807       281
1                          0.264     0.467         0.929   0.337        30
2                          0.807     0.743         0.849   0.774       265
*----------------------------------------*
2025-11-16 02:21:24,608 INFO 0 Sun Nov 16 02:21:24 2025 Epoch: 40
2025-11-16 02:24:22,385 INFO Final training 40/150, loss: 0.6232, time 177.78s, lr: 0.000432
Accuracy: 0.762
class                  precision    recall   specificity      f1   support
--------------------------------------------------------------------------
0                          0.813     0.819         0.820   0.816       281
1                          0.320     0.533         0.938   0.400        30
2                          0.794     0.728         0.839   0.760       265
*----------------------------------------*
2025-11-16 02:24:48,743 INFO Final validation 40/150, Val_acc: 0.5490, time 26.36sAccuracy: 0.653
class                  precision    recall   specificity      f1   support
--------------------------------------------------------------------------
0                          0.729     0.614         0.784   0.667        70
1                          0.000     0.000         0.956   0.000         8
2                          0.646     0.773         0.641   0.703        66
*========================================*
2025-11-16 02:24:51,718 INFO 0 Sun Nov 16 02:24:51 2025 Epoch: 41
2025-11-16 02:27:47,900 INFO Final training 41/150, loss: 0.6555, time 176.18s, lr: 0.000429
Accuracy: 0.767
class                  precision    recall   specificity      f1   support
--------------------------------------------------------------------------
0                          0.807     0.786         0.820   0.796       281
1                          0.333     0.533         0.941   0.410        30
2                          0.807     0.774         0.842   0.790       265
*----------------------------------------*
2025-11-16 02:27:48,300 INFO 0 Sun Nov 16 02:27:48 2025 Epoch: 42
2025-11-16 02:30:45,815 INFO Final training 42/150, loss: 0.6300, time 177.52s, lr: 0.000425
Accuracy: 0.780
class                  precision    recall   specificity      f1   support
--------------------------------------------------------------------------
0                          0.808     0.829         0.814   0.818       280
1                          0.333     0.533         0.941   0.410        30
2                          0.834     0.756         0.871   0.793       266
*----------------------------------------*
2025-11-16 02:31:12,119 INFO Final validation 42/150, Val_acc: 0.6420, time 26.30sAccuracy: 0.708
class                  precision    recall   specificity      f1   support
--------------------------------------------------------------------------
0                          0.705     0.786         0.689   0.743        70
1                          0.000     0.000         0.978   0.000         8
2                          0.746     0.712         0.795   0.729        66
*========================================*
2025-11-16 02:31:15,101 INFO 0 Sun Nov 16 02:31:15 2025 Epoch: 43
2025-11-16 02:34:10,934 INFO Final training 43/150, loss: 0.5989, time 175.83s, lr: 0.000421
Accuracy: 0.767
class                  precision    recall   specificity      f1   support
--------------------------------------------------------------------------
0                          0.809     0.832         0.814   0.820       280
1                          0.333     0.500         0.945   0.400        30
2                          0.798     0.729         0.842   0.762       266
*----------------------------------------*
2025-11-16 02:34:10,934 INFO 0 Sun Nov 16 02:34:10 2025 Epoch: 44
2025-11-16 02:37:06,023 INFO Final training 44/150, loss: 0.5979, time 175.09s, lr: 0.000417
Accuracy: 0.760
class                  precision    recall   specificity      f1   support
--------------------------------------------------------------------------
0                          0.802     0.796         0.814   0.799       280
1                          0.326     0.467         0.947   0.384        30
2                          0.788     0.756         0.826   0.772       266
*----------------------------------------*
2025-11-16 02:37:32,317 INFO Final validation 44/150, Val_acc: 0.6397, time 26.29sAccuracy: 0.667
class                  precision    recall   specificity      f1   support
--------------------------------------------------------------------------
0                          0.667     0.771         0.635   0.715        70
1                          0.000     0.000         0.978   0.000         8
2                          0.700     0.636         0.769   0.667        66
*========================================*
2025-11-16 02:37:35,324 INFO 0 Sun Nov 16 02:37:35 2025 Epoch: 45
2025-11-16 02:40:31,201 INFO Final training 45/150, loss: 0.5888, time 175.88s, lr: 0.000413
Accuracy: 0.781
class                  precision    recall   specificity      f1   support
--------------------------------------------------------------------------
0                          0.826     0.796         0.841   0.811       280
1                          0.380     0.633         0.943   0.475        30
2                          0.812     0.782         0.845   0.797       266
*----------------------------------------*
2025-11-16 02:40:31,201 INFO 0 Sun Nov 16 02:40:31 2025 Epoch: 46
2025-11-16 02:43:27,334 INFO Final training 46/150, loss: 0.6076, time 176.13s, lr: 0.000409
Accuracy: 0.764
class                  precision    recall   specificity      f1   support
--------------------------------------------------------------------------
0                          0.806     0.814         0.814   0.810       280
1                          0.291     0.533         0.929   0.376        30
2                          0.824     0.737         0.865   0.778       266
*----------------------------------------*
2025-11-16 02:43:53,657 INFO Final validation 46/150, Val_acc: 0.6559, time 26.32sAccuracy: 0.701
class                  precision    recall   specificity      f1   support
--------------------------------------------------------------------------
0                          0.691     0.800         0.662   0.742        70
1                          0.400     0.500         0.956   0.444         8
2                          0.774     0.621         0.846   0.689        66
*========================================*
2025-11-16 02:43:56,667 INFO 0 Sun Nov 16 02:43:56 2025 Epoch: 47
2025-11-16 02:46:53,573 INFO Final training 47/150, loss: 0.6101, time 176.91s, lr: 0.000405
Accuracy: 0.745
class                  precision    recall   specificity      f1   support
--------------------------------------------------------------------------
0                          0.825     0.775         0.845   0.799       280
1                          0.293     0.567         0.925   0.386        30
2                          0.765     0.733         0.806   0.749       266
*----------------------------------------*
2025-11-16 02:46:53,573 INFO 0 Sun Nov 16 02:46:53 2025 Epoch: 48
2025-11-16 02:49:51,172 INFO Final training 48/150, loss: 0.5953, time 177.60s, lr: 0.000400
Accuracy: 0.778
class                  precision    recall   specificity      f1   support
--------------------------------------------------------------------------
0                          0.822     0.839         0.828   0.830       280
1                          0.347     0.567         0.941   0.430        30
2                          0.813     0.737         0.855   0.773       266
*----------------------------------------*
2025-11-16 02:50:17,489 INFO Final validation 48/150, Val_acc: 0.6709, time 26.32sAccuracy: 0.729
class                  precision    recall   specificity      f1   support
--------------------------------------------------------------------------
0                          0.707     0.829         0.676   0.763        70
1                          0.000     0.000         0.993   0.000         8
2                          0.770     0.712         0.821   0.740        66
*========================================*
2025-11-16 02:50:20,547 INFO 0 Sun Nov 16 02:50:20 2025 Epoch: 49
2025-11-16 02:53:16,641 INFO Final training 49/150, loss: 0.5777, time 176.09s, lr: 0.000396
Accuracy: 0.769
class                  precision    recall   specificity      f1   support
--------------------------------------------------------------------------
0                          0.806     0.829         0.810   0.818       281
1                          0.339     0.667         0.929   0.449        30
2                          0.833     0.717         0.878   0.771       265
*----------------------------------------*
2025-11-16 02:53:16,641 INFO 0 Sun Nov 16 02:53:16 2025 Epoch: 50
2025-11-16 02:56:15,490 INFO Final training 50/150, loss: 0.5474, time 178.85s, lr: 0.000392
Accuracy: 0.780
class                  precision    recall   specificity      f1   support
--------------------------------------------------------------------------
0                          0.821     0.804         0.834   0.812       280
1                          0.364     0.667         0.936   0.471        30
2                          0.826     0.767         0.861   0.795       266
*----------------------------------------*
2025-11-16 02:56:41,862 INFO Final validation 50/150, Val_acc: 0.6489, time 26.37sAccuracy: 0.715
class                  precision    recall   specificity      f1   support
--------------------------------------------------------------------------
0                          0.701     0.771         0.689   0.735        70
1                          0.000     0.000         0.985   0.000         8
2                          0.754     0.742         0.795   0.748        66
*========================================*
2025-11-16 02:56:44,858 INFO 0 Sun Nov 16 02:56:44 2025 Epoch: 51
2025-11-16 02:59:41,756 INFO Final training 51/150, loss: 0.5851, time 176.90s, lr: 0.000387
Accuracy: 0.767
class                  precision    recall   specificity      f1   support
--------------------------------------------------------------------------
0                          0.816     0.807         0.828   0.811       280
1                          0.292     0.467         0.938   0.359        30
2                          0.805     0.759         0.842   0.781       266
*----------------------------------------*
2025-11-16 02:59:42,185 INFO 0 Sun Nov 16 02:59:42 2025 Epoch: 52
2025-11-16 03:02:40,810 INFO Final training 52/150, loss: 0.5908, time 178.63s, lr: 0.000383
Accuracy: 0.800
class                  precision    recall   specificity      f1   support
--------------------------------------------------------------------------
0                          0.816     0.854         0.817   0.835       281
1                          0.353     0.414         0.960   0.381        29
2                          0.843     0.786         0.874   0.813       266
*----------------------------------------*
2025-11-16 03:03:07,267 INFO Final validation 52/150, Val_acc: 0.6887, time 26.46sAccuracy: 0.722
class                  precision    recall   specificity      f1   support
--------------------------------------------------------------------------
0                          0.685     0.900         0.608   0.778        70
1                          0.417     0.625         0.949   0.500         8
2                          0.900     0.545         0.949   0.679        66
*========================================*
2025-11-16 03:03:07,267 INFO New best (0.672068 --> 0.688657)
2025-11-16 03:03:11,833 INFO Copying best model to best_model.pt
2025-11-16 03:03:14,285 INFO 0 Sun Nov 16 03:03:14 2025 Epoch: 53
2025-11-16 03:06:09,619 INFO Final training 53/150, loss: 0.5565, time 175.33s, lr: 0.000378
Accuracy: 0.786
class                  precision    recall   specificity      f1   support
--------------------------------------------------------------------------
0                          0.840     0.822         0.851   0.831       281
1                          0.327     0.552         0.940   0.410        29
2                          0.817     0.774         0.852   0.795       266
*----------------------------------------*
2025-11-16 03:06:09,619 INFO 0 Sun Nov 16 03:06:09 2025 Epoch: 54
2025-11-16 03:09:07,445 INFO Final training 54/150, loss: 0.5528, time 177.83s, lr: 0.000373
Accuracy: 0.802
class                  precision    recall   specificity      f1   support
--------------------------------------------------------------------------
0                          0.842     0.836         0.851   0.839       280
1                          0.444     0.667         0.954   0.533        30
2                          0.822     0.782         0.855   0.802       266
*----------------------------------------*
2025-11-16 03:09:33,622 INFO Final validation 54/150, Val_acc: 0.5367, time 26.18sAccuracy: 0.625
class                  precision    recall   specificity      f1   support
--------------------------------------------------------------------------
0                          0.662     0.614         0.703   0.637        70
1                          0.188     0.375         0.904   0.250         8
2                          0.698     0.667         0.756   0.682        66
*========================================*
2025-11-16 03:09:36,612 INFO 0 Sun Nov 16 03:09:36 2025 Epoch: 55
2025-11-16 03:12:36,730 INFO Final training 55/150, loss: 0.5835, time 180.12s, lr: 0.000369
Accuracy: 0.771
class                  precision    recall   specificity      f1   support
--------------------------------------------------------------------------
0                          0.832     0.826         0.841   0.829       281
1                          0.246     0.500         0.916   0.330        30
2                          0.835     0.743         0.875   0.786       265
*----------------------------------------*
2025-11-16 03:12:36,731 INFO 0 Sun Nov 16 03:12:36 2025 Epoch: 56
2025-11-16 03:15:34,119 INFO Final training 56/150, loss: 0.5391, time 177.39s, lr: 0.000364
Accuracy: 0.797
class                  precision    recall   specificity      f1   support
--------------------------------------------------------------------------
0                          0.842     0.818         0.855   0.830       280
1                          0.378     0.567         0.949   0.453        30
2                          0.822     0.801         0.852   0.811       266
*----------------------------------------*
2025-11-16 03:16:00,008 INFO Final validation 56/150, Val_acc: 0.6489, time 25.89sAccuracy: 0.694
class                  precision    recall   specificity      f1   support
--------------------------------------------------------------------------
0                          0.656     0.843         0.581   0.738        70
1                          0.000     0.000         1.000   0.000         8
2                          0.759     0.621         0.833   0.683        66
*========================================*
2025-11-16 03:16:03,106 INFO 0 Sun Nov 16 03:16:03 2025 Epoch: 57
2025-11-16 03:19:00,089 INFO Final training 57/150, loss: 0.5121, time 176.98s, lr: 0.000359
Accuracy: 0.814
class                  precision    recall   specificity      f1   support
--------------------------------------------------------------------------
0                          0.843     0.861         0.848   0.852       280
1                          0.400     0.533         0.956   0.457        30
2                          0.848     0.797         0.877   0.822       266
*----------------------------------------*
2025-11-16 03:19:00,090 INFO 0 Sun Nov 16 03:19:00 2025 Epoch: 58
2025-11-16 03:21:57,312 INFO Final training 58/150, loss: 0.5464, time 177.22s, lr: 0.000354
Accuracy: 0.804
class                  precision    recall   specificity      f1   support
--------------------------------------------------------------------------
0                          0.829     0.850         0.834   0.840       280
1                          0.400     0.600         0.951   0.480        30
2                          0.848     0.778         0.881   0.812       266
*----------------------------------------*
2025-11-16 03:22:23,206 INFO Final validation 58/150, Val_acc: 0.5575, time 25.89sAccuracy: 0.590
class                  precision    recall   specificity      f1   support
--------------------------------------------------------------------------
0                          0.857     0.257         0.959   0.396        70
1                          0.556     0.625         0.971   0.588         8
2                          0.544     0.939         0.333   0.689        66
*========================================*
2025-11-16 03:22:26,192 INFO 0 Sun Nov 16 03:22:26 2025 Epoch: 59
2025-11-16 03:25:21,585 INFO Final training 59/150, loss: 0.5336, time 175.39s, lr: 0.000349
Accuracy: 0.804
class                  precision    recall   specificity      f1   support
--------------------------------------------------------------------------
0                          0.835     0.865         0.837   0.850       281
1                          0.347     0.567         0.941   0.430        30
2                          0.860     0.766         0.894   0.810       265
*----------------------------------------*
2025-11-16 03:25:21,585 INFO 0 Sun Nov 16 03:25:21 2025 Epoch: 60
2025-11-16 03:28:15,690 INFO Final training 60/150, loss: 0.5236, time 174.10s, lr: 0.000344
Accuracy: 0.800
class                  precision    recall   specificity      f1   support
--------------------------------------------------------------------------
0                          0.838     0.847         0.844   0.842       281
1                          0.392     0.667         0.943   0.494        30
2                          0.842     0.766         0.878   0.802       265
*----------------------------------------*
2025-11-16 03:28:41,712 INFO Final validation 60/150, Val_acc: 0.5181, time 26.02sAccuracy: 0.597
class                  precision    recall   specificity      f1   support
--------------------------------------------------------------------------
0                          0.673     0.529         0.757   0.592        70
1                          0.167     0.625         0.816   0.263         8
2                          0.746     0.667         0.808   0.704        66
*========================================*
2025-11-16 03:28:44,691 INFO 0 Sun Nov 16 03:28:44 2025 Epoch: 61
2025-11-16 03:31:41,567 INFO Final training 61/150, loss: 0.5396, time 176.88s, lr: 0.000339
Accuracy: 0.797
class                  precision    recall   specificity      f1   support
--------------------------------------------------------------------------
0                          0.849     0.822         0.861   0.835       281
1                          0.366     0.500         0.952   0.423        30
2                          0.810     0.804         0.839   0.807       265
*----------------------------------------*
2025-11-16 03:31:41,976 INFO 0 Sun Nov 16 03:31:41 2025 Epoch: 62
2025-11-16 03:34:38,207 INFO Final training 62/150, loss: 0.5020, time 176.23s, lr: 0.000334
Accuracy: 0.818
class                  precision    recall   specificity      f1   support
--------------------------------------------------------------------------
0                          0.848     0.851         0.854   0.849       281
1                          0.422     0.633         0.952   0.507        30
2                          0.855     0.804         0.884   0.829       265
*----------------------------------------*
2025-11-16 03:35:04,470 INFO Final validation 62/150, Val_acc: 0.6682, time 26.26sAccuracy: 0.750
class                  precision    recall   specificity      f1   support
--------------------------------------------------------------------------
0                          0.794     0.714         0.824   0.752        70
1                          0.000     0.000         0.985   0.000         8
2                          0.734     0.879         0.731   0.800        66
*========================================*
2025-11-16 03:35:07,668 INFO 0 Sun Nov 16 03:35:07 2025 Epoch: 63
2025-11-16 03:38:04,668 INFO Final training 63/150, loss: 0.5344, time 177.00s, lr: 0.000329
Accuracy: 0.795
class                  precision    recall   specificity      f1   support
--------------------------------------------------------------------------
0                          0.858     0.821         0.872   0.839       280
1                          0.340     0.567         0.940   0.425        30
2                          0.818     0.793         0.848   0.805       266
*----------------------------------------*
2025-11-16 03:38:04,669 INFO 0 Sun Nov 16 03:38:04 2025 Epoch: 64
2025-11-16 03:40:59,175 INFO Final training 64/150, loss: 0.5398, time 174.51s, lr: 0.000324
Accuracy: 0.783
class                  precision    recall   specificity      f1   support
--------------------------------------------------------------------------
0                          0.817     0.826         0.824   0.821       281
1                          0.373     0.633         0.941   0.469        30
2                          0.830     0.755         0.868   0.791       265
*----------------------------------------*
2025-11-16 03:41:25,415 INFO Final validation 64/150, Val_acc: 0.5721, time 26.24sAccuracy: 0.618
class                  precision    recall   specificity      f1   support
--------------------------------------------------------------------------
0                          0.652     0.643         0.676   0.647        70
1                          0.125     0.125         0.949   0.125         8
2                          0.642     0.652         0.692   0.647        66
*========================================*
2025-11-16 03:41:28,425 INFO 0 Sun Nov 16 03:41:28 2025 Epoch: 65
2025-11-16 03:44:25,286 INFO Final training 65/150, loss: 0.4717, time 176.86s, lr: 0.000319
Accuracy: 0.812
class                  precision    recall   specificity      f1   support
--------------------------------------------------------------------------
0                          0.866     0.829         0.878   0.847       281
1                          0.364     0.667         0.936   0.471        30
2                          0.853     0.811         0.881   0.832       265
*----------------------------------------*
2025-11-16 03:44:25,287 INFO 0 Sun Nov 16 03:44:25 2025 Epoch: 66
2025-11-16 03:47:20,508 INFO Final training 66/150, loss: 0.4688, time 175.22s, lr: 0.000314
Accuracy: 0.821
class                  precision    recall   specificity      f1   support
--------------------------------------------------------------------------
0                          0.860     0.857         0.868   0.859       280
1                          0.404     0.633         0.949   0.494        30
2                          0.856     0.805         0.884   0.829       266
*----------------------------------------*
2025-11-16 03:47:46,839 INFO Final validation 66/150, Val_acc: 0.6474, time 26.33sAccuracy: 0.667
class                  precision    recall   specificity      f1   support
--------------------------------------------------------------------------
0                          0.740     0.529         0.824   0.617        70
1                          0.714     0.625         0.985   0.667         8
2                          0.621     0.818         0.577   0.706        66
*========================================*
2025-11-16 03:47:49,882 INFO 0 Sun Nov 16 03:47:49 2025 Epoch: 67
2025-11-16 03:50:46,102 INFO Final training 67/150, loss: 0.5206, time 176.22s, lr: 0.000309
Accuracy: 0.816
class                  precision    recall   specificity      f1   support
--------------------------------------------------------------------------
0                          0.862     0.847         0.871   0.855       281
1                          0.377     0.690         0.940   0.488        29
2                          0.858     0.797         0.887   0.827       266
*----------------------------------------*
2025-11-16 03:50:46,102 INFO 0 Sun Nov 16 03:50:46 2025 Epoch: 68
2025-11-16 03:53:43,220 INFO Final training 68/150, loss: 0.5175, time 177.12s, lr: 0.000303
Accuracy: 0.812
class                  precision    recall   specificity      f1   support
--------------------------------------------------------------------------
0                          0.861     0.858         0.868   0.859       281
1                          0.360     0.600         0.941   0.450        30
2                          0.850     0.789         0.881   0.818       265
*----------------------------------------*
2025-11-16 03:54:10,019 INFO Final validation 68/150, Val_acc: 0.5953, time 26.80sAccuracy: 0.674
class                  precision    recall   specificity      f1   support
--------------------------------------------------------------------------
0                          0.941     0.457         0.973   0.615        70
1                          0.238     0.625         0.882   0.345         8
2                          0.674     0.909         0.628   0.774        66
*========================================*
2025-11-16 03:54:14,131 INFO 0 Sun Nov 16 03:54:14 2025 Epoch: 69
2025-11-16 03:57:11,425 INFO Final training 69/150, loss: 0.5429, time 177.29s, lr: 0.000298
Accuracy: 0.793
class                  precision    recall   specificity      f1   support
--------------------------------------------------------------------------
0                          0.851     0.818         0.865   0.834       280
1                          0.333     0.567         0.938   0.420        30
2                          0.824     0.793         0.855   0.808       266
*----------------------------------------*
2025-11-16 03:57:11,426 INFO 0 Sun Nov 16 03:57:11 2025 Epoch: 70
2025-11-16 04:00:09,590 INFO Final training 70/150, loss: 0.5194, time 178.16s, lr: 0.000293
Accuracy: 0.811
class                  precision    recall   specificity      f1   support
--------------------------------------------------------------------------
0                          0.863     0.833         0.875   0.848       281
1                          0.348     0.533         0.945   0.421        30
2                          0.838     0.819         0.865   0.828       265
*----------------------------------------*
2025-11-16 04:00:35,915 INFO Final validation 70/150, Val_acc: 0.6304, time 26.32sAccuracy: 0.715
class                  precision    recall   specificity      f1   support
--------------------------------------------------------------------------
0                          0.800     0.629         0.851   0.704        70
1                          0.263     0.625         0.897   0.370         8
2                          0.771     0.818         0.795   0.794        66
*========================================*
2025-11-16 04:00:38,878 INFO 0 Sun Nov 16 04:00:38 2025 Epoch: 71
2025-11-16 04:03:35,549 INFO Final training 71/150, loss: 0.4719, time 176.67s, lr: 0.000288
Accuracy: 0.806
class                  precision    recall   specificity      f1   support
--------------------------------------------------------------------------
0                          0.876     0.829         0.888   0.852       281
1                          0.347     0.567         0.941   0.430        30
2                          0.820     0.808         0.849   0.814       265
*----------------------------------------*
2025-11-16 04:03:35,972 INFO 0 Sun Nov 16 04:03:35 2025 Epoch: 72
2025-11-16 04:06:34,205 INFO Final training 72/150, loss: 0.5022, time 178.23s, lr: 0.000282
Accuracy: 0.802
class                  precision    recall   specificity      f1   support
--------------------------------------------------------------------------
0                          0.860     0.833         0.871   0.846       281
1                          0.345     0.667         0.930   0.455        30
2                          0.846     0.785         0.878   0.814       265
*----------------------------------------*
2025-11-16 04:07:00,524 INFO Final validation 72/150, Val_acc: 0.6427, time 26.32sAccuracy: 0.694
class                  precision    recall   specificity      f1   support
--------------------------------------------------------------------------
0                          0.851     0.571         0.905   0.684        70
1                          0.000     0.000         1.000   0.000         8
2                          0.619     0.909         0.526   0.736        66
*========================================*
2025-11-16 04:07:03,556 INFO 0 Sun Nov 16 04:07:03 2025 Epoch: 73
2025-11-16 04:09:59,217 INFO Final training 73/150, loss: 0.4826, time 175.66s, lr: 0.000277
Accuracy: 0.826
class                  precision    recall   specificity      f1   support
--------------------------------------------------------------------------
0                          0.864     0.858         0.871   0.861       281
1                          0.434     0.767         0.945   0.554        30
2                          0.869     0.800         0.897   0.833       265
*----------------------------------------*
2025-11-16 04:09:59,218 INFO 0 Sun Nov 16 04:09:59 2025 Epoch: 74
2025-11-16 04:12:52,310 INFO Final training 74/150, loss: 0.5107, time 173.09s, lr: 0.000271
Accuracy: 0.825
class                  precision    recall   specificity      f1   support
--------------------------------------------------------------------------
0                          0.863     0.836         0.875   0.849       280
1                          0.463     0.633         0.960   0.535        30
2                          0.841     0.835         0.865   0.838       266
*----------------------------------------*
2025-11-16 04:13:18,768 INFO Final validation 74/150, Val_acc: 0.5347, time 26.46sAccuracy: 0.618
class                  precision    recall   specificity      f1   support
--------------------------------------------------------------------------
0                          0.688     0.629         0.730   0.657        70
1                          0.192     0.625         0.846   0.294         8
2                          0.741     0.606         0.821   0.667        66
*========================================*
2025-11-16 04:13:21,775 INFO 0 Sun Nov 16 04:13:21 2025 Epoch: 75
2025-11-16 04:16:16,764 INFO Final training 75/150, loss: 0.4653, time 174.99s, lr: 0.000266
Accuracy: 0.826
class                  precision    recall   specificity      f1   support
--------------------------------------------------------------------------
0                          0.875     0.850         0.885   0.862       280
1                          0.413     0.633         0.951   0.500        30
2                          0.849     0.823         0.874   0.836       266
*----------------------------------------*
2025-11-16 04:16:16,764 INFO 0 Sun Nov 16 04:16:16 2025 Epoch: 76
2025-11-16 04:19:14,238 INFO Final training 76/150, loss: 0.4561, time 177.47s, lr: 0.000261
Accuracy: 0.840
class                  precision    recall   specificity      f1   support
--------------------------------------------------------------------------
0                          0.894     0.846         0.905   0.870       280
1                          0.438     0.700         0.951   0.538        30
2                          0.859     0.850         0.881   0.854       266
*----------------------------------------*
2025-11-16 04:19:40,525 INFO Final validation 76/150, Val_acc: 0.7496, time 26.29sAccuracy: 0.792
class                  precision    recall   specificity      f1   support
--------------------------------------------------------------------------
0                          0.841     0.829         0.851   0.835        70
1                          0.455     0.625         0.956   0.526         8
2                          0.797     0.773         0.833   0.785        66
*========================================*
2025-11-16 04:19:40,525 INFO New best (0.688657 --> 0.749614)
2025-11-16 04:19:44,911 INFO Copying best model to best_model.pt
2025-11-16 04:19:47,369 INFO 0 Sun Nov 16 04:19:47 2025 Epoch: 77
2025-11-16 04:22:47,807 INFO Final training 77/150, loss: 0.4786, time 180.44s, lr: 0.000255
Accuracy: 0.823
class                  precision    recall   specificity      f1   support
--------------------------------------------------------------------------
0                          0.899     0.854         0.908   0.876       281
1                          0.339     0.700         0.925   0.457        30
2                          0.862     0.804         0.891   0.832       265
*----------------------------------------*
2025-11-16 04:22:47,807 INFO 0 Sun Nov 16 04:22:47 2025 Epoch: 78
2025-11-16 04:25:49,110 INFO Final training 78/150, loss: 0.4752, time 181.30s, lr: 0.000250
Accuracy: 0.818
class                  precision    recall   specificity      f1   support
--------------------------------------------------------------------------
0                          0.879     0.829         0.892   0.853       281
1                          0.395     0.567         0.952   0.466        30
2                          0.825     0.834         0.849   0.829       265
*----------------------------------------*
2025-11-16 04:26:15,369 INFO Final validation 78/150, Val_acc: 0.5957, time 26.26sAccuracy: 0.632
class                  precision    recall   specificity      f1   support
--------------------------------------------------------------------------
0                          0.652     0.614         0.689   0.632        70
1                          0.500     0.500         0.971   0.500         8
2                          0.629     0.667         0.667   0.647        66
*========================================*
2025-11-16 04:26:18,371 INFO 0 Sun Nov 16 04:26:18 2025 Epoch: 79
2025-11-16 04:29:13,918 INFO Final training 79/150, loss: 0.4529, time 175.55s, lr: 0.000245
Accuracy: 0.832
class                  precision    recall   specificity      f1   support
--------------------------------------------------------------------------
0                          0.869     0.850         0.878   0.859       280
1                          0.442     0.633         0.956   0.521        30
2                          0.857     0.835         0.881   0.846       266
*----------------------------------------*
2025-11-16 04:29:13,919 INFO 0 Sun Nov 16 04:29:13 2025 Epoch: 80
2025-11-16 04:32:12,774 INFO Final training 80/150, loss: 0.4905, time 178.86s, lr: 0.000239
Accuracy: 0.849
class                  precision    recall   specificity      f1   support
--------------------------------------------------------------------------
0                          0.890     0.868         0.899   0.879       280
1                          0.455     0.667         0.956   0.541        30
2                          0.873     0.850         0.894   0.861       266
*----------------------------------------*
2025-11-16 04:32:39,112 INFO Final validation 80/150, Val_acc: 0.6327, time 26.34sAccuracy: 0.715
class                  precision    recall   specificity      f1   support
--------------------------------------------------------------------------
0                          0.800     0.629         0.851   0.704        70
1                          0.250     0.625         0.890   0.357         8
2                          0.783     0.818         0.808   0.800        66
*========================================*
2025-11-16 04:32:42,108 INFO 0 Sun Nov 16 04:32:42 2025 Epoch: 81
2025-11-16 04:35:42,412 INFO Final training 81/150, loss: 0.4598, time 180.30s, lr: 0.000234
Accuracy: 0.839
class                  precision    recall   specificity      f1   support
--------------------------------------------------------------------------
0                          0.889     0.858         0.898   0.873       281
1                          0.423     0.733         0.945   0.537        30
2                          0.870     0.830         0.894   0.849       265
*----------------------------------------*
2025-11-16 04:35:43,041 INFO 0 Sun Nov 16 04:35:43 2025 Epoch: 82
2025-11-16 04:38:42,201 INFO Final training 82/150, loss: 0.4440, time 179.16s, lr: 0.000229
Accuracy: 0.832
class                  precision    recall   specificity      f1   support
--------------------------------------------------------------------------
0                          0.871     0.840         0.881   0.855       281
1                          0.469     0.767         0.952   0.582        30
2                          0.859     0.830         0.884   0.845       265
*----------------------------------------*
2025-11-16 04:39:08,393 INFO Final validation 82/150, Val_acc: 0.6061, time 26.19sAccuracy: 0.722
class                  precision    recall   specificity      f1   support
--------------------------------------------------------------------------
0                          0.868     0.657         0.905   0.748        70
1                          0.192     0.625         0.846   0.294         8
2                          0.815     0.803         0.846   0.809        66
*========================================*
2025-11-16 04:39:11,464 INFO [EarlyStopping] Stopping Validation for loss at epoch 82
2025-11-16 04:39:11,866 INFO Training Finished! Best Accuracy: 0.7496
2025-11-16 04:39:11,866 INFO ====================================================================================================
2025-11-16 04:39:11,866 INFO 
2025-11-16 04:39:42,553 INFO Final testing , Test_acc: 0.6037, time 21.41sAccuracy: 0.756
class                  precision    recall   specificity      f1   support
--------------------------------------------------------------------------
0                          0.962     0.625         0.976   0.758        40
1                          0.182     0.400         0.883   0.250         5
2                          0.778     0.946         0.778   0.854        37
*========================================*
2025-11-16 04:39:42,955 INFO Testing Finished! Best Accuracy: 0.6037
2025-11-16 04:39:42,956 INFO ====================================================================================================
2025-11-16 04:39:47,203 INFO Total time spent: 04 hours 23 minutes 59 seconds
