2025-11-15 13:25:12,343 INFO Log directory: outputs/OrganoidsINRIA/resnet18/2025-11-15-13-25
2025-11-15 13:25:12,345 INFO {'RandFlipd_prob': 0.2,
 'RandRotate90d_prob': 0.2,
 'RandScaleIntensityd_prob': 0.1,
 'RandShiftIntensityd_prob': 0.1,
 'amp': True,
 'augmentation': True,
 'batch_size': 6,
 'cache_dataset': False,
 'checkpoint_path': None,
 'data_dir': '/home/mraffael/martone_project/Organoids_Dataset/',
 'dataset_name': 'OrganoidsINRIA',
 'debug': False,
 'debug_train_samples': 40,
 'debug_val_samples': 10,
 'dist_backend': 'nccl',
 'dist_url': 'tcp://127.0.0.1:23456',
 'distributed': False,
 'dropout_path_rate': 0.0,
 'dropout_rate': 0.0,
 'early_stopping': True,
 'encoder10_pth': '',
 'exact_class': False,
 'feature_size': 48,
 'fold': 0,
 'folds': False,
 'gpu': 0,
 'ignore_label': 3,
 'in_channels': 1,
 'infer_overlap': 0.5,
 'k_folds': 5,
 'logdir': 'test',
 'logs_dir': 'logs/',
 'loss_name': 'CE',
 'lrschedule': 'warmup_cosine',
 'max_epochs': 150,
 'min_delta_loss': 0.001,
 'min_delta_val': 0.01,
 'model_name': 'resnet18',
 'momentum': 0.99,
 'noamp': False,
 'norm_name': 'instance',
 'oar_id': 2120520,
 'optim_lr': 0.05,
 'optim_name': 'adamw',
 'out_channels': 1,
 'output_dir': 'outputs/',
 'patch_merging': False,
 'patience_loss': 40,
 'patience_val': 40,
 'pretrained_dir': './pretrained_models/resnet18/',
 'pretrained_model_name': 'resnet_18.pth',
 'rank': 0,
 'reg_weight': 5e-05,
 'restart_T0': 20,
 'resume_ckpt': False,
 'roi_x': 128,
 'roi_y': 128,
 'roi_z': 128,
 'save_checkpoint': True,
 'seed': 3,
 'similarity_loss': '',
 'similarity_loss_weight': 0.0,
 'spatial_dims': 3,
 'split_method': 'stratified',
 'start_epoch': 0,
 'sw_batch_size': 8,
 'telegram_log': True,
 'test_mode': False,
 'token': './token/tlg_token.txt',
 'use_checkpoint': False,
 'val_every': 2,
 'warmup_epochs': 5,
 'workers': 8,
 'world_size': 1}
2025-11-15 13:25:12,345 INFO 
2025-11-15 13:25:12,349 INFO Saved configuration to: outputs/OrganoidsINRIA/resnet18/2025-11-15-13-25/config.txt
2025-11-15 13:25:12,897 INFO Using GPU: 0
2025-11-15 13:25:12,897 INFO 
2025-11-15 13:25:12,897 INFO Model INFO:
2025-11-15 13:25:12,897 INFO Model architecture: resnet18
2025-11-15 13:25:13,156 INFO Using pretrained weights
2025-11-15 13:25:13,156 INFO => loading pretrained model './pretrained_models/resnet18/resnet_18.pth'
2025-11-15 13:25:14,439 INFO Missing keys when loading pretrained: 27
2025-11-15 13:25:14,439 WARNING Warning: ResNet18_3D not found, using ResNet50_3D wrapper as fallback
2025-11-15 13:25:14,439 INFO Using ResNet with Single Linear Classification Head
2025-11-15 13:25:14,439 INFO Total trainable parameters: 33,320,451
2025-11-15 13:25:14,474 INFO 
2025-11-15 13:25:14,474 INFO Optimizer INFO:
2025-11-15 13:25:14,474 INFO Using optimizer: adamw with lr=0.05, weight_decay=5e-05
2025-11-15 13:25:14,474 INFO 
2025-11-15 13:25:14,474 INFO Dataset INFO:
2025-11-15 13:25:14,558 INFO Dataset length: 721
2025-11-15 13:25:14,558 INFO Class distribution in entire dataset:
2025-11-15 13:25:14,558 INFO   Class 0: 351
2025-11-15 13:25:14,559 INFO   Class 1: 38
2025-11-15 13:25:14,559 INFO   Class 2: 332
2025-11-15 13:25:14,559 INFO 
Using split method: stratified
2025-11-15 13:25:14,572 INFO 
Train set balance:
2025-11-15 13:25:14,572 INFO 
Val set balance:
2025-11-15 13:25:14,572 INFO Training set length: 577
2025-11-15 13:25:14,572 INFO Validation set length: 144
2025-11-15 13:25:14,572 INFO 
Using standard shuffle for training
2025-11-15 13:25:14,572 INFO Training loader: 96 batches
2025-11-15 13:25:14,573 INFO Validation loader: 24 batches
2025-11-15 13:25:14,573 INFO 
Class distribution in training set:
2025-11-15 13:25:14,573 INFO   Class 0: 281 (48.7%)
2025-11-15 13:25:14,573 INFO   Class 1: 30 (5.2%)
2025-11-15 13:25:14,573 INFO   Class 2: 266 (46.1%)
2025-11-15 13:25:14,573 INFO Class distribution in validation set:
2025-11-15 13:25:14,573 INFO   Class 0: 70 (48.6%)
2025-11-15 13:25:14,573 INFO   Class 1: 8 (5.6%)
2025-11-15 13:25:14,573 INFO   Class 2: 66 (45.8%)
2025-11-15 13:25:14,573 INFO **************************************************
2025-11-15 13:25:14,606 INFO Class weights: [ 6.845  64.111  7.231]
2025-11-15 13:25:14,606 INFO 
2025-11-15 13:25:14,606 INFO Test Dataset INFO:
2025-11-15 13:25:14,636 INFO Test Dataset length: 82
2025-11-15 13:25:14,636 INFO Class distribution in test dataset:
2025-11-15 13:25:14,636 INFO   Class 0: 40
2025-11-15 13:25:14,636 INFO   Class 1: 5
2025-11-15 13:25:14,636 INFO   Class 2: 37
2025-11-15 13:25:14,637 INFO Test loader: 14 batches
2025-11-15 13:25:14,637 INFO **************************************************
2025-11-15 13:25:14,637 INFO 
2025-11-15 13:25:14,637 INFO Using loss function: CE
2025-11-15 13:25:14,640 INFO **************************************************
2025-11-15 13:25:14,640 INFO Starting training...
2025-11-15 13:25:14,642 INFO 0 Sat Nov 15 13:25:14 2025 Epoch: 1
2025-11-15 13:33:00,420 INFO Final training 1/150, loss: 1.0620, time 465.78s, lr: 0.000000
Accuracy: 0.486
class                  precision    recall   specificity      f1   support
--------------------------------------------------------------------------
0                          0.486     1.000         0.000   0.654       280
1                          0.000     0.000         1.000   0.000        30
2                          0.000     0.000         1.000   0.000       266
*----------------------------------------*
2025-11-15 13:33:00,895 INFO 0 Sat Nov 15 13:33:00 2025 Epoch: 2
2025-11-15 13:39:46,665 INFO Final training 2/150, loss: 1.1840, time 405.77s, lr: 0.012500
Accuracy: 0.432
class                  precision    recall   specificity      f1   support
--------------------------------------------------------------------------
0                          0.511     0.486         0.561   0.498       280
1                          0.094     0.267         0.859   0.139        30
2                          0.467     0.395         0.613   0.428       266
*----------------------------------------*
2025-11-15 13:42:12,706 INFO Final validation 2/150, Val_acc: 0.4375, time 146.04sAccuracy: 0.458
class                  precision    recall   specificity      f1   support
--------------------------------------------------------------------------
0                          0.000     0.000         1.000   0.000        70
1                          0.000     0.000         1.000   0.000         8
2                          0.458     1.000         0.000   0.629        66
*========================================*
2025-11-15 13:42:12,707 INFO New best (0.000000 --> 0.437500)
2025-11-15 13:42:18,315 INFO Copying best model to best_model.pt
2025-11-15 13:42:21,975 INFO 0 Sat Nov 15 13:42:21 2025 Epoch: 3
2025-11-15 13:49:10,207 INFO Final training 3/150, loss: 1.0365, time 408.23s, lr: 0.025000
Accuracy: 0.458
class                  precision    recall   specificity      f1   support
--------------------------------------------------------------------------
0                          0.481     0.418         0.574   0.447       280
1                          0.172     0.167         0.956   0.169        30
2                          0.467     0.534         0.477   0.498       266
*----------------------------------------*
2025-11-15 13:49:10,207 INFO 0 Sat Nov 15 13:49:10 2025 Epoch: 4
2025-11-15 13:56:08,386 INFO Final training 4/150, loss: 0.9769, time 418.18s, lr: 0.037500
Accuracy: 0.448
class                  precision    recall   specificity      f1   support
--------------------------------------------------------------------------
0                          0.505     0.363         0.661   0.422       281
1                          0.182     0.400         0.901   0.250        30
2                          0.468     0.543         0.473   0.503       265
*----------------------------------------*
2025-11-15 13:56:54,765 INFO Final validation 4/150, Val_acc: 0.1153, time 46.38sAccuracy: 0.069
class                  precision    recall   specificity      f1   support
--------------------------------------------------------------------------
0                          0.000     0.000         1.000   0.000        70
1                          0.056     1.000         0.015   0.107         8
2                          1.000     0.030         1.000   0.059        66
*========================================*
2025-11-15 13:56:59,144 INFO 0 Sat Nov 15 13:56:59 2025 Epoch: 5
2025-11-15 14:03:35,806 INFO Final training 5/150, loss: 1.0012, time 396.66s, lr: 0.050000
Accuracy: 0.479
class                  precision    recall   specificity      f1   support
--------------------------------------------------------------------------
0                          0.548     0.489         0.618   0.517       280
1                          0.157     0.533         0.842   0.242        30
2                          0.549     0.462         0.674   0.502       266
*----------------------------------------*
2025-11-15 14:03:35,806 INFO 0 Sat Nov 15 14:03:35 2025 Epoch: 6
2025-11-15 14:09:48,504 INFO Final training 6/150, loss: 0.9273, time 372.70s, lr: 0.050000
Accuracy: 0.542
class                  precision    recall   specificity      f1   support
--------------------------------------------------------------------------
0                          0.573     0.546         0.615   0.559       280
1                          0.268     0.500         0.925   0.349        30
2                          0.569     0.541         0.648   0.555       266
*----------------------------------------*
2025-11-15 14:10:34,588 INFO Final validation 6/150, Val_acc: 0.2219, time 46.08sAccuracy: 0.271
class                  precision    recall   specificity      f1   support
--------------------------------------------------------------------------
0                          0.474     0.386         0.595   0.425        70
1                          0.122     0.625         0.735   0.204         8
2                          0.152     0.106         0.500   0.125        66
*========================================*
2025-11-15 14:10:38,937 INFO 0 Sat Nov 15 14:10:38 2025 Epoch: 7
2025-11-15 14:17:01,879 INFO Final training 7/150, loss: 0.8537, time 382.94s, lr: 0.049994
Accuracy: 0.601
class                  precision    recall   specificity      f1   support
--------------------------------------------------------------------------
0                          0.669     0.577         0.729   0.620       281
1                          0.284     0.767         0.894   0.414        30
2                          0.636     0.608         0.704   0.622       265
*----------------------------------------*
2025-11-15 14:17:01,879 INFO 0 Sat Nov 15 14:17:01 2025 Epoch: 8
2025-11-15 14:23:22,129 INFO Final training 8/150, loss: 0.7080, time 380.25s, lr: 0.049977
Accuracy: 0.667
class                  precision    recall   specificity      f1   support
--------------------------------------------------------------------------
0                          0.715     0.715         0.729   0.715       281
1                          0.368     0.833         0.921   0.510        30
2                          0.696     0.596         0.778   0.642       265
*----------------------------------------*
2025-11-15 14:24:08,455 INFO Final validation 8/150, Val_acc: 0.1153, time 46.33sAccuracy: 0.069
class                  precision    recall   specificity      f1   support
--------------------------------------------------------------------------
0                          0.000     0.000         1.000   0.000        70
1                          0.056     1.000         0.015   0.107         8
2                          1.000     0.030         1.000   0.059        66
*========================================*
2025-11-15 14:24:12,823 INFO 0 Sat Nov 15 14:24:12 2025 Epoch: 9
2025-11-15 14:31:27,921 INFO Final training 9/150, loss: 0.6425, time 435.10s, lr: 0.049947
Accuracy: 0.694
class                  precision    recall   specificity      f1   support
--------------------------------------------------------------------------
0                          0.728     0.751         0.732   0.739       281
1                          0.414     0.800         0.938   0.545        30
2                          0.724     0.623         0.797   0.669       265
*----------------------------------------*
2025-11-15 14:31:27,922 INFO 0 Sat Nov 15 14:31:27 2025 Epoch: 10
2025-11-15 14:38:03,237 INFO Final training 10/150, loss: 0.6332, time 395.32s, lr: 0.049906
Accuracy: 0.705
class                  precision    recall   specificity      f1   support
--------------------------------------------------------------------------
0                          0.754     0.740         0.769   0.747       281
1                          0.354     0.767         0.923   0.484        30
2                          0.745     0.660         0.807   0.700       265
*----------------------------------------*
2025-11-15 14:38:49,340 INFO Final validation 10/150, Val_acc: 0.4715, time 46.10sAccuracy: 0.500
class                  precision    recall   specificity      f1   support
--------------------------------------------------------------------------
0                          0.493     1.000         0.027   0.660        70
1                          0.000     0.000         1.000   0.000         8
2                          1.000     0.030         1.000   0.059        66
*========================================*
2025-11-15 14:38:49,340 INFO New best (0.437500 --> 0.471528)
2025-11-15 14:38:55,081 INFO Copying best model to best_model.pt
2025-11-15 14:38:58,814 INFO 0 Sat Nov 15 14:38:58 2025 Epoch: 11
2025-11-15 14:45:43,952 INFO Final training 11/150, loss: 0.5432, time 405.14s, lr: 0.049853
Accuracy: 0.769
class                  precision    recall   specificity      f1   support
--------------------------------------------------------------------------
0                          0.849     0.779         0.868   0.813       281
1                          0.391     0.900         0.923   0.545        30
2                          0.791     0.743         0.833   0.767       265
*----------------------------------------*
2025-11-15 14:45:44,414 INFO 0 Sat Nov 15 14:45:44 2025 Epoch: 12
2025-11-15 14:52:18,890 INFO Final training 12/150, loss: 0.4733, time 394.48s, lr: 0.049789
Accuracy: 0.776
class                  precision    recall   specificity      f1   support
--------------------------------------------------------------------------
0                          0.835     0.790         0.851   0.812       281
1                          0.450     0.900         0.940   0.600        30
2                          0.792     0.747         0.833   0.769       265
*----------------------------------------*
2025-11-15 14:53:05,596 INFO Final validation 12/150, Val_acc: 0.4176, time 46.71sAccuracy: 0.493
class                  precision    recall   specificity      f1   support
--------------------------------------------------------------------------
0                          0.629     0.871         0.514   0.731        70
1                          0.163     0.875         0.735   0.275         8
2                          0.750     0.045         0.987   0.086        66
*========================================*
2025-11-15 14:53:10,220 INFO 0 Sat Nov 15 14:53:10 2025 Epoch: 13
2025-11-15 15:00:13,342 INFO Final training 13/150, loss: 0.4260, time 423.12s, lr: 0.049713
Accuracy: 0.823
class                  precision    recall   specificity      f1   support
--------------------------------------------------------------------------
0                          0.890     0.836         0.902   0.862       280
1                          0.418     0.933         0.929   0.577        30
2                          0.862     0.797         0.890   0.828       266
*----------------------------------------*
2025-11-15 15:00:13,343 INFO 0 Sat Nov 15 15:00:13 2025 Epoch: 14
2025-11-15 15:06:45,136 INFO Final training 14/150, loss: 0.3463, time 391.79s, lr: 0.049625
Accuracy: 0.866
class                  precision    recall   specificity      f1   support
--------------------------------------------------------------------------
0                          0.900     0.871         0.909   0.886       280
1                          0.596     0.933         0.965   0.727        30
2                          0.880     0.853         0.900   0.866       266
*----------------------------------------*
2025-11-15 15:07:28,787 INFO Final validation 14/150, Val_acc: 0.4715, time 43.65sAccuracy: 0.500
class                  precision    recall   specificity      f1   support
--------------------------------------------------------------------------
0                          0.493     1.000         0.027   0.660        70
1                          0.000     0.000         1.000   0.000         8
2                          1.000     0.030         1.000   0.059        66
*========================================*
2025-11-15 15:07:33,140 INFO 0 Sat Nov 15 15:07:33 2025 Epoch: 15
2025-11-15 15:13:54,415 INFO Final training 15/150, loss: 0.3521, time 381.27s, lr: 0.049526
Accuracy: 0.868
class                  precision    recall   specificity      f1   support
--------------------------------------------------------------------------
0                          0.928     0.868         0.936   0.897       281
1                          0.509     0.900         0.952   0.651        30
2                          0.881     0.864         0.900   0.872       265
*----------------------------------------*
2025-11-15 15:13:54,415 INFO 0 Sat Nov 15 15:13:54 2025 Epoch: 16
2025-11-15 15:21:00,785 INFO Final training 16/150, loss: 0.3094, time 426.37s, lr: 0.049416
Accuracy: 0.878
class                  precision    recall   specificity      f1   support
--------------------------------------------------------------------------
0                          0.932     0.882         0.939   0.906       280
1                          0.510     0.867         0.954   0.642        30
2                          0.896     0.876         0.913   0.886       266
*----------------------------------------*
2025-11-15 15:21:47,248 INFO Final validation 16/150, Val_acc: 0.4715, time 46.46sAccuracy: 0.500
class                  precision    recall   specificity      f1   support
--------------------------------------------------------------------------
0                          0.493     1.000         0.027   0.660        70
1                          0.000     0.000         1.000   0.000         8
2                          1.000     0.030         1.000   0.059        66
*========================================*
2025-11-15 15:21:51,650 INFO 0 Sat Nov 15 15:21:51 2025 Epoch: 17
2025-11-15 15:28:34,916 INFO Final training 17/150, loss: 0.4157, time 403.27s, lr: 0.049293
Accuracy: 0.823
class                  precision    recall   specificity      f1   support
--------------------------------------------------------------------------
0                          0.869     0.854         0.878   0.861       280
1                          0.424     0.933         0.930   0.583        30
2                          0.881     0.778         0.910   0.826       266
*----------------------------------------*
2025-11-15 15:28:34,917 INFO 0 Sat Nov 15 15:28:34 2025 Epoch: 18
2025-11-15 15:35:11,426 INFO Final training 18/150, loss: 0.3827, time 396.51s, lr: 0.049160
Accuracy: 0.865
class                  precision    recall   specificity      f1   support
--------------------------------------------------------------------------
0                          0.939     0.872         0.946   0.904       281
1                          0.419     0.867         0.934   0.565        30
2                          0.897     0.857         0.916   0.876       265
*----------------------------------------*
2025-11-15 15:35:55,165 INFO Final validation 18/150, Val_acc: 0.4715, time 43.74sAccuracy: 0.500
class                  precision    recall   specificity      f1   support
--------------------------------------------------------------------------
0                          0.493     1.000         0.027   0.660        70
1                          0.000     0.000         1.000   0.000         8
2                          1.000     0.030         1.000   0.059        66
*========================================*
2025-11-15 15:35:59,505 INFO 0 Sat Nov 15 15:35:59 2025 Epoch: 19
2025-11-15 15:42:50,380 INFO Final training 19/150, loss: 0.3788, time 410.87s, lr: 0.049015
Accuracy: 0.868
class                  precision    recall   specificity      f1   support
--------------------------------------------------------------------------
0                          0.922     0.882         0.929   0.901       280
1                          0.459     0.933         0.940   0.615        30
2                          0.911     0.846         0.929   0.877       266
*----------------------------------------*
2025-11-15 15:42:50,380 INFO 0 Sat Nov 15 15:42:50 2025 Epoch: 20
2025-11-15 15:49:26,917 INFO Final training 20/150, loss: 0.2999, time 396.54s, lr: 0.048859
Accuracy: 0.884
class                  precision    recall   specificity      f1   support
--------------------------------------------------------------------------
0                          0.926     0.897         0.932   0.911       281
1                          0.538     0.933         0.956   0.683        30
2                          0.909     0.864         0.926   0.886       265
*----------------------------------------*
2025-11-15 15:50:10,611 INFO Final validation 20/150, Val_acc: 0.4715, time 43.69sAccuracy: 0.500
class                  precision    recall   specificity      f1   support
--------------------------------------------------------------------------
0                          0.493     1.000         0.027   0.660        70
1                          0.000     0.000         1.000   0.000         8
2                          1.000     0.030         1.000   0.059        66
*========================================*
2025-11-15 15:50:15,007 INFO 0 Sat Nov 15 15:50:15 2025 Epoch: 21
2025-11-15 15:57:02,706 INFO Final training 21/150, loss: 0.2755, time 407.70s, lr: 0.048691
Accuracy: 0.899
class                  precision    recall   specificity      f1   support
--------------------------------------------------------------------------
0                          0.947     0.889         0.953   0.917       280
1                          0.566     1.000         0.958   0.723        30
2                          0.919     0.898         0.932   0.909       266
*----------------------------------------*
2025-11-15 15:57:03,137 INFO 0 Sat Nov 15 15:57:03 2025 Epoch: 22
2025-11-15 16:03:23,132 INFO Final training 22/150, loss: 0.2750, time 379.99s, lr: 0.048513
Accuracy: 0.894
class                  precision    recall   specificity      f1   support
--------------------------------------------------------------------------
0                          0.940     0.893         0.946   0.916       281
1                          0.560     0.933         0.960   0.700        30
2                          0.911     0.891         0.926   0.901       265
*----------------------------------------*
2025-11-15 16:04:06,098 INFO Final validation 22/150, Val_acc: 0.4561, time 42.97sAccuracy: 0.507
class                  precision    recall   specificity      f1   support
--------------------------------------------------------------------------
0                          0.597     0.657         0.581   0.626        70
1                          0.231     0.750         0.853   0.353         8
2                          0.512     0.318         0.744   0.393        66
*========================================*
2025-11-15 16:04:10,541 INFO 0 Sat Nov 15 16:04:10 2025 Epoch: 23
2025-11-15 16:10:40,600 INFO Final training 23/150, loss: 0.3064, time 390.06s, lr: 0.048323
Accuracy: 0.884
class                  precision    recall   specificity      f1   support
--------------------------------------------------------------------------
0                          0.919     0.896         0.926   0.908       280
1                          0.528     0.933         0.954   0.675        30
2                          0.920     0.865         0.935   0.891       266
*----------------------------------------*
2025-11-15 16:10:40,601 INFO 0 Sat Nov 15 16:10:40 2025 Epoch: 24
2025-11-15 16:17:27,878 INFO Final training 24/150, loss: 0.2766, time 407.28s, lr: 0.048123
Accuracy: 0.905
class                  precision    recall   specificity      f1   support
--------------------------------------------------------------------------
0                          0.966     0.904         0.969   0.934       281
1                          0.509     0.933         0.951   0.659        30
2                          0.926     0.902         0.939   0.914       265
*----------------------------------------*
2025-11-15 16:18:11,629 INFO Final validation 24/150, Val_acc: 0.4375, time 43.75sAccuracy: 0.458
class                  precision    recall   specificity      f1   support
--------------------------------------------------------------------------
0                          0.000     0.000         1.000   0.000        70
1                          0.000     0.000         1.000   0.000         8
2                          0.458     1.000         0.000   0.629        66
*========================================*
2025-11-15 16:18:16,016 INFO 0 Sat Nov 15 16:18:16 2025 Epoch: 25
2025-11-15 16:24:36,657 INFO Final training 25/150, loss: 0.3313, time 380.64s, lr: 0.047911
Accuracy: 0.870
class                  precision    recall   specificity      f1   support
--------------------------------------------------------------------------
0                          0.914     0.875         0.922   0.894       280
1                          0.528     0.933         0.954   0.675        30
2                          0.894     0.857         0.913   0.875       266
*----------------------------------------*
2025-11-15 16:24:36,657 INFO 0 Sat Nov 15 16:24:36 2025 Epoch: 26
2025-11-15 16:31:09,911 INFO Final training 26/150, loss: 0.2662, time 393.25s, lr: 0.047689
Accuracy: 0.894
class                  precision    recall   specificity      f1   support
--------------------------------------------------------------------------
0                          0.936     0.893         0.943   0.914       280
1                          0.569     0.967         0.960   0.716        30
2                          0.915     0.887         0.929   0.901       266
*----------------------------------------*
2025-11-15 16:31:53,706 INFO Final validation 26/150, Val_acc: 0.1153, time 43.79sAccuracy: 0.069
class                  precision    recall   specificity      f1   support
--------------------------------------------------------------------------
0                          0.000     0.000         1.000   0.000        70
1                          0.056     1.000         0.015   0.107         8
2                          1.000     0.030         1.000   0.059        66
*========================================*
2025-11-15 16:31:57,997 INFO 0 Sat Nov 15 16:31:57 2025 Epoch: 27
2025-11-15 16:38:46,596 INFO Final training 27/150, loss: 0.2795, time 408.60s, lr: 0.047457
Accuracy: 0.892
class                  precision    recall   specificity      f1   support
--------------------------------------------------------------------------
0                          0.933     0.886         0.939   0.909       281
1                          0.604     1.000         0.965   0.753        29
2                          0.904     0.887         0.919   0.896       266
*----------------------------------------*
2025-11-15 16:38:46,596 INFO 0 Sat Nov 15 16:38:46 2025 Epoch: 28
2025-11-15 16:45:32,103 INFO Final training 28/150, loss: 0.2750, time 405.51s, lr: 0.047213
Accuracy: 0.892
class                  precision    recall   specificity      f1   support
--------------------------------------------------------------------------
0                          0.951     0.900         0.956   0.925       281
1                          0.500     0.933         0.949   0.651        30
2                          0.917     0.879         0.932   0.898       265
*----------------------------------------*
2025-11-15 16:46:18,930 INFO Final validation 28/150, Val_acc: 0.1153, time 46.83sAccuracy: 0.069
class                  precision    recall   specificity      f1   support
--------------------------------------------------------------------------
0                          0.000     0.000         1.000   0.000        70
1                          0.056     1.000         0.015   0.107         8
2                          1.000     0.030         1.000   0.059        66
*========================================*
2025-11-15 16:46:23,332 INFO 0 Sat Nov 15 16:46:23 2025 Epoch: 29
2025-11-15 16:53:12,091 INFO Final training 29/150, loss: 0.2720, time 408.76s, lr: 0.046960
Accuracy: 0.905
class                  precision    recall   specificity      f1   support
--------------------------------------------------------------------------
0                          0.951     0.900         0.956   0.925       281
1                          0.580     0.967         0.962   0.725        30
2                          0.919     0.902         0.932   0.910       265
*----------------------------------------*
2025-11-15 16:53:12,091 INFO 0 Sat Nov 15 16:53:12 2025 Epoch: 30
2025-11-15 17:00:42,878 INFO Final training 30/150, loss: 0.2885, time 450.79s, lr: 0.046696
Accuracy: 0.885
class                  precision    recall   specificity      f1   support
--------------------------------------------------------------------------
0                          0.933     0.890         0.939   0.911       281
1                          0.549     0.933         0.958   0.691        30
2                          0.903     0.875         0.920   0.889       265
*----------------------------------------*
2025-11-15 17:01:28,006 INFO Final validation 30/150, Val_acc: 0.1153, time 45.13sAccuracy: 0.069
class                  precision    recall   specificity      f1   support
--------------------------------------------------------------------------
0                          0.000     0.000         1.000   0.000        70
1                          0.056     1.000         0.015   0.107         8
2                          1.000     0.030         1.000   0.059        66
*========================================*
2025-11-15 17:01:32,379 INFO 0 Sat Nov 15 17:01:32 2025 Epoch: 31
2025-11-15 17:08:11,828 INFO Final training 31/150, loss: 0.2867, time 399.45s, lr: 0.046421
Accuracy: 0.891
class                  precision    recall   specificity      f1   support
--------------------------------------------------------------------------
0                          0.914     0.911         0.919   0.912       280
1                          0.596     0.933         0.965   0.727        30
2                          0.920     0.865         0.935   0.891       266
*----------------------------------------*
2025-11-15 17:08:12,279 INFO 0 Sat Nov 15 17:08:12 2025 Epoch: 32
2025-11-15 17:14:35,970 INFO Final training 32/150, loss: 0.2655, time 383.69s, lr: 0.046137
Accuracy: 0.901
class                  precision    recall   specificity      f1   support
--------------------------------------------------------------------------
0                          0.941     0.904         0.946   0.922       281
1                          0.549     0.933         0.958   0.691        30
2                          0.929     0.894         0.942   0.912       265
*----------------------------------------*
2025-11-15 17:15:19,963 INFO Final validation 32/150, Val_acc: 0.4375, time 43.99sAccuracy: 0.458
class                  precision    recall   specificity      f1   support
--------------------------------------------------------------------------
0                          0.000     0.000         1.000   0.000        70
1                          0.000     0.000         1.000   0.000         8
2                          0.458     1.000         0.000   0.629        66
*========================================*
2025-11-15 17:15:24,375 INFO 0 Sat Nov 15 17:15:24 2025 Epoch: 33
2025-11-15 17:21:56,403 INFO Final training 33/150, loss: 0.2542, time 392.03s, lr: 0.045843
Accuracy: 0.918
class                  precision    recall   specificity      f1   support
--------------------------------------------------------------------------
0                          0.955     0.911         0.959   0.932       280
1                          0.617     0.967         0.967   0.753        30
2                          0.935     0.921         0.945   0.928       266
*----------------------------------------*
2025-11-15 17:21:56,403 INFO 0 Sat Nov 15 17:21:56 2025 Epoch: 34
2025-11-15 17:28:40,940 INFO Final training 34/150, loss: 0.2416, time 404.54s, lr: 0.045539
Accuracy: 0.906
class                  precision    recall   specificity      f1   support
--------------------------------------------------------------------------
0                          0.955     0.900         0.959   0.927       281
1                          0.569     0.967         0.960   0.716        30
2                          0.923     0.906         0.936   0.914       265
*----------------------------------------*
2025-11-15 17:29:24,596 INFO Final validation 34/150, Val_acc: 0.4375, time 43.66sAccuracy: 0.458
class                  precision    recall   specificity      f1   support
--------------------------------------------------------------------------
0                          0.000     0.000         1.000   0.000        70
1                          0.000     0.000         1.000   0.000         8
2                          0.458     1.000         0.000   0.629        66
*========================================*
2025-11-15 17:29:29,003 INFO 0 Sat Nov 15 17:29:29 2025 Epoch: 35
2025-11-15 17:36:19,211 INFO Final training 35/150, loss: 0.2418, time 410.21s, lr: 0.045225
Accuracy: 0.910
class                  precision    recall   specificity      f1   support
--------------------------------------------------------------------------
0                          0.958     0.904         0.963   0.930       280
1                          0.558     0.967         0.958   0.707        30
2                          0.931     0.910         0.942   0.920       266
*----------------------------------------*
2025-11-15 17:36:19,212 INFO 0 Sat Nov 15 17:36:19 2025 Epoch: 36
2025-11-15 17:43:06,225 INFO Final training 36/150, loss: 0.2308, time 407.01s, lr: 0.044902
Accuracy: 0.903
class                  precision    recall   specificity      f1   support
--------------------------------------------------------------------------
0                          0.930     0.904         0.936   0.917       281
1                          0.630     0.967         0.969   0.763        30
2                          0.922     0.894         0.936   0.908       265
*----------------------------------------*
2025-11-15 17:43:50,120 INFO Final validation 36/150, Val_acc: 0.3576, time 43.89sAccuracy: 0.444
class                  precision    recall   specificity      f1   support
--------------------------------------------------------------------------
0                          0.812     0.557         0.878   0.661        70
1                          0.111     0.875         0.588   0.197         8
2                          0.545     0.273         0.808   0.364        66
*========================================*
2025-11-15 17:43:54,534 INFO 0 Sat Nov 15 17:43:54 2025 Epoch: 37
2025-11-15 17:50:37,291 INFO Final training 37/150, loss: 0.2306, time 402.76s, lr: 0.044570
Accuracy: 0.910
class                  precision    recall   specificity      f1   support
--------------------------------------------------------------------------
0                          0.955     0.900         0.959   0.927       281
1                          0.625     1.000         0.967   0.769        30
2                          0.916     0.909         0.929   0.913       265
*----------------------------------------*
2025-11-15 17:50:37,291 INFO 0 Sat Nov 15 17:50:37 2025 Epoch: 38
2025-11-15 17:57:20,379 INFO Final training 38/150, loss: 0.2364, time 403.09s, lr: 0.044228
Accuracy: 0.915
class                  precision    recall   specificity      f1   support
--------------------------------------------------------------------------
0                          0.965     0.896         0.970   0.930       280
1                          0.592     0.967         0.963   0.734        30
2                          0.925     0.929         0.935   0.927       266
*----------------------------------------*
2025-11-15 17:58:03,980 INFO Final validation 38/150, Val_acc: 0.2384, time 43.60sAccuracy: 0.292
class                  precision    recall   specificity      f1   support
--------------------------------------------------------------------------
0                          0.606     0.286         0.824   0.388        70
1                          0.100     0.625         0.669   0.172         8
2                          0.279     0.258         0.436   0.268        66
*========================================*
2025-11-15 17:58:08,414 INFO 0 Sat Nov 15 17:58:08 2025 Epoch: 39
2025-11-15 18:04:41,136 INFO Final training 39/150, loss: 0.2458, time 392.72s, lr: 0.043878
Accuracy: 0.908
class                  precision    recall   specificity      f1   support
--------------------------------------------------------------------------
0                          0.938     0.911         0.942   0.924       281
1                          0.644     0.967         0.971   0.773        30
2                          0.922     0.898         0.936   0.910       265
*----------------------------------------*
2025-11-15 18:04:41,137 INFO 0 Sat Nov 15 18:04:41 2025 Epoch: 40
2025-11-15 18:11:08,187 INFO Final training 40/150, loss: 0.2049, time 387.05s, lr: 0.043518
Accuracy: 0.924
class                  precision    recall   specificity      f1   support
--------------------------------------------------------------------------
0                          0.962     0.914         0.966   0.938       280
1                          0.630     0.967         0.969   0.763        30
2                          0.936     0.929         0.945   0.932       266
*----------------------------------------*
2025-11-15 18:11:52,523 INFO Final validation 40/150, Val_acc: 0.1153, time 44.34sAccuracy: 0.069
class                  precision    recall   specificity      f1   support
--------------------------------------------------------------------------
0                          0.000     0.000         1.000   0.000        70
1                          0.056     1.000         0.015   0.107         8
2                          1.000     0.030         1.000   0.059        66
*========================================*
2025-11-15 18:11:56,988 INFO 0 Sat Nov 15 18:11:56 2025 Epoch: 41
2025-11-15 18:18:49,213 INFO Final training 41/150, loss: 0.2175, time 412.22s, lr: 0.043150
Accuracy: 0.922
class                  precision    recall   specificity      f1   support
--------------------------------------------------------------------------
0                          0.946     0.932         0.949   0.939       281
1                          0.617     0.967         0.967   0.753        30
2                          0.952     0.906         0.961   0.928       265
*----------------------------------------*
2025-11-15 18:18:49,653 INFO 0 Sat Nov 15 18:18:49 2025 Epoch: 42
2025-11-15 18:25:20,724 INFO Final training 42/150, loss: 0.2243, time 391.07s, lr: 0.042773
Accuracy: 0.918
class                  precision    recall   specificity      f1   support
--------------------------------------------------------------------------
0                          0.962     0.907         0.966   0.934       280
1                          0.596     0.933         0.965   0.727        30
2                          0.932     0.929         0.942   0.930       266
*----------------------------------------*
2025-11-15 18:26:03,633 INFO Final validation 42/150, Val_acc: 0.4715, time 42.91sAccuracy: 0.500
class                  precision    recall   specificity      f1   support
--------------------------------------------------------------------------
0                          0.493     1.000         0.027   0.660        70
1                          0.000     0.000         1.000   0.000         8
2                          1.000     0.030         1.000   0.059        66
*========================================*
2025-11-15 18:26:08,088 INFO 0 Sat Nov 15 18:26:08 2025 Epoch: 43
2025-11-15 18:32:40,179 INFO Final training 43/150, loss: 0.2378, time 392.09s, lr: 0.042388
Accuracy: 0.908
class                  precision    recall   specificity      f1   support
--------------------------------------------------------------------------
0                          0.955     0.904         0.959   0.929       281
1                          0.604     0.967         0.965   0.744        30
2                          0.916     0.906         0.929   0.911       265
*----------------------------------------*
2025-11-15 18:32:40,179 INFO 0 Sat Nov 15 18:32:40 2025 Epoch: 44
2025-11-15 18:39:17,118 INFO Final training 44/150, loss: 0.2046, time 396.94s, lr: 0.041995
Accuracy: 0.924
class                  precision    recall   specificity      f1   support
--------------------------------------------------------------------------
0                          0.955     0.918         0.959   0.936       280
1                          0.690     0.967         0.976   0.806        30
2                          0.928     0.925         0.939   0.927       266
*----------------------------------------*
2025-11-15 18:40:00,918 INFO Final validation 44/150, Val_acc: 0.1153, time 43.80sAccuracy: 0.069
class                  precision    recall   specificity      f1   support
--------------------------------------------------------------------------
0                          0.000     0.000         1.000   0.000        70
1                          0.056     1.000         0.015   0.107         8
2                          1.000     0.030         1.000   0.059        66
*========================================*
2025-11-15 18:40:05,272 INFO 0 Sat Nov 15 18:40:05 2025 Epoch: 45
2025-11-15 18:46:33,886 INFO Final training 45/150, loss: 0.2650, time 388.61s, lr: 0.041594
Accuracy: 0.918
class                  precision    recall   specificity      f1   support
--------------------------------------------------------------------------
0                          0.963     0.918         0.966   0.940       280
1                          0.600     0.900         0.967   0.720        30
2                          0.928     0.921         0.939   0.925       266
*----------------------------------------*
2025-11-15 18:46:33,886 INFO 0 Sat Nov 15 18:46:33 2025 Epoch: 46
2025-11-15 18:52:45,583 INFO Final training 46/150, loss: 0.2405, time 371.70s, lr: 0.041185
Accuracy: 0.918
class                  precision    recall   specificity      f1   support
--------------------------------------------------------------------------
0                          0.955     0.918         0.959   0.936       280
1                          0.625     1.000         0.967   0.769        30
2                          0.934     0.910         0.945   0.922       266
*----------------------------------------*
2025-11-15 18:53:29,282 INFO Final validation 46/150, Val_acc: 0.1153, time 43.70sAccuracy: 0.069
class                  precision    recall   specificity      f1   support
--------------------------------------------------------------------------
0                          0.000     0.000         1.000   0.000        70
1                          0.056     1.000         0.015   0.107         8
2                          1.000     0.030         1.000   0.059        66
*========================================*
2025-11-15 18:53:33,668 INFO 0 Sat Nov 15 18:53:33 2025 Epoch: 47
2025-11-15 19:00:01,911 INFO Final training 47/150, loss: 0.2216, time 388.24s, lr: 0.040768
Accuracy: 0.911
class                  precision    recall   specificity      f1   support
--------------------------------------------------------------------------
0                          0.958     0.904         0.963   0.930       281
1                          0.588     1.000         0.962   0.741        30
2                          0.927     0.909         0.939   0.918       265
*----------------------------------------*
2025-11-15 19:00:01,911 INFO 0 Sat Nov 15 19:00:01 2025 Epoch: 48
2025-11-15 19:06:39,173 INFO Final training 48/150, loss: 0.1814, time 397.26s, lr: 0.040344
Accuracy: 0.917
class                  precision    recall   specificity      f1   support
--------------------------------------------------------------------------
0                          0.945     0.925         0.949   0.935       281
1                          0.636     0.933         0.971   0.757        30
2                          0.934     0.906         0.945   0.920       265
*----------------------------------------*
2025-11-15 19:07:24,007 INFO Final validation 48/150, Val_acc: 0.4528, time 44.83sAccuracy: 0.549
class                  precision    recall   specificity      f1   support
--------------------------------------------------------------------------
0                          0.690     0.829         0.649   0.753        70
1                          0.139     0.625         0.772   0.227         8
2                          0.667     0.242         0.897   0.356        66
*========================================*
2025-11-15 19:07:28,492 INFO 0 Sat Nov 15 19:07:28 2025 Epoch: 49
2025-11-15 19:13:33,313 INFO Final training 49/150, loss: 0.1688, time 364.82s, lr: 0.039913
Accuracy: 0.931
class                  precision    recall   specificity      f1   support
--------------------------------------------------------------------------
0                          0.966     0.915         0.969   0.940       281
1                          0.682     1.000         0.974   0.811        30
2                          0.936     0.940         0.945   0.938       265
*----------------------------------------*
2025-11-15 19:13:33,313 INFO 0 Sat Nov 15 19:13:33 2025 Epoch: 50
2025-11-15 19:19:55,676 INFO Final training 50/150, loss: 0.2606, time 382.36s, lr: 0.039475
Accuracy: 0.908
class                  precision    recall   specificity      f1   support
--------------------------------------------------------------------------
0                          0.944     0.907         0.949   0.925       280
1                          0.591     0.867         0.967   0.703        30
2                          0.924     0.914         0.935   0.919       266
*----------------------------------------*
2025-11-15 19:20:39,365 INFO Final validation 50/150, Val_acc: 0.1153, time 43.69sAccuracy: 0.069
class                  precision    recall   specificity      f1   support
--------------------------------------------------------------------------
0                          0.000     0.000         1.000   0.000        70
1                          0.056     1.000         0.015   0.107         8
2                          1.000     0.030         1.000   0.059        66
*========================================*
2025-11-15 19:20:43,746 INFO 0 Sat Nov 15 19:20:43 2025 Epoch: 51
2025-11-15 19:27:12,547 INFO Final training 51/150, loss: 0.2085, time 388.80s, lr: 0.039030
Accuracy: 0.910
class                  precision    recall   specificity      f1   support
--------------------------------------------------------------------------
0                          0.944     0.911         0.949   0.927       280
1                          0.580     0.967         0.962   0.725        30
2                          0.938     0.902         0.948   0.920       266
*----------------------------------------*
2025-11-15 19:27:12,996 INFO 0 Sat Nov 15 19:27:12 2025 Epoch: 52
2025-11-15 19:33:48,538 INFO Final training 52/150, loss: 0.2527, time 395.54s, lr: 0.038578
Accuracy: 0.903
class                  precision    recall   specificity      f1   support
--------------------------------------------------------------------------
0                          0.952     0.911         0.956   0.931       281
1                          0.542     0.867         0.960   0.667        30
2                          0.919     0.898         0.932   0.908       265
*----------------------------------------*
2025-11-15 19:34:31,972 INFO Final validation 52/150, Val_acc: 0.1153, time 43.43sAccuracy: 0.069
class                  precision    recall   specificity      f1   support
--------------------------------------------------------------------------
0                          0.000     0.000         1.000   0.000        70
1                          0.056     1.000         0.015   0.107         8
2                          1.000     0.030         1.000   0.059        66
*========================================*
2025-11-15 19:34:36,351 INFO 0 Sat Nov 15 19:34:36 2025 Epoch: 53
2025-11-15 19:41:08,613 INFO Final training 53/150, loss: 0.2044, time 392.26s, lr: 0.038120
Accuracy: 0.924
class                  precision    recall   specificity      f1   support
--------------------------------------------------------------------------
0                          0.955     0.918         0.959   0.936       280
1                          0.667     1.000         0.973   0.800        30
2                          0.935     0.921         0.945   0.928       266
*----------------------------------------*
2025-11-15 19:41:08,613 INFO 0 Sat Nov 15 19:41:08 2025 Epoch: 54
2025-11-15 19:47:52,289 INFO Final training 54/150, loss: 0.1821, time 403.68s, lr: 0.037656
Accuracy: 0.931
class                  precision    recall   specificity      f1   support
--------------------------------------------------------------------------
0                          0.966     0.925         0.970   0.945       280
1                          0.617     0.967         0.967   0.753        30
2                          0.950     0.932         0.958   0.941       266
*----------------------------------------*
2025-11-15 19:48:37,818 INFO Final validation 54/150, Val_acc: 0.1153, time 45.53sAccuracy: 0.069
class                  precision    recall   specificity      f1   support
--------------------------------------------------------------------------
0                          0.000     0.000         1.000   0.000        70
1                          0.056     1.000         0.015   0.107         8
2                          1.000     0.030         1.000   0.059        66
*========================================*
2025-11-15 19:48:42,448 INFO 0 Sat Nov 15 19:48:42 2025 Epoch: 55
2025-11-15 19:55:11,561 INFO Final training 55/150, loss: 0.1545, time 389.11s, lr: 0.037186
Accuracy: 0.941
class                  precision    recall   specificity      f1   support
--------------------------------------------------------------------------
0                          0.967     0.936         0.969   0.951       281
1                          0.698     1.000         0.976   0.822        30
2                          0.954     0.940         0.961   0.947       265
*----------------------------------------*
2025-11-15 19:55:11,562 INFO 0 Sat Nov 15 19:55:11 2025 Epoch: 56
2025-11-15 20:01:35,533 INFO Final training 56/150, loss: 0.1386, time 383.97s, lr: 0.036710
Accuracy: 0.946
class                  precision    recall   specificity      f1   support
--------------------------------------------------------------------------
0                          0.967     0.947         0.969   0.957       281
1                          0.718     0.933         0.980   0.812        30
2                          0.958     0.947         0.965   0.953       265
*----------------------------------------*
2025-11-15 20:02:20,946 INFO Final validation 56/150, Val_acc: 0.4375, time 45.41sAccuracy: 0.458
class                  precision    recall   specificity      f1   support
--------------------------------------------------------------------------
0                          0.000     0.000         1.000   0.000        70
1                          0.000     0.000         1.000   0.000         8
2                          0.458     1.000         0.000   0.629        66
*========================================*
2025-11-15 20:02:25,351 INFO 0 Sat Nov 15 20:02:25 2025 Epoch: 57
2025-11-15 20:08:58,511 INFO Final training 57/150, loss: 0.1593, time 393.16s, lr: 0.036229
Accuracy: 0.950
class                  precision    recall   specificity      f1   support
--------------------------------------------------------------------------
0                          0.989     0.940         0.990   0.964       281
1                          0.674     0.967         0.974   0.795        30
2                          0.955     0.958         0.961   0.957       265
*----------------------------------------*
2025-11-15 20:08:58,512 INFO 0 Sat Nov 15 20:08:58 2025 Epoch: 58
2025-11-15 20:15:32,138 INFO Final training 58/150, loss: 0.1519, time 393.63s, lr: 0.035742
Accuracy: 0.946
class                  precision    recall   specificity      f1   support
--------------------------------------------------------------------------
0                          0.974     0.943         0.976   0.958       280
1                          0.690     0.967         0.976   0.806        30
2                          0.958     0.947         0.965   0.953       266
*----------------------------------------*
2025-11-15 20:16:16,806 INFO Final validation 58/150, Val_acc: 0.4375, time 44.67sAccuracy: 0.458
class                  precision    recall   specificity      f1   support
--------------------------------------------------------------------------
0                          0.000     0.000         1.000   0.000        70
1                          0.000     0.000         1.000   0.000         8
2                          0.458     1.000         0.000   0.629        66
*========================================*
2025-11-15 20:16:21,183 INFO 0 Sat Nov 15 20:16:21 2025 Epoch: 59
2025-11-15 20:23:03,576 INFO Final training 59/150, loss: 0.1648, time 402.39s, lr: 0.035251
Accuracy: 0.938
class                  precision    recall   specificity      f1   support
--------------------------------------------------------------------------
0                          0.966     0.925         0.970   0.945       280
1                          0.682     1.000         0.974   0.811        30
2                          0.951     0.944         0.958   0.947       266
*----------------------------------------*
2025-11-15 20:23:03,576 INFO 0 Sat Nov 15 20:23:03 2025 Epoch: 60
2025-11-15 20:29:26,801 INFO Final training 60/150, loss: 0.1494, time 383.23s, lr: 0.034754
Accuracy: 0.934
class                  precision    recall   specificity      f1   support
--------------------------------------------------------------------------
0                          0.956     0.929         0.959   0.942       281
1                          0.732     1.000         0.980   0.845        30
2                          0.943     0.932         0.952   0.937       265
*----------------------------------------*
2025-11-15 20:30:11,355 INFO Final validation 60/150, Val_acc: 0.4512, time 44.55sAccuracy: 0.535
class                  precision    recall   specificity      f1   support
--------------------------------------------------------------------------
0                          0.704     0.814         0.676   0.755        70
1                          0.136     0.750         0.721   0.231         8
2                          0.737     0.212         0.936   0.329        66
*========================================*
2025-11-15 20:30:15,766 INFO 0 Sat Nov 15 20:30:15 2025 Epoch: 61
2025-11-15 20:36:35,216 INFO Final training 61/150, loss: 0.1261, time 379.45s, lr: 0.034253
Accuracy: 0.957
class                  precision    recall   specificity      f1   support
--------------------------------------------------------------------------
0                          0.992     0.940         0.993   0.965       281
1                          0.750     1.000         0.982   0.857        30
2                          0.952     0.970         0.958   0.961       265
*----------------------------------------*
2025-11-15 20:36:35,689 INFO 0 Sat Nov 15 20:36:35 2025 Epoch: 62
2025-11-15 20:43:03,653 INFO Final training 62/150, loss: 0.1852, time 387.96s, lr: 0.033748
Accuracy: 0.929
class                  precision    recall   specificity      f1   support
--------------------------------------------------------------------------
0                          0.963     0.925         0.966   0.944       280
1                          0.690     0.967         0.976   0.806        30
2                          0.932     0.929         0.942   0.930       266
*----------------------------------------*
2025-11-15 20:43:46,967 INFO Final validation 62/150, Val_acc: 0.4715, time 43.31sAccuracy: 0.500
class                  precision    recall   specificity      f1   support
--------------------------------------------------------------------------
0                          0.493     1.000         0.027   0.660        70
1                          0.000     0.000         1.000   0.000         8
2                          1.000     0.030         1.000   0.059        66
*========================================*
2025-11-15 20:43:51,365 INFO 0 Sat Nov 15 20:43:51 2025 Epoch: 63
2025-11-15 20:50:25,638 INFO Final training 63/150, loss: 0.1310, time 394.27s, lr: 0.033239
Accuracy: 0.955
class                  precision    recall   specificity      f1   support
--------------------------------------------------------------------------
0                          0.974     0.954         0.976   0.964       280
1                          0.714     1.000         0.978   0.833        30
2                          0.973     0.951         0.977   0.962       266
*----------------------------------------*
2025-11-15 20:50:25,638 INFO 0 Sat Nov 15 20:50:25 2025 Epoch: 64
2025-11-15 20:56:51,235 INFO Final training 64/150, loss: 0.1457, time 385.60s, lr: 0.032725
Accuracy: 0.948
class                  precision    recall   specificity      f1   support
--------------------------------------------------------------------------
0                          0.978     0.932         0.980   0.954       280
1                          0.757     0.933         0.984   0.836        30
2                          0.945     0.966         0.952   0.955       266
*----------------------------------------*
2025-11-15 20:57:34,586 INFO Final validation 64/150, Val_acc: 0.4375, time 43.35sAccuracy: 0.458
class                  precision    recall   specificity      f1   support
--------------------------------------------------------------------------
0                          0.000     0.000         1.000   0.000        70
1                          0.000     0.000         1.000   0.000         8
2                          0.458     1.000         0.000   0.629        66
*========================================*
2025-11-15 20:57:38,974 INFO 0 Sat Nov 15 20:57:38 2025 Epoch: 65
2025-11-15 21:04:19,946 INFO Final training 65/150, loss: 0.1303, time 400.97s, lr: 0.032209
Accuracy: 0.960
class                  precision    recall   specificity      f1   support
--------------------------------------------------------------------------
0                          0.978     0.957         0.980   0.968       280
1                          0.750     1.000         0.982   0.857        30
2                          0.973     0.959         0.977   0.966       266
*----------------------------------------*
2025-11-15 21:04:19,947 INFO 0 Sat Nov 15 21:04:19 2025 Epoch: 66
2025-11-15 21:11:10,047 INFO Final training 66/150, loss: 0.1150, time 410.10s, lr: 0.031688
Accuracy: 0.953
class                  precision    recall   specificity      f1   support
--------------------------------------------------------------------------
0                          0.985     0.947         0.986   0.966       281
1                          0.690     0.967         0.976   0.806        30
2                          0.962     0.958         0.968   0.960       265
*----------------------------------------*
2025-11-15 21:11:55,415 INFO Final validation 66/150, Val_acc: 0.4375, time 45.37sAccuracy: 0.458
class                  precision    recall   specificity      f1   support
--------------------------------------------------------------------------
0                          0.000     0.000         1.000   0.000        70
1                          0.000     0.000         1.000   0.000         8
2                          0.458     1.000         0.000   0.629        66
*========================================*
2025-11-15 21:11:59,866 INFO 0 Sat Nov 15 21:11:59 2025 Epoch: 67
2025-11-15 21:18:38,182 INFO Final training 67/150, loss: 0.2056, time 398.32s, lr: 0.031165
Accuracy: 0.934
class                  precision    recall   specificity      f1   support
--------------------------------------------------------------------------
0                          0.956     0.932         0.959   0.944       280
1                          0.674     0.967         0.974   0.795        30
2                          0.954     0.932         0.961   0.943       266
*----------------------------------------*
2025-11-15 21:18:38,182 INFO 0 Sat Nov 15 21:18:38 2025 Epoch: 68
2025-11-15 21:25:31,816 INFO Final training 68/150, loss: 0.1616, time 413.63s, lr: 0.030638
Accuracy: 0.938
class                  precision    recall   specificity      f1   support
--------------------------------------------------------------------------
0                          0.974     0.922         0.976   0.947       281
1                          0.625     1.000         0.967   0.769        30
2                          0.958     0.947         0.965   0.953       265
*----------------------------------------*
2025-11-15 21:26:17,423 INFO Final validation 68/150, Val_acc: 0.1153, time 45.61sAccuracy: 0.069
class                  precision    recall   specificity      f1   support
--------------------------------------------------------------------------
0                          0.000     0.000         1.000   0.000        70
1                          0.056     1.000         0.015   0.107         8
2                          1.000     0.030         1.000   0.059        66
*========================================*
2025-11-15 21:26:21,785 INFO 0 Sat Nov 15 21:26:21 2025 Epoch: 69
2025-11-15 21:32:48,241 INFO Final training 69/150, loss: 0.1262, time 386.46s, lr: 0.030109
Accuracy: 0.965
class                  precision    recall   specificity      f1   support
--------------------------------------------------------------------------
0                          0.989     0.961         0.990   0.975       280
1                          0.750     1.000         0.982   0.857        30
2                          0.973     0.966         0.977   0.970       266
*----------------------------------------*
2025-11-15 21:32:48,241 INFO 0 Sat Nov 15 21:32:48 2025 Epoch: 70
2025-11-15 21:39:32,456 INFO Final training 70/150, loss: 0.1504, time 404.21s, lr: 0.029578
Accuracy: 0.934
class                  precision    recall   specificity      f1   support
--------------------------------------------------------------------------
0                          0.963     0.918         0.966   0.940       280
1                          0.714     1.000         0.978   0.833        30
2                          0.940     0.944         0.948   0.942       266
*----------------------------------------*
2025-11-15 21:40:16,293 INFO Final validation 70/150, Val_acc: 0.1153, time 43.84sAccuracy: 0.069
class                  precision    recall   specificity      f1   support
--------------------------------------------------------------------------
0                          0.000     0.000         1.000   0.000        70
1                          0.056     1.000         0.015   0.107         8
2                          1.000     0.030         1.000   0.059        66
*========================================*
2025-11-15 21:40:20,750 INFO 0 Sat Nov 15 21:40:20 2025 Epoch: 71
2025-11-15 21:47:05,219 INFO Final training 71/150, loss: 0.1221, time 404.47s, lr: 0.029045
Accuracy: 0.953
class                  precision    recall   specificity      f1   support
--------------------------------------------------------------------------
0                          0.971     0.954         0.973   0.962       280
1                          0.714     1.000         0.978   0.833        30
2                          0.973     0.947         0.977   0.960       266
*----------------------------------------*
2025-11-15 21:47:05,672 INFO 0 Sat Nov 15 21:47:05 2025 Epoch: 72
2025-11-15 21:53:33,729 INFO Final training 72/150, loss: 0.0986, time 388.06s, lr: 0.028509
Accuracy: 0.965
class                  precision    recall   specificity      f1   support
--------------------------------------------------------------------------
0                          0.985     0.961         0.986   0.973       281
1                          0.769     1.000         0.984   0.870        30
2                          0.973     0.966         0.977   0.970       265
*----------------------------------------*
2025-11-15 21:54:19,800 INFO Final validation 72/150, Val_acc: 0.2378, time 46.07sAccuracy: 0.278
class                  precision    recall   specificity      f1   support
--------------------------------------------------------------------------
0                          0.356     0.300         0.486   0.326        70
1                          0.182     0.500         0.868   0.267         8
2                          0.238     0.227         0.385   0.233        66
*========================================*
2025-11-15 21:54:24,166 INFO 0 Sat Nov 15 21:54:24 2025 Epoch: 73
2025-11-15 22:01:10,468 INFO Final training 73/150, loss: 0.1048, time 406.30s, lr: 0.027972
Accuracy: 0.965
class                  precision    recall   specificity      f1   support
--------------------------------------------------------------------------
0                          0.989     0.950         0.990   0.969       281
1                          0.769     1.000         0.984   0.870        30
2                          0.970     0.977         0.974   0.974       265
*----------------------------------------*
2025-11-15 22:01:10,469 INFO 0 Sat Nov 15 22:01:10 2025 Epoch: 74
