2025-11-03 09:58:22,809 INFO Log directory: outputs/OrganoidsINRIA/swinunetr/2025-11-03-09-58
2025-11-03 09:58:22,811 INFO {'RandFlipd_prob': 0.2,
 'RandRotate90d_prob': 0.2,
 'RandScaleIntensityd_prob': 0.1,
 'RandShiftIntensityd_prob': 0.1,
 'amp': True,
 'augmentation': True,
 'batch_size': 6,
 'cache_dataset': False,
 'checkpoint_path': None,
 'data_dir': '/home/mraffael/martone_project/Organoids_Dataset/',
 'dataset_name': 'OrganoidsINRIA',
 'debug': False,
 'debug_train_samples': 40,
 'debug_val_samples': 10,
 'dist_backend': 'nccl',
 'dist_url': 'tcp://127.0.0.1:23456',
 'distributed': False,
 'dropout_path_rate': 0.0,
 'dropout_rate': 0.0,
 'early_stopping': False,
 'encoder10_pth': '',
 'exact_class': False,
 'feature_size': 48,
 'fold': 0,
 'folds': False,
 'gpu': 0,
 'ignore_label': 3,
 'in_channels': 1,
 'infer_overlap': 0.5,
 'k_folds': 5,
 'logdir': 'test',
 'logs_dir': 'logs/',
 'loss_name': 'FocalLoss',
 'lrschedule': 'warmup_cosine',
 'max_epochs': 150,
 'min_delta_loss': 0.001,
 'min_delta_val': 0.001,
 'model_name': 'swinunetr',
 'momentum': 0.99,
 'noamp': False,
 'norm_name': 'instance',
 'oar_id': 2103790,
 'optim_lr': 0.0005,
 'optim_name': 'adamw',
 'out_channels': 1,
 'output_dir': 'outputs/',
 'patch_merging': False,
 'patience_loss': 20,
 'patience_val': 3,
 'pretrained_dir': './pretrained_models/fold1_f48_ep300_4gpu_dice0_9059/',
 'pretrained_model_name': 'model_swinvit.pt',
 'rank': 0,
 'reg_weight': 5e-05,
 'restart_T0': 20,
 'resume_ckpt': False,
 'roi_x': 128,
 'roi_y': 128,
 'roi_z': 128,
 'save_checkpoint': True,
 'seed': 3,
 'similarity_loss': '',
 'similarity_loss_weight': 0.0,
 'spatial_dims': 3,
 'split_method': 'percentage',
 'start_epoch': 0,
 'sw_batch_size': 6,
 'telegram_log': True,
 'test_mode': False,
 'token': './token/tlg_token.txt',
 'use_checkpoint': False,
 'val_every': 4,
 'warmup_epochs': 8,
 'workers': 8,
 'world_size': 1}
2025-11-03 09:58:22,812 INFO 
2025-11-03 09:58:22,815 INFO Saved configuration to: outputs/OrganoidsINRIA/swinunetr/2025-11-03-09-58/config.txt
2025-11-03 09:58:23,343 INFO Using GPU: 0
2025-11-03 09:58:23,343 INFO 
2025-11-03 09:58:23,343 INFO Model INFO:
2025-11-03 09:58:23,343 INFO Model architecture: swinunetr
2025-11-03 09:58:23,795 INFO Using pretrained weights
2025-11-03 09:58:23,796 INFO => loading pretrained model './pretrained_models/fold1_f48_ep300_4gpu_dice0_9059/model_swinvit.pt'
2025-11-03 09:58:28,106 INFO Missing keys when loading pretrained: 33
2025-11-03 09:58:28,107 INFO Unexpected keys when loading pretrained: 8
2025-11-03 09:58:28,109 INFO Using SwinUNETR with Single Linear Classification Head
2025-11-03 09:58:28,109 INFO Total trainable parameters: 39,914,805
2025-11-03 09:58:28,143 INFO 
2025-11-03 09:58:28,143 INFO Optimizer INFO:
2025-11-03 09:58:28,143 INFO Using optimizer: adamw with lr=0.0005, weight_decay=5e-05
2025-11-03 09:58:28,143 INFO 
2025-11-03 09:58:28,143 INFO Dataset INFO:
2025-11-03 09:58:28,175 INFO Dataset length: 858
2025-11-03 09:58:28,175 INFO Class distribution in entire dataset:
2025-11-03 09:58:28,175 INFO   Class 0: 394
2025-11-03 09:58:28,175 INFO   Class 1: 43
2025-11-03 09:58:28,175 INFO   Class 2: 421
2025-11-03 09:58:28,175 INFO 
Using split method: percentage
2025-11-03 09:58:28,188 INFO 
Train set balance:
2025-11-03 09:58:28,189 INFO 
Val set balance:
2025-11-03 09:58:28,189 INFO Training set length: 172
2025-11-03 09:58:28,189 INFO Validation set length: 43
2025-11-03 09:58:28,189 INFO 
Using standard shuffle for training
2025-11-03 09:58:28,190 INFO Training loader: 28 batches
2025-11-03 09:58:28,190 INFO Validation loader: 43 batches
2025-11-03 09:58:28,190 INFO 
Class distribution in training set:
2025-11-03 09:58:28,190 INFO   Class 0: 69 (40.1%)
2025-11-03 09:58:28,190 INFO   Class 1: 34 (19.8%)
2025-11-03 09:58:28,190 INFO   Class 2: 69 (40.1%)
2025-11-03 09:58:28,190 INFO Class distribution in validation set:
2025-11-03 09:58:28,191 INFO   Class 0: 17 (39.5%)
2025-11-03 09:58:28,191 INFO   Class 1: 9 (20.9%)
2025-11-03 09:58:28,191 INFO   Class 2: 17 (39.5%)
2025-11-03 09:58:28,191 INFO **************************************************
2025-11-03 09:58:28,227 INFO Class weights: [ 8.309  16.863  8.309]
2025-11-03 09:58:28,227 INFO 
2025-11-03 09:58:28,228 INFO Using loss function: FocalLoss
2025-11-03 09:58:28,231 INFO **************************************************
2025-11-03 09:58:28,231 INFO Starting training...
2025-11-03 09:58:28,233 INFO 0 Mon Nov  3 09:58:28 2025 Epoch: 0
2025-11-03 10:04:52,071 INFO Final training 0/149, loss: 6.5524, time 383.84s, lr: 0.000000
Accuracy: 0.202
class                  precision    recall   specificity      f1   support
--------------------------------------------------------------------------
0                          0.000     0.000         1.000   0.000        67
1                          0.202     1.000         0.000   0.337        34
2                          0.000     0.000         1.000   0.000        67
*----------------------------------------*
2025-11-03 10:04:52,482 INFO 0 Mon Nov  3 10:04:52 2025 Epoch: 1
2025-11-03 10:10:17,046 INFO Final training 1/149, loss: 6.7182, time 324.56s, lr: 0.000071
Accuracy: 0.405
class                  precision    recall   specificity      f1   support
--------------------------------------------------------------------------
0                          0.476     0.448         0.673   0.462        67
1                          0.200     0.265         0.731   0.228        34
2                          0.483     0.433         0.693   0.457        67
*----------------------------------------*
2025-11-03 10:10:17,053 INFO 0 Mon Nov  3 10:10:17 2025 Epoch: 2
2025-11-03 10:15:40,556 INFO Final training 2/149, loss: 4.9354, time 323.50s, lr: 0.000143
Accuracy: 0.333
class                  precision    recall   specificity      f1   support
--------------------------------------------------------------------------
0                          0.426     0.299         0.733   0.351        67
1                          0.222     0.364         0.689   0.276        33
2                          0.358     0.353         0.570   0.356        68
*----------------------------------------*
2025-11-03 10:15:40,564 INFO 0 Mon Nov  3 10:15:40 2025 Epoch: 3
2025-11-03 10:21:02,386 INFO Final training 3/149, loss: 5.2733, time 321.82s, lr: 0.000214
Accuracy: 0.405
class                  precision    recall   specificity      f1   support
--------------------------------------------------------------------------
0                          0.605     0.382         0.830   0.468        68
1                          0.224     0.576         0.511   0.322        33
2                          0.575     0.343         0.832   0.430        67
*----------------------------------------*
2025-11-03 10:22:54,857 INFO Final validation 3/149, Val_acc: 0.6047, time 112.47sAccuracy: 0.605
class                  precision    recall   specificity      f1   support
--------------------------------------------------------------------------
0                          1.000     0.412         1.000   0.583        17
1                          1.000     0.222         1.000   0.364         9
2                          0.500     1.000         0.346   0.667        17
*========================================*
2025-11-03 10:22:54,858 INFO New best (0.000000 --> 0.604651)
2025-11-03 10:23:01,031 INFO Copying best model to model.pt
2025-11-03 10:23:05,186 INFO 0 Mon Nov  3 10:23:05 2025 Epoch: 4
2025-11-03 10:28:30,626 INFO Final training 4/149, loss: 4.8294, time 325.44s, lr: 0.000286
Accuracy: 0.512
class                  precision    recall   specificity      f1   support
--------------------------------------------------------------------------
0                          0.596     0.515         0.775   0.553        66
1                          0.354     0.500         0.769   0.415        34
2                          0.556     0.515         0.720   0.534        68
*----------------------------------------*
2025-11-03 10:28:30,631 INFO 0 Mon Nov  3 10:28:30 2025 Epoch: 5
2025-11-03 10:33:56,675 INFO Final training 5/149, loss: 4.4534, time 326.04s, lr: 0.000357
Accuracy: 0.542
class                  precision    recall   specificity      f1   support
--------------------------------------------------------------------------
0                          0.525     0.485         0.716   0.504        66
1                          0.378     0.412         0.828   0.394        34
2                          0.643     0.662         0.750   0.652        68
*----------------------------------------*
2025-11-03 10:33:56,682 INFO 0 Mon Nov  3 10:33:56 2025 Epoch: 6
2025-11-03 10:39:17,755 INFO Final training 6/149, loss: 4.0662, time 321.07s, lr: 0.000429
Accuracy: 0.512
class                  precision    recall   specificity      f1   support
--------------------------------------------------------------------------
0                          0.615     0.471         0.800   0.533        68
1                          0.286     0.529         0.664   0.371        34
2                          0.679     0.545         0.833   0.605        66
*----------------------------------------*
2025-11-03 10:39:17,762 INFO 0 Mon Nov  3 10:39:17 2025 Epoch: 7
2025-11-03 10:44:43,238 INFO Final training 7/149, loss: 5.0491, time 325.48s, lr: 0.000500
Accuracy: 0.464
class                  precision    recall   specificity      f1   support
--------------------------------------------------------------------------
0                          0.730     0.397         0.900   0.514        68
1                          0.206     0.424         0.600   0.277        33
2                          0.587     0.552         0.743   0.569        67
*----------------------------------------*
2025-11-03 10:46:10,909 INFO Final validation 7/149, Val_acc: 0.4651, time 87.66sAccuracy: 0.465
class                  precision    recall   specificity      f1   support
--------------------------------------------------------------------------
0                          0.733     0.647         0.846   0.688        17
1                          0.321     1.000         0.441   0.486         9
2                          0.000     0.000         1.000   0.000        17
*========================================*
2025-11-03 10:46:15,749 INFO 0 Mon Nov  3 10:46:15 2025 Epoch: 8
2025-11-03 10:51:38,947 INFO Final training 8/149, loss: 3.8891, time 323.20s, lr: 0.000500
Accuracy: 0.560
class                  precision    recall   specificity      f1   support
--------------------------------------------------------------------------
0                          0.686     0.515         0.840   0.588        68
1                          0.404     0.636         0.770   0.494        33
2                          0.585     0.567         0.733   0.576        67
*----------------------------------------*
2025-11-03 10:51:38,954 INFO 0 Mon Nov  3 10:51:38 2025 Epoch: 9
2025-11-03 10:56:57,095 INFO Final training 9/149, loss: 3.6695, time 318.14s, lr: 0.000500
Accuracy: 0.649
class                  precision    recall   specificity      f1   support
--------------------------------------------------------------------------
0                          0.692     0.672         0.802   0.682        67
1                          0.457     0.500         0.860   0.478        32
2                          0.706     0.696         0.798   0.701        69
*----------------------------------------*
2025-11-03 10:56:57,103 INFO 0 Mon Nov  3 10:56:57 2025 Epoch: 10
2025-11-03 11:02:21,522 INFO Final training 10/149, loss: 3.2797, time 324.42s, lr: 0.000500
Accuracy: 0.661
class                  precision    recall   specificity      f1   support
--------------------------------------------------------------------------
0                          0.774     0.603         0.880   0.678        68
1                          0.512     0.636         0.852   0.568        33
2                          0.662     0.731         0.752   0.695        67
*----------------------------------------*
2025-11-03 11:02:21,963 INFO 0 Mon Nov  3 11:02:21 2025 Epoch: 11
2025-11-03 11:07:51,759 INFO Final training 11/149, loss: 3.1853, time 329.80s, lr: 0.000499
Accuracy: 0.655
class                  precision    recall   specificity      f1   support
--------------------------------------------------------------------------
0                          0.677     0.646         0.806   0.661        65
1                          0.590     0.676         0.881   0.630        34
2                          0.672     0.652         0.778   0.662        69
*----------------------------------------*
2025-11-03 11:09:20,018 INFO Final validation 11/149, Val_acc: 0.6744, time 88.26sAccuracy: 0.674
class                  precision    recall   specificity      f1   support
--------------------------------------------------------------------------
0                          1.000     0.412         1.000   0.583        17
1                          0.474     1.000         0.706   0.643         9
2                          0.765     0.765         0.846   0.765        17
*========================================*
2025-11-03 11:09:20,018 INFO New best (0.604651 --> 0.674419)
2025-11-03 11:09:26,271 INFO Copying best model to model.pt
2025-11-03 11:09:30,456 INFO 0 Mon Nov  3 11:09:30 2025 Epoch: 12
2025-11-03 11:14:49,545 INFO Final training 12/149, loss: 2.9234, time 319.09s, lr: 0.000499
Accuracy: 0.696
class                  precision    recall   specificity      f1   support
--------------------------------------------------------------------------
0                          0.816     0.606         0.912   0.696        66
1                          0.526     0.882         0.799   0.659        34
2                          0.758     0.691         0.850   0.723        68
*----------------------------------------*
2025-11-03 11:14:49,552 INFO 0 Mon Nov  3 11:14:49 2025 Epoch: 13
2025-11-03 11:20:19,164 INFO Final training 13/149, loss: 3.3452, time 329.61s, lr: 0.000498
Accuracy: 0.673
class                  precision    recall   specificity      f1   support
--------------------------------------------------------------------------
0                          0.689     0.618         0.810   0.651        68
1                          0.605     0.676         0.888   0.639        34
2                          0.696     0.727         0.794   0.711        66
*----------------------------------------*
2025-11-03 11:20:19,168 INFO 0 Mon Nov  3 11:20:19 2025 Epoch: 14
2025-11-03 11:25:38,575 INFO Final training 14/149, loss: 3.8524, time 319.41s, lr: 0.000498
Accuracy: 0.530
class                  precision    recall   specificity      f1   support
--------------------------------------------------------------------------
0                          0.660     0.485         0.830   0.559        68
1                          0.403     0.735         0.724   0.521        34
2                          0.554     0.470         0.755   0.508        66
*----------------------------------------*
2025-11-03 11:25:38,579 INFO 0 Mon Nov  3 11:25:38 2025 Epoch: 15
2025-11-03 11:30:55,814 INFO Final training 15/149, loss: 3.6391, time 317.23s, lr: 0.000497
Accuracy: 0.649
class                  precision    recall   specificity      f1   support
--------------------------------------------------------------------------
0                          0.759     0.638         0.859   0.693        69
1                          0.487     0.594         0.853   0.535        32
2                          0.648     0.687         0.752   0.667        67
*----------------------------------------*
2025-11-03 11:32:23,420 INFO Final validation 15/149, Val_acc: 0.6744, time 87.60sAccuracy: 0.674
class                  precision    recall   specificity      f1   support
--------------------------------------------------------------------------
0                          1.000     0.412         1.000   0.583        17
1                          0.474     1.000         0.706   0.643         9
2                          0.765     0.765         0.846   0.765        17
*========================================*
2025-11-03 11:32:28,248 INFO 0 Mon Nov  3 11:32:28 2025 Epoch: 16
2025-11-03 11:37:53,447 INFO Final training 16/149, loss: 3.0516, time 325.20s, lr: 0.000496
Accuracy: 0.667
class                  precision    recall   specificity      f1   support
--------------------------------------------------------------------------
0                          0.796     0.582         0.901   0.672        67
1                          0.509     0.818         0.807   0.628        33
2                          0.697     0.676         0.800   0.687        68
*----------------------------------------*
2025-11-03 11:37:53,454 INFO 0 Mon Nov  3 11:37:53 2025 Epoch: 17
2025-11-03 11:43:16,183 INFO Final training 17/149, loss: 2.8402, time 322.73s, lr: 0.000495
Accuracy: 0.708
class                  precision    recall   specificity      f1   support
--------------------------------------------------------------------------
0                          0.742     0.676         0.840   0.708        68
1                          0.600     0.818         0.867   0.692        33
2                          0.754     0.687         0.851   0.719        67
*----------------------------------------*
2025-11-03 11:43:16,190 INFO 0 Mon Nov  3 11:43:16 2025 Epoch: 18
2025-11-03 11:48:40,420 INFO Final training 18/149, loss: 3.0431, time 324.23s, lr: 0.000494
Accuracy: 0.673
class                  precision    recall   specificity      f1   support
--------------------------------------------------------------------------
0                          0.704     0.576         0.843   0.633        66
1                          0.578     0.765         0.858   0.658        34
2                          0.710     0.721         0.800   0.715        68
*----------------------------------------*
2025-11-03 11:48:40,427 INFO 0 Mon Nov  3 11:48:40 2025 Epoch: 19
2025-11-03 11:54:05,696 INFO Final training 19/149, loss: 3.2406, time 325.27s, lr: 0.000493
Accuracy: 0.685
class                  precision    recall   specificity      f1   support
--------------------------------------------------------------------------
0                          0.808     0.627         0.901   0.706        67
1                          0.491     0.788         0.800   0.605        33
2                          0.746     0.691         0.840   0.718        68
*----------------------------------------*
2025-11-03 11:55:33,378 INFO Final validation 19/149, Val_acc: 0.7907, time 87.67sAccuracy: 0.791
class                  precision    recall   specificity      f1   support
--------------------------------------------------------------------------
0                          0.917     0.647         0.962   0.759        17
1                          0.700     0.778         0.912   0.737         9
2                          0.762     0.941         0.808   0.842        17
*========================================*
2025-11-03 11:55:33,378 INFO New best (0.674419 --> 0.790698)
2025-11-03 11:55:39,936 INFO Copying best model to model.pt
2025-11-03 11:55:44,159 INFO 0 Mon Nov  3 11:55:44 2025 Epoch: 20
2025-11-03 12:01:08,185 INFO Final training 20/149, loss: 3.1986, time 324.03s, lr: 0.000491
Accuracy: 0.661
class                  precision    recall   specificity      f1   support
--------------------------------------------------------------------------
0                          0.732     0.612         0.851   0.667        67
1                          0.561     0.676         0.866   0.613        34
2                          0.662     0.701         0.762   0.681        67
*----------------------------------------*
2025-11-03 12:01:08,664 INFO 0 Mon Nov  3 12:01:08 2025 Epoch: 21
2025-11-03 12:06:32,280 INFO Final training 21/149, loss: 2.6804, time 323.62s, lr: 0.000490
Accuracy: 0.726
class                  precision    recall   specificity      f1   support
--------------------------------------------------------------------------
0                          0.843     0.652         0.922   0.735        66
1                          0.583     0.848         0.852   0.691        33
2                          0.739     0.739         0.818   0.739        69
*----------------------------------------*
2025-11-03 12:06:32,287 INFO 0 Mon Nov  3 12:06:32 2025 Epoch: 22
2025-11-03 12:12:01,629 INFO Final training 22/149, loss: 3.0359, time 329.34s, lr: 0.000488
Accuracy: 0.607
class                  precision    recall   specificity      f1   support
--------------------------------------------------------------------------
0                          0.691     0.567         0.832   0.623        67
1                          0.490     0.706         0.813   0.578        34
2                          0.625     0.597         0.762   0.611        67
*----------------------------------------*
2025-11-03 12:12:01,629 INFO 0 Mon Nov  3 12:12:01 2025 Epoch: 23
2025-11-03 12:17:36,415 INFO Final training 23/149, loss: 3.0674, time 334.79s, lr: 0.000486
Accuracy: 0.714
class                  precision    recall   specificity      f1   support
--------------------------------------------------------------------------
0                          0.758     0.735         0.840   0.746        68
1                          0.600     0.706         0.881   0.649        34
2                          0.742     0.697         0.843   0.719        66
*----------------------------------------*
2025-11-03 12:19:04,103 INFO Final validation 23/149, Val_acc: 0.6279, time 87.68sAccuracy: 0.628
class                  precision    recall   specificity      f1   support
--------------------------------------------------------------------------
0                          0.900     0.529         0.962   0.667        17
1                          0.429     1.000         0.647   0.600         9
2                          0.750     0.529         0.885   0.621        17
*========================================*
2025-11-03 12:19:09,013 INFO 0 Mon Nov  3 12:19:09 2025 Epoch: 24
2025-11-03 12:24:31,413 INFO Final training 24/149, loss: 3.3357, time 322.40s, lr: 0.000484
Accuracy: 0.661
class                  precision    recall   specificity      f1   support
--------------------------------------------------------------------------
0                          0.778     0.609         0.879   0.683        69
1                          0.511     0.750         0.831   0.608        32
2                          0.672     0.672         0.782   0.672        67
*----------------------------------------*
2025-11-03 12:24:31,420 INFO 0 Mon Nov  3 12:24:31 2025 Epoch: 25
2025-11-03 12:29:52,111 INFO Final training 25/149, loss: 2.7871, time 320.69s, lr: 0.000483
Accuracy: 0.685
class                  precision    recall   specificity      f1   support
--------------------------------------------------------------------------
0                          0.742     0.676         0.840   0.708        68
1                          0.521     0.758         0.830   0.617        33
2                          0.759     0.657         0.861   0.704        67
*----------------------------------------*
2025-11-03 12:29:52,115 INFO 0 Mon Nov  3 12:29:52 2025 Epoch: 26
2025-11-03 12:35:14,728 INFO Final training 26/149, loss: 3.1314, time 322.61s, lr: 0.000480
Accuracy: 0.685
class                  precision    recall   specificity      f1   support
--------------------------------------------------------------------------
0                          0.759     0.621         0.873   0.683        66
1                          0.525     0.636         0.859   0.575        33
2                          0.716     0.768         0.788   0.741        69
*----------------------------------------*
2025-11-03 12:35:14,729 INFO 0 Mon Nov  3 12:35:14 2025 Epoch: 27
2025-11-03 12:40:33,004 INFO Final training 27/149, loss: 2.8487, time 318.28s, lr: 0.000478
Accuracy: 0.667
class                  precision    recall   specificity      f1   support
--------------------------------------------------------------------------
0                          0.741     0.597         0.861   0.661        67
1                          0.542     0.788         0.837   0.642        33
2                          0.697     0.676         0.800   0.687        68
*----------------------------------------*
2025-11-03 12:42:00,622 INFO Final validation 27/149, Val_acc: 0.6279, time 87.61sAccuracy: 0.628
class                  precision    recall   specificity      f1   support
--------------------------------------------------------------------------
0                          0.900     0.529         0.962   0.667        17
1                          0.429     1.000         0.647   0.600         9
2                          0.750     0.529         0.885   0.621        17
*========================================*
2025-11-03 12:42:05,619 INFO 0 Mon Nov  3 12:42:05 2025 Epoch: 28
2025-11-03 12:47:27,858 INFO Final training 28/149, loss: 2.7986, time 322.24s, lr: 0.000476
Accuracy: 0.714
class                  precision    recall   specificity      f1   support
--------------------------------------------------------------------------
0                          0.846     0.657         0.921   0.739        67
1                          0.565     0.765         0.851   0.650        34
2                          0.714     0.746         0.802   0.730        67
*----------------------------------------*
2025-11-03 12:47:27,858 INFO 0 Mon Nov  3 12:47:27 2025 Epoch: 29
2025-11-03 12:52:56,488 INFO Final training 29/149, loss: 2.3945, time 328.63s, lr: 0.000474
Accuracy: 0.720
class                  precision    recall   specificity      f1   support
--------------------------------------------------------------------------
0                          0.746     0.647         0.850   0.693        68
1                          0.644     0.853         0.881   0.734        34
2                          0.750     0.727         0.843   0.738        66
*----------------------------------------*
2025-11-03 12:52:56,492 INFO 0 Mon Nov  3 12:52:56 2025 Epoch: 30
2025-11-03 12:58:22,470 INFO Final training 30/149, loss: 2.6774, time 325.98s, lr: 0.000471
Accuracy: 0.720
class                  precision    recall   specificity      f1   support
--------------------------------------------------------------------------
0                          0.808     0.646         0.903   0.718        65
1                          0.649     0.706         0.903   0.676        34
2                          0.696     0.797         0.758   0.743        69
*----------------------------------------*
2025-11-03 12:58:22,920 INFO 0 Mon Nov  3 12:58:22 2025 Epoch: 31
2025-11-03 13:03:38,447 INFO Final training 31/149, loss: 2.9406, time 315.53s, lr: 0.000468
Accuracy: 0.637
class                  precision    recall   specificity      f1   support
--------------------------------------------------------------------------
0                          0.712     0.618         0.830   0.661        68
1                          0.540     0.794         0.828   0.643        34
2                          0.644     0.576         0.794   0.608        66
*----------------------------------------*
2025-11-03 13:05:06,063 INFO Final validation 31/149, Val_acc: 0.6977, time 87.62sAccuracy: 0.698
class                  precision    recall   specificity      f1   support
--------------------------------------------------------------------------
0                          0.909     0.588         0.962   0.714        17
1                          0.474     1.000         0.706   0.643         9
2                          0.846     0.647         0.923   0.733        17
*========================================*
2025-11-03 13:05:11,051 INFO 0 Mon Nov  3 13:05:11 2025 Epoch: 32
2025-11-03 13:10:39,320 INFO Final training 32/149, loss: 2.7915, time 328.27s, lr: 0.000466
Accuracy: 0.714
class                  precision    recall   specificity      f1   support
--------------------------------------------------------------------------
0                          0.830     0.647         0.910   0.727        68
1                          0.560     0.848         0.837   0.675        33
2                          0.738     0.716         0.832   0.727        67
*----------------------------------------*
2025-11-03 13:10:39,324 INFO 0 Mon Nov  3 13:10:39 2025 Epoch: 33
2025-11-03 13:16:02,872 INFO Final training 33/149, loss: 2.5301, time 323.55s, lr: 0.000463
Accuracy: 0.673
class                  precision    recall   specificity      f1   support
--------------------------------------------------------------------------
0                          0.768     0.623         0.869   0.688        69
1                          0.545     0.750         0.853   0.632        32
2                          0.676     0.687         0.782   0.681        67
*----------------------------------------*
2025-11-03 13:16:02,875 INFO 0 Mon Nov  3 13:16:02 2025 Epoch: 34
2025-11-03 13:21:23,732 INFO Final training 34/149, loss: 2.6395, time 320.86s, lr: 0.000460
Accuracy: 0.714
class                  precision    recall   specificity      f1   support
--------------------------------------------------------------------------
0                          0.738     0.682         0.843   0.709        66
1                          0.651     0.824         0.888   0.727        34
2                          0.734     0.691         0.830   0.712        68
*----------------------------------------*
2025-11-03 13:21:23,736 INFO 0 Mon Nov  3 13:21:23 2025 Epoch: 35
2025-11-03 13:26:44,787 INFO Final training 35/149, loss: 2.6533, time 321.05s, lr: 0.000457
Accuracy: 0.708
class                  precision    recall   specificity      f1   support
--------------------------------------------------------------------------
0                          0.800     0.588         0.900   0.678        68
1                          0.551     0.794         0.836   0.651        34
2                          0.754     0.788         0.833   0.770        66
*----------------------------------------*
2025-11-03 13:28:13,023 INFO Final validation 35/149, Val_acc: 0.7674, time 88.24sAccuracy: 0.767
class                  precision    recall   specificity      f1   support
--------------------------------------------------------------------------
0                          1.000     0.529         1.000   0.692        17
1                          0.667     0.889         0.882   0.762         9
2                          0.727     0.941         0.769   0.821        17
*========================================*
2025-11-03 13:28:17,924 INFO 0 Mon Nov  3 13:28:17 2025 Epoch: 36
2025-11-03 13:33:41,234 INFO Final training 36/149, loss: 2.2014, time 323.31s, lr: 0.000454
Accuracy: 0.714
class                  precision    recall   specificity      f1   support
--------------------------------------------------------------------------
0                          0.768     0.642         0.871   0.699        67
1                          0.650     0.765         0.896   0.703        34
2                          0.708     0.761         0.792   0.734        67
*----------------------------------------*
2025-11-03 13:33:41,235 INFO 0 Mon Nov  3 13:33:41 2025 Epoch: 37
2025-11-03 13:39:03,305 INFO Final training 37/149, loss: 3.2324, time 322.07s, lr: 0.000450
Accuracy: 0.696
class                  precision    recall   specificity      f1   support
--------------------------------------------------------------------------
0                          0.796     0.642         0.891   0.711        67
1                          0.574     0.794         0.851   0.667        34
2                          0.701     0.701         0.802   0.701        67
*----------------------------------------*
2025-11-03 13:39:03,312 INFO 0 Mon Nov  3 13:39:03 2025 Epoch: 38
2025-11-03 13:44:22,245 INFO Final training 38/149, loss: 2.6464, time 318.93s, lr: 0.000447
Accuracy: 0.667
class                  precision    recall   specificity      f1   support
--------------------------------------------------------------------------
0                          0.754     0.642         0.861   0.694        67
1                          0.533     0.727         0.844   0.615        33
2                          0.682     0.662         0.790   0.672        68
*----------------------------------------*
2025-11-03 13:44:22,252 INFO 0 Mon Nov  3 13:44:22 2025 Epoch: 39
2025-11-03 13:49:39,240 INFO Final training 39/149, loss: 2.2483, time 316.99s, lr: 0.000443
Accuracy: 0.732
class                  precision    recall   specificity      f1   support
--------------------------------------------------------------------------
0                          0.821     0.687         0.901   0.748        67
1                          0.600     0.727         0.881   0.658        33
2                          0.736     0.779         0.810   0.757        68
*----------------------------------------*
2025-11-03 13:51:06,862 INFO Final validation 39/149, Val_acc: 0.6744, time 87.62sAccuracy: 0.674
class                  precision    recall   specificity      f1   support
--------------------------------------------------------------------------
0                          0.900     0.529         0.962   0.667        17
1                          0.500     0.889         0.765   0.640         9
2                          0.706     0.706         0.808   0.706        17
*========================================*
2025-11-03 13:51:11,820 INFO 0 Mon Nov  3 13:51:11 2025 Epoch: 40
2025-11-03 13:56:43,127 INFO Final training 40/149, loss: 2.5670, time 331.31s, lr: 0.000440
Accuracy: 0.726
class                  precision    recall   specificity      f1   support
--------------------------------------------------------------------------
0                          0.788     0.612         0.891   0.689        67
1                          0.690     0.853         0.903   0.763        34
2                          0.703     0.776         0.782   0.738        67
*----------------------------------------*
2025-11-03 13:56:43,649 INFO 0 Mon Nov  3 13:56:43 2025 Epoch: 41
2025-11-03 14:02:08,344 INFO Final training 41/149, loss: 2.4311, time 324.69s, lr: 0.000436
Accuracy: 0.696
class                  precision    recall   specificity      f1   support
--------------------------------------------------------------------------
0                          0.754     0.676         0.850   0.713        68
1                          0.614     0.794         0.873   0.692        34
2                          0.698     0.667         0.814   0.682        66
*----------------------------------------*
2025-11-03 14:02:08,351 INFO 0 Mon Nov  3 14:02:08 2025 Epoch: 42
2025-11-03 14:07:25,771 INFO Final training 42/149, loss: 2.4625, time 317.42s, lr: 0.000433
Accuracy: 0.720
class                  precision    recall   specificity      f1   support
--------------------------------------------------------------------------
0                          0.821     0.697         0.902   0.754        66
1                          0.619     0.765         0.881   0.684        34
2                          0.700     0.721         0.790   0.710        68
*----------------------------------------*
2025-11-03 14:07:25,778 INFO 0 Mon Nov  3 14:07:25 2025 Epoch: 43
2025-11-03 14:12:44,808 INFO Final training 43/149, loss: 2.2868, time 319.03s, lr: 0.000429
Accuracy: 0.744
class                  precision    recall   specificity      f1   support
--------------------------------------------------------------------------
0                          0.821     0.687         0.901   0.748        67
1                          0.651     0.848         0.889   0.737        33
2                          0.739     0.750         0.820   0.745        68
*----------------------------------------*
2025-11-03 14:14:12,290 INFO Final validation 43/149, Val_acc: 0.7209, time 87.47sAccuracy: 0.721
class                  precision    recall   specificity      f1   support
--------------------------------------------------------------------------
0                          1.000     0.471         1.000   0.640        17
1                          0.571     0.889         0.824   0.696         9
2                          0.714     0.882         0.769   0.789        17
*========================================*
2025-11-03 14:14:17,225 INFO 0 Mon Nov  3 14:14:17 2025 Epoch: 44
2025-11-03 14:19:40,169 INFO Final training 44/149, loss: 2.5107, time 322.94s, lr: 0.000425
Accuracy: 0.774
class                  precision    recall   specificity      f1   support
--------------------------------------------------------------------------
0                          0.823     0.739         0.889   0.779        69
1                          0.675     0.818         0.904   0.740        33
2                          0.788     0.788         0.863   0.788        66
*----------------------------------------*
2025-11-03 14:19:40,261 INFO 0 Mon Nov  3 14:19:40 2025 Epoch: 45
2025-11-03 14:25:06,287 INFO Final training 45/149, loss: 2.6775, time 326.03s, lr: 0.000421
Accuracy: 0.690
class                  precision    recall   specificity      f1   support
--------------------------------------------------------------------------
0                          0.740     0.561         0.873   0.638        66
1                          0.622     0.824         0.873   0.709        34
2                          0.699     0.750         0.780   0.723        68
*----------------------------------------*
2025-11-03 14:25:06,292 INFO 0 Mon Nov  3 14:25:06 2025 Epoch: 46
2025-11-03 14:30:29,302 INFO Final training 46/149, loss: 2.4708, time 323.01s, lr: 0.000417
Accuracy: 0.732
class                  precision    recall   specificity      f1   support
--------------------------------------------------------------------------
0                          0.863     0.647         0.930   0.739        68
1                          0.565     0.812         0.853   0.667        32
2                          0.746     0.779         0.820   0.763        68
*----------------------------------------*
2025-11-03 14:30:29,309 INFO 0 Mon Nov  3 14:30:29 2025 Epoch: 47
2025-11-03 14:35:48,759 INFO Final training 47/149, loss: 2.5757, time 319.45s, lr: 0.000413
Accuracy: 0.744
class                  precision    recall   specificity      f1   support
--------------------------------------------------------------------------
0                          0.839     0.765         0.900   0.800        68
1                          0.595     0.735         0.873   0.658        34
2                          0.750     0.727         0.843   0.738        66
*----------------------------------------*
2025-11-03 14:37:16,443 INFO Final validation 47/149, Val_acc: 0.6744, time 87.68sAccuracy: 0.674
class                  precision    recall   specificity      f1   support
--------------------------------------------------------------------------
0                          0.900     0.529         0.962   0.667        17
1                          0.500     1.000         0.735   0.667         9
2                          0.733     0.647         0.846   0.688        17
*========================================*
2025-11-03 14:37:21,471 INFO 0 Mon Nov  3 14:37:21 2025 Epoch: 48
2025-11-03 14:42:42,408 INFO Final training 48/149, loss: 2.2187, time 320.94s, lr: 0.000408
Accuracy: 0.750
class                  precision    recall   specificity      f1   support
--------------------------------------------------------------------------
0                          0.860     0.731         0.921   0.790        67
1                          0.600     0.882         0.851   0.714        34
2                          0.770     0.701         0.861   0.734        67
*----------------------------------------*
2025-11-03 14:42:42,415 INFO 0 Mon Nov  3 14:42:42 2025 Epoch: 49
2025-11-03 14:48:08,075 INFO Final training 49/149, loss: 2.2349, time 325.66s, lr: 0.000404
Accuracy: 0.774
class                  precision    recall   specificity      f1   support
--------------------------------------------------------------------------
0                          0.852     0.765         0.910   0.806        68
1                          0.667     0.765         0.903   0.712        34
2                          0.765     0.788         0.843   0.776        66
*----------------------------------------*
2025-11-03 14:48:08,079 INFO 0 Mon Nov  3 14:48:08 2025 Epoch: 50
2025-11-03 14:53:36,592 INFO Final training 50/149, loss: 2.2311, time 328.51s, lr: 0.000400
Accuracy: 0.738
class                  precision    recall   specificity      f1   support
--------------------------------------------------------------------------
0                          0.849     0.672         0.921   0.750        67
1                          0.636     0.824         0.881   0.718        34
2                          0.718     0.761         0.802   0.739        67
*----------------------------------------*
2025-11-03 14:53:37,056 INFO 0 Mon Nov  3 14:53:37 2025 Epoch: 51
2025-11-03 14:58:59,001 INFO Final training 51/149, loss: 2.4399, time 321.95s, lr: 0.000395
Accuracy: 0.750
class                  precision    recall   specificity      f1   support
--------------------------------------------------------------------------
0                          0.825     0.765         0.890   0.794        68
1                          0.641     0.758         0.896   0.694        33
2                          0.742     0.731         0.832   0.737        67
*----------------------------------------*
2025-11-03 15:00:26,358 INFO Final validation 51/149, Val_acc: 0.6977, time 87.35sAccuracy: 0.698
class                  precision    recall   specificity      f1   support
--------------------------------------------------------------------------
0                          0.900     0.529         0.962   0.667        17
1                          0.529     1.000         0.765   0.692         9
2                          0.750     0.706         0.846   0.727        17
*========================================*
2025-11-03 15:00:31,891 INFO 0 Mon Nov  3 15:00:31 2025 Epoch: 52
2025-11-03 15:06:01,324 INFO Final training 52/149, loss: 2.1715, time 329.43s, lr: 0.000391
Accuracy: 0.702
class                  precision    recall   specificity      f1   support
--------------------------------------------------------------------------
0                          0.800     0.706         0.880   0.750        68
1                          0.520     0.765         0.821   0.619        34
2                          0.759     0.667         0.863   0.710        66
*----------------------------------------*
2025-11-03 15:06:01,328 INFO 0 Mon Nov  3 15:06:01 2025 Epoch: 53
2025-11-03 15:11:25,943 INFO Final training 53/149, loss: 2.2491, time 324.61s, lr: 0.000386
Accuracy: 0.738
class                  precision    recall   specificity      f1   support
--------------------------------------------------------------------------
0                          0.885     0.697         0.941   0.780        66
1                          0.587     0.794         0.858   0.675        34
2                          0.729     0.750         0.810   0.739        68
*----------------------------------------*
2025-11-03 15:11:25,947 INFO 0 Mon Nov  3 15:11:25 2025 Epoch: 54
2025-11-03 15:16:46,390 INFO Final training 54/149, loss: 2.1949, time 320.44s, lr: 0.000381
Accuracy: 0.756
class                  precision    recall   specificity      f1   support
--------------------------------------------------------------------------
0                          0.860     0.721         0.920   0.784        68
1                          0.614     0.818         0.874   0.701        33
2                          0.761     0.761         0.842   0.761        67
*----------------------------------------*
2025-11-03 15:16:46,395 INFO 0 Mon Nov  3 15:16:46 2025 Epoch: 55
2025-11-03 15:22:10,722 INFO Final training 55/149, loss: 2.1717, time 324.33s, lr: 0.000377
Accuracy: 0.768
class                  precision    recall   specificity      f1   support
--------------------------------------------------------------------------
0                          0.833     0.682         0.912   0.750        66
1                          0.725     0.853         0.918   0.784        34
2                          0.743     0.809         0.810   0.775        68
*----------------------------------------*
2025-11-03 15:23:37,943 INFO Final validation 55/149, Val_acc: 0.7209, time 87.21sAccuracy: 0.721
class                  precision    recall   specificity      f1   support
--------------------------------------------------------------------------
0                          1.000     0.471         1.000   0.640        17
1                          0.615     0.889         0.853   0.727         9
2                          0.682     0.882         0.731   0.769        17
*========================================*
2025-11-03 15:23:42,828 INFO 0 Mon Nov  3 15:23:42 2025 Epoch: 56
2025-11-03 15:29:04,383 INFO Final training 56/149, loss: 1.9726, time 321.55s, lr: 0.000372
Accuracy: 0.792
class                  precision    recall   specificity      f1   support
--------------------------------------------------------------------------
0                          0.836     0.761         0.901   0.797        67
1                          0.718     0.848         0.919   0.778        33
2                          0.794     0.794         0.860   0.794        68
*----------------------------------------*
2025-11-03 15:29:04,390 INFO 0 Mon Nov  3 15:29:04 2025 Epoch: 57
2025-11-03 15:34:25,507 INFO Final training 57/149, loss: 1.8424, time 321.12s, lr: 0.000367
Accuracy: 0.810
class                  precision    recall   specificity      f1   support
--------------------------------------------------------------------------
0                          0.869     0.791         0.921   0.828        67
1                          0.737     0.824         0.925   0.778        34
2                          0.797     0.821         0.861   0.809        67
*----------------------------------------*
2025-11-03 15:34:25,511 INFO 0 Mon Nov  3 15:34:25 2025 Epoch: 58
2025-11-03 15:39:48,813 INFO Final training 58/149, loss: 2.0898, time 323.30s, lr: 0.000362
Accuracy: 0.768
class                  precision    recall   specificity      f1   support
--------------------------------------------------------------------------
0                          0.828     0.768         0.889   0.797        69
1                          0.650     0.839         0.898   0.732        31
2                          0.781     0.735         0.860   0.758        68
*----------------------------------------*
2025-11-03 15:39:48,820 INFO 0 Mon Nov  3 15:39:48 2025 Epoch: 59
2025-11-03 15:45:18,286 INFO Final training 59/149, loss: 2.1192, time 329.47s, lr: 0.000357
Accuracy: 0.720
class                  precision    recall   specificity      f1   support
--------------------------------------------------------------------------
0                          0.875     0.618         0.940   0.724        68
1                          0.596     0.824         0.858   0.691        34
2                          0.699     0.773         0.784   0.734        66
*----------------------------------------*
2025-11-03 15:46:45,950 INFO Final validation 59/149, Val_acc: 0.6512, time 87.66sAccuracy: 0.651
class                  precision    recall   specificity      f1   support
--------------------------------------------------------------------------
0                          0.692     0.529         0.846   0.600        17
1                          0.615     0.889         0.853   0.727         9
2                          0.647     0.647         0.769   0.647        17
*========================================*
2025-11-03 15:46:50,889 INFO 0 Mon Nov  3 15:46:50 2025 Epoch: 60
2025-11-03 15:52:16,807 INFO Final training 60/149, loss: 1.9257, time 325.92s, lr: 0.000352
Accuracy: 0.792
class                  precision    recall   specificity      f1   support
--------------------------------------------------------------------------
0                          0.831     0.806         0.891   0.818        67
1                          0.651     0.824         0.888   0.727        34
2                          0.850     0.761         0.911   0.803        67
*----------------------------------------*
2025-11-03 15:52:17,307 INFO 0 Mon Nov  3 15:52:17 2025 Epoch: 61
2025-11-03 15:57:48,107 INFO Final training 61/149, loss: 1.7345, time 330.80s, lr: 0.000347
Accuracy: 0.780
class                  precision    recall   specificity      f1   support
--------------------------------------------------------------------------
0                          0.831     0.783         0.889   0.806        69
1                          0.683     0.848         0.904   0.757        33
2                          0.790     0.742         0.873   0.766        66
*----------------------------------------*
2025-11-03 15:57:48,114 INFO 0 Mon Nov  3 15:57:48 2025 Epoch: 62
2025-11-03 16:03:12,038 INFO Final training 62/149, loss: 2.1894, time 323.92s, lr: 0.000342
Accuracy: 0.738
class                  precision    recall   specificity      f1   support
--------------------------------------------------------------------------
0                          0.863     0.657         0.931   0.746        67
1                          0.622     0.824         0.873   0.709        34
2                          0.722     0.776         0.802   0.748        67
*----------------------------------------*
2025-11-03 16:03:12,045 INFO 0 Mon Nov  3 16:03:12 2025 Epoch: 63
2025-11-03 16:08:45,267 INFO Final training 63/149, loss: 2.2093, time 333.22s, lr: 0.000337
Accuracy: 0.762
class                  precision    recall   specificity      f1   support
--------------------------------------------------------------------------
0                          0.873     0.727         0.931   0.793        66
1                          0.659     0.794         0.896   0.720        34
2                          0.736     0.779         0.810   0.757        68
*----------------------------------------*
2025-11-03 16:10:12,698 INFO Final validation 63/149, Val_acc: 0.7442, time 87.42sAccuracy: 0.744
class                  precision    recall   specificity      f1   support
--------------------------------------------------------------------------
0                          1.000     0.471         1.000   0.640        17
1                          0.700     0.778         0.912   0.737         9
2                          0.680     1.000         0.692   0.810        17
*========================================*
2025-11-03 16:10:17,580 INFO 0 Mon Nov  3 16:10:17 2025 Epoch: 64
2025-11-03 16:15:54,682 INFO Final training 64/149, loss: 1.7866, time 337.10s, lr: 0.000331
Accuracy: 0.792
class                  precision    recall   specificity      f1   support
--------------------------------------------------------------------------
0                          0.852     0.776         0.911   0.812        67
1                          0.667     0.848         0.896   0.747        33
2                          0.815     0.779         0.880   0.797        68
*----------------------------------------*
2025-11-03 16:15:54,687 INFO 0 Mon Nov  3 16:15:54 2025 Epoch: 65
2025-11-03 16:21:21,737 INFO Final training 65/149, loss: 1.9661, time 327.05s, lr: 0.000326
Accuracy: 0.786
class                  precision    recall   specificity      f1   support
--------------------------------------------------------------------------
0                          0.877     0.735         0.930   0.800        68
1                          0.700     0.824         0.910   0.757        34
2                          0.761     0.818         0.833   0.788        66
*----------------------------------------*
2025-11-03 16:21:21,741 INFO 0 Mon Nov  3 16:21:21 2025 Epoch: 66
2025-11-03 16:26:39,799 INFO Final training 66/149, loss: 1.9214, time 318.06s, lr: 0.000321
Accuracy: 0.768
class                  precision    recall   specificity      f1   support
--------------------------------------------------------------------------
0                          0.909     0.735         0.950   0.813        68
1                          0.614     0.818         0.874   0.701        33
2                          0.754     0.776         0.832   0.765        67
*----------------------------------------*
2025-11-03 16:26:39,806 INFO 0 Mon Nov  3 16:26:39 2025 Epoch: 67
