2025-11-14 17:13:10,863 INFO Log directory: outputs/OrganoidsINRIA_reduced/resnet18/2025-11-14-17-13
2025-11-14 17:13:10,876 INFO {'RandFlipd_prob': 0.2,
 'RandRotate90d_prob': 0.2,
 'RandScaleIntensityd_prob': 0.1,
 'RandShiftIntensityd_prob': 0.1,
 'amp': True,
 'augmentation': True,
 'batch_size': 6,
 'cache_dataset': False,
 'checkpoint_path': None,
 'data_dir': '/home/mraffael/martone_project/Organoids_Dataset_256/',
 'dataset_name': 'OrganoidsINRIA_reduced',
 'debug': True,
 'debug_train_samples': 6,
 'debug_val_samples': 6,
 'dist_backend': 'nccl',
 'dist_url': 'tcp://127.0.0.1:23456',
 'distributed': False,
 'dropout_path_rate': 0.0,
 'dropout_rate': 0.0,
 'early_stopping': True,
 'encoder10_pth': '',
 'exact_class': False,
 'feature_size': 48,
 'fold': 0,
 'folds': False,
 'gpu': 0,
 'ignore_label': 3,
 'in_channels': 1,
 'infer_overlap': 0.5,
 'k_folds': 5,
 'logdir': 'training',
 'logs_dir': 'logs/',
 'loss_name': 'FocalLoss',
 'lrschedule': 'warmup_cosine',
 'max_epochs': 3,
 'min_delta_loss': 0.01,
 'min_delta_val': 0.02,
 'model_name': 'resnet18',
 'momentum': 0.99,
 'noamp': False,
 'norm_name': 'instance',
 'oar_id': 0,
 'optim_lr': 2e-05,
 'optim_name': 'adamw',
 'out_channels': 1,
 'output_dir': 'outputs/',
 'patch_merging': False,
 'patience_loss': 30,
 'patience_val': 10,
 'pretrained_dir': './pretrained_models/resnet18/',
 'pretrained_model_name': 'resnet_18.pth',
 'rank': 0,
 'reg_weight': 5e-05,
 'restart_T0': 20,
 'resume_ckpt': False,
 'roi_x': 128,
 'roi_y': 128,
 'roi_z': 128,
 'save_checkpoint': True,
 'seed': 304,
 'similarity_loss': '',
 'similarity_loss_weight': 10.0,
 'spatial_dims': 3,
 'split_method': 'percentage',
 'start_epoch': 0,
 'sw_batch_size': 8,
 'telegram_log': True,
 'test_mode': False,
 'token': './token/tlg_token.txt',
 'use_checkpoint': False,
 'val_every': 1,
 'warmup_epochs': 3,
 'workers': 8,
 'world_size': 1}
2025-11-14 17:13:10,877 INFO 
2025-11-14 17:13:10,889 INFO Saved configuration to: outputs/OrganoidsINRIA_reduced/resnet18/2025-11-14-17-13/config.txt
2025-11-14 17:13:11,717 INFO Using GPU: 0
2025-11-14 17:13:11,717 INFO 
2025-11-14 17:13:11,717 INFO Model INFO:
2025-11-14 17:13:11,717 INFO Model architecture: resnet18
2025-11-14 17:13:11,994 INFO Using pretrained weights
2025-11-14 17:13:11,994 INFO => loading pretrained model './pretrained_models/resnet18/resnet_18.pth'
2025-11-14 17:13:13,321 INFO Missing keys when loading pretrained: 27
2025-11-14 17:13:13,322 WARNING Warning: ResNet18_3D not found, using ResNet50_3D wrapper as fallback
2025-11-14 17:13:13,322 INFO Using ResNet with Single Linear Classification Head
2025-11-14 17:13:13,322 INFO Total trainable parameters: 33,320,451
2025-11-14 17:13:13,353 INFO 
2025-11-14 17:13:13,353 INFO Optimizer INFO:
2025-11-14 17:13:13,353 INFO Using optimizer: adamw with lr=2e-05, weight_decay=5e-05
2025-11-14 17:13:13,354 INFO 
2025-11-14 17:13:13,354 INFO Dataset INFO:
2025-11-14 17:13:13,372 INFO Dataset length: 721
2025-11-14 17:13:13,372 INFO Class distribution in entire dataset:
2025-11-14 17:13:13,372 INFO   Class 0: 351
2025-11-14 17:13:13,372 INFO   Class 1: 38
2025-11-14 17:13:13,372 INFO   Class 2: 332
2025-11-14 17:13:13,372 INFO 
Using split method: percentage
2025-11-14 17:13:13,456 INFO 
Train set balance:
2025-11-14 17:13:13,457 INFO 
Val set balance:
2025-11-14 17:13:13,457 INFO 
DEBUG MODE ACTIVE
2025-11-14 17:13:13,477 INFO DEBUG: using 6 train samples, 6 val samples
2025-11-14 17:13:13,477 INFO Training set length: 6
2025-11-14 17:13:13,477 INFO Validation set length: 6
2025-11-14 17:13:13,477 INFO 
Using standard shuffle for training
2025-11-14 17:13:13,478 INFO Training loader: 1 batches
2025-11-14 17:13:13,478 INFO Validation loader: 1 batches
2025-11-14 17:13:13,478 INFO 
Class distribution in training set:
2025-11-14 17:13:13,478 INFO   Class 0: 3 (50.0%)
2025-11-14 17:13:13,478 INFO   Class 1: 1 (16.7%)
2025-11-14 17:13:13,478 INFO   Class 2: 2 (33.3%)
2025-11-14 17:13:13,478 INFO Class distribution in validation set:
2025-11-14 17:13:13,478 INFO   Class 0: 3 (50.0%)
2025-11-14 17:13:13,478 INFO   Class 1: 1 (16.7%)
2025-11-14 17:13:13,478 INFO   Class 2: 2 (33.3%)
2025-11-14 17:13:13,478 INFO **************************************************
2025-11-14 17:13:13,632 INFO Class weights: [ 6.667  20.000  10.000]
2025-11-14 17:13:13,632 INFO 
2025-11-14 17:13:13,632 INFO Test Dataset INFO:
2025-11-14 17:13:13,639 INFO Test Dataset length: 82
2025-11-14 17:13:13,639 INFO Class distribution in test dataset:
2025-11-14 17:13:13,639 INFO   Class 0: 40
2025-11-14 17:13:13,639 INFO   Class 1: 5
2025-11-14 17:13:13,639 INFO   Class 2: 37
2025-11-14 17:13:13,639 INFO 
DEBUG MODE ACTIVE - Test Set
2025-11-14 17:13:13,639 INFO DEBUG: using 3 test samples
2025-11-14 17:13:13,639 INFO Test loader: 1 batches
2025-11-14 17:13:13,639 INFO **************************************************
2025-11-14 17:13:13,639 INFO 
2025-11-14 17:13:13,639 INFO Using loss function: FocalLoss
2025-11-14 17:13:13,642 INFO **************************************************
2025-11-14 17:13:13,642 INFO Starting training...
2025-11-14 17:13:13,644 INFO 0 Fri Nov 14 17:13:13 2025 Epoch: 1
2025-11-14 17:13:29,924 INFO Final training 1/3, loss: 6.7233, time 16.28s, lr: 0.000000
Accuracy: 0.167
class                  precision    recall   specificity      f1   support
--------------------------------------------------------------------------
0                          0.000     0.000         1.000   0.000         3
1                          0.167     1.000         0.000   0.286         1
2                          0.000     0.000         1.000   0.000         2
*----------------------------------------*
2025-11-14 17:13:31,877 INFO Final validation 1/3, Val_acc: 0.3333, time 1.55sAccuracy: 0.167
class                  precision    recall   specificity      f1   support
--------------------------------------------------------------------------
0                          0.000     0.000         1.000   0.000         3
1                          0.167     1.000         0.000   0.286         1
2                          0.000     0.000         1.000   0.000         2
*========================================*
2025-11-14 17:13:31,877 INFO New best (0.000000 --> 0.333333)
2025-11-14 17:13:37,446 INFO Copying best model to best_model.pt
2025-11-14 17:13:41,088 INFO 0 Fri Nov 14 17:13:41 2025 Epoch: 2
2025-11-14 17:13:43,380 INFO Final training 2/3, loss: 6.7701, time 2.29s, lr: 0.000010
Accuracy: 0.167
class                  precision    recall   specificity      f1   support
--------------------------------------------------------------------------
0                          0.000     0.000         1.000   0.000         3
1                          0.167     1.000         0.000   0.286         1
2                          0.000     0.000         1.000   0.000         2
*----------------------------------------*
2025-11-14 17:13:43,785 INFO Final validation 2/3, Val_acc: 0.3333, time 0.40sAccuracy: 0.167
class                  precision    recall   specificity      f1   support
--------------------------------------------------------------------------
0                          0.000     0.000         1.000   0.000         3
1                          0.167     1.000         0.000   0.286         1
2                          0.000     0.000         1.000   0.000         2
*========================================*
2025-11-14 17:13:48,142 INFO 0 Fri Nov 14 17:13:48 2025 Epoch: 3
2025-11-14 17:13:51,366 INFO Final training 3/3, loss: 6.2654, time 3.22s, lr: 0.000020
Accuracy: 0.167
class                  precision    recall   specificity      f1   support
--------------------------------------------------------------------------
0                          0.000     0.000         1.000   0.000         3
1                          0.167     1.000         0.000   0.286         1
2                          0.000     0.000         1.000   0.000         2
*----------------------------------------*
2025-11-14 17:13:51,766 INFO Final validation 3/3, Val_acc: 0.3333, time 0.40sAccuracy: 0.167
class                  precision    recall   specificity      f1   support
--------------------------------------------------------------------------
0                          0.000     0.000         1.000   0.000         3
1                          0.167     1.000         0.000   0.286         1
2                          0.000     0.000         1.000   0.000         2
*========================================*
2025-11-14 17:13:56,180 INFO Training Finished! Best Accuracy: 0.3333
2025-11-14 17:13:56,180 INFO ====================================================================================================
2025-11-14 17:13:56,180 INFO 
