2025-11-15 13:23:19,953 INFO Log directory: outputs/OrganoidsINRIA_reduced/resnet18/2025-11-15-13-23
2025-11-15 13:23:19,955 INFO {'RandFlipd_prob': 0.2,
 'RandRotate90d_prob': 0.2,
 'RandScaleIntensityd_prob': 0.1,
 'RandShiftIntensityd_prob': 0.1,
 'amp': True,
 'augmentation': True,
 'batch_size': 6,
 'cache_dataset': False,
 'checkpoint_path': None,
 'data_dir': '/home/mraffael/martone_project/Organoids_Dataset_256/',
 'dataset_name': 'OrganoidsINRIA_reduced',
 'debug': False,
 'debug_train_samples': 40,
 'debug_val_samples': 10,
 'dist_backend': 'nccl',
 'dist_url': 'tcp://127.0.0.1:23456',
 'distributed': False,
 'dropout_path_rate': 0.0,
 'dropout_rate': 0.0,
 'early_stopping': True,
 'encoder10_pth': '',
 'exact_class': False,
 'feature_size': 48,
 'fold': 0,
 'folds': False,
 'gpu': 0,
 'ignore_label': 3,
 'in_channels': 1,
 'infer_overlap': 0.5,
 'k_folds': 5,
 'logdir': 'test',
 'logs_dir': 'logs/',
 'loss_name': 'CE',
 'lrschedule': 'warmup_cosine',
 'max_epochs': 150,
 'min_delta_loss': 0.001,
 'min_delta_val': 0.01,
 'model_name': 'resnet18',
 'momentum': 0.99,
 'noamp': False,
 'norm_name': 'instance',
 'oar_id': 2120518,
 'optim_lr': 0.05,
 'optim_name': 'adamw',
 'out_channels': 1,
 'output_dir': 'outputs/',
 'patch_merging': True,
 'patience_loss': 40,
 'patience_val': 40,
 'pretrained_dir': './pretrained_models/resnet18/',
 'pretrained_model_name': 'resnet_18.pth',
 'rank': 0,
 'reg_weight': 5e-05,
 'restart_T0': 20,
 'resume_ckpt': False,
 'roi_x': 128,
 'roi_y': 128,
 'roi_z': 128,
 'save_checkpoint': True,
 'seed': 3,
 'similarity_loss': '',
 'similarity_loss_weight': 0.0,
 'spatial_dims': 3,
 'split_method': 'stratified',
 'start_epoch': 0,
 'sw_batch_size': 8,
 'telegram_log': True,
 'test_mode': False,
 'token': './token/tlg_token.txt',
 'use_checkpoint': False,
 'val_every': 2,
 'warmup_epochs': 5,
 'workers': 8,
 'world_size': 1}
2025-11-15 13:23:19,955 INFO 
2025-11-15 13:23:19,959 INFO Saved configuration to: outputs/OrganoidsINRIA_reduced/resnet18/2025-11-15-13-23/config.txt
2025-11-15 13:23:20,455 INFO Using GPU: 0
2025-11-15 13:23:20,455 INFO 
2025-11-15 13:23:20,455 INFO Model INFO:
2025-11-15 13:23:20,455 INFO Model architecture: resnet18
2025-11-15 13:23:20,719 INFO Using pretrained weights
2025-11-15 13:23:20,720 INFO => loading pretrained model './pretrained_models/resnet18/resnet_18.pth'
2025-11-15 13:23:21,923 INFO Missing keys when loading pretrained: 27
2025-11-15 13:23:21,923 WARNING Warning: ResNet18_3D not found, using ResNet50_3D wrapper as fallback
2025-11-15 13:23:21,923 INFO Using ResNet with Single Linear Classification Head
2025-11-15 13:23:21,923 INFO Total trainable parameters: 33,320,451
2025-11-15 13:23:21,954 INFO 
2025-11-15 13:23:21,954 INFO Optimizer INFO:
2025-11-15 13:23:21,954 INFO Using optimizer: adamw with lr=0.05, weight_decay=5e-05
2025-11-15 13:23:21,954 INFO 
2025-11-15 13:23:21,954 INFO Dataset INFO:
2025-11-15 13:23:21,970 INFO Dataset length: 721
2025-11-15 13:23:21,970 INFO Class distribution in entire dataset:
2025-11-15 13:23:21,971 INFO   Class 0: 351
2025-11-15 13:23:21,971 INFO   Class 1: 38
2025-11-15 13:23:21,971 INFO   Class 2: 332
2025-11-15 13:23:21,971 INFO 
Using split method: stratified
2025-11-15 13:23:21,983 INFO 
Train set balance:
2025-11-15 13:23:21,983 INFO 
Val set balance:
2025-11-15 13:23:21,983 INFO Training set length: 577
2025-11-15 13:23:21,983 INFO Validation set length: 144
2025-11-15 13:23:21,983 INFO 
Using standard shuffle for training
2025-11-15 13:23:21,984 INFO Training loader: 96 batches
2025-11-15 13:23:21,984 INFO Validation loader: 24 batches
2025-11-15 13:23:21,984 INFO 
Class distribution in training set:
2025-11-15 13:23:21,984 INFO   Class 0: 281 (48.7%)
2025-11-15 13:23:21,984 INFO   Class 1: 30 (5.2%)
2025-11-15 13:23:21,984 INFO   Class 2: 266 (46.1%)
2025-11-15 13:23:21,984 INFO Class distribution in validation set:
2025-11-15 13:23:21,984 INFO   Class 0: 70 (48.6%)
2025-11-15 13:23:21,984 INFO   Class 1: 8 (5.6%)
2025-11-15 13:23:21,984 INFO   Class 2: 66 (45.8%)
2025-11-15 13:23:21,984 INFO **************************************************
2025-11-15 13:23:22,014 INFO Class weights: [ 6.845  64.111  7.231]
2025-11-15 13:23:22,014 INFO 
2025-11-15 13:23:22,014 INFO Test Dataset INFO:
2025-11-15 13:23:22,020 INFO Test Dataset length: 82
2025-11-15 13:23:22,020 INFO Class distribution in test dataset:
2025-11-15 13:23:22,020 INFO   Class 0: 40
2025-11-15 13:23:22,020 INFO   Class 1: 5
2025-11-15 13:23:22,020 INFO   Class 2: 37
2025-11-15 13:23:22,020 INFO Test loader: 14 batches
2025-11-15 13:23:22,020 INFO **************************************************
2025-11-15 13:23:22,021 INFO 
2025-11-15 13:23:22,021 INFO Using loss function: CE
2025-11-15 13:23:22,023 INFO **************************************************
2025-11-15 13:23:22,023 INFO Starting training...
2025-11-15 13:23:22,025 INFO 0 Sat Nov 15 13:23:22 2025 Epoch: 1
2025-11-15 13:26:52,300 INFO Final training 1/150, loss: 1.0735, time 210.27s, lr: 0.000000
Accuracy: 0.488
class                  precision    recall   specificity      f1   support
--------------------------------------------------------------------------
0                          0.488     1.000         0.000   0.656       281
1                          0.000     0.000         1.000   0.000        30
2                          0.000     0.000         1.000   0.000       265
*----------------------------------------*
2025-11-15 13:26:52,795 INFO 0 Sat Nov 15 13:26:52 2025 Epoch: 2
2025-11-15 13:29:55,793 INFO Final training 2/150, loss: 1.1591, time 183.00s, lr: 0.012500
Accuracy: 0.488
class                  precision    recall   specificity      f1   support
--------------------------------------------------------------------------
0                          0.602     0.523         0.671   0.560       281
1                          0.049     0.133         0.859   0.072        30
2                          0.518     0.491         0.611   0.504       265
*----------------------------------------*
2025-11-15 13:30:38,211 INFO Final validation 2/150, Val_acc: 0.7667, time 42.42sAccuracy: 0.819
class                  precision    recall   specificity      f1   support
--------------------------------------------------------------------------
0                          0.915     0.771         0.932   0.837        70
1                          0.000     0.000         1.000   0.000         8
2                          0.753     0.970         0.731   0.848        66
*========================================*
2025-11-15 13:30:38,211 INFO New best (0.000000 --> 0.766667)
2025-11-15 13:30:46,956 INFO Copying best model to best_model.pt
2025-11-15 13:30:52,116 INFO 0 Sat Nov 15 13:30:52 2025 Epoch: 3
2025-11-15 13:33:57,893 INFO Final training 3/150, loss: 0.9506, time 185.78s, lr: 0.025000
Accuracy: 0.655
class                  precision    recall   specificity      f1   support
--------------------------------------------------------------------------
0                          0.692     0.680         0.712   0.686       281
1                          0.114     0.133         0.943   0.123        30
2                          0.687     0.687         0.733   0.687       265
*----------------------------------------*
2025-11-15 13:33:57,893 INFO 0 Sat Nov 15 13:33:57 2025 Epoch: 4
2025-11-15 13:37:06,973 INFO Final training 4/150, loss: 0.9904, time 189.08s, lr: 0.037500
Accuracy: 0.575
class                  precision    recall   specificity      f1   support
--------------------------------------------------------------------------
0                          0.611     0.579         0.652   0.594       280
1                          0.045     0.033         0.962   0.038        30
2                          0.581     0.632         0.610   0.605       266
*----------------------------------------*
2025-11-15 13:37:24,180 INFO Final validation 4/150, Val_acc: 0.7506, time 17.21sAccuracy: 0.806
class                  precision    recall   specificity      f1   support
--------------------------------------------------------------------------
0                          0.885     0.771         0.905   0.824        70
1                          0.000     0.000         1.000   0.000         8
2                          0.747     0.939         0.731   0.832        66
*========================================*
2025-11-15 13:37:28,529 INFO 0 Sat Nov 15 13:37:28 2025 Epoch: 5
2025-11-15 13:40:27,788 INFO Final training 5/150, loss: 0.9351, time 179.26s, lr: 0.050000
Accuracy: 0.604
class                  precision    recall   specificity      f1   support
--------------------------------------------------------------------------
0                          0.694     0.598         0.749   0.642       281
1                          0.109     0.233         0.896   0.149        30
2                          0.641     0.653         0.688   0.647       265
*----------------------------------------*
2025-11-15 13:40:27,788 INFO 0 Sat Nov 15 13:40:27 2025 Epoch: 6
2025-11-15 13:43:38,469 INFO Final training 6/150, loss: 0.8847, time 190.68s, lr: 0.050000
Accuracy: 0.648
class                  precision    recall   specificity      f1   support
--------------------------------------------------------------------------
0                          0.703     0.661         0.736   0.681       280
1                          0.127     0.233         0.912   0.165        30
2                          0.702     0.680         0.752   0.691       266
*----------------------------------------*
2025-11-15 13:43:55,674 INFO Final validation 6/150, Val_acc: 0.7422, time 17.20sAccuracy: 0.792
class                  precision    recall   specificity      f1   support
--------------------------------------------------------------------------
0                          0.958     0.657         0.973   0.780        70
1                          0.429     0.375         0.971   0.400         8
2                          0.730     0.985         0.692   0.839        66
*========================================*
2025-11-15 13:44:00,061 INFO 0 Sat Nov 15 13:44:00 2025 Epoch: 7
2025-11-15 13:47:05,105 INFO Final training 7/150, loss: 0.9332, time 185.04s, lr: 0.049994
Accuracy: 0.552
class                  precision    recall   specificity      f1   support
--------------------------------------------------------------------------
0                          0.631     0.532         0.706   0.578       280
1                          0.125     0.267         0.897   0.170        30
2                          0.583     0.605         0.629   0.594       266
*----------------------------------------*
2025-11-15 13:47:05,106 INFO 0 Sat Nov 15 13:47:05 2025 Epoch: 8
2025-11-15 13:50:13,629 INFO Final training 8/150, loss: 0.8729, time 188.52s, lr: 0.049977
Accuracy: 0.661
class                  precision    recall   specificity      f1   support
--------------------------------------------------------------------------
0                          0.729     0.700         0.753   0.714       280
1                          0.157     0.267         0.921   0.198        30
2                          0.691     0.665         0.745   0.678       266
*----------------------------------------*
2025-11-15 13:50:30,991 INFO Final validation 8/150, Val_acc: 0.6749, time 17.36sAccuracy: 0.715
class                  precision    recall   specificity      f1   support
--------------------------------------------------------------------------
0                          0.950     0.543         0.973   0.691        70
1                          0.000     0.000         1.000   0.000         8
2                          0.625     0.985         0.500   0.765        66
*========================================*
2025-11-15 13:50:35,376 INFO 0 Sat Nov 15 13:50:35 2025 Epoch: 9
2025-11-15 13:53:41,841 INFO Final training 9/150, loss: 0.7507, time 186.46s, lr: 0.049947
Accuracy: 0.688
class                  precision    recall   specificity      f1   support
--------------------------------------------------------------------------
0                          0.775     0.675         0.814   0.721       280
1                          0.213     0.533         0.892   0.305        30
2                          0.743     0.718         0.787   0.730       266
*----------------------------------------*
2025-11-15 13:53:41,841 INFO 0 Sat Nov 15 13:53:41 2025 Epoch: 10
2025-11-15 13:56:45,960 INFO Final training 10/150, loss: 0.7171, time 184.12s, lr: 0.049906
Accuracy: 0.714
class                  precision    recall   specificity      f1   support
--------------------------------------------------------------------------
0                          0.821     0.689         0.858   0.750       280
1                          0.197     0.400         0.910   0.264        30
2                          0.736     0.774         0.761   0.755       266
*----------------------------------------*
2025-11-15 13:57:02,981 INFO Final validation 10/150, Val_acc: 0.7291, time 17.02sAccuracy: 0.785
class                  precision    recall   specificity      f1   support
--------------------------------------------------------------------------
0                          0.902     0.657         0.932   0.760        70
1                          0.385     0.625         0.941   0.476         8
2                          0.775     0.939         0.769   0.849        66
*========================================*
2025-11-15 13:57:07,382 INFO 0 Sat Nov 15 13:57:07 2025 Epoch: 11
2025-11-15 14:00:15,562 INFO Final training 11/150, loss: 0.7566, time 188.18s, lr: 0.049853
Accuracy: 0.679
class                  precision    recall   specificity      f1   support
--------------------------------------------------------------------------
0                          0.771     0.675         0.811   0.720       280
1                          0.209     0.467         0.903   0.289        30
2                          0.712     0.707         0.755   0.709       266
*----------------------------------------*
2025-11-15 14:00:16,046 INFO 0 Sat Nov 15 14:00:16 2025 Epoch: 12
2025-11-15 14:03:17,128 INFO Final training 12/150, loss: 0.6765, time 181.08s, lr: 0.049789
Accuracy: 0.719
class                  precision    recall   specificity      f1   support
--------------------------------------------------------------------------
0                          0.812     0.696         0.848   0.750       280
1                          0.225     0.600         0.886   0.327        30
2                          0.785     0.756         0.823   0.770       266
*----------------------------------------*
2025-11-15 14:03:34,138 INFO Final validation 12/150, Val_acc: 0.7766, time 17.01sAccuracy: 0.812
class                  precision    recall   specificity      f1   support
--------------------------------------------------------------------------
0                          0.925     0.700         0.946   0.797        70
1                          0.625     0.625         0.978   0.625         8
2                          0.759     0.955         0.744   0.846        66
*========================================*
2025-11-15 14:03:34,138 INFO New best (0.766667 --> 0.776620)
2025-11-15 14:03:40,092 INFO Copying best model to best_model.pt
2025-11-15 14:03:43,800 INFO 0 Sat Nov 15 14:03:43 2025 Epoch: 13
2025-11-15 14:06:42,760 INFO Final training 13/150, loss: 0.7434, time 178.96s, lr: 0.049713
Accuracy: 0.724
class                  precision    recall   specificity      f1   support
--------------------------------------------------------------------------
0                          0.806     0.694         0.841   0.746       281
1                          0.236     0.586         0.899   0.337        29
2                          0.782     0.771         0.816   0.777       266
*----------------------------------------*
2025-11-15 14:06:42,761 INFO 0 Sat Nov 15 14:06:42 2025 Epoch: 14
2025-11-15 14:09:47,920 INFO Final training 14/150, loss: 0.6248, time 185.16s, lr: 0.049625
Accuracy: 0.743
class                  precision    recall   specificity      f1   support
--------------------------------------------------------------------------
0                          0.858     0.687         0.892   0.763       281
1                          0.253     0.667         0.892   0.367        30
2                          0.790     0.811         0.817   0.801       265
*----------------------------------------*
2025-11-15 14:10:05,496 INFO Final validation 14/150, Val_acc: 0.7941, time 17.58sAccuracy: 0.826
class                  precision    recall   specificity      f1   support
--------------------------------------------------------------------------
0                          0.962     0.729         0.973   0.829        70
1                          0.750     0.375         0.993   0.500         8
2                          0.747     0.985         0.718   0.850        66
*========================================*
2025-11-15 14:10:05,496 INFO New best (0.776620 --> 0.794097)
2025-11-15 14:10:11,393 INFO Copying best model to best_model.pt
2025-11-15 14:10:15,166 INFO 0 Sat Nov 15 14:10:15 2025 Epoch: 15
2025-11-15 14:13:23,495 INFO Final training 15/150, loss: 0.5765, time 188.33s, lr: 0.049526
Accuracy: 0.766
class                  precision    recall   specificity      f1   support
--------------------------------------------------------------------------
0                          0.853     0.765         0.875   0.807       281
1                          0.281     0.600         0.916   0.383        30
2                          0.800     0.785         0.833   0.792       265
*----------------------------------------*
2025-11-15 14:13:23,575 INFO 0 Sat Nov 15 14:13:23 2025 Epoch: 16
2025-11-15 14:16:34,533 INFO Final training 16/150, loss: 0.5555, time 190.96s, lr: 0.049416
Accuracy: 0.769
class                  precision    recall   specificity      f1   support
--------------------------------------------------------------------------
0                          0.847     0.751         0.871   0.796       281
1                          0.317     0.667         0.921   0.430        30
2                          0.803     0.800         0.833   0.802       265
*----------------------------------------*
2025-11-15 14:16:51,562 INFO Final validation 16/150, Val_acc: 0.7625, time 17.03sAccuracy: 0.799
class                  precision    recall   specificity      f1   support
--------------------------------------------------------------------------
0                          0.978     0.643         0.986   0.776        70
1                          0.800     0.500         0.993   0.615         8
2                          0.710     1.000         0.654   0.830        66
*========================================*
2025-11-15 14:16:56,021 INFO 0 Sat Nov 15 14:16:56 2025 Epoch: 17
2025-11-15 14:20:00,313 INFO Final training 17/150, loss: 0.5915, time 184.29s, lr: 0.049293
Accuracy: 0.778
class                  precision    recall   specificity      f1   support
--------------------------------------------------------------------------
0                          0.861     0.747         0.885   0.800       281
1                          0.308     0.667         0.918   0.421        30
2                          0.816     0.823         0.842   0.820       265
*----------------------------------------*
2025-11-15 14:20:00,313 INFO 0 Sat Nov 15 14:20:00 2025 Epoch: 18
2025-11-15 14:23:03,674 INFO Final training 18/150, loss: 0.5666, time 183.36s, lr: 0.049160
Accuracy: 0.771
class                  precision    recall   specificity      f1   support
--------------------------------------------------------------------------
0                          0.879     0.751         0.902   0.810       281
1                          0.264     0.633         0.903   0.373        30
2                          0.811     0.808         0.839   0.809       265
*----------------------------------------*
2025-11-15 14:23:21,086 INFO Final validation 18/150, Val_acc: 0.7556, time 17.41sAccuracy: 0.792
class                  precision    recall   specificity      f1   support
--------------------------------------------------------------------------
0                          0.978     0.629         0.986   0.765        70
1                          0.800     0.500         0.993   0.615         8
2                          0.702     1.000         0.641   0.825        66
*========================================*
2025-11-15 14:23:25,553 INFO 0 Sat Nov 15 14:23:25 2025 Epoch: 19
2025-11-15 14:26:33,531 INFO Final training 19/150, loss: 0.5266, time 187.98s, lr: 0.049015
Accuracy: 0.797
class                  precision    recall   specificity      f1   support
--------------------------------------------------------------------------
0                          0.888     0.762         0.908   0.820       281
1                          0.319     0.733         0.914   0.444        30
2                          0.838     0.842         0.862   0.840       265
*----------------------------------------*
2025-11-15 14:26:33,531 INFO 0 Sat Nov 15 14:26:33 2025 Epoch: 20
2025-11-15 14:29:40,630 INFO Final training 20/150, loss: 0.5302, time 187.10s, lr: 0.048859
Accuracy: 0.800
class                  precision    recall   specificity      f1   support
--------------------------------------------------------------------------
0                          0.883     0.782         0.902   0.830       280
1                          0.333     0.667         0.927   0.444        30
2                          0.828     0.835         0.852   0.831       266
*----------------------------------------*
2025-11-15 14:29:57,661 INFO Final validation 20/150, Val_acc: 0.7417, time 17.03sAccuracy: 0.778
class                  precision    recall   specificity      f1   support
--------------------------------------------------------------------------
0                          0.977     0.614         0.986   0.754        70
1                          0.455     0.625         0.956   0.526         8
2                          0.719     0.970         0.679   0.826        66
*========================================*
2025-11-15 14:30:02,003 INFO 0 Sat Nov 15 14:30:01 2025 Epoch: 21
2025-11-15 14:33:08,087 INFO Final training 21/150, loss: 0.5038, time 186.08s, lr: 0.048691
Accuracy: 0.797
class                  precision    recall   specificity      f1   support
--------------------------------------------------------------------------
0                          0.902     0.757         0.922   0.823       280
1                          0.333     0.800         0.912   0.471        30
2                          0.829     0.838         0.852   0.834       266
*----------------------------------------*
2025-11-15 14:33:08,533 INFO 0 Sat Nov 15 14:33:08 2025 Epoch: 22
2025-11-15 14:36:13,687 INFO Final training 22/150, loss: 0.4355, time 185.15s, lr: 0.048513
Accuracy: 0.819
class                  precision    recall   specificity      f1   support
--------------------------------------------------------------------------
0                          0.890     0.811         0.905   0.849       280
1                          0.407     0.800         0.936   0.539        30
2                          0.844     0.831         0.868   0.837       266
*----------------------------------------*
2025-11-15 14:36:30,948 INFO Final validation 22/150, Val_acc: 0.7639, time 17.26sAccuracy: 0.799
class                  precision    recall   specificity      f1   support
--------------------------------------------------------------------------
0                          0.731     0.971         0.662   0.834        70
1                          1.000     0.250         1.000   0.400         8
2                          0.918     0.682         0.949   0.783        66
*========================================*
2025-11-15 14:36:35,294 INFO 0 Sat Nov 15 14:36:35 2025 Epoch: 23
2025-11-15 14:39:42,430 INFO Final training 23/150, loss: 0.5832, time 187.14s, lr: 0.048323
Accuracy: 0.809
class                  precision    recall   specificity      f1   support
--------------------------------------------------------------------------
0                          0.907     0.801         0.922   0.851       281
1                          0.281     0.621         0.916   0.387        29
2                          0.845     0.838         0.868   0.842       266
*----------------------------------------*
2025-11-15 14:39:42,430 INFO 0 Sat Nov 15 14:39:42 2025 Epoch: 24
2025-11-15 14:42:49,869 INFO Final training 24/150, loss: 0.5199, time 187.44s, lr: 0.048123
Accuracy: 0.800
class                  precision    recall   specificity      f1   support
--------------------------------------------------------------------------
0                          0.891     0.789         0.909   0.837       280
1                          0.288     0.567         0.923   0.382        30
2                          0.829     0.838         0.852   0.834       266
*----------------------------------------*
2025-11-15 14:43:07,389 INFO Final validation 24/150, Val_acc: 0.7265, time 17.52sAccuracy: 0.799
class                  precision    recall   specificity      f1   support
--------------------------------------------------------------------------
0                          0.962     0.714         0.973   0.820        70
1                          0.333     0.625         0.926   0.435         8
2                          0.779     0.909         0.782   0.839        66
*========================================*
2025-11-15 14:43:11,773 INFO 0 Sat Nov 15 14:43:11 2025 Epoch: 25
2025-11-15 14:46:15,792 INFO Final training 25/150, loss: 0.4116, time 184.02s, lr: 0.047911
Accuracy: 0.845
class                  precision    recall   specificity      f1   support
--------------------------------------------------------------------------
0                          0.935     0.826         0.946   0.877       281
1                          0.390     0.767         0.934   0.517        30
2                          0.862     0.875         0.881   0.869       265
*----------------------------------------*
2025-11-15 14:46:15,793 INFO 0 Sat Nov 15 14:46:15 2025 Epoch: 26
2025-11-15 14:49:21,464 INFO Final training 26/150, loss: 0.3929, time 185.67s, lr: 0.047689
Accuracy: 0.856
class                  precision    recall   specificity      f1   support
--------------------------------------------------------------------------
0                          0.920     0.865         0.929   0.892       281
1                          0.442     0.767         0.947   0.561        30
2                          0.873     0.857         0.894   0.865       265
*----------------------------------------*
2025-11-15 14:49:38,874 INFO Final validation 26/150, Val_acc: 0.8337, time 17.41sAccuracy: 0.882
class                  precision    recall   specificity      f1   support
--------------------------------------------------------------------------
0                          0.968     0.871         0.973   0.917        70
1                          0.500     0.625         0.963   0.556         8
2                          0.859     0.924         0.872   0.891        66
*========================================*
2025-11-15 14:49:38,874 INFO New best (0.794097 --> 0.833681)
2025-11-15 14:49:44,669 INFO Copying best model to best_model.pt
2025-11-15 14:49:48,398 INFO 0 Sat Nov 15 14:49:48 2025 Epoch: 27
2025-11-15 14:52:50,544 INFO Final training 27/150, loss: 0.3232, time 182.15s, lr: 0.047457
Accuracy: 0.877
class                  precision    recall   specificity      f1   support
--------------------------------------------------------------------------
0                          0.937     0.854         0.946   0.893       280
1                          0.509     0.933         0.951   0.659        30
2                          0.895     0.895         0.910   0.895       266
*----------------------------------------*
2025-11-15 14:52:50,633 INFO 0 Sat Nov 15 14:52:50 2025 Epoch: 28
2025-11-15 14:56:02,720 INFO Final training 28/150, loss: 0.4126, time 192.09s, lr: 0.047213
Accuracy: 0.865
class                  precision    recall   specificity      f1   support
--------------------------------------------------------------------------
0                          0.943     0.829         0.953   0.883       281
1                          0.421     0.800         0.940   0.552        30
2                          0.886     0.909         0.900   0.898       265
*----------------------------------------*
2025-11-15 14:56:19,815 INFO Final validation 28/150, Val_acc: 0.7696, time 17.09sAccuracy: 0.826
class                  precision    recall   specificity      f1   support
--------------------------------------------------------------------------
0                          0.917     0.786         0.932   0.846        70
1                          0.571     0.500         0.978   0.533         8
2                          0.779     0.909         0.782   0.839        66
*========================================*
2025-11-15 14:56:24,168 INFO 0 Sat Nov 15 14:56:24 2025 Epoch: 29
2025-11-15 14:59:24,105 INFO Final training 29/150, loss: 0.3622, time 179.94s, lr: 0.046960
Accuracy: 0.877
class                  precision    recall   specificity      f1   support
--------------------------------------------------------------------------
0                          0.928     0.879         0.936   0.903       280
1                          0.473     0.867         0.947   0.612        30
2                          0.910     0.876         0.926   0.893       266
*----------------------------------------*
2025-11-15 14:59:24,106 INFO 0 Sat Nov 15 14:59:24 2025 Epoch: 30
2025-11-15 15:02:35,393 INFO Final training 30/150, loss: 0.3363, time 191.29s, lr: 0.046696
Accuracy: 0.872
class                  precision    recall   specificity      f1   support
--------------------------------------------------------------------------
0                          0.942     0.865         0.949   0.902       281
1                          0.463     0.833         0.947   0.595        30
2                          0.886     0.883         0.904   0.885       265
*----------------------------------------*
2025-11-15 15:02:52,193 INFO Final validation 30/150, Val_acc: 0.7615, time 16.80sAccuracy: 0.819
class                  precision    recall   specificity      f1   support
--------------------------------------------------------------------------
0                          0.963     0.743         0.973   0.839        70
1                          0.400     0.500         0.956   0.444         8
2                          0.775     0.939         0.769   0.849        66
*========================================*
2025-11-15 15:02:56,595 INFO 0 Sat Nov 15 15:02:56 2025 Epoch: 31
2025-11-15 15:05:57,592 INFO Final training 31/150, loss: 0.3591, time 181.00s, lr: 0.046421
Accuracy: 0.859
class                  precision    recall   specificity      f1   support
--------------------------------------------------------------------------
0                          0.938     0.854         0.946   0.894       281
1                          0.444     0.800         0.945   0.571        30
2                          0.868     0.872         0.887   0.870       265
*----------------------------------------*
2025-11-15 15:05:57,996 INFO 0 Sat Nov 15 15:05:57 2025 Epoch: 32
2025-11-15 15:09:05,244 INFO Final training 32/150, loss: 0.3850, time 187.25s, lr: 0.046137
Accuracy: 0.851
class                  precision    recall   specificity      f1   support
--------------------------------------------------------------------------
0                          0.921     0.833         0.932   0.875       281
1                          0.510     0.833         0.956   0.633        30
2                          0.846     0.872         0.865   0.859       265
*----------------------------------------*
2025-11-15 15:09:22,333 INFO Final validation 32/150, Val_acc: 0.6762, time 17.09sAccuracy: 0.715
class                  precision    recall   specificity      f1   support
--------------------------------------------------------------------------
0                          0.971     0.486         0.986   0.648        70
1                          0.500     0.625         0.963   0.556         8
2                          0.646     0.970         0.551   0.776        66
*========================================*
2025-11-15 15:09:26,689 INFO 0 Sat Nov 15 15:09:26 2025 Epoch: 33
2025-11-15 15:12:35,495 INFO Final training 33/150, loss: 0.3001, time 188.81s, lr: 0.045843
Accuracy: 0.898
class                  precision    recall   specificity      f1   support
--------------------------------------------------------------------------
0                          0.957     0.879         0.963   0.916       280
1                          0.568     0.833         0.965   0.676        30
2                          0.895     0.925         0.906   0.909       266
*----------------------------------------*
2025-11-15 15:12:35,575 INFO 0 Sat Nov 15 15:12:35 2025 Epoch: 34
2025-11-15 15:15:46,680 INFO Final training 34/150, loss: 0.4545, time 191.10s, lr: 0.045539
Accuracy: 0.854
class                  precision    recall   specificity      f1   support
--------------------------------------------------------------------------
0                          0.927     0.861         0.936   0.893       280
1                          0.392     0.667         0.943   0.494        30
2                          0.872     0.868         0.890   0.870       266
*----------------------------------------*
2025-11-15 15:16:02,810 INFO Final validation 34/150, Val_acc: 0.7091, time 16.13sAccuracy: 0.743
class                  precision    recall   specificity      f1   support
--------------------------------------------------------------------------
0                          0.977     0.600         0.986   0.743        70
1                          0.368     0.875         0.912   0.519         8
2                          0.707     0.879         0.692   0.784        66
*========================================*
2025-11-15 15:16:07,207 INFO 0 Sat Nov 15 15:16:07 2025 Epoch: 35
2025-11-15 15:19:13,241 INFO Final training 35/150, loss: 0.3310, time 186.03s, lr: 0.045225
Accuracy: 0.870
class                  precision    recall   specificity      f1   support
--------------------------------------------------------------------------
0                          0.944     0.850         0.953   0.895       280
1                          0.500     0.967         0.947   0.659        30
2                          0.880     0.880         0.897   0.880       266
*----------------------------------------*
2025-11-15 15:19:13,242 INFO 0 Sat Nov 15 15:19:13 2025 Epoch: 36
2025-11-15 15:22:26,136 INFO Final training 36/150, loss: 0.3885, time 192.89s, lr: 0.044902
Accuracy: 0.884
class                  precision    recall   specificity      f1   support
--------------------------------------------------------------------------
0                          0.935     0.875         0.942   0.904       281
1                          0.587     0.900         0.965   0.711        30
2                          0.884     0.891         0.900   0.887       265
*----------------------------------------*
2025-11-15 15:22:43,049 INFO Final validation 36/150, Val_acc: 0.7674, time 16.91sAccuracy: 0.812
class                  precision    recall   specificity      f1   support
--------------------------------------------------------------------------
0                          0.980     0.700         0.986   0.817        70
1                          0.500     0.625         0.963   0.556         8
2                          0.750     0.955         0.731   0.840        66
*========================================*
2025-11-15 15:22:47,467 INFO 0 Sat Nov 15 15:22:47 2025 Epoch: 37
2025-11-15 15:25:54,034 INFO Final training 37/150, loss: 0.2930, time 186.57s, lr: 0.044570
Accuracy: 0.898
class                  precision    recall   specificity      f1   support
--------------------------------------------------------------------------
0                          0.954     0.886         0.959   0.919       280
1                          0.562     0.900         0.962   0.692        30
2                          0.903     0.910         0.916   0.906       266
*----------------------------------------*
2025-11-15 15:25:54,034 INFO 0 Sat Nov 15 15:25:54 2025 Epoch: 38
2025-11-15 15:28:58,807 INFO Final training 38/150, loss: 0.3227, time 184.77s, lr: 0.044228
Accuracy: 0.884
class                  precision    recall   specificity      f1   support
--------------------------------------------------------------------------
0                          0.939     0.875         0.946   0.906       280
1                          0.562     0.900         0.962   0.692        30
2                          0.888     0.891         0.903   0.889       266
*----------------------------------------*
2025-11-15 15:29:15,411 INFO Final validation 38/150, Val_acc: 0.6500, time 16.60sAccuracy: 0.667
class                  precision    recall   specificity      f1   support
--------------------------------------------------------------------------
0                          0.967     0.414         0.986   0.580        70
1                          0.467     0.875         0.941   0.609         8
2                          0.606     0.909         0.500   0.727        66
*========================================*
2025-11-15 15:29:19,775 INFO 0 Sat Nov 15 15:29:19 2025 Epoch: 39
2025-11-15 15:32:25,746 INFO Final training 39/150, loss: 0.2681, time 185.97s, lr: 0.043878
Accuracy: 0.901
class                  precision    recall   specificity      f1   support
--------------------------------------------------------------------------
0                          0.947     0.896         0.953   0.921       280
1                          0.609     0.933         0.967   0.737        30
2                          0.906     0.902         0.919   0.904       266
*----------------------------------------*
2025-11-15 15:32:25,746 INFO 0 Sat Nov 15 15:32:25 2025 Epoch: 40
2025-11-15 15:35:30,335 INFO Final training 40/150, loss: 0.2533, time 184.59s, lr: 0.043518
Accuracy: 0.906
class                  precision    recall   specificity      f1   support
--------------------------------------------------------------------------
0                          0.951     0.897         0.956   0.923       281
1                          0.604     0.967         0.965   0.744        30
2                          0.916     0.909         0.929   0.913       265
*----------------------------------------*
2025-11-15 15:35:46,265 INFO Final validation 40/150, Val_acc: 0.6725, time 15.93sAccuracy: 0.694
class                  precision    recall   specificity      f1   support
--------------------------------------------------------------------------
0                          0.970     0.457         0.986   0.621        70
1                          0.455     0.625         0.956   0.526         8
2                          0.630     0.955         0.526   0.759        66
*========================================*
2025-11-15 15:35:50,655 INFO 0 Sat Nov 15 15:35:50 2025 Epoch: 41
2025-11-15 15:38:55,522 INFO Final training 41/150, loss: 0.3217, time 184.87s, lr: 0.043150
Accuracy: 0.872
class                  precision    recall   specificity      f1   support
--------------------------------------------------------------------------
0                          0.960     0.847         0.966   0.900       281
1                          0.426     0.767         0.943   0.548        30
2                          0.880     0.909         0.894   0.894       265
*----------------------------------------*
2025-11-15 15:38:56,118 INFO 0 Sat Nov 15 15:38:56 2025 Epoch: 42
2025-11-15 15:42:01,799 INFO Final training 42/150, loss: 0.2924, time 185.68s, lr: 0.042773
Accuracy: 0.889
class                  precision    recall   specificity      f1   support
--------------------------------------------------------------------------
0                          0.942     0.868         0.949   0.903       280
1                          0.643     0.900         0.973   0.750        30
2                          0.877     0.910         0.890   0.893       266
*----------------------------------------*
2025-11-15 15:42:19,225 INFO Final validation 42/150, Val_acc: 0.7477, time 17.42sAccuracy: 0.792
class                  precision    recall   specificity      f1   support
--------------------------------------------------------------------------
0                          0.978     0.643         0.986   0.776        70
1                          0.545     0.750         0.963   0.632         8
2                          0.724     0.955         0.692   0.824        66
*========================================*
2025-11-15 15:42:23,722 INFO 0 Sat Nov 15 15:42:23 2025 Epoch: 43
2025-11-15 15:45:24,176 INFO Final training 43/150, loss: 0.2913, time 180.45s, lr: 0.042388
Accuracy: 0.899
class                  precision    recall   specificity      f1   support
--------------------------------------------------------------------------
0                          0.958     0.893         0.963   0.924       280
1                          0.542     0.867         0.960   0.667        30
2                          0.906     0.910         0.919   0.908       266
*----------------------------------------*
2025-11-15 15:45:24,177 INFO 0 Sat Nov 15 15:45:24 2025 Epoch: 44
2025-11-15 15:48:26,359 INFO Final training 44/150, loss: 0.2775, time 182.18s, lr: 0.041995
Accuracy: 0.903
class                  precision    recall   specificity      f1   support
--------------------------------------------------------------------------
0                          0.958     0.883         0.963   0.919       281
1                          0.562     0.900         0.962   0.692        30
2                          0.911     0.925         0.923   0.918       265
*----------------------------------------*
2025-11-15 15:48:43,478 INFO Final validation 44/150, Val_acc: 0.7227, time 17.12sAccuracy: 0.764
class                  precision    recall   specificity      f1   support
--------------------------------------------------------------------------
0                          0.977     0.614         0.986   0.754        70
1                          0.429     0.750         0.941   0.545         8
2                          0.709     0.924         0.679   0.803        66
*========================================*
2025-11-15 15:48:47,894 INFO 0 Sat Nov 15 15:48:47 2025 Epoch: 45
2025-11-15 15:51:55,412 INFO Final training 45/150, loss: 0.3038, time 187.52s, lr: 0.041594
Accuracy: 0.908
class                  precision    recall   specificity      f1   support
--------------------------------------------------------------------------
0                          0.965     0.890         0.969   0.926       281
1                          0.587     0.931         0.965   0.720        29
2                          0.908     0.925         0.919   0.916       266
*----------------------------------------*
2025-11-15 15:51:55,412 INFO 0 Sat Nov 15 15:51:55 2025 Epoch: 46
2025-11-15 15:55:00,671 INFO Final training 46/150, loss: 0.2878, time 185.26s, lr: 0.041185
Accuracy: 0.905
class                  precision    recall   specificity      f1   support
--------------------------------------------------------------------------
0                          0.944     0.900         0.949   0.922       281
1                          0.628     0.900         0.971   0.740        30
2                          0.909     0.909         0.923   0.909       265
*----------------------------------------*
2025-11-15 15:55:18,127 INFO Final validation 46/150, Val_acc: 0.7569, time 17.46sAccuracy: 0.806
class                  precision    recall   specificity      f1   support
--------------------------------------------------------------------------
0                          0.980     0.686         0.986   0.807        70
1                          0.500     0.625         0.963   0.556         8
2                          0.741     0.955         0.718   0.834        66
*========================================*
2025-11-15 15:55:22,479 INFO 0 Sat Nov 15 15:55:22 2025 Epoch: 47
2025-11-15 15:58:29,737 INFO Final training 47/150, loss: 0.2980, time 187.26s, lr: 0.040768
Accuracy: 0.903
class                  precision    recall   specificity      f1   support
--------------------------------------------------------------------------
0                          0.954     0.890         0.959   0.921       281
1                          0.540     0.900         0.958   0.675        30
2                          0.920     0.917         0.932   0.919       265
*----------------------------------------*
2025-11-15 15:58:29,737 INFO 0 Sat Nov 15 15:58:29 2025 Epoch: 48
2025-11-15 16:01:36,967 INFO Final training 48/150, loss: 0.2833, time 187.23s, lr: 0.040344
Accuracy: 0.903
class                  precision    recall   specificity      f1   support
--------------------------------------------------------------------------
0                          0.950     0.886         0.956   0.917       281
1                          0.578     0.867         0.965   0.693        30
2                          0.911     0.925         0.923   0.918       265
*----------------------------------------*
2025-11-15 16:01:57,664 INFO Final validation 48/150, Val_acc: 0.6853, time 20.70sAccuracy: 0.722
class                  precision    recall   specificity      f1   support
--------------------------------------------------------------------------
0                          0.946     0.500         0.973   0.654        70
1                          0.444     0.500         0.963   0.471         8
2                          0.663     0.985         0.577   0.793        66
*========================================*
2025-11-15 16:02:02,021 INFO 0 Sat Nov 15 16:02:02 2025 Epoch: 49
2025-11-15 16:05:06,813 INFO Final training 49/150, loss: 0.2579, time 184.79s, lr: 0.039913
Accuracy: 0.906
class                  precision    recall   specificity      f1   support
--------------------------------------------------------------------------
0                          0.961     0.886         0.966   0.922       280
1                          0.580     0.967         0.962   0.725        30
2                          0.914     0.921         0.926   0.918       266
*----------------------------------------*
2025-11-15 16:05:06,813 INFO 0 Sat Nov 15 16:05:06 2025 Epoch: 50
2025-11-15 16:08:11,189 INFO Final training 50/150, loss: 0.2619, time 184.38s, lr: 0.039475
Accuracy: 0.915
class                  precision    recall   specificity      f1   support
--------------------------------------------------------------------------
0                          0.951     0.900         0.956   0.925       280
1                          0.644     0.967         0.971   0.773        30
2                          0.925     0.925         0.935   0.925       266
*----------------------------------------*
2025-11-15 16:08:28,685 INFO Final validation 50/150, Val_acc: 0.6787, time 17.50sAccuracy: 0.715
class                  precision    recall   specificity      f1   support
--------------------------------------------------------------------------
0                          0.949     0.529         0.973   0.679        70
1                          0.316     0.750         0.904   0.444         8
2                          0.698     0.909         0.667   0.789        66
*========================================*
2025-11-15 16:08:33,050 INFO 0 Sat Nov 15 16:08:33 2025 Epoch: 51
2025-11-15 16:11:40,126 INFO Final training 51/150, loss: 0.2213, time 187.08s, lr: 0.039030
Accuracy: 0.924
class                  precision    recall   specificity      f1   support
--------------------------------------------------------------------------
0                          0.966     0.921         0.970   0.943       280
1                          0.596     0.933         0.965   0.727        30
2                          0.939     0.925         0.948   0.932       266
*----------------------------------------*
2025-11-15 16:11:40,604 INFO 0 Sat Nov 15 16:11:40 2025 Epoch: 52
2025-11-15 16:14:47,338 INFO Final training 52/150, loss: 0.2727, time 186.73s, lr: 0.038578
Accuracy: 0.903
class                  precision    recall   specificity      f1   support
--------------------------------------------------------------------------
0                          0.954     0.886         0.959   0.919       281
1                          0.609     0.933         0.967   0.737        30
2                          0.903     0.917         0.916   0.910       265
*----------------------------------------*
2025-11-15 16:15:04,589 INFO Final validation 52/150, Val_acc: 0.8023, time 17.25sAccuracy: 0.854
class                  precision    recall   specificity      f1   support
--------------------------------------------------------------------------
0                          0.982     0.800         0.986   0.882        70
1                          0.438     0.875         0.934   0.583         8
2                          0.845     0.909         0.859   0.876        66
*========================================*
2025-11-15 16:15:08,952 INFO 0 Sat Nov 15 16:15:08 2025 Epoch: 53
2025-11-15 16:18:16,522 INFO Final training 53/150, loss: 0.2269, time 187.57s, lr: 0.038120
Accuracy: 0.922
class                  precision    recall   specificity      f1   support
--------------------------------------------------------------------------
0                          0.959     0.914         0.963   0.936       280
1                          0.636     0.933         0.971   0.757        30
2                          0.932     0.929         0.942   0.930       266
*----------------------------------------*
2025-11-15 16:18:16,522 INFO 0 Sat Nov 15 16:18:16 2025 Epoch: 54
2025-11-15 16:21:19,766 INFO Final training 54/150, loss: 0.2589, time 183.24s, lr: 0.037656
Accuracy: 0.906
class                  precision    recall   specificity      f1   support
--------------------------------------------------------------------------
0                          0.954     0.882         0.959   0.917       280
1                          0.596     0.933         0.965   0.727        30
2                          0.915     0.929         0.926   0.922       266
*----------------------------------------*
2025-11-15 16:21:36,674 INFO Final validation 54/150, Val_acc: 0.4932, time 16.91sAccuracy: 0.549
class                  precision    recall   specificity      f1   support
--------------------------------------------------------------------------
0                          0.968     0.429         0.986   0.594        70
1                          0.175     0.875         0.757   0.292         8
2                          0.575     0.636         0.603   0.604        66
*========================================*
2025-11-15 16:21:41,067 INFO 0 Sat Nov 15 16:21:41 2025 Epoch: 55
2025-11-15 16:24:47,440 INFO Final training 55/150, loss: 0.4073, time 186.37s, lr: 0.037186
Accuracy: 0.903
class                  precision    recall   specificity      f1   support
--------------------------------------------------------------------------
0                          0.950     0.886         0.956   0.917       281
1                          0.610     0.862         0.971   0.714        29
2                          0.901     0.925         0.913   0.913       266
*----------------------------------------*
2025-11-15 16:24:47,440 INFO 0 Sat Nov 15 16:24:47 2025 Epoch: 56
2025-11-15 16:27:50,795 INFO Final training 56/150, loss: 0.2136, time 183.35s, lr: 0.036710
Accuracy: 0.939
class                  precision    recall   specificity      f1   support
--------------------------------------------------------------------------
0                          0.985     0.921         0.986   0.952       280
1                          0.667     0.933         0.974   0.778        30
2                          0.938     0.959         0.945   0.948       266
*----------------------------------------*
2025-11-15 16:28:07,768 INFO Final validation 56/150, Val_acc: 0.6326, time 16.97sAccuracy: 0.660
class                  precision    recall   specificity      f1   support
--------------------------------------------------------------------------
0                          0.964     0.386         0.986   0.551        70
1                          0.444     0.500         0.963   0.471         8
2                          0.598     0.970         0.449   0.740        66
*========================================*
2025-11-15 16:28:12,149 INFO 0 Sat Nov 15 16:28:12 2025 Epoch: 57
2025-11-15 16:31:13,871 INFO Final training 57/150, loss: 0.2352, time 181.72s, lr: 0.036229
Accuracy: 0.925
class                  precision    recall   specificity      f1   support
--------------------------------------------------------------------------
0                          0.966     0.904         0.969   0.934       281
1                          0.667     0.933         0.974   0.778        30
2                          0.926     0.947         0.936   0.937       265
*----------------------------------------*
2025-11-15 16:31:13,872 INFO 0 Sat Nov 15 16:31:13 2025 Epoch: 58
2025-11-15 16:34:18,452 INFO Final training 58/150, loss: 0.2644, time 184.58s, lr: 0.035742
Accuracy: 0.891
class                  precision    recall   specificity      f1   support
--------------------------------------------------------------------------
0                          0.943     0.882         0.949   0.911       280
1                          0.542     0.867         0.960   0.667        30
2                          0.902     0.902         0.916   0.902       266
*----------------------------------------*
2025-11-15 16:34:35,640 INFO Final validation 58/150, Val_acc: 0.7763, time 17.19sAccuracy: 0.812
class                  precision    recall   specificity      f1   support
--------------------------------------------------------------------------
0                          0.980     0.686         0.986   0.807        70
1                          0.400     0.750         0.934   0.522         8
2                          0.787     0.955         0.782   0.863        66
*========================================*
2025-11-15 16:34:40,123 INFO 0 Sat Nov 15 16:34:40 2025 Epoch: 59
2025-11-15 16:37:48,490 INFO Final training 59/150, loss: 0.2188, time 188.37s, lr: 0.035251
Accuracy: 0.922
class                  precision    recall   specificity      f1   support
--------------------------------------------------------------------------
0                          0.958     0.904         0.963   0.930       281
1                          0.667     0.933         0.974   0.778        30
2                          0.926     0.940         0.936   0.933       265
*----------------------------------------*
2025-11-15 16:37:48,490 INFO 0 Sat Nov 15 16:37:48 2025 Epoch: 60
2025-11-15 16:40:54,747 INFO Final training 60/150, loss: 0.2194, time 186.26s, lr: 0.034754
Accuracy: 0.924
class                  precision    recall   specificity      f1   support
--------------------------------------------------------------------------
0                          0.973     0.900         0.976   0.935       281
1                          0.638     1.000         0.969   0.779        30
2                          0.926     0.940         0.936   0.933       265
*----------------------------------------*
2025-11-15 16:41:11,799 INFO Final validation 60/150, Val_acc: 0.7948, time 17.05sAccuracy: 0.833
class                  precision    recall   specificity      f1   support
--------------------------------------------------------------------------
0                          0.962     0.729         0.973   0.829        70
1                          0.556     0.625         0.971   0.588         8
2                          0.780     0.970         0.769   0.865        66
*========================================*
2025-11-15 16:41:16,156 INFO 0 Sat Nov 15 16:41:16 2025 Epoch: 61
2025-11-15 16:44:20,904 INFO Final training 61/150, loss: 0.2111, time 184.75s, lr: 0.034253
Accuracy: 0.918
class                  precision    recall   specificity      f1   support
--------------------------------------------------------------------------
0                          0.955     0.907         0.959   0.930       280
1                          0.683     0.933         0.976   0.789        30
2                          0.918     0.929         0.929   0.923       266
*----------------------------------------*
2025-11-15 16:44:21,359 INFO 0 Sat Nov 15 16:44:21 2025 Epoch: 62
2025-11-15 16:47:25,896 INFO Final training 62/150, loss: 0.2118, time 184.54s, lr: 0.033748
Accuracy: 0.934
class                  precision    recall   specificity      f1   support
--------------------------------------------------------------------------
0                          0.970     0.918         0.973   0.943       281
1                          0.692     0.931         0.978   0.794        29
2                          0.934     0.951         0.942   0.942       266
*----------------------------------------*
2025-11-15 16:47:43,012 INFO Final validation 62/150, Val_acc: 0.7394, time 17.12sAccuracy: 0.750
class                  precision    recall   specificity      f1   support
--------------------------------------------------------------------------
0                          0.974     0.543         0.986   0.697        70
1                          0.462     0.750         0.949   0.571         8
2                          0.696     0.970         0.641   0.810        66
*========================================*
2025-11-15 16:47:47,371 INFO 0 Sat Nov 15 16:47:47 2025 Epoch: 63
2025-11-15 16:50:54,022 INFO Final training 63/150, loss: 0.2224, time 186.65s, lr: 0.033239
Accuracy: 0.918
class                  precision    recall   specificity      f1   support
--------------------------------------------------------------------------
0                          0.973     0.896         0.976   0.933       280
1                          0.630     0.967         0.969   0.763        30
2                          0.915     0.936         0.926   0.926       266
*----------------------------------------*
2025-11-15 16:50:54,023 INFO 0 Sat Nov 15 16:50:54 2025 Epoch: 64
2025-11-15 16:54:00,136 INFO Final training 64/150, loss: 0.1841, time 186.11s, lr: 0.032725
Accuracy: 0.936
class                  precision    recall   specificity      f1   support
--------------------------------------------------------------------------
0                          0.966     0.918         0.970   0.941       280
1                          0.707     0.967         0.978   0.817        30
2                          0.941     0.951         0.948   0.946       266
*----------------------------------------*
2025-11-15 16:54:16,886 INFO Final validation 64/150, Val_acc: 0.7559, time 16.75sAccuracy: 0.812
class                  precision    recall   specificity      f1   support
--------------------------------------------------------------------------
0                          0.883     0.757         0.905   0.815        70
1                          0.000     0.000         0.993   0.000         8
2                          0.771     0.970         0.756   0.859        66
*========================================*
2025-11-15 16:54:21,311 INFO 0 Sat Nov 15 16:54:21 2025 Epoch: 65
2025-11-15 16:57:22,352 INFO Final training 65/150, loss: 0.2159, time 181.04s, lr: 0.032209
Accuracy: 0.913
class                  precision    recall   specificity      f1   support
--------------------------------------------------------------------------
0                          0.958     0.897         0.963   0.926       281
1                          0.667     0.933         0.974   0.778        30
2                          0.908     0.928         0.920   0.918       265
*----------------------------------------*
2025-11-15 16:57:22,353 INFO 0 Sat Nov 15 16:57:22 2025 Epoch: 66
2025-11-15 17:00:27,020 INFO Final training 66/150, loss: 0.2200, time 184.67s, lr: 0.031688
Accuracy: 0.931
class                  precision    recall   specificity      f1   support
--------------------------------------------------------------------------
0                          0.973     0.907         0.976   0.939       281
1                          0.700     0.933         0.978   0.800        30
2                          0.923     0.955         0.932   0.939       265
*----------------------------------------*
2025-11-15 17:00:43,724 INFO Final validation 66/150, Val_acc: 0.7330, time 16.70sAccuracy: 0.792
class                  precision    recall   specificity      f1   support
--------------------------------------------------------------------------
0                          0.941     0.686         0.959   0.793        70
1                          0.400     0.500         0.956   0.444         8
2                          0.747     0.939         0.731   0.832        66
*========================================*
2025-11-15 17:00:48,206 INFO 0 Sat Nov 15 17:00:48 2025 Epoch: 67
2025-11-15 17:03:58,585 INFO Final training 67/150, loss: 0.1760, time 190.38s, lr: 0.031165
Accuracy: 0.936
class                  precision    recall   specificity      f1   support
--------------------------------------------------------------------------
0                          0.963     0.918         0.966   0.940       281
1                          0.769     1.000         0.984   0.870        30
2                          0.933     0.947         0.942   0.940       265
*----------------------------------------*
2025-11-15 17:03:58,585 INFO 0 Sat Nov 15 17:03:58 2025 Epoch: 68
2025-11-15 17:07:10,119 INFO Final training 68/150, loss: 0.1815, time 191.53s, lr: 0.030638
Accuracy: 0.929
class                  precision    recall   specificity      f1   support
--------------------------------------------------------------------------
0                          0.959     0.918         0.963   0.938       280
1                          0.707     0.967         0.978   0.817        30
2                          0.933     0.936         0.942   0.934       266
*----------------------------------------*
2025-11-15 17:07:27,678 INFO Final validation 68/150, Val_acc: 0.7774, time 17.56sAccuracy: 0.833
class                  precision    recall   specificity      f1   support
--------------------------------------------------------------------------
0                          0.964     0.757         0.973   0.848        70
1                          0.417     0.625         0.949   0.500         8
2                          0.805     0.939         0.808   0.867        66
*========================================*
2025-11-15 17:07:32,048 INFO 0 Sat Nov 15 17:07:32 2025 Epoch: 69
2025-11-15 17:10:44,450 INFO Final training 69/150, loss: 0.2402, time 192.40s, lr: 0.030109
Accuracy: 0.920
class                  precision    recall   specificity      f1   support
--------------------------------------------------------------------------
0                          0.969     0.904         0.973   0.935       280
1                          0.634     0.867         0.973   0.732        30
2                          0.916     0.944         0.926   0.930       266
*----------------------------------------*
2025-11-15 17:10:44,450 INFO 0 Sat Nov 15 17:10:44 2025 Epoch: 70
2025-11-15 17:13:49,737 INFO Final training 70/150, loss: 0.2571, time 185.29s, lr: 0.029578
Accuracy: 0.903
class                  precision    recall   specificity      f1   support
--------------------------------------------------------------------------
0                          0.969     0.879         0.973   0.922       281
1                          0.519     0.931         0.954   0.667        29
2                          0.914     0.925         0.926   0.920       266
*----------------------------------------*
2025-11-15 17:14:07,017 INFO Final validation 70/150, Val_acc: 0.6653, time 17.28sAccuracy: 0.694
class                  precision    recall   specificity      f1   support
--------------------------------------------------------------------------
0                          0.971     0.471         0.986   0.635        70
1                          0.455     0.625         0.956   0.526         8
2                          0.626     0.939         0.526   0.752        66
*========================================*
2025-11-15 17:14:11,425 INFO 0 Sat Nov 15 17:14:11 2025 Epoch: 71
2025-11-15 17:17:13,741 INFO Final training 71/150, loss: 0.2039, time 182.32s, lr: 0.029045
Accuracy: 0.929
class                  precision    recall   specificity      f1   support
--------------------------------------------------------------------------
0                          0.966     0.918         0.969   0.942       281
1                          0.674     0.967         0.974   0.795        30
2                          0.932     0.936         0.942   0.934       265
*----------------------------------------*
2025-11-15 17:17:14,185 INFO 0 Sat Nov 15 17:17:14 2025 Epoch: 72
2025-11-15 17:20:19,595 INFO Final training 72/150, loss: 0.1892, time 185.41s, lr: 0.028509
Accuracy: 0.924
class                  precision    recall   specificity      f1   support
--------------------------------------------------------------------------
0                          0.969     0.907         0.973   0.937       280
1                          0.617     0.967         0.967   0.753        30
2                          0.933     0.936         0.942   0.934       266
*----------------------------------------*
2025-11-15 17:20:36,505 INFO Final validation 72/150, Val_acc: 0.7512, time 16.91sAccuracy: 0.785
class                  precision    recall   specificity      f1   support
--------------------------------------------------------------------------
0                          0.957     0.643         0.973   0.769        70
1                          0.500     0.625         0.963   0.556         8
2                          0.724     0.955         0.692   0.824        66
*========================================*
2025-11-15 17:20:40,863 INFO 0 Sat Nov 15 17:20:40 2025 Epoch: 73
2025-11-15 17:23:41,777 INFO Final training 73/150, loss: 0.1676, time 180.91s, lr: 0.027972
Accuracy: 0.932
class                  precision    recall   specificity      f1   support
--------------------------------------------------------------------------
0                          0.970     0.918         0.973   0.943       280
1                          0.718     0.933         0.980   0.812        30
2                          0.926     0.947         0.935   0.937       266
*----------------------------------------*
2025-11-15 17:23:41,777 INFO 0 Sat Nov 15 17:23:41 2025 Epoch: 74
2025-11-15 17:26:44,744 INFO Final training 74/150, loss: 0.2011, time 182.97s, lr: 0.027434
Accuracy: 0.941
class                  precision    recall   specificity      f1   support
--------------------------------------------------------------------------
0                          0.977     0.925         0.980   0.950       280
1                          0.737     0.933         0.982   0.824        30
2                          0.934     0.959         0.942   0.946       266
*----------------------------------------*
2025-11-15 17:27:01,767 INFO Final validation 74/150, Val_acc: 0.7419, time 17.02sAccuracy: 0.806
class                  precision    recall   specificity      f1   support
--------------------------------------------------------------------------
0                          0.965     0.786         0.973   0.866        70
1                          0.316     0.750         0.904   0.444         8
2                          0.809     0.833         0.833   0.821        66
*========================================*
2025-11-15 17:27:06,180 INFO 0 Sat Nov 15 17:27:06 2025 Epoch: 75
2025-11-15 17:30:08,168 INFO Final training 75/150, loss: 0.1755, time 181.99s, lr: 0.026894
Accuracy: 0.948
class                  precision    recall   specificity      f1   support
--------------------------------------------------------------------------
0                          0.981     0.939         0.983   0.960       280
1                          0.682     1.000         0.974   0.811        30
2                          0.958     0.951         0.965   0.955       266
*----------------------------------------*
2025-11-15 17:30:08,169 INFO 0 Sat Nov 15 17:30:08 2025 Epoch: 76
2025-11-15 17:33:17,639 INFO Final training 76/150, loss: 0.1486, time 189.47s, lr: 0.026353
Accuracy: 0.944
class                  precision    recall   specificity      f1   support
--------------------------------------------------------------------------
0                          0.978     0.929         0.980   0.953       281
1                          0.714     1.000         0.978   0.833        30
2                          0.948     0.955         0.955   0.951       265
*----------------------------------------*
2025-11-15 17:33:34,503 INFO Final validation 76/150, Val_acc: 0.7273, time 16.86sAccuracy: 0.757
class                  precision    recall   specificity      f1   support
--------------------------------------------------------------------------
0                          0.935     0.614         0.959   0.741        70
1                          0.500     0.375         0.978   0.429         8
2                          0.685     0.955         0.628   0.797        66
*========================================*
2025-11-15 17:33:38,877 INFO 0 Sat Nov 15 17:33:38 2025 Epoch: 77
2025-11-15 17:36:44,560 INFO Final training 77/150, loss: 0.2340, time 185.68s, lr: 0.025812
Accuracy: 0.929
class                  precision    recall   specificity      f1   support
--------------------------------------------------------------------------
0                          0.970     0.911         0.973   0.939       280
1                          0.636     0.933         0.971   0.757        30
2                          0.937     0.947         0.945   0.942       266
*----------------------------------------*
2025-11-15 17:36:44,560 INFO 0 Sat Nov 15 17:36:44 2025 Epoch: 78
2025-11-15 17:39:46,980 INFO Final training 78/150, loss: 0.1843, time 182.42s, lr: 0.025271
Accuracy: 0.936
class                  precision    recall   specificity      f1   support
--------------------------------------------------------------------------
0                          0.970     0.921         0.973   0.945       280
1                          0.707     0.967         0.978   0.817        30
2                          0.937     0.947         0.945   0.942       266
*----------------------------------------*
2025-11-15 17:40:04,035 INFO Final validation 78/150, Val_acc: 0.6804, time 17.05sAccuracy: 0.729
class                  precision    recall   specificity      f1   support
--------------------------------------------------------------------------
0                          0.949     0.529         0.973   0.679        70
1                          0.455     0.625         0.956   0.526         8
2                          0.670     0.955         0.603   0.788        66
*========================================*
2025-11-15 17:40:08,410 INFO 0 Sat Nov 15 17:40:08 2025 Epoch: 79
2025-11-15 17:43:16,078 INFO Final training 79/150, loss: 0.1989, time 187.67s, lr: 0.024729
Accuracy: 0.939
class                  precision    recall   specificity      f1   support
--------------------------------------------------------------------------
0                          0.970     0.918         0.973   0.943       280
1                          0.763     0.967         0.984   0.853        30
2                          0.934     0.959         0.942   0.946       266
*----------------------------------------*
2025-11-15 17:43:16,079 INFO 0 Sat Nov 15 17:43:16 2025 Epoch: 80
2025-11-15 17:46:19,796 INFO Final training 80/150, loss: 0.1728, time 183.72s, lr: 0.024188
Accuracy: 0.929
class                  precision    recall   specificity      f1   support
--------------------------------------------------------------------------
0                          0.962     0.907         0.966   0.934       280
1                          0.714     1.000         0.978   0.833        30
2                          0.930     0.944         0.939   0.937       266
*----------------------------------------*
2025-11-15 17:46:37,201 INFO Final validation 80/150, Val_acc: 0.7288, time 17.40sAccuracy: 0.785
class                  precision    recall   specificity      f1   support
--------------------------------------------------------------------------
0                          0.958     0.657         0.973   0.780        70
1                          0.444     0.500         0.963   0.471         8
2                          0.724     0.955         0.692   0.824        66
*========================================*
2025-11-15 17:46:41,577 INFO 0 Sat Nov 15 17:46:41 2025 Epoch: 81
2025-11-15 17:49:52,675 INFO Final training 81/150, loss: 0.1615, time 191.10s, lr: 0.023647
Accuracy: 0.944
class                  precision    recall   specificity      f1   support
--------------------------------------------------------------------------
0                          0.978     0.929         0.980   0.953       281
1                          0.744     0.967         0.982   0.841        30
2                          0.941     0.958         0.949   0.950       265
*----------------------------------------*
2025-11-15 17:49:53,151 INFO 0 Sat Nov 15 17:49:53 2025 Epoch: 82
2025-11-15 17:53:01,261 INFO Final training 82/150, loss: 0.1822, time 188.11s, lr: 0.023106
Accuracy: 0.929
class                  precision    recall   specificity      f1   support
--------------------------------------------------------------------------
0                          0.962     0.904         0.966   0.932       281
1                          0.750     1.000         0.982   0.857        30
2                          0.923     0.947         0.932   0.935       265
*----------------------------------------*
2025-11-15 17:53:18,072 INFO Final validation 82/150, Val_acc: 0.7438, time 16.81sAccuracy: 0.785
class                  precision    recall   specificity      f1   support
--------------------------------------------------------------------------
0                          0.957     0.643         0.973   0.769        70
1                          0.500     0.625         0.963   0.556         8
2                          0.724     0.955         0.692   0.824        66
*========================================*
2025-11-15 17:53:22,455 INFO 0 Sat Nov 15 17:53:22 2025 Epoch: 83
2025-11-15 17:56:28,954 INFO Final training 83/150, loss: 0.1860, time 186.50s, lr: 0.022566
Accuracy: 0.939
class                  precision    recall   specificity      f1   support
--------------------------------------------------------------------------
0                          0.967     0.939         0.970   0.953       280
1                          0.711     0.900         0.980   0.794        30
2                          0.944     0.944         0.952   0.944       266
*----------------------------------------*
2025-11-15 17:56:28,954 INFO 0 Sat Nov 15 17:56:28 2025 Epoch: 84
2025-11-15 17:59:35,078 INFO Final training 84/150, loss: 0.1581, time 186.12s, lr: 0.022028
Accuracy: 0.946
class                  precision    recall   specificity      f1   support
--------------------------------------------------------------------------
0                          0.971     0.943         0.973   0.957       280
1                          0.737     0.933         0.982   0.824        30
2                          0.951     0.951         0.958   0.951       266
*----------------------------------------*
2025-11-15 17:59:52,101 INFO Final validation 84/150, Val_acc: 0.7787, time 17.02sAccuracy: 0.847
class                  precision    recall   specificity      f1   support
--------------------------------------------------------------------------
0                          0.932     0.786         0.946   0.853        70
1                          0.455     0.625         0.956   0.526         8
2                          0.838     0.939         0.846   0.886        66
*========================================*
2025-11-15 17:59:56,454 INFO 0 Sat Nov 15 17:59:56 2025 Epoch: 85
2025-11-15 18:03:05,634 INFO Final training 85/150, loss: 0.1429, time 189.18s, lr: 0.021491
Accuracy: 0.939
class                  precision    recall   specificity      f1   support
--------------------------------------------------------------------------
0                          0.963     0.929         0.966   0.945       280
1                          0.750     1.000         0.982   0.857        30
2                          0.944     0.944         0.952   0.944       266
*----------------------------------------*
2025-11-15 18:03:05,634 INFO 0 Sat Nov 15 18:03:05 2025 Epoch: 86
2025-11-15 18:06:11,718 INFO Final training 86/150, loss: 0.1409, time 186.08s, lr: 0.020955
Accuracy: 0.946
class                  precision    recall   specificity      f1   support
--------------------------------------------------------------------------
0                          0.971     0.943         0.973   0.957       280
1                          0.718     0.933         0.980   0.812        30
2                          0.955     0.951         0.961   0.953       266
*----------------------------------------*
2025-11-15 18:06:29,206 INFO Final validation 86/150, Val_acc: 0.7625, time 17.49sAccuracy: 0.819
class                  precision    recall   specificity      f1   support
--------------------------------------------------------------------------
0                          0.945     0.743         0.959   0.832        70
1                          0.455     0.625         0.956   0.526         8
2                          0.782     0.924         0.782   0.847        66
*========================================*
2025-11-15 18:06:33,833 INFO 0 Sat Nov 15 18:06:33 2025 Epoch: 87
2025-11-15 18:09:38,236 INFO Final training 87/150, loss: 0.1697, time 184.40s, lr: 0.020422
Accuracy: 0.944
class                  precision    recall   specificity      f1   support
--------------------------------------------------------------------------
0                          0.981     0.918         0.983   0.948       280
1                          0.737     0.933         0.982   0.824        30
2                          0.938     0.974         0.945   0.956       266
*----------------------------------------*
2025-11-15 18:09:38,236 INFO 0 Sat Nov 15 18:09:38 2025 Epoch: 88
2025-11-15 18:12:41,394 INFO Final training 88/150, loss: 0.1304, time 183.16s, lr: 0.019891
Accuracy: 0.953
class                  precision    recall   specificity      f1   support
--------------------------------------------------------------------------
0                          0.971     0.950         0.973   0.960       281
1                          0.769     1.000         0.984   0.870        30
2                          0.962     0.951         0.968   0.956       265
*----------------------------------------*
2025-11-15 18:12:58,815 INFO Final validation 88/150, Val_acc: 0.7095, time 17.42sAccuracy: 0.764
class                  precision    recall   specificity      f1   support
--------------------------------------------------------------------------
0                          0.956     0.614         0.973   0.748        70
1                          0.400     0.500         0.956   0.444         8
2                          0.708     0.955         0.667   0.813        66
*========================================*
2025-11-15 18:13:03,228 INFO 0 Sat Nov 15 18:13:03 2025 Epoch: 89
2025-11-15 18:16:08,650 INFO Final training 89/150, loss: 0.1420, time 185.42s, lr: 0.019362
Accuracy: 0.955
class                  precision    recall   specificity      f1   support
--------------------------------------------------------------------------
0                          0.974     0.943         0.976   0.958       281
1                          0.811     1.000         0.987   0.896        30
2                          0.955     0.962         0.961   0.959       265
*----------------------------------------*
2025-11-15 18:16:08,650 INFO 0 Sat Nov 15 18:16:08 2025 Epoch: 90
2025-11-15 18:19:15,087 INFO Final training 90/150, loss: 0.1321, time 186.44s, lr: 0.018835
Accuracy: 0.943
class                  precision    recall   specificity      f1   support
--------------------------------------------------------------------------
0                          0.967     0.932         0.969   0.949       281
1                          0.732     1.000         0.980   0.845        30
2                          0.951     0.947         0.958   0.949       265
*----------------------------------------*
2025-11-15 18:19:32,344 INFO Final validation 90/150, Val_acc: 0.6309, time 17.26sAccuracy: 0.694
class                  precision    recall   specificity      f1   support
--------------------------------------------------------------------------
0                          0.971     0.486         0.986   0.648        70
1                          0.000     0.000         0.978   0.000         8
2                          0.623     1.000         0.487   0.767        66
*========================================*
2025-11-15 18:19:36,680 INFO 0 Sat Nov 15 18:19:36 2025 Epoch: 91
2025-11-15 18:22:43,640 INFO Final training 91/150, loss: 0.1242, time 186.96s, lr: 0.018312
Accuracy: 0.960
class                  precision    recall   specificity      f1   support
--------------------------------------------------------------------------
0                          0.985     0.943         0.986   0.964       281
1                          0.811     1.000         0.987   0.896        30
2                          0.956     0.974         0.961   0.964       265
*----------------------------------------*
2025-11-15 18:22:44,088 INFO 0 Sat Nov 15 18:22:44 2025 Epoch: 92
2025-11-15 18:25:48,172 INFO Final training 92/150, loss: 0.1351, time 184.08s, lr: 0.017791
Accuracy: 0.955
class                  precision    recall   specificity      f1   support
--------------------------------------------------------------------------
0                          0.978     0.939         0.980   0.958       280
1                          0.789     1.000         0.985   0.882        30
2                          0.955     0.966         0.961   0.961       266
*----------------------------------------*
2025-11-15 18:26:05,169 INFO Final validation 92/150, Val_acc: 0.6682, time 17.00sAccuracy: 0.708
class                  precision    recall   specificity      f1   support
--------------------------------------------------------------------------
0                          0.972     0.500         0.986   0.660        70
1                          0.333     0.250         0.971   0.286         8
2                          0.637     0.985         0.526   0.774        66
*========================================*
2025-11-15 18:26:09,560 INFO 0 Sat Nov 15 18:26:09 2025 Epoch: 93
2025-11-15 18:29:15,537 INFO Final training 93/150, loss: 0.1191, time 185.98s, lr: 0.017275
Accuracy: 0.965
class                  precision    recall   specificity      f1   support
--------------------------------------------------------------------------
0                          0.978     0.954         0.980   0.966       281
1                          0.857     1.000         0.991   0.923        30
2                          0.966     0.974         0.971   0.970       265
*----------------------------------------*
2025-11-15 18:29:15,538 INFO 0 Sat Nov 15 18:29:15 2025 Epoch: 94
2025-11-15 18:32:16,061 INFO Final training 94/150, loss: 0.1397, time 180.52s, lr: 0.016761
Accuracy: 0.951
class                  precision    recall   specificity      f1   support
--------------------------------------------------------------------------
0                          0.985     0.940         0.986   0.962       281
1                          0.714     1.000         0.978   0.833        30
2                          0.955     0.958         0.961   0.957       265
*----------------------------------------*
2025-11-15 18:32:33,260 INFO Final validation 94/150, Val_acc: 0.6781, time 17.20sAccuracy: 0.722
class                  precision    recall   specificity      f1   support
--------------------------------------------------------------------------
0                          0.927     0.543         0.959   0.685        70
1                          0.333     0.375         0.956   0.353         8
2                          0.670     0.955         0.603   0.788        66
*========================================*
2025-11-15 18:32:37,631 INFO 0 Sat Nov 15 18:32:37 2025 Epoch: 95
2025-11-15 18:35:43,132 INFO Final training 95/150, loss: 0.1140, time 185.50s, lr: 0.016252
Accuracy: 0.957
class                  precision    recall   specificity      f1   support
--------------------------------------------------------------------------
0                          0.985     0.939         0.986   0.962       280
1                          0.789     1.000         0.985   0.882        30
2                          0.952     0.970         0.958   0.961       266
*----------------------------------------*
2025-11-15 18:35:43,132 INFO 0 Sat Nov 15 18:35:43 2025 Epoch: 96
2025-11-15 18:38:47,354 INFO Final training 96/150, loss: 0.1300, time 184.22s, lr: 0.015747
Accuracy: 0.943
class                  precision    recall   specificity      f1   support
--------------------------------------------------------------------------
0                          0.970     0.925         0.973   0.947       281
1                          0.784     0.967         0.985   0.866        30
2                          0.937     0.958         0.945   0.948       265
*----------------------------------------*
2025-11-15 18:39:04,253 INFO Final validation 96/150, Val_acc: 0.7756, time 16.90sAccuracy: 0.826
class                  precision    recall   specificity      f1   support
--------------------------------------------------------------------------
0                          0.962     0.714         0.973   0.820        70
1                          0.500     0.750         0.956   0.600         8
2                          0.787     0.955         0.782   0.863        66
*========================================*
2025-11-15 18:39:08,633 INFO 0 Sat Nov 15 18:39:08 2025 Epoch: 97
2025-11-15 18:42:09,463 INFO Final training 97/150, loss: 0.1385, time 180.83s, lr: 0.015246
Accuracy: 0.962
class                  precision    recall   specificity      f1   support
--------------------------------------------------------------------------
0                          0.989     0.943         0.990   0.965       280
1                          0.806     0.967         0.987   0.879        30
2                          0.956     0.981         0.961   0.968       266
*----------------------------------------*
2025-11-15 18:42:09,464 INFO 0 Sat Nov 15 18:42:09 2025 Epoch: 98
2025-11-15 18:45:14,049 INFO Final training 98/150, loss: 0.1128, time 184.59s, lr: 0.014749
Accuracy: 0.962
class                  precision    recall   specificity      f1   support
--------------------------------------------------------------------------
0                          0.982     0.954         0.983   0.967       280
1                          0.806     0.967         0.987   0.879        30
2                          0.963     0.970         0.968   0.966       266
*----------------------------------------*
2025-11-15 18:45:30,966 INFO Final validation 98/150, Val_acc: 0.7565, time 16.92sAccuracy: 0.826
class                  precision    recall   specificity      f1   support
--------------------------------------------------------------------------
0                          0.962     0.729         0.973   0.829        70
1                          0.400     0.750         0.934   0.522         8
2                          0.816     0.939         0.821   0.873        66
*========================================*
2025-11-15 18:45:35,338 INFO 0 Sat Nov 15 18:45:35 2025 Epoch: 99
2025-11-15 18:48:37,051 INFO Final training 99/150, loss: 0.1158, time 181.71s, lr: 0.014258
Accuracy: 0.967
class                  precision    recall   specificity      f1   support
--------------------------------------------------------------------------
0                          0.989     0.961         0.990   0.975       280
1                          0.789     1.000         0.985   0.882        30
2                          0.970     0.970         0.974   0.970       266
*----------------------------------------*
2025-11-15 18:48:37,052 INFO 0 Sat Nov 15 18:48:37 2025 Epoch: 100
2025-11-15 18:51:42,705 INFO Final training 100/150, loss: 0.1076, time 185.65s, lr: 0.013771
Accuracy: 0.960
class                  precision    recall   specificity      f1   support
--------------------------------------------------------------------------
0                          0.981     0.943         0.983   0.962       280
1                          0.857     1.000         0.991   0.923        30
2                          0.952     0.974         0.958   0.963       266
*----------------------------------------*
2025-11-15 18:51:59,690 INFO Final validation 100/150, Val_acc: 0.7348, time 16.98sAccuracy: 0.764
class                  precision    recall   specificity      f1   support
--------------------------------------------------------------------------
0                          0.955     0.600         0.973   0.737        70
1                          0.500     0.625         0.963   0.556         8
2                          0.700     0.955         0.654   0.808        66
*========================================*
2025-11-15 18:52:04,052 INFO 0 Sat Nov 15 18:52:04 2025 Epoch: 101
2025-11-15 18:55:05,118 INFO Final training 101/150, loss: 0.1017, time 181.07s, lr: 0.013290
Accuracy: 0.967
class                  precision    recall   specificity      f1   support
--------------------------------------------------------------------------
0                          0.982     0.961         0.983   0.971       281
1                          0.811     1.000         0.987   0.896        30
2                          0.973     0.970         0.977   0.972       265
*----------------------------------------*
2025-11-15 18:55:05,574 INFO 0 Sat Nov 15 18:55:05 2025 Epoch: 102
2025-11-15 18:58:14,321 INFO Final training 102/150, loss: 0.0961, time 188.75s, lr: 0.012814
Accuracy: 0.960
class                  precision    recall   specificity      f1   support
--------------------------------------------------------------------------
0                          0.985     0.950         0.986   0.967       280
1                          0.763     0.967         0.984   0.853        30
2                          0.963     0.970         0.968   0.966       266
*----------------------------------------*
2025-11-15 18:58:31,746 INFO Final validation 102/150, Val_acc: 0.8023, time 17.43sAccuracy: 0.854
class                  precision    recall   specificity      f1   support
--------------------------------------------------------------------------
0                          0.965     0.786         0.973   0.866        70
1                          0.500     0.625         0.963   0.556         8
2                          0.818     0.955         0.821   0.881        66
*========================================*
2025-11-15 18:58:36,154 INFO 0 Sat Nov 15 18:58:36 2025 Epoch: 103
2025-11-15 19:01:41,345 INFO Final training 103/150, loss: 0.0999, time 185.19s, lr: 0.012344
Accuracy: 0.960
class                  precision    recall   specificity      f1   support
--------------------------------------------------------------------------
0                          0.975     0.957         0.976   0.966       280
1                          0.829     0.967         0.989   0.892        30
2                          0.962     0.962         0.968   0.962       266
*----------------------------------------*
2025-11-15 19:01:41,345 INFO 0 Sat Nov 15 19:01:41 2025 Epoch: 104
2025-11-15 19:04:46,206 INFO Final training 104/150, loss: 0.1043, time 184.86s, lr: 0.011880
Accuracy: 0.962
class                  precision    recall   specificity      f1   support
--------------------------------------------------------------------------
0                          0.993     0.946         0.993   0.969       280
1                          0.769     1.000         0.984   0.870        30
2                          0.959     0.974         0.965   0.966       266
*----------------------------------------*
2025-11-15 19:05:03,212 INFO Final validation 104/150, Val_acc: 0.7716, time 17.01sAccuracy: 0.840
class                  precision    recall   specificity      f1   support
--------------------------------------------------------------------------
0                          0.906     0.829         0.919   0.866        70
1                          0.500     0.625         0.963   0.556         8
2                          0.829     0.879         0.846   0.853        66
*========================================*
2025-11-15 19:05:07,618 INFO 0 Sat Nov 15 19:05:07 2025 Epoch: 105
2025-11-15 19:08:11,329 INFO Final training 105/150, loss: 0.1048, time 183.71s, lr: 0.011422
Accuracy: 0.972
class                  precision    recall   specificity      f1   support
--------------------------------------------------------------------------
0                          0.989     0.964         0.990   0.977       281
1                          0.853     0.967         0.991   0.906        30
2                          0.970     0.981         0.974   0.976       265
*----------------------------------------*
2025-11-15 19:08:11,329 INFO 0 Sat Nov 15 19:08:11 2025 Epoch: 106
2025-11-15 19:11:15,748 INFO Final training 106/150, loss: 0.1131, time 184.42s, lr: 0.010970
Accuracy: 0.955
class                  precision    recall   specificity      f1   support
--------------------------------------------------------------------------
0                          0.967     0.943         0.970   0.955       280
1                          0.833     1.000         0.989   0.909        30
2                          0.959     0.962         0.965   0.961       266
*----------------------------------------*
2025-11-15 19:11:32,626 INFO Final validation 106/150, Val_acc: 0.7339, time 16.88sAccuracy: 0.799
class                  precision    recall   specificity      f1   support
--------------------------------------------------------------------------
0                          0.942     0.700         0.959   0.803        70
1                          0.500     0.500         0.971   0.500         8
2                          0.738     0.939         0.718   0.827        66
*========================================*
2025-11-15 19:11:37,030 INFO [EarlyStopping] Stopping training for val accuracy at epoch 106
2025-11-15 19:11:37,449 INFO Training Finished! Best Accuracy: 0.8337
2025-11-15 19:11:37,449 INFO ====================================================================================================
2025-11-15 19:11:37,449 INFO 
2025-11-15 19:12:03,921 INFO Final testing , Test_acc: 0.5813, time 16.17sAccuracy: 0.732
class                  precision    recall   specificity      f1   support
--------------------------------------------------------------------------
0                          0.897     0.650         0.929   0.754        40
1                          0.500     0.200         0.987   0.286         5
2                          0.647     0.892         0.600   0.750        37
*========================================*
2025-11-15 19:12:04,393 INFO Testing Finished! Best Accuracy: 0.5813
2025-11-15 19:12:04,393 INFO ====================================================================================================
2025-11-15 19:12:09,801 INFO Total time spent: 05 hours 48 minutes 47 seconds
