2025-11-13 09:58:04,838 INFO Log directory: outputs/OrganoidsINRIA_reduced/resnet18/2025-11-13-09-58
2025-11-13 09:58:04,840 INFO {'RandFlipd_prob': 0.2,
 'RandRotate90d_prob': 0.2,
 'RandScaleIntensityd_prob': 0.1,
 'RandShiftIntensityd_prob': 0.1,
 'amp': True,
 'augmentation': True,
 'batch_size': 4,
 'cache_dataset': False,
 'checkpoint_path': None,
 'data_dir': '/home/mraffael/martone_project/Organoids_Dataset_256/',
 'dataset_name': 'OrganoidsINRIA_reduced',
 'debug': False,
 'debug_train_samples': 40,
 'debug_val_samples': 10,
 'dist_backend': 'nccl',
 'dist_url': 'tcp://127.0.0.1:23456',
 'distributed': False,
 'dropout_path_rate': 0.0,
 'dropout_rate': 0.0,
 'early_stopping': False,
 'encoder10_pth': '',
 'exact_class': False,
 'feature_size': 48,
 'fold': 0,
 'folds': False,
 'gpu': 0,
 'ignore_label': 3,
 'in_channels': 1,
 'infer_overlap': 0.5,
 'k_folds': 5,
 'logdir': 'test',
 'logs_dir': 'logs/',
 'loss_name': 'CE',
 'lrschedule': 'warmup_cosine',
 'max_epochs': 100,
 'min_delta_loss': 0.001,
 'min_delta_val': 0.001,
 'model_name': 'resnet18',
 'momentum': 0.99,
 'noamp': False,
 'norm_name': 'instance',
 'oar_id': 2118000,
 'optim_lr': 0.05,
 'optim_name': 'adamw',
 'out_channels': 1,
 'output_dir': 'outputs/',
 'patch_merging': True,
 'patience_loss': 20,
 'patience_val': 3,
 'pretrained_dir': './pretrained_models/resnet18/',
 'pretrained_model_name': 'resnet_18.pth',
 'rank': 0,
 'reg_weight': 5e-05,
 'restart_T0': 20,
 'resume_ckpt': False,
 'roi_x': 128,
 'roi_y': 128,
 'roi_z': 128,
 'save_checkpoint': True,
 'seed': 3,
 'similarity_loss': '',
 'similarity_loss_weight': 0.0,
 'spatial_dims': 3,
 'split_method': 'stratified',
 'start_epoch': 0,
 'sw_batch_size': 4,
 'telegram_log': True,
 'test_mode': False,
 'token': './token/tlg_token.txt',
 'use_checkpoint': False,
 'val_every': 4,
 'warmup_epochs': 5,
 'workers': 8,
 'world_size': 1}
2025-11-13 09:58:04,840 INFO 
2025-11-13 09:58:04,844 INFO Saved configuration to: outputs/OrganoidsINRIA_reduced/resnet18/2025-11-13-09-58/config.txt
2025-11-13 09:58:05,376 INFO Using GPU: 0
2025-11-13 09:58:05,376 INFO 
2025-11-13 09:58:05,376 INFO Model INFO:
2025-11-13 09:58:05,376 INFO Model architecture: resnet18
2025-11-13 09:58:05,635 INFO Using pretrained weights
2025-11-13 09:58:05,635 INFO => loading pretrained model './pretrained_models/resnet18/resnet_18.pth'
2025-11-13 09:58:06,858 INFO Missing keys when loading pretrained: 27
2025-11-13 09:58:06,858 INFO Using SwinUNETR with Single Linear Classification Head
2025-11-13 09:58:06,889 INFO 
2025-11-13 09:58:06,889 INFO Optimizer INFO:
2025-11-13 09:58:06,889 INFO Using optimizer: adamw with lr=0.05, weight_decay=5e-05
2025-11-13 09:58:06,889 INFO 
2025-11-13 09:58:06,889 INFO Dataset INFO:
2025-11-13 09:58:06,911 INFO Dataset length: 803
2025-11-13 09:58:06,911 INFO Class distribution in entire dataset:
2025-11-13 09:58:06,911 INFO   Class 0: 391
2025-11-13 09:58:06,911 INFO   Class 1: 43
2025-11-13 09:58:06,911 INFO   Class 2: 369
2025-11-13 09:58:06,911 INFO 
Using split method: stratified
2025-11-13 09:58:06,924 INFO 
Train set balance:
2025-11-13 09:58:06,924 INFO 
Val set balance:
2025-11-13 09:58:06,924 INFO Training set length: 642
2025-11-13 09:58:06,924 INFO Validation set length: 161
2025-11-13 09:58:06,924 INFO 
Using standard shuffle for training
2025-11-13 09:58:06,925 INFO Training loader: 160 batches
2025-11-13 09:58:06,925 INFO Validation loader: 41 batches
2025-11-13 09:58:06,925 INFO 
Class distribution in training set:
2025-11-13 09:58:06,925 INFO   Class 0: 313 (48.8%)
2025-11-13 09:58:06,925 INFO   Class 1: 34 (5.3%)
2025-11-13 09:58:06,925 INFO   Class 2: 295 (46.0%)
2025-11-13 09:58:06,925 INFO Class distribution in validation set:
2025-11-13 09:58:06,925 INFO   Class 0: 78 (48.4%)
2025-11-13 09:58:06,925 INFO   Class 1: 9 (5.6%)
2025-11-13 09:58:06,925 INFO   Class 2: 74 (46.0%)
2025-11-13 09:58:06,925 INFO **************************************************
2025-11-13 09:58:06,956 INFO Class weights: [ 6.837  62.941  7.254]
2025-11-13 09:58:06,956 INFO 
2025-11-13 09:58:06,956 INFO Using loss function: CE
2025-11-13 09:58:06,959 INFO **************************************************
2025-11-13 09:58:06,959 INFO Starting training...
2025-11-13 09:58:06,961 INFO 0 Thu Nov 13 09:58:06 2025 Epoch: 0
