2025-10-13 15:21:54,130 INFO Log directory: outputs/OrganoidsINRIA/train/2025-10-13-15-21
2025-10-13 15:21:54,132 INFO {'RandFlipd_prob': 0.2,
 'RandRotate90d_prob': 0.2,
 'RandScaleIntensityd_prob': 0.1,
 'RandShiftIntensityd_prob': 0.1,
 'amp': True,
 'batch_size': 1,
 'cache_dataset': False,
 'checkpoint': None,
 'data_dir': '/home/mraffael/martone_project/Organoids_Dataset/',
 'dataset_name': 'OrganoidsINRIA',
 'debug': False,
 'debug_train_samples': 3,
 'debug_val_samples': 3,
 'dist_backend': 'nccl',
 'dist_url': 'tcp://127.0.0.1:23456',
 'distributed': False,
 'dropout_path_rate': 0.0,
 'dropout_rate': 0.0,
 'early_stopping': True,
 'exact_class': True,
 'feature_size': 48,
 'fold': 0,
 'folds': False,
 'gpu': 0,
 'ignore_label': 3,
 'in_channels': 1,
 'infer_overlap': 0.5,
 'k_folds': 5,
 'logdir': 'training',
 'logs_dir': 'logs/',
 'loss_weight': 0.5,
 'lrschedule': 'warmup_cosine',
 'max_epochs': 60,
 'min_delta_loss': 0.01,
 'min_delta_val': 0.02,
 'model_name': 'swinunetr',
 'momentum': 0.99,
 'noamp': False,
 'norm_name': 'instance',
 'oar_id': 2067535,
 'optim_lr': 1e-05,
 'optim_name': 'adamw',
 'out_channels': 1,
 'output_dir': 'outputs/',
 'patience_loss': 30,
 'patience_val': 10,
 'pretrained_dir': './pretrained_models/fold1_f48_ep300_4gpu_dice0_9059/',
 'pretrained_model_name': 'model_swinvit.pt',
 'rank': 0,
 'reg_weight': 5e-05,
 'resume_ckpt': False,
 'roi_x': 128,
 'roi_y': 128,
 'roi_z': 128,
 'save_checkpoint': False,
 'seed': 304,
 'spatial_dims': 3,
 'split_method': 'balanced',
 'sw_batch_size': 1,
 'telegram_log': True,
 'test_mode': False,
 'token': './token/tlg_token.txt',
 'use_checkpoint': False,
 'val_every': 4,
 'warmup_epochs': 3,
 'workers': 8,
 'world_size': 1}
2025-10-13 15:21:54,132 INFO 
2025-10-13 15:21:54,897 INFO Total parameters count: 62186659
2025-10-13 15:21:54,898 INFO Using SwinUNETR with Single Linear Classification Head
2025-10-13 15:21:55,050 INFO 
2025-10-13 15:21:55,050 INFO Dataset INFO:
2025-10-13 15:21:55,050 INFO Dataset length is: 423
2025-10-13 15:21:55,051 INFO Class 0: 137
2025-10-13 15:21:55,051 INFO Class 1: 43
2025-10-13 15:21:55,051 INFO Class 2: 243
2025-10-13 15:21:55,051 INFO Train class 0: 34 (33.3%)
2025-10-13 15:21:55,051 INFO Train class 1: 34 (33.3%)
2025-10-13 15:21:55,051 INFO Train class 2: 34 (33.3%)
2025-10-13 15:21:55,051 INFO Val class 0: 9 (33.3%)
2025-10-13 15:21:55,051 INFO Val class 1: 9 (33.3%)
2025-10-13 15:21:55,052 INFO Val class 2: 9 (33.3%)
2025-10-13 15:21:55,052 INFO **************************************************
2025-10-13 15:21:55,052 INFO 
2025-10-13 15:21:55,053 INFO Class weights: [ 1.000  1.000  1.000]
2025-10-13 15:21:55,057 INFO 
2025-10-13 15:21:55,057 INFO Starting training...
2025-10-13 15:21:55,057 INFO 0 Mon Oct 13 15:21:55 2025 Epoch: 0
2025-10-13 15:25:09,414 INFO Final training  0/59loss: 1.1069time 194.36slr: 0.000000
2025-10-13 15:25:09,854 INFO --------------------------------------------------
2025-10-13 15:25:09,854 INFO 
2025-10-13 15:25:09,854 INFO 0 Mon Oct 13 15:25:09 2025 Epoch: 1
2025-10-13 15:28:23,008 INFO Final training  1/59loss: 1.1071time 193.15slr: 0.000005
2025-10-13 15:28:23,009 INFO --------------------------------------------------
2025-10-13 15:28:23,010 INFO 
2025-10-13 15:28:23,010 INFO 0 Mon Oct 13 15:28:23 2025 Epoch: 2
2025-10-13 15:31:36,240 INFO Final training  2/59loss: 1.1071time 193.23slr: 0.000010
2025-10-13 15:31:36,241 INFO --------------------------------------------------
2025-10-13 15:31:36,241 INFO 
2025-10-13 15:31:36,242 INFO 0 Mon Oct 13 15:31:36 2025 Epoch: 3
2025-10-13 15:34:49,489 INFO Final training  3/59loss: 1.1033time 193.25slr: 0.000010
2025-10-13 15:34:49,490 INFO --------------------------------------------------
2025-10-13 15:34:49,490 INFO 
2025-10-13 15:35:41,741 INFO Final validation stats 3/59, Val_acc: 0.333333, time 52.25s
2025-10-13 15:35:42,201 INFO new best (0.000000 --> 0.333333). 
2025-10-13 15:35:42,201 INFO --------------------------------------------------
2025-10-13 15:35:42,201 INFO 
2025-10-13 15:35:42,201 INFO 0 Mon Oct 13 15:35:42 2025 Epoch: 4
2025-10-13 15:38:55,798 INFO Final training  4/59loss: 1.1029time 193.60slr: 0.000010
2025-10-13 15:38:55,799 INFO --------------------------------------------------
2025-10-13 15:38:55,799 INFO 
2025-10-13 15:38:55,799 INFO 0 Mon Oct 13 15:38:55 2025 Epoch: 5
2025-10-13 15:42:08,871 INFO Final training  5/59loss: 1.1023time 193.07slr: 0.000010
2025-10-13 15:42:08,872 INFO --------------------------------------------------
2025-10-13 15:42:08,872 INFO 
2025-10-13 15:42:08,872 INFO 0 Mon Oct 13 15:42:08 2025 Epoch: 6
2025-10-13 15:45:22,180 INFO Final training  6/59loss: 1.1015time 193.31slr: 0.000010
2025-10-13 15:45:22,181 INFO --------------------------------------------------
2025-10-13 15:45:22,181 INFO 
2025-10-13 15:45:22,181 INFO 0 Mon Oct 13 15:45:22 2025 Epoch: 7
2025-10-13 15:48:35,253 INFO Final training  7/59loss: 1.1002time 193.07slr: 0.000010
2025-10-13 15:48:35,254 INFO --------------------------------------------------
2025-10-13 15:48:35,254 INFO 
2025-10-13 15:49:27,470 INFO Final validation stats 7/59, Val_acc: 0.444444, time 52.22s
2025-10-13 15:49:27,876 INFO new best (0.333333 --> 0.444444). 
2025-10-13 15:49:27,876 INFO --------------------------------------------------
2025-10-13 15:49:27,876 INFO 
2025-10-13 15:49:27,876 INFO 0 Mon Oct 13 15:49:27 2025 Epoch: 8
2025-10-13 15:52:41,278 INFO Final training  8/59loss: 1.1008time 193.40slr: 0.000010
2025-10-13 15:52:41,279 INFO --------------------------------------------------
2025-10-13 15:52:41,279 INFO 
2025-10-13 15:52:41,279 INFO 0 Mon Oct 13 15:52:41 2025 Epoch: 9
2025-10-13 15:55:54,381 INFO Final training  9/59loss: 1.1012time 193.10slr: 0.000010
2025-10-13 15:55:54,382 INFO --------------------------------------------------
2025-10-13 15:55:54,382 INFO 
2025-10-13 15:55:54,382 INFO 0 Mon Oct 13 15:55:54 2025 Epoch: 10
2025-10-13 15:59:07,471 INFO Final training  10/59loss: 1.1013time 193.09slr: 0.000010
2025-10-13 15:59:07,962 INFO --------------------------------------------------
2025-10-13 15:59:07,962 INFO 
2025-10-13 15:59:07,962 INFO 0 Mon Oct 13 15:59:07 2025 Epoch: 11
2025-10-13 16:02:21,227 INFO Final training  11/59loss: 1.1004time 193.26slr: 0.000010
2025-10-13 16:02:21,228 INFO --------------------------------------------------
2025-10-13 16:02:21,228 INFO 
2025-10-13 16:03:13,444 INFO Final validation stats 11/59, Val_acc: 0.407407, time 52.22s
2025-10-13 16:03:13,870 INFO --------------------------------------------------
2025-10-13 16:03:13,870 INFO 
2025-10-13 16:03:13,870 INFO 0 Mon Oct 13 16:03:13 2025 Epoch: 12
2025-10-13 16:06:27,490 INFO Final training  12/59loss: 1.1010time 193.62slr: 0.000009
2025-10-13 16:06:27,491 INFO --------------------------------------------------
2025-10-13 16:06:27,491 INFO 
2025-10-13 16:06:27,492 INFO 0 Mon Oct 13 16:06:27 2025 Epoch: 13
2025-10-13 16:09:40,651 INFO Final training  13/59loss: 1.1010time 193.16slr: 0.000009
2025-10-13 16:09:40,652 INFO --------------------------------------------------
2025-10-13 16:09:40,652 INFO 
2025-10-13 16:09:40,652 INFO 0 Mon Oct 13 16:09:40 2025 Epoch: 14
2025-10-13 16:12:53,712 INFO Final training  14/59loss: 1.1014time 193.06slr: 0.000009
2025-10-13 16:12:53,713 INFO --------------------------------------------------
2025-10-13 16:12:53,713 INFO 
2025-10-13 16:12:53,713 INFO 0 Mon Oct 13 16:12:53 2025 Epoch: 15
2025-10-13 16:16:06,964 INFO Final training  15/59loss: 1.1010time 193.25slr: 0.000009
2025-10-13 16:16:06,964 INFO --------------------------------------------------
2025-10-13 16:16:06,964 INFO 
2025-10-13 16:17:02,466 INFO Final validation stats 15/59, Val_acc: 0.407407, time 55.50s
2025-10-13 16:17:02,856 INFO --------------------------------------------------
2025-10-13 16:17:02,856 INFO 
2025-10-13 16:17:02,857 INFO 0 Mon Oct 13 16:17:02 2025 Epoch: 16
2025-10-13 16:20:16,049 INFO Final training  16/59loss: 1.1010time 193.19slr: 0.000009
2025-10-13 16:20:16,050 INFO --------------------------------------------------
2025-10-13 16:20:16,050 INFO 
2025-10-13 16:20:16,050 INFO 0 Mon Oct 13 16:20:16 2025 Epoch: 17
2025-10-13 16:23:29,346 INFO Final training  17/59loss: 1.1011time 193.30slr: 0.000009
2025-10-13 16:23:29,347 INFO --------------------------------------------------
2025-10-13 16:23:29,347 INFO 
2025-10-13 16:23:29,347 INFO 0 Mon Oct 13 16:23:29 2025 Epoch: 18
2025-10-13 16:26:42,598 INFO Final training  18/59loss: 1.1007time 193.25slr: 0.000008
2025-10-13 16:26:42,599 INFO --------------------------------------------------
2025-10-13 16:26:42,599 INFO 
2025-10-13 16:26:42,599 INFO 0 Mon Oct 13 16:26:42 2025 Epoch: 19
2025-10-13 16:29:55,594 INFO Final training  19/59loss: 1.1010time 192.99slr: 0.000008
2025-10-13 16:29:55,595 INFO --------------------------------------------------
2025-10-13 16:29:55,595 INFO 
2025-10-13 16:30:47,922 INFO Final validation stats 19/59, Val_acc: 0.296296, time 52.33s
2025-10-13 16:30:48,347 INFO --------------------------------------------------
2025-10-13 16:30:48,347 INFO 
2025-10-13 16:30:48,347 INFO 0 Mon Oct 13 16:30:48 2025 Epoch: 20
2025-10-13 16:34:01,333 INFO Final training  20/59loss: 1.0999time 192.99slr: 0.000008
2025-10-13 16:34:01,767 INFO --------------------------------------------------
2025-10-13 16:34:01,767 INFO 
2025-10-13 16:34:01,768 INFO 0 Mon Oct 13 16:34:01 2025 Epoch: 21
2025-10-13 16:37:14,807 INFO Final training  21/59loss: 1.1012time 193.04slr: 0.000008
2025-10-13 16:37:14,808 INFO --------------------------------------------------
2025-10-13 16:37:14,808 INFO 
2025-10-13 16:37:14,808 INFO 0 Mon Oct 13 16:37:14 2025 Epoch: 22
2025-10-13 16:40:27,877 INFO Final training  22/59loss: 1.1004time 193.07slr: 0.000008
2025-10-13 16:40:27,878 INFO --------------------------------------------------
2025-10-13 16:40:27,878 INFO 
2025-10-13 16:40:27,878 INFO 0 Mon Oct 13 16:40:27 2025 Epoch: 23
2025-10-13 16:43:41,243 INFO Final training  23/59loss: 1.0999time 193.36slr: 0.000007
2025-10-13 16:43:41,244 INFO --------------------------------------------------
2025-10-13 16:43:41,244 INFO 
2025-10-13 16:44:33,495 INFO Final validation stats 23/59, Val_acc: 0.333333, time 52.25s
2025-10-13 16:44:34,362 INFO --------------------------------------------------
2025-10-13 16:44:34,363 INFO 
2025-10-13 16:44:34,363 INFO 0 Mon Oct 13 16:44:34 2025 Epoch: 24
2025-10-13 16:47:48,629 INFO Final training  24/59loss: 1.1003time 194.27slr: 0.000007
2025-10-13 16:47:48,633 INFO --------------------------------------------------
2025-10-13 16:47:48,634 INFO 
2025-10-13 16:47:48,634 INFO 0 Mon Oct 13 16:47:48 2025 Epoch: 25
2025-10-13 16:51:01,746 INFO Final training  25/59loss: 1.1006time 193.11slr: 0.000007
2025-10-13 16:51:01,746 INFO --------------------------------------------------
2025-10-13 16:51:01,746 INFO 
2025-10-13 16:51:01,747 INFO 0 Mon Oct 13 16:51:01 2025 Epoch: 26
2025-10-13 16:54:14,906 INFO Final training  26/59loss: 1.0999time 193.16slr: 0.000006
2025-10-13 16:54:14,907 INFO --------------------------------------------------
2025-10-13 16:54:14,907 INFO 
2025-10-13 16:54:14,907 INFO 0 Mon Oct 13 16:54:14 2025 Epoch: 27
