2025-11-07 10:33:52,447 INFO Log directory: outputs/OrganoidsINRIA/resnet50/2025-11-07-10-33
2025-11-07 10:33:52,450 INFO {'RandFlipd_prob': 0.2,
 'RandRotate90d_prob': 0.2,
 'RandScaleIntensityd_prob': 0.1,
 'RandShiftIntensityd_prob': 0.1,
 'amp': True,
 'augmentation': True,
 'batch_size': 4,
 'cache_dataset': False,
 'checkpoint_path': None,
 'data_dir': '/home/mraffael/martone_project/Organoids_Dataset/',
 'dataset_name': 'OrganoidsINRIA',
 'debug': False,
 'debug_train_samples': 40,
 'debug_val_samples': 10,
 'dist_backend': 'nccl',
 'dist_url': 'tcp://127.0.0.1:23456',
 'distributed': False,
 'dropout_path_rate': 0.0,
 'dropout_rate': 0.0,
 'early_stopping': False,
 'encoder10_pth': '',
 'exact_class': False,
 'feature_size': 48,
 'fold': 0,
 'folds': False,
 'gpu': 0,
 'ignore_label': 3,
 'in_channels': 1,
 'infer_overlap': 0.5,
 'k_folds': 5,
 'logdir': 'test',
 'logs_dir': 'logs/',
 'loss_name': 'CE',
 'lrschedule': 'warmup_cosine',
 'max_epochs': 100,
 'min_delta_loss': 0.001,
 'min_delta_val': 0.001,
 'model_name': 'resnet50',
 'momentum': 0.99,
 'noamp': False,
 'norm_name': 'instance',
 'oar_id': 2113479,
 'optim_lr': 0.0001,
 'optim_name': 'adamw',
 'out_channels': 1,
 'output_dir': 'outputs/',
 'patch_merging': False,
 'patience_loss': 20,
 'patience_val': 3,
 'pretrained_dir': './pretrained_models/resnet50/',
 'pretrained_model_name': 'resnet_50.pth',
 'rank': 0,
 'reg_weight': 5e-05,
 'restart_T0': 20,
 'resume_ckpt': False,
 'roi_x': 128,
 'roi_y': 128,
 'roi_z': 128,
 'save_checkpoint': True,
 'seed': 3,
 'similarity_loss': '',
 'similarity_loss_weight': 0.0,
 'spatial_dims': 3,
 'split_method': 'stratified',
 'start_epoch': 0,
 'sw_batch_size': 4,
 'telegram_log': True,
 'test_mode': False,
 'token': './token/tlg_token.txt',
 'use_checkpoint': False,
 'val_every': 4,
 'warmup_epochs': 4,
 'workers': 8,
 'world_size': 1}
2025-11-07 10:33:52,450 INFO 
2025-11-07 10:33:52,454 INFO Saved configuration to: outputs/OrganoidsINRIA/resnet50/2025-11-07-10-33/config.txt
2025-11-07 10:33:52,949 INFO Using GPU: 0
2025-11-07 10:33:52,949 INFO 
2025-11-07 10:33:52,949 INFO Model INFO:
2025-11-07 10:33:52,949 INFO Model architecture: resnet50
2025-11-07 10:33:53,312 INFO Using pretrained weights
2025-11-07 10:33:53,312 INFO => loading pretrained model './pretrained_models/resnet50/resnet_50.pth'
2025-11-07 10:33:55,988 INFO Missing keys when loading pretrained: 12
2025-11-07 10:33:55,990 INFO Using SwinUNETR with Single Linear Classification Head
2025-11-07 10:33:56,033 INFO 
2025-11-07 10:33:56,033 INFO Optimizer INFO:
2025-11-07 10:33:56,033 INFO Using optimizer: adamw with lr=0.0001, weight_decay=5e-05
2025-11-07 10:33:56,033 INFO 
2025-11-07 10:33:56,033 INFO Dataset INFO:
2025-11-07 10:33:56,069 INFO Dataset length: 803
2025-11-07 10:33:56,069 INFO Class distribution in entire dataset:
2025-11-07 10:33:56,069 INFO   Class 0: 391
2025-11-07 10:33:56,069 INFO   Class 1: 43
2025-11-07 10:33:56,069 INFO   Class 2: 369
2025-11-07 10:33:56,069 INFO 
Using split method: stratified
2025-11-07 10:33:56,071 INFO 
Train set balance:
2025-11-07 10:33:56,071 INFO 
Val set balance:
2025-11-07 10:33:56,071 INFO Training set length: 642
2025-11-07 10:33:56,071 INFO Validation set length: 161
2025-11-07 10:33:56,071 INFO 
Using standard shuffle for training
2025-11-07 10:33:56,071 INFO Training loader: 160 batches
2025-11-07 10:33:56,071 INFO Validation loader: 41 batches
2025-11-07 10:33:56,071 INFO 
Class distribution in training set:
2025-11-07 10:33:56,071 INFO   Class 0: 313 (48.8%)
2025-11-07 10:33:56,071 INFO   Class 1: 34 (5.3%)
2025-11-07 10:33:56,071 INFO   Class 2: 295 (46.0%)
2025-11-07 10:33:56,071 INFO Class distribution in validation set:
2025-11-07 10:33:56,071 INFO   Class 0: 78 (48.4%)
2025-11-07 10:33:56,072 INFO   Class 1: 9 (5.6%)
2025-11-07 10:33:56,072 INFO   Class 2: 74 (46.0%)
2025-11-07 10:33:56,072 INFO **************************************************
2025-11-07 10:33:56,082 INFO Class weights: [ 6.837  62.941  7.254]
2025-11-07 10:33:56,082 INFO 
2025-11-07 10:33:56,082 INFO Using loss function: CE
2025-11-07 10:33:56,086 INFO **************************************************
2025-11-07 10:33:56,086 INFO Starting training...
2025-11-07 10:33:56,088 INFO 0 Fri Nov  7 10:33:56 2025 Epoch: 0
2025-11-07 10:41:31,257 INFO Final training 0/99, loss: 1.0693, time 455.17s, lr: 0.000000
Accuracy: 0.459
class                  precision    recall   specificity      f1   support
--------------------------------------------------------------------------
0                          0.000     0.000         1.000   0.000       312
1                          0.000     0.000         1.000   0.000        34
2                          0.459     1.000         0.000   0.630       294
*----------------------------------------*
2025-11-07 10:41:31,665 INFO 0 Fri Nov  7 10:41:31 2025 Epoch: 1
2025-11-07 10:46:11,481 INFO Final training 1/99, loss: 1.0427, time 279.82s, lr: 0.000033
Accuracy: 0.453
class                  precision    recall   specificity      f1   support
--------------------------------------------------------------------------
0                          0.465     0.361         0.602   0.406       313
1                          0.000     0.000         1.000   0.000        34
2                          0.446     0.604         0.366   0.513       293
*----------------------------------------*
2025-11-07 10:46:11,481 INFO 0 Fri Nov  7 10:46:11 2025 Epoch: 2
2025-11-07 10:50:34,605 INFO Final training 2/99, loss: 1.0212, time 263.12s, lr: 0.000067
Accuracy: 0.495
class                  precision    recall   specificity      f1   support
--------------------------------------------------------------------------
0                          0.504     0.754         0.291   0.604       313
1                          0.000     0.000         1.000   0.000        34
2                          0.471     0.276         0.738   0.348       293
*----------------------------------------*
2025-11-07 10:50:34,605 INFO 0 Fri Nov  7 10:50:34 2025 Epoch: 3
2025-11-07 10:55:02,272 INFO Final training 3/99, loss: 1.0200, time 267.67s, lr: 0.000100
Accuracy: 0.480
class                  precision    recall   specificity      f1   support
--------------------------------------------------------------------------
0                          0.502     0.356         0.665   0.417       312
1                          0.000     0.000         1.000   0.000        34
2                          0.468     0.667         0.355   0.550       294
*----------------------------------------*
2025-11-07 10:57:51,461 INFO Final validation 3/99, Val_acc: 0.4596, time 169.19sAccuracy: 0.484
class                  precision    recall   specificity      f1   support
--------------------------------------------------------------------------
0                          0.484     1.000         0.000   0.653        78
1                          0.000     0.000         1.000   0.000         9
2                          0.000     0.000         1.000   0.000        74
*========================================*
2025-11-07 10:57:51,462 INFO New best (0.000000 --> 0.459627)
2025-11-07 10:57:55,051 INFO Copying best model to best_model.pt
2025-11-07 10:57:56,774 INFO 0 Fri Nov  7 10:57:56 2025 Epoch: 4
2025-11-07 11:02:31,684 INFO Final training 4/99, loss: 1.0242, time 274.91s, lr: 0.000100
Accuracy: 0.459
class                  precision    recall   specificity      f1   support
--------------------------------------------------------------------------
0                          0.478     0.530         0.446   0.503       313
1                          0.000     0.000         1.000   0.000        34
2                          0.437     0.437         0.524   0.437       293
*----------------------------------------*
2025-11-07 11:02:31,685 INFO 0 Fri Nov  7 11:02:31 2025 Epoch: 5
2025-11-07 11:07:04,424 INFO Final training 5/99, loss: 1.0006, time 272.74s, lr: 0.000100
Accuracy: 0.478
class                  precision    recall   specificity      f1   support
--------------------------------------------------------------------------
0                          0.481     0.808         0.165   0.603       313
1                          0.000     0.000         1.000   0.000        34
2                          0.465     0.181         0.824   0.260       293
*----------------------------------------*
2025-11-07 11:07:04,425 INFO 0 Fri Nov  7 11:07:04 2025 Epoch: 6
2025-11-07 11:11:39,685 INFO Final training 6/99, loss: 1.0255, time 275.26s, lr: 0.000100
Accuracy: 0.470
class                  precision    recall   specificity      f1   support
--------------------------------------------------------------------------
0                          0.477     0.622         0.351   0.540       312
1                          0.000     0.000         1.000   0.000        34
2                          0.459     0.364         0.636   0.406       294
*----------------------------------------*
2025-11-07 11:11:39,685 INFO 0 Fri Nov  7 11:11:39 2025 Epoch: 7
2025-11-07 11:16:13,185 INFO Final training 7/99, loss: 1.0277, time 273.50s, lr: 0.000100
Accuracy: 0.475
class                  precision    recall   specificity      f1   support
--------------------------------------------------------------------------
0                          0.481     0.749         0.237   0.586       311
1                          0.000     0.000         1.000   0.000        34
2                          0.455     0.241         0.754   0.315       295
*----------------------------------------*
2025-11-07 11:17:27,975 INFO Final validation 7/99, Val_acc: 0.4534, time 74.79sAccuracy: 0.460
class                  precision    recall   specificity      f1   support
--------------------------------------------------------------------------
0                          0.000     0.000         1.000   0.000        78
1                          0.000     0.000         1.000   0.000         9
2                          0.460     1.000         0.000   0.630        74
*========================================*
2025-11-07 11:17:30,250 INFO 0 Fri Nov  7 11:17:30 2025 Epoch: 8
2025-11-07 11:22:06,169 INFO Final training 8/99, loss: 1.0016, time 275.92s, lr: 0.000100
Accuracy: 0.478
class                  precision    recall   specificity      f1   support
--------------------------------------------------------------------------
0                          0.490     0.553         0.450   0.520       313
1                          0.000     0.000         1.000   0.000        34
2                          0.463     0.454         0.556   0.459       293
*----------------------------------------*
2025-11-07 11:22:06,169 INFO 0 Fri Nov  7 11:22:06 2025 Epoch: 9
2025-11-07 11:26:41,884 INFO Final training 9/99, loss: 1.0195, time 275.72s, lr: 0.000099
Accuracy: 0.481
class                  precision    recall   specificity      f1   support
--------------------------------------------------------------------------
0                          0.517     0.193         0.830   0.281       311
1                          0.000     0.000         1.000   0.000        34
2                          0.473     0.841         0.200   0.606       295
*----------------------------------------*
2025-11-07 11:26:41,885 INFO 0 Fri Nov  7 11:26:41 2025 Epoch: 10
2025-11-07 11:31:33,396 INFO Final training 10/99, loss: 1.0145, time 291.51s, lr: 0.000099
Accuracy: 0.467
class                  precision    recall   specificity      f1   support
--------------------------------------------------------------------------
0                          0.483     0.591         0.394   0.532       313
1                          0.000     0.000         1.000   0.000        33
2                          0.444     0.388         0.587   0.414       294
*----------------------------------------*
2025-11-07 11:31:33,832 INFO 0 Fri Nov  7 11:31:33 2025 Epoch: 11
2025-11-07 11:36:08,858 INFO Final training 11/99, loss: 1.0238, time 275.03s, lr: 0.000099
Accuracy: 0.487
class                  precision    recall   specificity      f1   support
--------------------------------------------------------------------------
0                          0.494     0.748         0.266   0.595       313
1                          0.000     0.000         1.000   0.000        34
2                          0.470     0.266         0.746   0.340       293
*----------------------------------------*
2025-11-07 11:37:20,672 INFO Final validation 11/99, Val_acc: 0.4534, time 71.81sAccuracy: 0.460
class                  precision    recall   specificity      f1   support
--------------------------------------------------------------------------
0                          0.000     0.000         1.000   0.000        78
1                          0.000     0.000         1.000   0.000         9
2                          0.460     1.000         0.000   0.630        74
*========================================*
2025-11-07 11:37:22,908 INFO 0 Fri Nov  7 11:37:22 2025 Epoch: 12
2025-11-07 11:41:39,688 INFO Final training 12/99, loss: 1.0163, time 256.78s, lr: 0.000098
Accuracy: 0.458
class                  precision    recall   specificity      f1   support
--------------------------------------------------------------------------
0                          0.475     0.519         0.454   0.496       312
1                          0.000     0.000         1.000   0.000        34
2                          0.438     0.446         0.514   0.442       294
*----------------------------------------*
2025-11-07 11:41:39,688 INFO 0 Fri Nov  7 11:41:39 2025 Epoch: 13
2025-11-07 11:46:15,908 INFO Final training 13/99, loss: 1.0226, time 276.22s, lr: 0.000098
Accuracy: 0.502
class                  precision    recall   specificity      f1   support
--------------------------------------------------------------------------
0                          0.542     0.332         0.731   0.412       313
1                          0.000     0.000         1.000   0.000        34
2                          0.484     0.741         0.334   0.586       293
*----------------------------------------*
2025-11-07 11:46:15,908 INFO 0 Fri Nov  7 11:46:15 2025 Epoch: 14
2025-11-07 11:50:53,009 INFO Final training 14/99, loss: 1.0205, time 277.10s, lr: 0.000097
Accuracy: 0.486
class                  precision    recall   specificity      f1   support
--------------------------------------------------------------------------
0                          0.488     0.714         0.292   0.580       311
1                          0.000     0.000         1.000   0.000        34
2                          0.481     0.302         0.722   0.371       295
*----------------------------------------*
2025-11-07 11:50:53,010 INFO 0 Fri Nov  7 11:50:53 2025 Epoch: 15
2025-11-07 11:55:35,032 INFO Final training 15/99, loss: 1.0247, time 282.02s, lr: 0.000097
Accuracy: 0.448
class                  precision    recall   specificity      f1   support
--------------------------------------------------------------------------
0                          0.465     0.559         0.385   0.508       313
1                          0.000     0.000         1.000   0.000        34
2                          0.424     0.382         0.562   0.402       293
*----------------------------------------*
2025-11-07 11:56:46,863 INFO Final validation 15/99, Val_acc: 0.4493, time 71.83sAccuracy: 0.453
class                  precision    recall   specificity      f1   support
--------------------------------------------------------------------------
0                          0.000     0.000         0.988   0.000        78
1                          0.000     0.000         1.000   0.000         9
2                          0.456     0.986         0.000   0.624        74
*========================================*
2025-11-07 11:56:49,125 INFO 0 Fri Nov  7 11:56:49 2025 Epoch: 16
2025-11-07 12:01:39,744 INFO Final training 16/99, loss: 1.0125, time 290.62s, lr: 0.000096
Accuracy: 0.494
class                  precision    recall   specificity      f1   support
--------------------------------------------------------------------------
0                          0.505     0.655         0.385   0.570       313
1                          0.000     0.000         1.000   0.000        34
2                          0.474     0.379         0.646   0.421       293
*----------------------------------------*
2025-11-07 12:01:39,744 INFO 0 Fri Nov  7 12:01:39 2025 Epoch: 17
2025-11-07 12:06:22,360 INFO Final training 17/99, loss: 1.0177, time 282.62s, lr: 0.000096
Accuracy: 0.461
class                  precision    recall   specificity      f1   support
--------------------------------------------------------------------------
0                          0.487     0.478         0.521   0.482       312
1                          0.000     0.000         1.000   0.000        34
2                          0.437     0.497         0.457   0.465       294
*----------------------------------------*
2025-11-07 12:06:22,360 INFO 0 Fri Nov  7 12:06:22 2025 Epoch: 18
2025-11-07 12:11:08,319 INFO Final training 18/99, loss: 1.0136, time 285.96s, lr: 0.000095
Accuracy: 0.444
class                  precision    recall   specificity      f1   support
--------------------------------------------------------------------------
0                          0.461     0.578         0.352   0.513       313
1                          0.000     0.000         1.000   0.000        33
2                          0.417     0.350         0.584   0.381       294
*----------------------------------------*
2025-11-07 12:11:08,320 INFO 0 Fri Nov  7 12:11:08 2025 Epoch: 19
2025-11-07 12:16:18,247 INFO Final training 19/99, loss: 1.0108, time 309.93s, lr: 0.000094
Accuracy: 0.486
class                  precision    recall   specificity      f1   support
--------------------------------------------------------------------------
0                          0.503     0.550         0.486   0.525       311
1                          0.000     0.000         1.000   0.000        34
2                          0.467     0.475         0.536   0.471       295
*----------------------------------------*
2025-11-07 12:17:27,053 INFO Final validation 19/99, Val_acc: 0.4638, time 68.81sAccuracy: 0.491
class                  precision    recall   specificity      f1   support
--------------------------------------------------------------------------
0                          0.487     1.000         0.012   0.655        78
1                          0.000     0.000         1.000   0.000         9
2                          1.000     0.014         1.000   0.027        74
*========================================*
2025-11-07 12:17:27,053 INFO New best (0.459627 --> 0.463768)
2025-11-07 12:17:30,726 INFO Copying best model to best_model.pt
2025-11-07 12:17:32,510 INFO 0 Fri Nov  7 12:17:32 2025 Epoch: 20
2025-11-07 12:22:19,143 INFO Final training 20/99, loss: 1.0190, time 286.63s, lr: 0.000093
Accuracy: 0.472
class                  precision    recall   specificity      f1   support
--------------------------------------------------------------------------
0                          0.484     0.442         0.552   0.462       312
1                          0.000     0.000         1.000   0.000        34
2                          0.462     0.558         0.448   0.505       294
*----------------------------------------*
2025-11-07 12:22:19,546 INFO 0 Fri Nov  7 12:22:19 2025 Epoch: 21
2025-11-07 12:27:20,006 INFO Final training 21/99, loss: 1.0200, time 300.46s, lr: 0.000092
Accuracy: 0.473
class                  precision    recall   specificity      f1   support
--------------------------------------------------------------------------
0                          0.481     0.862         0.116   0.618       312
1                          0.000     0.000         1.000   0.000        34
2                          0.420     0.116         0.864   0.181       294
*----------------------------------------*
2025-11-07 12:27:20,006 INFO 0 Fri Nov  7 12:27:20 2025 Epoch: 22
2025-11-07 12:31:56,773 INFO Final training 22/99, loss: 1.0079, time 276.77s, lr: 0.000092
Accuracy: 0.489
class                  precision    recall   specificity      f1   support
--------------------------------------------------------------------------
0                          0.494     0.656         0.365   0.564       311
1                          0.000     0.000         1.000   0.000        34
2                          0.480     0.369         0.658   0.418       295
*----------------------------------------*
2025-11-07 12:31:56,773 INFO 0 Fri Nov  7 12:31:56 2025 Epoch: 23
2025-11-07 12:36:41,343 INFO Final training 23/99, loss: 1.0172, time 284.57s, lr: 0.000091
Accuracy: 0.466
class                  precision    recall   specificity      f1   support
--------------------------------------------------------------------------
0                          0.492     0.294         0.709   0.368       313
1                          0.000     0.000         1.000   0.000        34
2                          0.455     0.703         0.288   0.552       293
*----------------------------------------*
2025-11-07 12:38:10,503 INFO Final validation 23/99, Val_acc: 0.4493, time 89.16sAccuracy: 0.453
class                  precision    recall   specificity      f1   support
--------------------------------------------------------------------------
0                          0.000     0.000         0.988   0.000        78
1                          0.000     0.000         1.000   0.000         9
2                          0.456     0.986         0.000   0.624        74
*========================================*
2025-11-07 12:38:12,767 INFO 0 Fri Nov  7 12:38:12 2025 Epoch: 24
2025-11-07 12:42:52,071 INFO Final training 24/99, loss: 1.0189, time 279.30s, lr: 0.000090
Accuracy: 0.503
class                  precision    recall   specificity      f1   support
--------------------------------------------------------------------------
0                          0.501     0.637         0.401   0.561       311
1                          0.000     0.000         1.000   0.000        34
2                          0.506     0.420         0.649   0.459       295
*----------------------------------------*
2025-11-07 12:42:52,071 INFO 0 Fri Nov  7 12:42:52 2025 Epoch: 25
2025-11-07 12:47:51,038 INFO Final training 25/99, loss: 1.0117, time 298.97s, lr: 0.000089
Accuracy: 0.505
class                  precision    recall   specificity      f1   support
--------------------------------------------------------------------------
0                          0.502     0.725         0.312   0.593       313
1                          0.000     0.000         1.000   0.000        33
2                          0.511     0.327         0.734   0.398       294
*----------------------------------------*
2025-11-07 12:47:51,038 INFO 0 Fri Nov  7 12:47:51 2025 Epoch: 26
2025-11-07 12:52:29,660 INFO Final training 26/99, loss: 1.0249, time 278.62s, lr: 0.000088
Accuracy: 0.452
class                  precision    recall   specificity      f1   support
--------------------------------------------------------------------------
0                          0.470     0.447         0.517   0.458       313
1                          0.000     0.000         1.000   0.000        34
2                          0.436     0.509         0.444   0.469       293
*----------------------------------------*
2025-11-07 12:52:29,660 INFO 0 Fri Nov  7 12:52:29 2025 Epoch: 27
2025-11-07 12:57:23,990 INFO Final training 27/99, loss: 1.0196, time 294.33s, lr: 0.000086
Accuracy: 0.464
class                  precision    recall   specificity      f1   support
--------------------------------------------------------------------------
0                          0.474     0.693         0.263   0.563       313
1                          0.000     0.000         1.000   0.000        33
2                          0.440     0.272         0.705   0.336       294
*----------------------------------------*
2025-11-07 12:58:35,761 INFO Final validation 27/99, Val_acc: 0.4534, time 71.77sAccuracy: 0.460
class                  precision    recall   specificity      f1   support
--------------------------------------------------------------------------
0                          0.000     0.000         1.000   0.000        78
1                          0.000     0.000         1.000   0.000         9
2                          0.460     1.000         0.000   0.630        74
*========================================*
2025-11-07 12:58:38,306 INFO 0 Fri Nov  7 12:58:38 2025 Epoch: 28
2025-11-07 13:03:15,329 INFO Final training 28/99, loss: 1.0197, time 277.02s, lr: 0.000085
Accuracy: 0.494
class                  precision    recall   specificity      f1   support
--------------------------------------------------------------------------
0                          0.514     0.476         0.569   0.494       313
1                          0.000     0.000         1.000   0.000        34
2                          0.477     0.570         0.473   0.519       293
*----------------------------------------*
2025-11-07 13:03:15,329 INFO 0 Fri Nov  7 13:03:15 2025 Epoch: 29
2025-11-07 13:07:58,531 INFO Final training 29/99, loss: 1.0064, time 283.20s, lr: 0.000084
Accuracy: 0.470
class                  precision    recall   specificity      f1   support
--------------------------------------------------------------------------
0                          0.477     0.542         0.436   0.508       312
1                          0.000     0.000         1.000   0.000        34
2                          0.462     0.449         0.555   0.455       294
*----------------------------------------*
2025-11-07 13:07:58,531 INFO 0 Fri Nov  7 13:07:58 2025 Epoch: 30
2025-11-07 13:12:38,547 INFO Final training 30/99, loss: 1.0116, time 280.02s, lr: 0.000083
Accuracy: 0.512
class                  precision    recall   specificity      f1   support
--------------------------------------------------------------------------
0                          0.506     0.872         0.187   0.641       313
1                          0.000     0.000         1.000   0.000        33
2                          0.545     0.187         0.867   0.278       294
*----------------------------------------*
2025-11-07 13:12:39,045 INFO 0 Fri Nov  7 13:12:39 2025 Epoch: 31
2025-11-07 13:17:27,470 INFO Final training 31/99, loss: 1.0091, time 288.42s, lr: 0.000082
Accuracy: 0.492
class                  precision    recall   specificity      f1   support
--------------------------------------------------------------------------
0                          0.519     0.343         0.698   0.413       312
1                          0.000     0.000         1.000   0.000        34
2                          0.479     0.707         0.347   0.571       294
*----------------------------------------*
2025-11-07 13:18:37,021 INFO Final validation 31/99, Val_acc: 0.4493, time 69.55sAccuracy: 0.453
class                  precision    recall   specificity      f1   support
--------------------------------------------------------------------------
0                          0.000     0.000         0.988   0.000        78
1                          0.000     0.000         1.000   0.000         9
2                          0.456     0.986         0.000   0.624        74
*========================================*
2025-11-07 13:18:39,357 INFO 0 Fri Nov  7 13:18:39 2025 Epoch: 32
2025-11-07 13:23:11,051 INFO Final training 32/99, loss: 1.0090, time 271.69s, lr: 0.000080
Accuracy: 0.475
class                  precision    recall   specificity      f1   support
--------------------------------------------------------------------------
0                          0.487     0.553         0.450   0.518       311
1                          0.000     0.000         1.000   0.000        34
2                          0.460     0.447         0.551   0.454       295
*----------------------------------------*
2025-11-07 13:23:11,051 INFO 0 Fri Nov  7 13:23:11 2025 Epoch: 33
2025-11-07 13:27:46,856 INFO Final training 33/99, loss: 1.0075, time 275.80s, lr: 0.000079
Accuracy: 0.470
class                  precision    recall   specificity      f1   support
--------------------------------------------------------------------------
0                          0.483     0.741         0.242   0.585       313
1                          0.000     0.000         1.000   0.000        33
2                          0.431     0.235         0.737   0.304       294
*----------------------------------------*
2025-11-07 13:27:46,857 INFO 0 Fri Nov  7 13:27:46 2025 Epoch: 34
2025-11-07 13:32:40,798 INFO Final training 34/99, loss: 1.0128, time 293.94s, lr: 0.000078
Accuracy: 0.480
class                  precision    recall   specificity      f1   support
--------------------------------------------------------------------------
0                          0.497     0.564         0.457   0.529       312
1                          0.000     0.000         1.000   0.000        34
2                          0.458     0.446         0.552   0.452       294
*----------------------------------------*
2025-11-07 13:32:40,798 INFO 0 Fri Nov  7 13:32:40 2025 Epoch: 35
2025-11-07 13:37:27,394 INFO Final training 35/99, loss: 1.0139, time 286.60s, lr: 0.000076
Accuracy: 0.484
class                  precision    recall   specificity      f1   support
--------------------------------------------------------------------------
0                          0.498     0.474         0.546   0.486       312
1                          0.000     0.000         1.000   0.000        33
2                          0.472     0.549         0.475   0.508       295
*----------------------------------------*
2025-11-07 13:38:35,667 INFO Final validation 35/99, Val_acc: 0.4638, time 68.27sAccuracy: 0.491
class                  precision    recall   specificity      f1   support
--------------------------------------------------------------------------
0                          0.487     1.000         0.012   0.655        78
1                          0.000     0.000         1.000   0.000         9
2                          1.000     0.014         1.000   0.027        74
*========================================*
2025-11-07 13:38:37,934 INFO 0 Fri Nov  7 13:38:37 2025 Epoch: 36
2025-11-07 13:43:37,166 INFO Final training 36/99, loss: 1.0208, time 299.23s, lr: 0.000075
Accuracy: 0.483
class                  precision    recall   specificity      f1   support
--------------------------------------------------------------------------
0                          0.493     0.558         0.454   0.523       312
1                          0.000     0.000         1.000   0.000        34
2                          0.470     0.459         0.561   0.465       294
*----------------------------------------*
2025-11-07 13:43:37,166 INFO 0 Fri Nov  7 13:43:37 2025 Epoch: 37
2025-11-07 13:48:20,912 INFO Final training 37/99, loss: 1.0218, time 283.75s, lr: 0.000074
Accuracy: 0.450
class                  precision    recall   specificity      f1   support
--------------------------------------------------------------------------
0                          0.462     0.650         0.286   0.540       311
1                          0.000     0.000         1.000   0.000        34
2                          0.424     0.292         0.661   0.345       295
*----------------------------------------*
2025-11-07 13:48:20,913 INFO 0 Fri Nov  7 13:48:20 2025 Epoch: 38
2025-11-07 13:53:11,059 INFO Final training 38/99, loss: 1.0120, time 290.15s, lr: 0.000072
Accuracy: 0.494
class                  precision    recall   specificity      f1   support
--------------------------------------------------------------------------
0                          0.493     0.797         0.225   0.609       311
1                          0.000     0.000         1.000   0.000        34
2                          0.496     0.231         0.800   0.315       295
*----------------------------------------*
2025-11-07 13:53:11,060 INFO 0 Fri Nov  7 13:53:11 2025 Epoch: 39
2025-11-07 13:57:54,183 INFO Final training 39/99, loss: 1.0214, time 283.12s, lr: 0.000071
Accuracy: 0.472
class                  precision    recall   specificity      f1   support
--------------------------------------------------------------------------
0                          0.493     0.465         0.546   0.479       312
1                          0.000     0.000         1.000   0.000        34
2                          0.454     0.534         0.454   0.491       294
*----------------------------------------*
2025-11-07 13:59:02,504 INFO Final validation 39/99, Val_acc: 0.4534, time 68.32sAccuracy: 0.460
class                  precision    recall   specificity      f1   support
--------------------------------------------------------------------------
0                          0.000     0.000         1.000   0.000        78
1                          0.000     0.000         1.000   0.000         9
2                          0.460     1.000         0.000   0.630        74
*========================================*
2025-11-07 13:59:04,843 INFO 0 Fri Nov  7 13:59:04 2025 Epoch: 40
2025-11-07 14:03:36,713 INFO Final training 40/99, loss: 1.0092, time 271.87s, lr: 0.000069
Accuracy: 0.480
class                  precision    recall   specificity      f1   support
--------------------------------------------------------------------------
0                          0.503     0.492         0.541   0.498       311
1                          0.000     0.000         1.000   0.000        34
2                          0.458     0.522         0.472   0.488       295
*----------------------------------------*
2025-11-07 14:03:37,169 INFO 0 Fri Nov  7 14:03:37 2025 Epoch: 41
2025-11-07 14:08:18,183 INFO Final training 41/99, loss: 1.0210, time 281.01s, lr: 0.000068
Accuracy: 0.469
class                  precision    recall   specificity      f1   support
--------------------------------------------------------------------------
0                          0.483     0.449         0.543   0.465       312
1                          0.000     0.000         1.000   0.000        34
2                          0.457     0.544         0.451   0.497       294
*----------------------------------------*
2025-11-07 14:08:18,183 INFO 0 Fri Nov  7 14:08:18 2025 Epoch: 42
2025-11-07 14:13:22,616 INFO Final training 42/99, loss: 1.0084, time 304.43s, lr: 0.000066
Accuracy: 0.489
class                  precision    recall   specificity      f1   support
--------------------------------------------------------------------------
0                          0.519     0.344         0.699   0.414       311
1                          0.000     0.000         1.000   0.000        34
2                          0.475     0.698         0.339   0.565       295
*----------------------------------------*
2025-11-07 14:13:22,616 INFO 0 Fri Nov  7 14:13:22 2025 Epoch: 43
2025-11-07 14:18:04,370 INFO Final training 43/99, loss: 1.0053, time 281.75s, lr: 0.000065
Accuracy: 0.484
class                  precision    recall   specificity      f1   support
--------------------------------------------------------------------------
0                          0.488     0.747         0.256   0.591       312
1                          0.000     0.000         1.000   0.000        34
2                          0.472     0.262         0.751   0.337       294
*----------------------------------------*
2025-11-07 14:19:14,834 INFO Final validation 43/99, Val_acc: 0.2160, time 70.46sAccuracy: 0.242
class                  precision    recall   specificity      f1   support
--------------------------------------------------------------------------
0                          0.186     0.167         0.313   0.176        78
1                          0.000     0.000         1.000   0.000         9
2                          0.286     0.351         0.253   0.315        74
*========================================*
2025-11-07 14:19:17,725 INFO 0 Fri Nov  7 14:19:17 2025 Epoch: 44
2025-11-07 14:23:56,546 INFO Final training 44/99, loss: 1.0083, time 278.82s, lr: 0.000063
Accuracy: 0.463
class                  precision    recall   specificity      f1   support
--------------------------------------------------------------------------
0                          0.471     0.596         0.363   0.526       312
1                          0.000     0.000         1.000   0.000        34
2                          0.449     0.374         0.610   0.408       294
*----------------------------------------*
2025-11-07 14:23:56,546 INFO 0 Fri Nov  7 14:23:56 2025 Epoch: 45
2025-11-07 14:28:46,274 INFO Final training 45/99, loss: 1.0079, time 289.73s, lr: 0.000061
Accuracy: 0.477
class                  precision    recall   specificity      f1   support
--------------------------------------------------------------------------
0                          0.485     0.588         0.404   0.532       313
1                          0.000     0.000         1.000   0.000        34
2                          0.464     0.413         0.597   0.437       293
*----------------------------------------*
2025-11-07 14:28:46,274 INFO 0 Fri Nov  7 14:28:46 2025 Epoch: 46
2025-11-07 14:33:16,073 INFO Final training 46/99, loss: 1.0080, time 269.80s, lr: 0.000060
Accuracy: 0.459
class                  precision    recall   specificity      f1   support
--------------------------------------------------------------------------
0                          0.467     0.458         0.503   0.463       312
1                          0.000     0.000         1.000   0.000        34
2                          0.452     0.514         0.471   0.481       294
*----------------------------------------*
2025-11-07 14:33:16,073 INFO 0 Fri Nov  7 14:33:16 2025 Epoch: 47
2025-11-07 14:37:51,003 INFO Final training 47/99, loss: 1.0066, time 274.93s, lr: 0.000058
Accuracy: 0.467
class                  precision    recall   specificity      f1   support
--------------------------------------------------------------------------
0                          0.482     0.484         0.506   0.483       312
1                          0.000     0.000         1.000   0.000        34
2                          0.453     0.503         0.483   0.477       294
*----------------------------------------*
2025-11-07 14:39:03,737 INFO Final validation 47/99, Val_acc: 0.4534, time 72.73sAccuracy: 0.460
class                  precision    recall   specificity      f1   support
--------------------------------------------------------------------------
0                          0.000     0.000         1.000   0.000        78
1                          0.000     0.000         1.000   0.000         9
2                          0.460     1.000         0.000   0.630        74
*========================================*
2025-11-07 14:39:06,037 INFO 0 Fri Nov  7 14:39:06 2025 Epoch: 48
2025-11-07 14:43:42,658 INFO Final training 48/99, loss: 1.0028, time 276.62s, lr: 0.000057
Accuracy: 0.475
class                  precision    recall   specificity      f1   support
--------------------------------------------------------------------------
0                          0.480     0.730         0.252   0.579       311
1                          0.000     0.000         1.000   0.000        34
2                          0.461     0.261         0.739   0.333       295
*----------------------------------------*
2025-11-07 14:43:42,659 INFO 0 Fri Nov  7 14:43:42 2025 Epoch: 49
2025-11-07 14:48:16,959 INFO Final training 49/99, loss: 1.0152, time 274.30s, lr: 0.000055
Accuracy: 0.508
class                  precision    recall   specificity      f1   support
--------------------------------------------------------------------------
0                          0.509     0.752         0.313   0.607       311
1                          0.000     0.000         1.000   0.000        34
2                          0.506     0.308         0.742   0.383       295
*----------------------------------------*
2025-11-07 14:48:16,960 INFO 0 Fri Nov  7 14:48:16 2025 Epoch: 50
2025-11-07 14:53:05,133 INFO Final training 50/99, loss: 1.0109, time 288.17s, lr: 0.000053
Accuracy: 0.484
class                  precision    recall   specificity      f1   support
--------------------------------------------------------------------------
0                          0.492     0.481         0.527   0.486       312
1                          0.000     0.000         1.000   0.000        34
2                          0.478     0.544         0.494   0.509       294
*----------------------------------------*
2025-11-07 14:53:05,558 INFO 0 Fri Nov  7 14:53:05 2025 Epoch: 51
2025-11-07 14:57:41,112 INFO Final training 51/99, loss: 1.0198, time 275.55s, lr: 0.000052
Accuracy: 0.480
class                  precision    recall   specificity      f1   support
--------------------------------------------------------------------------
0                          0.488     0.587         0.415   0.533       312
1                          0.000     0.000         1.000   0.000        34
2                          0.468     0.422         0.592   0.444       294
*----------------------------------------*
2025-11-07 14:58:51,692 INFO Final validation 51/99, Val_acc: 0.4534, time 70.58sAccuracy: 0.460
class                  precision    recall   specificity      f1   support
--------------------------------------------------------------------------
0                          0.000     0.000         1.000   0.000        78
1                          0.000     0.000         1.000   0.000         9
2                          0.460     1.000         0.000   0.630        74
*========================================*
2025-11-07 14:58:53,976 INFO 0 Fri Nov  7 14:58:53 2025 Epoch: 52
2025-11-07 15:03:23,941 INFO Final training 52/99, loss: 1.0049, time 269.96s, lr: 0.000050
Accuracy: 0.487
class                  precision    recall   specificity      f1   support
--------------------------------------------------------------------------
0                          0.502     0.518         0.508   0.509       313
1                          0.000     0.000         1.000   0.000        33
2                          0.473     0.510         0.517   0.491       294
*----------------------------------------*
2025-11-07 15:03:23,941 INFO 0 Fri Nov  7 15:03:23 2025 Epoch: 53
2025-11-07 15:07:45,569 INFO Final training 53/99, loss: 1.0054, time 261.63s, lr: 0.000048
Accuracy: 0.483
class                  precision    recall   specificity      f1   support
--------------------------------------------------------------------------
0                          0.495     0.590         0.427   0.538       312
1                          0.000     0.000         1.000   0.000        34
2                          0.466     0.425         0.587   0.445       294
*----------------------------------------*
2025-11-07 15:07:45,569 INFO 0 Fri Nov  7 15:07:45 2025 Epoch: 54
2025-11-07 15:12:18,100 INFO Final training 54/99, loss: 1.0157, time 272.53s, lr: 0.000047
Accuracy: 0.478
class                  precision    recall   specificity      f1   support
--------------------------------------------------------------------------
0                          0.484     0.670         0.320   0.562       312
1                          0.000     0.000         1.000   0.000        34
2                          0.466     0.330         0.679   0.386       294
*----------------------------------------*
2025-11-07 15:12:18,101 INFO 0 Fri Nov  7 15:12:18 2025 Epoch: 55
2025-11-07 15:16:49,782 INFO Final training 55/99, loss: 1.0126, time 271.68s, lr: 0.000045
Accuracy: 0.509
class                  precision    recall   specificity      f1   support
--------------------------------------------------------------------------
0                          0.505     0.839         0.222   0.630       311
1                          0.000     0.000         1.000   0.000        34
2                          0.528     0.220         0.832   0.311       295
*----------------------------------------*
2025-11-07 15:18:08,789 INFO Final validation 55/99, Val_acc: 0.4534, time 79.01sAccuracy: 0.460
class                  precision    recall   specificity      f1   support
--------------------------------------------------------------------------
0                          0.000     0.000         1.000   0.000        78
1                          0.000     0.000         1.000   0.000         9
2                          0.460     1.000         0.000   0.630        74
*========================================*
2025-11-07 15:18:11,190 INFO 0 Fri Nov  7 15:18:11 2025 Epoch: 56
2025-11-07 15:22:51,491 INFO Final training 56/99, loss: 1.0093, time 280.30s, lr: 0.000043
Accuracy: 0.505
class                  precision    recall   specificity      f1   support
--------------------------------------------------------------------------
0                          0.506     0.668         0.376   0.576       313
1                          0.000     0.000         1.000   0.000        34
2                          0.502     0.389         0.674   0.438       293
*----------------------------------------*
2025-11-07 15:22:51,491 INFO 0 Fri Nov  7 15:22:51 2025 Epoch: 57
2025-11-07 15:27:31,631 INFO Final training 57/99, loss: 1.0097, time 280.14s, lr: 0.000042
Accuracy: 0.500
class                  precision    recall   specificity      f1   support
--------------------------------------------------------------------------
0                          0.504     0.676         0.366   0.577       312
1                          0.000     0.000         1.000   0.000        34
2                          0.493     0.371         0.676   0.423       294
*----------------------------------------*
2025-11-07 15:27:31,632 INFO 0 Fri Nov  7 15:27:31 2025 Epoch: 58
2025-11-07 15:31:54,208 INFO Final training 58/99, loss: 1.0089, time 262.58s, lr: 0.000040
Accuracy: 0.503
class                  precision    recall   specificity      f1   support
--------------------------------------------------------------------------
0                          0.512     0.626         0.428   0.563       313
1                          0.000     0.000         1.000   0.000        33
2                          0.490     0.429         0.621   0.457       294
*----------------------------------------*
2025-11-07 15:31:54,209 INFO 0 Fri Nov  7 15:31:54 2025 Epoch: 59
2025-11-07 15:36:39,725 INFO Final training 59/99, loss: 1.0196, time 285.52s, lr: 0.000039
Accuracy: 0.480
class                  precision    recall   specificity      f1   support
--------------------------------------------------------------------------
0                          0.498     0.418         0.602   0.455       311
1                          0.000     0.000         1.000   0.000        34
2                          0.467     0.600         0.414   0.525       295
*----------------------------------------*
2025-11-07 15:37:51,012 INFO Final validation 59/99, Val_acc: 0.4534, time 71.29sAccuracy: 0.460
class                  precision    recall   specificity      f1   support
--------------------------------------------------------------------------
0                          0.000     0.000         1.000   0.000        78
1                          0.000     0.000         1.000   0.000         9
2                          0.460     1.000         0.000   0.630        74
*========================================*
2025-11-07 15:37:53,314 INFO 0 Fri Nov  7 15:37:53 2025 Epoch: 60
2025-11-07 15:42:33,814 INFO Final training 60/99, loss: 1.0093, time 280.50s, lr: 0.000037
Accuracy: 0.487
class                  precision    recall   specificity      f1   support
--------------------------------------------------------------------------
0                          0.507     0.473         0.565   0.489       311
1                          0.000     0.000         1.000   0.000        34
2                          0.471     0.559         0.464   0.512       295
*----------------------------------------*
2025-11-07 15:42:34,292 INFO 0 Fri Nov  7 15:42:34 2025 Epoch: 61
2025-11-07 15:47:11,935 INFO Final training 61/99, loss: 1.0135, time 277.64s, lr: 0.000035
Accuracy: 0.495
class                  precision    recall   specificity      f1   support
--------------------------------------------------------------------------
0                          0.496     0.756         0.268   0.599       312
1                          0.000     0.000         1.000   0.000        34
2                          0.494     0.276         0.760   0.354       294
*----------------------------------------*
2025-11-07 15:47:11,936 INFO 0 Fri Nov  7 15:47:11 2025 Epoch: 62
2025-11-07 15:51:51,038 INFO Final training 62/99, loss: 1.0037, time 279.10s, lr: 0.000034
Accuracy: 0.492
class                  precision    recall   specificity      f1   support
--------------------------------------------------------------------------
0                          0.536     0.314         0.741   0.396       312
1                          0.000     0.000         1.000   0.000        34
2                          0.475     0.738         0.306   0.578       294
*----------------------------------------*
2025-11-07 15:51:51,039 INFO 0 Fri Nov  7 15:51:51 2025 Epoch: 63
2025-11-07 15:56:27,811 INFO Final training 63/99, loss: 1.0129, time 276.77s, lr: 0.000032
Accuracy: 0.500
class                  precision    recall   specificity      f1   support
--------------------------------------------------------------------------
0                          0.507     0.712         0.336   0.592       313
1                          0.000     0.000         1.000   0.000        34
2                          0.485     0.331         0.703   0.394       293
*----------------------------------------*
2025-11-07 15:57:46,063 INFO Final validation 63/99, Val_acc: 0.4638, time 78.25sAccuracy: 0.491
class                  precision    recall   specificity      f1   support
--------------------------------------------------------------------------
0                          0.487     1.000         0.012   0.655        78
1                          0.000     0.000         1.000   0.000         9
2                          1.000     0.014         1.000   0.027        74
*========================================*
2025-11-07 15:57:48,369 INFO 0 Fri Nov  7 15:57:48 2025 Epoch: 64
2025-11-07 16:02:31,189 INFO Final training 64/99, loss: 1.0123, time 282.82s, lr: 0.000031
Accuracy: 0.502
class                  precision    recall   specificity      f1   support
--------------------------------------------------------------------------
0                          0.525     0.438         0.621   0.477       313
1                          0.000     0.000         1.000   0.000        34
2                          0.485     0.628         0.438   0.548       293
*----------------------------------------*
2025-11-07 16:02:31,190 INFO 0 Fri Nov  7 16:02:31 2025 Epoch: 65
2025-11-07 16:06:57,068 INFO Final training 65/99, loss: 1.0087, time 265.88s, lr: 0.000029
Accuracy: 0.506
class                  precision    recall   specificity      f1   support
--------------------------------------------------------------------------
0                          0.517     0.574         0.491   0.544       312
1                          0.000     0.000         1.000   0.000        34
2                          0.493     0.493         0.569   0.493       294
*----------------------------------------*
2025-11-07 16:06:57,068 INFO 0 Fri Nov  7 16:06:57 2025 Epoch: 66
2025-11-07 16:11:39,037 INFO Final training 66/99, loss: 1.0208, time 281.97s, lr: 0.000028
Accuracy: 0.502
class                  precision    recall   specificity      f1   support
--------------------------------------------------------------------------
0                          0.515     0.546         0.508   0.530       313
1                          0.000     0.000         1.000   0.000        34
2                          0.487     0.512         0.545   0.499       293
*----------------------------------------*
2025-11-07 16:11:39,038 INFO 0 Fri Nov  7 16:11:39 2025 Epoch: 67
2025-11-07 16:16:27,517 INFO Final training 67/99, loss: 1.0072, time 288.48s, lr: 0.000026
Accuracy: 0.486
class                  precision    recall   specificity      f1   support
--------------------------------------------------------------------------
0                          0.488     0.810         0.198   0.609       311
1                          0.000     0.000         1.000   0.000        34
2                          0.476     0.200         0.812   0.282       295
*----------------------------------------*
2025-11-07 16:17:39,507 INFO Final validation 67/99, Val_acc: 0.4534, time 71.99sAccuracy: 0.460
class                  precision    recall   specificity      f1   support
--------------------------------------------------------------------------
0                          0.000     0.000         1.000   0.000        78
1                          0.000     0.000         1.000   0.000         9
2                          0.460     1.000         0.000   0.630        74
*========================================*
2025-11-07 16:17:41,941 INFO 0 Fri Nov  7 16:17:41 2025 Epoch: 68
2025-11-07 16:22:21,031 INFO Final training 68/99, loss: 1.0168, time 279.09s, lr: 0.000025
Accuracy: 0.487
class                  precision    recall   specificity      f1   support
--------------------------------------------------------------------------
0                          0.506     0.429         0.601   0.464       312
1                          0.000     0.000         1.000   0.000        34
2                          0.475     0.605         0.431   0.532       294
*----------------------------------------*
2025-11-07 16:22:21,032 INFO 0 Fri Nov  7 16:22:21 2025 Epoch: 69
2025-11-07 16:27:08,812 INFO Final training 69/99, loss: 1.0119, time 287.78s, lr: 0.000024
Accuracy: 0.491
class                  precision    recall   specificity      f1   support
--------------------------------------------------------------------------
0                          0.496     0.731         0.293   0.591       312
1                          0.000     0.000         1.000   0.000        34
2                          0.478     0.293         0.728   0.363       294
*----------------------------------------*
2025-11-07 16:27:08,813 INFO 0 Fri Nov  7 16:27:08 2025 Epoch: 70
2025-11-07 16:31:47,019 INFO Final training 70/99, loss: 1.0201, time 278.21s, lr: 0.000022
Accuracy: 0.494
class                  precision    recall   specificity      f1   support
--------------------------------------------------------------------------
0                          0.493     0.846         0.174   0.623       312
1                          0.000     0.000         1.000   0.000        34
2                          0.495     0.177         0.847   0.261       294
*----------------------------------------*
2025-11-07 16:31:47,634 INFO 0 Fri Nov  7 16:31:47 2025 Epoch: 71
2025-11-07 16:36:24,205 INFO Final training 71/99, loss: 1.0114, time 276.57s, lr: 0.000021
Accuracy: 0.519
class                  precision    recall   specificity      f1   support
--------------------------------------------------------------------------
0                          0.514     0.769         0.308   0.616       312
1                          0.000     0.000         1.000   0.000        34
2                          0.532     0.313         0.766   0.394       294
*----------------------------------------*
2025-11-07 16:37:35,939 INFO Final validation 71/99, Val_acc: 0.4534, time 71.73sAccuracy: 0.460
class                  precision    recall   specificity      f1   support
--------------------------------------------------------------------------
0                          0.000     0.000         1.000   0.000        78
1                          0.000     0.000         1.000   0.000         9
2                          0.460     1.000         0.000   0.630        74
*========================================*
2025-11-07 16:37:38,397 INFO 0 Fri Nov  7 16:37:38 2025 Epoch: 72
2025-11-07 16:42:13,488 INFO Final training 72/99, loss: 1.0104, time 275.09s, lr: 0.000020
Accuracy: 0.528
class                  precision    recall   specificity      f1   support
--------------------------------------------------------------------------
0                          0.546     0.567         0.552   0.557       312
1                          0.000     0.000         1.000   0.000        34
2                          0.509     0.548         0.552   0.528       294
*----------------------------------------*
2025-11-07 16:42:13,489 INFO 0 Fri Nov  7 16:42:13 2025 Epoch: 73
2025-11-07 16:46:44,681 INFO Final training 73/99, loss: 1.0163, time 271.19s, lr: 0.000018
Accuracy: 0.483
class                  precision    recall   specificity      f1   support
--------------------------------------------------------------------------
0                          0.495     0.592         0.429   0.539       311
1                          0.000     0.000         1.000   0.000        34
2                          0.466     0.424         0.586   0.444       295
*----------------------------------------*
2025-11-07 16:46:44,681 INFO 0 Fri Nov  7 16:46:44 2025 Epoch: 74
2025-11-07 16:51:27,018 INFO Final training 74/99, loss: 1.0155, time 282.34s, lr: 0.000017
Accuracy: 0.484
class                  precision    recall   specificity      f1   support
--------------------------------------------------------------------------
0                          0.497     0.506         0.512   0.502       312
1                          0.000     0.000         1.000   0.000        34
2                          0.472     0.517         0.509   0.494       294
*----------------------------------------*
2025-11-07 16:51:27,019 INFO 0 Fri Nov  7 16:51:27 2025 Epoch: 75
2025-11-07 16:56:05,963 INFO Final training 75/99, loss: 1.0056, time 278.94s, lr: 0.000016
Accuracy: 0.495
class                  precision    recall   specificity      f1   support
--------------------------------------------------------------------------
0                          0.516     0.554         0.506   0.535       312
1                          0.000     0.000         1.000   0.000        34
2                          0.472     0.490         0.535   0.481       294
*----------------------------------------*
2025-11-07 16:57:14,433 INFO Final validation 75/99, Val_acc: 0.4534, time 68.47sAccuracy: 0.460
class                  precision    recall   specificity      f1   support
--------------------------------------------------------------------------
0                          0.000     0.000         1.000   0.000        78
1                          0.000     0.000         1.000   0.000         9
2                          0.460     1.000         0.000   0.630        74
*========================================*
2025-11-07 16:57:16,699 INFO 0 Fri Nov  7 16:57:16 2025 Epoch: 76
2025-11-07 17:02:01,852 INFO Final training 76/99, loss: 1.0098, time 285.15s, lr: 0.000015
Accuracy: 0.505
class                  precision    recall   specificity      f1   support
--------------------------------------------------------------------------
0                          0.515     0.439         0.607   0.474       312
1                          0.000     0.000         1.000   0.000        33
2                          0.497     0.631         0.455   0.556       295
*----------------------------------------*
2025-11-07 17:02:01,853 INFO 0 Fri Nov  7 17:02:01 2025 Epoch: 77
2025-11-07 17:06:49,745 INFO Final training 77/99, loss: 0.9950, time 287.89s, lr: 0.000014
Accuracy: 0.492
class                  precision    recall   specificity      f1   support
--------------------------------------------------------------------------
0                          0.510     0.497         0.546   0.503       312
1                          0.000     0.000         1.000   0.000        33
2                          0.476     0.542         0.490   0.507       295
*----------------------------------------*
2025-11-07 17:06:49,745 INFO 0 Fri Nov  7 17:06:49 2025 Epoch: 78
2025-11-07 17:11:20,451 INFO Final training 78/99, loss: 1.0026, time 270.71s, lr: 0.000012
Accuracy: 0.519
class                  precision    recall   specificity      f1   support
--------------------------------------------------------------------------
0                          0.526     0.579         0.508   0.551       311
1                          0.000     0.000         1.000   0.000        34
2                          0.510     0.515         0.577   0.513       295
*----------------------------------------*
2025-11-07 17:11:20,451 INFO 0 Fri Nov  7 17:11:20 2025 Epoch: 79
2025-11-07 17:15:44,090 INFO Final training 79/99, loss: 1.0122, time 263.64s, lr: 0.000011
Accuracy: 0.500
class                  precision    recall   specificity      f1   support
--------------------------------------------------------------------------
0                          0.505     0.650         0.398   0.568       311
1                          0.000     0.000         1.000   0.000        34
2                          0.492     0.400         0.646   0.441       295
*----------------------------------------*
2025-11-07 17:16:55,071 INFO Final validation 79/99, Val_acc: 0.3920, time 70.98sAccuracy: 0.410
class                  precision    recall   specificity      f1   support
--------------------------------------------------------------------------
0                          0.059     0.013         0.807   0.021        78
1                          0.000     0.000         1.000   0.000         9
2                          0.451     0.878         0.092   0.596        74
*========================================*
2025-11-07 17:16:57,418 INFO 0 Fri Nov  7 17:16:57 2025 Epoch: 80
2025-11-07 17:21:36,703 INFO Final training 80/99, loss: 1.0096, time 279.28s, lr: 0.000010
Accuracy: 0.527
class                  precision    recall   specificity      f1   support
--------------------------------------------------------------------------
0                          0.525     0.674         0.416   0.590       313
1                          0.000     0.000         1.000   0.000        34
2                          0.529     0.430         0.677   0.475       293
*----------------------------------------*
2025-11-07 17:21:37,151 INFO 0 Fri Nov  7 17:21:37 2025 Epoch: 81
2025-11-07 17:26:27,903 INFO Final training 81/99, loss: 1.0157, time 290.75s, lr: 0.000009
Accuracy: 0.498
class                  precision    recall   specificity      f1   support
--------------------------------------------------------------------------
0                          0.507     0.612         0.433   0.554       312
1                          0.000     0.000         1.000   0.000        34
2                          0.487     0.435         0.610   0.460       294
*----------------------------------------*
2025-11-07 17:26:27,903 INFO 0 Fri Nov  7 17:26:27 2025 Epoch: 82
2025-11-07 17:31:00,923 INFO Final training 82/99, loss: 1.0065, time 273.02s, lr: 0.000008
Accuracy: 0.477
class                  precision    recall   specificity      f1   support
--------------------------------------------------------------------------
0                          0.483     0.622         0.366   0.543       312
1                          0.000     0.000         1.000   0.000        34
2                          0.466     0.378         0.633   0.417       294
*----------------------------------------*
2025-11-07 17:31:00,923 INFO 0 Fri Nov  7 17:31:00 2025 Epoch: 83
2025-11-07 17:35:40,602 INFO Final training 83/99, loss: 1.0013, time 279.68s, lr: 0.000008
Accuracy: 0.545
class                  precision    recall   specificity      f1   support
--------------------------------------------------------------------------
0                          0.548     0.635         0.503   0.588       312
1                          0.000     0.000         1.000   0.000        34
2                          0.541     0.514         0.630   0.527       294
*----------------------------------------*
2025-11-07 17:36:59,987 INFO Final validation 83/99, Val_acc: 0.2716, time 79.38sAccuracy: 0.311
class                  precision    recall   specificity      f1   support
--------------------------------------------------------------------------
0                          0.176     0.115         0.494   0.140        78
1                          0.000     0.000         1.000   0.000         9
2                          0.373     0.554         0.207   0.446        74
*========================================*
2025-11-07 17:37:02,471 INFO 0 Fri Nov  7 17:37:02 2025 Epoch: 84
2025-11-07 17:41:54,345 INFO Final training 84/99, loss: 1.0077, time 291.87s, lr: 0.000007
Accuracy: 0.481
class                  precision    recall   specificity      f1   support
--------------------------------------------------------------------------
0                          0.496     0.535         0.482   0.515       312
1                          0.000     0.000         1.000   0.000        34
2                          0.465     0.480         0.532   0.472       294
*----------------------------------------*
2025-11-07 17:41:54,346 INFO 0 Fri Nov  7 17:41:54 2025 Epoch: 85
2025-11-07 17:46:51,730 INFO Final training 85/99, loss: 1.0191, time 297.38s, lr: 0.000006
Accuracy: 0.497
class                  precision    recall   specificity      f1   support
--------------------------------------------------------------------------
0                          0.505     0.599         0.442   0.548       312
1                          0.000     0.000         1.000   0.000        34
2                          0.485     0.446         0.598   0.465       294
*----------------------------------------*
2025-11-07 17:46:51,731 INFO 0 Fri Nov  7 17:46:51 2025 Epoch: 86
2025-11-07 17:51:21,911 INFO Final training 86/99, loss: 1.0075, time 270.18s, lr: 0.000005
Accuracy: 0.509
class                  precision    recall   specificity      f1   support
--------------------------------------------------------------------------
0                          0.510     0.640         0.419   0.568       311
1                          0.000     0.000         1.000   0.000        34
2                          0.508     0.431         0.643   0.466       295
*----------------------------------------*
2025-11-07 17:51:21,911 INFO 0 Fri Nov  7 17:51:21 2025 Epoch: 87
2025-11-07 17:56:21,114 INFO Final training 87/99, loss: 1.0155, time 299.20s, lr: 0.000004
Accuracy: 0.486
class                  precision    recall   specificity      f1   support
--------------------------------------------------------------------------
0                          0.496     0.594         0.422   0.541       313
1                          0.000     0.000         1.000   0.000        34
2                          0.472     0.427         0.597   0.448       293
*----------------------------------------*
2025-11-07 17:57:29,841 INFO Final validation 87/99, Val_acc: 0.4534, time 68.73sAccuracy: 0.460
class                  precision    recall   specificity      f1   support
--------------------------------------------------------------------------
0                          0.000     0.000         1.000   0.000        78
1                          0.000     0.000         1.000   0.000         9
2                          0.460     1.000         0.000   0.630        74
*========================================*
2025-11-07 17:57:32,189 INFO 0 Fri Nov  7 17:57:32 2025 Epoch: 88
2025-11-07 18:02:20,538 INFO Final training 88/99, loss: 1.0149, time 288.35s, lr: 0.000004
Accuracy: 0.492
class                  precision    recall   specificity      f1   support
--------------------------------------------------------------------------
0                          0.495     0.615         0.402   0.549       312
1                          0.000     0.000         1.000   0.000        34
2                          0.488     0.418         0.627   0.451       294
*----------------------------------------*
2025-11-07 18:02:20,538 INFO 0 Fri Nov  7 18:02:20 2025 Epoch: 89
2025-11-07 18:07:18,354 INFO Final training 89/99, loss: 1.0103, time 297.82s, lr: 0.000003
Accuracy: 0.519
class                  precision    recall   specificity      f1   support
--------------------------------------------------------------------------
0                          0.528     0.581         0.502   0.553       313
1                          0.000     0.000         1.000   0.000        34
2                          0.508     0.512         0.582   0.510       293
*----------------------------------------*
2025-11-07 18:07:18,354 INFO 0 Fri Nov  7 18:07:18 2025 Epoch: 90
2025-11-07 18:11:53,605 INFO Final training 90/99, loss: 1.0198, time 275.25s, lr: 0.000003
Accuracy: 0.472
class                  precision    recall   specificity      f1   support
--------------------------------------------------------------------------
0                          0.485     0.516         0.479   0.500       312
1                          0.000     0.000         1.000   0.000        34
2                          0.458     0.480         0.517   0.468       294
*----------------------------------------*
2025-11-07 18:11:54,209 INFO 0 Fri Nov  7 18:11:54 2025 Epoch: 91
2025-11-07 18:16:28,320 INFO Final training 91/99, loss: 1.0109, time 274.11s, lr: 0.000002
Accuracy: 0.487
class                  precision    recall   specificity      f1   support
--------------------------------------------------------------------------
0                          0.503     0.516         0.515   0.509       312
1                          0.000     0.000         1.000   0.000        34
2                          0.472     0.514         0.512   0.492       294
*----------------------------------------*
2025-11-07 18:17:37,348 INFO Final validation 91/99, Val_acc: 0.4534, time 69.03sAccuracy: 0.460
class                  precision    recall   specificity      f1   support
--------------------------------------------------------------------------
0                          0.000     0.000         1.000   0.000        78
1                          0.000     0.000         1.000   0.000         9
2                          0.460     1.000         0.000   0.630        74
*========================================*
2025-11-07 18:17:39,781 INFO 0 Fri Nov  7 18:17:39 2025 Epoch: 92
2025-11-07 18:22:06,623 INFO Final training 92/99, loss: 1.0096, time 266.84s, lr: 0.000002
Accuracy: 0.530
class                  precision    recall   specificity      f1   support
--------------------------------------------------------------------------
0                          0.539     0.622         0.494   0.577       312
1                          0.000     0.000         1.000   0.000        34
2                          0.518     0.493         0.610   0.505       294
*----------------------------------------*
2025-11-07 18:22:06,624 INFO 0 Fri Nov  7 18:22:06 2025 Epoch: 93
2025-11-07 18:27:15,842 INFO Final training 93/99, loss: 1.0113, time 309.22s, lr: 0.000001
Accuracy: 0.502
class                  precision    recall   specificity      f1   support
--------------------------------------------------------------------------
0                          0.512     0.553         0.502   0.532       311
1                          0.000     0.000         1.000   0.000        34
2                          0.490     0.505         0.551   0.497       295
*----------------------------------------*
2025-11-07 18:27:15,842 INFO 0 Fri Nov  7 18:27:15 2025 Epoch: 94
2025-11-07 18:31:50,903 INFO Final training 94/99, loss: 1.0129, time 275.06s, lr: 0.000001
Accuracy: 0.505
class                  precision    recall   specificity      f1   support
--------------------------------------------------------------------------
0                          0.513     0.580         0.476   0.544       312
1                          0.000     0.000         1.000   0.000        34
2                          0.495     0.483         0.581   0.489       294
*----------------------------------------*
2025-11-07 18:31:50,904 INFO 0 Fri Nov  7 18:31:50 2025 Epoch: 95
2025-11-07 18:36:24,066 INFO Final training 95/99, loss: 1.0108, time 273.16s, lr: 0.000001
Accuracy: 0.497
class                  precision    recall   specificity      f1   support
--------------------------------------------------------------------------
0                          0.507     0.585         0.456   0.543       313
1                          0.000     0.000         1.000   0.000        34
2                          0.484     0.461         0.585   0.472       293
*----------------------------------------*
2025-11-07 18:37:41,730 INFO Final validation 95/99, Val_acc: 0.4534, time 77.66sAccuracy: 0.460
class                  precision    recall   specificity      f1   support
--------------------------------------------------------------------------
0                          0.000     0.000         1.000   0.000        78
1                          0.000     0.000         1.000   0.000         9
2                          0.460     1.000         0.000   0.630        74
*========================================*
2025-11-07 18:37:44,196 INFO 0 Fri Nov  7 18:37:44 2025 Epoch: 96
2025-11-07 18:42:27,060 INFO Final training 96/99, loss: 1.0107, time 282.86s, lr: 0.000000
Accuracy: 0.505
class                  precision    recall   specificity      f1   support
--------------------------------------------------------------------------
0                          0.516     0.581         0.477   0.547       313
1                          0.000     0.000         1.000   0.000        34
2                          0.491     0.481         0.579   0.486       293
*----------------------------------------*
2025-11-07 18:42:27,060 INFO 0 Fri Nov  7 18:42:27 2025 Epoch: 97
2025-11-07 18:47:12,052 INFO Final training 97/99, loss: 1.0108, time 284.99s, lr: 0.000000
Accuracy: 0.503
class                  precision    recall   specificity      f1   support
--------------------------------------------------------------------------
0                          0.510     0.585         0.468   0.545       311
1                          0.000     0.000         1.000   0.000        34
2                          0.495     0.475         0.586   0.484       295
*----------------------------------------*
2025-11-07 18:47:12,052 INFO 0 Fri Nov  7 18:47:12 2025 Epoch: 98
2025-11-07 18:51:50,967 INFO Final training 98/99, loss: 1.0027, time 278.92s, lr: 0.000000
Accuracy: 0.495
class                  precision    recall   specificity      f1   support
--------------------------------------------------------------------------
0                          0.504     0.554         0.482   0.528       312
1                          0.000     0.000         1.000   0.000        34
2                          0.485     0.490         0.558   0.487       294
*----------------------------------------*
2025-11-07 18:51:50,968 INFO 0 Fri Nov  7 18:51:50 2025 Epoch: 99
2025-11-07 18:56:30,709 INFO Final training 99/99, loss: 1.0032, time 279.74s, lr: 0.000000
Accuracy: 0.495
class                  precision    recall   specificity      f1   support
--------------------------------------------------------------------------
0                          0.507     0.571         0.473   0.537       312
1                          0.000     0.000         1.000   0.000        34
2                          0.481     0.473         0.566   0.477       294
*----------------------------------------*
2025-11-07 18:57:43,549 INFO Final validation 99/99, Val_acc: 0.4534, time 72.84sAccuracy: 0.460
class                  precision    recall   specificity      f1   support
--------------------------------------------------------------------------
0                          0.000     0.000         1.000   0.000        78
1                          0.000     0.000         1.000   0.000         9
2                          0.460     1.000         0.000   0.630        74
*========================================*
2025-11-07 18:57:45,991 INFO Training Finished! Best Accuracy: 0.4638
2025-11-07 18:57:45,992 INFO ====================================================================================================
2025-11-07 18:57:58,747 INFO Total time spent: 08 hours 24 minutes 02 seconds
