2025-10-21 09:26:56,316 INFO Log directory: outputs/OrganoidsINRIA/swinunetr+noah/2025-10-21-09-26
2025-10-21 09:26:56,318 INFO {'RandFlipd_prob': 0.2,
 'RandRotate90d_prob': 0.2,
 'RandScaleIntensityd_prob': 0.1,
 'RandShiftIntensityd_prob': 0.1,
 'amp': True,
 'batch_size': 8,
 'cache_dataset': False,
 'checkpoint': './pretrained_models/encode10/model.pt',
 'data_dir': '/home/mraffael/martone_project/Organoids_Dataset/',
 'dataset_name': 'OrganoidsINRIA',
 'debug': False,
 'debug_train_samples': 3,
 'debug_val_samples': 3,
 'dist_backend': 'nccl',
 'dist_url': 'tcp://127.0.0.1:23456',
 'distributed': False,
 'dropout_path_rate': 0.0,
 'dropout_rate': 0.0,
 'early_stopping': True,
 'exact_class': True,
 'feature_size': 48,
 'fold': 0,
 'folds': False,
 'gpu': 0,
 'ignore_label': 3,
 'in_channels': 1,
 'infer_overlap': 0.5,
 'k_folds': 5,
 'logdir': 'training',
 'logs_dir': 'logs/',
 'loss_name': 'CombinedLoss',
 'lrschedule': 'warmup_cosine',
 'max_epochs': 150,
 'min_delta_loss': 0.01,
 'min_delta_val': 0.02,
 'model_name': 'swinunetr+noah',
 'momentum': 0.99,
 'noamp': False,
 'norm_name': 'instance',
 'oar_id': 2076517,
 'optim_lr': 0.001,
 'optim_name': 'adamw',
 'out_channels': 1,
 'output_dir': 'outputs/',
 'patience_loss': 60,
 'patience_val': 30,
 'pretrained_dir': './pretrained_models/fold1_f48_ep300_4gpu_dice0_9059/',
 'pretrained_model_name': 'model_swinvit.pt',
 'rank': 0,
 'reg_weight': 5e-05,
 'resume_ckpt': False,
 'roi_x': 128,
 'roi_y': 128,
 'roi_z': 128,
 'save_checkpoint': True,
 'seed': 304,
 'spatial_dims': 3,
 'split_method': 'balanced',
 'sw_batch_size': 1,
 'telegram_log': True,
 'test_mode': False,
 'token': './token/tlg_token.txt',
 'use_checkpoint': False,
 'val_every': 4,
 'warmup_epochs': 3,
 'workers': 8,
 'world_size': 1}
2025-10-21 09:26:56,318 INFO 
2025-10-21 09:26:57,015 INFO Using GPU: 0
2025-10-21 09:27:01,645 INFO 
2025-10-21 09:27:01,646 INFO Model INFO:
2025-10-21 09:27:01,646 INFO Model architecture: swinunetr+noah
2025-10-21 09:27:01,646 INFO Using pretrained weights
2025-10-21 09:27:01,646 INFO => loaded pretrained model './pretrained_models/fold1_f48_ep300_4gpu_dice0_9059/model_swinvit.pt'
2025-10-21 09:27:01,646 INFO Number of missing keys when loading pretrained weights: 33
2025-10-21 09:27:01,646 INFO Number of unexpected keys when loading pretrained weights: 8
2025-10-21 09:27:03,133 INFO Caricati: 2
2025-10-21 09:27:03,133 INFO => loaded checkpoint for encoder10 './pretrained_models/encode10/model.pt' (epoch 0) (bestacc 0)
2025-10-21 09:27:03,134 INFO Using SwinUNETR with NOAH Classification Head
2025-10-21 09:27:03,134 INFO Total parameters count: 39917112
2025-10-21 09:27:03,189 INFO 
2025-10-21 09:27:03,189 INFO Dataset INFO:
2025-10-21 09:27:03,189 INFO Dataset length is: 423
2025-10-21 09:27:03,189 INFO Class 0: 137
2025-10-21 09:27:03,189 INFO Class 1: 43
2025-10-21 09:27:03,189 INFO Class 2: 243
2025-10-21 09:27:03,193 INFO Train class 0: 34 (33.3%)
2025-10-21 09:27:03,193 INFO Train class 1: 34 (33.3%)
2025-10-21 09:27:03,193 INFO Train class 2: 34 (33.3%)
2025-10-21 09:27:03,193 INFO Val class 0: 9 (33.3%)
2025-10-21 09:27:03,193 INFO Val class 1: 9 (33.3%)
2025-10-21 09:27:03,193 INFO Val class 2: 9 (33.3%)
2025-10-21 09:27:03,193 INFO **************************************************
2025-10-21 09:27:03,194 INFO 
2025-10-21 09:27:03,194 INFO Training setting summary:
2025-10-21 09:27:03,194 INFO Using optimizer: adamw with lr=0.001, weight decay=5e-05
2025-10-21 09:27:03,194 INFO Using LR scheduler: warmup_cosine
2025-10-21 09:27:03,199 INFO Class weights: [ 10.000  10.000  10.000]
2025-10-21 09:27:03,199 INFO Using loss function: CombinedLoss
2025-10-21 09:27:03,202 INFO 
2025-10-21 09:27:03,202 INFO **************************************************
2025-10-21 09:27:03,202 INFO Starting training...
2025-10-21 09:27:03,203 INFO 0 Tue Oct 21 09:27:03 2025 Epoch: 0
2025-10-21 09:30:36,201 INFO Final training  0/149loss: 89.3687time 213.00slr: 0.000000
2025-10-21 09:30:36,663 INFO --------------------------------------------------
2025-10-21 09:30:36,663 INFO 
2025-10-21 09:30:36,664 INFO 0 Tue Oct 21 09:30:36 2025 Epoch: 1
2025-10-21 09:33:42,417 INFO Final training  1/149loss: 87.7099time 185.75slr: 0.000500
2025-10-21 09:33:42,418 INFO --------------------------------------------------
2025-10-21 09:33:42,418 INFO 
2025-10-21 09:33:42,418 INFO 0 Tue Oct 21 09:33:42 2025 Epoch: 2
2025-10-21 09:36:47,907 INFO Final training  2/149loss: 62.5381time 185.49slr: 0.001000
2025-10-21 09:36:47,910 INFO --------------------------------------------------
2025-10-21 09:36:47,910 INFO 
2025-10-21 09:36:47,910 INFO 0 Tue Oct 21 09:36:47 2025 Epoch: 3
2025-10-21 09:39:51,092 INFO Final training  3/149loss: 37.6802time 183.18slr: 0.001000
2025-10-21 09:39:51,095 INFO --------------------------------------------------
2025-10-21 09:39:51,095 INFO 
2025-10-21 09:40:50,859 INFO Final validation stats 3/149, Val_acc: 0.407407, time 59.76s
2025-10-21 09:40:51,285 INFO new best (0.000000 --> 0.407407). 
2025-10-21 09:40:54,831 INFO Copying to model.pt new best model!!!!
2025-10-21 09:40:56,421 INFO --------------------------------------------------
2025-10-21 09:40:56,421 INFO 
2025-10-21 09:40:56,421 INFO 0 Tue Oct 21 09:40:56 2025 Epoch: 4
2025-10-21 09:44:02,007 INFO Final training  4/149loss: 36.9350time 185.59slr: 0.001000
2025-10-21 09:44:02,010 INFO --------------------------------------------------
2025-10-21 09:44:02,010 INFO 
2025-10-21 09:44:02,010 INFO 0 Tue Oct 21 09:44:02 2025 Epoch: 5
2025-10-21 09:47:05,684 INFO Final training  5/149loss: 38.6109time 183.67slr: 0.001000
2025-10-21 09:47:05,686 INFO --------------------------------------------------
2025-10-21 09:47:05,686 INFO 
2025-10-21 09:47:05,686 INFO 0 Tue Oct 21 09:47:05 2025 Epoch: 6
2025-10-21 09:50:08,848 INFO Final training  6/149loss: 33.5797time 183.16slr: 0.000999
2025-10-21 09:50:08,853 INFO --------------------------------------------------
2025-10-21 09:50:08,853 INFO 
2025-10-21 09:50:08,853 INFO 0 Tue Oct 21 09:50:08 2025 Epoch: 7
2025-10-21 09:53:12,722 INFO Final training  7/149loss: 32.7095time 183.87slr: 0.000998
2025-10-21 09:53:12,725 INFO --------------------------------------------------
2025-10-21 09:53:12,725 INFO 
2025-10-21 09:54:05,495 INFO Final validation stats 7/149, Val_acc: 0.555556, time 52.77s
2025-10-21 09:54:06,047 INFO new best (0.407407 --> 0.555556). 
2025-10-21 09:54:09,682 INFO Copying to model.pt new best model!!!!
2025-10-21 09:54:11,256 INFO --------------------------------------------------
2025-10-21 09:54:11,256 INFO 
2025-10-21 09:54:11,256 INFO 0 Tue Oct 21 09:54:11 2025 Epoch: 8
2025-10-21 09:57:15,967 INFO Final training  8/149loss: 27.8388time 184.71slr: 0.000997
2025-10-21 09:57:15,971 INFO --------------------------------------------------
2025-10-21 09:57:15,971 INFO 
2025-10-21 09:57:15,971 INFO 0 Tue Oct 21 09:57:15 2025 Epoch: 9
2025-10-21 10:00:20,090 INFO Final training  9/149loss: 24.2970time 184.12slr: 0.000996
2025-10-21 10:00:20,091 INFO --------------------------------------------------
2025-10-21 10:00:20,091 INFO 
2025-10-21 10:00:20,091 INFO 0 Tue Oct 21 10:00:20 2025 Epoch: 10
2025-10-21 10:03:23,158 INFO Final training  10/149loss: 19.7718time 183.07slr: 0.000994
2025-10-21 10:03:23,707 INFO --------------------------------------------------
2025-10-21 10:03:23,707 INFO 
2025-10-21 10:03:23,707 INFO 0 Tue Oct 21 10:03:23 2025 Epoch: 11
2025-10-21 10:06:27,747 INFO Final training  11/149loss: 17.4367time 184.04slr: 0.000993
2025-10-21 10:06:27,751 INFO --------------------------------------------------
2025-10-21 10:06:27,751 INFO 
2025-10-21 10:07:20,451 INFO Final validation stats 11/149, Val_acc: 0.555556, time 52.70s
2025-10-21 10:07:22,579 INFO --------------------------------------------------
2025-10-21 10:07:22,579 INFO 
2025-10-21 10:07:22,580 INFO 0 Tue Oct 21 10:07:22 2025 Epoch: 12
2025-10-21 10:10:28,047 INFO Final training  12/149loss: 18.1095time 185.47slr: 0.000991
2025-10-21 10:10:28,050 INFO --------------------------------------------------
2025-10-21 10:10:28,050 INFO 
2025-10-21 10:10:28,050 INFO 0 Tue Oct 21 10:10:28 2025 Epoch: 13
2025-10-21 10:13:31,658 INFO Final training  13/149loss: 16.1886time 183.61slr: 0.000989
2025-10-21 10:13:31,662 INFO --------------------------------------------------
2025-10-21 10:13:31,662 INFO 
2025-10-21 10:13:31,662 INFO 0 Tue Oct 21 10:13:31 2025 Epoch: 14
2025-10-21 10:16:35,253 INFO Final training  14/149loss: 14.0099time 183.59slr: 0.000986
2025-10-21 10:16:35,258 INFO --------------------------------------------------
2025-10-21 10:16:35,258 INFO 
2025-10-21 10:16:35,258 INFO 0 Tue Oct 21 10:16:35 2025 Epoch: 15
2025-10-21 10:19:40,691 INFO Final training  15/149loss: 13.2278time 185.43slr: 0.000984
2025-10-21 10:19:40,696 INFO --------------------------------------------------
2025-10-21 10:19:40,696 INFO 
2025-10-21 10:20:33,409 INFO Final validation stats 15/149, Val_acc: 0.518519, time 52.71s
2025-10-21 10:20:35,510 INFO --------------------------------------------------
2025-10-21 10:20:35,510 INFO 
2025-10-21 10:20:35,510 INFO 0 Tue Oct 21 10:20:35 2025 Epoch: 16
2025-10-21 10:23:39,261 INFO Final training  16/149loss: 11.7082time 183.75slr: 0.000981
2025-10-21 10:23:39,265 INFO --------------------------------------------------
2025-10-21 10:23:39,265 INFO 
2025-10-21 10:23:39,265 INFO 0 Tue Oct 21 10:23:39 2025 Epoch: 17
2025-10-21 10:26:43,526 INFO Final training  17/149loss: 9.7386time 184.26slr: 0.000978
2025-10-21 10:26:43,530 INFO --------------------------------------------------
2025-10-21 10:26:43,530 INFO 
2025-10-21 10:26:43,530 INFO 0 Tue Oct 21 10:26:43 2025 Epoch: 18
2025-10-21 10:29:49,252 INFO Final training  18/149loss: 10.2331time 185.72slr: 0.000975
2025-10-21 10:29:49,256 INFO --------------------------------------------------
2025-10-21 10:29:49,256 INFO 
2025-10-21 10:29:49,256 INFO 0 Tue Oct 21 10:29:49 2025 Epoch: 19
2025-10-21 10:32:54,153 INFO Final training  19/149loss: 8.8245time 184.90slr: 0.000971
2025-10-21 10:32:54,159 INFO --------------------------------------------------
2025-10-21 10:32:54,159 INFO 
2025-10-21 10:33:47,038 INFO Final validation stats 19/149, Val_acc: 0.481481, time 52.88s
2025-10-21 10:33:49,126 INFO --------------------------------------------------
2025-10-21 10:33:49,127 INFO 
2025-10-21 10:33:49,127 INFO 0 Tue Oct 21 10:33:49 2025 Epoch: 20
2025-10-21 10:36:52,465 INFO Final training  20/149loss: 8.4946time 183.34slr: 0.000967
2025-10-21 10:36:52,917 INFO --------------------------------------------------
2025-10-21 10:36:52,917 INFO 
2025-10-21 10:36:52,917 INFO 0 Tue Oct 21 10:36:52 2025 Epoch: 21
2025-10-21 10:39:57,833 INFO Final training  21/149loss: 6.8376time 184.92slr: 0.000963
2025-10-21 10:39:57,834 INFO --------------------------------------------------
2025-10-21 10:39:57,834 INFO 
2025-10-21 10:39:57,834 INFO 0 Tue Oct 21 10:39:57 2025 Epoch: 22
2025-10-21 10:43:01,245 INFO Final training  22/149loss: 6.2098time 183.41slr: 0.000959
2025-10-21 10:43:01,245 INFO --------------------------------------------------
2025-10-21 10:43:01,245 INFO 
2025-10-21 10:43:01,245 INFO 0 Tue Oct 21 10:43:01 2025 Epoch: 23
2025-10-21 10:46:06,524 INFO Final training  23/149loss: 5.7160time 185.28slr: 0.000955
2025-10-21 10:46:06,525 INFO --------------------------------------------------
2025-10-21 10:46:06,525 INFO 
2025-10-21 10:46:59,402 INFO Final validation stats 23/149, Val_acc: 0.481481, time 52.88s
2025-10-21 10:47:01,576 INFO --------------------------------------------------
2025-10-21 10:47:01,576 INFO 
2025-10-21 10:47:01,576 INFO 0 Tue Oct 21 10:47:01 2025 Epoch: 24
2025-10-21 10:50:06,952 INFO Final training  24/149loss: 5.3436time 185.38slr: 0.000950
2025-10-21 10:50:06,955 INFO --------------------------------------------------
2025-10-21 10:50:06,955 INFO 
2025-10-21 10:50:06,955 INFO 0 Tue Oct 21 10:50:06 2025 Epoch: 25
2025-10-21 10:53:10,115 INFO Final training  25/149loss: 5.3554time 183.16slr: 0.000946
2025-10-21 10:53:10,119 INFO --------------------------------------------------
2025-10-21 10:53:10,119 INFO 
2025-10-21 10:53:10,119 INFO 0 Tue Oct 21 10:53:10 2025 Epoch: 26
2025-10-21 10:56:14,719 INFO Final training  26/149loss: 4.7759time 184.60slr: 0.000941
2025-10-21 10:56:14,719 INFO --------------------------------------------------
2025-10-21 10:56:14,719 INFO 
2025-10-21 10:56:14,719 INFO 0 Tue Oct 21 10:56:14 2025 Epoch: 27
2025-10-21 10:59:18,515 INFO Final training  27/149loss: 4.5032time 183.80slr: 0.000936
2025-10-21 10:59:18,516 INFO --------------------------------------------------
2025-10-21 10:59:18,516 INFO 
2025-10-21 11:00:11,270 INFO Final validation stats 27/149, Val_acc: 0.444444, time 52.75s
2025-10-21 11:00:13,364 INFO --------------------------------------------------
2025-10-21 11:00:13,364 INFO 
2025-10-21 11:00:13,364 INFO 0 Tue Oct 21 11:00:13 2025 Epoch: 28
2025-10-21 11:03:18,848 INFO Final training  28/149loss: 4.3385time 185.48slr: 0.000930
2025-10-21 11:03:18,853 INFO --------------------------------------------------
2025-10-21 11:03:18,853 INFO 
2025-10-21 11:03:18,854 INFO 0 Tue Oct 21 11:03:18 2025 Epoch: 29
2025-10-21 11:06:23,068 INFO Final training  29/149loss: 3.9542time 184.21slr: 0.000925
2025-10-21 11:06:23,071 INFO --------------------------------------------------
2025-10-21 11:06:23,071 INFO 
2025-10-21 11:06:23,071 INFO 0 Tue Oct 21 11:06:23 2025 Epoch: 30
2025-10-21 11:09:28,032 INFO Final training  30/149loss: 2.8309time 184.96slr: 0.000919
2025-10-21 11:09:28,524 INFO --------------------------------------------------
2025-10-21 11:09:28,524 INFO 
2025-10-21 11:09:28,524 INFO 0 Tue Oct 21 11:09:28 2025 Epoch: 31
2025-10-21 11:12:32,164 INFO Final training  31/149loss: 3.1291time 183.64slr: 0.000913
2025-10-21 11:12:32,166 INFO --------------------------------------------------
2025-10-21 11:12:32,166 INFO 
2025-10-21 11:13:24,843 INFO Final validation stats 31/149, Val_acc: 0.481481, time 52.68s
2025-10-21 11:13:26,997 INFO --------------------------------------------------
2025-10-21 11:13:26,997 INFO 
2025-10-21 11:13:26,997 INFO 0 Tue Oct 21 11:13:26 2025 Epoch: 32
2025-10-21 11:16:32,493 INFO Final training  32/149loss: 3.3239time 185.50slr: 0.000907
2025-10-21 11:16:32,493 INFO --------------------------------------------------
2025-10-21 11:16:32,493 INFO 
2025-10-21 11:16:32,493 INFO 0 Tue Oct 21 11:16:32 2025 Epoch: 33
2025-10-21 11:19:38,102 INFO Final training  33/149loss: 3.0757time 185.61slr: 0.000901
2025-10-21 11:19:38,106 INFO --------------------------------------------------
2025-10-21 11:19:38,106 INFO 
2025-10-21 11:19:38,106 INFO 0 Tue Oct 21 11:19:38 2025 Epoch: 34
2025-10-21 11:22:42,738 INFO Final training  34/149loss: 2.9347time 184.63slr: 0.000894
2025-10-21 11:22:42,741 INFO --------------------------------------------------
2025-10-21 11:22:42,741 INFO 
2025-10-21 11:22:42,741 INFO 0 Tue Oct 21 11:22:42 2025 Epoch: 35
2025-10-21 11:25:47,540 INFO Final training  35/149loss: 2.7417time 184.80slr: 0.000888
2025-10-21 11:25:47,543 INFO --------------------------------------------------
2025-10-21 11:25:47,544 INFO 
2025-10-21 11:26:40,287 INFO Final validation stats 35/149, Val_acc: 0.444444, time 52.74s
2025-10-21 11:26:42,356 INFO --------------------------------------------------
2025-10-21 11:26:42,356 INFO 
2025-10-21 11:26:42,357 INFO 0 Tue Oct 21 11:26:42 2025 Epoch: 36
2025-10-21 11:29:45,705 INFO Final training  36/149loss: 2.5666time 183.35slr: 0.000881
2025-10-21 11:29:45,709 INFO --------------------------------------------------
2025-10-21 11:29:45,709 INFO 
2025-10-21 11:29:45,709 INFO 0 Tue Oct 21 11:29:45 2025 Epoch: 37
2025-10-21 11:32:49,177 INFO Final training  37/149loss: 2.6779time 183.47slr: 0.000874
2025-10-21 11:32:49,183 INFO --------------------------------------------------
2025-10-21 11:32:49,183 INFO 
2025-10-21 11:32:49,183 INFO 0 Tue Oct 21 11:32:49 2025 Epoch: 38
2025-10-21 11:35:54,297 INFO Final training  38/149loss: 2.3914time 185.11slr: 0.000867
2025-10-21 11:35:54,303 INFO --------------------------------------------------
2025-10-21 11:35:54,303 INFO 
2025-10-21 11:35:54,303 INFO 0 Tue Oct 21 11:35:54 2025 Epoch: 39
