Architecture:                         x86_64
CPU op-mode(s):                       32-bit, 64-bit
Byte Order:                           Little Endian
Address sizes:                        48 bits physical, 48 bits virtual
CPU(s):                               64
On-line CPU(s) list:                  0-63
Thread(s) per core:                   2
Core(s) per socket:                   16
Socket(s):                            2
NUMA node(s):                         8
Vendor ID:                            AuthenticAMD
CPU family:                           25
Model:                                1
Model name:                           AMD EPYC 7313 16-Core Processor
Stepping:                             1
Frequency boost:                      enabled
CPU MHz:                              1795.864
CPU max MHz:                          3000.0000
CPU min MHz:                          1500.0000
BogoMIPS:                             5988.58
Virtualization:                       AMD-V
L1d cache:                            1 MiB
L1i cache:                            1 MiB
L2 cache:                             16 MiB
L3 cache:                             256 MiB
NUMA node0 CPU(s):                    0-3,32-35
NUMA node1 CPU(s):                    4-7,36-39
NUMA node2 CPU(s):                    8-11,40-43
NUMA node3 CPU(s):                    12-15,44-47
NUMA node4 CPU(s):                    16-19,48-51
NUMA node5 CPU(s):                    20-23,52-55
NUMA node6 CPU(s):                    24-27,56-59
NUMA node7 CPU(s):                    28-31,60-63
Vulnerability Gather data sampling:   Not affected
Vulnerability Itlb multihit:          Not affected
Vulnerability L1tf:                   Not affected
Vulnerability Mds:                    Not affected
Vulnerability Meltdown:               Not affected
Vulnerability Mmio stale data:        Not affected
Vulnerability Reg file data sampling: Not affected
Vulnerability Retbleed:               Not affected
Vulnerability Spec rstack overflow:   Mitigation; safe RET
Vulnerability Spec store bypass:      Mitigation; Speculative Store Bypass disabled via prctl and seccomp
Vulnerability Spectre v1:             Mitigation; usercopy/swapgs barriers and __user pointer sanitization
Vulnerability Spectre v2:             Mitigation; Retpolines, IBPB conditional, IBRS_FW, STIBP always-on, RSB filling, PBRSB-eIBRS Not affected
Vulnerability Srbds:                  Not affected
Vulnerability Tsx async abort:        Not affected
Flags:                                fpu vme de pse tsc msr pae mce cx8 apic sep mtrr pge mca cmov pat pse36 clflush mmx fxsr sse sse2 ht syscall nx mmxext fxsr_opt pdpe1gb rdtscp lm constant_tsc rep_good nopl nonstop_tsc cpuid extd_apicid aperfmperf pni pclmulqdq monitor ssse3 fma cx16 pcid sse4_1 sse4_2 movbe popcnt aes xsave avx f16c rdrand lahf_lm cmp_legacy svm extapic cr8_legacy abm sse4a misalignsse 3dnowprefetch osvw ibs skinit wdt tce topoext perfctr_core perfctr_nb bpext perfctr_llc mwaitx cpb cat_l3 cdp_l3 invpcid_single hw_pstate ssbd mba ibrs ibpb stibp vmmcall fsgsbase bmi1 avx2 smep bmi2 erms invpcid cqm rdt_a rdseed adx smap clflushopt clwb sha_ni xsaveopt xsavec xgetbv1 xsaves cqm_llc cqm_occup_llc cqm_mbm_total cqm_mbm_local clzero irperf xsaveerptr rdpru wbnoinvd amd_ppin arat npt lbrv svm_lock nrip_save tsc_scale vmcb_clean flushbyasid decodeassists pausefilter pfthreshold v_vmsave_vmload vgif umip pku ospke vaes vpclmulqdq rdpid overflow_recov succor smca fsrm
Thu Oct 16 12:39:32 2025       
+---------------------------------------------------------------------------------------+
| NVIDIA-SMI 535.183.06             Driver Version: 535.183.06   CUDA Version: 12.2     |
|-----------------------------------------+----------------------+----------------------+
| GPU  Name                 Persistence-M | Bus-Id        Disp.A | Volatile Uncorr. ECC |
| Fan  Temp   Perf          Pwr:Usage/Cap |         Memory-Usage | GPU-Util  Compute M. |
|                                         |                      |               MIG M. |
|=========================================+======================+======================|
|   0  NVIDIA A40                     On  | 00000000:A3:00.0 Off |                    0 |
|  0%   29C    P8              29W / 300W |      0MiB / 46068MiB |      0%      Default |
|                                         |                      |                  N/A |
+-----------------------------------------+----------------------+----------------------+
                                                                                         
+---------------------------------------------------------------------------------------+
| Processes:                                                                            |
|  GPU   GI   CI        PID   Type   Process name                            GPU Memory |
|        ID   ID                                                             Usage      |
|=======================================================================================|
|  No running processes found                                                           |
+---------------------------------------------------------------------------------------+
/home/mraffael/martone_project/Organoid-Image-Classification-Using-Deep-Learning
Using GPU: 0

Model INFO:
Model architecture: swinunetr
Using pretrained weights
=> loaded pretrained model './pretrained_models/fold1_f48_ep300_4gpu_dice0_9059/model_swinvit.pt'
Number of missing keys when loading pretrained weights: 33
Number of unexpected keys when loading pretrained weights: 8
Using SwinUNETR with Single Linear Classification Head
Total parameters count 39914805

Dataset INFO:
Dataset length is: 423
Class distribution in the entire dataset:
Class 0: 137
Class 1: 43
Class 2: 243

Using split method: balanced
Balanced split: 34 train samples per class, 9 val samples per class
Total: 102 train, 27 val

Train set balance:
Class distribution:
  Class 0: 34 samples
  Class 1: 34 samples
  Class 2: 34 samples

Val set balance:
Class distribution:
  Class 0: 9 samples
  Class 1: 9 samples
  Class 2: 9 samples
Training loader length is 12 batches
Validation loader length is 27 batches

Class distribution in the training set:
Train class 0: 34 (33.3%)
Train class 1: 34 (33.3%)
Train class 2: 34 (33.3%)
Class distribution in the validation set:
Val class 0: 9 (33.3%)
Val class 1: 9 (33.3%)
Val class 2: 9 (33.3%)
**************************************************

Training setting summary:
Using optimizer: adamw with lr=0.001, weight decay=5e-05
Using LR scheduler: cosine_anneal
Class weights: [ 10.000  10.000  10.000]
Using loss function: CombinedLoss

**************************************************
Starting training...
✓ Unfrozen: encoder10.layer.conv1.conv.weight (15925248 params)
✓ Unfrozen: encoder10.layer.conv2.conv.weight (15925248 params)
✓ Unfrozen: fc.weight (2304 params)
✓ Unfrozen: fc.bias (3 params)
0 Thu Oct 16 12:39:49 2025 Epoch: 0
Epoch: 0/100 Iter: 0/12 loss: 6.5442 time 43.31s
Epoch: 0/100 Iter: 1/12 loss: 6.3247 time 15.28s
Epoch: 0/100 Iter: 2/12 loss: 5.8123 time 15.22s
Epoch: 0/100 Iter: 3/12 loss: 5.7538 time 15.23s
Epoch: 0/100 Iter: 4/12 loss: 5.9261 time 15.23s
Epoch: 0/100 Iter: 5/12 loss: 5.7955 time 15.26s
Epoch: 0/100 Iter: 6/12 loss: 5.6987 time 15.26s
Epoch: 0/100 Iter: 7/12 loss: 5.5464 time 15.27s
Epoch: 0/100 Iter: 8/12 loss: 5.5132 time 15.27s
Epoch: 0/100 Iter: 9/12 loss: 5.5098 time 15.27s
Epoch: 0/100 Iter: 10/12 loss: 5.4876 time 15.29s
Epoch: 0/100 Iter: 11/12 loss: 5.4461 time 15.30s
Final training  0/99 loss: 5.4461 time 211.20s lr: 0.001000
[EarlyStopping] init best=5.446123
0 Thu Oct 16 12:43:20 2025 Epoch: 1
Epoch: 1/100 Iter: 0/12 loss: 4.6202 time 18.95s
Epoch: 1/100 Iter: 1/12 loss: 4.7642 time 15.30s
Epoch: 1/100 Iter: 2/12 loss: 4.4571 time 15.30s
Epoch: 1/100 Iter: 3/12 loss: 4.9219 time 15.30s
Epoch: 1/100 Iter: 4/12 loss: 4.9934 time 15.29s
Epoch: 1/100 Iter: 5/12 loss: 5.1991 time 15.30s
Epoch: 1/100 Iter: 6/12 loss: 5.1258 time 15.30s
Epoch: 1/100 Iter: 7/12 loss: 5.0568 time 15.30s
Epoch: 1/100 Iter: 8/12 loss: 5.1493 time 15.29s
Epoch: 1/100 Iter: 9/12 loss: 5.0633 time 15.30s
Epoch: 1/100 Iter: 10/12 loss: 5.0188 time 15.30s
Epoch: 1/100 Iter: 11/12 loss: 5.0701 time 15.30s
Final training  1/99 loss: 5.0701 time 187.27s lr: 0.001000
[EarlyStopping] improved to 5.070060
0 Thu Oct 16 12:46:28 2025 Epoch: 2
Epoch: 2/100 Iter: 0/12 loss: 4.1278 time 18.44s
Epoch: 2/100 Iter: 1/12 loss: 5.5608 time 15.30s
Epoch: 2/100 Iter: 2/12 loss: 5.3807 time 15.30s
Epoch: 2/100 Iter: 3/12 loss: 5.4974 time 15.30s
Epoch: 2/100 Iter: 4/12 loss: 5.4889 time 15.31s
Epoch: 2/100 Iter: 5/12 loss: 5.3044 time 15.31s
Epoch: 2/100 Iter: 6/12 loss: 5.1838 time 15.31s
Epoch: 2/100 Iter: 7/12 loss: 5.0817 time 15.30s
Epoch: 2/100 Iter: 8/12 loss: 5.1528 time 15.30s
Epoch: 2/100 Iter: 9/12 loss: 5.2150 time 15.30s
Epoch: 2/100 Iter: 10/12 loss: 5.1305 time 15.30s
Epoch: 2/100 Iter: 11/12 loss: 5.0506 time 15.29s
Final training  2/99 loss: 5.0506 time 186.78s lr: 0.000999
[EarlyStopping] improved to 5.050555
0 Thu Oct 16 12:49:34 2025 Epoch: 3
Epoch: 3/100 Iter: 0/12 loss: 4.9729 time 18.55s
Epoch: 3/100 Iter: 1/12 loss: 4.9949 time 15.30s
Epoch: 3/100 Iter: 2/12 loss: 4.8799 time 15.31s
Epoch: 3/100 Iter: 3/12 loss: 4.7641 time 15.30s
Epoch: 3/100 Iter: 4/12 loss: 4.8041 time 15.30s
Epoch: 3/100 Iter: 5/12 loss: 4.8655 time 15.31s
Epoch: 3/100 Iter: 6/12 loss: 4.8535 time 15.31s
Epoch: 3/100 Iter: 7/12 loss: 4.8172 time 15.31s
Epoch: 3/100 Iter: 8/12 loss: 4.7872 time 15.30s
Epoch: 3/100 Iter: 9/12 loss: 4.7618 time 15.30s
Epoch: 3/100 Iter: 10/12 loss: 4.7596 time 15.30s
Epoch: 3/100 Iter: 11/12 loss: 4.7611 time 15.30s
Final training  3/99 loss: 4.7611 time 186.91s lr: 0.000998
[EarlyStopping] improved to 4.761096
Val 3/100 0/27, Acc: 0.0000, time 2.25s
Val 3/100 1/27, Acc: 0.5000, time 2.19s
Val 3/100 2/27, Acc: 0.6667, time 2.17s
Val 3/100 3/27, Acc: 0.5000, time 2.18s
Val 3/100 4/27, Acc: 0.4000, time 2.07s
Val 3/100 5/27, Acc: 0.5000, time 2.23s
Val 3/100 6/27, Acc: 0.4286, time 2.12s
Val 3/100 7/27, Acc: 0.3750, time 2.13s
Val 3/100 8/27, Acc: 0.4444, time 2.12s
Val 3/100 9/27, Acc: 0.4000, time 2.16s
Val 3/100 10/27, Acc: 0.3636, time 2.25s
Val 3/100 11/27, Acc: 0.3333, time 2.09s
Val 3/100 12/27, Acc: 0.3077, time 2.14s
Val 3/100 13/27, Acc: 0.2857, time 2.19s
Val 3/100 14/27, Acc: 0.2667, time 2.18s
Val 3/100 15/27, Acc: 0.3125, time 2.29s
Val 3/100 16/27, Acc: 0.2941, time 2.36s
Val 3/100 17/27, Acc: 0.3333, time 2.13s
Val 3/100 18/27, Acc: 0.3684, time 2.94s
Val 3/100 19/27, Acc: 0.4000, time 2.62s
Val 3/100 20/27, Acc: 0.3810, time 2.15s
Val 3/100 21/27, Acc: 0.4091, time 2.17s
Val 3/100 22/27, Acc: 0.3913, time 2.14s
Val 3/100 23/27, Acc: 0.3750, time 2.06s
Val 3/100 24/27, Acc: 0.4000, time 2.19s
Val 3/100 25/27, Acc: 0.3846, time 2.05s
Val 3/100 26/27, Acc: 0.3704, time 2.04s
[Val epoch 3] avg_acc=0.3704 | per-class [c0: 1.000, c1: 0.111, c2: 0.000]
Final validation stats 3/99 , Val_acc: 0.37037037037037035 , time 59.60s
new best (0.000000 --> 0.370370). 
Saving new best model to model_final.pt
Saving checkpoint outputs/OrganoidsINRIA/swinunetr/2025-10-16-12-39/model.pt
Saving checkpoint outputs/OrganoidsINRIA/swinunetr/2025-10-16-12-39/model_final.pt
Copying to model.pt new best model!!!!
[EarlyStopping] init best=0.370370

0 Thu Oct 16 12:53:49 2025 Epoch: 4
Epoch: 4/100 Iter: 0/12 loss: 3.7925 time 18.89s
Epoch: 4/100 Iter: 1/12 loss: 3.9297 time 15.30s
Epoch: 4/100 Iter: 2/12 loss: 4.4435 time 15.30s
Epoch: 4/100 Iter: 3/12 loss: 4.7869 time 15.29s
Epoch: 4/100 Iter: 4/12 loss: 4.7026 time 15.29s
Epoch: 4/100 Iter: 5/12 loss: 4.7720 time 15.29s
Epoch: 4/100 Iter: 6/12 loss: 4.7010 time 15.30s
Epoch: 4/100 Iter: 7/12 loss: 4.7571 time 15.29s
Epoch: 4/100 Iter: 8/12 loss: 4.7639 time 15.30s
Epoch: 4/100 Iter: 9/12 loss: 4.7167 time 15.30s
Epoch: 4/100 Iter: 10/12 loss: 4.6993 time 15.29s
Epoch: 4/100 Iter: 11/12 loss: 4.6126 time 15.29s
Final training  4/99 loss: 4.6126 time 187.17s lr: 0.000996
[EarlyStopping] improved to 4.612630
0 Thu Oct 16 12:56:56 2025 Epoch: 5
Epoch: 5/100 Iter: 0/12 loss: 7.7689 time 20.51s
Epoch: 5/100 Iter: 1/12 loss: 7.2501 time 15.30s
Epoch: 5/100 Iter: 2/12 loss: 5.9810 time 15.30s
Epoch: 5/100 Iter: 3/12 loss: 5.5776 time 15.31s
Epoch: 5/100 Iter: 4/12 loss: 5.3970 time 15.30s
Epoch: 5/100 Iter: 5/12 loss: 5.1321 time 15.31s
Epoch: 5/100 Iter: 6/12 loss: 5.2389 time 15.31s
Epoch: 5/100 Iter: 7/12 loss: 5.2585 time 15.30s
Epoch: 5/100 Iter: 8/12 loss: 5.1664 time 15.30s
Epoch: 5/100 Iter: 9/12 loss: 5.3025 time 15.30s
Epoch: 5/100 Iter: 10/12 loss: 5.2412 time 15.30s
Epoch: 5/100 Iter: 11/12 loss: 5.3579 time 15.30s
Final training  5/99 loss: 5.3579 time 188.86s lr: 0.000994
[EarlyStopping] no improve (1/30)
0 Thu Oct 16 13:00:05 2025 Epoch: 6
Epoch: 6/100 Iter: 0/12 loss: 4.4330 time 17.80s
Epoch: 6/100 Iter: 1/12 loss: 4.1673 time 15.31s
Epoch: 6/100 Iter: 2/12 loss: 4.4353 time 15.31s
Epoch: 6/100 Iter: 3/12 loss: 4.2862 time 15.30s
Epoch: 6/100 Iter: 4/12 loss: 4.3079 time 15.30s
Epoch: 6/100 Iter: 5/12 loss: 4.3397 time 15.30s
Epoch: 6/100 Iter: 6/12 loss: 4.3957 time 15.30s
Epoch: 6/100 Iter: 7/12 loss: 4.5484 time 15.30s
Epoch: 6/100 Iter: 8/12 loss: 4.4525 time 15.31s
Epoch: 6/100 Iter: 9/12 loss: 4.4475 time 15.30s
Epoch: 6/100 Iter: 10/12 loss: 4.4247 time 15.30s
Epoch: 6/100 Iter: 11/12 loss: 4.4382 time 15.30s
Final training  6/99 loss: 4.4382 time 186.16s lr: 0.000991
[EarlyStopping] improved to 4.438216
0 Thu Oct 16 13:03:11 2025 Epoch: 7
Epoch: 7/100 Iter: 0/12 loss: 4.4634 time 20.62s
Epoch: 7/100 Iter: 1/12 loss: 4.3097 time 15.31s
Epoch: 7/100 Iter: 2/12 loss: 4.3137 time 15.30s
Epoch: 7/100 Iter: 3/12 loss: 4.4945 time 15.29s
Epoch: 7/100 Iter: 4/12 loss: 4.4190 time 15.30s
Epoch: 7/100 Iter: 5/12 loss: 4.3918 time 15.30s
Epoch: 7/100 Iter: 6/12 loss: 4.3875 time 15.30s
Epoch: 7/100 Iter: 7/12 loss: 4.3920 time 15.30s
Epoch: 7/100 Iter: 8/12 loss: 4.4416 time 15.29s
Epoch: 7/100 Iter: 9/12 loss: 4.4373 time 15.30s
Epoch: 7/100 Iter: 10/12 loss: 4.4378 time 15.30s
Epoch: 7/100 Iter: 11/12 loss: 4.4382 time 15.30s
Final training  7/99 loss: 4.4382 time 188.94s lr: 0.000988
[EarlyStopping] no improve (1/30)
Val 7/100 0/27, Acc: 1.0000, time 1.95s
Val 7/100 1/27, Acc: 0.5000, time 1.95s
Val 7/100 2/27, Acc: 0.3333, time 1.98s
Val 7/100 3/27, Acc: 0.5000, time 2.00s
Val 7/100 4/27, Acc: 0.6000, time 1.98s
Val 7/100 5/27, Acc: 0.5000, time 2.01s
Val 7/100 6/27, Acc: 0.5714, time 1.99s
Val 7/100 7/27, Acc: 0.6250, time 1.99s
Val 7/100 8/27, Acc: 0.6667, time 1.96s
Val 7/100 9/27, Acc: 0.6000, time 1.97s
Val 7/100 10/27, Acc: 0.5455, time 1.98s
Val 7/100 11/27, Acc: 0.5000, time 1.95s
Val 7/100 12/27, Acc: 0.4615, time 1.97s
Val 7/100 13/27, Acc: 0.5000, time 1.97s
Val 7/100 14/27, Acc: 0.5333, time 1.96s
Val 7/100 15/27, Acc: 0.5000, time 1.99s
Val 7/100 16/27, Acc: 0.5294, time 2.03s
Val 7/100 17/27, Acc: 0.5000, time 2.00s
Val 7/100 18/27, Acc: 0.4737, time 2.12s
Val 7/100 19/27, Acc: 0.4500, time 2.08s
Val 7/100 20/27, Acc: 0.4762, time 1.97s
Val 7/100 21/27, Acc: 0.4545, time 1.97s
Val 7/100 22/27, Acc: 0.4783, time 1.96s
Val 7/100 23/27, Acc: 0.5000, time 1.95s
Val 7/100 24/27, Acc: 0.4800, time 2.00s
Val 7/100 25/27, Acc: 0.5000, time 1.95s
Val 7/100 26/27, Acc: 0.5185, time 1.96s
[Val epoch 7] avg_acc=0.5185 | per-class [c0: 0.000, c1: 0.667, c2: 0.889]
Final validation stats 7/99 , Val_acc: 0.5185185185185185 , time 53.59s
new best (0.370370 --> 0.518519). 
Saving new best model to model_final.pt
Saving checkpoint outputs/OrganoidsINRIA/swinunetr/2025-10-16-12-39/model.pt
Saving checkpoint outputs/OrganoidsINRIA/swinunetr/2025-10-16-12-39/model_final.pt
Copying to model.pt new best model!!!!
[EarlyStopping] improved to 0.518519

0 Thu Oct 16 13:07:22 2025 Epoch: 8
Epoch: 8/100 Iter: 0/12 loss: 4.5295 time 18.87s
Epoch: 8/100 Iter: 1/12 loss: 4.5753 time 15.30s
Epoch: 8/100 Iter: 2/12 loss: 4.5219 time 15.30s
Epoch: 8/100 Iter: 3/12 loss: 4.4057 time 15.30s
Epoch: 8/100 Iter: 4/12 loss: 4.2226 time 15.30s
Epoch: 8/100 Iter: 5/12 loss: 4.2471 time 15.30s
Epoch: 8/100 Iter: 6/12 loss: 4.1084 time 15.31s
Epoch: 8/100 Iter: 7/12 loss: 4.2132 time 15.30s
Epoch: 8/100 Iter: 8/12 loss: 4.2772 time 15.30s
Epoch: 8/100 Iter: 9/12 loss: 4.2634 time 15.30s
Epoch: 8/100 Iter: 10/12 loss: 4.3198 time 15.30s
Epoch: 8/100 Iter: 11/12 loss: 4.3136 time 15.30s
Final training  8/99 loss: 4.3136 time 187.21s lr: 0.000984
[EarlyStopping] improved to 4.313551
0 Thu Oct 16 13:10:29 2025 Epoch: 9
Epoch: 9/100 Iter: 0/12 loss: 5.0165 time 17.71s
Epoch: 9/100 Iter: 1/12 loss: 4.7864 time 15.32s
Epoch: 9/100 Iter: 2/12 loss: 4.7402 time 15.30s
Epoch: 9/100 Iter: 3/12 loss: 5.1432 time 15.31s
Epoch: 9/100 Iter: 4/12 loss: 4.7665 time 15.30s
Epoch: 9/100 Iter: 5/12 loss: 4.5363 time 15.31s
Epoch: 9/100 Iter: 6/12 loss: 4.5528 time 15.30s
Epoch: 9/100 Iter: 7/12 loss: 4.4501 time 15.30s
Epoch: 9/100 Iter: 8/12 loss: 4.5103 time 15.30s
Epoch: 9/100 Iter: 9/12 loss: 4.5204 time 15.31s
Epoch: 9/100 Iter: 10/12 loss: 4.4478 time 15.30s
Epoch: 9/100 Iter: 11/12 loss: 4.4629 time 15.30s
Final training  9/99 loss: 4.4629 time 186.09s lr: 0.000980
[EarlyStopping] no improve (1/30)
0 Thu Oct 16 13:13:35 2025 Epoch: 10
Epoch: 10/100 Iter: 0/12 loss: 5.1327 time 19.40s
Epoch: 10/100 Iter: 1/12 loss: 4.1537 time 15.32s
Epoch: 10/100 Iter: 2/12 loss: 4.4883 time 15.31s
Epoch: 10/100 Iter: 3/12 loss: 3.9461 time 15.30s
Epoch: 10/100 Iter: 4/12 loss: 4.5664 time 15.30s
Epoch: 10/100 Iter: 5/12 loss: 4.4701 time 15.31s
Epoch: 10/100 Iter: 6/12 loss: 4.7443 time 15.31s
Epoch: 10/100 Iter: 7/12 loss: 4.6079 time 15.30s
Epoch: 10/100 Iter: 8/12 loss: 4.6707 time 15.30s
Epoch: 10/100 Iter: 9/12 loss: 4.7265 time 15.30s
Epoch: 10/100 Iter: 10/12 loss: 4.7292 time 15.31s
Epoch: 10/100 Iter: 11/12 loss: 4.6589 time 15.30s
Final training  10/99 loss: 4.6589 time 187.80s lr: 0.000976
[EarlyStopping] no improve (2/30)
0 Thu Oct 16 13:16:44 2025 Epoch: 11
Epoch: 11/100 Iter: 0/12 loss: 6.1760 time 18.92s
Epoch: 11/100 Iter: 1/12 loss: 5.6393 time 15.30s
Epoch: 11/100 Iter: 2/12 loss: 4.9106 time 15.31s
Epoch: 11/100 Iter: 3/12 loss: 4.6402 time 15.30s
Epoch: 11/100 Iter: 4/12 loss: 4.7554 time 15.30s
Epoch: 11/100 Iter: 5/12 loss: 4.7779 time 15.30s
Epoch: 11/100 Iter: 6/12 loss: 4.5707 time 15.30s
Epoch: 11/100 Iter: 7/12 loss: 4.5268 time 15.31s
Epoch: 11/100 Iter: 8/12 loss: 4.5496 time 15.30s
Epoch: 11/100 Iter: 9/12 loss: 4.5975 time 15.31s
Epoch: 11/100 Iter: 10/12 loss: 4.5210 time 15.30s
Epoch: 11/100 Iter: 11/12 loss: 4.5287 time 15.30s
Final training  11/99 loss: 4.5287 time 187.29s lr: 0.000970
[EarlyStopping] no improve (3/30)
Val 11/100 0/27, Acc: 0.0000, time 1.98s
Val 11/100 1/27, Acc: 0.0000, time 1.99s
Val 11/100 2/27, Acc: 0.3333, time 1.97s
Val 11/100 3/27, Acc: 0.2500, time 2.00s
Val 11/100 4/27, Acc: 0.4000, time 1.95s
Val 11/100 5/27, Acc: 0.3333, time 1.98s
Val 11/100 6/27, Acc: 0.4286, time 1.98s
Val 11/100 7/27, Acc: 0.5000, time 1.96s
Val 11/100 8/27, Acc: 0.5556, time 1.98s
Val 11/100 9/27, Acc: 0.5000, time 2.00s
Val 11/100 10/27, Acc: 0.4545, time 1.99s
Val 11/100 11/27, Acc: 0.4167, time 1.95s
Val 11/100 12/27, Acc: 0.3846, time 1.97s
Val 11/100 13/27, Acc: 0.3571, time 1.97s
Val 11/100 14/27, Acc: 0.3333, time 1.99s
Val 11/100 15/27, Acc: 0.3125, time 2.01s
Val 11/100 16/27, Acc: 0.2941, time 2.02s
Val 11/100 17/27, Acc: 0.2778, time 1.96s
Val 11/100 18/27, Acc: 0.3158, time 2.09s
Val 11/100 19/27, Acc: 0.3500, time 2.06s
Val 11/100 20/27, Acc: 0.3333, time 1.96s
Val 11/100 21/27, Acc: 0.3182, time 1.96s
Val 11/100 22/27, Acc: 0.3478, time 1.96s
Val 11/100 23/27, Acc: 0.3750, time 1.96s
Val 11/100 24/27, Acc: 0.4000, time 1.99s
Val 11/100 25/27, Acc: 0.4231, time 1.95s
Val 11/100 26/27, Acc: 0.4444, time 1.97s
[Val epoch 11] avg_acc=0.4444 | per-class [c0: 0.444, c1: 0.444, c2: 0.444]
Final validation stats 11/99 , Val_acc: 0.4444444444444444 , time 53.54s
Saving checkpoint outputs/OrganoidsINRIA/swinunetr/2025-10-16-12-39/model_final.pt
[EarlyStopping] no improve (1/10)

0 Thu Oct 16 13:20:47 2025 Epoch: 12
Epoch: 12/100 Iter: 0/12 loss: 3.6322 time 19.33s
Epoch: 12/100 Iter: 1/12 loss: 3.6251 time 15.31s
Epoch: 12/100 Iter: 2/12 loss: 3.8907 time 15.30s
Epoch: 12/100 Iter: 3/12 loss: 4.0406 time 15.30s
Epoch: 12/100 Iter: 4/12 loss: 3.9882 time 15.31s
Epoch: 12/100 Iter: 5/12 loss: 3.7165 time 15.31s
Epoch: 12/100 Iter: 6/12 loss: 3.7024 time 15.30s
Epoch: 12/100 Iter: 7/12 loss: 3.7139 time 15.30s
Epoch: 12/100 Iter: 8/12 loss: 3.9514 time 15.31s
Epoch: 12/100 Iter: 9/12 loss: 4.0287 time 15.30s
Epoch: 12/100 Iter: 10/12 loss: 4.1276 time 15.30s
Epoch: 12/100 Iter: 11/12 loss: 4.1584 time 15.30s
Final training  12/99 loss: 4.1584 time 187.72s lr: 0.000965
[EarlyStopping] improved to 4.158415
0 Thu Oct 16 13:23:54 2025 Epoch: 13
Epoch: 13/100 Iter: 0/12 loss: 3.4542 time 20.41s
Epoch: 13/100 Iter: 1/12 loss: 4.0849 time 15.31s
Epoch: 13/100 Iter: 2/12 loss: 4.0566 time 15.31s
Epoch: 13/100 Iter: 3/12 loss: 3.9852 time 15.31s
Epoch: 13/100 Iter: 4/12 loss: 4.4519 time 15.30s
Epoch: 13/100 Iter: 5/12 loss: 4.4510 time 15.31s
Epoch: 13/100 Iter: 6/12 loss: 4.4311 time 15.30s
Epoch: 13/100 Iter: 7/12 loss: 4.3634 time 15.30s
Epoch: 13/100 Iter: 8/12 loss: 4.3511 time 15.31s
Epoch: 13/100 Iter: 9/12 loss: 4.3314 time 15.30s
Epoch: 13/100 Iter: 10/12 loss: 4.2851 time 15.30s
Epoch: 13/100 Iter: 11/12 loss: 4.3964 time 15.30s
Final training  13/99 loss: 4.3964 time 188.79s lr: 0.000959
[EarlyStopping] no improve (1/30)
0 Thu Oct 16 13:27:03 2025 Epoch: 14
Epoch: 14/100 Iter: 0/12 loss: 4.8528 time 19.32s
Epoch: 14/100 Iter: 1/12 loss: 4.2612 time 15.32s
Epoch: 14/100 Iter: 2/12 loss: 4.4140 time 15.32s
Epoch: 14/100 Iter: 3/12 loss: 4.5334 time 15.31s
Epoch: 14/100 Iter: 4/12 loss: 4.4113 time 15.30s
Epoch: 14/100 Iter: 5/12 loss: 4.2020 time 15.30s
Epoch: 14/100 Iter: 6/12 loss: 4.2577 time 15.30s
Epoch: 14/100 Iter: 7/12 loss: 4.2339 time 15.30s
Epoch: 14/100 Iter: 8/12 loss: 4.1894 time 15.30s
Epoch: 14/100 Iter: 9/12 loss: 4.1427 time 15.30s
Epoch: 14/100 Iter: 10/12 loss: 4.1434 time 15.31s
Epoch: 14/100 Iter: 11/12 loss: 4.1763 time 15.30s
Final training  14/99 loss: 4.1763 time 187.73s lr: 0.000952
[EarlyStopping] no improve (2/30)
0 Thu Oct 16 13:30:11 2025 Epoch: 15
Epoch: 15/100 Iter: 0/12 loss: 3.6675 time 19.28s
Epoch: 15/100 Iter: 1/12 loss: 3.5287 time 15.31s
Epoch: 15/100 Iter: 2/12 loss: 3.7522 time 15.30s
Epoch: 15/100 Iter: 3/12 loss: 4.0645 time 15.30s
Epoch: 15/100 Iter: 4/12 loss: 4.2086 time 15.31s
Epoch: 15/100 Iter: 5/12 loss: 4.0435 time 15.31s
Epoch: 15/100 Iter: 6/12 loss: 4.1277 time 15.30s
Epoch: 15/100 Iter: 7/12 loss: 4.1702 time 15.30s
Epoch: 15/100 Iter: 8/12 loss: 4.0584 time 15.30s
Epoch: 15/100 Iter: 9/12 loss: 4.0096 time 15.31s
Epoch: 15/100 Iter: 10/12 loss: 4.0044 time 15.31s
Epoch: 15/100 Iter: 11/12 loss: 4.0155 time 15.30s
Final training  15/99 loss: 4.0155 time 187.66s lr: 0.000946
[EarlyStopping] improved to 4.015464
Val 15/100 0/27, Acc: 1.0000, time 1.96s
Val 15/100 1/27, Acc: 0.5000, time 1.97s
Val 15/100 2/27, Acc: 0.3333, time 1.97s
Val 15/100 3/27, Acc: 0.2500, time 1.98s
Val 15/100 4/27, Acc: 0.4000, time 1.95s
Val 15/100 5/27, Acc: 0.5000, time 1.99s
Val 15/100 6/27, Acc: 0.5714, time 1.96s
Val 15/100 7/27, Acc: 0.6250, time 1.96s
Val 15/100 8/27, Acc: 0.6667, time 1.98s
Val 15/100 9/27, Acc: 0.6000, time 1.98s
Val 15/100 10/27, Acc: 0.5455, time 1.99s
Val 15/100 11/27, Acc: 0.5000, time 1.96s
Val 15/100 12/27, Acc: 0.5385, time 2.00s
Val 15/100 13/27, Acc: 0.5000, time 2.01s
Val 15/100 14/27, Acc: 0.5333, time 1.97s
Val 15/100 15/27, Acc: 0.5000, time 2.01s
Val 15/100 16/27, Acc: 0.4706, time 2.03s
Val 15/100 17/27, Acc: 0.4444, time 2.00s
Val 15/100 18/27, Acc: 0.4737, time 2.12s
Val 15/100 19/27, Acc: 0.5000, time 2.08s
Val 15/100 20/27, Acc: 0.4762, time 1.97s
Val 15/100 21/27, Acc: 0.4545, time 1.98s
Val 15/100 22/27, Acc: 0.4348, time 1.98s
Val 15/100 23/27, Acc: 0.4167, time 1.98s
Val 15/100 24/27, Acc: 0.4400, time 1.97s
Val 15/100 25/27, Acc: 0.4231, time 1.98s
Val 15/100 26/27, Acc: 0.4074, time 1.96s
[Val epoch 15] avg_acc=0.4074 | per-class [c0: 0.444, c1: 0.778, c2: 0.000]
Final validation stats 15/99 , Val_acc: 0.4074074074074074 , time 53.70s
Saving checkpoint outputs/OrganoidsINRIA/swinunetr/2025-10-16-12-39/model_final.pt
[EarlyStopping] no improve (2/10)

0 Thu Oct 16 13:34:14 2025 Epoch: 16
Epoch: 16/100 Iter: 0/12 loss: 4.2053 time 17.79s
Epoch: 16/100 Iter: 1/12 loss: 4.0898 time 15.31s
Epoch: 16/100 Iter: 2/12 loss: 3.8027 time 15.31s
Epoch: 16/100 Iter: 3/12 loss: 4.0775 time 15.30s
Epoch: 16/100 Iter: 4/12 loss: 4.0760 time 15.31s
Epoch: 16/100 Iter: 5/12 loss: 4.0954 time 15.31s
Epoch: 16/100 Iter: 6/12 loss: 3.9490 time 15.30s
Epoch: 16/100 Iter: 7/12 loss: 3.9663 time 15.30s
Epoch: 16/100 Iter: 8/12 loss: 3.9210 time 15.30s
Epoch: 16/100 Iter: 9/12 loss: 3.9524 time 15.30s
Epoch: 16/100 Iter: 10/12 loss: 3.8846 time 15.30s
Epoch: 16/100 Iter: 11/12 loss: 3.9548 time 15.30s
Final training  16/99 loss: 3.9548 time 186.17s lr: 0.000938
[EarlyStopping] improved to 3.954841
0 Thu Oct 16 13:37:20 2025 Epoch: 17
Epoch: 17/100 Iter: 0/12 loss: 3.1683 time 19.00s
Epoch: 17/100 Iter: 1/12 loss: 3.5604 time 15.31s
Epoch: 17/100 Iter: 2/12 loss: 3.8363 time 15.30s
Epoch: 17/100 Iter: 3/12 loss: 3.6941 time 15.31s
Epoch: 17/100 Iter: 4/12 loss: 3.6519 time 15.30s
Epoch: 17/100 Iter: 5/12 loss: 3.7191 time 15.30s
Epoch: 17/100 Iter: 6/12 loss: 3.6202 time 15.31s
Epoch: 17/100 Iter: 7/12 loss: 3.8023 time 15.30s
Epoch: 17/100 Iter: 8/12 loss: 3.6909 time 15.30s
Epoch: 17/100 Iter: 9/12 loss: 3.7229 time 15.31s
Epoch: 17/100 Iter: 10/12 loss: 3.7876 time 15.30s
Epoch: 17/100 Iter: 11/12 loss: 3.8815 time 15.30s
Final training  17/99 loss: 3.8815 time 187.37s lr: 0.000930
[EarlyStopping] improved to 3.881482
0 Thu Oct 16 13:40:28 2025 Epoch: 18
Epoch: 18/100 Iter: 0/12 loss: 3.0618 time 19.59s
Epoch: 18/100 Iter: 1/12 loss: 3.8600 time 15.30s
Epoch: 18/100 Iter: 2/12 loss: 3.8699 time 15.32s
Epoch: 18/100 Iter: 3/12 loss: 4.1230 time 15.30s
Epoch: 18/100 Iter: 4/12 loss: 4.0091 time 15.31s
Epoch: 18/100 Iter: 5/12 loss: 3.8863 time 15.31s
Epoch: 18/100 Iter: 6/12 loss: 3.7649 time 15.30s
Epoch: 18/100 Iter: 7/12 loss: 3.9101 time 15.30s
Epoch: 18/100 Iter: 8/12 loss: 3.9433 time 15.30s
Epoch: 18/100 Iter: 9/12 loss: 4.0574 time 15.30s
Epoch: 18/100 Iter: 10/12 loss: 3.9923 time 15.30s
Epoch: 18/100 Iter: 11/12 loss: 3.9783 time 15.30s
Final training  18/99 loss: 3.9783 time 187.97s lr: 0.000922
[EarlyStopping] no improve (1/30)
0 Thu Oct 16 13:43:36 2025 Epoch: 19
Epoch: 19/100 Iter: 0/12 loss: 4.2476 time 18.45s
Epoch: 19/100 Iter: 1/12 loss: 4.5748 time 15.30s
Epoch: 19/100 Iter: 2/12 loss: 4.2796 time 15.31s
Epoch: 19/100 Iter: 3/12 loss: 4.2354 time 15.30s
Epoch: 19/100 Iter: 4/12 loss: 4.2099 time 15.31s
Epoch: 19/100 Iter: 5/12 loss: 4.0381 time 15.30s
Epoch: 19/100 Iter: 6/12 loss: 3.9490 time 15.30s
Epoch: 19/100 Iter: 7/12 loss: 3.9434 time 15.30s
Epoch: 19/100 Iter: 8/12 loss: 3.9876 time 15.30s
Epoch: 19/100 Iter: 9/12 loss: 3.8693 time 15.30s
Epoch: 19/100 Iter: 10/12 loss: 3.8406 time 15.29s
Epoch: 19/100 Iter: 11/12 loss: 3.9843 time 15.30s
Final training  19/99 loss: 3.9843 time 186.80s lr: 0.000914
[EarlyStopping] no improve (2/30)
Val 19/100 0/27, Acc: 0.0000, time 1.98s
Val 19/100 1/27, Acc: 0.5000, time 2.00s
Val 19/100 2/27, Acc: 0.6667, time 2.01s
Val 19/100 3/27, Acc: 0.5000, time 2.00s
Val 19/100 4/27, Acc: 0.4000, time 1.98s
Val 19/100 5/27, Acc: 0.5000, time 1.99s
Val 19/100 6/27, Acc: 0.4286, time 1.97s
Val 19/100 7/27, Acc: 0.3750, time 1.99s
Val 19/100 8/27, Acc: 0.4444, time 1.99s
Val 19/100 9/27, Acc: 0.4000, time 1.99s
Val 19/100 10/27, Acc: 0.3636, time 2.00s
Val 19/100 11/27, Acc: 0.3333, time 1.99s
Val 19/100 12/27, Acc: 0.3077, time 1.98s
Val 19/100 13/27, Acc: 0.2857, time 1.98s
Val 19/100 14/27, Acc: 0.2667, time 2.00s
Val 19/100 15/27, Acc: 0.3125, time 2.00s
Val 19/100 16/27, Acc: 0.2941, time 2.02s
Val 19/100 17/27, Acc: 0.3333, time 2.00s
Val 19/100 18/27, Acc: 0.3684, time 2.11s
Val 19/100 19/27, Acc: 0.4000, time 2.08s
Val 19/100 20/27, Acc: 0.3810, time 1.97s
Val 19/100 21/27, Acc: 0.4091, time 1.98s
Val 19/100 22/27, Acc: 0.3913, time 1.97s
Val 19/100 23/27, Acc: 0.3750, time 1.96s
Val 19/100 24/27, Acc: 0.4000, time 1.98s
Val 19/100 25/27, Acc: 0.3846, time 1.95s
Val 19/100 26/27, Acc: 0.3704, time 1.95s
[Val epoch 19] avg_acc=0.3704 | per-class [c0: 1.000, c1: 0.111, c2: 0.000]
Final validation stats 19/99 , Val_acc: 0.37037037037037035 , time 53.81s
Saving checkpoint outputs/OrganoidsINRIA/swinunetr/2025-10-16-12-39/model_final.pt
[EarlyStopping] no improve (3/10)

0 Thu Oct 16 13:47:39 2025 Epoch: 20
Epoch: 20/100 Iter: 0/12 loss: 3.4579 time 18.74s
Epoch: 20/100 Iter: 1/12 loss: 3.9608 time 15.30s
Epoch: 20/100 Iter: 2/12 loss: 3.7893 time 15.30s
Epoch: 20/100 Iter: 3/12 loss: 3.7939 time 15.31s
Epoch: 20/100 Iter: 4/12 loss: 4.1057 time 15.30s
Epoch: 20/100 Iter: 5/12 loss: 4.0410 time 15.30s
Epoch: 20/100 Iter: 6/12 loss: 3.9570 time 15.30s
Epoch: 20/100 Iter: 7/12 loss: 3.9502 time 15.30s
Epoch: 20/100 Iter: 8/12 loss: 3.9331 time 15.30s
Epoch: 20/100 Iter: 9/12 loss: 3.8960 time 15.29s
Epoch: 20/100 Iter: 10/12 loss: 3.7867 time 15.30s
Epoch: 20/100 Iter: 11/12 loss: 3.7088 time 15.29s
Final training  20/99 loss: 3.7088 time 187.08s lr: 0.000905
[EarlyStopping] improved to 3.708786
0 Thu Oct 16 13:50:46 2025 Epoch: 21
Epoch: 21/100 Iter: 0/12 loss: 3.8385 time 19.74s
Epoch: 21/100 Iter: 1/12 loss: 3.8636 time 15.30s
Epoch: 21/100 Iter: 2/12 loss: 3.7211 time 15.31s
Epoch: 21/100 Iter: 3/12 loss: 3.7421 time 15.30s
Epoch: 21/100 Iter: 4/12 loss: 3.5343 time 15.30s
Epoch: 21/100 Iter: 5/12 loss: 3.4556 time 15.29s
Epoch: 21/100 Iter: 6/12 loss: 3.5316 time 15.30s
Epoch: 21/100 Iter: 7/12 loss: 3.5537 time 15.30s
Epoch: 21/100 Iter: 8/12 loss: 3.5424 time 15.30s
Epoch: 21/100 Iter: 9/12 loss: 3.6244 time 15.30s
Epoch: 21/100 Iter: 10/12 loss: 3.6749 time 15.30s
Epoch: 21/100 Iter: 11/12 loss: 3.6077 time 15.30s
Final training  21/99 loss: 3.6077 time 188.08s lr: 0.000895
[EarlyStopping] improved to 3.607659
0 Thu Oct 16 13:53:54 2025 Epoch: 22
Epoch: 22/100 Iter: 0/12 loss: 2.8553 time 18.41s
Epoch: 22/100 Iter: 1/12 loss: 2.9533 time 15.32s
Epoch: 22/100 Iter: 2/12 loss: 3.2181 time 15.31s
Epoch: 22/100 Iter: 3/12 loss: 3.4108 time 15.31s
Epoch: 22/100 Iter: 4/12 loss: 3.0737 time 15.30s
Epoch: 22/100 Iter: 5/12 loss: 3.1836 time 15.30s
Epoch: 22/100 Iter: 6/12 loss: 3.3760 time 15.29s
Epoch: 22/100 Iter: 7/12 loss: 3.7404 time 15.30s
Epoch: 22/100 Iter: 8/12 loss: 3.5616 time 15.30s
Epoch: 22/100 Iter: 9/12 loss: 3.5063 time 15.30s
Epoch: 22/100 Iter: 10/12 loss: 3.5076 time 15.30s
Epoch: 22/100 Iter: 11/12 loss: 3.7249 time 15.30s
Final training  22/99 loss: 3.7249 time 186.78s lr: 0.000885
[EarlyStopping] no improve (1/30)
0 Thu Oct 16 13:57:01 2025 Epoch: 23
Epoch: 23/100 Iter: 0/12 loss: 3.6290 time 19.69s
Epoch: 23/100 Iter: 1/12 loss: 3.3043 time 15.31s
Epoch: 23/100 Iter: 2/12 loss: 3.6087 time 15.30s
Epoch: 23/100 Iter: 3/12 loss: 3.7710 time 15.30s
Epoch: 23/100 Iter: 4/12 loss: 3.6422 time 15.30s
Epoch: 23/100 Iter: 5/12 loss: 3.5204 time 15.30s
Epoch: 23/100 Iter: 6/12 loss: 3.5555 time 15.30s
Epoch: 23/100 Iter: 7/12 loss: 3.6553 time 15.30s
Epoch: 23/100 Iter: 8/12 loss: 3.6986 time 15.30s
Epoch: 23/100 Iter: 9/12 loss: 3.5916 time 15.30s
Epoch: 23/100 Iter: 10/12 loss: 3.6438 time 15.30s
Epoch: 23/100 Iter: 11/12 loss: 3.6751 time 15.29s
Final training  23/99 loss: 3.6751 time 188.03s lr: 0.000875
[EarlyStopping] no improve (2/30)
Val 23/100 0/27, Acc: 1.0000, time 1.95s
Val 23/100 1/27, Acc: 0.5000, time 1.96s
Val 23/100 2/27, Acc: 0.3333, time 1.96s
Val 23/100 3/27, Acc: 0.2500, time 1.98s
Val 23/100 4/27, Acc: 0.4000, time 1.95s
Val 23/100 5/27, Acc: 0.5000, time 1.98s
Val 23/100 6/27, Acc: 0.5714, time 1.96s
Val 23/100 7/27, Acc: 0.6250, time 1.98s
Val 23/100 8/27, Acc: 0.6667, time 1.99s
Val 23/100 9/27, Acc: 0.6000, time 2.00s
Val 23/100 10/27, Acc: 0.5455, time 2.02s
Val 23/100 11/27, Acc: 0.5833, time 1.96s
Val 23/100 12/27, Acc: 0.6154, time 1.98s
Val 23/100 13/27, Acc: 0.5714, time 1.97s
Val 23/100 14/27, Acc: 0.6000, time 1.97s
Val 23/100 15/27, Acc: 0.5625, time 2.00s
Val 23/100 16/27, Acc: 0.5294, time 2.02s
Val 23/100 17/27, Acc: 0.5000, time 1.96s
Val 23/100 18/27, Acc: 0.5263, time 2.12s
Val 23/100 19/27, Acc: 0.5500, time 2.07s
Val 23/100 20/27, Acc: 0.5238, time 1.97s
Val 23/100 21/27, Acc: 0.5000, time 1.97s
Val 23/100 22/27, Acc: 0.4783, time 1.98s
Val 23/100 23/27, Acc: 0.4583, time 1.95s
Val 23/100 24/27, Acc: 0.4800, time 1.98s
Val 23/100 25/27, Acc: 0.4615, time 1.96s
Val 23/100 26/27, Acc: 0.4444, time 1.97s
[Val epoch 23] avg_acc=0.4444 | per-class [c0: 0.444, c1: 0.889, c2: 0.000]
Final validation stats 23/99 , Val_acc: 0.4444444444444444 , time 53.54s
Saving checkpoint outputs/OrganoidsINRIA/swinunetr/2025-10-16-12-39/model_final.pt
[EarlyStopping] no improve (4/10)

0 Thu Oct 16 14:01:05 2025 Epoch: 24
Epoch: 24/100 Iter: 0/12 loss: 3.9248 time 17.74s
Epoch: 24/100 Iter: 1/12 loss: 3.5195 time 15.31s
Epoch: 24/100 Iter: 2/12 loss: 3.2932 time 15.30s
Epoch: 24/100 Iter: 3/12 loss: 3.5088 time 15.29s
Epoch: 24/100 Iter: 4/12 loss: 3.4512 time 15.30s
Epoch: 24/100 Iter: 5/12 loss: 3.1987 time 15.30s
Epoch: 24/100 Iter: 6/12 loss: 3.4270 time 15.30s
Epoch: 24/100 Iter: 7/12 loss: 3.3074 time 15.30s
Epoch: 24/100 Iter: 8/12 loss: 3.2016 time 15.30s
Epoch: 24/100 Iter: 9/12 loss: 3.3404 time 15.29s
Epoch: 24/100 Iter: 10/12 loss: 3.5070 time 15.30s
Epoch: 24/100 Iter: 11/12 loss: 3.5018 time 15.30s
Final training  24/99 loss: 3.5018 time 186.08s lr: 0.000864
[EarlyStopping] improved to 3.501783
0 Thu Oct 16 14:04:11 2025 Epoch: 25
Epoch: 25/100 Iter: 0/12 loss: 4.5806 time 18.92s
Epoch: 25/100 Iter: 1/12 loss: 4.1702 time 15.31s
Epoch: 25/100 Iter: 2/12 loss: 3.5163 time 15.31s
Epoch: 25/100 Iter: 3/12 loss: 3.6926 time 15.30s
Epoch: 25/100 Iter: 4/12 loss: 3.7334 time 15.30s
Epoch: 25/100 Iter: 5/12 loss: 3.4404 time 15.30s
Epoch: 25/100 Iter: 6/12 loss: 3.4269 time 15.30s
Epoch: 25/100 Iter: 7/12 loss: 3.6731 time 15.30s
Epoch: 25/100 Iter: 8/12 loss: 3.6584 time 15.29s
Epoch: 25/100 Iter: 9/12 loss: 3.6117 time 15.30s
Epoch: 25/100 Iter: 10/12 loss: 3.6992 time 15.30s
Epoch: 25/100 Iter: 11/12 loss: 3.6970 time 15.30s
Final training  25/99 loss: 3.6970 time 187.26s lr: 0.000854
[EarlyStopping] no improve (1/30)
0 Thu Oct 16 14:07:18 2025 Epoch: 26
Epoch: 26/100 Iter: 0/12 loss: 2.5723 time 20.37s
Epoch: 26/100 Iter: 1/12 loss: 3.0187 time 15.32s
Epoch: 26/100 Iter: 2/12 loss: 3.3605 time 15.30s
Epoch: 26/100 Iter: 3/12 loss: 3.3488 time 15.30s
Epoch: 26/100 Iter: 4/12 loss: 3.1922 time 15.31s
Epoch: 26/100 Iter: 5/12 loss: 3.5243 time 15.31s
Epoch: 26/100 Iter: 6/12 loss: 3.5258 time 15.31s
Epoch: 26/100 Iter: 7/12 loss: 3.5238 time 15.30s
Epoch: 26/100 Iter: 8/12 loss: 3.5884 time 15.30s
Epoch: 26/100 Iter: 9/12 loss: 3.5900 time 15.30s
Epoch: 26/100 Iter: 10/12 loss: 3.7766 time 15.29s
Epoch: 26/100 Iter: 11/12 loss: 3.7347 time 15.30s
Final training  26/99 loss: 3.7347 time 188.75s lr: 0.000842
[EarlyStopping] no improve (2/30)
0 Thu Oct 16 14:10:27 2025 Epoch: 27
Epoch: 27/100 Iter: 0/12 loss: 3.2937 time 20.59s
Epoch: 27/100 Iter: 1/12 loss: 3.5348 time 15.31s
Epoch: 27/100 Iter: 2/12 loss: 3.9398 time 15.31s
Epoch: 27/100 Iter: 3/12 loss: 3.9395 time 15.30s
Epoch: 27/100 Iter: 4/12 loss: 4.0945 time 15.31s
Epoch: 27/100 Iter: 5/12 loss: 3.8115 time 15.30s
Epoch: 27/100 Iter: 6/12 loss: 3.7960 time 15.30s
Epoch: 27/100 Iter: 7/12 loss: 3.6131 time 15.29s
Epoch: 27/100 Iter: 8/12 loss: 3.6337 time 15.30s
Epoch: 27/100 Iter: 9/12 loss: 3.5909 time 15.30s
Epoch: 27/100 Iter: 10/12 loss: 3.5240 time 15.29s
Epoch: 27/100 Iter: 11/12 loss: 3.5033 time 15.30s
Final training  27/99 loss: 3.5033 time 188.94s lr: 0.000831
[EarlyStopping] no improve (3/30)
Val 27/100 0/27, Acc: 0.0000, time 1.95s
Val 27/100 1/27, Acc: 0.0000, time 1.96s
Val 27/100 2/27, Acc: 0.3333, time 1.97s
Val 27/100 3/27, Acc: 0.5000, time 1.97s
Val 27/100 4/27, Acc: 0.4000, time 1.95s
Val 27/100 5/27, Acc: 0.5000, time 1.98s
Val 27/100 6/27, Acc: 0.5714, time 1.96s
Val 27/100 7/27, Acc: 0.5000, time 1.96s
Val 27/100 8/27, Acc: 0.5556, time 1.96s
Val 27/100 9/27, Acc: 0.5000, time 1.97s
Val 27/100 10/27, Acc: 0.4545, time 1.99s
Val 27/100 11/27, Acc: 0.4167, time 1.96s
Val 27/100 12/27, Acc: 0.3846, time 1.98s
Val 27/100 13/27, Acc: 0.4286, time 1.98s
Val 27/100 14/27, Acc: 0.4000, time 1.96s
Val 27/100 15/27, Acc: 0.3750, time 2.00s
Val 27/100 16/27, Acc: 0.3529, time 2.02s
Val 27/100 17/27, Acc: 0.3333, time 1.99s
Val 27/100 18/27, Acc: 0.3684, time 2.12s
Val 27/100 19/27, Acc: 0.4000, time 2.08s
Val 27/100 20/27, Acc: 0.4286, time 1.99s
Val 27/100 21/27, Acc: 0.4545, time 2.00s
Val 27/100 22/27, Acc: 0.4783, time 2.00s
Val 27/100 23/27, Acc: 0.5000, time 1.96s
Val 27/100 24/27, Acc: 0.5200, time 1.98s
Val 27/100 25/27, Acc: 0.5385, time 1.98s
Val 27/100 26/27, Acc: 0.5556, time 1.96s
[Val epoch 27] avg_acc=0.5556 | per-class [c0: 0.667, c1: 0.222, c2: 0.778]
Final validation stats 27/99 , Val_acc: 0.5555555555555556 , time 53.56s
new best (0.518519 --> 0.555556). 
Saving new best model to model_final.pt
Saving checkpoint outputs/OrganoidsINRIA/swinunetr/2025-10-16-12-39/model.pt
Saving checkpoint outputs/OrganoidsINRIA/swinunetr/2025-10-16-12-39/model_final.pt
Copying to model.pt new best model!!!!
[EarlyStopping] improved to 0.555556

0 Thu Oct 16 14:14:37 2025 Epoch: 28
Epoch: 28/100 Iter: 0/12 loss: 2.5163 time 20.12s
Epoch: 28/100 Iter: 1/12 loss: 2.7540 time 15.31s
Epoch: 28/100 Iter: 2/12 loss: 3.0829 time 15.30s
Epoch: 28/100 Iter: 3/12 loss: 3.3491 time 15.29s
Epoch: 28/100 Iter: 4/12 loss: 3.4628 time 15.30s
Epoch: 28/100 Iter: 5/12 loss: 3.5340 time 15.30s
Epoch: 28/100 Iter: 6/12 loss: 3.3924 time 15.29s
Epoch: 28/100 Iter: 7/12 loss: 3.4182 time 15.29s
Epoch: 28/100 Iter: 8/12 loss: 3.3836 time 15.30s
Epoch: 28/100 Iter: 9/12 loss: 3.5474 time 15.30s
Epoch: 28/100 Iter: 10/12 loss: 3.5956 time 15.30s
Epoch: 28/100 Iter: 11/12 loss: 3.5511 time 15.29s
Final training  28/99 loss: 3.5511 time 188.44s lr: 0.000819
[EarlyStopping] no improve (4/30)
0 Thu Oct 16 14:17:46 2025 Epoch: 29
Epoch: 29/100 Iter: 0/12 loss: 3.0492 time 18.79s
Epoch: 29/100 Iter: 1/12 loss: 3.0265 time 15.31s
Epoch: 29/100 Iter: 2/12 loss: 3.0911 time 15.30s
Epoch: 29/100 Iter: 3/12 loss: 3.0712 time 15.29s
Epoch: 29/100 Iter: 4/12 loss: 3.4552 time 15.30s
Epoch: 29/100 Iter: 5/12 loss: 3.4561 time 15.30s
Epoch: 29/100 Iter: 6/12 loss: 3.4046 time 15.31s
Epoch: 29/100 Iter: 7/12 loss: 3.4182 time 15.30s
Epoch: 29/100 Iter: 8/12 loss: 3.5342 time 15.30s
Epoch: 29/100 Iter: 9/12 loss: 3.4848 time 15.30s
Epoch: 29/100 Iter: 10/12 loss: 3.4039 time 15.30s
Epoch: 29/100 Iter: 11/12 loss: 3.4501 time 15.29s
Final training  29/99 loss: 3.4501 time 187.13s lr: 0.000806
[EarlyStopping] improved to 3.450085
0 Thu Oct 16 14:20:53 2025 Epoch: 30
Epoch: 30/100 Iter: 0/12 loss: 2.3422 time 19.83s
Epoch: 30/100 Iter: 1/12 loss: 3.1288 time 15.31s
Epoch: 30/100 Iter: 2/12 loss: 3.0018 time 15.30s
Epoch: 30/100 Iter: 3/12 loss: 2.7116 time 15.30s
Epoch: 30/100 Iter: 4/12 loss: 2.7327 time 15.31s
Epoch: 30/100 Iter: 5/12 loss: 2.7970 time 15.30s
Epoch: 30/100 Iter: 6/12 loss: 2.8401 time 15.30s
Epoch: 30/100 Iter: 7/12 loss: 2.8993 time 15.30s
Epoch: 30/100 Iter: 8/12 loss: 2.8938 time 15.30s
Epoch: 30/100 Iter: 9/12 loss: 3.0411 time 15.30s
Epoch: 30/100 Iter: 10/12 loss: 3.0409 time 15.30s
Epoch: 30/100 Iter: 11/12 loss: 3.0045 time 15.30s
Final training  30/99 loss: 3.0045 time 188.21s lr: 0.000794
[EarlyStopping] improved to 3.004494
0 Thu Oct 16 14:24:02 2025 Epoch: 31
Epoch: 31/100 Iter: 0/12 loss: 2.5549 time 19.25s
Epoch: 31/100 Iter: 1/12 loss: 2.3590 time 15.31s
Epoch: 31/100 Iter: 2/12 loss: 2.3884 time 15.30s
Epoch: 31/100 Iter: 3/12 loss: 2.5354 time 15.29s
Epoch: 31/100 Iter: 4/12 loss: 2.9141 time 15.29s
Epoch: 31/100 Iter: 5/12 loss: 4.1261 time 15.30s
Epoch: 31/100 Iter: 6/12 loss: 4.1437 time 15.30s
Epoch: 31/100 Iter: 7/12 loss: 3.9643 time 15.30s
Epoch: 31/100 Iter: 8/12 loss: 3.8234 time 15.30s
Epoch: 31/100 Iter: 9/12 loss: 3.9563 time 15.30s
Epoch: 31/100 Iter: 10/12 loss: 3.9958 time 15.31s
Epoch: 31/100 Iter: 11/12 loss: 3.9948 time 15.30s
Final training  31/99 loss: 3.9948 time 187.59s lr: 0.000781
[EarlyStopping] no improve (1/30)
Val 31/100 0/27, Acc: 0.0000, time 1.96s
Val 31/100 1/27, Acc: 0.5000, time 1.96s
Val 31/100 2/27, Acc: 0.6667, time 1.97s
Val 31/100 3/27, Acc: 0.5000, time 1.97s
Val 31/100 4/27, Acc: 0.6000, time 1.95s
Val 31/100 5/27, Acc: 0.6667, time 1.99s
Val 31/100 6/27, Acc: 0.5714, time 1.96s
Val 31/100 7/27, Acc: 0.5000, time 1.97s
Val 31/100 8/27, Acc: 0.5556, time 1.96s
Val 31/100 9/27, Acc: 0.5000, time 1.98s
Val 31/100 10/27, Acc: 0.4545, time 1.99s
Val 31/100 11/27, Acc: 0.4167, time 1.98s
Val 31/100 12/27, Acc: 0.3846, time 1.99s
Val 31/100 13/27, Acc: 0.3571, time 1.98s
Val 31/100 14/27, Acc: 0.3333, time 1.99s
Val 31/100 15/27, Acc: 0.3750, time 2.01s
Val 31/100 16/27, Acc: 0.3529, time 2.04s
Val 31/100 17/27, Acc: 0.3889, time 1.97s
Val 31/100 18/27, Acc: 0.4211, time 2.12s
Val 31/100 19/27, Acc: 0.4500, time 2.07s
Val 31/100 20/27, Acc: 0.4286, time 2.00s
Val 31/100 21/27, Acc: 0.4545, time 1.97s
Val 31/100 22/27, Acc: 0.4783, time 2.01s
Val 31/100 23/27, Acc: 0.5000, time 1.97s
Val 31/100 24/27, Acc: 0.5200, time 1.99s
Val 31/100 25/27, Acc: 0.5385, time 1.97s
Val 31/100 26/27, Acc: 0.5556, time 1.97s
[Val epoch 31] avg_acc=0.5556 | per-class [c0: 1.000, c1: 0.222, c2: 0.444]
Final validation stats 31/99 , Val_acc: 0.5555555555555556 , time 53.68s
Saving checkpoint outputs/OrganoidsINRIA/swinunetr/2025-10-16-12-39/model_final.pt
[EarlyStopping] no improve (1/10)

0 Thu Oct 16 14:28:05 2025 Epoch: 32
Epoch: 32/100 Iter: 0/12 loss: 3.6063 time 20.69s
Epoch: 32/100 Iter: 1/12 loss: 3.0300 time 15.30s
Epoch: 32/100 Iter: 2/12 loss: 3.1146 time 15.30s
Epoch: 32/100 Iter: 3/12 loss: 3.2310 time 15.29s
Epoch: 32/100 Iter: 4/12 loss: 3.1446 time 15.30s
Epoch: 32/100 Iter: 5/12 loss: 3.1927 time 15.30s
Epoch: 32/100 Iter: 6/12 loss: 3.1438 time 15.30s
Epoch: 32/100 Iter: 7/12 loss: 3.1757 time 15.30s
Epoch: 32/100 Iter: 8/12 loss: 3.3251 time 15.30s
Epoch: 32/100 Iter: 9/12 loss: 3.4639 time 15.29s
Epoch: 32/100 Iter: 10/12 loss: 3.4467 time 15.30s
Epoch: 32/100 Iter: 11/12 loss: 3.4107 time 15.30s
Final training  32/99 loss: 3.4107 time 189.00s lr: 0.000768
[EarlyStopping] no improve (2/30)
0 Thu Oct 16 14:31:14 2025 Epoch: 33
Epoch: 33/100 Iter: 0/12 loss: 3.5136 time 18.54s
Epoch: 33/100 Iter: 1/12 loss: 3.5611 time 15.31s
Epoch: 33/100 Iter: 2/12 loss: 3.8366 time 15.30s
Epoch: 33/100 Iter: 3/12 loss: 3.7836 time 15.30s
Epoch: 33/100 Iter: 4/12 loss: 3.6325 time 15.31s
Epoch: 33/100 Iter: 5/12 loss: 3.5621 time 15.30s
Epoch: 33/100 Iter: 6/12 loss: 3.5315 time 15.30s
Epoch: 33/100 Iter: 7/12 loss: 3.4699 time 15.30s
Epoch: 33/100 Iter: 8/12 loss: 3.3975 time 15.30s
Epoch: 33/100 Iter: 9/12 loss: 3.2413 time 15.30s
Epoch: 33/100 Iter: 10/12 loss: 3.1847 time 15.30s
Epoch: 33/100 Iter: 11/12 loss: 3.1201 time 15.30s
Final training  33/99 loss: 3.1201 time 186.89s lr: 0.000755
[EarlyStopping] no improve (3/30)
0 Thu Oct 16 14:34:21 2025 Epoch: 34
Epoch: 34/100 Iter: 0/12 loss: 3.7267 time 17.91s
Epoch: 34/100 Iter: 1/12 loss: 3.2995 time 15.30s
Epoch: 34/100 Iter: 2/12 loss: 3.3418 time 15.31s
Epoch: 34/100 Iter: 3/12 loss: 3.3680 time 15.30s
Epoch: 34/100 Iter: 4/12 loss: 3.1008 time 15.30s
Epoch: 34/100 Iter: 5/12 loss: 3.2012 time 15.30s
Epoch: 34/100 Iter: 6/12 loss: 3.1411 time 15.31s
Epoch: 34/100 Iter: 7/12 loss: 3.0909 time 15.30s
Epoch: 34/100 Iter: 8/12 loss: 3.0678 time 15.29s
Epoch: 34/100 Iter: 9/12 loss: 3.1563 time 15.31s
Epoch: 34/100 Iter: 10/12 loss: 3.1201 time 15.29s
Epoch: 34/100 Iter: 11/12 loss: 3.1189 time 15.29s
Final training  34/99 loss: 3.1189 time 186.25s lr: 0.000741
[EarlyStopping] no improve (4/30)
0 Thu Oct 16 14:37:27 2025 Epoch: 35
Epoch: 35/100 Iter: 0/12 loss: 2.6260 time 18.93s
Epoch: 35/100 Iter: 1/12 loss: 2.3336 time 15.30s
Epoch: 35/100 Iter: 2/12 loss: 2.8172 time 15.30s
Epoch: 35/100 Iter: 3/12 loss: 2.7105 time 15.30s
Epoch: 35/100 Iter: 4/12 loss: 2.8617 time 15.29s
Epoch: 35/100 Iter: 5/12 loss: 2.7588 time 15.30s
Epoch: 35/100 Iter: 6/12 loss: 2.9409 time 15.30s
Epoch: 35/100 Iter: 7/12 loss: 2.9195 time 15.30s
Epoch: 35/100 Iter: 8/12 loss: 2.8934 time 15.30s
Epoch: 35/100 Iter: 9/12 loss: 2.9089 time 15.30s
Epoch: 35/100 Iter: 10/12 loss: 2.9343 time 15.30s
Epoch: 35/100 Iter: 11/12 loss: 2.9521 time 15.30s
Final training  35/99 loss: 2.9521 time 187.26s lr: 0.000727
[EarlyStopping] improved to 2.952109
Val 35/100 0/27, Acc: 1.0000, time 1.95s
Val 35/100 1/27, Acc: 0.5000, time 1.96s
Val 35/100 2/27, Acc: 0.6667, time 1.97s
Val 35/100 3/27, Acc: 0.5000, time 1.97s
Val 35/100 4/27, Acc: 0.6000, time 1.95s
Val 35/100 5/27, Acc: 0.6667, time 1.99s
Val 35/100 6/27, Acc: 0.5714, time 1.98s
Val 35/100 7/27, Acc: 0.6250, time 1.97s
Val 35/100 8/27, Acc: 0.6667, time 1.97s
Val 35/100 9/27, Acc: 0.6000, time 1.97s
Val 35/100 10/27, Acc: 0.5455, time 2.02s
Val 35/100 11/27, Acc: 0.5000, time 1.96s
Val 35/100 12/27, Acc: 0.4615, time 1.96s
Val 35/100 13/27, Acc: 0.4286, time 1.97s
Val 35/100 14/27, Acc: 0.4000, time 1.97s
Val 35/100 15/27, Acc: 0.4375, time 1.99s
Val 35/100 16/27, Acc: 0.4118, time 2.03s
Val 35/100 17/27, Acc: 0.3889, time 1.97s
Val 35/100 18/27, Acc: 0.4211, time 2.09s
Val 35/100 19/27, Acc: 0.4500, time 2.07s
Val 35/100 20/27, Acc: 0.4286, time 1.98s
Val 35/100 21/27, Acc: 0.4545, time 1.97s
Val 35/100 22/27, Acc: 0.4348, time 1.99s
Val 35/100 23/27, Acc: 0.4583, time 1.94s
Val 35/100 24/27, Acc: 0.4800, time 1.99s
Val 35/100 25/27, Acc: 0.4615, time 1.98s
Val 35/100 26/27, Acc: 0.4444, time 1.97s
[Val epoch 35] avg_acc=0.4444 | per-class [c0: 0.778, c1: 0.444, c2: 0.111]
Final validation stats 35/99 , Val_acc: 0.4444444444444444 , time 53.54s
Saving checkpoint outputs/OrganoidsINRIA/swinunetr/2025-10-16-12-39/model_final.pt
[EarlyStopping] no improve (2/10)

0 Thu Oct 16 14:41:30 2025 Epoch: 36
Epoch: 36/100 Iter: 0/12 loss: 2.9571 time 19.80s
Epoch: 36/100 Iter: 1/12 loss: 2.4575 time 15.30s
Epoch: 36/100 Iter: 2/12 loss: 3.4354 time 15.31s
Epoch: 36/100 Iter: 3/12 loss: 3.8016 time 15.33s
Epoch: 36/100 Iter: 4/12 loss: 3.4933 time 15.29s
Epoch: 36/100 Iter: 5/12 loss: 3.3519 time 15.30s
Epoch: 36/100 Iter: 6/12 loss: 3.3662 time 15.30s
Epoch: 36/100 Iter: 7/12 loss: 3.3519 time 15.29s
Epoch: 36/100 Iter: 8/12 loss: 3.3435 time 15.30s
Epoch: 36/100 Iter: 9/12 loss: 3.2258 time 15.30s
Epoch: 36/100 Iter: 10/12 loss: 3.2060 time 15.30s
Epoch: 36/100 Iter: 11/12 loss: 3.2289 time 15.30s
Final training  36/99 loss: 3.2289 time 188.17s lr: 0.000713
[EarlyStopping] no improve (1/30)
0 Thu Oct 16 14:44:38 2025 Epoch: 37
Epoch: 37/100 Iter: 0/12 loss: 3.5023 time 18.22s
Epoch: 37/100 Iter: 1/12 loss: 4.7257 time 15.30s
Epoch: 37/100 Iter: 2/12 loss: 4.0752 time 15.32s
Epoch: 37/100 Iter: 3/12 loss: 3.7709 time 15.30s
Epoch: 37/100 Iter: 4/12 loss: 3.4298 time 15.31s
Epoch: 37/100 Iter: 5/12 loss: 3.3461 time 15.30s
Epoch: 37/100 Iter: 6/12 loss: 3.3744 time 15.30s
Epoch: 37/100 Iter: 7/12 loss: 3.4898 time 15.30s
Epoch: 37/100 Iter: 8/12 loss: 3.5143 time 15.30s
Epoch: 37/100 Iter: 9/12 loss: 3.4534 time 15.30s
Epoch: 37/100 Iter: 10/12 loss: 3.3626 time 15.30s
Epoch: 37/100 Iter: 11/12 loss: 3.2791 time 15.29s
Final training  37/99 loss: 3.2791 time 186.60s lr: 0.000699
[EarlyStopping] no improve (2/30)
0 Thu Oct 16 14:47:45 2025 Epoch: 38
Epoch: 38/100 Iter: 0/12 loss: 3.2318 time 18.93s
Epoch: 38/100 Iter: 1/12 loss: 2.8377 time 15.30s
Epoch: 38/100 Iter: 2/12 loss: 3.1356 time 15.31s
Epoch: 38/100 Iter: 3/12 loss: 3.5850 time 15.30s
Epoch: 38/100 Iter: 4/12 loss: 3.5862 time 15.31s
Epoch: 38/100 Iter: 5/12 loss: 3.5164 time 15.31s
Epoch: 38/100 Iter: 6/12 loss: 3.2737 time 15.30s
Epoch: 38/100 Iter: 7/12 loss: 3.1800 time 15.31s
Epoch: 38/100 Iter: 8/12 loss: 3.2156 time 15.30s
Epoch: 38/100 Iter: 9/12 loss: 3.0949 time 15.30s
Epoch: 38/100 Iter: 10/12 loss: 3.1101 time 15.30s
Epoch: 38/100 Iter: 11/12 loss: 3.1276 time 15.30s
Final training  38/99 loss: 3.1276 time 187.31s lr: 0.000684
[EarlyStopping] no improve (3/30)
0 Thu Oct 16 14:50:52 2025 Epoch: 39
Epoch: 39/100 Iter: 0/12 loss: 2.7299 time 20.25s
Epoch: 39/100 Iter: 1/12 loss: 2.8695 time 15.31s
Epoch: 39/100 Iter: 2/12 loss: 2.5223 time 15.29s
Epoch: 39/100 Iter: 3/12 loss: 2.6655 time 15.29s
Epoch: 39/100 Iter: 4/12 loss: 2.6713 time 15.30s
Epoch: 39/100 Iter: 5/12 loss: 2.6640 time 15.30s
Epoch: 39/100 Iter: 6/12 loss: 2.6886 time 15.30s
Epoch: 39/100 Iter: 7/12 loss: 2.6419 time 15.30s
Epoch: 39/100 Iter: 8/12 loss: 2.6267 time 15.29s
Epoch: 39/100 Iter: 9/12 loss: 2.6714 time 15.29s
Epoch: 39/100 Iter: 10/12 loss: 2.7171 time 15.29s
Epoch: 39/100 Iter: 11/12 loss: 2.7796 time 15.29s
Final training  39/99 loss: 2.7796 time 188.55s lr: 0.000669
[EarlyStopping] improved to 2.779637
Val 39/100 0/27, Acc: 1.0000, time 1.95s
Val 39/100 1/27, Acc: 0.5000, time 1.98s
Val 39/100 2/27, Acc: 0.3333, time 1.96s
Val 39/100 3/27, Acc: 0.5000, time 1.97s
Val 39/100 4/27, Acc: 0.6000, time 1.95s
Val 39/100 5/27, Acc: 0.6667, time 1.98s
Val 39/100 6/27, Acc: 0.7143, time 2.00s
Val 39/100 7/27, Acc: 0.7500, time 1.96s
Val 39/100 8/27, Acc: 0.7778, time 1.95s
Val 39/100 9/27, Acc: 0.7000, time 1.96s
Val 39/100 10/27, Acc: 0.6364, time 1.98s
Val 39/100 11/27, Acc: 0.5833, time 1.95s
Val 39/100 12/27, Acc: 0.5385, time 1.96s
Val 39/100 13/27, Acc: 0.5714, time 1.96s
Val 39/100 14/27, Acc: 0.6000, time 1.96s
Val 39/100 15/27, Acc: 0.5625, time 1.98s
Val 39/100 16/27, Acc: 0.5294, time 2.01s
Val 39/100 17/27, Acc: 0.5000, time 1.96s
Val 39/100 18/27, Acc: 0.5263, time 2.08s
Val 39/100 19/27, Acc: 0.5500, time 2.05s
Val 39/100 20/27, Acc: 0.5714, time 1.96s
Val 39/100 21/27, Acc: 0.5455, time 1.96s
Val 39/100 22/27, Acc: 0.5652, time 1.96s
Val 39/100 23/27, Acc: 0.5833, time 1.95s
Val 39/100 24/27, Acc: 0.6000, time 1.97s
Val 39/100 25/27, Acc: 0.6154, time 1.94s
Val 39/100 26/27, Acc: 0.6296, time 1.97s
[Val epoch 39] avg_acc=0.6296 | per-class [c0: 0.444, c1: 0.667, c2: 0.778]
Final validation stats 39/99 , Val_acc: 0.6296296296296297 , time 53.29s
new best (0.555556 --> 0.629630). 
Saving new best model to model_final.pt
Saving checkpoint outputs/OrganoidsINRIA/swinunetr/2025-10-16-12-39/model.pt
Saving checkpoint outputs/OrganoidsINRIA/swinunetr/2025-10-16-12-39/model_final.pt
Copying to model.pt new best model!!!!
[EarlyStopping] improved to 0.629630

0 Thu Oct 16 14:55:02 2025 Epoch: 40
Epoch: 40/100 Iter: 0/12 loss: 3.2665 time 18.88s
Epoch: 40/100 Iter: 1/12 loss: 2.7004 time 15.29s
Epoch: 40/100 Iter: 2/12 loss: 2.3913 time 15.30s
Epoch: 40/100 Iter: 3/12 loss: 2.7005 time 15.29s
Epoch: 40/100 Iter: 4/12 loss: 2.5612 time 15.30s
Epoch: 40/100 Iter: 5/12 loss: 2.6138 time 15.29s
Epoch: 40/100 Iter: 6/12 loss: 2.7085 time 15.29s
Epoch: 40/100 Iter: 7/12 loss: 2.7174 time 15.29s
Epoch: 40/100 Iter: 8/12 loss: 2.6935 time 15.29s
Epoch: 40/100 Iter: 9/12 loss: 2.7240 time 15.29s
Epoch: 40/100 Iter: 10/12 loss: 2.6551 time 15.29s
Epoch: 40/100 Iter: 11/12 loss: 2.9341 time 15.29s
Final training  40/99 loss: 2.9341 time 187.14s lr: 0.000655
[EarlyStopping] no improve (1/30)
0 Thu Oct 16 14:58:10 2025 Epoch: 41
Epoch: 41/100 Iter: 0/12 loss: 2.2117 time 17.80s
Epoch: 41/100 Iter: 1/12 loss: 2.6425 time 15.29s
Epoch: 41/100 Iter: 2/12 loss: 2.8645 time 15.30s
Epoch: 41/100 Iter: 3/12 loss: 2.5023 time 15.30s
Epoch: 41/100 Iter: 4/12 loss: 2.7454 time 15.30s
Epoch: 41/100 Iter: 5/12 loss: 3.1823 time 15.30s
Epoch: 41/100 Iter: 6/12 loss: 3.0836 time 15.29s
Epoch: 41/100 Iter: 7/12 loss: 3.0099 time 15.30s
Epoch: 41/100 Iter: 8/12 loss: 3.1961 time 15.30s
Epoch: 41/100 Iter: 9/12 loss: 3.1508 time 15.30s
Epoch: 41/100 Iter: 10/12 loss: 3.1667 time 15.30s
Epoch: 41/100 Iter: 11/12 loss: 3.2049 time 15.29s
Final training  41/99 loss: 3.2049 time 186.11s lr: 0.000639
[EarlyStopping] no improve (2/30)
0 Thu Oct 16 15:01:16 2025 Epoch: 42
Epoch: 42/100 Iter: 0/12 loss: 2.8658 time 19.09s
Epoch: 42/100 Iter: 1/12 loss: 2.7947 time 15.30s
Epoch: 42/100 Iter: 2/12 loss: 2.5127 time 15.30s
Epoch: 42/100 Iter: 3/12 loss: 2.8983 time 15.31s
Epoch: 42/100 Iter: 4/12 loss: 2.7447 time 15.31s
Epoch: 42/100 Iter: 5/12 loss: 2.8107 time 15.30s
Epoch: 42/100 Iter: 6/12 loss: 2.8183 time 15.30s
Epoch: 42/100 Iter: 7/12 loss: 2.9458 time 15.31s
Epoch: 42/100 Iter: 8/12 loss: 3.0228 time 15.30s
Epoch: 42/100 Iter: 9/12 loss: 3.0219 time 15.30s
Epoch: 42/100 Iter: 10/12 loss: 3.0475 time 15.30s
Epoch: 42/100 Iter: 11/12 loss: 3.1096 time 15.30s
Final training  42/99 loss: 3.1096 time 187.47s lr: 0.000624
[EarlyStopping] no improve (3/30)
0 Thu Oct 16 15:04:23 2025 Epoch: 43
Epoch: 43/100 Iter: 0/12 loss: 2.3313 time 20.39s
Epoch: 43/100 Iter: 1/12 loss: 2.3236 time 15.30s
Epoch: 43/100 Iter: 2/12 loss: 2.6581 time 15.31s
Epoch: 43/100 Iter: 3/12 loss: 2.5337 time 15.30s
Epoch: 43/100 Iter: 4/12 loss: 2.6659 time 15.30s
Epoch: 43/100 Iter: 5/12 loss: 2.8216 time 15.30s
Epoch: 43/100 Iter: 6/12 loss: 2.7880 time 15.31s
Epoch: 43/100 Iter: 7/12 loss: 2.7761 time 15.29s
Epoch: 43/100 Iter: 8/12 loss: 2.7265 time 15.30s
Epoch: 43/100 Iter: 9/12 loss: 2.7862 time 15.29s
Epoch: 43/100 Iter: 10/12 loss: 2.7107 time 15.30s
Epoch: 43/100 Iter: 11/12 loss: 2.6400 time 15.29s
Final training  43/99 loss: 2.6400 time 188.73s lr: 0.000609
[EarlyStopping] improved to 2.639971
Val 43/100 0/27, Acc: 1.0000, time 1.95s
Val 43/100 1/27, Acc: 0.5000, time 1.96s
Val 43/100 2/27, Acc: 0.6667, time 1.96s
Val 43/100 3/27, Acc: 0.7500, time 1.96s
Val 43/100 4/27, Acc: 0.8000, time 1.95s
Val 43/100 5/27, Acc: 0.8333, time 1.99s
Val 43/100 6/27, Acc: 0.8571, time 1.95s
Val 43/100 7/27, Acc: 0.8750, time 1.96s
Val 43/100 8/27, Acc: 0.8889, time 1.95s
Val 43/100 9/27, Acc: 0.8000, time 1.96s
Val 43/100 10/27, Acc: 0.7273, time 1.98s
Val 43/100 11/27, Acc: 0.7500, time 1.95s
Val 43/100 12/27, Acc: 0.7692, time 1.96s
Val 43/100 13/27, Acc: 0.7857, time 1.96s
Val 43/100 14/27, Acc: 0.8000, time 1.96s
Val 43/100 15/27, Acc: 0.8125, time 1.99s
Val 43/100 16/27, Acc: 0.7647, time 2.02s
Val 43/100 17/27, Acc: 0.7222, time 1.96s
Val 43/100 18/27, Acc: 0.7368, time 2.09s
Val 43/100 19/27, Acc: 0.7500, time 2.06s
Val 43/100 20/27, Acc: 0.7619, time 2.00s
Val 43/100 21/27, Acc: 0.7727, time 1.97s
Val 43/100 22/27, Acc: 0.7826, time 1.97s
Val 43/100 23/27, Acc: 0.7500, time 1.95s
Val 43/100 24/27, Acc: 0.7600, time 2.00s
Val 43/100 25/27, Acc: 0.7692, time 1.95s
Val 43/100 26/27, Acc: 0.7407, time 1.94s
[Val epoch 43] avg_acc=0.7407 | per-class [c0: 0.778, c1: 0.889, c2: 0.556]
Final validation stats 43/99 , Val_acc: 0.7407407407407407 , time 53.30s
new best (0.629630 --> 0.740741). 
Saving new best model to model_final.pt
Saving checkpoint outputs/OrganoidsINRIA/swinunetr/2025-10-16-12-39/model.pt
Saving checkpoint outputs/OrganoidsINRIA/swinunetr/2025-10-16-12-39/model_final.pt
Copying to model.pt new best model!!!!
[EarlyStopping] improved to 0.740741

0 Thu Oct 16 15:08:34 2025 Epoch: 44
Epoch: 44/100 Iter: 0/12 loss: 2.0698 time 20.37s
Epoch: 44/100 Iter: 1/12 loss: 2.5733 time 15.30s
Epoch: 44/100 Iter: 2/12 loss: 2.4952 time 15.29s
Epoch: 44/100 Iter: 3/12 loss: 2.6375 time 15.29s
Epoch: 44/100 Iter: 4/12 loss: 2.5239 time 15.29s
Epoch: 44/100 Iter: 5/12 loss: 2.7590 time 15.29s
Epoch: 44/100 Iter: 6/12 loss: 2.8203 time 15.30s
Epoch: 44/100 Iter: 7/12 loss: 2.8030 time 15.29s
Epoch: 44/100 Iter: 8/12 loss: 2.7852 time 15.30s
Epoch: 44/100 Iter: 9/12 loss: 2.7156 time 15.30s
Epoch: 44/100 Iter: 10/12 loss: 2.6072 time 15.30s
Epoch: 44/100 Iter: 11/12 loss: 2.5732 time 15.29s
Final training  44/99 loss: 2.5732 time 188.65s lr: 0.000594
[EarlyStopping] improved to 2.573212
0 Thu Oct 16 15:11:42 2025 Epoch: 45
Epoch: 45/100 Iter: 0/12 loss: 3.0800 time 18.49s
Epoch: 45/100 Iter: 1/12 loss: 2.8638 time 15.31s
Epoch: 45/100 Iter: 2/12 loss: 2.9098 time 15.30s
Epoch: 45/100 Iter: 3/12 loss: 2.6403 time 15.30s
Epoch: 45/100 Iter: 4/12 loss: 2.5768 time 15.29s
Epoch: 45/100 Iter: 5/12 loss: 2.5543 time 15.30s
Epoch: 45/100 Iter: 6/12 loss: 2.4211 time 15.30s
Epoch: 45/100 Iter: 7/12 loss: 2.5277 time 15.29s
Epoch: 45/100 Iter: 8/12 loss: 2.4934 time 15.29s
Epoch: 45/100 Iter: 9/12 loss: 2.4027 time 15.30s
Epoch: 45/100 Iter: 10/12 loss: 2.4249 time 15.29s
Epoch: 45/100 Iter: 11/12 loss: 2.4792 time 15.29s
Final training  45/99 loss: 2.4792 time 186.79s lr: 0.000578
[EarlyStopping] improved to 2.479196
0 Thu Oct 16 15:14:49 2025 Epoch: 46
Epoch: 46/100 Iter: 0/12 loss: 1.5400 time 19.07s
Epoch: 46/100 Iter: 1/12 loss: 1.4371 time 15.31s
Epoch: 46/100 Iter: 2/12 loss: 2.0316 time 15.30s
Epoch: 46/100 Iter: 3/12 loss: 2.1453 time 15.30s
Epoch: 46/100 Iter: 4/12 loss: 2.1491 time 15.29s
Epoch: 46/100 Iter: 5/12 loss: 2.2372 time 15.29s
Epoch: 46/100 Iter: 6/12 loss: 2.2521 time 15.30s
Epoch: 46/100 Iter: 7/12 loss: 2.4151 time 15.29s
Epoch: 46/100 Iter: 8/12 loss: 2.3925 time 15.30s
Epoch: 46/100 Iter: 9/12 loss: 2.3846 time 15.30s
Epoch: 46/100 Iter: 10/12 loss: 2.3585 time 15.30s
Epoch: 46/100 Iter: 11/12 loss: 2.3474 time 15.30s
Final training  46/99 loss: 2.3474 time 187.39s lr: 0.000563
[EarlyStopping] improved to 2.347444
0 Thu Oct 16 15:17:57 2025 Epoch: 47
Epoch: 47/100 Iter: 0/12 loss: 2.1149 time 18.74s
Epoch: 47/100 Iter: 1/12 loss: 2.0607 time 15.31s
Epoch: 47/100 Iter: 2/12 loss: 2.3349 time 15.30s
Epoch: 47/100 Iter: 3/12 loss: 2.2829 time 15.30s
Epoch: 47/100 Iter: 4/12 loss: 2.4150 time 15.30s
Epoch: 47/100 Iter: 5/12 loss: 2.3430 time 15.30s
Epoch: 47/100 Iter: 6/12 loss: 2.4296 time 15.30s
Epoch: 47/100 Iter: 7/12 loss: 2.3915 time 15.30s
Epoch: 47/100 Iter: 8/12 loss: 2.4205 time 15.30s
Epoch: 47/100 Iter: 9/12 loss: 2.6315 time 15.30s
Epoch: 47/100 Iter: 10/12 loss: 2.5758 time 15.30s
Epoch: 47/100 Iter: 11/12 loss: 2.5148 time 15.30s
Final training  47/99 loss: 2.5148 time 187.08s lr: 0.000547
[EarlyStopping] no improve (1/30)
Val 47/100 0/27, Acc: 1.0000, time 1.98s
Val 47/100 1/27, Acc: 0.5000, time 1.98s
Val 47/100 2/27, Acc: 0.3333, time 1.96s
Val 47/100 3/27, Acc: 0.5000, time 1.98s
Val 47/100 4/27, Acc: 0.6000, time 1.95s
Val 47/100 5/27, Acc: 0.5000, time 1.98s
Val 47/100 6/27, Acc: 0.5714, time 1.96s
Val 47/100 7/27, Acc: 0.6250, time 1.97s
Val 47/100 8/27, Acc: 0.6667, time 1.95s
Val 47/100 9/27, Acc: 0.6000, time 1.96s
Val 47/100 10/27, Acc: 0.6364, time 1.97s
Val 47/100 11/27, Acc: 0.5833, time 1.95s
Val 47/100 12/27, Acc: 0.5385, time 1.98s
Val 47/100 13/27, Acc: 0.5714, time 1.96s
Val 47/100 14/27, Acc: 0.6000, time 1.99s
Val 47/100 15/27, Acc: 0.5625, time 1.97s
Val 47/100 16/27, Acc: 0.5882, time 2.00s
Val 47/100 17/27, Acc: 0.5556, time 1.96s
Val 47/100 18/27, Acc: 0.5263, time 2.08s
Val 47/100 19/27, Acc: 0.5500, time 2.04s
Val 47/100 20/27, Acc: 0.5714, time 1.97s
Val 47/100 21/27, Acc: 0.5455, time 1.96s
Val 47/100 22/27, Acc: 0.5652, time 1.96s
Val 47/100 23/27, Acc: 0.5833, time 1.95s
Val 47/100 24/27, Acc: 0.6000, time 1.97s
Val 47/100 25/27, Acc: 0.6154, time 1.95s
Val 47/100 26/27, Acc: 0.6296, time 1.97s
[Val epoch 47] avg_acc=0.6296 | per-class [c0: 0.222, c1: 0.667, c2: 1.000]
Final validation stats 47/99 , Val_acc: 0.6296296296296297 , time 53.32s
Saving checkpoint outputs/OrganoidsINRIA/swinunetr/2025-10-16-12-39/model_final.pt
[EarlyStopping] no improve (1/10)

0 Thu Oct 16 15:21:59 2025 Epoch: 48
Epoch: 48/100 Iter: 0/12 loss: 1.6586 time 18.97s
Epoch: 48/100 Iter: 1/12 loss: 1.7521 time 15.30s
Epoch: 48/100 Iter: 2/12 loss: 2.3091 time 15.31s
Epoch: 48/100 Iter: 3/12 loss: 2.2646 time 15.29s
Epoch: 48/100 Iter: 4/12 loss: 2.4176 time 15.30s
Epoch: 48/100 Iter: 5/12 loss: 2.3461 time 15.29s
Epoch: 48/100 Iter: 6/12 loss: 2.2601 time 15.29s
Epoch: 48/100 Iter: 7/12 loss: 2.4652 time 15.29s
Epoch: 48/100 Iter: 8/12 loss: 2.6080 time 15.30s
Epoch: 48/100 Iter: 9/12 loss: 2.5671 time 15.30s
Epoch: 48/100 Iter: 10/12 loss: 2.5125 time 15.30s
Epoch: 48/100 Iter: 11/12 loss: 2.4888 time 15.30s
Final training  48/99 loss: 2.4888 time 187.30s lr: 0.000531
[EarlyStopping] no improve (2/30)
0 Thu Oct 16 15:25:06 2025 Epoch: 49
Epoch: 49/100 Iter: 0/12 loss: 1.7632 time 20.28s
Epoch: 49/100 Iter: 1/12 loss: 2.8561 time 15.30s
Epoch: 49/100 Iter: 2/12 loss: 2.6327 time 15.31s
Epoch: 49/100 Iter: 3/12 loss: 2.5915 time 15.30s
Epoch: 49/100 Iter: 4/12 loss: 2.6808 time 15.30s
Epoch: 49/100 Iter: 5/12 loss: 2.6799 time 15.30s
Epoch: 49/100 Iter: 6/12 loss: 2.6648 time 15.30s
Epoch: 49/100 Iter: 7/12 loss: 2.6874 time 15.29s
Epoch: 49/100 Iter: 8/12 loss: 2.6676 time 15.29s
Epoch: 49/100 Iter: 9/12 loss: 2.5434 time 15.29s
Epoch: 49/100 Iter: 10/12 loss: 2.5027 time 15.29s
Epoch: 49/100 Iter: 11/12 loss: 2.4805 time 15.30s
Final training  49/99 loss: 2.4805 time 188.60s lr: 0.000516
[EarlyStopping] no improve (3/30)
0 Thu Oct 16 15:28:15 2025 Epoch: 50
Epoch: 50/100 Iter: 0/12 loss: 3.1759 time 20.08s
Epoch: 50/100 Iter: 1/12 loss: 2.6841 time 15.30s
Epoch: 50/100 Iter: 2/12 loss: 2.9246 time 15.31s
Epoch: 50/100 Iter: 3/12 loss: 2.5243 time 15.31s
Epoch: 50/100 Iter: 4/12 loss: 2.6868 time 15.31s
Epoch: 50/100 Iter: 5/12 loss: 2.8516 time 15.30s
Epoch: 50/100 Iter: 6/12 loss: 2.7116 time 15.30s
Epoch: 50/100 Iter: 7/12 loss: 2.5810 time 15.29s
Epoch: 50/100 Iter: 8/12 loss: 2.6625 time 15.31s
Epoch: 50/100 Iter: 9/12 loss: 2.5623 time 15.30s
Epoch: 50/100 Iter: 10/12 loss: 2.5133 time 15.30s
Epoch: 50/100 Iter: 11/12 loss: 2.4708 time 15.30s
Final training  50/99 loss: 2.4708 time 188.45s lr: 0.000500
[EarlyStopping] no improve (4/30)
0 Thu Oct 16 15:31:24 2025 Epoch: 51
Epoch: 51/100 Iter: 0/12 loss: 3.0448 time 19.23s
Epoch: 51/100 Iter: 1/12 loss: 2.8862 time 15.31s
Epoch: 51/100 Iter: 2/12 loss: 2.5517 time 15.31s
Epoch: 51/100 Iter: 3/12 loss: 2.5139 time 15.30s
Epoch: 51/100 Iter: 4/12 loss: 2.2142 time 15.31s
Epoch: 51/100 Iter: 5/12 loss: 2.2154 time 15.30s
Epoch: 51/100 Iter: 6/12 loss: 2.1432 time 15.29s
Epoch: 51/100 Iter: 7/12 loss: 2.2740 time 15.30s
Epoch: 51/100 Iter: 8/12 loss: 2.2431 time 15.30s
Epoch: 51/100 Iter: 9/12 loss: 2.1982 time 15.30s
Epoch: 51/100 Iter: 10/12 loss: 2.2744 time 15.29s
Epoch: 51/100 Iter: 11/12 loss: 2.2673 time 15.29s
Final training  51/99 loss: 2.2673 time 187.57s lr: 0.000484
[EarlyStopping] improved to 2.267266
Val 51/100 0/27, Acc: 1.0000, time 1.95s
Val 51/100 1/27, Acc: 0.5000, time 1.96s
Val 51/100 2/27, Acc: 0.6667, time 1.97s
Val 51/100 3/27, Acc: 0.7500, time 1.97s
Val 51/100 4/27, Acc: 0.8000, time 1.94s
Val 51/100 5/27, Acc: 0.8333, time 1.97s
Val 51/100 6/27, Acc: 0.8571, time 1.96s
Val 51/100 7/27, Acc: 0.8750, time 1.95s
Val 51/100 8/27, Acc: 0.8889, time 1.96s
Val 51/100 9/27, Acc: 0.8000, time 1.96s
Val 51/100 10/27, Acc: 0.7273, time 1.97s
Val 51/100 11/27, Acc: 0.6667, time 1.95s
Val 51/100 12/27, Acc: 0.6154, time 1.99s
Val 51/100 13/27, Acc: 0.6429, time 2.00s
Val 51/100 14/27, Acc: 0.6667, time 1.99s
Val 51/100 15/27, Acc: 0.6875, time 2.00s
Val 51/100 16/27, Acc: 0.6471, time 2.02s
Val 51/100 17/27, Acc: 0.6111, time 1.98s
Val 51/100 18/27, Acc: 0.6316, time 2.08s
Val 51/100 19/27, Acc: 0.6500, time 2.05s
Val 51/100 20/27, Acc: 0.6667, time 1.98s
Val 51/100 21/27, Acc: 0.6818, time 1.96s
Val 51/100 22/27, Acc: 0.6957, time 1.96s
Val 51/100 23/27, Acc: 0.7083, time 1.95s
Val 51/100 24/27, Acc: 0.7200, time 2.00s
Val 51/100 25/27, Acc: 0.7308, time 1.98s
Val 51/100 26/27, Acc: 0.7407, time 1.97s
[Val epoch 51] avg_acc=0.7407 | per-class [c0: 0.778, c1: 0.667, c2: 0.778]
Final validation stats 51/99 , Val_acc: 0.7407407407407407 , time 53.43s
Saving checkpoint outputs/OrganoidsINRIA/swinunetr/2025-10-16-12-39/model_final.pt
[EarlyStopping] no improve (2/10)

0 Thu Oct 16 15:35:27 2025 Epoch: 52
Epoch: 52/100 Iter: 0/12 loss: 2.4890 time 18.86s
Epoch: 52/100 Iter: 1/12 loss: 2.3651 time 15.31s
Epoch: 52/100 Iter: 2/12 loss: 2.4210 time 15.30s
Epoch: 52/100 Iter: 3/12 loss: 2.0937 time 15.30s
Epoch: 52/100 Iter: 4/12 loss: 2.1933 time 15.30s
Epoch: 52/100 Iter: 5/12 loss: 2.2681 time 15.31s
Epoch: 52/100 Iter: 6/12 loss: 2.1441 time 15.31s
Epoch: 52/100 Iter: 7/12 loss: 2.2511 time 15.31s
Epoch: 52/100 Iter: 8/12 loss: 2.2238 time 15.30s
Epoch: 52/100 Iter: 9/12 loss: 2.1490 time 15.30s
Epoch: 52/100 Iter: 10/12 loss: 2.1226 time 15.30s
Epoch: 52/100 Iter: 11/12 loss: 2.1772 time 15.29s
Final training  52/99 loss: 2.1772 time 187.23s lr: 0.000469
[EarlyStopping] improved to 2.177186
0 Thu Oct 16 15:38:34 2025 Epoch: 53
Epoch: 53/100 Iter: 0/12 loss: 1.2198 time 20.15s
Epoch: 53/100 Iter: 1/12 loss: 1.4694 time 15.31s
Epoch: 53/100 Iter: 2/12 loss: 1.7948 time 15.30s
Epoch: 53/100 Iter: 3/12 loss: 1.5872 time 15.31s
Epoch: 53/100 Iter: 4/12 loss: 1.8531 time 15.32s
Epoch: 53/100 Iter: 5/12 loss: 1.8440 time 15.30s
Epoch: 53/100 Iter: 6/12 loss: 1.9609 time 15.30s
Epoch: 53/100 Iter: 7/12 loss: 2.0035 time 15.29s
Epoch: 53/100 Iter: 8/12 loss: 2.3397 time 15.29s
Epoch: 53/100 Iter: 9/12 loss: 2.3067 time 15.30s
Epoch: 53/100 Iter: 10/12 loss: 2.3641 time 15.29s
Epoch: 53/100 Iter: 11/12 loss: 2.4818 time 15.29s
Final training  53/99 loss: 2.4818 time 188.51s lr: 0.000453
[EarlyStopping] no improve (1/30)
0 Thu Oct 16 15:41:43 2025 Epoch: 54
Epoch: 54/100 Iter: 0/12 loss: 1.6354 time 19.64s
Epoch: 54/100 Iter: 1/12 loss: 2.7140 time 15.31s
Epoch: 54/100 Iter: 2/12 loss: 2.6228 time 15.30s
Epoch: 54/100 Iter: 3/12 loss: 2.5727 time 15.30s
Epoch: 54/100 Iter: 4/12 loss: 2.4362 time 15.30s
Epoch: 54/100 Iter: 5/12 loss: 2.6051 time 15.30s
Epoch: 54/100 Iter: 6/12 loss: 2.5424 time 15.30s
Epoch: 54/100 Iter: 7/12 loss: 2.4603 time 15.29s
Epoch: 54/100 Iter: 8/12 loss: 2.4489 time 15.30s
Epoch: 54/100 Iter: 9/12 loss: 2.4095 time 15.30s
Epoch: 54/100 Iter: 10/12 loss: 2.3117 time 15.30s
Epoch: 54/100 Iter: 11/12 loss: 2.3295 time 15.30s
Final training  54/99 loss: 2.3295 time 187.98s lr: 0.000437
[EarlyStopping] no improve (2/30)
0 Thu Oct 16 15:44:51 2025 Epoch: 55
Epoch: 55/100 Iter: 0/12 loss: 1.7125 time 18.40s
Epoch: 55/100 Iter: 1/12 loss: 1.9125 time 15.31s
Epoch: 55/100 Iter: 2/12 loss: 2.1737 time 15.31s
Epoch: 55/100 Iter: 3/12 loss: 2.1475 time 15.30s
Epoch: 55/100 Iter: 4/12 loss: 2.1549 time 15.29s
Epoch: 55/100 Iter: 5/12 loss: 2.1493 time 15.30s
Epoch: 55/100 Iter: 6/12 loss: 2.2331 time 15.30s
Epoch: 55/100 Iter: 7/12 loss: 2.2575 time 15.29s
Epoch: 55/100 Iter: 8/12 loss: 2.1530 time 15.29s
Epoch: 55/100 Iter: 9/12 loss: 2.3229 time 15.30s
Epoch: 55/100 Iter: 10/12 loss: 2.2843 time 15.30s
Epoch: 55/100 Iter: 11/12 loss: 2.2550 time 15.29s
Final training  55/99 loss: 2.2550 time 186.73s lr: 0.000422
[EarlyStopping] no improve (3/30)
Val 55/100 0/27, Acc: 1.0000, time 1.95s
Val 55/100 1/27, Acc: 0.5000, time 1.95s
Val 55/100 2/27, Acc: 0.6667, time 1.96s
Val 55/100 3/27, Acc: 0.7500, time 1.96s
Val 55/100 4/27, Acc: 0.8000, time 1.94s
Val 55/100 5/27, Acc: 0.8333, time 1.97s
Val 55/100 6/27, Acc: 0.8571, time 1.96s
Val 55/100 7/27, Acc: 0.8750, time 1.95s
Val 55/100 8/27, Acc: 0.8889, time 1.95s
Val 55/100 9/27, Acc: 0.8000, time 1.96s
Val 55/100 10/27, Acc: 0.7273, time 1.98s
Val 55/100 11/27, Acc: 0.6667, time 1.95s
Val 55/100 12/27, Acc: 0.6154, time 1.96s
Val 55/100 13/27, Acc: 0.6429, time 1.96s
Val 55/100 14/27, Acc: 0.6667, time 1.96s
Val 55/100 15/27, Acc: 0.6875, time 1.98s
Val 55/100 16/27, Acc: 0.6471, time 2.01s
Val 55/100 17/27, Acc: 0.6111, time 1.96s
Val 55/100 18/27, Acc: 0.6316, time 2.09s
Val 55/100 19/27, Acc: 0.6500, time 2.05s
Val 55/100 20/27, Acc: 0.6667, time 1.96s
Val 55/100 21/27, Acc: 0.6818, time 1.96s
Val 55/100 22/27, Acc: 0.6957, time 1.96s
Val 55/100 23/27, Acc: 0.7083, time 1.94s
Val 55/100 24/27, Acc: 0.7200, time 1.98s
Val 55/100 25/27, Acc: 0.7308, time 1.95s
Val 55/100 26/27, Acc: 0.7407, time 1.95s
[Val epoch 55] avg_acc=0.7407 | per-class [c0: 0.778, c1: 0.667, c2: 0.778]
Final validation stats 55/99 , Val_acc: 0.7407407407407407 , time 53.16s
Saving checkpoint outputs/OrganoidsINRIA/swinunetr/2025-10-16-12-39/model_final.pt
[EarlyStopping] no improve (3/10)

0 Thu Oct 16 15:48:53 2025 Epoch: 56
Epoch: 56/100 Iter: 0/12 loss: 3.0540 time 18.63s
Epoch: 56/100 Iter: 1/12 loss: 2.6441 time 15.30s
Epoch: 56/100 Iter: 2/12 loss: 2.3934 time 15.30s
Epoch: 56/100 Iter: 3/12 loss: 2.4358 time 15.31s
Epoch: 56/100 Iter: 4/12 loss: 2.2356 time 15.31s
Epoch: 56/100 Iter: 5/12 loss: 2.0170 time 15.30s
Epoch: 56/100 Iter: 6/12 loss: 2.0795 time 15.30s
Epoch: 56/100 Iter: 7/12 loss: 2.0846 time 15.30s
Epoch: 56/100 Iter: 8/12 loss: 1.9953 time 15.30s
Epoch: 56/100 Iter: 9/12 loss: 2.1110 time 15.30s
Epoch: 56/100 Iter: 10/12 loss: 2.0733 time 15.30s
Epoch: 56/100 Iter: 11/12 loss: 2.0761 time 15.29s
Final training  56/99 loss: 2.0761 time 186.98s lr: 0.000406
[EarlyStopping] improved to 2.076139
0 Thu Oct 16 15:52:00 2025 Epoch: 57
Epoch: 57/100 Iter: 0/12 loss: 2.3533 time 17.63s
Epoch: 57/100 Iter: 1/12 loss: 1.8954 time 15.30s
Epoch: 57/100 Iter: 2/12 loss: 1.8958 time 15.30s
Epoch: 57/100 Iter: 3/12 loss: 1.9617 time 15.31s
Epoch: 57/100 Iter: 4/12 loss: 1.9377 time 15.31s
Epoch: 57/100 Iter: 5/12 loss: 2.1281 time 15.29s
Epoch: 57/100 Iter: 6/12 loss: 2.1055 time 15.30s
Epoch: 57/100 Iter: 7/12 loss: 2.1430 time 15.30s
Epoch: 57/100 Iter: 8/12 loss: 2.1066 time 15.30s
Epoch: 57/100 Iter: 9/12 loss: 2.0481 time 15.29s
Epoch: 57/100 Iter: 10/12 loss: 2.0172 time 15.29s
Epoch: 57/100 Iter: 11/12 loss: 2.0132 time 15.30s
Final training  57/99 loss: 2.0132 time 185.97s lr: 0.000391
[EarlyStopping] improved to 2.013202
0 Thu Oct 16 15:55:06 2025 Epoch: 58
Epoch: 58/100 Iter: 0/12 loss: 1.5773 time 20.34s
Epoch: 58/100 Iter: 1/12 loss: 1.5572 time 15.30s
Epoch: 58/100 Iter: 2/12 loss: 1.6718 time 15.30s
Epoch: 58/100 Iter: 3/12 loss: 1.8418 time 15.31s
Epoch: 58/100 Iter: 4/12 loss: 1.7893 time 15.30s
Epoch: 58/100 Iter: 5/12 loss: 1.8884 time 15.30s
Epoch: 58/100 Iter: 6/12 loss: 1.9498 time 15.30s
Epoch: 58/100 Iter: 7/12 loss: 1.8461 time 15.30s
Epoch: 58/100 Iter: 8/12 loss: 1.8476 time 15.29s
Epoch: 58/100 Iter: 9/12 loss: 1.9778 time 15.29s
Epoch: 58/100 Iter: 10/12 loss: 1.9889 time 15.29s
Epoch: 58/100 Iter: 11/12 loss: 2.0455 time 15.29s
Final training  58/99 loss: 2.0455 time 188.66s lr: 0.000376
[EarlyStopping] no improve (1/30)
0 Thu Oct 16 15:58:14 2025 Epoch: 59
Epoch: 59/100 Iter: 0/12 loss: 3.8215 time 19.14s
Epoch: 59/100 Iter: 1/12 loss: 2.6095 time 15.31s
Epoch: 59/100 Iter: 2/12 loss: 2.6701 time 15.30s
Epoch: 59/100 Iter: 3/12 loss: 2.4847 time 15.32s
Epoch: 59/100 Iter: 4/12 loss: 2.2396 time 15.31s
Epoch: 59/100 Iter: 5/12 loss: 2.1013 time 15.30s
Epoch: 59/100 Iter: 6/12 loss: 1.9800 time 15.30s
Epoch: 59/100 Iter: 7/12 loss: 1.9481 time 15.29s
Epoch: 59/100 Iter: 8/12 loss: 2.0556 time 15.30s
Epoch: 59/100 Iter: 9/12 loss: 2.0617 time 15.29s
Epoch: 59/100 Iter: 10/12 loss: 2.0256 time 15.30s
Epoch: 59/100 Iter: 11/12 loss: 2.0470 time 15.31s
Final training  59/99 loss: 2.0470 time 187.51s lr: 0.000361
[EarlyStopping] no improve (2/30)
Val 59/100 0/27, Acc: 1.0000, time 1.95s
Val 59/100 1/27, Acc: 0.5000, time 1.96s
Val 59/100 2/27, Acc: 0.3333, time 1.96s
Val 59/100 3/27, Acc: 0.5000, time 1.98s
Val 59/100 4/27, Acc: 0.6000, time 1.95s
Val 59/100 5/27, Acc: 0.6667, time 1.98s
Val 59/100 6/27, Acc: 0.7143, time 1.96s
Val 59/100 7/27, Acc: 0.7500, time 1.96s
Val 59/100 8/27, Acc: 0.7778, time 1.99s
Val 59/100 9/27, Acc: 0.7000, time 2.00s
Val 59/100 10/27, Acc: 0.6364, time 1.98s
Val 59/100 11/27, Acc: 0.5833, time 1.96s
Val 59/100 12/27, Acc: 0.5385, time 1.96s
Val 59/100 13/27, Acc: 0.5714, time 1.96s
Val 59/100 14/27, Acc: 0.6000, time 1.96s
Val 59/100 15/27, Acc: 0.5625, time 1.98s
Val 59/100 16/27, Acc: 0.5294, time 2.01s
Val 59/100 17/27, Acc: 0.5000, time 1.96s
Val 59/100 18/27, Acc: 0.5263, time 2.09s
Val 59/100 19/27, Acc: 0.5500, time 2.04s
Val 59/100 20/27, Acc: 0.5714, time 1.99s
Val 59/100 21/27, Acc: 0.5909, time 1.98s
Val 59/100 22/27, Acc: 0.6087, time 1.96s
Val 59/100 23/27, Acc: 0.6250, time 1.95s
Val 59/100 24/27, Acc: 0.6400, time 1.97s
Val 59/100 25/27, Acc: 0.6538, time 1.95s
Val 59/100 26/27, Acc: 0.6667, time 1.94s
[Val epoch 59] avg_acc=0.6667 | per-class [c0: 0.556, c1: 0.667, c2: 0.778]
Final validation stats 59/99 , Val_acc: 0.6666666666666666 , time 53.33s
Saving checkpoint outputs/OrganoidsINRIA/swinunetr/2025-10-16-12-39/model_final.pt
[EarlyStopping] no improve (4/10)

0 Thu Oct 16 16:02:17 2025 Epoch: 60
Epoch: 60/100 Iter: 0/12 loss: 0.9765 time 18.43s
Epoch: 60/100 Iter: 1/12 loss: 2.0229 time 15.31s
Epoch: 60/100 Iter: 2/12 loss: 1.9635 time 15.30s
Epoch: 60/100 Iter: 3/12 loss: 2.0556 time 15.30s
Epoch: 60/100 Iter: 4/12 loss: 2.0882 time 15.30s
Epoch: 60/100 Iter: 5/12 loss: 2.2283 time 15.30s
Epoch: 60/100 Iter: 6/12 loss: 2.2089 time 15.29s
Epoch: 60/100 Iter: 7/12 loss: 2.1409 time 15.30s
Epoch: 60/100 Iter: 8/12 loss: 2.0699 time 15.30s
Epoch: 60/100 Iter: 9/12 loss: 2.0831 time 15.30s
Epoch: 60/100 Iter: 10/12 loss: 2.0654 time 15.30s
Epoch: 60/100 Iter: 11/12 loss: 2.0412 time 15.29s
Final training  60/99 loss: 2.0412 time 186.75s lr: 0.000345
[EarlyStopping] no improve (3/30)
0 Thu Oct 16 16:05:25 2025 Epoch: 61
Epoch: 61/100 Iter: 0/12 loss: 2.3404 time 17.64s
Epoch: 61/100 Iter: 1/12 loss: 2.7076 time 15.31s
Epoch: 61/100 Iter: 2/12 loss: 2.6967 time 15.30s
Epoch: 61/100 Iter: 3/12 loss: 2.4579 time 15.31s
Epoch: 61/100 Iter: 4/12 loss: 2.4449 time 15.29s
Epoch: 61/100 Iter: 5/12 loss: 2.5552 time 15.30s
Epoch: 61/100 Iter: 6/12 loss: 2.3784 time 15.30s
Epoch: 61/100 Iter: 7/12 loss: 2.3058 time 15.30s
Epoch: 61/100 Iter: 8/12 loss: 2.2904 time 15.30s
Epoch: 61/100 Iter: 9/12 loss: 2.2203 time 15.30s
Epoch: 61/100 Iter: 10/12 loss: 2.2339 time 15.30s
Epoch: 61/100 Iter: 11/12 loss: 2.1584 time 15.30s
Final training  61/99 loss: 2.1584 time 186.00s lr: 0.000331
[EarlyStopping] no improve (4/30)
0 Thu Oct 16 16:08:31 2025 Epoch: 62
Epoch: 62/100 Iter: 0/12 loss: 3.4947 time 17.99s
Epoch: 62/100 Iter: 1/12 loss: 2.8406 time 15.31s
Epoch: 62/100 Iter: 2/12 loss: 2.5888 time 15.30s
Epoch: 62/100 Iter: 3/12 loss: 2.3481 time 15.30s
Epoch: 62/100 Iter: 4/12 loss: 2.2224 time 15.29s
Epoch: 62/100 Iter: 5/12 loss: 2.1197 time 15.29s
Epoch: 62/100 Iter: 6/12 loss: 1.9225 time 15.29s
Epoch: 62/100 Iter: 7/12 loss: 1.9351 time 15.29s
Epoch: 62/100 Iter: 8/12 loss: 1.9935 time 15.30s
Epoch: 62/100 Iter: 9/12 loss: 1.9158 time 15.29s
Epoch: 62/100 Iter: 10/12 loss: 1.9344 time 15.29s
Epoch: 62/100 Iter: 11/12 loss: 1.9007 time 15.29s
Final training  62/99 loss: 1.9007 time 186.29s lr: 0.000316
[EarlyStopping] improved to 1.900693
0 Thu Oct 16 16:11:37 2025 Epoch: 63
Epoch: 63/100 Iter: 0/12 loss: 1.3995 time 19.31s
Epoch: 63/100 Iter: 1/12 loss: 1.7335 time 15.30s
Epoch: 63/100 Iter: 2/12 loss: 1.7611 time 15.30s
Epoch: 63/100 Iter: 3/12 loss: 1.6915 time 15.30s
Epoch: 63/100 Iter: 4/12 loss: 1.9580 time 15.30s
Epoch: 63/100 Iter: 5/12 loss: 1.8941 time 15.30s
Epoch: 63/100 Iter: 6/12 loss: 1.9973 time 15.30s
Epoch: 63/100 Iter: 7/12 loss: 2.0009 time 15.30s
Epoch: 63/100 Iter: 8/12 loss: 2.0608 time 15.30s
Epoch: 63/100 Iter: 9/12 loss: 2.0441 time 15.30s
Epoch: 63/100 Iter: 10/12 loss: 1.9618 time 15.30s
Epoch: 63/100 Iter: 11/12 loss: 1.9752 time 15.30s
Final training  63/99 loss: 1.9752 time 187.66s lr: 0.000301
[EarlyStopping] no improve (1/30)
Val 63/100 0/27, Acc: 1.0000, time 1.95s
Val 63/100 1/27, Acc: 0.5000, time 1.96s
Val 63/100 2/27, Acc: 0.6667, time 1.96s
Val 63/100 3/27, Acc: 0.7500, time 1.96s
Val 63/100 4/27, Acc: 0.8000, time 1.95s
Val 63/100 5/27, Acc: 0.8333, time 1.97s
Val 63/100 6/27, Acc: 0.8571, time 1.97s
Val 63/100 7/27, Acc: 0.8750, time 1.96s
Val 63/100 8/27, Acc: 0.8889, time 1.95s
Val 63/100 9/27, Acc: 0.8000, time 1.96s
Val 63/100 10/27, Acc: 0.7273, time 2.02s
Val 63/100 11/27, Acc: 0.7500, time 1.97s
Val 63/100 12/27, Acc: 0.6923, time 1.96s
Val 63/100 13/27, Acc: 0.7143, time 1.97s
Val 63/100 14/27, Acc: 0.7333, time 1.96s
Val 63/100 15/27, Acc: 0.7500, time 1.98s
Val 63/100 16/27, Acc: 0.7059, time 2.02s
Val 63/100 17/27, Acc: 0.6667, time 1.99s
Val 63/100 18/27, Acc: 0.6842, time 2.08s
Val 63/100 19/27, Acc: 0.7000, time 2.05s
Val 63/100 20/27, Acc: 0.7143, time 2.01s
Val 63/100 21/27, Acc: 0.7273, time 2.00s
Val 63/100 22/27, Acc: 0.7391, time 1.98s
Val 63/100 23/27, Acc: 0.7500, time 1.96s
Val 63/100 24/27, Acc: 0.7600, time 2.00s
Val 63/100 25/27, Acc: 0.7692, time 1.99s
Val 63/100 26/27, Acc: 0.7778, time 1.98s
[Val epoch 63] avg_acc=0.7778 | per-class [c0: 0.778, c1: 0.778, c2: 0.778]
Final validation stats 63/99 , Val_acc: 0.7777777777777778 , time 53.51s
new best (0.740741 --> 0.777778). 
Saving new best model to model_final.pt
Saving checkpoint outputs/OrganoidsINRIA/swinunetr/2025-10-16-12-39/model.pt
Saving checkpoint outputs/OrganoidsINRIA/swinunetr/2025-10-16-12-39/model_final.pt
Copying to model.pt new best model!!!!
[EarlyStopping] improved to 0.777778

0 Thu Oct 16 16:15:46 2025 Epoch: 64
Epoch: 64/100 Iter: 0/12 loss: 1.6698 time 19.36s
Epoch: 64/100 Iter: 1/12 loss: 1.9300 time 15.31s
Epoch: 64/100 Iter: 2/12 loss: 1.5830 time 15.30s
Epoch: 64/100 Iter: 3/12 loss: 1.7217 time 15.29s
Epoch: 64/100 Iter: 4/12 loss: 1.5636 time 15.30s
Epoch: 64/100 Iter: 5/12 loss: 1.5759 time 15.30s
Epoch: 64/100 Iter: 6/12 loss: 1.5832 time 15.30s
Epoch: 64/100 Iter: 7/12 loss: 1.6837 time 15.30s
Epoch: 64/100 Iter: 8/12 loss: 1.6323 time 15.29s
Epoch: 64/100 Iter: 9/12 loss: 1.6917 time 15.29s
Epoch: 64/100 Iter: 10/12 loss: 1.6560 time 15.29s
Epoch: 64/100 Iter: 11/12 loss: 1.6802 time 15.29s
Final training  64/99 loss: 1.6802 time 187.66s lr: 0.000287
[EarlyStopping] improved to 1.680241
0 Thu Oct 16 16:18:54 2025 Epoch: 65
Epoch: 65/100 Iter: 0/12 loss: 1.2138 time 19.39s
Epoch: 65/100 Iter: 1/12 loss: 1.1420 time 15.31s
Epoch: 65/100 Iter: 2/12 loss: 1.2920 time 15.30s
Epoch: 65/100 Iter: 3/12 loss: 1.2592 time 15.30s
Epoch: 65/100 Iter: 4/12 loss: 1.4963 time 15.30s
Epoch: 65/100 Iter: 5/12 loss: 1.5650 time 15.30s
Epoch: 65/100 Iter: 6/12 loss: 1.6094 time 15.30s
Epoch: 65/100 Iter: 7/12 loss: 1.6761 time 15.30s
Epoch: 65/100 Iter: 8/12 loss: 1.6379 time 15.30s
Epoch: 65/100 Iter: 9/12 loss: 1.6895 time 15.30s
Epoch: 65/100 Iter: 10/12 loss: 1.7757 time 15.30s
Epoch: 65/100 Iter: 11/12 loss: 1.7151 time 15.30s
Final training  65/99 loss: 1.7151 time 187.74s lr: 0.000273
[EarlyStopping] no improve (1/30)
0 Thu Oct 16 16:22:02 2025 Epoch: 66
Epoch: 66/100 Iter: 0/12 loss: 1.9126 time 19.97s
Epoch: 66/100 Iter: 1/12 loss: 1.6838 time 15.30s
Epoch: 66/100 Iter: 2/12 loss: 1.5928 time 15.30s
Epoch: 66/100 Iter: 3/12 loss: 1.5538 time 15.31s
Epoch: 66/100 Iter: 4/12 loss: 1.6499 time 15.30s
Epoch: 66/100 Iter: 5/12 loss: 1.7449 time 15.30s
Epoch: 66/100 Iter: 6/12 loss: 1.8980 time 15.30s
Epoch: 66/100 Iter: 7/12 loss: 2.0330 time 15.30s
Epoch: 66/100 Iter: 8/12 loss: 1.9980 time 15.30s
Epoch: 66/100 Iter: 9/12 loss: 1.9010 time 15.31s
Epoch: 66/100 Iter: 10/12 loss: 1.8908 time 15.30s
Epoch: 66/100 Iter: 11/12 loss: 1.8624 time 15.30s
Final training  66/99 loss: 1.8624 time 188.34s lr: 0.000259
[EarlyStopping] no improve (2/30)
0 Thu Oct 16 16:25:10 2025 Epoch: 67
Epoch: 67/100 Iter: 0/12 loss: 1.2177 time 17.60s
Epoch: 67/100 Iter: 1/12 loss: 1.0875 time 15.32s
Epoch: 67/100 Iter: 2/12 loss: 1.5950 time 15.30s
Epoch: 67/100 Iter: 3/12 loss: 1.4998 time 15.30s
Epoch: 67/100 Iter: 4/12 loss: 1.4533 time 15.31s
Epoch: 67/100 Iter: 5/12 loss: 1.6041 time 15.30s
Epoch: 67/100 Iter: 6/12 loss: 1.5783 time 15.30s
Epoch: 67/100 Iter: 7/12 loss: 1.6811 time 15.30s
Epoch: 67/100 Iter: 8/12 loss: 1.6512 time 15.30s
Epoch: 67/100 Iter: 9/12 loss: 1.7298 time 15.29s
Epoch: 67/100 Iter: 10/12 loss: 1.7182 time 15.29s
Epoch: 67/100 Iter: 11/12 loss: 1.7272 time 15.29s
Final training  67/99 loss: 1.7272 time 185.95s lr: 0.000245
[EarlyStopping] no improve (3/30)
Val 67/100 0/27, Acc: 1.0000, time 1.99s
Val 67/100 1/27, Acc: 0.5000, time 1.96s
Val 67/100 2/27, Acc: 0.3333, time 1.96s
Val 67/100 3/27, Acc: 0.5000, time 2.00s
Val 67/100 4/27, Acc: 0.6000, time 1.96s
Val 67/100 5/27, Acc: 0.6667, time 1.97s
Val 67/100 6/27, Acc: 0.7143, time 1.96s
Val 67/100 7/27, Acc: 0.7500, time 1.96s
Val 67/100 8/27, Acc: 0.7778, time 1.95s
Val 67/100 9/27, Acc: 0.7000, time 1.99s
Val 67/100 10/27, Acc: 0.6364, time 2.01s
Val 67/100 11/27, Acc: 0.6667, time 1.98s
Val 67/100 12/27, Acc: 0.6154, time 1.96s
Val 67/100 13/27, Acc: 0.6429, time 1.97s
Val 67/100 14/27, Acc: 0.6667, time 1.96s
Val 67/100 15/27, Acc: 0.6875, time 1.98s
Val 67/100 16/27, Acc: 0.6471, time 2.01s
Val 67/100 17/27, Acc: 0.6111, time 1.99s
Val 67/100 18/27, Acc: 0.6316, time 2.11s
Val 67/100 19/27, Acc: 0.6500, time 2.06s
Val 67/100 20/27, Acc: 0.6667, time 1.97s
Val 67/100 21/27, Acc: 0.6818, time 1.96s
Val 67/100 22/27, Acc: 0.6957, time 1.96s
Val 67/100 23/27, Acc: 0.6667, time 1.97s
Val 67/100 24/27, Acc: 0.6800, time 2.00s
Val 67/100 25/27, Acc: 0.6923, time 1.98s
Val 67/100 26/27, Acc: 0.7037, time 1.98s
[Val epoch 67] avg_acc=0.7037 | per-class [c0: 0.667, c1: 0.778, c2: 0.667]
Final validation stats 67/99 , Val_acc: 0.7037037037037037 , time 53.55s
Saving checkpoint outputs/OrganoidsINRIA/swinunetr/2025-10-16-12-39/model_final.pt
[EarlyStopping] no improve (1/10)

0 Thu Oct 16 16:29:12 2025 Epoch: 68
Epoch: 68/100 Iter: 0/12 loss: 1.3314 time 19.29s
Epoch: 68/100 Iter: 1/12 loss: 1.5157 time 15.30s
Epoch: 68/100 Iter: 2/12 loss: 1.2855 time 15.29s
Epoch: 68/100 Iter: 3/12 loss: 1.3672 time 15.29s
Epoch: 68/100 Iter: 4/12 loss: 1.4664 time 15.30s
Epoch: 68/100 Iter: 5/12 loss: 1.5917 time 15.29s
Epoch: 68/100 Iter: 6/12 loss: 1.5048 time 15.30s
Epoch: 68/100 Iter: 7/12 loss: 1.6875 time 15.29s
Epoch: 68/100 Iter: 8/12 loss: 1.6777 time 15.29s
Epoch: 68/100 Iter: 9/12 loss: 1.6660 time 15.29s
Epoch: 68/100 Iter: 10/12 loss: 1.7147 time 15.29s
Epoch: 68/100 Iter: 11/12 loss: 1.8019 time 15.29s
Final training  68/99 loss: 1.8019 time 187.58s lr: 0.000232
[EarlyStopping] no improve (4/30)
0 Thu Oct 16 16:32:19 2025 Epoch: 69
Epoch: 69/100 Iter: 0/12 loss: 0.9087 time 19.74s
Epoch: 69/100 Iter: 1/12 loss: 1.4191 time 15.31s
Epoch: 69/100 Iter: 2/12 loss: 1.3143 time 15.31s
Epoch: 69/100 Iter: 3/12 loss: 1.4550 time 15.30s
Epoch: 69/100 Iter: 4/12 loss: 1.6611 time 15.31s
Epoch: 69/100 Iter: 5/12 loss: 1.6598 time 15.31s
Epoch: 69/100 Iter: 6/12 loss: 1.7443 time 15.31s
Epoch: 69/100 Iter: 7/12 loss: 1.7854 time 15.31s
Epoch: 69/100 Iter: 8/12 loss: 1.7547 time 15.31s
Epoch: 69/100 Iter: 9/12 loss: 1.7721 time 15.30s
Epoch: 69/100 Iter: 10/12 loss: 1.6878 time 15.31s
Epoch: 69/100 Iter: 11/12 loss: 1.7664 time 15.30s
Final training  69/99 loss: 1.7664 time 188.17s lr: 0.000219
[EarlyStopping] no improve (5/30)
0 Thu Oct 16 16:35:27 2025 Epoch: 70
Epoch: 70/100 Iter: 0/12 loss: 1.2200 time 19.60s
Epoch: 70/100 Iter: 1/12 loss: 1.1979 time 15.31s
Epoch: 70/100 Iter: 2/12 loss: 1.4602 time 15.30s
Epoch: 70/100 Iter: 3/12 loss: 1.9025 time 15.30s
Epoch: 70/100 Iter: 4/12 loss: 1.8220 time 15.31s
Epoch: 70/100 Iter: 5/12 loss: 1.8104 time 15.29s
Epoch: 70/100 Iter: 6/12 loss: 1.7983 time 15.30s
Epoch: 70/100 Iter: 7/12 loss: 1.8553 time 15.30s
Epoch: 70/100 Iter: 8/12 loss: 1.7853 time 15.29s
Epoch: 70/100 Iter: 9/12 loss: 1.7511 time 15.30s
Epoch: 70/100 Iter: 10/12 loss: 1.8047 time 15.30s
Epoch: 70/100 Iter: 11/12 loss: 1.7377 time 15.30s
Final training  70/99 loss: 1.7377 time 187.95s lr: 0.000206
[EarlyStopping] no improve (6/30)
An exception occurred during training:
Timed out
