/var/lib/oar/.batch_job_bashrc: line 5: /home/mraffael/.bashrc: No such file or directory
/var/lib/oar/.batch_job_bashrc: line 5: /home/mraffael/.bashrc: No such file or directory
Traceback (most recent call last):
  File "/home/mraffael/martone_project/Organoid-Image-Classification-Using-Deep-Learning/models/SwinUNETR/BRATS21/swin_unetr_env/lib/python3.9/site-packages/httpx/_transports/default.py", line 101, in map_httpcore_exceptions
    yield
  File "/home/mraffael/martone_project/Organoid-Image-Classification-Using-Deep-Learning/models/SwinUNETR/BRATS21/swin_unetr_env/lib/python3.9/site-packages/httpx/_transports/default.py", line 394, in handle_async_request
    resp = await self._pool.handle_async_request(req)
  File "/home/mraffael/martone_project/Organoid-Image-Classification-Using-Deep-Learning/models/SwinUNETR/BRATS21/swin_unetr_env/lib/python3.9/site-packages/httpcore/_async/connection_pool.py", line 256, in handle_async_request
    raise exc from None
  File "/home/mraffael/martone_project/Organoid-Image-Classification-Using-Deep-Learning/models/SwinUNETR/BRATS21/swin_unetr_env/lib/python3.9/site-packages/httpcore/_async/connection_pool.py", line 236, in handle_async_request
    response = await connection.handle_async_request(
  File "/home/mraffael/martone_project/Organoid-Image-Classification-Using-Deep-Learning/models/SwinUNETR/BRATS21/swin_unetr_env/lib/python3.9/site-packages/httpcore/_async/connection.py", line 101, in handle_async_request
    raise exc
  File "/home/mraffael/martone_project/Organoid-Image-Classification-Using-Deep-Learning/models/SwinUNETR/BRATS21/swin_unetr_env/lib/python3.9/site-packages/httpcore/_async/connection.py", line 78, in handle_async_request
    stream = await self._connect(request)
  File "/home/mraffael/martone_project/Organoid-Image-Classification-Using-Deep-Learning/models/SwinUNETR/BRATS21/swin_unetr_env/lib/python3.9/site-packages/httpcore/_async/connection.py", line 124, in _connect
    stream = await self._network_backend.connect_tcp(**kwargs)
  File "/home/mraffael/martone_project/Organoid-Image-Classification-Using-Deep-Learning/models/SwinUNETR/BRATS21/swin_unetr_env/lib/python3.9/site-packages/httpcore/_backends/auto.py", line 31, in connect_tcp
    return await self._backend.connect_tcp(
  File "/home/mraffael/martone_project/Organoid-Image-Classification-Using-Deep-Learning/models/SwinUNETR/BRATS21/swin_unetr_env/lib/python3.9/site-packages/httpcore/_backends/anyio.py", line 122, in connect_tcp
    stream._raw_socket.setsockopt(*option)  # type: ignore[attr-defined] # pragma: no cover
  File "/usr/lib/python3.9/contextlib.py", line 135, in __exit__
    self.gen.throw(type, value, traceback)
  File "/home/mraffael/martone_project/Organoid-Image-Classification-Using-Deep-Learning/models/SwinUNETR/BRATS21/swin_unetr_env/lib/python3.9/site-packages/httpcore/_exceptions.py", line 14, in map_exceptions
    raise to_exc(exc) from exc
httpcore.ConnectError: All connection attempts failed

The above exception was the direct cause of the following exception:

Traceback (most recent call last):
  File "/home/mraffael/martone_project/Organoid-Image-Classification-Using-Deep-Learning/models/SwinUNETR/BRATS21/swin_unetr_env/lib/python3.9/site-packages/telegram/request/_httpxrequest.py", line 279, in do_request
    res = await self._client.request(
  File "/home/mraffael/martone_project/Organoid-Image-Classification-Using-Deep-Learning/models/SwinUNETR/BRATS21/swin_unetr_env/lib/python3.9/site-packages/httpx/_client.py", line 1540, in request
    return await self.send(request, auth=auth, follow_redirects=follow_redirects)
  File "/home/mraffael/martone_project/Organoid-Image-Classification-Using-Deep-Learning/models/SwinUNETR/BRATS21/swin_unetr_env/lib/python3.9/site-packages/httpx/_client.py", line 1629, in send
    response = await self._send_handling_auth(
  File "/home/mraffael/martone_project/Organoid-Image-Classification-Using-Deep-Learning/models/SwinUNETR/BRATS21/swin_unetr_env/lib/python3.9/site-packages/httpx/_client.py", line 1657, in _send_handling_auth
    response = await self._send_handling_redirects(
  File "/home/mraffael/martone_project/Organoid-Image-Classification-Using-Deep-Learning/models/SwinUNETR/BRATS21/swin_unetr_env/lib/python3.9/site-packages/httpx/_client.py", line 1694, in _send_handling_redirects
    response = await self._send_single_request(request)
  File "/home/mraffael/martone_project/Organoid-Image-Classification-Using-Deep-Learning/models/SwinUNETR/BRATS21/swin_unetr_env/lib/python3.9/site-packages/httpx/_client.py", line 1730, in _send_single_request
    response = await transport.handle_async_request(request)
  File "/home/mraffael/martone_project/Organoid-Image-Classification-Using-Deep-Learning/models/SwinUNETR/BRATS21/swin_unetr_env/lib/python3.9/site-packages/httpx/_transports/default.py", line 394, in handle_async_request
    resp = await self._pool.handle_async_request(req)
  File "/usr/lib/python3.9/contextlib.py", line 135, in __exit__
    self.gen.throw(type, value, traceback)
  File "/home/mraffael/martone_project/Organoid-Image-Classification-Using-Deep-Learning/models/SwinUNETR/BRATS21/swin_unetr_env/lib/python3.9/site-packages/httpx/_transports/default.py", line 118, in map_httpcore_exceptions
    raise mapped_exc(message) from exc
httpx.ConnectError: All connection attempts failed

The above exception was the direct cause of the following exception:

Traceback (most recent call last):
  File "/home/mraffael/martone_project/Organoid-Image-Classification-Using-Deep-Learning/train.py", line 475, in <module>
    main()
  File "/home/mraffael/martone_project/Organoid-Image-Classification-Using-Deep-Learning/train.py", line 81, in main
    asyncio.run(send_alert(args.oar_id, message, token_file=args.token))
  File "/usr/lib/python3.9/asyncio/runners.py", line 44, in run
    return loop.run_until_complete(main)
  File "/usr/lib/python3.9/asyncio/base_events.py", line 642, in run_until_complete
    return future.result()
  File "/home/mraffael/martone_project/Organoid-Image-Classification-Using-Deep-Learning/utils/data_utils.py", line 429, in send_alert
    await application.bot.send_message(chat_id=chat_id, text=message, parse_mode=ParseMode.MARKDOWN)
  File "/home/mraffael/martone_project/Organoid-Image-Classification-Using-Deep-Learning/models/SwinUNETR/BRATS21/swin_unetr_env/lib/python3.9/site-packages/telegram/ext/_extbot.py", line 3107, in send_message
    return await super().send_message(
  File "/home/mraffael/martone_project/Organoid-Image-Classification-Using-Deep-Learning/models/SwinUNETR/BRATS21/swin_unetr_env/lib/python3.9/site-packages/telegram/_bot.py", line 1118, in send_message
    return await self._send_message(
  File "/home/mraffael/martone_project/Organoid-Image-Classification-Using-Deep-Learning/models/SwinUNETR/BRATS21/swin_unetr_env/lib/python3.9/site-packages/telegram/ext/_extbot.py", line 634, in _send_message
    result = await super()._send_message(
  File "/home/mraffael/martone_project/Organoid-Image-Classification-Using-Deep-Learning/models/SwinUNETR/BRATS21/swin_unetr_env/lib/python3.9/site-packages/telegram/_bot.py", line 819, in _send_message
    result = await self._post(
  File "/home/mraffael/martone_project/Organoid-Image-Classification-Using-Deep-Learning/models/SwinUNETR/BRATS21/swin_unetr_env/lib/python3.9/site-packages/telegram/_bot.py", line 703, in _post
    return await self._do_post(
  File "/home/mraffael/martone_project/Organoid-Image-Classification-Using-Deep-Learning/models/SwinUNETR/BRATS21/swin_unetr_env/lib/python3.9/site-packages/telegram/ext/_extbot.py", line 372, in _do_post
    return await super()._do_post(
  File "/home/mraffael/martone_project/Organoid-Image-Classification-Using-Deep-Learning/models/SwinUNETR/BRATS21/swin_unetr_env/lib/python3.9/site-packages/telegram/_bot.py", line 732, in _do_post
    result = await request.post(
  File "/home/mraffael/martone_project/Organoid-Image-Classification-Using-Deep-Learning/models/SwinUNETR/BRATS21/swin_unetr_env/lib/python3.9/site-packages/telegram/request/_baserequest.py", line 198, in post
    result = await self._request_wrapper(
  File "/home/mraffael/martone_project/Organoid-Image-Classification-Using-Deep-Learning/models/SwinUNETR/BRATS21/swin_unetr_env/lib/python3.9/site-packages/telegram/request/_baserequest.py", line 305, in _request_wrapper
    code, payload = await self.do_request(
  File "/home/mraffael/martone_project/Organoid-Image-Classification-Using-Deep-Learning/models/SwinUNETR/BRATS21/swin_unetr_env/lib/python3.9/site-packages/telegram/request/_httpxrequest.py", line 303, in do_request
    raise NetworkError(f"httpx.{err.__class__.__name__}: {err}") from err
telegram.error.NetworkError: httpx.ConnectError: All connection attempts failed
