2025-10-13 11:06:09,910 INFO Log directory: outputs/OrganoidsINRIA/train/2025-10-13-11-06
2025-10-13 11:06:09,912 INFO {'RandFlipd_prob': 0.2,
 'RandRotate90d_prob': 0.2,
 'RandScaleIntensityd_prob': 0.1,
 'RandShiftIntensityd_prob': 0.1,
 'amp': True,
 'batch_size': 1,
 'cache_dataset': False,
 'checkpoint': None,
 'data_dir': '/home/mraffael/martone_project/Organoids_Dataset/',
 'dataset_name': 'OrganoidsINRIA',
 'debug': True,
 'debug_train_samples': 3,
 'debug_val_samples': 3,
 'dist_backend': 'nccl',
 'dist_url': 'tcp://127.0.0.1:23456',
 'distributed': False,
 'dropout_path_rate': 0.0,
 'dropout_rate': 0.0,
 'early_stopping': True,
 'exact_class': True,
 'feature_size': 48,
 'fold': 0,
 'folds': False,
 'gpu': 0,
 'ignore_label': 3,
 'in_channels': 1,
 'infer_overlap': 0.5,
 'k_folds': 5,
 'logdir': 'training',
 'logs_dir': 'logs/',
 'loss_weight': 0.5,
 'lrschedule': 'warmup_cosine',
 'max_epochs': 3,
 'min_delta_loss': 0.01,
 'min_delta_val': 0.02,
 'model_name': 'swinunetr',
 'momentum': 0.99,
 'noamp': False,
 'norm_name': 'instance',
 'optim_lr': 0.0004,
 'optim_name': 'adamw',
 'out_channels': 1,
 'output_dir': 'outputs/',
 'patience_loss': 30,
 'patience_val': 10,
 'pretrained_dir': './pretrained_models/fold1_f48_ep300_4gpu_dice0_9059/',
 'pretrained_model_name': 'model_swinvit.pt',
 'rank': 0,
 'reg_weight': 5e-05,
 'resume_ckpt': False,
 'roi_x': 128,
 'roi_y': 128,
 'roi_z': 128,
 'save_checkpoint': False,
 'seed': 304,
 'spatial_dims': 3,
 'split_method': 'balanced',
 'sw_batch_size': 1,
 'telegram_log': True,
 'test_mode': False,
 'token': './token/tlg_token.txt',
 'use_checkpoint': False,
 'val_every': 1,
 'warmup_epochs': 3,
 'workers': 8,
 'world_size': 1}
2025-10-13 11:06:09,912 INFO 
2025-10-13 11:06:11,035 INFO Total parameters count: 62186659
2025-10-13 11:06:11,138 INFO 
2025-10-13 11:06:11,138 INFO Dataset INFO:
2025-10-13 11:06:11,138 INFO Dataset length is: 423
2025-10-13 11:06:11,138 INFO Class 0: 137
2025-10-13 11:06:11,138 INFO Class 1: 43
2025-10-13 11:06:11,138 INFO Class 2: 243
2025-10-13 11:06:11,165 INFO Train class 0: 1 (33.3%)
2025-10-13 11:06:11,165 INFO Train class 1: 1 (33.3%)
2025-10-13 11:06:11,165 INFO Train class 2: 1 (33.3%)
2025-10-13 11:06:11,165 INFO Val class 0: 1 (33.3%)
2025-10-13 11:06:11,165 INFO Val class 1: 1 (33.3%)
2025-10-13 11:06:11,165 INFO Val class 2: 1 (33.3%)
2025-10-13 11:06:11,165 INFO **************************************************
2025-10-13 11:06:11,165 INFO 
2025-10-13 11:06:11,172 INFO Class weights: [ 1.000  1.000  1.000]
2025-10-13 11:06:11,175 INFO 
2025-10-13 11:06:11,175 INFO Starting training...
2025-10-13 11:06:11,175 INFO 0 Mon Oct 13 11:06:11 2025 Epoch: 0
2025-10-13 11:06:31,094 INFO Final training  0/2loss: 1.1182time 19.92slr: 0.000000
2025-10-13 11:06:31,475 INFO --------------------------------------------------
2025-10-13 11:06:31,475 INFO 
2025-10-13 11:06:40,390 INFO Final validation stats 0/2, Val_acc: 0.333333, time 8.91s
2025-10-13 11:06:40,753 INFO new best (0.000000 --> 0.333333). 
2025-10-13 11:06:40,754 INFO --------------------------------------------------
2025-10-13 11:06:40,754 INFO 
2025-10-13 11:06:40,754 INFO 0 Mon Oct 13 11:06:40 2025 Epoch: 1
2025-10-13 11:06:48,484 INFO Final training  1/2loss: 1.1427time 7.73slr: 0.000200
2025-10-13 11:06:48,485 INFO --------------------------------------------------
2025-10-13 11:06:48,485 INFO 
2025-10-13 11:06:54,261 INFO Final validation stats 1/2, Val_acc: 0.333333, time 5.78s
2025-10-13 11:06:54,841 INFO --------------------------------------------------
2025-10-13 11:06:54,841 INFO 
2025-10-13 11:06:54,841 INFO 0 Mon Oct 13 11:06:54 2025 Epoch: 2
2025-10-13 11:07:02,582 INFO Final training  2/2loss: 1.1356time 7.74slr: 0.000400
2025-10-13 11:07:02,582 INFO --------------------------------------------------
2025-10-13 11:07:02,582 INFO 
2025-10-13 11:07:08,353 INFO Final validation stats 2/2, Val_acc: 0.333333, time 5.77s
2025-10-13 11:07:08,805 INFO --------------------------------------------------
2025-10-13 11:07:08,806 INFO 
2025-10-13 11:07:08,806 INFO Training Finished !, Best Accuracy: 0.3333333333333333
2025-10-13 11:07:09,192 INFO ====================================================================================================
2025-10-13 11:07:17,558 INFO Total time spent: 66
