2025-11-07 10:27:41,043 INFO Log directory: outputs/OrganoidsINRIA/swinunetr/2025-11-07-10-27
2025-11-07 10:27:41,045 INFO {'RandFlipd_prob': 0.2,
 'RandRotate90d_prob': 0.2,
 'RandScaleIntensityd_prob': 0.1,
 'RandShiftIntensityd_prob': 0.1,
 'amp': True,
 'augmentation': True,
 'batch_size': 6,
 'cache_dataset': False,
 'checkpoint_path': None,
 'data_dir': '/home/mraffael/martone_project/Organoids_Dataset/',
 'dataset_name': 'OrganoidsINRIA',
 'debug': False,
 'debug_train_samples': 40,
 'debug_val_samples': 10,
 'dist_backend': 'nccl',
 'dist_url': 'tcp://127.0.0.1:23456',
 'distributed': False,
 'dropout_path_rate': 0.0,
 'dropout_rate': 0.0,
 'early_stopping': False,
 'encoder10_pth': '',
 'exact_class': False,
 'feature_size': 48,
 'fold': 0,
 'folds': False,
 'gpu': 0,
 'ignore_label': 3,
 'in_channels': 1,
 'infer_overlap': 0.5,
 'k_folds': 5,
 'logdir': 'test',
 'logs_dir': 'logs/',
 'loss_name': 'CE',
 'lrschedule': 'warmup_cosine',
 'max_epochs': 60,
 'min_delta_loss': 0.001,
 'min_delta_val': 0.001,
 'model_name': 'swinunetr',
 'momentum': 0.99,
 'noamp': False,
 'norm_name': 'instance',
 'oar_id': 2113465,
 'optim_lr': 0.0003,
 'optim_name': 'adamw',
 'out_channels': 1,
 'output_dir': 'outputs/',
 'patch_merging': False,
 'patience_loss': 20,
 'patience_val': 3,
 'pretrained_dir': './pretrained_models/fold1_f48_ep300_4gpu_dice0_9059/',
 'pretrained_model_name': 'model_swinvit.pt',
 'rank': 0,
 'reg_weight': 5e-05,
 'restart_T0': 20,
 'resume_ckpt': False,
 'roi_x': 128,
 'roi_y': 128,
 'roi_z': 128,
 'save_checkpoint': True,
 'seed': 3,
 'similarity_loss': '',
 'similarity_loss_weight': 0.0,
 'spatial_dims': 3,
 'split_method': 'stratified',
 'start_epoch': 0,
 'sw_batch_size': 6,
 'telegram_log': True,
 'test_mode': False,
 'token': './token/tlg_token.txt',
 'use_checkpoint': False,
 'val_every': 4,
 'warmup_epochs': 5,
 'workers': 8,
 'world_size': 1}
2025-11-07 10:27:41,045 INFO 
2025-11-07 10:27:41,056 INFO Saved configuration to: outputs/OrganoidsINRIA/swinunetr/2025-11-07-10-27/config.txt
2025-11-07 10:27:41,719 INFO Using GPU: 0
2025-11-07 10:27:41,719 INFO 
2025-11-07 10:27:41,719 INFO Model INFO:
2025-11-07 10:27:41,719 INFO Model architecture: swinunetr
2025-11-07 10:27:42,312 INFO Using pretrained weights
2025-11-07 10:27:42,312 INFO => loading pretrained model './pretrained_models/fold1_f48_ep300_4gpu_dice0_9059/model_swinvit.pt'
2025-11-07 10:27:46,614 INFO Missing keys when loading pretrained: 33
2025-11-07 10:27:46,614 INFO Unexpected keys when loading pretrained: 8
2025-11-07 10:27:46,616 INFO Using SwinUNETR with Single Linear Classification Head
2025-11-07 10:27:46,617 INFO Total trainable parameters: 39,914,805
2025-11-07 10:27:46,654 INFO 
2025-11-07 10:27:46,655 INFO Optimizer INFO:
2025-11-07 10:27:46,655 INFO Using optimizer: adamw with lr=0.0003, weight_decay=5e-05
2025-11-07 10:27:46,655 INFO 
2025-11-07 10:27:46,655 INFO Dataset INFO:
2025-11-07 10:27:46,711 INFO Dataset length: 803
2025-11-07 10:27:46,711 INFO Class distribution in entire dataset:
2025-11-07 10:27:46,711 INFO   Class 0: 391
2025-11-07 10:27:46,711 INFO   Class 1: 43
2025-11-07 10:27:46,711 INFO   Class 2: 369
2025-11-07 10:27:46,711 INFO 
Using split method: stratified
2025-11-07 10:27:46,782 INFO 
Train set balance:
2025-11-07 10:27:46,782 INFO 
Val set balance:
2025-11-07 10:27:46,782 INFO Training set length: 642
2025-11-07 10:27:46,782 INFO Validation set length: 161
2025-11-07 10:27:46,782 INFO 
Using standard shuffle for training
2025-11-07 10:27:46,782 INFO Training loader: 107 batches
2025-11-07 10:27:46,782 INFO Validation loader: 27 batches
2025-11-07 10:27:46,782 INFO 
Class distribution in training set:
2025-11-07 10:27:46,782 INFO   Class 0: 313 (48.8%)
2025-11-07 10:27:46,783 INFO   Class 1: 34 (5.3%)
2025-11-07 10:27:46,783 INFO   Class 2: 295 (46.0%)
2025-11-07 10:27:46,783 INFO Class distribution in validation set:
2025-11-07 10:27:46,783 INFO   Class 0: 78 (48.4%)
2025-11-07 10:27:46,783 INFO   Class 1: 9 (5.6%)
2025-11-07 10:27:46,783 INFO   Class 2: 74 (46.0%)
2025-11-07 10:27:46,783 INFO **************************************************
2025-11-07 10:27:46,962 INFO Class weights: [ 6.837  62.941  7.254]
2025-11-07 10:27:46,962 INFO 
2025-11-07 10:27:46,962 INFO Using loss function: CE
2025-11-07 10:27:46,966 INFO **************************************************
2025-11-07 10:27:46,966 INFO Starting training...
2025-11-07 10:27:46,968 INFO 0 Fri Nov  7 10:27:46 2025 Epoch: 0
2025-11-07 10:49:36,841 INFO Final training 0/59, loss: 1.0638, time 1309.87s, lr: 0.000000
Accuracy: 0.422
class                  precision    recall   specificity      f1   support
--------------------------------------------------------------------------
0                          0.000     0.000         1.000   0.000       313
1                          0.000     0.000         0.961   0.000        34
2                          0.439     0.919         0.000   0.594       295
*----------------------------------------*
2025-11-07 10:49:37,318 INFO 0 Fri Nov  7 10:49:37 2025 Epoch: 1
2025-11-07 11:09:59,729 INFO Final training 1/59, loss: 1.0345, time 1222.41s, lr: 0.000075
Accuracy: 0.592
class                  precision    recall   specificity      f1   support
--------------------------------------------------------------------------
0                          0.601     0.610         0.614   0.605       313
1                          0.111     0.029         0.987   0.047        34
2                          0.597     0.637         0.634   0.616       295
*----------------------------------------*
2025-11-07 11:09:59,729 INFO 0 Fri Nov  7 11:09:59 2025 Epoch: 2
2025-11-07 11:30:22,159 INFO Final training 2/59, loss: 0.9452, time 1222.43s, lr: 0.000150
Accuracy: 0.687
class                  precision    recall   specificity      f1   support
--------------------------------------------------------------------------
0                          0.718     0.690         0.742   0.704       313
1                          0.118     0.118         0.951   0.118        34
2                          0.720     0.749         0.752   0.734       295
*----------------------------------------*
2025-11-07 11:30:22,159 INFO 0 Fri Nov  7 11:30:22 2025 Epoch: 3
2025-11-07 11:50:44,620 INFO Final training 3/59, loss: 0.8450, time 1222.46s, lr: 0.000225
Accuracy: 0.715
class                  precision    recall   specificity      f1   support
--------------------------------------------------------------------------
0                          0.739     0.722         0.757   0.730       313
1                          0.238     0.147         0.974   0.182        34
2                          0.724     0.773         0.749   0.748       295
*----------------------------------------*
2025-11-07 11:57:59,719 INFO Final validation 3/59, Val_acc: 0.7314, time 435.10sAccuracy: 0.733
class                  precision    recall   specificity      f1   support
--------------------------------------------------------------------------
0                          0.711     0.821         0.687   0.762        78
1                          0.800     0.444         0.993   0.571         9
2                          0.758     0.676         0.816   0.714        74
*========================================*
2025-11-07 11:57:59,719 INFO New best (0.000000 --> 0.731366)
2025-11-07 11:58:05,952 INFO Copying best model to best_model.pt
2025-11-07 11:58:10,095 INFO 0 Fri Nov  7 11:58:10 2025 Epoch: 4
2025-11-07 12:19:08,634 INFO Final training 4/59, loss: 0.8410, time 1258.54s, lr: 0.000300
Accuracy: 0.701
class                  precision    recall   specificity      f1   support
--------------------------------------------------------------------------
0                          0.745     0.681         0.778   0.711       313
1                          0.206     0.206         0.956   0.206        34
2                          0.714     0.780         0.735   0.746       295
*----------------------------------------*
2025-11-07 12:19:08,634 INFO 0 Fri Nov  7 12:19:08 2025 Epoch: 5
2025-11-07 12:39:42,937 INFO Final training 5/59, loss: 0.7643, time 1234.30s, lr: 0.000300
Accuracy: 0.701
class                  precision    recall   specificity      f1   support
--------------------------------------------------------------------------
0                          0.764     0.671         0.802   0.714       313
1                          0.250     0.382         0.936   0.302        34
2                          0.721     0.769         0.746   0.744       295
*----------------------------------------*
2025-11-07 12:39:42,937 INFO 0 Fri Nov  7 12:39:42 2025 Epoch: 6
2025-11-07 13:00:06,579 INFO Final training 6/59, loss: 0.7658, time 1223.64s, lr: 0.000300
Accuracy: 0.720
class                  precision    recall   specificity      f1   support
--------------------------------------------------------------------------
0                          0.760     0.696         0.790   0.727       313
1                          0.216     0.324         0.934   0.259        34
2                          0.766     0.790         0.795   0.778       295
*----------------------------------------*
2025-11-07 13:00:06,579 INFO 0 Fri Nov  7 13:00:06 2025 Epoch: 7
2025-11-07 13:20:20,146 INFO Final training 7/59, loss: 0.7235, time 1213.57s, lr: 0.000299
Accuracy: 0.734
class                  precision    recall   specificity      f1   support
--------------------------------------------------------------------------
0                          0.805     0.712         0.836   0.756       313
1                          0.255     0.412         0.933   0.315        34
2                          0.755     0.793         0.781   0.774       295
*----------------------------------------*
2025-11-07 13:25:42,006 INFO Final validation 7/59, Val_acc: 0.6638, time 321.86sAccuracy: 0.671
class                  precision    recall   specificity      f1   support
--------------------------------------------------------------------------
0                          0.602     0.987         0.386   0.748        78
1                          1.000     0.444         1.000   0.615         9
2                          0.931     0.365         0.977   0.524        74
*========================================*
2025-11-07 13:25:46,837 INFO 0 Fri Nov  7 13:25:46 2025 Epoch: 8
2025-11-07 13:46:03,546 INFO Final training 8/59, loss: 0.7042, time 1216.71s, lr: 0.000298
Accuracy: 0.743
class                  precision    recall   specificity      f1   support
--------------------------------------------------------------------------
0                          0.799     0.722         0.827   0.758       313
1                          0.327     0.500         0.942   0.395        34
2                          0.762     0.793         0.790   0.777       295
*----------------------------------------*
2025-11-07 13:46:03,547 INFO 0 Fri Nov  7 13:46:03 2025 Epoch: 9
2025-11-07 14:06:19,535 INFO Final training 9/59, loss: 0.6868, time 1215.99s, lr: 0.000296
Accuracy: 0.712
class                  precision    recall   specificity      f1   support
--------------------------------------------------------------------------
0                          0.756     0.693         0.787   0.723       313
1                          0.258     0.500         0.919   0.340        34
2                          0.772     0.756         0.810   0.764       295
*----------------------------------------*
2025-11-07 14:06:19,535 INFO 0 Fri Nov  7 14:06:19 2025 Epoch: 10
2025-11-07 14:26:42,938 INFO Final training 10/59, loss: 0.6607, time 1223.40s, lr: 0.000294
Accuracy: 0.740
class                  precision    recall   specificity      f1   support
--------------------------------------------------------------------------
0                          0.829     0.668         0.869   0.740       313
1                          0.349     0.647         0.933   0.454        34
2                          0.746     0.827         0.761   0.785       295
*----------------------------------------*
2025-11-07 14:26:43,445 INFO 0 Fri Nov  7 14:26:43 2025 Epoch: 11
2025-11-07 14:47:11,766 INFO Final training 11/59, loss: 0.6496, time 1228.32s, lr: 0.000291
Accuracy: 0.743
class                  precision    recall   specificity      f1   support
--------------------------------------------------------------------------
0                          0.791     0.725         0.818   0.757       313
1                          0.321     0.529         0.938   0.400        34
2                          0.776     0.786         0.807   0.781       295
*----------------------------------------*
2025-11-07 14:52:06,333 INFO Final validation 11/59, Val_acc: 0.7416, time 294.57sAccuracy: 0.745
class                  precision    recall   specificity      f1   support
--------------------------------------------------------------------------
0                          0.750     0.769         0.759   0.759        78
1                          0.714     0.556         0.987   0.625         9
2                          0.743     0.743         0.782   0.743        74
*========================================*
2025-11-07 14:52:06,333 INFO New best (0.731366 --> 0.741615)
2025-11-07 14:52:13,006 INFO Copying best model to best_model.pt
2025-11-07 14:52:17,251 INFO 0 Fri Nov  7 14:52:17 2025 Epoch: 12
2025-11-07 15:12:37,552 INFO Final training 12/59, loss: 0.7533, time 1220.30s, lr: 0.000288
Accuracy: 0.735
class                  precision    recall   specificity      f1   support
--------------------------------------------------------------------------
0                          0.784     0.709         0.815   0.745       313
1                          0.352     0.559         0.942   0.432        34
2                          0.757     0.783         0.787   0.770       295
*----------------------------------------*
2025-11-07 15:12:37,552 INFO 0 Fri Nov  7 15:12:37 2025 Epoch: 13
2025-11-07 15:32:52,198 INFO Final training 13/59, loss: 0.6558, time 1214.65s, lr: 0.000285
Accuracy: 0.741
class                  precision    recall   specificity      f1   support
--------------------------------------------------------------------------
0                          0.788     0.712         0.818   0.748       313
1                          0.317     0.588         0.929   0.412        34
2                          0.787     0.790         0.818   0.788       295
*----------------------------------------*
2025-11-07 15:32:52,198 INFO 0 Fri Nov  7 15:32:52 2025 Epoch: 14
2025-11-07 15:53:11,321 INFO Final training 14/59, loss: 0.7035, time 1219.12s, lr: 0.000281
Accuracy: 0.729
class                  precision    recall   specificity      f1   support
--------------------------------------------------------------------------
0                          0.802     0.674         0.842   0.733       313
1                          0.338     0.706         0.923   0.457        34
2                          0.756     0.790         0.784   0.773       295
*----------------------------------------*
2025-11-07 15:53:11,321 INFO 0 Fri Nov  7 15:53:11 2025 Epoch: 15
2025-11-07 16:13:31,795 INFO Final training 15/59, loss: 0.6334, time 1220.47s, lr: 0.000276
Accuracy: 0.741
class                  precision    recall   specificity      f1   support
--------------------------------------------------------------------------
0                          0.797     0.716         0.827   0.754       313
1                          0.383     0.676         0.939   0.489        34
2                          0.761     0.776         0.793   0.768       295
*----------------------------------------*
2025-11-07 16:18:27,331 INFO Final validation 15/59, Val_acc: 0.7070, time 295.54sAccuracy: 0.739
class                  precision    recall   specificity      f1   support
--------------------------------------------------------------------------
0                          0.756     0.756         0.771   0.756        78
1                          0.412     0.778         0.934   0.538         9
2                          0.803     0.716         0.851   0.757        74
*========================================*
2025-11-07 16:18:32,231 INFO 0 Fri Nov  7 16:18:32 2025 Epoch: 16
2025-11-07 16:38:57,992 INFO Final training 16/59, loss: 0.6237, time 1225.76s, lr: 0.000271
Accuracy: 0.720
class                  precision    recall   specificity      f1   support
--------------------------------------------------------------------------
0                          0.776     0.687         0.812   0.729       313
1                          0.368     0.735         0.929   0.490        34
2                          0.747     0.753         0.784   0.750       295
*----------------------------------------*
2025-11-07 16:38:57,993 INFO 0 Fri Nov  7 16:38:57 2025 Epoch: 17
2025-11-07 16:59:12,709 INFO Final training 17/59, loss: 0.6153, time 1214.72s, lr: 0.000266
Accuracy: 0.746
class                  precision    recall   specificity      f1   support
--------------------------------------------------------------------------
0                          0.810     0.709         0.842   0.756       313
1                          0.417     0.735         0.942   0.532        34
2                          0.753     0.786         0.781   0.769       295
*----------------------------------------*
2025-11-07 16:59:12,714 INFO 0 Fri Nov  7 16:59:12 2025 Epoch: 18
2025-11-07 17:19:36,378 INFO Final training 18/59, loss: 0.6025, time 1223.66s, lr: 0.000261
Accuracy: 0.771
class                  precision    recall   specificity      f1   support
--------------------------------------------------------------------------
0                          0.836     0.732         0.863   0.780       313
1                          0.366     0.765         0.926   0.495        34
2                          0.808     0.814         0.836   0.811       295
*----------------------------------------*
2025-11-07 17:19:36,379 INFO 0 Fri Nov  7 17:19:36 2025 Epoch: 19
2025-11-07 17:39:54,958 INFO Final training 19/59, loss: 0.6044, time 1218.58s, lr: 0.000255
Accuracy: 0.752
class                  precision    recall   specificity      f1   support
--------------------------------------------------------------------------
0                          0.824     0.719         0.854   0.768       313
1                          0.343     0.706         0.924   0.462        34
2                          0.783     0.793         0.813   0.788       295
*----------------------------------------*
2025-11-07 17:44:49,250 INFO Final validation 19/59, Val_acc: 0.7349, time 294.29sAccuracy: 0.758
class                  precision    recall   specificity      f1   support
--------------------------------------------------------------------------
0                          0.733     0.846         0.711   0.786        78
1                          0.500     0.667         0.961   0.571         9
2                          0.847     0.676         0.897   0.752        74
*========================================*
2025-11-07 17:44:54,169 INFO 0 Fri Nov  7 17:44:54 2025 Epoch: 20
2025-11-07 18:05:15,375 INFO Final training 20/59, loss: 0.5509, time 1221.21s, lr: 0.000248
Accuracy: 0.768
class                  precision    recall   specificity      f1   support
--------------------------------------------------------------------------
0                          0.860     0.706         0.891   0.775       313
1                          0.365     0.794         0.923   0.500        34
2                          0.788     0.831         0.810   0.809       295
*----------------------------------------*
2025-11-07 18:05:15,928 INFO 0 Fri Nov  7 18:05:15 2025 Epoch: 21
2025-11-07 18:25:55,860 INFO Final training 21/59, loss: 0.5747, time 1239.93s, lr: 0.000242
Accuracy: 0.765
class                  precision    recall   specificity      f1   support
--------------------------------------------------------------------------
0                          0.830     0.735         0.857   0.780       313
1                          0.375     0.706         0.934   0.490        34
2                          0.787     0.803         0.816   0.795       295
*----------------------------------------*
2025-11-07 18:25:55,860 INFO 0 Fri Nov  7 18:25:55 2025 Epoch: 22
2025-11-07 18:46:10,838 INFO Final training 22/59, loss: 0.5446, time 1214.98s, lr: 0.000235
Accuracy: 0.773
class                  precision    recall   specificity      f1   support
--------------------------------------------------------------------------
0                          0.841     0.741         0.866   0.788       313
1                          0.400     0.765         0.936   0.525        34
2                          0.791     0.807         0.818   0.799       295
*----------------------------------------*
2025-11-07 18:46:10,839 INFO 0 Fri Nov  7 18:46:10 2025 Epoch: 23
2025-11-07 19:06:24,587 INFO Final training 23/59, loss: 0.5964, time 1213.75s, lr: 0.000227
Accuracy: 0.765
class                  precision    recall   specificity      f1   support
--------------------------------------------------------------------------
0                          0.870     0.725         0.897   0.791       313
1                          0.362     0.735         0.928   0.485        34
2                          0.766     0.810         0.790   0.787       295
*----------------------------------------*
2025-11-07 19:11:18,898 INFO Final validation 23/59, Val_acc: 0.7702, time 294.31sAccuracy: 0.820
class                  precision    recall   specificity      f1   support
--------------------------------------------------------------------------
0                          0.809     0.923         0.795   0.862        78
1                          0.467     0.778         0.947   0.583         9
2                          0.930     0.716         0.954   0.809        74
*========================================*
2025-11-07 19:11:18,898 INFO New best (0.741615 --> 0.770186)
2025-11-07 19:11:25,327 INFO Copying best model to best_model.pt
2025-11-07 19:11:29,601 INFO 0 Fri Nov  7 19:11:29 2025 Epoch: 24
2025-11-07 19:31:45,831 INFO Final training 24/59, loss: 0.5405, time 1216.23s, lr: 0.000220
Accuracy: 0.788
class                  precision    recall   specificity      f1   support
--------------------------------------------------------------------------
0                          0.863     0.744         0.888   0.799       313
1                          0.452     0.824         0.944   0.583        34
2                          0.790     0.831         0.813   0.810       295
*----------------------------------------*
2025-11-07 19:31:45,831 INFO 0 Fri Nov  7 19:31:45 2025 Epoch: 25
2025-11-07 19:52:17,162 INFO Final training 25/59, loss: 0.5383, time 1231.33s, lr: 0.000212
Accuracy: 0.805
class                  precision    recall   specificity      f1   support
--------------------------------------------------------------------------
0                          0.883     0.773         0.903   0.825       313
1                          0.444     0.706         0.951   0.545        34
2                          0.799     0.851         0.818   0.824       295
*----------------------------------------*
2025-11-07 19:52:17,163 INFO 0 Fri Nov  7 19:52:17 2025 Epoch: 26
2025-11-07 20:12:48,072 INFO Final training 26/59, loss: 0.5019, time 1230.91s, lr: 0.000204
Accuracy: 0.821
class                  precision    recall   specificity      f1   support
--------------------------------------------------------------------------
0                          0.896     0.773         0.915   0.830       313
1                          0.500     0.794         0.956   0.614        34
2                          0.811     0.875         0.827   0.842       295
*----------------------------------------*
2025-11-07 20:12:48,072 INFO 0 Fri Nov  7 20:12:48 2025 Epoch: 27
2025-11-07 20:33:05,588 INFO Final training 27/59, loss: 0.4871, time 1217.52s, lr: 0.000196
Accuracy: 0.830
class                  precision    recall   specificity      f1   support
--------------------------------------------------------------------------
0                          0.913     0.805         0.927   0.856       313
1                          0.467     0.824         0.947   0.596        34
2                          0.827     0.858         0.847   0.842       295
*----------------------------------------*
2025-11-07 20:37:59,803 INFO Final validation 27/59, Val_acc: 0.8354, time 294.21sAccuracy: 0.851
class                  precision    recall   specificity      f1   support
--------------------------------------------------------------------------
0                          0.883     0.872         0.892   0.877        78
1                          0.583     0.778         0.967   0.667         9
2                          0.861     0.838         0.885   0.849        74
*========================================*
2025-11-07 20:37:59,803 INFO New best (0.770186 --> 0.835352)
2025-11-07 20:38:06,585 INFO Copying best model to best_model.pt
2025-11-07 20:38:10,882 INFO 0 Fri Nov  7 20:38:10 2025 Epoch: 28
2025-11-07 20:58:28,085 INFO Final training 28/59, loss: 0.4797, time 1217.20s, lr: 0.000188
Accuracy: 0.826
class                  precision    recall   specificity      f1   support
--------------------------------------------------------------------------
0                          0.884     0.783         0.903   0.831       313
1                          0.538     0.824         0.961   0.651        34
2                          0.821     0.871         0.839   0.845       295
*----------------------------------------*
2025-11-07 20:58:28,085 INFO 0 Fri Nov  7 20:58:28 2025 Epoch: 29
2025-11-07 21:19:02,668 INFO Final training 29/59, loss: 0.4803, time 1234.58s, lr: 0.000180
Accuracy: 0.826
class                  precision    recall   specificity      f1   support
--------------------------------------------------------------------------
0                          0.900     0.808         0.915   0.852       313
1                          0.482     0.794         0.952   0.600        34
2                          0.820     0.847         0.841   0.833       295
*----------------------------------------*
2025-11-07 21:19:02,668 INFO 0 Fri Nov  7 21:19:02 2025 Epoch: 30
2025-11-07 21:39:06,714 INFO Final training 30/59, loss: 0.4823, time 1204.05s, lr: 0.000171
Accuracy: 0.818
class                  precision    recall   specificity      f1   support
--------------------------------------------------------------------------
0                          0.894     0.783         0.912   0.835       313
1                          0.450     0.794         0.946   0.574        34
2                          0.821     0.858         0.841   0.839       295
*----------------------------------------*
2025-11-07 21:39:07,391 INFO 0 Fri Nov  7 21:39:07 2025 Epoch: 31
2025-11-07 21:59:17,706 INFO Final training 31/59, loss: 0.4837, time 1210.31s, lr: 0.000163
Accuracy: 0.838
class                  precision    recall   specificity      f1   support
--------------------------------------------------------------------------
0                          0.919     0.799         0.933   0.855       313
1                          0.466     0.794         0.949   0.587        34
2                          0.837     0.885         0.853   0.860       295
*----------------------------------------*
2025-11-07 22:04:12,130 INFO Final validation 31/59, Val_acc: 0.7301, time 294.42sAccuracy: 0.807
class                  precision    recall   specificity      f1   support
--------------------------------------------------------------------------
0                          0.857     0.846         0.867   0.852        78
1                          0.304     0.778         0.895   0.438         9
2                          0.934     0.770         0.954   0.844        74
*========================================*
2025-11-07 22:04:17,036 INFO 0 Fri Nov  7 22:04:17 2025 Epoch: 32
2025-11-07 22:24:53,692 INFO Final training 32/59, loss: 0.4751, time 1236.66s, lr: 0.000154
Accuracy: 0.826
class                  precision    recall   specificity      f1   support
--------------------------------------------------------------------------
0                          0.916     0.770         0.933   0.837       313
1                          0.484     0.882         0.947   0.625        34
2                          0.817     0.878         0.833   0.846       295
*----------------------------------------*
2025-11-07 22:24:53,692 INFO 0 Fri Nov  7 22:24:53 2025 Epoch: 33
2025-11-07 22:44:59,814 INFO Final training 33/59, loss: 0.4448, time 1206.12s, lr: 0.000146
Accuracy: 0.843
class                  precision    recall   specificity      f1   support
--------------------------------------------------------------------------
0                          0.902     0.827         0.915   0.863       313
1                          0.547     0.853         0.961   0.667        34
2                          0.838     0.858         0.859   0.848       295
*----------------------------------------*
2025-11-07 22:44:59,814 INFO 0 Fri Nov  7 22:44:59 2025 Epoch: 34
2025-11-07 23:05:18,496 INFO Final training 34/59, loss: 0.4480, time 1218.68s, lr: 0.000137
Accuracy: 0.844
class                  precision    recall   specificity      f1   support
--------------------------------------------------------------------------
0                          0.940     0.805         0.951   0.867       313
1                          0.492     0.882         0.949   0.632        34
2                          0.831     0.881         0.847   0.855       295
*----------------------------------------*
2025-11-07 23:05:18,496 INFO 0 Fri Nov  7 23:05:18 2025 Epoch: 35
2025-11-07 23:25:27,704 INFO Final training 35/59, loss: 0.4296, time 1209.21s, lr: 0.000129
Accuracy: 0.841
class                  precision    recall   specificity      f1   support
--------------------------------------------------------------------------
0                          0.926     0.799         0.939   0.858       313
1                          0.528     0.824         0.959   0.644        34
2                          0.821     0.888         0.836   0.853       295
*----------------------------------------*
2025-11-07 23:30:22,008 INFO Final validation 35/59, Val_acc: 0.8311, time 294.30sAccuracy: 0.845
class                  precision    recall   specificity      f1   support
--------------------------------------------------------------------------
0                          0.815     0.962         0.795   0.882        78
1                          0.636     0.778         0.974   0.700         9
2                          0.931     0.730         0.954   0.818        74
*========================================*
2025-11-07 23:30:27,530 INFO 0 Fri Nov  7 23:30:27 2025 Epoch: 36
2025-11-07 23:50:57,202 INFO Final training 36/59, loss: 0.4384, time 1229.67s, lr: 0.000120
Accuracy: 0.840
class                  precision    recall   specificity      f1   support
--------------------------------------------------------------------------
0                          0.926     0.802         0.939   0.860       313
1                          0.509     0.853         0.954   0.637        34
2                          0.825     0.878         0.841   0.851       295
*----------------------------------------*
2025-11-07 23:50:57,203 INFO 0 Fri Nov  7 23:50:57 2025 Epoch: 37
2025-11-08 00:11:24,648 INFO Final training 37/59, loss: 0.4272, time 1227.45s, lr: 0.000112
Accuracy: 0.868
class                  precision    recall   specificity      f1   support
--------------------------------------------------------------------------
0                          0.943     0.840         0.951   0.889       313
1                          0.549     0.824         0.962   0.659        34
2                          0.853     0.902         0.867   0.876       295
*----------------------------------------*
2025-11-08 00:11:24,648 INFO 0 Sat Nov  8 00:11:24 2025 Epoch: 38
2025-11-08 00:31:43,726 INFO Final training 38/59, loss: 0.4166, time 1219.08s, lr: 0.000104
Accuracy: 0.830
class                  precision    recall   specificity      f1   support
--------------------------------------------------------------------------
0                          0.905     0.789         0.921   0.843       313
1                          0.554     0.912         0.959   0.689        34
2                          0.815     0.864         0.833   0.839       295
*----------------------------------------*
2025-11-08 00:31:43,727 INFO 0 Sat Nov  8 00:31:43 2025 Epoch: 39
2025-11-08 00:52:05,408 INFO Final training 39/59, loss: 0.3791, time 1221.68s, lr: 0.000096
Accuracy: 0.861
class                  precision    recall   specificity      f1   support
--------------------------------------------------------------------------
0                          0.938     0.824         0.948   0.878       313
1                          0.596     0.824         0.969   0.691        34
2                          0.834     0.905         0.847   0.868       295
*----------------------------------------*
2025-11-08 00:56:59,798 INFO Final validation 39/59, Val_acc: 0.7339, time 294.39sAccuracy: 0.807
class                  precision    recall   specificity      f1   support
--------------------------------------------------------------------------
0                          0.863     0.885         0.867   0.873        78
1                          0.304     0.778         0.895   0.438         9
2                          0.931     0.730         0.954   0.818        74
*========================================*
2025-11-08 00:57:04,815 INFO 0 Sat Nov  8 00:57:04 2025 Epoch: 40
2025-11-08 01:17:25,776 INFO Final training 40/59, loss: 0.4099, time 1220.96s, lr: 0.000088
Accuracy: 0.850
class                  precision    recall   specificity      f1   support
--------------------------------------------------------------------------
0                          0.918     0.824         0.930   0.869       313
1                          0.536     0.882         0.957   0.667        34
2                          0.846     0.875         0.865   0.860       295
*----------------------------------------*
2025-11-08 01:17:26,241 INFO 0 Sat Nov  8 01:17:26 2025 Epoch: 41
2025-11-08 01:37:50,356 INFO Final training 41/59, loss: 0.4211, time 1224.11s, lr: 0.000080
Accuracy: 0.858
class                  precision    recall   specificity      f1   support
--------------------------------------------------------------------------
0                          0.935     0.827         0.945   0.878       313
1                          0.509     0.794         0.957   0.621        34
2                          0.849     0.898         0.865   0.873       295
*----------------------------------------*
2025-11-08 01:37:50,356 INFO 0 Sat Nov  8 01:37:50 2025 Epoch: 42
2025-11-08 01:57:58,107 INFO Final training 42/59, loss: 0.3716, time 1207.75s, lr: 0.000073
Accuracy: 0.854
class                  precision    recall   specificity      f1   support
--------------------------------------------------------------------------
0                          0.942     0.834         0.951   0.885       313
1                          0.460     0.853         0.944   0.598        34
2                          0.854     0.875         0.873   0.864       295
*----------------------------------------*
2025-11-08 01:57:58,107 INFO 0 Sat Nov  8 01:57:58 2025 Epoch: 43
2025-11-08 02:18:17,269 INFO Final training 43/59, loss: 0.3724, time 1219.16s, lr: 0.000065
Accuracy: 0.864
class                  precision    recall   specificity      f1   support
--------------------------------------------------------------------------
0                          0.921     0.853         0.930   0.886       313
1                          0.592     0.853         0.967   0.699        34
2                          0.855     0.878         0.873   0.866       295
*----------------------------------------*
2025-11-08 02:23:15,420 INFO Final validation 43/59, Val_acc: 0.8406, time 298.15sAccuracy: 0.863
class                  precision    recall   specificity      f1   support
--------------------------------------------------------------------------
0                          0.886     0.897         0.892   0.892        78
1                          0.538     0.778         0.961   0.636         9
2                          0.899     0.838         0.920   0.867        74
*========================================*
2025-11-08 02:23:15,421 INFO New best (0.835352 --> 0.840631)
2025-11-08 02:23:21,959 INFO Copying best model to best_model.pt
2025-11-08 02:23:26,241 INFO 0 Sat Nov  8 02:23:26 2025 Epoch: 44
