2025-12-04 15:25:51,971 INFO Log directory: outputs/OrganoidsINRIA_reduced/resnet18/2025-12-04-15-25
2025-12-04 15:25:51,973 INFO {'RandFlipd_prob': 0.2,
 'RandRotate90d_prob': 0.2,
 'RandScaleIntensityd_prob': 0.1,
 'RandShiftIntensityd_prob': 0.1,
 'amp': True,
 'augmentation': True,
 'batch_size': 6,
 'cache_dataset': False,
 'checkpoint_path': None,
 'data_dir': '/home/mraffael/martone_project/Organoids_Dataset_256/',
 'dataset_name': 'OrganoidsINRIA_reduced',
 'debug': False,
 'debug_train_samples': 40,
 'debug_val_samples': 10,
 'dist_backend': 'nccl',
 'dist_url': 'tcp://127.0.0.1:23456',
 'distributed': False,
 'dropout_path_rate': 0.0,
 'dropout_rate': 0.0,
 'early_stopping': True,
 'encoder10_pth': '',
 'exact_class': False,
 'feature_size': 48,
 'fold': 0,
 'folds': False,
 'gpu': 0,
 'ignore_label': 3,
 'in_channels': 1,
 'infer_overlap': 0.5,
 'k_folds': 5,
 'logdir': 'test',
 'logs_dir': 'logs/',
 'loss_name': 'CE',
 'lrschedule': 'warmup_cosine',
 'max_epochs': 150,
 'min_delta_loss': 0.001,
 'min_delta_val': 0.01,
 'model_name': 'resnet18',
 'momentum': 0.99,
 'noamp': False,
 'norm_name': 'instance',
 'oar_id': 2139760,
 'optim_lr': 0.05,
 'optim_name': 'adamw',
 'out_channels': 1,
 'output_dir': 'outputs/',
 'patch_merging': False,
 'patience_loss': 40,
 'patience_val': 40,
 'pretrained_dir': './pretrained_models/resnet18/',
 'pretrained_model_name': 'resnet_18.pth',
 'rank': 0,
 'reg_weight': 5e-05,
 'restart_T0': 20,
 'resume_ckpt': False,
 'roi_x': 64,
 'roi_y': 64,
 'roi_z': 64,
 'save_checkpoint': True,
 'seed': 3,
 'similarity_loss': '',
 'similarity_loss_weight': 0.0,
 'spatial_dims': 3,
 'split_method': 'stratified',
 'start_epoch': 0,
 'sw_batch_size': 8,
 'telegram_log': True,
 'test_mode': False,
 'token': './token/tlg_token.txt',
 'use_checkpoint': False,
 'val_every': 2,
 'warmup_epochs': 5,
 'workers': 8,
 'world_size': 1}
2025-12-04 15:25:51,973 INFO 
2025-12-04 15:25:51,977 INFO Saved configuration to: outputs/OrganoidsINRIA_reduced/resnet18/2025-12-04-15-25/config.txt
2025-12-04 15:25:52,724 INFO Using GPU: 0
2025-12-04 15:25:52,724 INFO 
2025-12-04 15:25:52,725 INFO Model INFO:
2025-12-04 15:25:52,725 INFO Model architecture: resnet18
2025-12-04 15:25:53,019 INFO Using pretrained weights
2025-12-04 15:25:53,019 INFO => loading pretrained model './pretrained_models/resnet18/resnet_18.pth'
2025-12-04 15:25:54,309 INFO Missing keys when loading pretrained: 27
2025-12-04 15:25:54,309 WARNING Warning: ResNet18_3D not found, using ResNet50_3D wrapper as fallback
2025-12-04 15:25:54,309 INFO Using ResNet with Single Linear Classification Head
2025-12-04 15:25:54,310 INFO Total trainable parameters: 33,320,451
2025-12-04 15:25:54,343 INFO 
2025-12-04 15:25:54,343 INFO Optimizer INFO:
2025-12-04 15:25:54,343 INFO Using optimizer: adamw with lr=0.05, weight_decay=5e-05
2025-12-04 15:25:54,343 INFO 
2025-12-04 15:25:54,344 INFO Dataset INFO:
2025-12-04 15:25:54,365 INFO Dataset length: 721
2025-12-04 15:25:54,365 INFO Class distribution in entire dataset:
2025-12-04 15:25:54,365 INFO   Class 0: 351
2025-12-04 15:25:54,365 INFO   Class 1: 38
2025-12-04 15:25:54,365 INFO   Class 2: 332
2025-12-04 15:25:54,365 INFO 
Using split method: stratified
2025-12-04 15:25:54,379 INFO 
Train set balance:
2025-12-04 15:25:54,379 INFO 
Val set balance:
2025-12-04 15:25:54,379 INFO Training set length: 577
2025-12-04 15:25:54,379 INFO Validation set length: 144
2025-12-04 15:25:54,379 INFO 
Using standard shuffle for training
2025-12-04 15:25:54,379 INFO Training loader: 96 batches
2025-12-04 15:25:54,379 INFO Validation loader: 24 batches
2025-12-04 15:25:54,379 INFO 
Class distribution in training set:
2025-12-04 15:25:54,379 INFO   Class 0: 281 (48.7%)
2025-12-04 15:25:54,379 INFO   Class 1: 30 (5.2%)
2025-12-04 15:25:54,379 INFO   Class 2: 266 (46.1%)
2025-12-04 15:25:54,379 INFO Class distribution in validation set:
2025-12-04 15:25:54,380 INFO   Class 0: 70 (48.6%)
2025-12-04 15:25:54,380 INFO   Class 1: 8 (5.6%)
2025-12-04 15:25:54,380 INFO   Class 2: 66 (45.8%)
2025-12-04 15:25:54,380 INFO **************************************************
2025-12-04 15:25:54,521 INFO Class weights: [ 6.845  64.111  7.231]
2025-12-04 15:25:54,521 INFO 
2025-12-04 15:25:54,521 INFO Test Dataset INFO:
2025-12-04 15:25:54,528 INFO Test Dataset length: 82
2025-12-04 15:25:54,528 INFO Class distribution in test dataset:
2025-12-04 15:25:54,528 INFO   Class 0: 40
2025-12-04 15:25:54,529 INFO   Class 1: 5
2025-12-04 15:25:54,529 INFO   Class 2: 37
2025-12-04 15:25:54,529 INFO Test loader: 14 batches
2025-12-04 15:25:54,529 INFO **************************************************
2025-12-04 15:25:54,529 INFO 
2025-12-04 15:25:54,529 INFO Using loss function: CE
2025-12-04 15:25:54,532 INFO **************************************************
2025-12-04 15:25:54,532 INFO Starting training...
2025-12-04 15:25:54,534 INFO 0 Thu Dec  4 15:25:54 2025 Epoch: 1
2025-12-04 15:28:14,098 INFO Final training 1/150, loss: 1.2479, time 139.56s, lr: 0.000000
Accuracy: 0.425
class                  precision    recall   specificity      f1   support
--------------------------------------------------------------------------
0                          0.000     0.000         1.000   0.000       280
1                          0.159     0.433         0.874   0.232        30
2                          0.470     0.872         0.155   0.611       266
*----------------------------------------*
2025-12-04 15:28:14,515 INFO 0 Thu Dec  4 15:28:14 2025 Epoch: 2
2025-12-04 15:30:09,942 INFO Final training 2/150, loss: 1.1807, time 115.43s, lr: 0.012500
Accuracy: 0.457
class                  precision    recall   specificity      f1   support
--------------------------------------------------------------------------
0                          0.512     0.529         0.524   0.520       280
1                          0.079     0.100         0.936   0.088        30
2                          0.450     0.421         0.558   0.435       266
*----------------------------------------*
2025-12-04 15:31:10,896 INFO Final validation 2/150, Val_acc: 0.5517, time 60.95sAccuracy: 0.604
class                  precision    recall   specificity      f1   support
--------------------------------------------------------------------------
0                          0.598     0.743         0.527   0.662        70
1                          0.000     0.000         1.000   0.000         8
2                          0.614     0.530         0.718   0.569        66
*========================================*
2025-12-04 15:31:10,896 INFO New best (0.000000 --> 0.551736)
2025-12-04 15:31:16,582 INFO Copying best model to best_model.pt
2025-12-04 15:31:20,236 INFO 0 Thu Dec  4 15:31:20 2025 Epoch: 3
2025-12-04 15:33:10,982 INFO Final training 3/150, loss: 0.9987, time 110.75s, lr: 0.025000
Accuracy: 0.514
class                  precision    recall   specificity      f1   support
--------------------------------------------------------------------------
0                          0.575     0.616         0.566   0.595       281
1                          0.071     0.069         0.952   0.070        29
2                          0.490     0.455         0.594   0.472       266
*----------------------------------------*
2025-12-04 15:33:10,984 INFO 0 Thu Dec  4 15:33:10 2025 Epoch: 4
2025-12-04 15:35:06,791 INFO Final training 4/150, loss: 1.0388, time 115.81s, lr: 0.037500
Accuracy: 0.516
class                  precision    recall   specificity      f1   support
--------------------------------------------------------------------------
0                          0.571     0.643         0.544   0.605       280
1                          0.069     0.067         0.951   0.068        30
2                          0.496     0.432         0.623   0.462       266
*----------------------------------------*
2025-12-04 15:35:18,498 INFO Final validation 4/150, Val_acc: 0.4375, time 11.71sAccuracy: 0.458
class                  precision    recall   specificity      f1   support
--------------------------------------------------------------------------
0                          0.000     0.000         1.000   0.000        70
1                          0.000     0.000         1.000   0.000         8
2                          0.458     1.000         0.000   0.629        66
*========================================*
2025-12-04 15:35:22,851 INFO 0 Thu Dec  4 15:35:22 2025 Epoch: 5
2025-12-04 15:37:14,999 INFO Final training 5/150, loss: 1.0640, time 112.15s, lr: 0.050000
Accuracy: 0.477
class                  precision    recall   specificity      f1   support
--------------------------------------------------------------------------
0                          0.494     0.475         0.541   0.485       280
1                          0.000     0.000         0.991   0.000        30
2                          0.470     0.534         0.484   0.500       266
*----------------------------------------*
2025-12-04 15:37:15,000 INFO 0 Thu Dec  4 15:37:14 2025 Epoch: 6
2025-12-04 15:39:07,948 INFO Final training 6/150, loss: 1.0637, time 112.95s, lr: 0.050000
Accuracy: 0.531
class                  precision    recall   specificity      f1   support
--------------------------------------------------------------------------
0                          0.565     0.715         0.475   0.631       281
1                          0.040     0.033         0.956   0.036        30
2                          0.533     0.392         0.707   0.452       265
*----------------------------------------*
2025-12-04 15:39:19,482 INFO Final validation 6/150, Val_acc: 0.4381, time 11.53sAccuracy: 0.465
class                  precision    recall   specificity      f1   support
--------------------------------------------------------------------------
0                          0.475     0.957         0.000   0.635        70
1                          0.000     0.000         1.000   0.000         8
2                          0.000     0.000         0.962   0.000        66
*========================================*
2025-12-04 15:39:23,944 INFO 0 Thu Dec  4 15:39:23 2025 Epoch: 7
2025-12-04 15:41:14,248 INFO Final training 7/150, loss: 1.0720, time 110.30s, lr: 0.049994
Accuracy: 0.493
class                  precision    recall   specificity      f1   support
--------------------------------------------------------------------------
0                          0.497     0.539         0.483   0.517       280
1                          0.000     0.000         1.000   0.000        30
2                          0.489     0.500         0.552   0.494       266
*----------------------------------------*
2025-12-04 15:41:14,249 INFO 0 Thu Dec  4 15:41:14 2025 Epoch: 8
2025-12-04 15:43:03,925 INFO Final training 8/150, loss: 1.0414, time 109.68s, lr: 0.049977
Accuracy: 0.458
class                  precision    recall   specificity      f1   support
--------------------------------------------------------------------------
0                          0.498     0.482         0.541   0.490       280
1                          0.130     0.100         0.963   0.113        30
2                          0.447     0.474         0.497   0.460       266
*----------------------------------------*
2025-12-04 15:43:15,890 INFO Final validation 8/150, Val_acc: 0.2028, time 11.97sAccuracy: 0.181
class                  precision    recall   specificity      f1   support
--------------------------------------------------------------------------
0                          0.247     0.329         0.054   0.282        70
1                          0.000     0.000         1.000   0.000         8
2                          0.059     0.045         0.385   0.051        66
*========================================*
2025-12-04 15:43:20,315 INFO 0 Thu Dec  4 15:43:20 2025 Epoch: 9
2025-12-04 15:45:09,722 INFO Final training 9/150, loss: 1.0412, time 109.41s, lr: 0.049947
Accuracy: 0.491
class                  precision    recall   specificity      f1   support
--------------------------------------------------------------------------
0                          0.522     0.509         0.556   0.515       281
1                          0.125     0.033         0.987   0.053        30
2                          0.473     0.525         0.502   0.497       265
*----------------------------------------*
2025-12-04 15:45:09,723 INFO 0 Thu Dec  4 15:45:09 2025 Epoch: 10
2025-12-04 15:47:03,353 INFO Final training 10/150, loss: 0.9484, time 113.63s, lr: 0.049906
Accuracy: 0.547
class                  precision    recall   specificity      f1   support
--------------------------------------------------------------------------
0                          0.606     0.754         0.532   0.672       281
1                          0.172     0.367         0.903   0.234        30
2                          0.568     0.347         0.775   0.431       265
*----------------------------------------*
2025-12-04 15:47:15,166 INFO Final validation 10/150, Val_acc: 0.6024, time 11.81sAccuracy: 0.674
class                  precision    recall   specificity      f1   support
--------------------------------------------------------------------------
0                          0.746     0.671         0.784   0.707        70
1                          0.000     0.000         1.000   0.000         8
2                          0.617     0.758         0.603   0.680        66
*========================================*
2025-12-04 15:47:15,166 INFO New best (0.551736 --> 0.602431)
2025-12-04 15:47:21,081 INFO Copying best model to best_model.pt
2025-12-04 15:47:24,773 INFO 0 Thu Dec  4 15:47:24 2025 Epoch: 11
2025-12-04 15:49:14,939 INFO Final training 11/150, loss: 0.8819, time 110.17s, lr: 0.049853
Accuracy: 0.632
class                  precision    recall   specificity      f1   support
--------------------------------------------------------------------------
0                          0.707     0.687         0.729   0.697       281
1                          0.172     0.167         0.956   0.169        30
2                          0.606     0.626         0.653   0.616       265
*----------------------------------------*
2025-12-04 15:49:15,592 INFO 0 Thu Dec  4 15:49:15 2025 Epoch: 12
2025-12-04 15:51:07,031 INFO Final training 12/150, loss: 0.8641, time 111.44s, lr: 0.049789
Accuracy: 0.592
class                  precision    recall   specificity      f1   support
--------------------------------------------------------------------------
0                          0.659     0.715         0.647   0.686       281
1                          0.217     0.433         0.914   0.289        30
2                          0.602     0.479         0.730   0.534       265
*----------------------------------------*
2025-12-04 15:51:18,411 INFO Final validation 12/150, Val_acc: 0.4688, time 11.38sAccuracy: 0.514
class                  precision    recall   specificity      f1   support
--------------------------------------------------------------------------
0                          0.500     0.957         0.095   0.657        70
1                          0.000     0.000         1.000   0.000         8
2                          0.700     0.106         0.962   0.184        66
*========================================*
2025-12-04 15:51:22,868 INFO 0 Thu Dec  4 15:51:22 2025 Epoch: 13
2025-12-04 15:53:15,366 INFO Final training 13/150, loss: 0.8461, time 112.50s, lr: 0.049713
Accuracy: 0.641
class                  precision    recall   specificity      f1   support
--------------------------------------------------------------------------
0                          0.686     0.786         0.658   0.733       281
1                          0.241     0.433         0.925   0.310        30
2                          0.675     0.509         0.791   0.581       265
*----------------------------------------*
2025-12-04 15:53:15,366 INFO 0 Thu Dec  4 15:53:15 2025 Epoch: 14
2025-12-04 15:55:07,141 INFO Final training 14/150, loss: 0.8325, time 111.77s, lr: 0.049625
Accuracy: 0.625
class                  precision    recall   specificity      f1   support
--------------------------------------------------------------------------
0                          0.693     0.715         0.698   0.704       281
1                          0.240     0.400         0.930   0.300        30
2                          0.623     0.555         0.714   0.587       265
*----------------------------------------*
2025-12-04 15:55:19,134 INFO Final validation 14/150, Val_acc: 0.4583, time 11.99sAccuracy: 0.486
class                  precision    recall   specificity      f1   support
--------------------------------------------------------------------------
0                          0.486     1.000         0.000   0.654        70
1                          0.000     0.000         1.000   0.000         8
2                          0.000     0.000         1.000   0.000        66
*========================================*
2025-12-04 15:55:23,488 INFO 0 Thu Dec  4 15:55:23 2025 Epoch: 15
2025-12-04 15:57:17,263 INFO Final training 15/150, loss: 0.8682, time 113.77s, lr: 0.049526
Accuracy: 0.616
class                  precision    recall   specificity      f1   support
--------------------------------------------------------------------------
0                          0.653     0.771         0.611   0.707       280
1                          0.283     0.500         0.930   0.361        30
2                          0.646     0.466         0.781   0.541       266
*----------------------------------------*
2025-12-04 15:57:17,264 INFO 0 Thu Dec  4 15:57:17 2025 Epoch: 16
2025-12-04 15:59:09,499 INFO Final training 16/150, loss: 0.7577, time 112.24s, lr: 0.049416
Accuracy: 0.663
class                  precision    recall   specificity      f1   support
--------------------------------------------------------------------------
0                          0.705     0.775         0.693   0.738       280
1                          0.327     0.533         0.940   0.405        30
2                          0.680     0.560         0.774   0.614       266
*----------------------------------------*
2025-12-04 15:59:20,812 INFO Final validation 16/150, Val_acc: 0.4425, time 11.31sAccuracy: 0.500
class                  precision    recall   specificity      f1   support
--------------------------------------------------------------------------
0                          0.543     0.543         0.568   0.543        70
1                          0.000     0.000         1.000   0.000         8
2                          0.459     0.515         0.487   0.486        66
*========================================*
2025-12-04 15:59:25,173 INFO 0 Thu Dec  4 15:59:25 2025 Epoch: 17
2025-12-04 16:01:18,478 INFO Final training 17/150, loss: 0.7855, time 113.30s, lr: 0.049293
Accuracy: 0.653
class                  precision    recall   specificity      f1   support
--------------------------------------------------------------------------
0                          0.691     0.807         0.659   0.745       280
1                          0.318     0.700         0.918   0.438        30
2                          0.705     0.485         0.826   0.575       266
*----------------------------------------*
2025-12-04 16:01:18,478 INFO 0 Thu Dec  4 16:01:18 2025 Epoch: 18
2025-12-04 16:03:13,266 INFO Final training 18/150, loss: 0.7406, time 114.79s, lr: 0.049160
Accuracy: 0.672
class                  precision    recall   specificity      f1   support
--------------------------------------------------------------------------
0                          0.699     0.843         0.654   0.765       281
1                          0.339     0.667         0.929   0.449        30
2                          0.730     0.491         0.846   0.587       265
*----------------------------------------*
2025-12-04 16:03:24,671 INFO Final validation 18/150, Val_acc: 0.4705, time 11.41sAccuracy: 0.507
class                  precision    recall   specificity      f1   support
--------------------------------------------------------------------------
0                          0.496     0.986         0.054   0.660        70
1                          0.000     0.000         1.000   0.000         8
2                          0.800     0.061         0.987   0.113        66
*========================================*
2025-12-04 16:03:29,037 INFO 0 Thu Dec  4 16:03:29 2025 Epoch: 19
2025-12-04 16:05:18,873 INFO Final training 19/150, loss: 0.7284, time 109.84s, lr: 0.049015
Accuracy: 0.663
class                  precision    recall   specificity      f1   support
--------------------------------------------------------------------------
0                          0.713     0.764         0.709   0.738       280
1                          0.327     0.600         0.932   0.424        30
2                          0.679     0.564         0.771   0.616       266
*----------------------------------------*
2025-12-04 16:05:18,874 INFO 0 Thu Dec  4 16:05:18 2025 Epoch: 20
2025-12-04 16:07:12,700 INFO Final training 20/150, loss: 0.7653, time 113.83s, lr: 0.048859
Accuracy: 0.665
class                  precision    recall   specificity      f1   support
--------------------------------------------------------------------------
0                          0.702     0.782         0.686   0.740       280
1                          0.326     0.500         0.943   0.395        30
2                          0.683     0.560         0.777   0.616       266
*----------------------------------------*
2025-12-04 16:07:24,531 INFO Final validation 20/150, Val_acc: 0.4044, time 11.83sAccuracy: 0.444
class                  precision    recall   specificity      f1   support
--------------------------------------------------------------------------
0                          0.467     0.914         0.014   0.618        70
1                          0.000     0.000         1.000   0.000         8
2                          0.000     0.000         0.910   0.000        66
*========================================*
2025-12-04 16:07:28,862 INFO 0 Thu Dec  4 16:07:28 2025 Epoch: 21
2025-12-04 16:09:21,633 INFO Final training 21/150, loss: 0.7160, time 112.77s, lr: 0.048691
Accuracy: 0.668
class                  precision    recall   specificity      f1   support
--------------------------------------------------------------------------
0                          0.710     0.801         0.688   0.753       281
1                          0.333     0.767         0.916   0.465        30
2                          0.721     0.517         0.830   0.602       265
*----------------------------------------*
2025-12-04 16:09:22,106 INFO 0 Thu Dec  4 16:09:22 2025 Epoch: 22
2025-12-04 16:11:13,076 INFO Final training 22/150, loss: 0.6679, time 110.97s, lr: 0.048513
Accuracy: 0.684
class                  precision    recall   specificity      f1   support
--------------------------------------------------------------------------
0                          0.716     0.790         0.702   0.751       281
1                          0.397     0.767         0.936   0.523        30
2                          0.716     0.562         0.810   0.630       265
*----------------------------------------*
2025-12-04 16:11:25,060 INFO Final validation 22/150, Val_acc: 0.4583, time 11.98sAccuracy: 0.486
class                  precision    recall   specificity      f1   support
--------------------------------------------------------------------------
0                          0.486     1.000         0.000   0.654        70
1                          0.000     0.000         1.000   0.000         8
2                          0.000     0.000         1.000   0.000        66
*========================================*
2025-12-04 16:11:29,408 INFO 0 Thu Dec  4 16:11:29 2025 Epoch: 23
2025-12-04 16:13:23,237 INFO Final training 23/150, loss: 0.6714, time 113.83s, lr: 0.048323
Accuracy: 0.670
class                  precision    recall   specificity      f1   support
--------------------------------------------------------------------------
0                          0.700     0.807         0.672   0.750       280
1                          0.354     0.767         0.923   0.484        30
2                          0.729     0.515         0.835   0.604       266
*----------------------------------------*
2025-12-04 16:13:23,237 INFO 0 Thu Dec  4 16:13:23 2025 Epoch: 24
2025-12-04 16:15:18,681 INFO Final training 24/150, loss: 0.6756, time 115.44s, lr: 0.048123
Accuracy: 0.660
class                  precision    recall   specificity      f1   support
--------------------------------------------------------------------------
0                          0.693     0.819         0.654   0.750       281
1                          0.324     0.767         0.912   0.455        30
2                          0.734     0.479         0.852   0.580       265
*----------------------------------------*
2025-12-04 16:15:30,418 INFO Final validation 24/150, Val_acc: 0.6068, time 11.74sAccuracy: 0.646
class                  precision    recall   specificity      f1   support
--------------------------------------------------------------------------
0                          0.966     0.400         0.986   0.566        70
1                          0.000     0.000         1.000   0.000         8
2                          0.565     0.985         0.359   0.718        66
*========================================*
2025-12-04 16:15:30,418 INFO New best (0.602431 --> 0.606829)
2025-12-04 16:15:36,149 INFO Copying best model to best_model.pt
2025-12-04 16:15:39,856 INFO 0 Thu Dec  4 16:15:39 2025 Epoch: 25
2025-12-04 16:17:32,259 INFO Final training 25/150, loss: 0.6570, time 112.40s, lr: 0.047911
Accuracy: 0.684
class                  precision    recall   specificity      f1   support
--------------------------------------------------------------------------
0                          0.718     0.811         0.699   0.762       280
1                          0.364     0.800         0.923   0.500        30
2                          0.737     0.538         0.835   0.622       266
*----------------------------------------*
2025-12-04 16:17:32,259 INFO 0 Thu Dec  4 16:17:32 2025 Epoch: 26
2025-12-04 16:19:21,708 INFO Final training 26/150, loss: 0.6375, time 109.45s, lr: 0.047689
Accuracy: 0.696
class                  precision    recall   specificity      f1   support
--------------------------------------------------------------------------
0                          0.715     0.829         0.685   0.768       281
1                          0.403     0.833         0.932   0.543        30
2                          0.761     0.540         0.855   0.631       265
*----------------------------------------*
2025-12-04 16:19:33,563 INFO Final validation 26/150, Val_acc: 0.5256, time 11.85sAccuracy: 0.542
class                  precision    recall   specificity      f1   support
--------------------------------------------------------------------------
0                          0.658     0.357         0.824   0.463        70
1                          0.000     0.000         1.000   0.000         8
2                          0.500     0.803         0.321   0.616        66
*========================================*
2025-12-04 16:19:37,920 INFO 0 Thu Dec  4 16:19:37 2025 Epoch: 27
2025-12-04 16:21:29,979 INFO Final training 27/150, loss: 0.6810, time 112.06s, lr: 0.047457
Accuracy: 0.675
class                  precision    recall   specificity      f1   support
--------------------------------------------------------------------------
0                          0.712     0.826         0.681   0.764       281
1                          0.318     0.700         0.918   0.438        30
2                          0.739     0.513         0.846   0.606       265
*----------------------------------------*
2025-12-04 16:21:29,979 INFO 0 Thu Dec  4 16:21:29 2025 Epoch: 28
2025-12-04 16:23:21,353 INFO Final training 28/150, loss: 0.6466, time 111.37s, lr: 0.047213
Accuracy: 0.684
class                  precision    recall   specificity      f1   support
--------------------------------------------------------------------------
0                          0.707     0.836         0.672   0.766       280
1                          0.358     0.800         0.921   0.495        30
2                          0.764     0.511         0.865   0.613       266
*----------------------------------------*
2025-12-04 16:23:33,221 INFO Final validation 28/150, Val_acc: 0.5694, time 11.87sAccuracy: 0.653
class                  precision    recall   specificity      f1   support
--------------------------------------------------------------------------
0                          0.719     0.657         0.757   0.687        70
1                          0.000     0.000         0.993   0.000         8
2                          0.608     0.727         0.603   0.662        66
*========================================*
2025-12-04 16:23:37,608 INFO 0 Thu Dec  4 16:23:37 2025 Epoch: 29
2025-12-04 16:25:24,541 INFO Final training 29/150, loss: 0.6395, time 106.93s, lr: 0.046960
Accuracy: 0.679
class                  precision    recall   specificity      f1   support
--------------------------------------------------------------------------
0                          0.695     0.864         0.642   0.771       280
1                          0.338     0.767         0.918   0.469        30
2                          0.787     0.474         0.890   0.592       266
*----------------------------------------*
2025-12-04 16:25:24,541 INFO 0 Thu Dec  4 16:25:24 2025 Epoch: 30
2025-12-04 16:27:15,488 INFO Final training 30/150, loss: 0.6743, time 110.95s, lr: 0.046696
Accuracy: 0.677
class                  precision    recall   specificity      f1   support
--------------------------------------------------------------------------
0                          0.704     0.868         0.655   0.778       280
1                          0.312     0.800         0.903   0.449        30
2                          0.799     0.462         0.900   0.586       266
*----------------------------------------*
2025-12-04 16:27:26,725 INFO Final validation 30/150, Val_acc: 0.5757, time 11.24sAccuracy: 0.625
class                  precision    recall   specificity      f1   support
--------------------------------------------------------------------------
0                          0.566     0.986         0.284   0.719        70
1                          0.000     0.000         1.000   0.000         8
2                          0.955     0.318         0.987   0.477        66
*========================================*
2025-12-04 16:27:31,083 INFO 0 Thu Dec  4 16:27:31 2025 Epoch: 31
2025-12-04 16:29:19,136 INFO Final training 31/150, loss: 0.6024, time 108.05s, lr: 0.046421
Accuracy: 0.691
class                  precision    recall   specificity      f1   support
--------------------------------------------------------------------------
0                          0.713     0.847         0.675   0.774       281
1                          0.355     0.900         0.910   0.509        30
2                          0.801     0.502         0.894   0.617       265
*----------------------------------------*
2025-12-04 16:29:19,589 INFO 0 Thu Dec  4 16:29:19 2025 Epoch: 32
2025-12-04 16:31:09,159 INFO Final training 32/150, loss: 0.5903, time 109.57s, lr: 0.046137
Accuracy: 0.701
class                  precision    recall   specificity      f1   support
--------------------------------------------------------------------------
0                          0.712     0.864         0.669   0.781       280
1                          0.378     0.933         0.916   0.538        30
2                          0.827     0.504         0.910   0.626       266
*----------------------------------------*
2025-12-04 16:31:20,600 INFO Final validation 32/150, Val_acc: 0.5145, time 11.44sAccuracy: 0.556
class                  precision    recall   specificity      f1   support
--------------------------------------------------------------------------
0                          0.522     1.000         0.135   0.686        70
1                          0.000     0.000         1.000   0.000         8
2                          1.000     0.152         1.000   0.263        66
*========================================*
2025-12-04 16:31:25,013 INFO 0 Thu Dec  4 16:31:25 2025 Epoch: 33
2025-12-04 16:33:14,263 INFO Final training 33/150, loss: 0.6285, time 109.25s, lr: 0.045843
Accuracy: 0.679
class                  precision    recall   specificity      f1   support
--------------------------------------------------------------------------
0                          0.685     0.868         0.620   0.766       281
1                          0.366     0.867         0.918   0.515        30
2                          0.812     0.457         0.910   0.585       265
*----------------------------------------*
2025-12-04 16:33:14,263 INFO 0 Thu Dec  4 16:33:14 2025 Epoch: 34
2025-12-04 16:35:09,738 INFO Final training 34/150, loss: 0.5884, time 115.48s, lr: 0.045539
Accuracy: 0.710
class                  precision    recall   specificity      f1   support
--------------------------------------------------------------------------
0                          0.723     0.893         0.675   0.799       281
1                          0.378     0.933         0.916   0.538        30
2                          0.839     0.491         0.920   0.619       265
*----------------------------------------*
2025-12-04 16:35:21,220 INFO Final validation 34/150, Val_acc: 0.6623, time 11.48sAccuracy: 0.729
class                  precision    recall   specificity      f1   support
--------------------------------------------------------------------------
0                          0.882     0.643         0.919   0.744        70
1                          0.000     0.000         1.000   0.000         8
2                          0.645     0.909         0.577   0.755        66
*========================================*
2025-12-04 16:35:21,221 INFO New best (0.606829 --> 0.662269)
2025-12-04 16:35:27,034 INFO Copying best model to best_model.pt
2025-12-04 16:35:30,809 INFO 0 Thu Dec  4 16:35:30 2025 Epoch: 35
2025-12-04 16:37:21,127 INFO Final training 35/150, loss: 0.6006, time 110.32s, lr: 0.045225
Accuracy: 0.707
class                  precision    recall   specificity      f1   support
--------------------------------------------------------------------------
0                          0.718     0.886         0.668   0.793       281
1                          0.375     0.900         0.918   0.529        30
2                          0.834     0.494         0.916   0.621       265
*----------------------------------------*
2025-12-04 16:37:21,127 INFO 0 Thu Dec  4 16:37:21 2025 Epoch: 36
2025-12-04 16:39:09,564 INFO Final training 36/150, loss: 0.6440, time 108.44s, lr: 0.044902
Accuracy: 0.701
class                  precision    recall   specificity      f1   support
--------------------------------------------------------------------------
0                          0.715     0.879         0.669   0.788       280
1                          0.370     0.900         0.916   0.524        30
2                          0.824     0.492         0.910   0.616       266
*----------------------------------------*
2025-12-04 16:39:21,325 INFO Final validation 36/150, Val_acc: 0.2823, time 11.76sAccuracy: 0.389
class                  precision    recall   specificity      f1   support
--------------------------------------------------------------------------
0                          0.407     0.314         0.568   0.355        70
1                          0.000     0.000         0.794   0.000         8
2                          0.548     0.515         0.641   0.531        66
*========================================*
2025-12-04 16:39:25,658 INFO 0 Thu Dec  4 16:39:25 2025 Epoch: 37
2025-12-04 16:41:19,739 INFO Final training 37/150, loss: 0.5789, time 114.08s, lr: 0.044570
Accuracy: 0.715
class                  precision    recall   specificity      f1   support
--------------------------------------------------------------------------
0                          0.729     0.875         0.693   0.795       280
1                          0.365     0.900         0.914   0.519        30
2                          0.843     0.526         0.916   0.648       266
*----------------------------------------*
2025-12-04 16:41:19,740 INFO 0 Thu Dec  4 16:41:19 2025 Epoch: 38
2025-12-04 16:43:06,683 INFO Final training 38/150, loss: 0.6297, time 106.94s, lr: 0.044228
Accuracy: 0.703
class                  precision    recall   specificity      f1   support
--------------------------------------------------------------------------
0                          0.725     0.875         0.686   0.793       280
1                          0.348     0.800         0.918   0.485        30
2                          0.805     0.511         0.894   0.625       266
*----------------------------------------*
2025-12-04 16:43:18,600 INFO Final validation 38/150, Val_acc: 0.5544, time 11.92sAccuracy: 0.611
class                  precision    recall   specificity      f1   support
--------------------------------------------------------------------------
0                          0.578     0.957         0.338   0.720        70
1                          0.000     0.000         1.000   0.000         8
2                          0.750     0.318         0.910   0.447        66
*========================================*
2025-12-04 16:43:22,978 INFO 0 Thu Dec  4 16:43:22 2025 Epoch: 39
2025-12-04 16:45:13,454 INFO Final training 39/150, loss: 0.5900, time 110.48s, lr: 0.043878
Accuracy: 0.714
class                  precision    recall   specificity      f1   support
--------------------------------------------------------------------------
0                          0.729     0.883         0.688   0.799       281
1                          0.359     0.933         0.908   0.519        30
2                          0.854     0.509         0.926   0.638       265
*----------------------------------------*
2025-12-04 16:45:13,455 INFO 0 Thu Dec  4 16:45:13 2025 Epoch: 40
2025-12-04 16:47:01,444 INFO Final training 40/150, loss: 0.6017, time 107.99s, lr: 0.043518
Accuracy: 0.712
class                  precision    recall   specificity      f1   support
--------------------------------------------------------------------------
0                          0.712     0.915         0.647   0.801       281
1                          0.353     0.800         0.919   0.490        30
2                          0.878     0.487         0.942   0.626       265
*----------------------------------------*
2025-12-04 16:47:12,968 INFO Final validation 40/150, Val_acc: 0.1155, time 11.52sAccuracy: 0.132
class                  precision    recall   specificity      f1   support
--------------------------------------------------------------------------
0                          0.267     0.057         0.851   0.094        70
1                          0.011     0.125         0.324   0.020         8
2                          0.389     0.212         0.718   0.275        66
*========================================*
2025-12-04 16:47:17,336 INFO 0 Thu Dec  4 16:47:17 2025 Epoch: 41
2025-12-04 16:49:04,976 INFO Final training 41/150, loss: 0.5766, time 107.64s, lr: 0.043150
Accuracy: 0.712
class                  precision    recall   specificity      f1   support
--------------------------------------------------------------------------
0                          0.733     0.868         0.698   0.795       281
1                          0.359     0.933         0.908   0.519        30
2                          0.836     0.521         0.913   0.642       265
*----------------------------------------*
2025-12-04 16:49:05,443 INFO 0 Thu Dec  4 16:49:05 2025 Epoch: 42
2025-12-04 16:50:51,907 INFO Final training 42/150, loss: 0.6339, time 106.46s, lr: 0.042773
Accuracy: 0.707
class                  precision    recall   specificity      f1   support
--------------------------------------------------------------------------
0                          0.719     0.854         0.681   0.780       281
1                          0.386     0.733         0.936   0.506        30
2                          0.784     0.547         0.871   0.644       265
*----------------------------------------*
2025-12-04 16:51:03,323 INFO Final validation 42/150, Val_acc: 0.5168, time 11.42sAccuracy: 0.562
class                  precision    recall   specificity      f1   support
--------------------------------------------------------------------------
0                          0.528     0.943         0.203   0.677        70
1                          0.000     0.000         1.000   0.000         8
2                          0.789     0.227         0.949   0.353        66
*========================================*
2025-12-04 16:51:07,708 INFO 0 Thu Dec  4 16:51:07 2025 Epoch: 43
2025-12-04 16:53:00,766 INFO Final training 43/150, loss: 0.6023, time 113.06s, lr: 0.042388
Accuracy: 0.717
class                  precision    recall   specificity      f1   support
--------------------------------------------------------------------------
0                          0.719     0.857         0.682   0.782       280
1                          0.435     0.900         0.936   0.587        30
2                          0.811     0.549         0.890   0.655       266
*----------------------------------------*
2025-12-04 16:53:00,766 INFO 0 Thu Dec  4 16:53:00 2025 Epoch: 44
2025-12-04 16:54:52,236 INFO Final training 44/150, loss: 0.5815, time 111.47s, lr: 0.041995
Accuracy: 0.733
class                  precision    recall   specificity      f1   support
--------------------------------------------------------------------------
0                          0.740     0.875         0.709   0.802       280
1                          0.412     0.933         0.927   0.571        30
2                          0.842     0.560         0.910   0.673       266
*----------------------------------------*
2025-12-04 16:55:04,024 INFO Final validation 44/150, Val_acc: 0.5422, time 11.79sAccuracy: 0.590
class                  precision    recall   specificity      f1   support
--------------------------------------------------------------------------
0                          0.543     1.000         0.203   0.704        70
1                          0.000     0.000         1.000   0.000         8
2                          1.000     0.227         1.000   0.370        66
*========================================*
2025-12-04 16:55:08,462 INFO 0 Thu Dec  4 16:55:08 2025 Epoch: 45
2025-12-04 16:57:04,524 INFO Final training 45/150, loss: 0.5309, time 116.06s, lr: 0.041594
Accuracy: 0.722
class                  precision    recall   specificity      f1   support
--------------------------------------------------------------------------
0                          0.732     0.847         0.705   0.785       281
1                          0.410     0.833         0.934   0.549        30
2                          0.805     0.577         0.881   0.673       265
*----------------------------------------*
2025-12-04 16:57:04,525 INFO 0 Thu Dec  4 16:57:04 2025 Epoch: 46
2025-12-04 16:58:54,490 INFO Final training 46/150, loss: 0.5453, time 109.97s, lr: 0.041185
Accuracy: 0.731
class                  precision    recall   specificity      f1   support
--------------------------------------------------------------------------
0                          0.746     0.886         0.712   0.810       281
1                          0.373     0.833         0.923   0.515        30
2                          0.840     0.555         0.910   0.668       265
*----------------------------------------*
2025-12-04 16:59:06,308 INFO Final validation 46/150, Val_acc: 0.4421, time 11.82sAccuracy: 0.465
class                  precision    recall   specificity      f1   support
--------------------------------------------------------------------------
0                          1.000     0.014         1.000   0.028        70
1                          0.000     0.000         1.000   0.000         8
2                          0.462     1.000         0.013   0.632        66
*========================================*
2025-12-04 16:59:10,674 INFO 0 Thu Dec  4 16:59:10 2025 Epoch: 47
2025-12-04 17:01:05,011 INFO Final training 47/150, loss: 0.5367, time 114.34s, lr: 0.040768
Accuracy: 0.759
class                  precision    recall   specificity      f1   support
--------------------------------------------------------------------------
0                          0.760     0.900         0.729   0.824       281
1                          0.429     0.900         0.934   0.581        30
2                          0.872     0.592         0.926   0.706       265
*----------------------------------------*
2025-12-04 17:01:05,011 INFO 0 Thu Dec  4 17:01:05 2025 Epoch: 48
2025-12-04 17:02:58,931 INFO Final training 48/150, loss: 0.5187, time 113.92s, lr: 0.040344
Accuracy: 0.752
class                  precision    recall   specificity      f1   support
--------------------------------------------------------------------------
0                          0.749     0.907         0.713   0.821       280
1                          0.422     0.900         0.932   0.574        30
2                          0.879     0.571         0.932   0.692       266
*----------------------------------------*
2025-12-04 17:03:10,509 INFO Final validation 48/150, Val_acc: 0.3883, time 11.58sAccuracy: 0.500
class                  precision    recall   specificity      f1   support
--------------------------------------------------------------------------
0                          0.500     0.657         0.378   0.568        70
1                          0.000     0.000         0.860   0.000         8
2                          0.788     0.394         0.910   0.525        66
*========================================*
2025-12-04 17:03:14,872 INFO 0 Thu Dec  4 17:03:14 2025 Epoch: 49
2025-12-04 17:05:00,629 INFO Final training 49/150, loss: 0.5095, time 105.76s, lr: 0.039913
Accuracy: 0.747
class                  precision    recall   specificity      f1   support
--------------------------------------------------------------------------
0                          0.765     0.858         0.749   0.809       281
1                          0.431     0.933         0.932   0.589        30
2                          0.821     0.608         0.887   0.698       265
*----------------------------------------*
2025-12-04 17:05:00,630 INFO 0 Thu Dec  4 17:05:00 2025 Epoch: 50
2025-12-04 17:06:52,025 INFO Final training 50/150, loss: 0.5334, time 111.39s, lr: 0.039475
Accuracy: 0.764
class                  precision    recall   specificity      f1   support
--------------------------------------------------------------------------
0                          0.786     0.879         0.774   0.830       280
1                          0.383     0.767         0.932   0.511        30
2                          0.842     0.643         0.897   0.729       266
*----------------------------------------*
2025-12-04 17:07:03,817 INFO Final validation 50/150, Val_acc: 0.5381, time 11.79sAccuracy: 0.583
class                  precision    recall   specificity      f1   support
--------------------------------------------------------------------------
0                          0.538     1.000         0.189   0.700        70
1                          0.000     0.000         1.000   0.000         8
2                          1.000     0.212         1.000   0.350        66
*========================================*
2025-12-04 17:07:08,231 INFO 0 Thu Dec  4 17:07:08 2025 Epoch: 51
2025-12-04 17:08:56,735 INFO Final training 51/150, loss: 0.4989, time 108.50s, lr: 0.039030
Accuracy: 0.767
class                  precision    recall   specificity      f1   support
--------------------------------------------------------------------------
0                          0.774     0.875         0.756   0.821       281
1                          0.433     0.967         0.930   0.598        30
2                          0.874     0.630         0.923   0.732       265
*----------------------------------------*
2025-12-04 17:08:57,293 INFO 0 Thu Dec  4 17:08:57 2025 Epoch: 52
2025-12-04 17:10:49,533 INFO Final training 52/150, loss: 0.4371, time 112.24s, lr: 0.038578
Accuracy: 0.802
class                  precision    recall   specificity      f1   support
--------------------------------------------------------------------------
0                          0.814     0.861         0.814   0.837       280
1                          0.500     0.900         0.951   0.643        30
2                          0.858     0.729         0.897   0.789       266
*----------------------------------------*
2025-12-04 17:11:01,286 INFO Final validation 52/150, Val_acc: 0.1634, time 11.75sAccuracy: 0.250
class                  precision    recall   specificity      f1   support
--------------------------------------------------------------------------
0                          0.355     0.314         0.459   0.333        70
1                          0.000     0.000         0.522   0.000         8
2                          0.824     0.212         0.962   0.337        66
*========================================*
2025-12-04 17:11:05,663 INFO 0 Thu Dec  4 17:11:05 2025 Epoch: 53
2025-12-04 17:12:58,845 INFO Final training 53/150, loss: 0.4172, time 113.18s, lr: 0.038120
Accuracy: 0.828
class                  precision    recall   specificity      f1   support
--------------------------------------------------------------------------
0                          0.840     0.897         0.837   0.867       281
1                          0.510     0.867         0.954   0.642        30
2                          0.884     0.751         0.916   0.812       265
*----------------------------------------*
2025-12-04 17:12:58,846 INFO 0 Thu Dec  4 17:12:58 2025 Epoch: 54
2025-12-04 17:14:52,140 INFO Final training 54/150, loss: 0.4267, time 113.29s, lr: 0.037656
Accuracy: 0.816
class                  precision    recall   specificity      f1   support
--------------------------------------------------------------------------
0                          0.836     0.875         0.838   0.855       280
1                          0.481     0.833         0.951   0.610        30
2                          0.866     0.752         0.900   0.805       266
*----------------------------------------*
2025-12-04 17:15:03,700 INFO Final validation 54/150, Val_acc: 0.2600, time 11.56sAccuracy: 0.375
class                  precision    recall   specificity      f1   support
--------------------------------------------------------------------------
0                          0.541     0.286         0.770   0.374        70
1                          0.014     0.125         0.493   0.026         8
2                          0.892     0.500         0.949   0.641        66
*========================================*
2025-12-04 17:15:08,201 INFO 0 Thu Dec  4 17:15:08 2025 Epoch: 55
2025-12-04 17:16:59,902 INFO Final training 55/150, loss: 0.3688, time 111.70s, lr: 0.037186
Accuracy: 0.840
class                  precision    recall   specificity      f1   support
--------------------------------------------------------------------------
0                          0.862     0.890         0.864   0.876       281
1                          0.509     0.933         0.951   0.659        30
2                          0.892     0.777         0.920   0.831       265
*----------------------------------------*
2025-12-04 17:16:59,902 INFO 0 Thu Dec  4 17:16:59 2025 Epoch: 56
2025-12-04 17:18:49,484 INFO Final training 56/150, loss: 0.3736, time 109.58s, lr: 0.036710
Accuracy: 0.849
class                  precision    recall   specificity      f1   support
--------------------------------------------------------------------------
0                          0.886     0.883         0.892   0.884       281
1                          0.509     0.900         0.952   0.651        30
2                          0.881     0.808         0.907   0.843       265
*----------------------------------------*
2025-12-04 17:19:01,148 INFO Final validation 56/150, Val_acc: 0.1779, time 11.66sAccuracy: 0.229
class                  precision    recall   specificity      f1   support
--------------------------------------------------------------------------
0                          0.330     0.429         0.176   0.373        70
1                          0.000     0.000         0.632   0.000         8
2                          1.000     0.045         1.000   0.087        66
*========================================*
2025-12-04 17:19:05,513 INFO 0 Thu Dec  4 17:19:05 2025 Epoch: 57
2025-12-04 17:20:52,551 INFO Final training 57/150, loss: 0.3910, time 107.04s, lr: 0.036229
Accuracy: 0.851
class                  precision    recall   specificity      f1   support
--------------------------------------------------------------------------
0                          0.876     0.904         0.878   0.890       281
1                          0.466     0.900         0.943   0.614        30
2                          0.917     0.789         0.939   0.848       265
*----------------------------------------*
2025-12-04 17:20:52,551 INFO 0 Thu Dec  4 17:20:52 2025 Epoch: 58
2025-12-04 17:22:48,784 INFO Final training 58/150, loss: 0.3284, time 116.23s, lr: 0.035742
Accuracy: 0.842
class                  precision    recall   specificity      f1   support
--------------------------------------------------------------------------
0                          0.882     0.882         0.889   0.882       280
1                          0.475     0.967         0.941   0.637        30
2                          0.889     0.786         0.916   0.834       266
*----------------------------------------*
2025-12-04 17:23:00,737 INFO Final validation 58/150, Val_acc: 0.1773, time 11.95sAccuracy: 0.236
class                  precision    recall   specificity      f1   support
--------------------------------------------------------------------------
0                          0.375     0.343         0.459   0.358        70
1                          0.016     0.125         0.537   0.028         8
2                          0.562     0.136         0.910   0.220        66
*========================================*
2025-12-04 17:23:05,222 INFO 0 Thu Dec  4 17:23:05 2025 Epoch: 59
2025-12-04 17:24:52,815 INFO Final training 59/150, loss: 0.3570, time 107.59s, lr: 0.035251
Accuracy: 0.840
class                  precision    recall   specificity      f1   support
--------------------------------------------------------------------------
0                          0.866     0.875         0.872   0.870       280
1                          0.500     0.900         0.951   0.643        30
2                          0.887     0.797         0.913   0.840       266
*----------------------------------------*
2025-12-04 17:24:52,815 INFO 0 Thu Dec  4 17:24:52 2025 Epoch: 60
2025-12-04 17:26:44,929 INFO Final training 60/150, loss: 0.3250, time 112.11s, lr: 0.034754
Accuracy: 0.854
class                  precision    recall   specificity      f1   support
--------------------------------------------------------------------------
0                          0.885     0.875         0.892   0.880       281
1                          0.518     0.967         0.951   0.674        30
2                          0.897     0.819         0.920   0.856       265
*----------------------------------------*
2025-12-04 17:26:56,572 INFO Final validation 60/150, Val_acc: 0.2255, time 11.64sAccuracy: 0.326
class                  precision    recall   specificity      f1   support
--------------------------------------------------------------------------
0                          0.611     0.157         0.905   0.250        70
1                          0.024     0.250         0.404   0.044         8
2                          0.791     0.515         0.885   0.624        66
*========================================*
2025-12-04 17:27:01,081 INFO 0 Thu Dec  4 17:27:01 2025 Epoch: 61
2025-12-04 17:28:52,210 INFO Final training 61/150, loss: 0.3449, time 111.13s, lr: 0.034253
Accuracy: 0.854
class                  precision    recall   specificity      f1   support
--------------------------------------------------------------------------
0                          0.890     0.893         0.895   0.891       280
1                          0.500     0.933         0.949   0.651        30
2                          0.895     0.805         0.919   0.848       266
*----------------------------------------*
2025-12-04 17:28:52,651 INFO 0 Thu Dec  4 17:28:52 2025 Epoch: 62
2025-12-04 17:30:45,541 INFO Final training 62/150, loss: 0.2750, time 112.89s, lr: 0.033748
Accuracy: 0.880
class                  precision    recall   specificity      f1   support
--------------------------------------------------------------------------
0                          0.907     0.904         0.912   0.905       280
1                          0.549     0.933         0.958   0.691        30
2                          0.919     0.850         0.935   0.883       266
*----------------------------------------*
2025-12-04 17:30:57,187 INFO Final validation 62/150, Val_acc: 0.4635, time 11.65sAccuracy: 0.493
class                  precision    recall   specificity      f1   support
--------------------------------------------------------------------------
0                          0.490     1.000         0.014   0.657        70
1                          0.000     0.000         1.000   0.000         8
2                          1.000     0.015         1.000   0.030        66
*========================================*
2025-12-04 17:31:01,637 INFO 0 Thu Dec  4 17:31:01 2025 Epoch: 63
2025-12-04 17:32:54,757 INFO Final training 63/150, loss: 0.2891, time 113.12s, lr: 0.033239
Accuracy: 0.878
class                  precision    recall   specificity      f1   support
--------------------------------------------------------------------------
0                          0.906     0.900         0.912   0.903       280
1                          0.538     0.933         0.956   0.683        30
2                          0.919     0.850         0.935   0.883       266
*----------------------------------------*
2025-12-04 17:32:54,757 INFO 0 Thu Dec  4 17:32:54 2025 Epoch: 64
2025-12-04 17:34:47,573 INFO Final training 64/150, loss: 0.2368, time 112.82s, lr: 0.032725
Accuracy: 0.903
class                  precision    recall   specificity      f1   support
--------------------------------------------------------------------------
0                          0.929     0.929         0.932   0.929       281
1                          0.580     0.967         0.962   0.725        30
2                          0.939     0.868         0.952   0.902       265
*----------------------------------------*
2025-12-04 17:34:59,484 INFO Final validation 64/150, Val_acc: 0.1565, time 11.91sAccuracy: 0.243
class                  precision    recall   specificity      f1   support
--------------------------------------------------------------------------
0                          0.328     0.300         0.419   0.313        70
1                          0.000     0.000         0.544   0.000         8
2                          0.778     0.212         0.949   0.333        66
*========================================*
2025-12-04 17:35:03,977 INFO 0 Thu Dec  4 17:35:03 2025 Epoch: 65
2025-12-04 17:36:55,848 INFO Final training 65/150, loss: 0.2357, time 111.87s, lr: 0.032209
Accuracy: 0.906
class                  precision    recall   specificity      f1   support
--------------------------------------------------------------------------
0                          0.926     0.932         0.929   0.929       280
1                          0.609     0.933         0.967   0.737        30
2                          0.940     0.876         0.952   0.907       266
*----------------------------------------*
2025-12-04 17:36:55,848 INFO 0 Thu Dec  4 17:36:55 2025 Epoch: 66
2025-12-04 17:38:49,219 INFO Final training 66/150, loss: 0.2512, time 113.37s, lr: 0.031688
Accuracy: 0.906
class                  precision    recall   specificity      f1   support
--------------------------------------------------------------------------
0                          0.932     0.932         0.936   0.932       281
1                          0.560     0.966         0.960   0.709        29
2                          0.947     0.872         0.958   0.908       266
*----------------------------------------*
2025-12-04 17:39:00,797 INFO Final validation 66/150, Val_acc: 0.1560, time 11.58sAccuracy: 0.250
class                  precision    recall   specificity      f1   support
--------------------------------------------------------------------------
0                          0.351     0.286         0.500   0.315        70
1                          0.000     0.000         0.515   0.000         8
2                          0.762     0.242         0.936   0.368        66
*========================================*
2025-12-04 17:39:05,218 INFO 0 Thu Dec  4 17:39:05 2025 Epoch: 67
2025-12-04 17:40:56,631 INFO Final training 67/150, loss: 0.2571, time 111.41s, lr: 0.031165
Accuracy: 0.896
class                  precision    recall   specificity      f1   support
--------------------------------------------------------------------------
0                          0.934     0.904         0.939   0.919       281
1                          0.580     0.967         0.962   0.725        30
2                          0.917     0.879         0.932   0.898       265
*----------------------------------------*
2025-12-04 17:40:56,632 INFO 0 Thu Dec  4 17:40:56 2025 Epoch: 68
2025-12-04 17:42:48,832 INFO Final training 68/150, loss: 0.2510, time 112.20s, lr: 0.030638
Accuracy: 0.906
class                  precision    recall   specificity      f1   support
--------------------------------------------------------------------------
0                          0.932     0.932         0.936   0.932       280
1                          0.549     0.933         0.958   0.691        30
2                          0.951     0.876         0.961   0.912       266
*----------------------------------------*
2025-12-04 17:43:00,046 INFO Final validation 68/150, Val_acc: 0.5927, time 11.21sAccuracy: 0.674
class                  precision    recall   specificity      f1   support
--------------------------------------------------------------------------
0                          0.943     0.471         0.973   0.629        70
1                          0.000     0.000         0.949   0.000         8
2                          0.627     0.970         0.513   0.762        66
*========================================*
2025-12-04 17:43:04,396 INFO 0 Thu Dec  4 17:43:04 2025 Epoch: 69
2025-12-04 17:44:59,499 INFO Final training 69/150, loss: 0.2304, time 115.10s, lr: 0.030109
Accuracy: 0.896
class                  precision    recall   specificity      f1   support
--------------------------------------------------------------------------
0                          0.927     0.907         0.932   0.917       280
1                          0.578     0.867         0.965   0.693        30
2                          0.918     0.887         0.932   0.902       266
*----------------------------------------*
2025-12-04 17:44:59,500 INFO 0 Thu Dec  4 17:44:59 2025 Epoch: 70
2025-12-04 17:46:53,502 INFO Final training 70/150, loss: 0.2873, time 114.00s, lr: 0.029578
Accuracy: 0.887
class                  precision    recall   specificity      f1   support
--------------------------------------------------------------------------
0                          0.924     0.915         0.929   0.919       281
1                          0.500     0.862         0.954   0.633        29
2                          0.923     0.861         0.939   0.891       266
*----------------------------------------*
2025-12-04 17:47:05,069 INFO Final validation 70/150, Val_acc: 0.1981, time 11.57sAccuracy: 0.285
class                  precision    recall   specificity      f1   support
--------------------------------------------------------------------------
0                          0.381     0.343         0.473   0.361        70
1                          0.017     0.125         0.581   0.030         8
2                          0.696     0.242         0.910   0.360        66
*========================================*
2025-12-04 17:47:09,430 INFO 0 Thu Dec  4 17:47:09 2025 Epoch: 71
2025-12-04 17:48:58,394 INFO Final training 71/150, loss: 0.2422, time 108.96s, lr: 0.029045
Accuracy: 0.906
class                  precision    recall   specificity      f1   support
--------------------------------------------------------------------------
0                          0.941     0.918         0.946   0.929       280
1                          0.565     0.867         0.963   0.684        30
2                          0.930     0.898         0.942   0.914       266
*----------------------------------------*
2025-12-04 17:48:58,829 INFO 0 Thu Dec  4 17:48:58 2025 Epoch: 72
2025-12-04 17:50:52,314 INFO Final training 72/150, loss: 0.2858, time 113.48s, lr: 0.028509
Accuracy: 0.892
class                  precision    recall   specificity      f1   support
--------------------------------------------------------------------------
0                          0.915     0.918         0.919   0.917       281
1                          0.592     0.967         0.963   0.734        30
2                          0.927     0.857         0.942   0.890       265
*----------------------------------------*
2025-12-04 17:51:04,330 INFO Final validation 72/150, Val_acc: 0.1984, time 12.02sAccuracy: 0.278
class                  precision    recall   specificity      f1   support
--------------------------------------------------------------------------
0                          0.366     0.214         0.649   0.270        70
1                          0.041     0.375         0.485   0.074         8
2                          0.733     0.333         0.897   0.458        66
*========================================*
2025-12-04 17:51:08,753 INFO 0 Thu Dec  4 17:51:08 2025 Epoch: 73
2025-12-04 17:53:03,102 INFO Final training 73/150, loss: 0.1987, time 114.35s, lr: 0.027972
Accuracy: 0.913
class                  precision    recall   specificity      f1   support
--------------------------------------------------------------------------
0                          0.939     0.925         0.942   0.932       281
1                          0.614     0.900         0.969   0.730        30
2                          0.937     0.902         0.949   0.919       265
*----------------------------------------*
2025-12-04 17:53:03,103 INFO 0 Thu Dec  4 17:53:03 2025 Epoch: 74
2025-12-04 17:54:51,437 INFO Final training 74/150, loss: 0.1991, time 108.33s, lr: 0.027434
Accuracy: 0.925
class                  precision    recall   specificity      f1   support
--------------------------------------------------------------------------
0                          0.960     0.940         0.963   0.950       281
1                          0.558     0.967         0.958   0.707        30
2                          0.964     0.906         0.971   0.934       265
*----------------------------------------*
2025-12-04 17:55:02,982 INFO Final validation 74/150, Val_acc: 0.2078, time 11.54sAccuracy: 0.278
class                  precision    recall   specificity      f1   support
--------------------------------------------------------------------------
0                          0.352     0.529         0.081   0.423        70
1                          0.000     0.000         0.735   0.000         8
2                          1.000     0.045         1.000   0.087        66
*========================================*
2025-12-04 17:55:07,370 INFO 0 Thu Dec  4 17:55:07 2025 Epoch: 75
2025-12-04 17:57:01,589 INFO Final training 75/150, loss: 0.2594, time 114.22s, lr: 0.026894
Accuracy: 0.905
class                  precision    recall   specificity      f1   support
--------------------------------------------------------------------------
0                          0.928     0.922         0.932   0.925       281
1                          0.591     0.867         0.967   0.703        30
2                          0.933     0.891         0.945   0.911       265
*----------------------------------------*
2025-12-04 17:57:01,589 INFO 0 Thu Dec  4 17:57:01 2025 Epoch: 76
2025-12-04 17:58:52,200 INFO Final training 76/150, loss: 0.1967, time 110.61s, lr: 0.026353
Accuracy: 0.913
class                  precision    recall   specificity      f1   support
--------------------------------------------------------------------------
0                          0.952     0.915         0.956   0.933       281
1                          0.609     0.933         0.967   0.737        30
2                          0.927     0.909         0.939   0.918       265
*----------------------------------------*
2025-12-04 17:59:03,247 INFO Final validation 76/150, Val_acc: 0.1544, time 11.05sAccuracy: 0.208
class                  precision    recall   specificity      f1   support
--------------------------------------------------------------------------
0                          0.351     0.286         0.500   0.315        70
1                          0.026     0.250         0.449   0.047         8
2                          0.800     0.121         0.974   0.211        66
*========================================*
2025-12-04 17:59:07,672 INFO 0 Thu Dec  4 17:59:07 2025 Epoch: 77
2025-12-04 18:00:56,801 INFO Final training 77/150, loss: 0.1880, time 109.13s, lr: 0.025812
Accuracy: 0.918
class                  precision    recall   specificity      f1   support
--------------------------------------------------------------------------
0                          0.959     0.922         0.963   0.940       281
1                          0.600     1.000         0.963   0.750        30
2                          0.938     0.906         0.949   0.921       265
*----------------------------------------*
2025-12-04 18:00:56,802 INFO 0 Thu Dec  4 18:00:56 2025 Epoch: 78
2025-12-04 18:02:45,291 INFO Final training 78/150, loss: 0.1970, time 108.49s, lr: 0.025271
Accuracy: 0.931
class                  precision    recall   specificity      f1   support
--------------------------------------------------------------------------
0                          0.953     0.947         0.956   0.950       281
1                          0.617     0.967         0.967   0.753        30
2                          0.964     0.909         0.971   0.936       265
*----------------------------------------*
2025-12-04 18:02:56,464 INFO Final validation 78/150, Val_acc: 0.4583, time 11.17sAccuracy: 0.486
class                  precision    recall   specificity      f1   support
--------------------------------------------------------------------------
0                          0.486     1.000         0.000   0.654        70
1                          0.000     0.000         1.000   0.000         8
2                          0.000     0.000         1.000   0.000        66
*========================================*
2025-12-04 18:03:00,853 INFO 0 Thu Dec  4 18:03:00 2025 Epoch: 79
2025-12-04 18:04:53,884 INFO Final training 79/150, loss: 0.1882, time 113.03s, lr: 0.024729
Accuracy: 0.929
class                  precision    recall   specificity      f1   support
--------------------------------------------------------------------------
0                          0.956     0.925         0.959   0.940       280
1                          0.636     0.933         0.971   0.757        30
2                          0.950     0.932         0.958   0.941       266
*----------------------------------------*
2025-12-04 18:04:53,884 INFO 0 Thu Dec  4 18:04:53 2025 Epoch: 80
2025-12-04 18:06:44,200 INFO Final training 80/150, loss: 0.1535, time 110.32s, lr: 0.024188
Accuracy: 0.939
class                  precision    recall   specificity      f1   support
--------------------------------------------------------------------------
0                          0.957     0.950         0.959   0.954       281
1                          0.674     0.967         0.974   0.795        30
2                          0.965     0.925         0.971   0.944       265
*----------------------------------------*
2025-12-04 18:06:55,914 INFO Final validation 80/150, Val_acc: 0.1333, time 11.71sAccuracy: 0.181
class                  precision    recall   specificity      f1   support
--------------------------------------------------------------------------
0                          0.263     0.357         0.054   0.303        70
1                          0.000     0.000         0.669   0.000         8
2                          0.250     0.015         0.962   0.029        66
*========================================*
2025-12-04 18:07:00,343 INFO 0 Thu Dec  4 18:07:00 2025 Epoch: 81
2025-12-04 18:08:47,998 INFO Final training 81/150, loss: 0.1550, time 107.65s, lr: 0.023647
Accuracy: 0.941
class                  precision    recall   specificity      f1   support
--------------------------------------------------------------------------
0                          0.964     0.947         0.966   0.955       281
1                          0.630     0.967         0.969   0.763        30
2                          0.972     0.932         0.977   0.952       265
*----------------------------------------*
2025-12-04 18:08:48,476 INFO 0 Thu Dec  4 18:08:48 2025 Epoch: 82
2025-12-04 18:10:39,782 INFO Final training 82/150, loss: 0.1662, time 111.31s, lr: 0.023106
Accuracy: 0.934
class                  precision    recall   specificity      f1   support
--------------------------------------------------------------------------
0                          0.956     0.939         0.959   0.948       280
1                          0.700     0.933         0.978   0.800        30
2                          0.946     0.929         0.955   0.937       266
*----------------------------------------*
2025-12-04 18:10:51,235 INFO Final validation 82/150, Val_acc: 0.2007, time 11.45sAccuracy: 0.264
class                  precision    recall   specificity      f1   support
--------------------------------------------------------------------------
0                          0.342     0.543         0.014   0.420        70
1                          0.000     0.000         0.765   0.000         8
2                          0.000     0.000         0.987   0.000        66
*========================================*
2025-12-04 18:10:55,745 INFO 0 Thu Dec  4 18:10:55 2025 Epoch: 83
2025-12-04 18:12:45,540 INFO Final training 83/150, loss: 0.1505, time 109.79s, lr: 0.022566
Accuracy: 0.943
class                  precision    recall   specificity      f1   support
--------------------------------------------------------------------------
0                          0.971     0.943         0.973   0.957       281
1                          0.651     0.933         0.973   0.767        30
2                          0.962     0.943         0.968   0.952       265
*----------------------------------------*
2025-12-04 18:12:45,540 INFO 0 Thu Dec  4 18:12:45 2025 Epoch: 84
2025-12-04 18:14:36,441 INFO Final training 84/150, loss: 0.1843, time 110.90s, lr: 0.022028
Accuracy: 0.927
class                  precision    recall   specificity      f1   support
--------------------------------------------------------------------------
0                          0.978     0.936         0.980   0.956       280
1                          0.549     0.933         0.958   0.691        30
2                          0.949     0.917         0.958   0.933       266
*----------------------------------------*
2025-12-04 18:14:47,672 INFO Final validation 84/150, Val_acc: 0.1375, time 11.23sAccuracy: 0.201
class                  precision    recall   specificity      f1   support
--------------------------------------------------------------------------
0                          0.333     0.243         0.541   0.281        70
1                          0.027     0.250         0.471   0.049         8
2                          0.526     0.152         0.885   0.235        66
*========================================*
2025-12-04 18:14:52,068 INFO 0 Thu Dec  4 18:14:52 2025 Epoch: 85
2025-12-04 18:16:42,919 INFO Final training 85/150, loss: 0.1483, time 110.85s, lr: 0.021491
Accuracy: 0.944
class                  precision    recall   specificity      f1   support
--------------------------------------------------------------------------
0                          0.967     0.950         0.970   0.959       280
1                          0.707     0.967         0.978   0.817        30
2                          0.958     0.936         0.965   0.947       266
*----------------------------------------*
2025-12-04 18:16:42,920 INFO 0 Thu Dec  4 18:16:42 2025 Epoch: 86
2025-12-04 18:18:38,155 INFO Final training 86/150, loss: 0.1355, time 115.23s, lr: 0.020955
Accuracy: 0.944
class                  precision    recall   specificity      f1   support
--------------------------------------------------------------------------
0                          0.954     0.957         0.956   0.956       281
1                          0.732     1.000         0.980   0.845        30
2                          0.968     0.925         0.974   0.946       265
*----------------------------------------*
2025-12-04 18:18:49,640 INFO Final validation 86/150, Val_acc: 0.4583, time 11.48sAccuracy: 0.486
class                  precision    recall   specificity      f1   support
--------------------------------------------------------------------------
0                          0.486     1.000         0.000   0.654        70
1                          0.000     0.000         1.000   0.000         8
2                          0.000     0.000         1.000   0.000        66
*========================================*
2025-12-04 18:18:54,008 INFO 0 Thu Dec  4 18:18:54 2025 Epoch: 87
2025-12-04 18:20:51,084 INFO Final training 87/150, loss: 0.1344, time 117.07s, lr: 0.020422
Accuracy: 0.939
class                  precision    recall   specificity      f1   support
--------------------------------------------------------------------------
0                          0.954     0.950         0.956   0.952       281
1                          0.714     1.000         0.978   0.833        30
2                          0.961     0.921         0.968   0.940       265
*----------------------------------------*
2025-12-04 18:20:51,084 INFO 0 Thu Dec  4 18:20:51 2025 Epoch: 88
2025-12-04 18:22:48,332 INFO Final training 88/150, loss: 0.1035, time 117.25s, lr: 0.019891
Accuracy: 0.970
class                  precision    recall   specificity      f1   support
--------------------------------------------------------------------------
0                          0.979     0.979         0.980   0.979       280
1                          0.811     1.000         0.987   0.896        30
2                          0.985     0.959         0.987   0.971       266
*----------------------------------------*
2025-12-04 18:22:59,715 INFO Final validation 88/150, Val_acc: 0.1324, time 11.38sAccuracy: 0.208
class                  precision    recall   specificity      f1   support
--------------------------------------------------------------------------
0                          0.333     0.100         0.811   0.154        70
1                          0.021     0.250         0.309   0.038         8
2                          0.778     0.318         0.923   0.452        66
*========================================*
2025-12-04 18:23:04,086 INFO 0 Thu Dec  4 18:23:04 2025 Epoch: 89
2025-12-04 18:24:51,497 INFO Final training 89/150, loss: 0.1268, time 107.41s, lr: 0.019362
Accuracy: 0.957
class                  precision    recall   specificity      f1   support
--------------------------------------------------------------------------
0                          0.982     0.950         0.983   0.966       281
1                          0.744     0.967         0.982   0.841        30
2                          0.962     0.962         0.968   0.962       265
*----------------------------------------*
2025-12-04 18:24:51,498 INFO 0 Thu Dec  4 18:24:51 2025 Epoch: 90
2025-12-04 18:26:45,093 INFO Final training 90/150, loss: 0.1106, time 113.59s, lr: 0.018835
Accuracy: 0.955
class                  precision    recall   specificity      f1   support
--------------------------------------------------------------------------
0                          0.985     0.947         0.986   0.966       281
1                          0.698     1.000         0.976   0.822        30
2                          0.966     0.958         0.971   0.962       265
*----------------------------------------*
2025-12-04 18:26:56,617 INFO Final validation 90/150, Val_acc: 0.1236, time 11.52sAccuracy: 0.174
class                  precision    recall   specificity      f1   support
--------------------------------------------------------------------------
0                          0.298     0.200         0.554   0.239        70
1                          0.025     0.250         0.426   0.045         8
2                          0.529     0.136         0.897   0.217        66
*========================================*
2025-12-04 18:27:00,967 INFO [EarlyStopping] Stopping Validation for loss at epoch 90
2025-12-04 18:27:01,382 INFO Training Finished! Best Accuracy: 0.6623
2025-12-04 18:27:01,382 INFO ====================================================================================================
2025-12-04 18:27:01,382 INFO 
2025-12-04 18:27:12,733 INFO => loading checkpoint 'outputs/OrganoidsINRIA_reduced/resnet18/2025-12-04-15-25/training/best_model.pt'
2025-12-04 18:27:12,871 INFO Loaded 136 keys from checkpoint
2025-12-04 18:27:26,669 INFO Final testing , Test_acc: 0.5528, time 13.78sAccuracy: 0.683
class                  precision    recall   specificity      f1   support
--------------------------------------------------------------------------
0                          0.880     0.550         0.929   0.677        40
1                          0.000     0.000         1.000   0.000         5
2                          0.596     0.919         0.489   0.723        37
*========================================*
2025-12-04 18:27:27,107 INFO Testing Finished! Best Accuracy: 0.5528
2025-12-04 18:27:27,107 INFO ====================================================================================================
2025-12-04 18:27:30,624 INFO Total time spent: 03 hours 01 minutes 36 seconds
2025-12-04 18:27:30,624 INFO 
2025-12-04 18:27:30,624 INFO Final Results Summary:
2025-12-04 18:27:30,624 INFO | TrainLoss | TrainAcc | ValAccMax | W_TrainF1 | W_TrainPrecision | W_TrainRecall | W_TrainSpecificity | TestAcc | W_TestF1 | W_TestPrecision | W_TestRecall | W_TestSpecificity |
2025-12-04 18:27:30,624 INFO | 0.1106 | 0.9388 | 0.7292 | 0.7075 | 0.7246 | 0.7292 | 0.7667 | 0.6829 | 0.6566 | 0.6984 | 0.6829 | 0.7345 |
