2025-11-17 12:07:28,767 INFO Log directory: outputs/OrganoidsINRIA/densenet/2025-11-17-12-07
2025-11-17 12:07:28,770 INFO {'RandFlipd_prob': 0.2,
 'RandRotate90d_prob': 0.2,
 'RandScaleIntensityd_prob': 0.1,
 'RandShiftIntensityd_prob': 0.1,
 'amp': True,
 'augmentation': True,
 'batch_size': 2,
 'cache_dataset': False,
 'checkpoint_path': None,
 'data_dir': '/home/mraffael/martone_project/Organoids_Dataset/',
 'dataset_name': 'OrganoidsINRIA',
 'debug': False,
 'debug_train_samples': 40,
 'debug_val_samples': 10,
 'dist_backend': 'nccl',
 'dist_url': 'tcp://127.0.0.1:23456',
 'distributed': False,
 'dropout_path_rate': 0.0,
 'dropout_rate': 0.0,
 'early_stopping': True,
 'encoder10_pth': '',
 'exact_class': False,
 'feature_size': 48,
 'fold': 0,
 'folds': False,
 'gpu': 0,
 'ignore_label': 3,
 'in_channels': 1,
 'infer_overlap': 0.5,
 'k_folds': 5,
 'logdir': 'test',
 'logs_dir': 'logs/',
 'loss_name': 'CE',
 'lrschedule': 'warmup_cosine',
 'max_epochs': 150,
 'min_delta_loss': 0.001,
 'min_delta_val': 0.01,
 'model_name': 'densenet',
 'momentum': 0.99,
 'noamp': False,
 'norm_name': 'instance',
 'oar_id': 2122464,
 'optim_lr': 0.05,
 'optim_name': 'adamw',
 'out_channels': 1,
 'output_dir': 'outputs/',
 'patch_merging': False,
 'patience_loss': 40,
 'patience_val': 40,
 'pretrained_dir': '',
 'pretrained_model_name': '',
 'rank': 0,
 'reg_weight': 5e-05,
 'restart_T0': 20,
 'resume_ckpt': False,
 'roi_x': 128,
 'roi_y': 128,
 'roi_z': 128,
 'save_checkpoint': True,
 'seed': 3,
 'similarity_loss': '',
 'similarity_loss_weight': 0.0,
 'spatial_dims': 3,
 'split_method': 'stratified',
 'start_epoch': 0,
 'sw_batch_size': 8,
 'telegram_log': True,
 'test_mode': False,
 'token': './token/tlg_token.txt',
 'use_checkpoint': False,
 'val_every': 2,
 'warmup_epochs': 5,
 'workers': 8,
 'world_size': 1}
2025-11-17 12:07:28,770 INFO 
2025-11-17 12:07:28,774 INFO Saved configuration to: outputs/OrganoidsINRIA/densenet/2025-11-17-12-07/config.txt
2025-11-17 12:07:29,341 INFO Using GPU: 0
2025-11-17 12:07:29,341 INFO 
2025-11-17 12:07:29,342 INFO Model INFO:
2025-11-17 12:07:29,342 INFO Model architecture: densenet
2025-11-17 12:07:29,609 INFO Total trainable parameters: 25,336,579
2025-11-17 12:07:29,659 INFO 
2025-11-17 12:07:29,659 INFO Optimizer INFO:
2025-11-17 12:07:29,661 INFO Using optimizer: adamw with lr=0.05, weight_decay=5e-05
2025-11-17 12:07:29,661 INFO 
2025-11-17 12:07:29,661 INFO Dataset INFO:
2025-11-17 12:07:29,681 INFO Dataset length: 721
2025-11-17 12:07:29,681 INFO Class distribution in entire dataset:
2025-11-17 12:07:29,681 INFO   Class 0: 351
2025-11-17 12:07:29,681 INFO   Class 1: 38
2025-11-17 12:07:29,681 INFO   Class 2: 332
2025-11-17 12:07:29,681 INFO 
Using split method: stratified
2025-11-17 12:07:29,694 INFO 
Train set balance:
2025-11-17 12:07:29,694 INFO 
Val set balance:
2025-11-17 12:07:29,694 INFO Training set length: 577
2025-11-17 12:07:29,694 INFO Validation set length: 144
2025-11-17 12:07:29,694 INFO 
Using standard shuffle for training
2025-11-17 12:07:29,694 INFO Training loader: 288 batches
2025-11-17 12:07:29,694 INFO Validation loader: 72 batches
2025-11-17 12:07:29,694 INFO 
Class distribution in training set:
2025-11-17 12:07:29,694 INFO   Class 0: 281 (48.7%)
2025-11-17 12:07:29,694 INFO   Class 1: 30 (5.2%)
2025-11-17 12:07:29,694 INFO   Class 2: 266 (46.1%)
2025-11-17 12:07:29,694 INFO Class distribution in validation set:
2025-11-17 12:07:29,695 INFO   Class 0: 70 (48.6%)
2025-11-17 12:07:29,695 INFO   Class 1: 8 (5.6%)
2025-11-17 12:07:29,695 INFO   Class 2: 66 (45.8%)
2025-11-17 12:07:29,695 INFO **************************************************
2025-11-17 12:07:29,726 INFO Class weights: [ 6.845  64.111  7.231]
2025-11-17 12:07:29,726 INFO 
2025-11-17 12:07:29,726 INFO Test Dataset INFO:
2025-11-17 12:07:29,751 INFO Test Dataset length: 82
2025-11-17 12:07:29,751 INFO Class distribution in test dataset:
2025-11-17 12:07:29,751 INFO   Class 0: 40
2025-11-17 12:07:29,751 INFO   Class 1: 5
2025-11-17 12:07:29,751 INFO   Class 2: 37
2025-11-17 12:07:29,751 INFO Test loader: 41 batches
2025-11-17 12:07:29,751 INFO **************************************************
2025-11-17 12:07:29,751 INFO 
2025-11-17 12:07:29,751 INFO Using loss function: CE
2025-11-17 12:07:29,754 INFO **************************************************
2025-11-17 12:07:29,754 INFO Starting training...
2025-11-17 12:07:29,758 INFO 0 Mon Nov 17 12:07:29 2025 Epoch: 1
2025-11-17 12:15:59,800 INFO Final training 1/150, loss: 1.1069, time 510.04s, lr: 0.000000
Accuracy: 0.052
class                  precision    recall   specificity      f1   support
--------------------------------------------------------------------------
0                          0.000     0.000         1.000   0.000       281
1                          0.052     1.000         0.000   0.099        30
2                          0.000     0.000         1.000   0.000       265
*----------------------------------------*
2025-11-17 12:16:00,240 INFO 0 Mon Nov 17 12:16:00 2025 Epoch: 2
2025-11-17 12:24:21,629 INFO Final training 2/150, loss: 1.1642, time 501.39s, lr: 0.012500
Accuracy: 0.441
class                  precision    recall   specificity      f1   support
--------------------------------------------------------------------------
0                          0.464     0.504         0.449   0.483       280
1                          0.077     0.067         0.956   0.071        30
2                          0.451     0.417         0.565   0.434       266
*----------------------------------------*
2025-11-17 12:26:49,909 INFO Final validation 2/150, Val_acc: 0.1030, time 148.28sAccuracy: 0.125
class                  precision    recall   specificity      f1   support
--------------------------------------------------------------------------
0                          0.193     0.157         0.378   0.173        70
1                          0.029     0.125         0.757   0.048         8
2                          0.113     0.091         0.397   0.101        66
*========================================*
2025-11-17 12:26:49,910 INFO New best (0.000000 --> 0.103009)
2025-11-17 12:26:54,877 INFO Copying best model to best_model.pt
2025-11-17 12:26:57,735 INFO 0 Mon Nov 17 12:26:57 2025 Epoch: 3
2025-11-17 12:34:54,157 INFO Final training 3/150, loss: 1.5138, time 476.42s, lr: 0.025000
Accuracy: 0.469
class                  precision    recall   specificity      f1   support
--------------------------------------------------------------------------
0                          0.525     0.516         0.556   0.521       281
1                          0.053     0.067         0.934   0.059        30
2                          0.469     0.464         0.553   0.467       265
*----------------------------------------*
2025-11-17 12:34:54,157 INFO 0 Mon Nov 17 12:34:54 2025 Epoch: 4
2025-11-17 12:43:12,471 INFO Final training 4/150, loss: 2.7324, time 498.31s, lr: 0.037500
Accuracy: 0.436
class                  precision    recall   specificity      f1   support
--------------------------------------------------------------------------
0                          0.489     0.457         0.547   0.472       280
1                          0.060     0.100         0.914   0.075        30
2                          0.455     0.451         0.535   0.453       266
*----------------------------------------*
2025-11-17 12:44:01,331 INFO Final validation 4/150, Val_acc: 0.0532, time 48.86sAccuracy: 0.056
class                  precision    recall   specificity      f1   support
--------------------------------------------------------------------------
0                          0.000     0.000         0.973   0.000        70
1                          0.056     1.000         0.015   0.107         8
2                          0.000     0.000         1.000   0.000        66
*========================================*
2025-11-17 12:44:04,938 INFO 0 Mon Nov 17 12:44:04 2025 Epoch: 5
2025-11-17 12:52:18,429 INFO Final training 5/150, loss: 2.4543, time 493.49s, lr: 0.050000
Accuracy: 0.405
class                  precision    recall   specificity      f1   support
--------------------------------------------------------------------------
0                          0.444     0.425         0.497   0.434       280
1                          0.043     0.067         0.919   0.053        30
2                          0.427     0.421         0.516   0.424       266
*----------------------------------------*
2025-11-17 12:52:18,430 INFO 0 Mon Nov 17 12:52:18 2025 Epoch: 6
2025-11-17 13:00:25,964 INFO Final training 6/150, loss: 1.7634, time 487.53s, lr: 0.050000
Accuracy: 0.432
class                  precision    recall   specificity      f1   support
--------------------------------------------------------------------------
0                          0.478     0.464         0.520   0.471       280
1                          0.071     0.100         0.929   0.083        30
2                          0.443     0.436         0.529   0.439       266
*----------------------------------------*
2025-11-17 13:01:14,793 INFO Final validation 6/150, Val_acc: 0.4583, time 48.83sAccuracy: 0.458
class                  precision    recall   specificity      f1   support
--------------------------------------------------------------------------
0                          0.000     0.000         1.000   0.000        70
1                          0.000     0.000         1.000   0.000         8
2                          0.458     1.000         0.000   0.629        66
*========================================*
2025-11-17 13:01:14,793 INFO New best (0.103009 --> 0.458333)
2025-11-17 13:01:19,836 INFO Copying best model to best_model.pt
2025-11-17 13:01:22,814 INFO 0 Mon Nov 17 13:01:22 2025 Epoch: 7
2025-11-17 13:09:22,102 INFO Final training 7/150, loss: 1.2832, time 479.29s, lr: 0.049994
Accuracy: 0.444
class                  precision    recall   specificity      f1   support
--------------------------------------------------------------------------
0                          0.470     0.448         0.519   0.459       281
1                          0.000     0.000         0.982   0.000        29
2                          0.436     0.489         0.458   0.461       266
*----------------------------------------*
2025-11-17 13:09:22,102 INFO 0 Mon Nov 17 13:09:22 2025 Epoch: 8
2025-11-17 13:17:41,463 INFO Final training 8/150, loss: 1.7045, time 499.36s, lr: 0.049977
Accuracy: 0.434
class                  precision    recall   specificity      f1   support
--------------------------------------------------------------------------
0                          0.483     0.495         0.495   0.489       281
1                          0.079     0.103         0.936   0.090        29
2                          0.432     0.406         0.542   0.419       266
*----------------------------------------*
2025-11-17 13:18:30,040 INFO Final validation 8/150, Val_acc: 0.4977, time 48.58sAccuracy: 0.500
class                  precision    recall   specificity      f1   support
--------------------------------------------------------------------------
0                          0.493     1.000         0.027   0.660        70
1                          0.000     0.000         1.000   0.000         8
2                          1.000     0.030         1.000   0.059        66
*========================================*
2025-11-17 13:18:30,040 INFO New best (0.458333 --> 0.497685)
2025-11-17 13:18:35,004 INFO Copying best model to best_model.pt
2025-11-17 13:18:37,939 INFO 0 Mon Nov 17 13:18:37 2025 Epoch: 9
2025-11-17 13:26:33,504 INFO Final training 9/150, loss: 11.1793, time 475.56s, lr: 0.049947
Accuracy: 0.422
class                  precision    recall   specificity      f1   support
--------------------------------------------------------------------------
0                          0.504     0.482         0.551   0.493       280
1                          0.029     0.067         0.875   0.040        30
2                          0.445     0.398         0.574   0.421       266
*----------------------------------------*
2025-11-17 13:26:33,504 INFO 0 Mon Nov 17 13:26:33 2025 Epoch: 10
2025-11-17 13:34:46,637 INFO Final training 10/150, loss: 1.2412, time 493.13s, lr: 0.049906
Accuracy: 0.384
class                  precision    recall   specificity      f1   support
--------------------------------------------------------------------------
0                          0.412     0.335         0.546   0.369       281
1                          0.000     0.000         0.949   0.000        30
2                          0.397     0.479         0.379   0.434       265
*----------------------------------------*
2025-11-17 13:35:35,029 INFO Final validation 10/150, Val_acc: 0.4583, time 48.39sAccuracy: 0.458
class                  precision    recall   specificity      f1   support
--------------------------------------------------------------------------
0                          0.000     0.000         1.000   0.000        70
1                          0.000     0.000         1.000   0.000         8
2                          0.458     1.000         0.000   0.629        66
*========================================*
2025-11-17 13:35:38,637 INFO 0 Mon Nov 17 13:35:38 2025 Epoch: 11
2025-11-17 13:43:58,376 INFO Final training 11/150, loss: 0.9891, time 499.74s, lr: 0.049853
Accuracy: 0.507
class                  precision    recall   specificity      f1   support
--------------------------------------------------------------------------
0                          0.519     0.575         0.497   0.546       280
1                          0.000     0.000         0.996   0.000        30
2                          0.496     0.492         0.571   0.494       266
*----------------------------------------*
2025-11-17 13:43:58,812 INFO 0 Mon Nov 17 13:43:58 2025 Epoch: 12
2025-11-17 13:51:40,434 INFO Final training 12/150, loss: 1.1584, time 461.62s, lr: 0.049789
Accuracy: 0.458
class                  precision    recall   specificity      f1   support
--------------------------------------------------------------------------
0                          0.490     0.523         0.481   0.506       281
1                          0.045     0.033         0.962   0.038        30
2                          0.457     0.438         0.556   0.447       265
*----------------------------------------*
2025-11-17 13:52:28,262 INFO Final validation 12/150, Val_acc: 0.4977, time 47.83sAccuracy: 0.500
class                  precision    recall   specificity      f1   support
--------------------------------------------------------------------------
0                          0.493     1.000         0.027   0.660        70
1                          0.000     0.000         1.000   0.000         8
2                          1.000     0.030         1.000   0.059        66
*========================================*
2025-11-17 13:52:31,866 INFO 0 Mon Nov 17 13:52:31 2025 Epoch: 13
2025-11-17 14:00:18,330 INFO Final training 13/150, loss: 1.7113, time 466.46s, lr: 0.049713
Accuracy: 0.432
class                  precision    recall   specificity      f1   support
--------------------------------------------------------------------------
0                          0.471     0.461         0.510   0.466       280
1                          0.056     0.067         0.938   0.061        30
2                          0.444     0.444         0.523   0.444       266
*----------------------------------------*
2025-11-17 14:00:18,331 INFO 0 Mon Nov 17 14:00:18 2025 Epoch: 14
2025-11-17 14:08:11,826 INFO Final training 14/150, loss: 1.2757, time 473.49s, lr: 0.049625
Accuracy: 0.484
class                  precision    recall   specificity      f1   support
--------------------------------------------------------------------------
0                          0.500     0.500         0.527   0.500       280
1                          0.000     0.000         0.989   0.000        30
2                          0.479     0.523         0.513   0.500       266
*----------------------------------------*
2025-11-17 14:08:59,791 INFO Final validation 14/150, Val_acc: 0.4861, time 47.97sAccuracy: 0.486
class                  precision    recall   specificity      f1   support
--------------------------------------------------------------------------
0                          0.486     1.000         0.000   0.654        70
1                          0.000     0.000         1.000   0.000         8
2                          0.000     0.000         1.000   0.000        66
*========================================*
2025-11-17 14:09:03,885 INFO 0 Mon Nov 17 14:09:03 2025 Epoch: 15
2025-11-17 14:17:02,171 INFO Final training 15/150, loss: 1.3651, time 478.29s, lr: 0.049526
Accuracy: 0.446
class                  precision    recall   specificity      f1   support
--------------------------------------------------------------------------
0                          0.469     0.431         0.536   0.449       281
1                          0.133     0.133         0.952   0.133        30
2                          0.458     0.498         0.498   0.477       265
*----------------------------------------*
2025-11-17 14:17:02,172 INFO 0 Mon Nov 17 14:17:02 2025 Epoch: 16
2025-11-17 14:25:02,062 INFO Final training 16/150, loss: 1.3644, time 479.89s, lr: 0.049416
Accuracy: 0.460
class                  precision    recall   specificity      f1   support
--------------------------------------------------------------------------
0                          0.490     0.502         0.502   0.496       281
1                          0.083     0.067         0.960   0.074        30
2                          0.462     0.460         0.543   0.461       265
*----------------------------------------*
2025-11-17 14:25:49,956 INFO Final validation 16/150, Val_acc: 0.4977, time 47.89sAccuracy: 0.500
class                  precision    recall   specificity      f1   support
--------------------------------------------------------------------------
0                          0.493     1.000         0.027   0.660        70
1                          0.000     0.000         1.000   0.000         8
2                          1.000     0.030         1.000   0.059        66
*========================================*
2025-11-17 14:25:53,470 INFO 0 Mon Nov 17 14:25:53 2025 Epoch: 17
2025-11-17 14:33:47,176 INFO Final training 17/150, loss: 2.4732, time 473.71s, lr: 0.049293
Accuracy: 0.436
class                  precision    recall   specificity      f1   support
--------------------------------------------------------------------------
0                          0.491     0.411         0.598   0.447       280
1                          0.054     0.100         0.903   0.070        30
2                          0.465     0.500         0.506   0.482       266
*----------------------------------------*
2025-11-17 14:33:47,177 INFO 0 Mon Nov 17 14:33:47 2025 Epoch: 18
2025-11-17 14:41:48,620 INFO Final training 18/150, loss: 1.3602, time 481.44s, lr: 0.049160
Accuracy: 0.462
class                  precision    recall   specificity      f1   support
--------------------------------------------------------------------------
0                          0.485     0.475         0.524   0.480       280
1                          0.000     0.000         0.960   0.000        30
2                          0.475     0.500         0.526   0.487       266
*----------------------------------------*
2025-11-17 14:42:36,688 INFO Final validation 18/150, Val_acc: 0.4861, time 48.07sAccuracy: 0.486
class                  precision    recall   specificity      f1   support
--------------------------------------------------------------------------
0                          0.486     1.000         0.000   0.654        70
1                          0.000     0.000         1.000   0.000         8
2                          0.000     0.000         1.000   0.000        66
*========================================*
2025-11-17 14:42:40,272 INFO 0 Mon Nov 17 14:42:40 2025 Epoch: 19
2025-11-17 14:50:34,480 INFO Final training 19/150, loss: 2.2985, time 474.21s, lr: 0.049015
Accuracy: 0.415
class                  precision    recall   specificity      f1   support
--------------------------------------------------------------------------
0                          0.470     0.446         0.524   0.458       280
1                          0.050     0.100         0.896   0.067        30
2                          0.444     0.417         0.552   0.430       266
*----------------------------------------*
2025-11-17 14:50:34,480 INFO 0 Mon Nov 17 14:50:34 2025 Epoch: 20
2025-11-17 14:58:36,620 INFO Final training 20/150, loss: 1.9463, time 482.14s, lr: 0.048859
Accuracy: 0.455
class                  precision    recall   specificity      f1   support
--------------------------------------------------------------------------
0                          0.486     0.502         0.495   0.494       281
1                          0.067     0.067         0.949   0.067        30
2                          0.465     0.449         0.559   0.457       265
*----------------------------------------*
2025-11-17 14:59:24,628 INFO Final validation 20/150, Val_acc: 0.4444, time 48.01sAccuracy: 0.444
class                  precision    recall   specificity      f1   support
--------------------------------------------------------------------------
0                          0.000     0.000         1.000   0.000        70
1                          0.000     0.000         0.985   0.000         8
2                          0.451     0.970         0.000   0.615        66
*========================================*
2025-11-17 14:59:28,224 INFO 0 Mon Nov 17 14:59:28 2025 Epoch: 21
2025-11-17 15:07:20,274 INFO Final training 21/150, loss: 2.0262, time 472.05s, lr: 0.048691
Accuracy: 0.450
class                  precision    recall   specificity      f1   support
--------------------------------------------------------------------------
0                          0.493     0.470         0.539   0.481       281
1                          0.042     0.069         0.916   0.052        29
2                          0.481     0.470         0.565   0.475       266
*----------------------------------------*
2025-11-17 15:07:20,722 INFO 0 Mon Nov 17 15:07:20 2025 Epoch: 22
2025-11-17 15:15:26,985 INFO Final training 22/150, loss: 1.9887, time 486.26s, lr: 0.048513
Accuracy: 0.467
class                  precision    recall   specificity      f1   support
--------------------------------------------------------------------------
0                          0.500     0.504         0.524   0.502       280
1                          0.059     0.067         0.941   0.062        30
2                          0.485     0.474         0.568   0.479       266
*----------------------------------------*
2025-11-17 15:16:14,820 INFO Final validation 22/150, Val_acc: 0.4838, time 47.83sAccuracy: 0.486
class                  precision    recall   specificity      f1   support
--------------------------------------------------------------------------
0                          0.493     1.000         0.027   0.660        70
1                          0.000     0.000         0.985   0.000         8
2                          0.000     0.000         1.000   0.000        66
*========================================*
2025-11-17 15:16:18,360 INFO 0 Mon Nov 17 15:16:18 2025 Epoch: 23
2025-11-17 15:24:07,408 INFO Final training 23/150, loss: 1.8727, time 469.05s, lr: 0.048323
Accuracy: 0.434
class                  precision    recall   specificity      f1   support
--------------------------------------------------------------------------
0                          0.481     0.539         0.449   0.508       280
1                          0.056     0.067         0.938   0.061        30
2                          0.429     0.365         0.584   0.394       266
*----------------------------------------*
2025-11-17 15:24:07,408 INFO 0 Mon Nov 17 15:24:07 2025 Epoch: 24
2025-11-17 15:31:53,534 INFO Final training 24/150, loss: 1.3262, time 466.13s, lr: 0.048123
Accuracy: 0.470
class                  precision    recall   specificity      f1   support
--------------------------------------------------------------------------
0                          0.507     0.534         0.505   0.520       281
1                          0.029     0.033         0.940   0.031        30
2                          0.488     0.453         0.595   0.470       265
*----------------------------------------*
2025-11-17 15:32:41,441 INFO Final validation 24/150, Val_acc: 0.2523, time 47.91sAccuracy: 0.319
class                  precision    recall   specificity      f1   support
--------------------------------------------------------------------------
0                          0.851     0.571         0.905   0.684        70
1                          0.062     0.750         0.331   0.114         8
2                          0.000     0.000         1.000   0.000        66
*========================================*
2025-11-17 15:32:45,062 INFO 0 Mon Nov 17 15:32:45 2025 Epoch: 25
2025-11-17 15:40:31,798 INFO Final training 25/150, loss: 2.2030, time 466.73s, lr: 0.047911
Accuracy: 0.441
class                  precision    recall   specificity      f1   support
--------------------------------------------------------------------------
0                          0.496     0.484         0.532   0.490       281
1                          0.094     0.200         0.894   0.128        30
2                          0.471     0.423         0.595   0.445       265
*----------------------------------------*
2025-11-17 15:40:31,798 INFO 0 Mon Nov 17 15:40:31 2025 Epoch: 26
2025-11-17 15:48:36,609 INFO Final training 26/150, loss: 5.3045, time 484.81s, lr: 0.047689
Accuracy: 0.431
class                  precision    recall   specificity      f1   support
--------------------------------------------------------------------------
0                          0.481     0.457         0.534   0.469       280
1                          0.023     0.033         0.921   0.027        30
2                          0.447     0.447         0.526   0.447       266
*----------------------------------------*
2025-11-17 15:49:24,405 INFO Final validation 26/150, Val_acc: 0.4444, time 47.80sAccuracy: 0.444
class                  precision    recall   specificity      f1   support
--------------------------------------------------------------------------
0                          0.000     0.000         1.000   0.000        70
1                          0.000     0.000         0.985   0.000         8
2                          0.451     0.970         0.000   0.615        66
*========================================*
2025-11-17 15:49:27,958 INFO 0 Mon Nov 17 15:49:27 2025 Epoch: 27
2025-11-17 15:57:20,127 INFO Final training 27/150, loss: 1.4666, time 472.17s, lr: 0.047457
Accuracy: 0.483
class                  precision    recall   specificity      f1   support
--------------------------------------------------------------------------
0                          0.514     0.523         0.529   0.519       281
1                          0.100     0.067         0.967   0.080        30
2                          0.478     0.487         0.547   0.482       265
*----------------------------------------*
2025-11-17 15:57:20,128 INFO 0 Mon Nov 17 15:57:20 2025 Epoch: 28
2025-11-17 16:05:15,480 INFO Final training 28/150, loss: 1.6866, time 475.35s, lr: 0.047213
Accuracy: 0.417
class                  precision    recall   specificity      f1   support
--------------------------------------------------------------------------
0                          0.463     0.443         0.514   0.453       280
1                          0.024     0.033         0.925   0.028        30
2                          0.432     0.432         0.513   0.432       266
*----------------------------------------*
2025-11-17 16:06:03,555 INFO Final validation 28/150, Val_acc: 0.4583, time 48.07sAccuracy: 0.458
class                  precision    recall   specificity      f1   support
--------------------------------------------------------------------------
0                          0.000     0.000         1.000   0.000        70
1                          0.000     0.000         1.000   0.000         8
2                          0.458     1.000         0.000   0.629        66
*========================================*
2025-11-17 16:06:07,184 INFO 0 Mon Nov 17 16:06:07 2025 Epoch: 29
2025-11-17 16:14:07,361 INFO Final training 29/150, loss: 1.3348, time 480.18s, lr: 0.046960
Accuracy: 0.443
class                  precision    recall   specificity      f1   support
--------------------------------------------------------------------------
0                          0.481     0.456         0.532   0.468       281
1                          0.062     0.067         0.945   0.065        30
2                          0.450     0.472         0.508   0.460       265
*----------------------------------------*
2025-11-17 16:14:07,361 INFO 0 Mon Nov 17 16:14:07 2025 Epoch: 30
2025-11-17 16:21:59,281 INFO Final training 30/150, loss: 1.4500, time 471.92s, lr: 0.046696
Accuracy: 0.443
class                  precision    recall   specificity      f1   support
--------------------------------------------------------------------------
0                          0.490     0.502         0.502   0.496       281
1                          0.000     0.000         0.938   0.000        30
2                          0.449     0.430         0.550   0.439       265
*----------------------------------------*
2025-11-17 16:22:47,537 INFO Final validation 30/150, Val_acc: 0.4444, time 48.26sAccuracy: 0.444
class                  precision    recall   specificity      f1   support
--------------------------------------------------------------------------
0                          0.000     0.000         1.000   0.000        70
1                          0.000     0.000         0.985   0.000         8
2                          0.451     0.970         0.000   0.615        66
*========================================*
2025-11-17 16:22:51,104 INFO 0 Mon Nov 17 16:22:51 2025 Epoch: 31
2025-11-17 16:31:06,644 INFO Final training 31/150, loss: 1.4380, time 495.54s, lr: 0.046421
Accuracy: 0.474
class                  precision    recall   specificity      f1   support
--------------------------------------------------------------------------
0                          0.507     0.505         0.532   0.506       281
1                          0.071     0.067         0.952   0.069        30
2                          0.481     0.487         0.553   0.484       265
*----------------------------------------*
2025-11-17 16:31:07,111 INFO 0 Mon Nov 17 16:31:07 2025 Epoch: 32
2025-11-17 16:39:19,893 INFO Final training 32/150, loss: 2.1836, time 492.78s, lr: 0.046137
Accuracy: 0.450
class                  precision    recall   specificity      f1   support
--------------------------------------------------------------------------
0                          0.489     0.486         0.520   0.487       280
1                          0.054     0.100         0.903   0.070        30
2                          0.496     0.451         0.606   0.472       266
*----------------------------------------*
2025-11-17 16:40:07,877 INFO Final validation 32/150, Val_acc: 0.4861, time 47.98sAccuracy: 0.486
class                  precision    recall   specificity      f1   support
--------------------------------------------------------------------------
0                          0.486     1.000         0.000   0.654        70
1                          0.000     0.000         1.000   0.000         8
2                          0.000     0.000         1.000   0.000        66
*========================================*
2025-11-17 16:40:11,402 INFO 0 Mon Nov 17 16:40:11 2025 Epoch: 33
2025-11-17 16:48:10,449 INFO Final training 33/150, loss: 1.9475, time 479.05s, lr: 0.045843
Accuracy: 0.484
class                  precision    recall   specificity      f1   support
--------------------------------------------------------------------------
0                          0.520     0.471         0.588   0.494       280
1                          0.042     0.067         0.916   0.051        30
2                          0.529     0.545         0.584   0.537       266
*----------------------------------------*
2025-11-17 16:48:10,450 INFO 0 Mon Nov 17 16:48:10 2025 Epoch: 34
2025-11-17 16:55:55,539 INFO Final training 34/150, loss: 1.2402, time 465.09s, lr: 0.045539
Accuracy: 0.431
class                  precision    recall   specificity      f1   support
--------------------------------------------------------------------------
0                          0.462     0.427         0.525   0.444       281
1                          0.056     0.034         0.969   0.043        29
2                          0.426     0.477         0.448   0.450       266
*----------------------------------------*
2025-11-17 16:56:44,087 INFO Final validation 34/150, Val_acc: 0.4977, time 48.55sAccuracy: 0.500
class                  precision    recall   specificity      f1   support
--------------------------------------------------------------------------
0                          0.493     1.000         0.027   0.660        70
1                          0.000     0.000         1.000   0.000         8
2                          1.000     0.030         1.000   0.059        66
*========================================*
2025-11-17 16:56:47,671 INFO 0 Mon Nov 17 16:56:47 2025 Epoch: 35
2025-11-17 17:04:39,599 INFO Final training 35/150, loss: 1.7963, time 471.93s, lr: 0.045225
Accuracy: 0.453
class                  precision    recall   specificity      f1   support
--------------------------------------------------------------------------
0                          0.512     0.473         0.569   0.492       281
1                          0.023     0.034         0.921   0.027        29
2                          0.467     0.477         0.532   0.472       266
*----------------------------------------*
2025-11-17 17:04:39,599 INFO 0 Mon Nov 17 17:04:39 2025 Epoch: 36
2025-11-17 17:12:32,641 INFO Final training 36/150, loss: 2.3024, time 473.04s, lr: 0.044902
Accuracy: 0.453
class                  precision    recall   specificity      f1   support
--------------------------------------------------------------------------
0                          0.503     0.521         0.514   0.512       280
1                          0.080     0.133         0.916   0.100        30
2                          0.470     0.417         0.597   0.442       266
*----------------------------------------*
2025-11-17 17:13:20,514 INFO Final validation 36/150, Val_acc: 0.4444, time 47.87sAccuracy: 0.444
class                  precision    recall   specificity      f1   support
--------------------------------------------------------------------------
0                          0.000     0.000         1.000   0.000        70
1                          0.000     0.000         0.985   0.000         8
2                          0.451     0.970         0.000   0.615        66
*========================================*
2025-11-17 17:13:24,231 INFO 0 Mon Nov 17 17:13:24 2025 Epoch: 37
2025-11-17 17:21:12,458 INFO Final training 37/150, loss: 1.8057, time 468.23s, lr: 0.044570
Accuracy: 0.434
class                  precision    recall   specificity      f1   support
--------------------------------------------------------------------------
0                          0.477     0.445         0.536   0.460       281
1                          0.071     0.100         0.929   0.083        30
2                          0.449     0.460         0.518   0.454       265
*----------------------------------------*
2025-11-17 17:21:12,458 INFO 0 Mon Nov 17 17:21:12 2025 Epoch: 38
2025-11-17 17:29:21,707 INFO Final training 38/150, loss: 1.6243, time 489.25s, lr: 0.044228
Accuracy: 0.462
class                  precision    recall   specificity      f1   support
--------------------------------------------------------------------------
0                          0.497     0.512         0.505   0.504       281
1                          0.062     0.067         0.945   0.065        30
2                          0.472     0.453         0.569   0.462       265
*----------------------------------------*
2025-11-17 17:30:09,484 INFO Final validation 38/150, Val_acc: 0.4838, time 47.78sAccuracy: 0.486
class                  precision    recall   specificity      f1   support
--------------------------------------------------------------------------
0                          0.493     1.000         0.027   0.660        70
1                          0.000     0.000         0.985   0.000         8
2                          0.000     0.000         1.000   0.000        66
*========================================*
2025-11-17 17:30:13,063 INFO 0 Mon Nov 17 17:30:13 2025 Epoch: 39
2025-11-17 17:38:21,616 INFO Final training 39/150, loss: 1.4563, time 488.55s, lr: 0.043878
Accuracy: 0.451
class                  precision    recall   specificity      f1   support
--------------------------------------------------------------------------
0                          0.472     0.489         0.483   0.481       280
1                          0.000     0.000         0.967   0.000        30
2                          0.459     0.462         0.532   0.461       266
*----------------------------------------*
2025-11-17 17:38:21,617 INFO 0 Mon Nov 17 17:38:21 2025 Epoch: 40
2025-11-17 17:46:17,442 INFO Final training 40/150, loss: 1.5533, time 475.82s, lr: 0.043518
Accuracy: 0.411
class                  precision    recall   specificity      f1   support
--------------------------------------------------------------------------
0                          0.452     0.438         0.495   0.445       281
1                          0.028     0.033         0.936   0.030        30
2                          0.422     0.426         0.502   0.424       265
*----------------------------------------*
2025-11-17 17:47:05,011 INFO Final validation 40/150, Val_acc: 0.4977, time 47.57sAccuracy: 0.500
class                  precision    recall   specificity      f1   support
--------------------------------------------------------------------------
0                          0.493     1.000         0.027   0.660        70
1                          0.000     0.000         1.000   0.000         8
2                          1.000     0.030         1.000   0.059        66
*========================================*
2025-11-17 17:47:08,722 INFO 0 Mon Nov 17 17:47:08 2025 Epoch: 41
2025-11-17 17:55:04,330 INFO Final training 41/150, loss: 1.3099, time 475.61s, lr: 0.043150
Accuracy: 0.455
class                  precision    recall   specificity      f1   support
--------------------------------------------------------------------------
0                          0.500     0.491         0.532   0.496       281
1                          0.000     0.000         0.960   0.000        30
2                          0.446     0.468         0.505   0.457       265
*----------------------------------------*
2025-11-17 17:55:04,796 INFO 0 Mon Nov 17 17:55:04 2025 Epoch: 42
2025-11-17 18:02:50,730 INFO Final training 42/150, loss: 1.5624, time 465.93s, lr: 0.042773
Accuracy: 0.422
class                  precision    recall   specificity      f1   support
--------------------------------------------------------------------------
0                          0.460     0.456         0.492   0.458       281
1                          0.000     0.000         0.960   0.000        30
2                          0.417     0.434         0.482   0.425       265
*----------------------------------------*
2025-11-17 18:03:38,545 INFO Final validation 42/150, Val_acc: 0.4444, time 47.81sAccuracy: 0.444
class                  precision    recall   specificity      f1   support
--------------------------------------------------------------------------
0                          0.000     0.000         0.973   0.000        70
1                          0.000     0.000         1.000   0.000         8
2                          0.451     0.970         0.000   0.615        66
*========================================*
2025-11-17 18:03:42,119 INFO 0 Mon Nov 17 18:03:42 2025 Epoch: 43
2025-11-17 18:11:46,377 INFO Final training 43/150, loss: 1.2320, time 484.26s, lr: 0.042388
Accuracy: 0.490
class                  precision    recall   specificity      f1   support
--------------------------------------------------------------------------
0                          0.518     0.521         0.541   0.520       280
1                          0.000     0.000         0.978   0.000        30
2                          0.482     0.511         0.529   0.496       266
*----------------------------------------*
2025-11-17 18:11:46,378 INFO 0 Mon Nov 17 18:11:46 2025 Epoch: 44
2025-11-17 18:19:50,030 INFO Final training 44/150, loss: 2.5972, time 483.65s, lr: 0.041995
Accuracy: 0.432
class                  precision    recall   specificity      f1   support
--------------------------------------------------------------------------
0                          0.467     0.400         0.568   0.431       280
1                          0.042     0.067         0.916   0.051        30
2                          0.469     0.508         0.506   0.487       266
*----------------------------------------*
2025-11-17 18:20:37,993 INFO Final validation 44/150, Val_acc: 0.4583, time 47.96sAccuracy: 0.458
class                  precision    recall   specificity      f1   support
--------------------------------------------------------------------------
0                          0.000     0.000         1.000   0.000        70
1                          0.000     0.000         1.000   0.000         8
2                          0.458     1.000         0.000   0.629        66
*========================================*
2025-11-17 18:20:41,526 INFO 0 Mon Nov 17 18:20:41 2025 Epoch: 45
2025-11-17 18:28:39,329 INFO Final training 45/150, loss: 1.7765, time 477.80s, lr: 0.041594
Accuracy: 0.448
class                  precision    recall   specificity      f1   support
--------------------------------------------------------------------------
0                          0.515     0.488         0.563   0.501       281
1                          0.075     0.100         0.932   0.086        30
2                          0.437     0.445         0.511   0.441       265
*----------------------------------------*
2025-11-17 18:28:39,330 INFO 0 Mon Nov 17 18:28:39 2025 Epoch: 46
2025-11-17 18:36:19,670 INFO Final training 46/150, loss: 1.5570, time 460.34s, lr: 0.041185
Accuracy: 0.491
class                  precision    recall   specificity      f1   support
--------------------------------------------------------------------------
0                          0.521     0.525         0.544   0.523       280
1                          0.056     0.033         0.969   0.042        30
2                          0.489     0.508         0.545   0.498       266
*----------------------------------------*
2025-11-17 18:37:07,876 INFO Final validation 46/150, Val_acc: 0.0671, time 48.21sAccuracy: 0.069
class                  precision    recall   specificity      f1   support
--------------------------------------------------------------------------
0                          0.000     0.000         1.000   0.000        70
1                          0.056     1.000         0.015   0.107         8
2                          1.000     0.030         1.000   0.059        66
*========================================*
2025-11-17 18:37:11,505 INFO 0 Mon Nov 17 18:37:11 2025 Epoch: 47
2025-11-17 18:45:18,869 INFO Final training 47/150, loss: 1.1161, time 487.36s, lr: 0.040768
Accuracy: 0.488
class                  precision    recall   specificity      f1   support
--------------------------------------------------------------------------
0                          0.515     0.493         0.561   0.504       280
1                          0.083     0.033         0.980   0.048        30
2                          0.480     0.534         0.503   0.505       266
*----------------------------------------*
2025-11-17 18:45:18,869 INFO 0 Mon Nov 17 18:45:18 2025 Epoch: 48
2025-11-17 18:53:25,285 INFO Final training 48/150, loss: 2.1394, time 486.42s, lr: 0.040344
Accuracy: 0.408
class                  precision    recall   specificity      f1   support
--------------------------------------------------------------------------
0                          0.458     0.427         0.519   0.442       281
1                          0.048     0.067         0.927   0.056        30
2                          0.415     0.426         0.489   0.421       265
*----------------------------------------*
2025-11-17 18:54:12,880 INFO Final validation 48/150, Val_acc: 0.4861, time 47.59sAccuracy: 0.486
class                  precision    recall   specificity      f1   support
--------------------------------------------------------------------------
0                          0.486     1.000         0.000   0.654        70
1                          0.000     0.000         1.000   0.000         8
2                          0.000     0.000         1.000   0.000        66
*========================================*
2025-11-17 18:54:16,636 INFO 0 Mon Nov 17 18:54:16 2025 Epoch: 49
2025-11-17 19:02:15,799 INFO Final training 49/150, loss: 1.4357, time 479.16s, lr: 0.039913
Accuracy: 0.429
class                  precision    recall   specificity      f1   support
--------------------------------------------------------------------------
0                          0.481     0.463         0.525   0.472       281
1                          0.000     0.000         0.927   0.000        30
2                          0.440     0.442         0.521   0.441       265
*----------------------------------------*
2025-11-17 19:02:15,799 INFO 0 Mon Nov 17 19:02:15 2025 Epoch: 50
2025-11-17 19:10:32,724 INFO Final training 50/150, loss: 1.5393, time 496.92s, lr: 0.039475
Accuracy: 0.453
class                  precision    recall   specificity      f1   support
--------------------------------------------------------------------------
0                          0.476     0.500         0.480   0.488       280
1                          0.050     0.033         0.965   0.040        30
2                          0.458     0.451         0.542   0.455       266
*----------------------------------------*
2025-11-17 19:11:20,527 INFO Final validation 50/150, Val_acc: 0.4838, time 47.80sAccuracy: 0.486
class                  precision    recall   specificity      f1   support
--------------------------------------------------------------------------
0                          0.493     1.000         0.027   0.660        70
1                          0.000     0.000         0.985   0.000         8
2                          0.000     0.000         1.000   0.000        66
*========================================*
2025-11-17 19:11:24,058 INFO 0 Mon Nov 17 19:11:24 2025 Epoch: 51
2025-11-17 19:19:25,289 INFO Final training 51/150, loss: 1.2948, time 481.23s, lr: 0.039030
Accuracy: 0.467
class                  precision    recall   specificity      f1   support
--------------------------------------------------------------------------
0                          0.490     0.507         0.500   0.498       280
1                          0.107     0.100         0.954   0.103        30
2                          0.481     0.466         0.568   0.473       266
*----------------------------------------*
2025-11-17 19:19:25,799 INFO 0 Mon Nov 17 19:19:25 2025 Epoch: 52
2025-11-17 19:27:05,485 INFO Final training 52/150, loss: 1.0945, time 459.69s, lr: 0.038578
Accuracy: 0.486
class                  precision    recall   specificity      f1   support
--------------------------------------------------------------------------
0                          0.500     0.548         0.478   0.523       281
1                          0.000     0.000         0.989   0.000        30
2                          0.481     0.475         0.563   0.478       265
*----------------------------------------*
2025-11-17 19:27:53,296 INFO Final validation 52/150, Val_acc: 0.1539, time 47.81sAccuracy: 0.181
class                  precision    recall   specificity      f1   support
--------------------------------------------------------------------------
0                          0.229     0.271         0.135   0.248        70
1                          0.000     0.000         1.000   0.000         8
2                          0.115     0.106         0.308   0.110        66
*========================================*
2025-11-17 19:27:56,917 INFO 0 Mon Nov 17 19:27:56 2025 Epoch: 53
2025-11-17 19:35:55,022 INFO Final training 53/150, loss: 1.5897, time 478.10s, lr: 0.038120
Accuracy: 0.467
class                  precision    recall   specificity      f1   support
--------------------------------------------------------------------------
0                          0.492     0.450         0.561   0.470       280
1                          0.077     0.067         0.956   0.071        30
2                          0.480     0.530         0.506   0.504       266
*----------------------------------------*
2025-11-17 19:35:55,023 INFO 0 Mon Nov 17 19:35:55 2025 Epoch: 54
2025-11-17 19:43:37,369 INFO Final training 54/150, loss: 2.0907, time 462.35s, lr: 0.037656
Accuracy: 0.443
class                  precision    recall   specificity      f1   support
--------------------------------------------------------------------------
0                          0.481     0.463         0.525   0.472       281
1                          0.024     0.033         0.925   0.028        30
2                          0.470     0.468         0.550   0.469       265
*----------------------------------------*
2025-11-17 19:44:25,884 INFO Final validation 54/150, Val_acc: 0.4444, time 48.51sAccuracy: 0.444
class                  precision    recall   specificity      f1   support
--------------------------------------------------------------------------
0                          0.000     0.000         1.000   0.000        70
1                          0.000     0.000         0.985   0.000         8
2                          0.451     0.970         0.000   0.615        66
*========================================*
2025-11-17 19:44:29,509 INFO 0 Mon Nov 17 19:44:29 2025 Epoch: 55
2025-11-17 19:52:28,501 INFO Final training 55/150, loss: 1.1807, time 478.99s, lr: 0.037186
Accuracy: 0.476
class                  precision    recall   specificity      f1   support
--------------------------------------------------------------------------
0                          0.507     0.536         0.507   0.521       280
1                          0.059     0.067         0.941   0.062        30
2                          0.496     0.459         0.600   0.477       266
*----------------------------------------*
2025-11-17 19:52:28,501 INFO 0 Mon Nov 17 19:52:28 2025 Epoch: 56
2025-11-17 20:00:37,300 INFO Final training 56/150, loss: 1.1014, time 488.80s, lr: 0.036710
Accuracy: 0.436
class                  precision    recall   specificity      f1   support
--------------------------------------------------------------------------
0                          0.463     0.445         0.508   0.454       281
1                          0.000     0.000         0.974   0.000        29
2                          0.432     0.474         0.465   0.452       266
*----------------------------------------*
2025-11-17 20:01:25,849 INFO Final validation 56/150, Val_acc: 0.4444, time 48.55sAccuracy: 0.444
class                  precision    recall   specificity      f1   support
--------------------------------------------------------------------------
0                          0.000     0.000         0.973   0.000        70
1                          0.000     0.000         1.000   0.000         8
2                          0.451     0.970         0.000   0.615        66
*========================================*
2025-11-17 20:01:29,573 INFO 0 Mon Nov 17 20:01:29 2025 Epoch: 57
2025-11-17 20:09:17,692 INFO Final training 57/150, loss: 1.1722, time 468.12s, lr: 0.036229
Accuracy: 0.470
class                  precision    recall   specificity      f1   support
--------------------------------------------------------------------------
0                          0.483     0.518         0.476   0.500       280
1                          0.000     0.000         0.982   0.000        30
2                          0.474     0.474         0.548   0.474       266
*----------------------------------------*
2025-11-17 20:09:17,693 INFO 0 Mon Nov 17 20:09:17 2025 Epoch: 58
2025-11-17 20:17:17,142 INFO Final training 58/150, loss: 2.9083, time 479.45s, lr: 0.035742
Accuracy: 0.432
class                  precision    recall   specificity      f1   support
--------------------------------------------------------------------------
0                          0.470     0.441         0.525   0.455       281
1                          0.048     0.067         0.927   0.056        30
2                          0.456     0.464         0.527   0.460       265
*----------------------------------------*
2025-11-17 20:18:09,365 INFO Final validation 58/150, Val_acc: 0.4861, time 52.22sAccuracy: 0.486
class                  precision    recall   specificity      f1   support
--------------------------------------------------------------------------
0                          0.486     1.000         0.000   0.654        70
1                          0.000     0.000         1.000   0.000         8
2                          0.000     0.000         1.000   0.000        66
*========================================*
2025-11-17 20:18:12,962 INFO 0 Mon Nov 17 20:18:12 2025 Epoch: 59
2025-11-17 20:26:13,233 INFO Final training 59/150, loss: 1.2647, time 480.27s, lr: 0.035251
Accuracy: 0.457
class                  precision    recall   specificity      f1   support
--------------------------------------------------------------------------
0                          0.492     0.466         0.542   0.479       281
1                          0.059     0.067         0.941   0.062        30
2                          0.471     0.491         0.531   0.481       265
*----------------------------------------*
2025-11-17 20:26:13,233 INFO 0 Mon Nov 17 20:26:13 2025 Epoch: 60
2025-11-17 20:34:32,203 INFO Final training 60/150, loss: 1.3046, time 498.97s, lr: 0.034754
Accuracy: 0.434
class                  precision    recall   specificity      f1   support
--------------------------------------------------------------------------
0                          0.465     0.466         0.488   0.465       281
1                          0.000     0.000         0.949   0.000        30
2                          0.447     0.449         0.527   0.448       265
*----------------------------------------*
2025-11-17 20:35:20,828 INFO Final validation 60/150, Val_acc: 0.4861, time 48.62sAccuracy: 0.486
class                  precision    recall   specificity      f1   support
--------------------------------------------------------------------------
0                          0.486     1.000         0.000   0.654        70
1                          0.000     0.000         1.000   0.000         8
2                          0.000     0.000         1.000   0.000        66
*========================================*
2025-11-17 20:35:24,435 INFO 0 Mon Nov 17 20:35:24 2025 Epoch: 61
2025-11-17 20:43:32,082 INFO Final training 61/150, loss: 1.1036, time 487.65s, lr: 0.034253
Accuracy: 0.458
class                  precision    recall   specificity      f1   support
--------------------------------------------------------------------------
0                          0.467     0.459         0.502   0.463       281
1                          0.000     0.000         0.993   0.000        29
2                          0.456     0.508         0.481   0.480       266
*----------------------------------------*
2025-11-17 20:43:32,549 INFO 0 Mon Nov 17 20:43:32 2025 Epoch: 62
2025-11-17 20:51:36,621 INFO Final training 62/150, loss: 1.0796, time 484.07s, lr: 0.033748
Accuracy: 0.488
class                  precision    recall   specificity      f1   support
--------------------------------------------------------------------------
0                          0.507     0.495         0.542   0.501       281
1                          0.000     0.000         1.000   0.000        30
2                          0.470     0.536         0.486   0.501       265
*----------------------------------------*
2025-11-17 20:52:28,561 INFO Final validation 62/150, Val_acc: 0.4444, time 51.94sAccuracy: 0.444
class                  precision    recall   specificity      f1   support
--------------------------------------------------------------------------
0                          0.000     0.000         0.973   0.000        70
1                          0.000     0.000         1.000   0.000         8
2                          0.451     0.970         0.000   0.615        66
*========================================*
2025-11-17 20:52:32,151 INFO 0 Mon Nov 17 20:52:32 2025 Epoch: 63
2025-11-17 21:00:19,188 INFO Final training 63/150, loss: 1.6022, time 467.04s, lr: 0.033239
Accuracy: 0.444
class                  precision    recall   specificity      f1   support
--------------------------------------------------------------------------
0                          0.484     0.443         0.554   0.463       280
1                          0.071     0.100         0.929   0.083        30
2                          0.464     0.485         0.519   0.474       266
*----------------------------------------*
2025-11-17 21:00:19,189 INFO 0 Mon Nov 17 21:00:19 2025 Epoch: 64
2025-11-17 21:08:22,963 INFO Final training 64/150, loss: 1.3506, time 483.77s, lr: 0.032725
Accuracy: 0.460
class                  precision    recall   specificity      f1   support
--------------------------------------------------------------------------
0                          0.500     0.536         0.493   0.517       280
1                          0.053     0.067         0.934   0.059        30
2                          0.475     0.425         0.597   0.448       266
*----------------------------------------*
2025-11-17 21:09:11,180 INFO Final validation 64/150, Val_acc: 0.4838, time 48.22sAccuracy: 0.486
class                  precision    recall   specificity      f1   support
--------------------------------------------------------------------------
0                          0.493     1.000         0.027   0.660        70
1                          0.000     0.000         0.985   0.000         8
2                          0.000     0.000         1.000   0.000        66
*========================================*
2025-11-17 21:09:14,813 INFO 0 Mon Nov 17 21:09:14 2025 Epoch: 65
2025-11-17 21:17:40,962 INFO Final training 65/150, loss: 1.3395, time 506.15s, lr: 0.032209
Accuracy: 0.457
class                  precision    recall   specificity      f1   support
--------------------------------------------------------------------------
0                          0.496     0.504         0.517   0.500       280
1                          0.083     0.067         0.960   0.074        30
2                          0.448     0.451         0.523   0.449       266
*----------------------------------------*
2025-11-17 21:17:40,963 INFO 0 Mon Nov 17 21:17:40 2025 Epoch: 66
2025-11-17 21:26:10,436 INFO Final training 66/150, loss: 1.0792, time 509.47s, lr: 0.031688
Accuracy: 0.411
class                  precision    recall   specificity      f1   support
--------------------------------------------------------------------------
0                          0.436     0.463         0.431   0.449       281
1                          0.000     0.000         0.985   0.000        29
2                          0.396     0.402         0.474   0.399       266
*----------------------------------------*
2025-11-17 21:26:59,171 INFO Final validation 66/150, Val_acc: 0.2095, time 48.73sAccuracy: 0.257
class                  precision    recall   specificity      f1   support
--------------------------------------------------------------------------
0                          0.327     0.471         0.081   0.386        70
1                          0.000     0.000         1.000   0.000         8
2                          0.093     0.061         0.500   0.073        66
*========================================*
2025-11-17 21:27:02,788 INFO 0 Mon Nov 17 21:27:02 2025 Epoch: 67
2025-11-17 21:35:06,290 INFO Final training 67/150, loss: 1.2383, time 483.50s, lr: 0.031165
Accuracy: 0.451
class                  precision    recall   specificity      f1   support
--------------------------------------------------------------------------
0                          0.480     0.507         0.480   0.493       280
1                          0.000     0.000         0.971   0.000        30
2                          0.447     0.444         0.529   0.445       266
*----------------------------------------*
2025-11-17 21:35:06,290 INFO 0 Mon Nov 17 21:35:06 2025 Epoch: 68
2025-11-17 21:43:06,713 INFO Final training 68/150, loss: 1.5966, time 480.42s, lr: 0.030638
Accuracy: 0.405
class                  precision    recall   specificity      f1   support
--------------------------------------------------------------------------
0                          0.434     0.443         0.453   0.438       280
1                          0.048     0.067         0.927   0.056        30
2                          0.431     0.402         0.545   0.416       266
*----------------------------------------*
2025-11-17 21:43:55,219 INFO Final validation 68/150, Val_acc: 0.4583, time 48.51sAccuracy: 0.458
class                  precision    recall   specificity      f1   support
--------------------------------------------------------------------------
0                          0.000     0.000         1.000   0.000        70
1                          0.000     0.000         1.000   0.000         8
2                          0.458     1.000         0.000   0.629        66
*========================================*
2025-11-17 21:43:58,866 INFO 0 Mon Nov 17 21:43:58 2025 Epoch: 69
2025-11-17 21:51:54,562 INFO Final training 69/150, loss: 1.4140, time 475.70s, lr: 0.030109
Accuracy: 0.441
class                  precision    recall   specificity      f1   support
--------------------------------------------------------------------------
0                          0.461     0.511         0.436   0.485       280
1                          0.045     0.033         0.962   0.038        30
2                          0.451     0.414         0.568   0.431       266
*----------------------------------------*
2025-11-17 21:51:54,562 INFO 0 Mon Nov 17 21:51:54 2025 Epoch: 70
2025-11-17 22:00:13,238 INFO Final training 70/150, loss: 1.2888, time 498.68s, lr: 0.029578
Accuracy: 0.451
class                  precision    recall   specificity      f1   support
--------------------------------------------------------------------------
0                          0.480     0.502         0.481   0.490       281
1                          0.000     0.000         0.971   0.000        30
2                          0.447     0.449         0.527   0.448       265
*----------------------------------------*
2025-11-17 22:01:01,569 INFO Final validation 70/150, Val_acc: 0.4838, time 48.33sAccuracy: 0.486
class                  precision    recall   specificity      f1   support
--------------------------------------------------------------------------
0                          0.493     1.000         0.027   0.660        70
1                          0.000     0.000         0.985   0.000         8
2                          0.000     0.000         1.000   0.000        66
*========================================*
2025-11-17 22:01:05,255 INFO 0 Mon Nov 17 22:01:05 2025 Epoch: 71
2025-11-17 22:09:18,157 INFO Final training 71/150, loss: 1.0971, time 492.90s, lr: 0.029045
Accuracy: 0.476
class                  precision    recall   specificity      f1   support
--------------------------------------------------------------------------
0                          0.490     0.512         0.492   0.501       281
1                          0.000     0.000         0.993   0.000        29
2                          0.468     0.489         0.523   0.478       266
*----------------------------------------*
2025-11-17 22:09:18,595 INFO 0 Mon Nov 17 22:09:18 2025 Epoch: 72
2025-11-17 22:17:34,024 INFO Final training 72/150, loss: 1.2315, time 495.43s, lr: 0.028509
Accuracy: 0.474
class                  precision    recall   specificity      f1   support
--------------------------------------------------------------------------
0                          0.504     0.507         0.527   0.505       280
1                          0.036     0.033         0.951   0.034        30
2                          0.489     0.489         0.561   0.489       266
*----------------------------------------*
2025-11-17 22:18:22,293 INFO Final validation 72/150, Val_acc: 0.4838, time 48.27sAccuracy: 0.486
class                  precision    recall   specificity      f1   support
--------------------------------------------------------------------------
0                          0.493     1.000         0.027   0.660        70
1                          0.000     0.000         0.985   0.000         8
2                          0.000     0.000         1.000   0.000        66
*========================================*
2025-11-17 22:18:25,964 INFO 0 Mon Nov 17 22:18:25 2025 Epoch: 73
2025-11-17 22:26:23,482 INFO Final training 73/150, loss: 1.1067, time 477.52s, lr: 0.027972
Accuracy: 0.446
class                  precision    recall   specificity      f1   support
--------------------------------------------------------------------------
0                          0.470     0.505         0.458   0.487       281
1                          0.071     0.033         0.976   0.045        30
2                          0.438     0.430         0.531   0.434       265
*----------------------------------------*
2025-11-17 22:26:23,483 INFO 0 Mon Nov 17 22:26:23 2025 Epoch: 74
2025-11-17 22:34:36,758 INFO Final training 74/150, loss: 1.3747, time 493.28s, lr: 0.027434
Accuracy: 0.446
class                  precision    recall   specificity      f1   support
--------------------------------------------------------------------------
0                          0.485     0.459         0.536   0.472       281
1                          0.143     0.133         0.956   0.138        30
2                          0.440     0.468         0.492   0.453       265
*----------------------------------------*
2025-11-17 22:35:25,302 INFO Final validation 74/150, Val_acc: 0.4444, time 48.54sAccuracy: 0.444
class                  precision    recall   specificity      f1   support
--------------------------------------------------------------------------
0                          0.000     0.000         0.973   0.000        70
1                          0.000     0.000         1.000   0.000         8
2                          0.451     0.970         0.000   0.615        66
*========================================*
2025-11-17 22:35:29,171 INFO 0 Mon Nov 17 22:35:29 2025 Epoch: 75
2025-11-17 22:43:35,690 INFO Final training 75/150, loss: 1.0570, time 486.52s, lr: 0.026894
Accuracy: 0.462
class                  precision    recall   specificity      f1   support
--------------------------------------------------------------------------
0                          0.477     0.529         0.453   0.502       280
1                          0.083     0.033         0.980   0.048        30
2                          0.461     0.440         0.558   0.450       266
*----------------------------------------*
2025-11-17 22:43:35,690 INFO 0 Mon Nov 17 22:43:35 2025 Epoch: 76
2025-11-17 22:51:34,022 INFO Final training 76/150, loss: 1.1448, time 478.33s, lr: 0.026353
Accuracy: 0.467
class                  precision    recall   specificity      f1   support
--------------------------------------------------------------------------
0                          0.482     0.568         0.422   0.521       280
1                          0.100     0.033         0.984   0.050        30
2                          0.462     0.410         0.590   0.434       266
*----------------------------------------*
2025-11-17 22:52:22,452 INFO Final validation 76/150, Val_acc: 0.0532, time 48.43sAccuracy: 0.056
class                  precision    recall   specificity      f1   support
--------------------------------------------------------------------------
0                          0.000     0.000         0.973   0.000        70
1                          0.056     1.000         0.015   0.107         8
2                          0.000     0.000         1.000   0.000        66
*========================================*
2025-11-17 22:52:26,179 INFO 0 Mon Nov 17 22:52:26 2025 Epoch: 77
2025-11-17 23:00:30,387 INFO Final training 77/150, loss: 1.1345, time 484.21s, lr: 0.025812
Accuracy: 0.460
class                  precision    recall   specificity      f1   support
--------------------------------------------------------------------------
0                          0.483     0.496         0.497   0.489       280
1                          0.000     0.000         0.978   0.000        30
2                          0.457     0.474         0.516   0.465       266
*----------------------------------------*
2025-11-17 23:00:30,388 INFO 0 Mon Nov 17 23:00:30 2025 Epoch: 78
2025-11-17 23:08:57,742 INFO Final training 78/150, loss: 1.0905, time 507.35s, lr: 0.025271
Accuracy: 0.439
class                  precision    recall   specificity      f1   support
--------------------------------------------------------------------------
0                          0.462     0.477         0.471   0.469       281
1                          0.071     0.034         0.976   0.047        29
2                          0.434     0.444         0.503   0.439       266
*----------------------------------------*
2025-11-17 23:09:46,112 INFO Final validation 78/150, Val_acc: 0.4514, time 48.37sAccuracy: 0.451
class                  precision    recall   specificity      f1   support
--------------------------------------------------------------------------
0                          0.000     0.000         1.000   0.000        70
1                          0.000     0.000         0.993   0.000         8
2                          0.455     0.985         0.000   0.622        66
*========================================*
2025-11-17 23:09:49,704 INFO 0 Mon Nov 17 23:09:49 2025 Epoch: 79
2025-11-17 23:17:57,851 INFO Final training 79/150, loss: 1.2477, time 488.15s, lr: 0.024729
Accuracy: 0.448
class                  precision    recall   specificity      f1   support
--------------------------------------------------------------------------
0                          0.474     0.457         0.520   0.465       280
1                          0.000     0.000         0.960   0.000        30
2                          0.458     0.489         0.503   0.473       266
*----------------------------------------*
2025-11-17 23:17:57,851 INFO 0 Mon Nov 17 23:17:57 2025 Epoch: 80
2025-11-17 23:26:23,838 INFO Final training 80/150, loss: 1.0899, time 505.99s, lr: 0.024188
Accuracy: 0.467
class                  precision    recall   specificity      f1   support
--------------------------------------------------------------------------
0                          0.490     0.541         0.464   0.514       281
1                          0.000     0.000         0.963   0.000        30
2                          0.476     0.442         0.585   0.458       265
*----------------------------------------*
2025-11-17 23:27:12,132 INFO Final validation 80/150, Val_acc: 0.4444, time 48.29sAccuracy: 0.444
class                  precision    recall   specificity      f1   support
--------------------------------------------------------------------------
0                          0.000     0.000         0.973   0.000        70
1                          0.000     0.000         1.000   0.000         8
2                          0.451     0.970         0.000   0.615        66
*========================================*
2025-11-17 23:27:15,747 INFO 0 Mon Nov 17 23:27:15 2025 Epoch: 81
2025-11-17 23:35:19,074 INFO Final training 81/150, loss: 1.0334, time 483.33s, lr: 0.023647
Accuracy: 0.484
class                  precision    recall   specificity      f1   support
--------------------------------------------------------------------------
0                          0.494     0.571         0.446   0.530       280
1                          0.000     0.000         0.989   0.000        30
2                          0.484     0.447         0.590   0.465       266
*----------------------------------------*
2025-11-17 23:35:19,567 INFO 0 Mon Nov 17 23:35:19 2025 Epoch: 82
2025-11-17 23:43:27,569 INFO Final training 82/150, loss: 1.1853, time 488.00s, lr: 0.023106
Accuracy: 0.439
class                  precision    recall   specificity      f1   support
--------------------------------------------------------------------------
0                          0.464     0.464         0.493   0.464       280
1                          0.053     0.067         0.934   0.059        30
2                          0.469     0.455         0.558   0.462       266
*----------------------------------------*
2025-11-17 23:44:15,989 INFO Final validation 82/150, Val_acc: 0.0532, time 48.42sAccuracy: 0.056
class                  precision    recall   specificity      f1   support
--------------------------------------------------------------------------
0                          0.000     0.000         0.973   0.000        70
1                          0.056     1.000         0.015   0.107         8
2                          0.000     0.000         1.000   0.000        66
*========================================*
2025-11-17 23:44:19,615 INFO 0 Mon Nov 17 23:44:19 2025 Epoch: 83
2025-11-17 23:52:16,652 INFO Final training 83/150, loss: 1.2628, time 477.04s, lr: 0.022566
Accuracy: 0.460
class                  precision    recall   specificity      f1   support
--------------------------------------------------------------------------
0                          0.497     0.534         0.485   0.515       281
1                          0.059     0.067         0.941   0.062        30
2                          0.471     0.426         0.592   0.448       265
*----------------------------------------*
2025-11-17 23:52:16,652 INFO 0 Mon Nov 17 23:52:16 2025 Epoch: 84
2025-11-18 00:00:23,634 INFO Final training 84/150, loss: 1.0342, time 486.98s, lr: 0.022028
Accuracy: 0.438
class                  precision    recall   specificity      f1   support
--------------------------------------------------------------------------
0                          0.462     0.521         0.426   0.490       280
1                          0.000     0.000         0.978   0.000        30
2                          0.427     0.398         0.542   0.412       266
*----------------------------------------*
2025-11-18 00:01:15,655 INFO Final validation 84/150, Val_acc: 0.4444, time 52.02sAccuracy: 0.444
class                  precision    recall   specificity      f1   support
--------------------------------------------------------------------------
0                          0.000     0.000         0.973   0.000        70
1                          0.000     0.000         1.000   0.000         8
2                          0.451     0.970         0.000   0.615        66
*========================================*
2025-11-18 00:01:19,569 INFO 0 Tue Nov 18 00:01:19 2025 Epoch: 85
2025-11-18 00:09:30,072 INFO Final training 85/150, loss: 1.1787, time 490.50s, lr: 0.021491
Accuracy: 0.444
class                  precision    recall   specificity      f1   support
--------------------------------------------------------------------------
0                          0.468     0.413         0.553   0.439       281
1                          0.056     0.033         0.969   0.042        30
2                          0.448     0.525         0.450   0.483       265
*----------------------------------------*
2025-11-18 00:09:30,072 INFO 0 Tue Nov 18 00:09:30 2025 Epoch: 86
2025-11-18 00:17:34,294 INFO Final training 86/150, loss: 1.1625, time 484.22s, lr: 0.020955
Accuracy: 0.498
class                  precision    recall   specificity      f1   support
--------------------------------------------------------------------------
0                          0.523     0.491         0.573   0.506       281
1                          0.000     0.000         0.982   0.000        29
2                          0.493     0.560         0.506   0.525       266
*----------------------------------------*
2025-11-18 00:18:26,354 INFO Final validation 86/150, Val_acc: 0.4977, time 52.06sAccuracy: 0.500
class                  precision    recall   specificity      f1   support
--------------------------------------------------------------------------
0                          0.493     1.000         0.027   0.660        70
1                          0.000     0.000         1.000   0.000         8
2                          1.000     0.030         1.000   0.059        66
*========================================*
2025-11-18 00:18:29,922 INFO [EarlyStopping] Stopping Validation for loss at epoch 86
2025-11-18 00:18:30,328 INFO Training Finished! Best Accuracy: 0.4977
2025-11-18 00:18:30,328 INFO ====================================================================================================
2025-11-18 00:18:30,328 INFO 
2025-11-18 00:19:33,746 INFO Final testing , Test_acc: 0.5366, time 52.93sAccuracy: 0.537
class                  precision    recall   specificity      f1   support
--------------------------------------------------------------------------
0                          0.513     1.000         0.095   0.678        40
1                          0.000     0.000         1.000   0.000         5
2                          1.000     0.108         1.000   0.195        37
*========================================*
2025-11-18 00:19:34,193 INFO Testing Finished! Best Accuracy: 0.5366
2025-11-18 00:19:34,193 INFO ====================================================================================================
2025-11-18 00:19:36,569 INFO Total time spent: 12 hours 12 minutes 06 seconds
2025-11-18 00:19:36,569 INFO 
2025-11-18 00:19:36,569 INFO Final Results Summary:
2025-11-18 00:19:36,569 INFO | TrainAcc | ValAccMax | W_TrainF1 | W_TrainPrecision | W_TrainRecall | W_TrainSpecificity |
2025-11-18 00:19:36,569 INFO | 0.4983 | 0.4977 | 0.3480 | 0.6980 | 0.5000 | 0.5270 |
2025-11-18 00:19:36,569 INFO | TestAcc | W_TestF1 | W_TestPrecision | W_TestRecall | W_TestSpecificity |
2025-11-18 00:19:36,569 INFO | 0.5366 | 0.4188 | 0.7014 | 0.5366 | 0.5587 |
