Architecture:                            x86_64
CPU op-mode(s):                          32-bit, 64-bit
Byte Order:                              Little Endian
Address sizes:                           48 bits physical, 48 bits virtual
CPU(s):                                  64
On-line CPU(s) list:                     0-63
Thread(s) per core:                      2
Core(s) per socket:                      16
Socket(s):                               2
NUMA node(s):                            8
Vendor ID:                               AuthenticAMD
CPU family:                              25
Model:                                   1
Model name:                              AMD EPYC 7313 16-Core Processor
Stepping:                                1
Frequency boost:                         enabled
CPU MHz:                                 3526.397
CPU max MHz:                             3000.0000
CPU min MHz:                             1500.0000
BogoMIPS:                                5988.99
Virtualization:                          AMD-V
L1d cache:                               1 MiB
L1i cache:                               1 MiB
L2 cache:                                16 MiB
L3 cache:                                256 MiB
NUMA node0 CPU(s):                       0-3,32-35
NUMA node1 CPU(s):                       4-7,36-39
NUMA node2 CPU(s):                       8-11,40-43
NUMA node3 CPU(s):                       12-15,44-47
NUMA node4 CPU(s):                       16-19,48-51
NUMA node5 CPU(s):                       20-23,52-55
NUMA node6 CPU(s):                       24-27,56-59
NUMA node7 CPU(s):                       28-31,60-63
Vulnerability Gather data sampling:      Not affected
Vulnerability Indirect target selection: Not affected
Vulnerability Itlb multihit:             Not affected
Vulnerability L1tf:                      Not affected
Vulnerability Mds:                       Not affected
Vulnerability Meltdown:                  Not affected
Vulnerability Mmio stale data:           Not affected
Vulnerability Reg file data sampling:    Not affected
Vulnerability Retbleed:                  Not affected
Vulnerability Spec rstack overflow:      Mitigation; safe RET
Vulnerability Spec store bypass:         Mitigation; Speculative Store Bypass disabled via prctl and seccomp
Vulnerability Spectre v1:                Mitigation; usercopy/swapgs barriers and __user pointer sanitization
Vulnerability Spectre v2:                Mitigation; Retpolines, IBPB conditional, IBRS_FW, STIBP always-on, RSB filling, PBRSB-eIBRS Not affected
Vulnerability Srbds:                     Not affected
Vulnerability Tsa:                       Mitigation; Clear CPU buffers
Vulnerability Tsx async abort:           Not affected
Vulnerability Vmscape:                   Mitigation; IBPB before exit to userspace
Flags:                                   fpu vme de pse tsc msr pae mce cx8 apic sep mtrr pge mca cmov pat pse36 clflush mmx fxsr sse sse2 ht syscall nx mmxext fxsr_opt pdpe1gb rdtscp lm constant_tsc rep_good nopl nonstop_tsc cpuid extd_apicid aperfmperf pni pclmulqdq monitor ssse3 fma cx16 pcid sse4_1 sse4_2 movbe popcnt aes xsave avx f16c rdrand lahf_lm cmp_legacy svm extapic cr8_legacy abm sse4a misalignsse 3dnowprefetch osvw ibs skinit wdt tce topoext perfctr_core perfctr_nb bpext perfctr_llc mwaitx cpb cat_l3 cdp_l3 invpcid_single hw_pstate ssbd mba ibrs ibpb stibp vmmcall fsgsbase bmi1 avx2 smep bmi2 erms invpcid cqm rdt_a rdseed adx smap clflushopt clwb sha_ni xsaveopt xsavec xgetbv1 xsaves cqm_llc cqm_occup_llc cqm_mbm_total cqm_mbm_local clzero irperf xsaveerptr rdpru wbnoinvd amd_ppin arat npt lbrv svm_lock nrip_save tsc_scale vmcb_clean flushbyasid decodeassists pausefilter pfthreshold v_vmsave_vmload vgif umip pku ospke vaes vpclmulqdq rdpid overflow_recov succor smca fsrm ibpb_exit_to_user
Tue Jan 13 11:50:27 2026       
+---------------------------------------------------------------------------------------+
| NVIDIA-SMI 535.183.06             Driver Version: 535.183.06   CUDA Version: 12.2     |
|-----------------------------------------+----------------------+----------------------+
| GPU  Name                 Persistence-M | Bus-Id        Disp.A | Volatile Uncorr. ECC |
| Fan  Temp   Perf          Pwr:Usage/Cap |         Memory-Usage | GPU-Util  Compute M. |
|                                         |                      |               MIG M. |
|=========================================+======================+======================|
|   0  NVIDIA A40                     On  | 00000000:A3:00.0 Off |                    0 |
|  0%   50C    P0              60W / 300W |      0MiB / 46068MiB |      0%      Default |
|                                         |                      |                  N/A |
+-----------------------------------------+----------------------+----------------------+
                                                                                         
+---------------------------------------------------------------------------------------+
| Processes:                                                                            |
|  GPU   GI   CI        PID   Type   Process name                            GPU Memory |
|        ID   ID                                                             Usage      |
|=======================================================================================|
|  No running processes found                                                           |
+---------------------------------------------------------------------------------------+
/home/mraffael/martone_project/Organoid-Image-Classification-Using-Deep-Learning
{'RandFlipd_prob': 0.2,
 'RandRotate90d_prob': 0.2,
 'RandScaleIntensityd_prob': 0.1,
 'RandShiftIntensityd_prob': 0.1,
 'amp': True,
 'augmentation': True,
 'batch_size': 6,
 'cache_dataset': False,
 'checkpoint_path': './outputs/OrganoidsINRIA_MC/swinunetr/2026-01-03-12-00/training/best_model.pt',
 'data_dir': '/home/mraffael/martone_project/Organoids_Dataset_256/',
 'dataset_name': 'OrganoidsINRIA_MC',
 'debug': False,
 'debug_train_samples': 40,
 'debug_val_samples': 10,
 'dist_backend': 'nccl',
 'dist_url': 'tcp://127.0.0.1:23456',
 'distributed': False,
 'dropout_path_rate': 0.0,
 'dropout_rate': 0.2,
 'early_stopping': True,
 'encoder10_pth': '',
 'exact_class': False,
 'feature_size': 48,
 'fold': 0,
 'folds': False,
 'gpu': 0,
 'ignore_label': 3,
 'in_channels': 1,
 'infer_overlap': 0.5,
 'k_folds': 5,
 'logdir': 'test',
 'logs_dir': 'logs/',
 'loss_name': 'CE',
 'lrschedule': 'warmup_cosine',
 'max_epochs': 150,
 'min_delta_loss': 0.001,
 'min_delta_val': 0.01,
 'model_name': 'swinunetr',
 'momentum': 0.99,
 'noamp': False,
 'norm_name': 'instance',
 'oar_id': 2193193,
 'optim_lr': 0.0006,
 'optim_name': 'adamw',
 'out_channels': 1,
 'output_dir': 'outputs/',
 'patch_merging': False,
 'patience_loss': 40,
 'patience_val': 40,
 'pretrained_dir': './pretrained_models/fold1_f48_ep300_4gpu_dice0_9059/',
 'pretrained_model_name': 'model_swinvit.pt',
 'rank': 0,
 'reg_weight': 5e-05,
 'restart_T0': 20,
 'resume_ckpt': False,
 'roi_x': 128,
 'roi_y': 128,
 'roi_z': 128,
 'save_checkpoint': True,
 'seed': 3,
 'similarity_loss': '',
 'similarity_loss_weight': 0.0,
 'spatial_dims': 3,
 'split_method': 'stratified',
 'start_epoch': 0,
 'sw_batch_size': 8,
 'telegram_log': True,
 'test_mode': False,
 'token': './token/tlg_token.txt',
 'use_checkpoint': False,
 'val_every': 2,
 'warmup_epochs': 5,
 'workers': 8,
 'world_size': 1}

Saved configuration to: outputs/OrganoidsINRIA_MC/swinunetr/2026-01-13-11-50/config.txt
Using GPU: 0

Model INFO:
Model architecture: swinunetr
Skipping loading pretrained weights since checkpoint path is provided
Using SwinUNETR with Single Linear Classification Head
=> loading checkpoint './outputs/OrganoidsINRIA_MC/swinunetr/2026-01-03-12-00/training/best_model.pt'
Loaded 130 keys from checkpoint
Total trainable parameters: 39,914,805

Optimizer INFO:
Using optimizer: adamw with lr=0.0006, weight_decay=5e-05
Resuming optimizer state from checkpoint: ./outputs/OrganoidsINRIA_MC/swinunetr/2026-01-03-12-00/training/best_model.pt

Dataset INFO:
Dataset length: 721
Class distribution in entire dataset:
  Class 0: 351
  Class 1: 38
  Class 2: 332

Using split method: stratified

Train set balance:
Class distribution:
  Class 0: 281 samples
  Class 1: 30 samples
  Class 2: 266 samples

Val set balance:
Class distribution:
  Class 0: 70 samples
  Class 1: 8 samples
  Class 2: 66 samples
Training set length: 577
Validation set length: 144

Using standard shuffle for training
Training loader: 96 batches
Validation loader: 24 batches

Class distribution in training set:
  Class 0: 281 (48.7%)
  Class 1: 30 (5.2%)
  Class 2: 266 (46.1%)
Class distribution in validation set:
  Class 0: 70 (48.6%)
  Class 1: 8 (5.6%)
  Class 2: 66 (45.8%)
**************************************************
Class weights: [ 6.845  64.111  7.231]

Test Dataset INFO:
Test Dataset length: 82
Class distribution in test dataset:
  Class 0: 40
  Class 1: 5
  Class 2: 37
Test loader: 14 batches
**************************************************

Using loss function: CE
**************************************************
Testing 1/14, Acc: 0.4167, Loss: 0.1751, time 19.09s
Testing 2/14, Acc: 0.7083, Loss: 0.1340, time 2.56s
Testing 3/14, Acc: 0.5833, Loss: 0.3862, time 2.56s
Testing 4/14, Acc: 0.5208, Loss: 0.5583, time 2.56s
Testing 5/14, Acc: 0.6167, Loss: 0.4530, time 2.56s
Testing 6/14, Acc: 0.5833, Loss: 0.4604, time 2.56s
Testing 7/14, Acc: 0.6429, Loss: 0.4063, time 2.56s
Testing 8/14, Acc: 0.6458, Loss: 0.4279, time 2.56s
Testing 9/14, Acc: 0.6852, Loss: 0.3914, time 2.56s
Testing 10/14, Acc: 0.7167, Loss: 0.3752, time 2.56s
Testing 11/14, Acc: 0.7424, Loss: 0.3426, time 2.57s
Testing 12/14, Acc: 0.7639, Loss: 0.3200, time 2.57s
Testing 13/14, Acc: 0.7821, Loss: 0.3007, time 2.56s
Testing 14/14, Acc: 0.7927, Loss: 0.2935, time 1.71s
[Testing] avg_acc=0.7927 | avg_loss=0.2935 | per-class [c0: 0.850, c1: 0.800, c2: 0.973]
Final testing , Test_acc: 0.7927, time 51.57sAccuracy: 0.902
class                  precision    recall   specificity      f1   support
--------------------------------------------------------------------------
0                          1.000     0.850         1.000   0.919        40
1                          0.800     0.800         0.987   0.800         5
2                          0.837     0.973         0.844   0.900        37
*========================================*
Testing Finished! Best Accuracy: 0.7927
Saving plots to: outputs/OrganoidsINRIA_MC/swinunetr/2026-01-13-11-50/testing/plots
MC-Dropout Testing 1/14, Acc: 0.4167, Loss: 0.2950, time 8.44s
MC-Dropout Testing 2/14, Acc: 0.4167, Loss: 0.2688, time 6.01s
MC-Dropout Testing 3/14, Acc: 0.4167, Loss: 0.3595, time 5.79s
MC-Dropout Testing 4/14, Acc: 0.3958, Loss: 0.4906, time 5.79s
MC-Dropout Testing 5/14, Acc: 0.5167, Loss: 0.3984, time 5.79s
MC-Dropout Testing 6/14, Acc: 0.5000, Loss: 0.3880, time 5.79s
MC-Dropout Testing 7/14, Acc: 0.5714, Loss: 0.3540, time 5.79s
MC-Dropout Testing 8/14, Acc: 0.5833, Loss: 0.3892, time 5.79s
MC-Dropout Testing 9/14, Acc: 0.6296, Loss: 0.3640, time 5.79s
MC-Dropout Testing 10/14, Acc: 0.6667, Loss: 0.3474, time 5.79s
MC-Dropout Testing 11/14, Acc: 0.6970, Loss: 0.3292, time 5.80s
MC-Dropout Testing 12/14, Acc: 0.7222, Loss: 0.3177, time 5.80s
MC-Dropout Testing 13/14, Acc: 0.7436, Loss: 0.3014, time 5.80s
MC-Dropout Testing 14/14, Acc: 0.7561, Loss: 0.2948, time 5.32s
Uncertainty analysis saved to outputs/OrganoidsINRIA_MC/swinunetr/2026-01-13-11-50/testing/uncertainty_predictive_entropy
Acceptance–rejection curve saved as 'outputs/OrganoidsINRIA_MC/swinunetr/2026-01-13-11-50/testing/uncertainty_predictive_entropy/acceptance_rejection_curve.png'
Uncertainty analysis saved to outputs/OrganoidsINRIA_MC/swinunetr/2026-01-13-11-50/testing/uncertainty_bald
Acceptance–rejection curve saved as 'outputs/OrganoidsINRIA_MC/swinunetr/2026-01-13-11-50/testing/uncertainty_bald/acceptance_rejection_curve.png'
Uncertainty analysis saved to outputs/OrganoidsINRIA_MC/swinunetr/2026-01-13-11-50/testing/uncertainty_mean_variance
Acceptance–rejection curve saved as 'outputs/OrganoidsINRIA_MC/swinunetr/2026-01-13-11-50/testing/uncertainty_mean_variance/acceptance_rejection_curve.png'
Uncertainty analysis saved to outputs/OrganoidsINRIA_MC/swinunetr/2026-01-13-11-50/testing/uncertainty_variation_ratio
Acceptance–rejection curve saved as 'outputs/OrganoidsINRIA_MC/swinunetr/2026-01-13-11-50/testing/uncertainty_variation_ratio/acceptance_rejection_curve.png'
Total time spent: 00 hours 02 minutes 20 seconds

Final Results Summary:
| TestAcc | W_TestF1 | W_TestPrecision | W_TestRecall | W_TestSpecificity |
| 0.9024 | 0.9031 | 0.9144 | 0.9024 | 0.9290 | 

| Detailed Test MC Metrics |
MC Accuracy: 0.9024
Per-class metrics (MC):
class | precision | recall | specificity | f1 | support
    0 | 1.0000 | 0.8500 | 1.0000 | 0.9189 |      40
    1 | 0.6667 | 0.8000 | 0.9740 | 0.7273 |       5
    2 | 0.8571 | 0.9730 | 0.8667 | 0.9114 |      37
Macro avg (MC): precision=0.8413, recall=0.8743, specificity=0.9469, f1=0.8525
Weighted avg (MC): precision=0.9152, recall=0.9024, specificity=0.9383, f1=0.9038
Micro avg (MC): precision=0.9024, recall=0.9024, specificity=0.9512, f1=0.9024
{'RandFlipd_prob': 0.2,
 'RandRotate90d_prob': 0.2,
 'RandScaleIntensityd_prob': 0.1,
 'RandShiftIntensityd_prob': 0.1,
 'amp': True,
 'augmentation': True,
 'batch_size': 2,
 'cache_dataset': False,
 'checkpoint_path': './outputs/OrganoidsINRIA_MC/densenet/2026-01-03-12-16/training/best_model.pt',
 'data_dir': '/home/mraffael/martone_project/Organoids_Dataset_128/',
 'dataset_name': 'OrganoidsINRIA_MC',
 'debug': False,
 'debug_train_samples': 40,
 'debug_val_samples': 10,
 'dist_backend': 'nccl',
 'dist_url': 'tcp://127.0.0.1:23456',
 'distributed': False,
 'dropout_path_rate': 0.0,
 'dropout_rate': 0.2,
 'early_stopping': True,
 'encoder10_pth': '',
 'exact_class': False,
 'feature_size': 48,
 'fold': 0,
 'folds': False,
 'gpu': 0,
 'ignore_label': 3,
 'in_channels': 1,
 'infer_overlap': 0.5,
 'k_folds': 5,
 'logdir': 'test',
 'logs_dir': 'logs/',
 'loss_name': 'CE',
 'lrschedule': 'warmup_cosine',
 'max_epochs': 150,
 'min_delta_loss': 0.001,
 'min_delta_val': 0.01,
 'model_name': 'densenet',
 'momentum': 0.99,
 'noamp': False,
 'norm_name': 'instance',
 'oar_id': 2193193,
 'optim_lr': 0.01,
 'optim_name': 'adamw',
 'out_channels': 1,
 'output_dir': 'outputs/',
 'patch_merging': False,
 'patience_loss': 40,
 'patience_val': 40,
 'pretrained_dir': '',
 'pretrained_model_name': '',
 'rank': 0,
 'reg_weight': 5e-05,
 'restart_T0': 20,
 'resume_ckpt': False,
 'roi_x': 128,
 'roi_y': 128,
 'roi_z': 128,
 'save_checkpoint': True,
 'seed': 3,
 'similarity_loss': '',
 'similarity_loss_weight': 0.0,
 'spatial_dims': 3,
 'split_method': 'stratified',
 'start_epoch': 0,
 'sw_batch_size': 8,
 'telegram_log': True,
 'test_mode': False,
 'token': './token/tlg_token.txt',
 'use_checkpoint': False,
 'val_every': 2,
 'warmup_epochs': 5,
 'workers': 8,
 'world_size': 1}

Saved configuration to: outputs/OrganoidsINRIA_MC/densenet/2026-01-13-11-53/config.txt
Using GPU: 0

Model INFO:
Model architecture: densenet
BatchNorm3d(1920, eps=1e-05, momentum=0.1, affine=True, track_running_stats=True)
=> loading checkpoint './outputs/OrganoidsINRIA_MC/densenet/2026-01-03-12-16/training/best_model.pt'
Loaded 1207 keys from checkpoint
Total trainable parameters: 25,336,579

Optimizer INFO:
Using optimizer: adamw with lr=0.01, weight_decay=5e-05
Resuming optimizer state from checkpoint: ./outputs/OrganoidsINRIA_MC/densenet/2026-01-03-12-16/training/best_model.pt

Dataset INFO:
Dataset length: 721
Class distribution in entire dataset:
  Class 0: 351
  Class 1: 38
  Class 2: 332

Using split method: stratified

Train set balance:
Class distribution:
  Class 0: 281 samples
  Class 1: 30 samples
  Class 2: 266 samples

Val set balance:
Class distribution:
  Class 0: 70 samples
  Class 1: 8 samples
  Class 2: 66 samples
Training set length: 577
Validation set length: 144

Using standard shuffle for training
Training loader: 288 batches
Validation loader: 72 batches

Class distribution in training set:
  Class 0: 281 (48.7%)
  Class 1: 30 (5.2%)
  Class 2: 266 (46.1%)
Class distribution in validation set:
  Class 0: 70 (48.6%)
  Class 1: 8 (5.6%)
  Class 2: 66 (45.8%)
**************************************************
Class weights: [ 6.845  64.111  7.231]

Test Dataset INFO:
Test Dataset length: 82
Class distribution in test dataset:
  Class 0: 40
  Class 1: 5
  Class 2: 37
Test loader: 41 batches
**************************************************

Using loss function: CE
**************************************************
Testing 1/41, Acc: 0.2500, Loss: 0.6267, time 10.37s
Testing 2/41, Acc: 0.6250, Loss: 0.3498, time 0.03s
Testing 3/41, Acc: 0.7500, Loss: 0.2500, time 0.03s
Testing 4/41, Acc: 0.8125, Loss: 0.2001, time 0.03s
Testing 5/41, Acc: 0.8500, Loss: 0.1693, time 0.03s
Testing 6/41, Acc: 0.8750, Loss: 0.1748, time 0.03s
Testing 7/41, Acc: 0.7857, Loss: 0.2773, time 0.03s
Testing 8/41, Acc: 0.8125, Loss: 0.2531, time 0.03s
Testing 9/41, Acc: 0.8333, Loss: 0.2595, time 0.03s
Testing 10/41, Acc: 0.7750, Loss: 0.3913, time 0.03s
Testing 11/41, Acc: 0.7955, Loss: 0.3671, time 0.03s
Testing 12/41, Acc: 0.7500, Loss: 0.3970, time 0.03s
Testing 13/41, Acc: 0.7692, Loss: 0.3685, time 0.03s
Testing 14/41, Acc: 0.7857, Loss: 0.3456, time 0.03s
Testing 15/41, Acc: 0.8000, Loss: 0.3385, time 0.03s
Testing 16/41, Acc: 0.8125, Loss: 0.3266, time 0.03s
Testing 17/41, Acc: 0.8235, Loss: 0.3133, time 0.03s
Testing 18/41, Acc: 0.7917, Loss: 0.3393, time 0.03s
Testing 19/41, Acc: 0.8026, Loss: 0.3372, time 0.03s
Testing 20/41, Acc: 0.8125, Loss: 0.3404, time 0.03s
Testing 21/41, Acc: 0.8214, Loss: 0.3251, time 0.03s
Testing 22/41, Acc: 0.8295, Loss: 0.3103, time 0.03s
Testing 23/41, Acc: 0.8080, Loss: 0.3011, time 0.03s
Testing 24/41, Acc: 0.8160, Loss: 0.2987, time 0.07s
Testing 25/41, Acc: 0.8233, Loss: 0.2930, time 0.41s
Testing 26/41, Acc: 0.8301, Loss: 0.2867, time 0.03s
Testing 27/41, Acc: 0.8364, Loss: 0.2792, time 0.03s
Testing 28/41, Acc: 0.8423, Loss: 0.2703, time 0.03s
Testing 29/41, Acc: 0.8477, Loss: 0.2683, time 0.03s
Testing 30/41, Acc: 0.8528, Loss: 0.2711, time 0.03s
Testing 31/41, Acc: 0.8575, Loss: 0.2637, time 0.03s
Testing 32/41, Acc: 0.8620, Loss: 0.2566, time 0.13s
Testing 33/41, Acc: 0.8662, Loss: 0.2539, time 0.27s
Testing 34/41, Acc: 0.8701, Loss: 0.2471, time 0.03s
Testing 35/41, Acc: 0.8738, Loss: 0.2443, time 0.03s
Testing 36/41, Acc: 0.8773, Loss: 0.2493, time 0.03s
Testing 37/41, Acc: 0.8806, Loss: 0.2458, time 0.03s
Testing 38/41, Acc: 0.8838, Loss: 0.2429, time 0.03s
Testing 39/41, Acc: 0.8868, Loss: 0.2422, time 0.03s
Testing 40/41, Acc: 0.8896, Loss: 0.2380, time 0.03s
Testing 41/41, Acc: 0.8923, Loss: 0.2346, time 0.03s
[Testing] avg_acc=0.8923 | avg_loss=0.2346 | per-class [c0: 0.875, c1: 1.000, c2: 0.973]
Final testing , Test_acc: 0.8923, time 12.35sAccuracy: 0.927
class                  precision    recall   specificity      f1   support
--------------------------------------------------------------------------
0                          0.972     0.875         0.976   0.921        40
1                          1.000     1.000         1.000   1.000         5
2                          0.878     0.973         0.889   0.923        37
*========================================*
Testing Finished! Best Accuracy: 0.8923
Saving plots to: outputs/OrganoidsINRIA_MC/densenet/2026-01-13-11-53/testing/plots
MC-Dropout Testing 1/41, Acc: 0.2500, Loss: 0.6328, time 0.32s
MC-Dropout Testing 2/41, Acc: 0.6250, Loss: 0.3586, time 0.04s
MC-Dropout Testing 3/41, Acc: 0.7500, Loss: 0.2569, time 0.04s
MC-Dropout Testing 4/41, Acc: 0.8125, Loss: 0.2057, time 0.05s
MC-Dropout Testing 5/41, Acc: 0.8500, Loss: 0.1735, time 0.04s
MC-Dropout Testing 6/41, Acc: 0.8750, Loss: 0.1785, time 0.03s
MC-Dropout Testing 7/41, Acc: 0.7857, Loss: 0.2798, time 0.04s
MC-Dropout Testing 8/41, Acc: 0.8125, Loss: 0.2563, time 0.03s
MC-Dropout Testing 9/41, Acc: 0.8333, Loss: 0.2621, time 0.03s
MC-Dropout Testing 10/41, Acc: 0.7750, Loss: 0.3860, time 0.04s
MC-Dropout Testing 11/41, Acc: 0.7955, Loss: 0.3626, time 0.03s
MC-Dropout Testing 12/41, Acc: 0.7500, Loss: 0.3933, time 0.04s
MC-Dropout Testing 13/41, Acc: 0.7692, Loss: 0.3650, time 0.05s
MC-Dropout Testing 14/41, Acc: 0.7857, Loss: 0.3430, time 0.04s
MC-Dropout Testing 15/41, Acc: 0.8000, Loss: 0.3365, time 0.03s
MC-Dropout Testing 16/41, Acc: 0.8125, Loss: 0.3249, time 0.04s
MC-Dropout Testing 17/41, Acc: 0.8235, Loss: 0.3119, time 0.04s
MC-Dropout Testing 18/41, Acc: 0.7917, Loss: 0.3376, time 0.04s
MC-Dropout Testing 19/41, Acc: 0.8026, Loss: 0.3356, time 0.03s
MC-Dropout Testing 20/41, Acc: 0.8125, Loss: 0.3389, time 0.04s
MC-Dropout Testing 21/41, Acc: 0.8214, Loss: 0.3242, time 0.03s
MC-Dropout Testing 22/41, Acc: 0.8295, Loss: 0.3096, time 0.03s
MC-Dropout Testing 23/41, Acc: 0.8080, Loss: 0.3010, time 0.04s
MC-Dropout Testing 24/41, Acc: 0.8160, Loss: 0.2990, time 0.04s
MC-Dropout Testing 25/41, Acc: 0.8233, Loss: 0.2935, time 0.03s
MC-Dropout Testing 26/41, Acc: 0.8301, Loss: 0.2874, time 0.03s
MC-Dropout Testing 27/41, Acc: 0.8364, Loss: 0.2802, time 0.03s
MC-Dropout Testing 28/41, Acc: 0.8423, Loss: 0.2714, time 0.03s
MC-Dropout Testing 29/41, Acc: 0.8477, Loss: 0.2692, time 0.03s
MC-Dropout Testing 30/41, Acc: 0.8528, Loss: 0.2729, time 0.03s
MC-Dropout Testing 31/41, Acc: 0.8575, Loss: 0.2654, time 0.03s
MC-Dropout Testing 32/41, Acc: 0.8620, Loss: 0.2586, time 0.03s
MC-Dropout Testing 33/41, Acc: 0.8662, Loss: 0.2556, time 0.03s
MC-Dropout Testing 34/41, Acc: 0.8701, Loss: 0.2489, time 0.03s
MC-Dropout Testing 35/41, Acc: 0.8738, Loss: 0.2460, time 0.03s
MC-Dropout Testing 36/41, Acc: 0.8773, Loss: 0.2512, time 0.03s
MC-Dropout Testing 37/41, Acc: 0.8806, Loss: 0.2476, time 0.03s
MC-Dropout Testing 38/41, Acc: 0.8838, Loss: 0.2448, time 0.03s
MC-Dropout Testing 39/41, Acc: 0.8868, Loss: 0.2441, time 0.03s
MC-Dropout Testing 40/41, Acc: 0.8896, Loss: 0.2400, time 0.03s
MC-Dropout Testing 41/41, Acc: 0.8923, Loss: 0.2369, time 0.03s
Uncertainty analysis saved to outputs/OrganoidsINRIA_MC/densenet/2026-01-13-11-53/testing/uncertainty_predictive_entropy
Acceptance–rejection curve saved as 'outputs/OrganoidsINRIA_MC/densenet/2026-01-13-11-53/testing/uncertainty_predictive_entropy/acceptance_rejection_curve.png'
Uncertainty analysis saved to outputs/OrganoidsINRIA_MC/densenet/2026-01-13-11-53/testing/uncertainty_bald
Acceptance–rejection curve saved as 'outputs/OrganoidsINRIA_MC/densenet/2026-01-13-11-53/testing/uncertainty_bald/acceptance_rejection_curve.png'
Uncertainty analysis saved to outputs/OrganoidsINRIA_MC/densenet/2026-01-13-11-53/testing/uncertainty_mean_variance
Acceptance–rejection curve saved as 'outputs/OrganoidsINRIA_MC/densenet/2026-01-13-11-53/testing/uncertainty_mean_variance/acceptance_rejection_curve.png'
Uncertainty analysis saved to outputs/OrganoidsINRIA_MC/densenet/2026-01-13-11-53/testing/uncertainty_variation_ratio
Acceptance–rejection curve saved as 'outputs/OrganoidsINRIA_MC/densenet/2026-01-13-11-53/testing/uncertainty_variation_ratio/acceptance_rejection_curve.png'
Total time spent: 00 hours 00 minutes 19 seconds

Final Results Summary:
| TestAcc | W_TestF1 | W_TestPrecision | W_TestRecall | W_TestSpecificity |
| 0.9268 | 0.9268 | 0.9314 | 0.9268 | 0.9383 | 

| Detailed Test MC Metrics |
MC Accuracy: 0.9268
Per-class metrics (MC):
class | precision | recall | specificity | f1 | support
    0 | 0.9722 | 0.8750 | 0.9762 | 0.9211 |      40
    1 | 1.0000 | 1.0000 | 1.0000 | 1.0000 |       5
    2 | 0.8780 | 0.9730 | 0.8889 | 0.9231 |      37
Macro avg (MC): precision=0.9501, recall=0.9493, specificity=0.9550, f1=0.9480
Weighted avg (MC): precision=0.9314, recall=0.9268, specificity=0.9383, f1=0.9268
Micro avg (MC): precision=0.9268, recall=0.9268, specificity=0.9634, f1=0.9268
{'RandFlipd_prob': 0.2,
 'RandRotate90d_prob': 0.2,
 'RandScaleIntensityd_prob': 0.1,
 'RandShiftIntensityd_prob': 0.1,
 'amp': True,
 'augmentation': True,
 'batch_size': 6,
 'cache_dataset': False,
 'checkpoint_path': './outputs/OrganoidsINRIA_MC/swinvit/2026-01-12-11-44/training/best_model.pt',
 'data_dir': '/home/mraffael/martone_project/Organoids_Dataset_256/',
 'dataset_name': 'OrganoidsINRIA_MC',
 'debug': False,
 'debug_train_samples': 40,
 'debug_val_samples': 10,
 'dist_backend': 'nccl',
 'dist_url': 'tcp://127.0.0.1:23456',
 'distributed': False,
 'dropout_path_rate': 0.0,
 'dropout_rate': 0.2,
 'early_stopping': True,
 'encoder10_pth': '',
 'exact_class': False,
 'feature_size': 48,
 'fold': 0,
 'folds': False,
 'gpu': 0,
 'ignore_label': 3,
 'in_channels': 1,
 'infer_overlap': 0.5,
 'k_folds': 5,
 'logdir': 'test',
 'logs_dir': 'logs/',
 'loss_name': 'CE',
 'lrschedule': 'warmup_cosine',
 'max_epochs': 300,
 'min_delta_loss': 0.001,
 'min_delta_val': 0.01,
 'model_name': 'swinvit',
 'momentum': 0.99,
 'noamp': False,
 'norm_name': 'instance',
 'oar_id': 2193193,
 'optim_lr': 0.006,
 'optim_name': 'adamw',
 'out_channels': 1,
 'output_dir': 'outputs/',
 'patch_merging': False,
 'patience_loss': 40,
 'patience_val': 40,
 'pretrained_dir': './pretrained_models/fold1_f48_ep300_4gpu_dice0_9059/',
 'pretrained_model_name': 'model_swinvit.pt',
 'rank': 0,
 'reg_weight': 5e-05,
 'restart_T0': 20,
 'resume_ckpt': False,
 'roi_x': 128,
 'roi_y': 128,
 'roi_z': 128,
 'save_checkpoint': True,
 'seed': 3,
 'similarity_loss': '',
 'similarity_loss_weight': 0.0,
 'spatial_dims': 3,
 'split_method': 'stratified',
 'start_epoch': 0,
 'sw_batch_size': 8,
 'telegram_log': True,
 'test_mode': False,
 'token': './token/tlg_token.txt',
 'use_checkpoint': False,
 'val_every': 2,
 'warmup_epochs': 5,
 'workers': 8,
 'world_size': 1}

Saved configuration to: outputs/OrganoidsINRIA_MC/swinvit/2026-01-13-11-53/config.txt
Using GPU: 0

Model INFO:
Model architecture: swinvit
swinvit
Skipping loading pretrained weights since checkpoint path is provided
Using SwinViT with Single Linear Classification Head
=> loading checkpoint './outputs/OrganoidsINRIA_MC/swinvit/2026-01-12-11-44/training/best_model.pt'
Loaded 128 keys from checkpoint
Total trainable parameters: 8,064,309

Optimizer INFO:
Using optimizer: adamw with lr=0.006, weight_decay=5e-05
Resuming optimizer state from checkpoint: ./outputs/OrganoidsINRIA_MC/swinvit/2026-01-12-11-44/training/best_model.pt

Dataset INFO:
Dataset length: 721
Class distribution in entire dataset:
  Class 0: 351
  Class 1: 38
  Class 2: 332

Using split method: stratified

Train set balance:
Class distribution:
  Class 0: 281 samples
  Class 1: 30 samples
  Class 2: 266 samples

Val set balance:
Class distribution:
  Class 0: 70 samples
  Class 1: 8 samples
  Class 2: 66 samples
Training set length: 577
Validation set length: 144

Using standard shuffle for training
Training loader: 96 batches
Validation loader: 24 batches

Class distribution in training set:
  Class 0: 281 (48.7%)
  Class 1: 30 (5.2%)
  Class 2: 266 (46.1%)
Class distribution in validation set:
  Class 0: 70 (48.6%)
  Class 1: 8 (5.6%)
  Class 2: 66 (45.8%)
**************************************************
Class weights: [ 6.845  64.111  7.231]

Test Dataset INFO:
Test Dataset length: 82
Class distribution in test dataset:
  Class 0: 40
  Class 1: 5
  Class 2: 37
Test loader: 14 batches
**************************************************

Using loss function: CE
**************************************************
Testing 1/14, Acc: 1.0000, Loss: 0.1911, time 5.62s
Testing 2/14, Acc: 1.0000, Loss: 0.1171, time 2.56s
Testing 3/14, Acc: 0.7778, Loss: 0.3363, time 2.56s
Testing 4/14, Acc: 0.6667, Loss: 0.6146, time 2.56s
Testing 5/14, Acc: 0.7333, Loss: 0.4927, time 2.56s
Testing 6/14, Acc: 0.6806, Loss: 0.4886, time 2.56s
Testing 7/14, Acc: 0.6667, Loss: 0.4616, time 2.56s
Testing 8/14, Acc: 0.6250, Loss: 0.5562, time 2.57s
Testing 9/14, Acc: 0.6019, Loss: 0.5140, time 2.56s
Testing 10/14, Acc: 0.5833, Loss: 0.5129, time 2.56s
Testing 11/14, Acc: 0.6212, Loss: 0.4681, time 2.56s
Testing 12/14, Acc: 0.6528, Loss: 0.4407, time 2.56s
Testing 13/14, Acc: 0.6795, Loss: 0.4103, time 2.56s
Testing 14/14, Acc: 0.6951, Loss: 0.3930, time 1.71s
[Testing] avg_acc=0.6951 | avg_loss=0.3930 | per-class [c0: 0.850, c1: 0.400, c2: 0.919]
Final testing , Test_acc: 0.6951, time 38.12sAccuracy: 0.854
class                  precision    recall   specificity      f1   support
--------------------------------------------------------------------------
0                          0.944     0.850         0.952   0.895        40
1                          0.667     0.400         0.987   0.500         5
2                          0.791     0.919         0.800   0.850        37
*========================================*
Testing Finished! Best Accuracy: 0.6951
Saving plots to: outputs/OrganoidsINRIA_MC/swinvit/2026-01-13-11-53/testing/plots
MC-Dropout Testing 1/14, Acc: 0.4167, Loss: 0.4728, time 7.47s
MC-Dropout Testing 2/14, Acc: 0.7083, Loss: 0.2731, time 5.77s
MC-Dropout Testing 3/14, Acc: 0.5833, Loss: 0.4629, time 5.77s
MC-Dropout Testing 4/14, Acc: 0.5208, Loss: 0.7140, time 5.77s
MC-Dropout Testing 5/14, Acc: 0.6167, Loss: 0.5749, time 5.78s
MC-Dropout Testing 6/14, Acc: 0.5833, Loss: 0.5558, time 5.78s
MC-Dropout Testing 7/14, Acc: 0.5714, Loss: 0.5298, time 5.78s
MC-Dropout Testing 8/14, Acc: 0.5417, Loss: 0.5993, time 5.78s
MC-Dropout Testing 9/14, Acc: 0.5926, Loss: 0.5499, time 5.78s
MC-Dropout Testing 10/14, Acc: 0.5750, Loss: 0.5156, time 5.78s
MC-Dropout Testing 11/14, Acc: 0.6136, Loss: 0.4698, time 5.79s
MC-Dropout Testing 12/14, Acc: 0.5972, Loss: 0.4449, time 5.78s
MC-Dropout Testing 13/14, Acc: 0.6282, Loss: 0.4181, time 5.79s
MC-Dropout Testing 14/14, Acc: 0.6463, Loss: 0.4008, time 4.39s
Uncertainty analysis saved to outputs/OrganoidsINRIA_MC/swinvit/2026-01-13-11-53/testing/uncertainty_predictive_entropy
Acceptance–rejection curve saved as 'outputs/OrganoidsINRIA_MC/swinvit/2026-01-13-11-53/testing/uncertainty_predictive_entropy/acceptance_rejection_curve.png'
Uncertainty analysis saved to outputs/OrganoidsINRIA_MC/swinvit/2026-01-13-11-53/testing/uncertainty_bald
Acceptance–rejection curve saved as 'outputs/OrganoidsINRIA_MC/swinvit/2026-01-13-11-53/testing/uncertainty_bald/acceptance_rejection_curve.png'
Uncertainty analysis saved to outputs/OrganoidsINRIA_MC/swinvit/2026-01-13-11-53/testing/uncertainty_mean_variance
Acceptance–rejection curve saved as 'outputs/OrganoidsINRIA_MC/swinvit/2026-01-13-11-53/testing/uncertainty_mean_variance/acceptance_rejection_curve.png'
Uncertainty analysis saved to outputs/OrganoidsINRIA_MC/swinvit/2026-01-13-11-53/testing/uncertainty_variation_ratio
Acceptance–rejection curve saved as 'outputs/OrganoidsINRIA_MC/swinvit/2026-01-13-11-53/testing/uncertainty_variation_ratio/acceptance_rejection_curve.png'
Total time spent: 00 hours 02 minutes 05 seconds

Final Results Summary:
| TestAcc | W_TestF1 | W_TestPrecision | W_TestRecall | W_TestSpecificity |
| 0.8537 | 0.8505 | 0.8581 | 0.8537 | 0.8857 | 

| Detailed Test MC Metrics |
MC Accuracy: 0.8415
Per-class metrics (MC):
class | precision | recall | specificity | f1 | support
    0 | 0.9444 | 0.8500 | 0.9524 | 0.8947 |      40
    1 | 0.3333 | 0.2000 | 0.9740 | 0.2500 |       5
    2 | 0.7907 | 0.9189 | 0.8000 | 0.8500 |      37
Macro avg (MC): precision=0.6895, recall=0.6563, specificity=0.9088, f1=0.6649
Weighted avg (MC): precision=0.8378, recall=0.8415, specificity=0.8849, f1=0.8352
Micro avg (MC): precision=0.8415, recall=0.8415, specificity=0.9207, f1=0.8415
{'RandFlipd_prob': 0.2,
 'RandRotate90d_prob': 0.2,
 'RandScaleIntensityd_prob': 0.1,
 'RandShiftIntensityd_prob': 0.1,
 'amp': True,
 'augmentation': True,
 'batch_size': 6,
 'cache_dataset': False,
 'checkpoint_path': './outputs/OrganoidsINRIA_MC/resnet18/2026-01-02-18-28/training/best_model.pt',
 'data_dir': '/home/mraffael/martone_project/Organoids_Dataset_128/',
 'dataset_name': 'OrganoidsINRIA_MC',
 'debug': False,
 'debug_train_samples': 40,
 'debug_val_samples': 10,
 'dist_backend': 'nccl',
 'dist_url': 'tcp://127.0.0.1:23456',
 'distributed': False,
 'dropout_path_rate': 0.0,
 'dropout_rate': 0.2,
 'early_stopping': True,
 'encoder10_pth': '',
 'exact_class': False,
 'feature_size': 48,
 'fold': 0,
 'folds': False,
 'gpu': 0,
 'ignore_label': 3,
 'in_channels': 1,
 'infer_overlap': 0.5,
 'k_folds': 5,
 'logdir': 'test',
 'logs_dir': 'logs/',
 'loss_name': 'CE',
 'lrschedule': 'warmup_cosine',
 'max_epochs': 150,
 'min_delta_loss': 0.001,
 'min_delta_val': 0.01,
 'model_name': 'resnet18',
 'momentum': 0.99,
 'noamp': False,
 'norm_name': 'instance',
 'oar_id': 2193193,
 'optim_lr': 0.05,
 'optim_name': 'adamw',
 'out_channels': 1,
 'output_dir': 'outputs/',
 'patch_merging': False,
 'patience_loss': 40,
 'patience_val': 40,
 'pretrained_dir': './pretrained_models/resnet18/',
 'pretrained_model_name': 'resnet_18.pth',
 'rank': 0,
 'reg_weight': 5e-05,
 'restart_T0': 20,
 'resume_ckpt': False,
 'roi_x': 128,
 'roi_y': 128,
 'roi_z': 128,
 'save_checkpoint': True,
 'seed': 3,
 'similarity_loss': '',
 'similarity_loss_weight': 0.0,
 'spatial_dims': 3,
 'split_method': 'stratified',
 'start_epoch': 0,
 'sw_batch_size': 8,
 'telegram_log': True,
 'test_mode': False,
 'token': './token/tlg_token.txt',
 'use_checkpoint': False,
 'val_every': 2,
 'warmup_epochs': 5,
 'workers': 8,
 'world_size': 1}

Saved configuration to: outputs/OrganoidsINRIA_MC/resnet18/2026-01-13-11-56/config.txt
Using GPU: 0

Model INFO:
Model architecture: resnet18
Using ResNet with Single Linear Classification Head
=> loading checkpoint './outputs/OrganoidsINRIA_MC/resnet18/2026-01-02-18-28/training/best_model.pt'
Loaded 136 keys from checkpoint
Total trainable parameters: 33,320,451

Optimizer INFO:
Using optimizer: adamw with lr=0.05, weight_decay=5e-05
Resuming optimizer state from checkpoint: ./outputs/OrganoidsINRIA_MC/resnet18/2026-01-02-18-28/training/best_model.pt

Dataset INFO:
Dataset length: 721
Class distribution in entire dataset:
  Class 0: 351
  Class 1: 38
  Class 2: 332

Using split method: stratified

Train set balance:
Class distribution:
  Class 0: 281 samples
  Class 1: 30 samples
  Class 2: 266 samples

Val set balance:
Class distribution:
  Class 0: 70 samples
  Class 1: 8 samples
  Class 2: 66 samples
Training set length: 577
Validation set length: 144

Using standard shuffle for training
Training loader: 96 batches
Validation loader: 24 batches

Class distribution in training set:
  Class 0: 281 (48.7%)
  Class 1: 30 (5.2%)
  Class 2: 266 (46.1%)
Class distribution in validation set:
  Class 0: 70 (48.6%)
  Class 1: 8 (5.6%)
  Class 2: 66 (45.8%)
**************************************************
Class weights: [ 6.845  64.111  7.231]

Test Dataset INFO:
Test Dataset length: 82
Class distribution in test dataset:
  Class 0: 40
  Class 1: 5
  Class 2: 37
Test loader: 14 batches
**************************************************

Using loss function: CE
**************************************************
Testing 1/14, Acc: 1.0000, Loss: 0.0379, time 2.01s
Testing 2/14, Acc: 1.0000, Loss: 0.0192, time 0.05s
Testing 3/14, Acc: 1.0000, Loss: 0.0231, time 0.05s
Testing 4/14, Acc: 0.7917, Loss: 0.3302, time 0.05s
Testing 5/14, Acc: 0.8333, Loss: 0.2673, time 0.05s
Testing 6/14, Acc: 0.7639, Loss: 0.2586, time 0.05s
Testing 7/14, Acc: 0.7976, Loss: 0.2371, time 0.05s
Testing 8/14, Acc: 0.8021, Loss: 0.2885, time 0.05s
Testing 9/14, Acc: 0.8241, Loss: 0.2666, time 0.05s
Testing 10/14, Acc: 0.7750, Loss: 0.2934, time 0.05s
Testing 11/14, Acc: 0.7955, Loss: 0.2687, time 0.05s
Testing 12/14, Acc: 0.8125, Loss: 0.2559, time 0.05s
Testing 13/14, Acc: 0.8269, Loss: 0.2391, time 0.05s
Testing 14/14, Acc: 0.8354, Loss: 0.2314, time 0.73s
[Testing] avg_acc=0.8354 | avg_loss=0.2314 | per-class [c0: 0.875, c1: 1.000, c2: 0.919]
Final testing , Test_acc: 0.8354, time 3.40sAccuracy: 0.902
class                  precision    recall   specificity      f1   support
--------------------------------------------------------------------------
0                          0.946     0.875         0.952   0.909        40
1                          0.833     1.000         0.987   0.909         5
2                          0.872     0.919         0.889   0.895        37
*========================================*
Testing Finished! Best Accuracy: 0.8354
Saving plots to: outputs/OrganoidsINRIA_MC/resnet18/2026-01-13-11-56/testing/plots
MC-Dropout Testing 1/14, Acc: 1.0000, Loss: 0.0545, time 0.56s
MC-Dropout Testing 2/14, Acc: 1.0000, Loss: 0.0281, time 0.06s
MC-Dropout Testing 3/14, Acc: 1.0000, Loss: 0.0355, time 0.06s
MC-Dropout Testing 4/14, Acc: 0.7917, Loss: 0.3379, time 0.06s
MC-Dropout Testing 5/14, Acc: 0.8333, Loss: 0.2744, time 0.06s
MC-Dropout Testing 6/14, Acc: 0.7639, Loss: 0.2652, time 0.06s
MC-Dropout Testing 7/14, Acc: 0.7976, Loss: 0.2442, time 0.06s
MC-Dropout Testing 8/14, Acc: 0.8021, Loss: 0.2956, time 0.06s
MC-Dropout Testing 9/14, Acc: 0.8241, Loss: 0.2729, time 0.06s
MC-Dropout Testing 10/14, Acc: 0.7750, Loss: 0.3005, time 0.06s
MC-Dropout Testing 11/14, Acc: 0.7955, Loss: 0.2754, time 0.06s
MC-Dropout Testing 12/14, Acc: 0.8125, Loss: 0.2624, time 0.06s
MC-Dropout Testing 13/14, Acc: 0.8269, Loss: 0.2452, time 0.06s
MC-Dropout Testing 14/14, Acc: 0.8354, Loss: 0.2375, time 0.04s
Uncertainty analysis saved to outputs/OrganoidsINRIA_MC/resnet18/2026-01-13-11-56/testing/uncertainty_predictive_entropy
Acceptance–rejection curve saved as 'outputs/OrganoidsINRIA_MC/resnet18/2026-01-13-11-56/testing/uncertainty_predictive_entropy/acceptance_rejection_curve.png'
Uncertainty analysis saved to outputs/OrganoidsINRIA_MC/resnet18/2026-01-13-11-56/testing/uncertainty_bald
Acceptance–rejection curve saved as 'outputs/OrganoidsINRIA_MC/resnet18/2026-01-13-11-56/testing/uncertainty_bald/acceptance_rejection_curve.png'
Uncertainty analysis saved to outputs/OrganoidsINRIA_MC/resnet18/2026-01-13-11-56/testing/uncertainty_mean_variance
Acceptance–rejection curve saved as 'outputs/OrganoidsINRIA_MC/resnet18/2026-01-13-11-56/testing/uncertainty_mean_variance/acceptance_rejection_curve.png'
Uncertainty analysis saved to outputs/OrganoidsINRIA_MC/resnet18/2026-01-13-11-56/testing/uncertainty_variation_ratio
Acceptance–rejection curve saved as 'outputs/OrganoidsINRIA_MC/resnet18/2026-01-13-11-56/testing/uncertainty_variation_ratio/acceptance_rejection_curve.png'
Total time spent: 00 hours 00 minutes 10 seconds

Final Results Summary:
| TestAcc | W_TestF1 | W_TestPrecision | W_TestRecall | W_TestSpecificity |
| 0.9024 | 0.9026 | 0.9056 | 0.9024 | 0.9258 | 

| Detailed Test MC Metrics |
MC Accuracy: 0.9024
Per-class metrics (MC):
class | precision | recall | specificity | f1 | support
    0 | 0.9459 | 0.8750 | 0.9524 | 0.9091 |      40
    1 | 0.8333 | 1.0000 | 0.9870 | 0.9091 |       5
    2 | 0.8718 | 0.9189 | 0.8889 | 0.8947 |      37
Macro avg (MC): precision=0.8837, recall=0.9313, specificity=0.9428, f1=0.9043
Weighted avg (MC): precision=0.9056, recall=0.9024, specificity=0.9258, f1=0.9026
Micro avg (MC): precision=0.9024, recall=0.9024, specificity=0.9512, f1=0.9024
