2025-11-17 09:45:39,384 INFO Log directory: outputs/OrganoidsINRIA_reduced/swinunetr+noah/2025-11-17-09-45
2025-11-17 09:45:39,386 INFO {'RandFlipd_prob': 0.2,
 'RandRotate90d_prob': 0.2,
 'RandScaleIntensityd_prob': 0.1,
 'RandShiftIntensityd_prob': 0.1,
 'amp': True,
 'augmentation': True,
 'batch_size': 6,
 'cache_dataset': False,
 'checkpoint_path': None,
 'data_dir': '/home/mraffael/martone_project/Organoids_Dataset_256/',
 'dataset_name': 'OrganoidsINRIA_reduced',
 'debug': False,
 'debug_train_samples': 40,
 'debug_val_samples': 10,
 'dist_backend': 'nccl',
 'dist_url': 'tcp://127.0.0.1:23456',
 'distributed': False,
 'dropout_path_rate': 0.0,
 'dropout_rate': 0.0,
 'early_stopping': True,
 'encoder10_pth': '',
 'exact_class': False,
 'feature_size': 48,
 'fold': 0,
 'folds': False,
 'gpu': 0,
 'ignore_label': 3,
 'in_channels': 1,
 'infer_overlap': 0.5,
 'k_folds': 5,
 'logdir': 'test',
 'logs_dir': 'logs/',
 'loss_name': 'CE',
 'lrschedule': 'warmup_cosine',
 'max_epochs': 150,
 'min_delta_loss': 0.001,
 'min_delta_val': 0.01,
 'model_name': 'swinunetr+noah',
 'momentum': 0.99,
 'noamp': False,
 'norm_name': 'instance',
 'oar_id': 2122306,
 'optim_lr': 0.0003,
 'optim_name': 'adamw',
 'out_channels': 1,
 'output_dir': 'outputs/',
 'patch_merging': True,
 'patience_loss': 40,
 'patience_val': 40,
 'pretrained_dir': './pretrained_models/fold1_f48_ep300_4gpu_dice0_9059/',
 'pretrained_model_name': 'model_swinvit.pt',
 'rank': 0,
 'reg_weight': 5e-05,
 'restart_T0': 20,
 'resume_ckpt': False,
 'roi_x': 128,
 'roi_y': 128,
 'roi_z': 128,
 'save_checkpoint': True,
 'seed': 3,
 'similarity_loss': '',
 'similarity_loss_weight': 0.0,
 'spatial_dims': 3,
 'split_method': 'stratified',
 'start_epoch': 0,
 'sw_batch_size': 8,
 'telegram_log': True,
 'test_mode': False,
 'token': './token/tlg_token.txt',
 'use_checkpoint': False,
 'val_every': 2,
 'warmup_epochs': 5,
 'workers': 8,
 'world_size': 1}
2025-11-17 09:45:39,386 INFO 
2025-11-17 09:45:39,390 INFO Saved configuration to: outputs/OrganoidsINRIA_reduced/swinunetr+noah/2025-11-17-09-45/config.txt
2025-11-17 09:45:39,934 INFO Using GPU: 0
2025-11-17 09:45:39,934 INFO 
2025-11-17 09:45:39,934 INFO Model INFO:
2025-11-17 09:45:39,934 INFO Model architecture: swinunetr+noah
2025-11-17 09:45:40,313 INFO Using pretrained weights
2025-11-17 09:45:40,313 INFO => loading pretrained model './pretrained_models/fold1_f48_ep300_4gpu_dice0_9059/model_swinvit.pt'
2025-11-17 09:45:44,033 INFO Missing keys when loading pretrained: 33
2025-11-17 09:45:44,033 INFO Unexpected keys when loading pretrained: 8
2025-11-17 09:45:44,037 INFO Using SwinUNETR with NOAH Classification Head
2025-11-17 09:45:44,043 INFO Total trainable parameters: 39,917,112
2025-11-17 09:45:44,075 INFO 
2025-11-17 09:45:44,075 INFO Optimizer INFO:
2025-11-17 09:45:44,076 INFO Using optimizer: adamw with lr=0.0003, weight_decay=5e-05
2025-11-17 09:45:44,076 INFO 
2025-11-17 09:45:44,076 INFO Dataset INFO:
2025-11-17 09:45:44,095 INFO Dataset length: 721
2025-11-17 09:45:44,095 INFO Class distribution in entire dataset:
2025-11-17 09:45:44,095 INFO   Class 0: 351
2025-11-17 09:45:44,095 INFO   Class 1: 38
2025-11-17 09:45:44,095 INFO   Class 2: 332
2025-11-17 09:45:44,095 INFO 
Using split method: stratified
2025-11-17 09:45:44,105 INFO 
Train set balance:
2025-11-17 09:45:44,105 INFO 
Val set balance:
2025-11-17 09:45:44,105 INFO Training set length: 577
2025-11-17 09:45:44,105 INFO Validation set length: 144
2025-11-17 09:45:44,105 INFO 
Using standard shuffle for training
2025-11-17 09:45:44,105 INFO Training loader: 96 batches
2025-11-17 09:45:44,105 INFO Validation loader: 24 batches
2025-11-17 09:45:44,105 INFO 
Class distribution in training set:
2025-11-17 09:45:44,105 INFO   Class 0: 281 (48.7%)
2025-11-17 09:45:44,105 INFO   Class 1: 30 (5.2%)
2025-11-17 09:45:44,105 INFO   Class 2: 266 (46.1%)
2025-11-17 09:45:44,105 INFO Class distribution in validation set:
2025-11-17 09:45:44,106 INFO   Class 0: 70 (48.6%)
2025-11-17 09:45:44,106 INFO   Class 1: 8 (5.6%)
2025-11-17 09:45:44,106 INFO   Class 2: 66 (45.8%)
2025-11-17 09:45:44,106 INFO **************************************************
2025-11-17 09:45:44,138 INFO Class weights: [ 6.845  64.111  7.231]
2025-11-17 09:45:44,138 INFO 
2025-11-17 09:45:44,138 INFO Test Dataset INFO:
2025-11-17 09:45:44,144 INFO Test Dataset length: 82
2025-11-17 09:45:44,144 INFO Class distribution in test dataset:
2025-11-17 09:45:44,144 INFO   Class 0: 40
2025-11-17 09:45:44,144 INFO   Class 1: 5
2025-11-17 09:45:44,144 INFO   Class 2: 37
2025-11-17 09:45:44,144 INFO Test loader: 14 batches
2025-11-17 09:45:44,144 INFO **************************************************
2025-11-17 09:45:44,144 INFO 
2025-11-17 09:45:44,144 INFO Using loss function: CE
2025-11-17 09:45:44,148 INFO **************************************************
2025-11-17 09:45:44,148 INFO Starting training...
2025-11-17 09:45:44,150 INFO 0 Mon Nov 17 09:45:44 2025 Epoch: 1
2025-11-17 09:56:25,168 INFO Final training 1/150, loss: 36.9668, time 641.02s, lr: 0.000000
Accuracy: 0.486
class                  precision    recall   specificity      f1   support
--------------------------------------------------------------------------
0                          0.487     0.996         0.000   0.654       281
1                          0.000     0.000         1.000   0.000        30
2                          0.000     0.000         0.997   0.000       265
*----------------------------------------*
2025-11-17 09:56:25,641 INFO 0 Mon Nov 17 09:56:25 2025 Epoch: 2
2025-11-17 10:06:47,717 INFO Final training 2/150, loss: 28.3137, time 622.08s, lr: 0.000075
Accuracy: 0.470
class                  precision    recall   specificity      f1   support
--------------------------------------------------------------------------
0                          0.541     0.446         0.642   0.489       280
1                          0.123     0.433         0.830   0.191        30
2                          0.556     0.500         0.658   0.527       266
*----------------------------------------*
2025-11-17 10:09:41,580 INFO Final validation 2/150, Val_acc: 0.5809, time 173.86sAccuracy: 0.618
class                  precision    recall   specificity      f1   support
--------------------------------------------------------------------------
0                          0.806     0.357         0.919   0.495        70
1                          0.000     0.000         1.000   0.000         8
2                          0.566     0.970         0.372   0.715        66
*========================================*
2025-11-17 10:09:41,580 INFO New best (0.000000 --> 0.580903)
2025-11-17 10:09:47,774 INFO Copying best model to best_model.pt
2025-11-17 10:09:51,927 INFO 0 Mon Nov 17 10:09:51 2025 Epoch: 3
2025-11-17 10:20:15,205 INFO Final training 3/150, loss: 21.9745, time 623.28s, lr: 0.000150
Accuracy: 0.457
class                  precision    recall   specificity      f1   support
--------------------------------------------------------------------------
0                          0.568     0.488         0.647   0.525       281
1                          0.044     0.167         0.802   0.070        30
2                          0.545     0.457         0.675   0.497       265
*----------------------------------------*
2025-11-17 10:20:15,205 INFO 0 Mon Nov 17 10:20:15 2025 Epoch: 4
2025-11-17 10:30:30,880 INFO Final training 4/150, loss: 16.6271, time 615.67s, lr: 0.000225
Accuracy: 0.498
class                  precision    recall   specificity      f1   support
--------------------------------------------------------------------------
0                          0.607     0.516         0.681   0.558       281
1                          0.077     0.276         0.824   0.120        29
2                          0.575     0.504         0.681   0.537       266
*----------------------------------------*
2025-11-17 10:32:55,522 INFO Final validation 4/150, Val_acc: 0.4537, time 144.64sAccuracy: 0.479
class                  precision    recall   specificity      f1   support
--------------------------------------------------------------------------
0                          0.483     0.986         0.000   0.648        70
1                          0.000     0.000         0.993   0.000         8
2                          0.000     0.000         1.000   0.000        66
*========================================*
2025-11-17 10:33:00,510 INFO 0 Mon Nov 17 10:33:00 2025 Epoch: 5
2025-11-17 10:43:19,810 INFO Final training 5/150, loss: 13.2593, time 619.30s, lr: 0.000300
Accuracy: 0.469
class                  precision    recall   specificity      f1   support
--------------------------------------------------------------------------
0                          0.573     0.491         0.651   0.529       281
1                          0.052     0.200         0.800   0.083        30
2                          0.573     0.475         0.698   0.520       265
*----------------------------------------*
2025-11-17 10:43:19,810 INFO 0 Mon Nov 17 10:43:19 2025 Epoch: 6
2025-11-17 10:53:36,012 INFO Final training 6/150, loss: 10.3190, time 616.20s, lr: 0.000300
Accuracy: 0.517
class                  precision    recall   specificity      f1   support
--------------------------------------------------------------------------
0                          0.613     0.521         0.689   0.564       280
1                          0.084     0.267         0.841   0.128        30
2                          0.593     0.541         0.681   0.566       266
*----------------------------------------*
2025-11-17 10:56:00,765 INFO Final validation 6/150, Val_acc: 0.5385, time 144.75sAccuracy: 0.604
class                  precision    recall   specificity      f1   support
--------------------------------------------------------------------------
0                          0.559     0.943         0.297   0.702        70
1                          0.250     0.125         0.978   0.167         8
2                          0.909     0.303         0.974   0.455        66
*========================================*
2025-11-17 10:56:05,783 INFO 0 Mon Nov 17 10:56:05 2025 Epoch: 7
2025-11-17 11:06:23,055 INFO Final training 7/150, loss: 11.5115, time 617.27s, lr: 0.000300
Accuracy: 0.512
class                  precision    recall   specificity      f1   support
--------------------------------------------------------------------------
0                          0.602     0.539         0.662   0.569       280
1                          0.096     0.300         0.844   0.145        30
2                          0.584     0.508         0.690   0.543       266
*----------------------------------------*
2025-11-17 11:06:23,055 INFO 0 Mon Nov 17 11:06:23 2025 Epoch: 8
2025-11-17 11:16:46,135 INFO Final training 8/150, loss: 9.8212, time 623.08s, lr: 0.000300
Accuracy: 0.495
class                  precision    recall   specificity      f1   support
--------------------------------------------------------------------------
0                          0.587     0.505         0.661   0.543       281
1                          0.070     0.233         0.830   0.108        30
2                          0.581     0.513         0.685   0.545       265
*----------------------------------------*
2025-11-17 11:19:10,930 INFO Final validation 8/150, Val_acc: 0.2995, time 144.80sAccuracy: 0.333
class                  precision    recall   specificity      f1   support
--------------------------------------------------------------------------
0                          0.000     0.000         1.000   0.000        70
1                          0.081     0.875         0.419   0.149         8
2                          0.707     0.621         0.782   0.661        66
*========================================*
2025-11-17 11:19:15,945 INFO 0 Mon Nov 17 11:19:15 2025 Epoch: 9
2025-11-17 11:29:36,093 INFO Final training 9/150, loss: 7.9421, time 620.15s, lr: 0.000300
Accuracy: 0.512
class                  precision    recall   specificity      f1   support
--------------------------------------------------------------------------
0                          0.593     0.489         0.682   0.536       280
1                          0.077     0.267         0.824   0.119        30
2                          0.622     0.564         0.706   0.592       266
*----------------------------------------*
2025-11-17 11:29:36,093 INFO 0 Mon Nov 17 11:29:36 2025 Epoch: 10
2025-11-17 11:39:51,285 INFO Final training 10/150, loss: 8.1283, time 615.19s, lr: 0.000299
Accuracy: 0.549
class                  precision    recall   specificity      f1   support
--------------------------------------------------------------------------
0                          0.627     0.546         0.693   0.584       280
1                          0.101     0.333         0.837   0.155        30
2                          0.657     0.575         0.742   0.613       266
*----------------------------------------*
2025-11-17 11:42:16,017 INFO Final validation 10/150, Val_acc: 0.2521, time 144.73sAccuracy: 0.312
class                  precision    recall   specificity      f1   support
--------------------------------------------------------------------------
0                          0.493     0.486         0.527   0.489        70
1                          0.099     0.875         0.529   0.177         8
2                          1.000     0.061         1.000   0.114        66
*========================================*
2025-11-17 11:42:21,049 INFO 0 Mon Nov 17 11:42:21 2025 Epoch: 11
2025-11-17 11:52:42,258 INFO Final training 11/150, loss: 8.4888, time 621.21s, lr: 0.000299
Accuracy: 0.543
class                  precision    recall   specificity      f1   support
--------------------------------------------------------------------------
0                          0.670     0.557         0.740   0.608       280
1                          0.083     0.300         0.817   0.129        30
2                          0.632     0.556         0.723   0.592       266
*----------------------------------------*
2025-11-17 11:52:42,761 INFO 0 Mon Nov 17 11:52:42 2025 Epoch: 12
2025-11-17 12:03:00,523 INFO Final training 12/150, loss: 5.4393, time 617.76s, lr: 0.000299
Accuracy: 0.549
class                  precision    recall   specificity      f1   support
--------------------------------------------------------------------------
0                          0.620     0.516         0.698   0.563       281
1                          0.138     0.367         0.874   0.200        30
2                          0.611     0.604         0.672   0.607       265
*----------------------------------------*
2025-11-17 12:05:25,105 INFO Final validation 12/150, Val_acc: 0.5492, time 144.58sAccuracy: 0.639
class                  precision    recall   specificity      f1   support
--------------------------------------------------------------------------
0                          0.622     0.800         0.541   0.700        70
1                          0.222     0.250         0.949   0.235         8
2                          0.756     0.515         0.859   0.613        66
*========================================*
2025-11-17 12:05:30,103 INFO 0 Mon Nov 17 12:05:30 2025 Epoch: 13
2025-11-17 12:15:51,628 INFO Final training 13/150, loss: 6.2463, time 621.52s, lr: 0.000298
Accuracy: 0.535
class                  precision    recall   specificity      f1   support
--------------------------------------------------------------------------
0                          0.620     0.541         0.685   0.578       281
1                          0.118     0.367         0.850   0.179        30
2                          0.609     0.547         0.701   0.577       265
*----------------------------------------*
2025-11-17 12:15:51,629 INFO 0 Mon Nov 17 12:15:51 2025 Epoch: 14
2025-11-17 12:26:14,857 INFO Final training 14/150, loss: 6.6924, time 623.23s, lr: 0.000298
Accuracy: 0.495
class                  precision    recall   specificity      f1   support
--------------------------------------------------------------------------
0                          0.588     0.523         0.651   0.554       281
1                          0.094     0.333         0.824   0.147        30
2                          0.582     0.483         0.704   0.528       265
*----------------------------------------*
2025-11-17 12:28:39,719 INFO Final validation 14/150, Val_acc: 0.6252, time 144.86sAccuracy: 0.667
class                  precision    recall   specificity      f1   support
--------------------------------------------------------------------------
0                          0.596     0.971         0.378   0.739        70
1                          0.000     0.000         1.000   0.000         8
2                          0.933     0.424         0.974   0.583        66
*========================================*
2025-11-17 12:28:39,720 INFO New best (0.580903 --> 0.625231)
2025-11-17 12:28:46,324 INFO Copying best model to best_model.pt
2025-11-17 12:28:50,656 INFO 0 Mon Nov 17 12:28:50 2025 Epoch: 15
2025-11-17 12:39:04,188 INFO Final training 15/150, loss: 3.7900, time 613.53s, lr: 0.000297
Accuracy: 0.608
class                  precision    recall   specificity      f1   support
--------------------------------------------------------------------------
0                          0.663     0.604         0.709   0.632       280
1                          0.203     0.500         0.892   0.288        30
2                          0.672     0.624         0.739   0.647       266
*----------------------------------------*
2025-11-17 12:39:04,188 INFO 0 Mon Nov 17 12:39:04 2025 Epoch: 16
2025-11-17 12:49:20,961 INFO Final training 16/150, loss: 2.9878, time 616.77s, lr: 0.000296
Accuracy: 0.595
class                  precision    recall   specificity      f1   support
--------------------------------------------------------------------------
0                          0.662     0.566         0.725   0.610       281
1                          0.186     0.533         0.872   0.276        30
2                          0.672     0.634         0.736   0.652       265
*----------------------------------------*
2025-11-17 12:51:45,017 INFO Final validation 16/150, Val_acc: 0.3769, time 144.06sAccuracy: 0.444
class                  precision    recall   specificity      f1   support
--------------------------------------------------------------------------
0                          0.692     0.129         0.946   0.217        70
1                          0.089     0.625         0.625   0.156         8
2                          0.667     0.758         0.679   0.709        66
*========================================*
2025-11-17 12:51:49,942 INFO 0 Mon Nov 17 12:51:49 2025 Epoch: 17
2025-11-17 13:02:04,163 INFO Final training 17/150, loss: 4.8507, time 614.22s, lr: 0.000296
Accuracy: 0.557
class                  precision    recall   specificity      f1   support
--------------------------------------------------------------------------
0                          0.627     0.544         0.692   0.583       281
1                          0.129     0.433         0.839   0.198        30
2                          0.671     0.585         0.756   0.625       265
*----------------------------------------*
2025-11-17 13:02:04,164 INFO 0 Mon Nov 17 13:02:04 2025 Epoch: 18
2025-11-17 13:12:21,612 INFO Final training 18/150, loss: 5.4621, time 617.45s, lr: 0.000295
Accuracy: 0.528
class                  precision    recall   specificity      f1   support
--------------------------------------------------------------------------
0                          0.604     0.529         0.672   0.564       280
1                          0.130     0.400         0.853   0.197        30
2                          0.603     0.541         0.694   0.570       266
*----------------------------------------*
2025-11-17 13:14:46,035 INFO Final validation 18/150, Val_acc: 0.6200, time 144.42sAccuracy: 0.660
class                  precision    recall   specificity      f1   support
--------------------------------------------------------------------------
0                          0.591     0.971         0.365   0.735        70
1                          1.000     0.125         1.000   0.222         8
2                          0.929     0.394         0.974   0.553        66
*========================================*
2025-11-17 13:14:50,901 INFO 0 Mon Nov 17 13:14:50 2025 Epoch: 19
2025-11-17 13:25:12,229 INFO Final training 19/150, loss: 5.8017, time 621.33s, lr: 0.000294
Accuracy: 0.559
class                  precision    recall   specificity      f1   support
--------------------------------------------------------------------------
0                          0.624     0.544         0.688   0.582       281
1                          0.108     0.267         0.879   0.154        30
2                          0.626     0.608         0.691   0.617       265
*----------------------------------------*
2025-11-17 13:25:12,229 INFO 0 Mon Nov 17 13:25:12 2025 Epoch: 20
2025-11-17 13:35:30,053 INFO Final training 20/150, loss: 5.5645, time 617.82s, lr: 0.000293
Accuracy: 0.562
class                  precision    recall   specificity      f1   support
--------------------------------------------------------------------------
0                          0.634     0.557         0.696   0.593       280
1                          0.138     0.367         0.874   0.200        30
2                          0.628     0.590         0.700   0.609       266
*----------------------------------------*
2025-11-17 13:37:54,675 INFO Final validation 20/150, Val_acc: 0.5350, time 144.62sAccuracy: 0.597
class                  precision    recall   specificity      f1   support
--------------------------------------------------------------------------
0                          0.589     0.800         0.473   0.679        70
1                          0.190     0.500         0.875   0.276         8
2                          0.929     0.394         0.974   0.553        66
*========================================*
2025-11-17 13:37:59,572 INFO 0 Mon Nov 17 13:37:59 2025 Epoch: 21
2025-11-17 13:48:18,766 INFO Final training 21/150, loss: 4.7013, time 619.19s, lr: 0.000292
Accuracy: 0.585
class                  precision    recall   specificity      f1   support
--------------------------------------------------------------------------
0                          0.657     0.580         0.712   0.616       281
1                          0.171     0.433         0.885   0.245        30
2                          0.639     0.608         0.707   0.623       265
*----------------------------------------*
2025-11-17 13:48:19,268 INFO 0 Mon Nov 17 13:48:19 2025 Epoch: 22
2025-11-17 13:58:34,195 INFO Final training 22/150, loss: 3.4054, time 614.93s, lr: 0.000291
Accuracy: 0.611
class                  precision    recall   specificity      f1   support
--------------------------------------------------------------------------
0                          0.704     0.619         0.753   0.659       281
1                          0.146     0.433         0.861   0.218        30
2                          0.688     0.623         0.759   0.653       265
*----------------------------------------*
2025-11-17 14:00:57,409 INFO Final validation 22/150, Val_acc: 0.6069, time 143.21sAccuracy: 0.688
class                  precision    recall   specificity      f1   support
--------------------------------------------------------------------------
0                          0.782     0.614         0.838   0.688        70
1                          0.231     0.375         0.926   0.286         8
2                          0.697     0.803         0.705   0.746        66
*========================================*
2025-11-17 14:01:02,353 INFO 0 Mon Nov 17 14:01:02 2025 Epoch: 23
2025-11-17 14:11:23,177 INFO Final training 23/150, loss: 5.3062, time 620.82s, lr: 0.000290
Accuracy: 0.616
class                  precision    recall   specificity      f1   support
--------------------------------------------------------------------------
0                          0.709     0.633         0.753   0.669       281
1                          0.118     0.333         0.863   0.174        30
2                          0.696     0.630         0.765   0.661       265
*----------------------------------------*
2025-11-17 14:11:23,177 INFO 0 Mon Nov 17 14:11:23 2025 Epoch: 24
2025-11-17 14:21:43,529 INFO Final training 24/150, loss: 2.5521, time 620.35s, lr: 0.000289
Accuracy: 0.622
class                  precision    recall   specificity      f1   support
--------------------------------------------------------------------------
0                          0.687     0.601         0.739   0.641       281
1                          0.217     0.500         0.901   0.303        30
2                          0.667     0.657         0.720   0.662       265
*----------------------------------------*
2025-11-17 14:24:08,433 INFO Final validation 24/150, Val_acc: 0.4532, time 144.90sAccuracy: 0.569
class                  precision    recall   specificity      f1   support
--------------------------------------------------------------------------
0                          0.679     0.543         0.757   0.603        70
1                          0.139     0.625         0.772   0.227         8
2                          0.750     0.591         0.833   0.661        66
*========================================*
2025-11-17 14:24:13,324 INFO 0 Mon Nov 17 14:24:13 2025 Epoch: 25
2025-11-17 14:34:33,723 INFO Final training 25/150, loss: 3.3845, time 620.40s, lr: 0.000287
Accuracy: 0.559
class                  precision    recall   specificity      f1   support
--------------------------------------------------------------------------
0                          0.640     0.564         0.699   0.600       280
1                          0.172     0.533         0.859   0.260        30
2                          0.627     0.556         0.716   0.590       266
*----------------------------------------*
2025-11-17 14:34:33,723 INFO 0 Mon Nov 17 14:34:33 2025 Epoch: 26
2025-11-17 14:44:54,387 INFO Final training 26/150, loss: 2.7963, time 620.66s, lr: 0.000286
Accuracy: 0.616
class                  precision    recall   specificity      f1   support
--------------------------------------------------------------------------
0                          0.684     0.623         0.725   0.652       281
1                          0.215     0.467         0.907   0.295        30
2                          0.651     0.626         0.714   0.638       265
*----------------------------------------*
2025-11-17 14:47:18,937 INFO Final validation 26/150, Val_acc: 0.5530, time 144.55sAccuracy: 0.660
class                  precision    recall   specificity      f1   support
--------------------------------------------------------------------------
0                          0.646     0.886         0.541   0.747        70
1                          0.231     0.375         0.926   0.286         8
2                          0.857     0.455         0.936   0.594        66
*========================================*
2025-11-17 14:47:24,283 INFO 0 Mon Nov 17 14:47:24 2025 Epoch: 27
2025-11-17 14:57:42,368 INFO Final training 27/150, loss: 2.9873, time 618.09s, lr: 0.000285
Accuracy: 0.595
class                  precision    recall   specificity      f1   support
--------------------------------------------------------------------------
0                          0.650     0.601         0.692   0.625       281
1                          0.211     0.533         0.890   0.302        30
2                          0.658     0.596         0.736   0.626       265
*----------------------------------------*
2025-11-17 14:57:42,371 INFO 0 Mon Nov 17 14:57:42 2025 Epoch: 28
2025-11-17 15:07:56,311 INFO Final training 28/150, loss: 3.0183, time 613.94s, lr: 0.000283
Accuracy: 0.630
class                  precision    recall   specificity      f1   support
--------------------------------------------------------------------------
0                          0.714     0.596         0.774   0.650       280
1                          0.171     0.467         0.875   0.250        30
2                          0.700     0.684         0.748   0.692       266
*----------------------------------------*
2025-11-17 15:10:20,737 INFO Final validation 28/150, Val_acc: 0.5881, time 144.43sAccuracy: 0.688
class                  precision    recall   specificity      f1   support
--------------------------------------------------------------------------
0                          0.640     0.914         0.514   0.753        70
1                          0.400     0.250         0.978   0.308         8
2                          0.846     0.500         0.923   0.629        66
*========================================*
2025-11-17 15:10:25,740 INFO 0 Mon Nov 17 15:10:25 2025 Epoch: 29
2025-11-17 15:20:44,695 INFO Final training 29/150, loss: 2.7600, time 618.95s, lr: 0.000282
Accuracy: 0.625
class                  precision    recall   specificity      f1   support
--------------------------------------------------------------------------
0                          0.717     0.648         0.756   0.680       281
1                          0.130     0.333         0.877   0.187        30
2                          0.686     0.634         0.752   0.659       265
*----------------------------------------*
2025-11-17 15:20:44,696 INFO 0 Mon Nov 17 15:20:44 2025 Epoch: 30
