2025-12-09 23:22:14,895 INFO Log directory: outputs/OrganoidsINRIA_reduced/densenet/2025-12-09-23-22
2025-12-09 23:22:14,898 INFO {'RandFlipd_prob': 0.2,
 'RandRotate90d_prob': 0.2,
 'RandScaleIntensityd_prob': 0.1,
 'RandShiftIntensityd_prob': 0.1,
 'amp': True,
 'augmentation': True,
 'batch_size': 2,
 'cache_dataset': False,
 'checkpoint_path': None,
 'data_dir': '/home/mraffael/martone_project/Organoids_Dataset_256/',
 'dataset_name': 'OrganoidsINRIA_reduced',
 'debug': False,
 'debug_train_samples': 40,
 'debug_val_samples': 10,
 'dist_backend': 'nccl',
 'dist_url': 'tcp://127.0.0.1:23456',
 'distributed': False,
 'dropout_path_rate': 0.0,
 'dropout_rate': 0.0,
 'early_stopping': True,
 'encoder10_pth': '',
 'exact_class': False,
 'feature_size': 48,
 'fold': 0,
 'folds': False,
 'gpu': 0,
 'ignore_label': 3,
 'in_channels': 1,
 'infer_overlap': 0.5,
 'k_folds': 5,
 'logdir': 'test',
 'logs_dir': 'logs/',
 'loss_name': 'CE',
 'lrschedule': 'warmup_cosine',
 'max_epochs': 150,
 'min_delta_loss': 0.001,
 'min_delta_val': 0.01,
 'model_name': 'densenet',
 'momentum': 0.99,
 'noamp': False,
 'norm_name': 'instance',
 'oar_id': 2149406,
 'optim_lr': 0.01,
 'optim_name': 'adamw',
 'out_channels': 1,
 'output_dir': 'outputs/',
 'patch_merging': False,
 'patience_loss': 40,
 'patience_val': 40,
 'pretrained_dir': '',
 'pretrained_model_name': '',
 'rank': 0,
 'reg_weight': 5e-05,
 'restart_T0': 20,
 'resume_ckpt': False,
 'roi_x': 64,
 'roi_y': 64,
 'roi_z': 64,
 'save_checkpoint': True,
 'seed': 3,
 'similarity_loss': '',
 'similarity_loss_weight': 0.0,
 'spatial_dims': 3,
 'split_method': 'stratified',
 'start_epoch': 0,
 'sw_batch_size': 8,
 'telegram_log': True,
 'test_mode': False,
 'token': './token/tlg_token.txt',
 'use_checkpoint': False,
 'val_every': 2,
 'warmup_epochs': 5,
 'workers': 8,
 'world_size': 1}
2025-12-09 23:22:14,898 INFO 
2025-12-09 23:22:14,902 INFO Saved configuration to: outputs/OrganoidsINRIA_reduced/densenet/2025-12-09-23-22/config.txt
2025-12-09 23:22:15,558 INFO Using GPU: 0
2025-12-09 23:22:15,558 INFO 
2025-12-09 23:22:15,558 INFO Model INFO:
2025-12-09 23:22:15,558 INFO Model architecture: densenet
2025-12-09 23:22:15,861 INFO Total trainable parameters: 25,336,579
2025-12-09 23:22:15,931 INFO 
2025-12-09 23:22:15,931 INFO Optimizer INFO:
2025-12-09 23:22:15,933 INFO Using optimizer: adamw with lr=0.01, weight_decay=5e-05
2025-12-09 23:22:15,933 INFO 
2025-12-09 23:22:15,933 INFO Dataset INFO:
2025-12-09 23:22:15,987 INFO Dataset length: 721
2025-12-09 23:22:15,987 INFO Class distribution in entire dataset:
2025-12-09 23:22:15,987 INFO   Class 0: 351
2025-12-09 23:22:15,987 INFO   Class 1: 38
2025-12-09 23:22:15,987 INFO   Class 2: 332
2025-12-09 23:22:15,987 INFO 
Using split method: stratified
2025-12-09 23:22:16,000 INFO 
Train set balance:
2025-12-09 23:22:16,000 INFO 
Val set balance:
2025-12-09 23:22:16,000 INFO Training set length: 577
2025-12-09 23:22:16,000 INFO Validation set length: 144
2025-12-09 23:22:16,000 INFO 
Using standard shuffle for training
2025-12-09 23:22:16,000 INFO Training loader: 288 batches
2025-12-09 23:22:16,000 INFO Validation loader: 72 batches
2025-12-09 23:22:16,000 INFO 
Class distribution in training set:
2025-12-09 23:22:16,000 INFO   Class 0: 281 (48.7%)
2025-12-09 23:22:16,000 INFO   Class 1: 30 (5.2%)
2025-12-09 23:22:16,000 INFO   Class 2: 266 (46.1%)
2025-12-09 23:22:16,000 INFO Class distribution in validation set:
2025-12-09 23:22:16,000 INFO   Class 0: 70 (48.6%)
2025-12-09 23:22:16,000 INFO   Class 1: 8 (5.6%)
2025-12-09 23:22:16,000 INFO   Class 2: 66 (45.8%)
2025-12-09 23:22:16,000 INFO **************************************************
2025-12-09 23:22:16,155 INFO Class weights: [ 6.845  64.111  7.231]
2025-12-09 23:22:16,156 INFO 
2025-12-09 23:22:16,156 INFO Test Dataset INFO:
2025-12-09 23:22:16,195 INFO Test Dataset length: 82
2025-12-09 23:22:16,195 INFO Class distribution in test dataset:
2025-12-09 23:22:16,195 INFO   Class 0: 40
2025-12-09 23:22:16,195 INFO   Class 1: 5
2025-12-09 23:22:16,195 INFO   Class 2: 37
2025-12-09 23:22:16,195 INFO Test loader: 41 batches
2025-12-09 23:22:16,196 INFO **************************************************
2025-12-09 23:22:16,196 INFO 
2025-12-09 23:22:16,196 INFO Using loss function: CE
2025-12-09 23:22:16,198 INFO **************************************************
2025-12-09 23:22:16,198 INFO Starting training...
2025-12-09 23:22:16,202 INFO 0 Tue Dec  9 23:22:16 2025 Epoch: 1
2025-12-09 23:25:45,612 INFO Final training 1/150, loss: 1.1026, time 209.41s, lr: 0.000000
Accuracy: 0.052
class                  precision    recall   specificity      f1   support
--------------------------------------------------------------------------
0                          0.000     0.000         1.000   0.000       281
1                          0.052     1.000         0.000   0.099        30
2                          0.000     0.000         1.000   0.000       265
*----------------------------------------*
2025-12-09 23:25:46,060 INFO 0 Tue Dec  9 23:25:46 2025 Epoch: 2
2025-12-09 23:28:50,689 INFO Final training 2/150, loss: 1.0129, time 184.63s, lr: 0.002500
Accuracy: 0.450
class                  precision    recall   specificity      f1   support
--------------------------------------------------------------------------
0                          0.465     0.514         0.439   0.488       280
1                          0.000     0.000         0.996   0.000        30
2                          0.436     0.432         0.519   0.434       266
*----------------------------------------*
2025-12-09 23:29:35,140 INFO Final validation 2/150, Val_acc: 0.4271, time 44.45sAccuracy: 0.444
class                  precision    recall   specificity      f1   support
--------------------------------------------------------------------------
0                          0.464     0.914         0.000   0.615        70
1                          0.000     0.000         1.000   0.000         8
2                          0.000     0.000         0.923   0.000        66
*========================================*
2025-12-09 23:29:35,140 INFO New best (0.000000 --> 0.427083)
2025-12-09 23:29:40,079 INFO Copying best model to best_model.pt
2025-12-09 23:29:42,921 INFO 0 Tue Dec  9 23:29:42 2025 Epoch: 3
2025-12-09 23:32:49,079 INFO Final training 3/150, loss: 0.9648, time 186.16s, lr: 0.005000
Accuracy: 0.486
class                  precision    recall   specificity      f1   support
--------------------------------------------------------------------------
0                          0.494     0.633         0.383   0.555       281
1                          0.000     0.000         1.000   0.000        30
2                          0.472     0.385         0.633   0.424       265
*----------------------------------------*
2025-12-09 23:32:49,079 INFO 0 Tue Dec  9 23:32:49 2025 Epoch: 4
2025-12-09 23:35:53,818 INFO Final training 4/150, loss: 1.1195, time 184.74s, lr: 0.007500
Accuracy: 0.434
class                  precision    recall   specificity      f1   support
--------------------------------------------------------------------------
0                          0.456     0.477         0.458   0.466       281
1                          0.000     0.000         0.978   0.000        30
2                          0.430     0.438         0.505   0.434       265
*----------------------------------------*
2025-12-09 23:36:12,384 INFO Final validation 4/150, Val_acc: 0.2442, time 18.57sAccuracy: 0.285
class                  precision    recall   specificity      f1   support
--------------------------------------------------------------------------
0                          0.800     0.114         0.973   0.200        70
1                          0.056     0.250         0.750   0.091         8
2                          0.316     0.470         0.141   0.378        66
*========================================*
2025-12-09 23:36:15,961 INFO 0 Tue Dec  9 23:36:15 2025 Epoch: 5
2025-12-09 23:39:24,004 INFO Final training 5/150, loss: 1.0687, time 188.04s, lr: 0.010000
Accuracy: 0.479
class                  precision    recall   specificity      f1   support
--------------------------------------------------------------------------
0                          0.500     0.529         0.500   0.514       280
1                          0.050     0.033         0.965   0.040        30
2                          0.488     0.477         0.571   0.483       266
*----------------------------------------*
2025-12-09 23:39:24,004 INFO 0 Tue Dec  9 23:39:23 2025 Epoch: 6
2025-12-09 23:42:25,560 INFO Final training 6/150, loss: 0.9829, time 181.56s, lr: 0.010000
Accuracy: 0.476
class                  precision    recall   specificity      f1   support
--------------------------------------------------------------------------
0                          0.488     0.591         0.410   0.535       281
1                          0.000     0.000         1.000   0.000        29
2                          0.458     0.406         0.587   0.430       266
*----------------------------------------*
2025-12-09 23:42:43,906 INFO Final validation 6/150, Val_acc: 0.4583, time 18.35sAccuracy: 0.458
class                  precision    recall   specificity      f1   support
--------------------------------------------------------------------------
0                          0.000     0.000         1.000   0.000        70
1                          0.000     0.000         1.000   0.000         8
2                          0.458     1.000         0.000   0.629        66
*========================================*
2025-12-09 23:42:43,906 INFO New best (0.427083 --> 0.458333)
2025-12-09 23:42:48,930 INFO Copying best model to best_model.pt
2025-12-09 23:42:51,875 INFO 0 Tue Dec  9 23:42:51 2025 Epoch: 7
2025-12-09 23:45:55,993 INFO Final training 7/150, loss: 0.9872, time 184.12s, lr: 0.009999
Accuracy: 0.457
class                  precision    recall   specificity      f1   support
--------------------------------------------------------------------------
0                          0.468     0.464         0.500   0.466       280
1                          0.000     0.000         1.000   0.000        30
2                          0.446     0.500         0.468   0.472       266
*----------------------------------------*
2025-12-09 23:45:55,994 INFO 0 Tue Dec  9 23:45:55 2025 Epoch: 8
2025-12-09 23:49:03,347 INFO Final training 8/150, loss: 1.0419, time 187.35s, lr: 0.009995
Accuracy: 0.448
class                  precision    recall   specificity      f1   support
--------------------------------------------------------------------------
0                          0.474     0.509         0.461   0.491       281
1                          0.111     0.067         0.971   0.083        30
2                          0.441     0.426         0.540   0.434       265
*----------------------------------------*
2025-12-09 23:49:21,713 INFO Final validation 8/150, Val_acc: 0.3356, time 18.37sAccuracy: 0.389
class                  precision    recall   specificity      f1   support
--------------------------------------------------------------------------
0                          0.000     0.000         1.000   0.000        70
1                          0.024     0.125         0.706   0.041         8
2                          0.534     0.833         0.385   0.651        66
*========================================*
2025-12-09 23:49:25,278 INFO 0 Tue Dec  9 23:49:25 2025 Epoch: 9
2025-12-09 23:52:30,494 INFO Final training 9/150, loss: 0.9790, time 185.22s, lr: 0.009989
Accuracy: 0.467
class                  precision    recall   specificity      f1   support
--------------------------------------------------------------------------
0                          0.478     0.543         0.439   0.508       280
1                          0.000     0.000         1.000   0.000        30
2                          0.453     0.440         0.545   0.447       266
*----------------------------------------*
2025-12-09 23:52:30,494 INFO 0 Tue Dec  9 23:52:30 2025 Epoch: 10
2025-12-09 23:55:33,230 INFO Final training 10/150, loss: 1.0347, time 182.74s, lr: 0.009981
Accuracy: 0.462
class                  precision    recall   specificity      f1   support
--------------------------------------------------------------------------
0                          0.470     0.507         0.459   0.488       280
1                          0.000     0.000         0.989   0.000        30
2                          0.463     0.466         0.535   0.464       266
*----------------------------------------*
2025-12-09 23:55:51,732 INFO Final validation 10/150, Val_acc: 0.2870, time 18.50sAccuracy: 0.347
class                  precision    recall   specificity      f1   support
--------------------------------------------------------------------------
0                          0.000     0.000         1.000   0.000        70
1                          0.015     0.125         0.529   0.027         8
2                          0.620     0.742         0.615   0.676        66
*========================================*
2025-12-09 23:55:55,310 INFO 0 Tue Dec  9 23:55:55 2025 Epoch: 11
2025-12-09 23:59:01,119 INFO Final training 11/150, loss: 1.0612, time 185.81s, lr: 0.009971
Accuracy: 0.444
class                  precision    recall   specificity      f1   support
--------------------------------------------------------------------------
0                          0.457     0.307         0.655   0.368       280
1                          0.056     0.033         0.969   0.042        30
2                          0.457     0.635         0.352   0.531       266
*----------------------------------------*
2025-12-09 23:59:01,562 INFO 0 Tue Dec  9 23:59:01 2025 Epoch: 12
2025-12-10 00:02:08,742 INFO Final training 12/150, loss: 0.9843, time 187.18s, lr: 0.009958
Accuracy: 0.446
class                  precision    recall   specificity      f1   support
--------------------------------------------------------------------------
0                          0.458     0.389         0.564   0.421       280
1                          0.000     0.000         1.000   0.000        30
2                          0.438     0.556         0.387   0.490       266
*----------------------------------------*
2025-12-10 00:02:26,956 INFO Final validation 12/150, Val_acc: 0.6134, time 18.21sAccuracy: 0.674
class                  precision    recall   specificity      f1   support
--------------------------------------------------------------------------
0                          0.714     0.786         0.703   0.748        70
1                          0.071     0.125         0.904   0.091         8
2                          0.774     0.621         0.846   0.689        66
*========================================*
2025-12-10 00:02:26,957 INFO New best (0.458333 --> 0.613426)
2025-12-10 00:02:31,905 INFO Copying best model to best_model.pt
2025-12-10 00:02:34,843 INFO 0 Wed Dec 10 00:02:34 2025 Epoch: 13
2025-12-10 00:05:39,963 INFO Final training 13/150, loss: 0.9699, time 185.12s, lr: 0.009943
Accuracy: 0.434
class                  precision    recall   specificity      f1   support
--------------------------------------------------------------------------
0                          0.465     0.520         0.431   0.491       281
1                          0.100     0.067         0.967   0.080        30
2                          0.421     0.385         0.550   0.402       265
*----------------------------------------*
2025-12-10 00:05:39,963 INFO 0 Wed Dec 10 00:05:39 2025 Epoch: 14
2025-12-10 00:08:46,837 INFO Final training 14/150, loss: 0.9774, time 186.87s, lr: 0.009925
Accuracy: 0.502
class                  precision    recall   specificity      f1   support
--------------------------------------------------------------------------
0                          0.511     0.690         0.369   0.587       281
1                          0.000     0.000         1.000   0.000        30
2                          0.485     0.358         0.675   0.412       265
*----------------------------------------*
2025-12-10 00:09:05,243 INFO Final validation 14/150, Val_acc: 0.4861, time 18.41sAccuracy: 0.486
class                  precision    recall   specificity      f1   support
--------------------------------------------------------------------------
0                          0.486     1.000         0.000   0.654        70
1                          0.000     0.000         1.000   0.000         8
2                          0.000     0.000         1.000   0.000        66
*========================================*
2025-12-10 00:09:08,838 INFO 0 Wed Dec 10 00:09:08 2025 Epoch: 15
2025-12-10 00:12:15,928 INFO Final training 15/150, loss: 1.0187, time 187.09s, lr: 0.009905
Accuracy: 0.429
class                  precision    recall   specificity      f1   support
--------------------------------------------------------------------------
0                          0.444     0.448         0.464   0.446       281
1                          0.000     0.000         0.985   0.000        30
2                          0.426     0.457         0.476   0.441       265
*----------------------------------------*
2025-12-10 00:12:15,929 INFO 0 Wed Dec 10 00:12:15 2025 Epoch: 16
2025-12-10 00:15:20,501 INFO Final training 16/150, loss: 0.9683, time 184.57s, lr: 0.009883
Accuracy: 0.457
class                  precision    recall   specificity      f1   support
--------------------------------------------------------------------------
0                          0.472     0.475         0.497   0.473       280
1                          0.000     0.000         1.000   0.000        30
2                          0.442     0.489         0.471   0.464       266
*----------------------------------------*
2025-12-10 00:15:39,013 INFO Final validation 16/150, Val_acc: 0.4583, time 18.51sAccuracy: 0.458
class                  precision    recall   specificity      f1   support
--------------------------------------------------------------------------
0                          0.000     0.000         1.000   0.000        70
1                          0.000     0.000         1.000   0.000         8
2                          0.458     1.000         0.000   0.629        66
*========================================*
2025-12-10 00:15:42,750 INFO 0 Wed Dec 10 00:15:42 2025 Epoch: 17
2025-12-10 00:18:48,499 INFO Final training 17/150, loss: 0.9926, time 185.75s, lr: 0.009859
Accuracy: 0.507
class                  precision    recall   specificity      f1   support
--------------------------------------------------------------------------
0                          0.535     0.489         0.598   0.511       280
1                          0.000     0.000         0.982   0.000        30
2                          0.500     0.583         0.500   0.538       266
*----------------------------------------*
2025-12-10 00:18:48,500 INFO 0 Wed Dec 10 00:18:48 2025 Epoch: 18
2025-12-10 00:21:56,665 INFO Final training 18/150, loss: 0.9869, time 188.17s, lr: 0.009832
Accuracy: 0.455
class                  precision    recall   specificity      f1   support
--------------------------------------------------------------------------
0                          0.474     0.514         0.459   0.493       280
1                          0.000     0.000         1.000   0.000        30
2                          0.434     0.444         0.503   0.439       266
*----------------------------------------*
2025-12-10 00:22:15,040 INFO Final validation 18/150, Val_acc: 0.6944, time 18.37sAccuracy: 0.736
class                  precision    recall   specificity      f1   support
--------------------------------------------------------------------------
0                          0.660     1.000         0.514   0.795        70
1                          0.000     0.000         1.000   0.000         8
2                          0.947     0.545         0.974   0.692        66
*========================================*
2025-12-10 00:22:15,040 INFO New best (0.613426 --> 0.694444)
2025-12-10 00:22:20,036 INFO Copying best model to best_model.pt
2025-12-10 00:22:22,996 INFO 0 Wed Dec 10 00:22:22 2025 Epoch: 19
2025-12-10 00:25:23,637 INFO Final training 19/150, loss: 1.0024, time 180.64s, lr: 0.009803
Accuracy: 0.464
class                  precision    recall   specificity      f1   support
--------------------------------------------------------------------------
0                          0.492     0.443         0.568   0.466       280
1                          0.062     0.033         0.973   0.043        30
2                          0.461     0.534         0.465   0.495       266
*----------------------------------------*
2025-12-10 00:25:23,638 INFO 0 Wed Dec 10 00:25:23 2025 Epoch: 20
2025-12-10 00:28:26,662 INFO Final training 20/150, loss: 1.0183, time 183.02s, lr: 0.009772
Accuracy: 0.465
class                  precision    recall   specificity      f1   support
--------------------------------------------------------------------------
0                          0.485     0.459         0.536   0.472       281
1                          0.062     0.033         0.973   0.043        30
2                          0.469     0.521         0.498   0.494       265
*----------------------------------------*
2025-12-10 00:28:45,157 INFO Final validation 20/150, Val_acc: 0.2627, time 18.49sAccuracy: 0.292
class                  precision    recall   specificity      f1   support
--------------------------------------------------------------------------
0                          0.363     0.586         0.027   0.448        70
1                          0.032     0.125         0.779   0.051         8
2                          0.000     0.000         1.000   0.000        66
*========================================*
2025-12-10 00:28:48,740 INFO 0 Wed Dec 10 00:28:48 2025 Epoch: 21
2025-12-10 00:31:53,387 INFO Final training 21/150, loss: 1.0078, time 184.65s, lr: 0.009738
Accuracy: 0.438
class                  precision    recall   specificity      f1   support
--------------------------------------------------------------------------
0                          0.460     0.530         0.407   0.493       281
1                          0.154     0.138         0.960   0.145        29
2                          0.438     0.372         0.590   0.402       266
*----------------------------------------*
2025-12-10 00:31:53,799 INFO 0 Wed Dec 10 00:31:53 2025 Epoch: 22
2025-12-10 00:34:53,387 INFO Final training 22/150, loss: 0.9750, time 179.59s, lr: 0.009703
Accuracy: 0.434
class                  precision    recall   specificity      f1   support
--------------------------------------------------------------------------
0                          0.448     0.456         0.464   0.451       281
1                          0.100     0.033         0.984   0.050        30
2                          0.432     0.457         0.489   0.444       265
*----------------------------------------*
2025-12-10 00:35:11,682 INFO Final validation 22/150, Val_acc: 0.3727, time 18.29sAccuracy: 0.465
class                  precision    recall   specificity      f1   support
--------------------------------------------------------------------------
0                          0.679     0.271         0.878   0.388        70
1                          0.018     0.125         0.588   0.031         8
2                          0.797     0.712         0.846   0.752        66
*========================================*
2025-12-10 00:35:15,227 INFO 0 Wed Dec 10 00:35:15 2025 Epoch: 23
2025-12-10 00:38:23,083 INFO Final training 23/150, loss: 0.9816, time 187.86s, lr: 0.009665
Accuracy: 0.481
class                  precision    recall   specificity      f1   support
--------------------------------------------------------------------------
0                          0.490     0.537         0.468   0.513       281
1                          0.000     0.000         1.000   0.000        30
2                          0.470     0.475         0.543   0.473       265
*----------------------------------------*
2025-12-10 00:38:23,084 INFO 0 Wed Dec 10 00:38:23 2025 Epoch: 24
2025-12-10 00:41:31,574 INFO Final training 24/150, loss: 0.9646, time 188.49s, lr: 0.009625
Accuracy: 0.469
class                  precision    recall   specificity      f1   support
--------------------------------------------------------------------------
0                          0.486     0.633         0.363   0.550       281
1                          0.000     0.000         1.000   0.000        30
2                          0.438     0.347         0.621   0.387       265
*----------------------------------------*
2025-12-10 00:41:49,711 INFO Final validation 24/150, Val_acc: 0.4780, time 18.14sAccuracy: 0.486
class                  precision    recall   specificity      f1   support
--------------------------------------------------------------------------
0                          0.489     0.986         0.027   0.654        70
1                          0.333     0.125         0.985   0.182         8
2                          0.000     0.000         1.000   0.000        66
*========================================*
2025-12-10 00:41:53,296 INFO 0 Wed Dec 10 00:41:53 2025 Epoch: 25
2025-12-10 00:44:56,023 INFO Final training 25/150, loss: 0.9784, time 182.73s, lr: 0.009582
Accuracy: 0.462
class                  precision    recall   specificity      f1   support
--------------------------------------------------------------------------
0                          0.473     0.495         0.475   0.483       281
1                          0.000     0.000         1.000   0.000        30
2                          0.450     0.479         0.502   0.464       265
*----------------------------------------*
2025-12-10 00:44:56,024 INFO 0 Wed Dec 10 00:44:56 2025 Epoch: 26
2025-12-10 00:48:03,916 INFO Final training 26/150, loss: 1.0069, time 187.89s, lr: 0.009538
Accuracy: 0.491
class                  precision    recall   specificity      f1   support
--------------------------------------------------------------------------
0                          0.507     0.550         0.493   0.527       280
1                          0.100     0.033         0.984   0.050        30
2                          0.489     0.481         0.568   0.485       266
*----------------------------------------*
2025-12-10 00:48:22,175 INFO Final validation 26/150, Val_acc: 0.2731, time 18.26sAccuracy: 0.333
class                  precision    recall   specificity      f1   support
--------------------------------------------------------------------------
0                          0.000     0.000         1.000   0.000        70
1                          0.015     0.125         0.522   0.027         8
2                          0.603     0.712         0.603   0.653        66
*========================================*
2025-12-10 00:48:25,774 INFO 0 Wed Dec 10 00:48:25 2025 Epoch: 27
2025-12-10 00:51:31,630 INFO Final training 27/150, loss: 1.0030, time 185.86s, lr: 0.009491
Accuracy: 0.498
class                  precision    recall   specificity      f1   support
--------------------------------------------------------------------------
0                          0.522     0.516         0.549   0.519       281
1                          0.214     0.100         0.980   0.136        30
2                          0.489     0.525         0.534   0.506       265
*----------------------------------------*
2025-12-10 00:51:31,630 INFO 0 Wed Dec 10 00:51:31 2025 Epoch: 28
2025-12-10 00:54:36,595 INFO Final training 28/150, loss: 0.9805, time 184.97s, lr: 0.009443
Accuracy: 0.451
class                  precision    recall   specificity      f1   support
--------------------------------------------------------------------------
0                          0.469     0.654         0.301   0.546       280
1                          0.000     0.000         1.000   0.000        30
2                          0.414     0.289         0.648   0.341       266
*----------------------------------------*
2025-12-10 00:54:54,835 INFO Final validation 28/150, Val_acc: 0.0417, time 18.24sAccuracy: 0.049
class                  precision    recall   specificity      f1   support
--------------------------------------------------------------------------
0                          0.048     0.014         0.730   0.022        70
1                          0.049     0.750         0.140   0.092         8
2                          0.000     0.000         1.000   0.000        66
*========================================*
2025-12-10 00:54:58,640 INFO 0 Wed Dec 10 00:54:58 2025 Epoch: 29
2025-12-10 00:58:04,936 INFO Final training 29/150, loss: 0.9803, time 186.29s, lr: 0.009392
Accuracy: 0.462
class                  precision    recall   specificity      f1   support
--------------------------------------------------------------------------
0                          0.480     0.429         0.561   0.453       280
1                          0.125     0.067         0.974   0.087        30
2                          0.465     0.541         0.465   0.500       266
*----------------------------------------*
2025-12-10 00:58:04,936 INFO 0 Wed Dec 10 00:58:04 2025 Epoch: 30
2025-12-10 01:01:11,937 INFO Final training 30/150, loss: 0.9668, time 187.00s, lr: 0.009339
Accuracy: 0.490
class                  precision    recall   specificity      f1   support
--------------------------------------------------------------------------
0                          0.494     0.611         0.409   0.546       280
1                          0.000     0.000         1.000   0.000        30
2                          0.483     0.417         0.616   0.448       266
*----------------------------------------*
2025-12-10 01:01:30,368 INFO Final validation 30/150, Val_acc: 0.4097, time 18.43sAccuracy: 0.417
class                  precision    recall   specificity      f1   support
--------------------------------------------------------------------------
0                          0.000     0.000         0.905   0.000        70
1                          0.000     0.000         1.000   0.000         8
2                          0.438     0.909         0.013   0.591        66
*========================================*
2025-12-10 01:01:33,953 INFO 0 Wed Dec 10 01:01:33 2025 Epoch: 31
2025-12-10 01:04:40,144 INFO Final training 31/150, loss: 1.0778, time 186.19s, lr: 0.009284
Accuracy: 0.453
class                  precision    recall   specificity      f1   support
--------------------------------------------------------------------------
0                          0.481     0.548         0.437   0.512       281
1                          0.000     0.000         0.982   0.000        30
2                          0.435     0.404         0.553   0.419       265
*----------------------------------------*
2025-12-10 01:04:40,580 INFO 0 Wed Dec 10 01:04:40 2025 Epoch: 32
2025-12-10 01:07:47,484 INFO Final training 32/150, loss: 0.9625, time 186.90s, lr: 0.009227
Accuracy: 0.460
class                  precision    recall   specificity      f1   support
--------------------------------------------------------------------------
0                          0.471     0.693         0.264   0.561       280
1                          0.000     0.000         1.000   0.000        30
2                          0.433     0.267         0.700   0.330       266
*----------------------------------------*
2025-12-10 01:08:05,801 INFO Final validation 32/150, Val_acc: 0.3218, time 18.32sAccuracy: 0.354
class                  precision    recall   specificity      f1   support
--------------------------------------------------------------------------
0                          0.495     0.714         0.311   0.585        70
1                          0.023     0.125         0.691   0.039         8
2                          0.000     0.000         1.000   0.000        66
*========================================*
2025-12-10 01:08:09,436 INFO 0 Wed Dec 10 01:08:09 2025 Epoch: 33
2025-12-10 01:11:16,840 INFO Final training 33/150, loss: 1.0159, time 187.40s, lr: 0.009169
Accuracy: 0.491
class                  precision    recall   specificity      f1   support
--------------------------------------------------------------------------
0                          0.514     0.520         0.532   0.517       281
1                          0.000     0.000         1.000   0.000        30
2                          0.469     0.517         0.502   0.492       265
*----------------------------------------*
2025-12-10 01:11:16,840 INFO 0 Wed Dec 10 01:11:16 2025 Epoch: 34
2025-12-10 01:14:23,940 INFO Final training 34/150, loss: 1.0481, time 187.10s, lr: 0.009108
Accuracy: 0.470
class                  precision    recall   specificity      f1   support
--------------------------------------------------------------------------
0                          0.500     0.399         0.620   0.444       281
1                          0.192     0.167         0.962   0.179        30
2                          0.472     0.581         0.447   0.521       265
*----------------------------------------*
2025-12-10 01:14:42,389 INFO Final validation 34/150, Val_acc: 0.1609, time 18.45sAccuracy: 0.194
class                  precision    recall   specificity      f1   support
--------------------------------------------------------------------------
0                          0.091     0.071         0.324   0.080        70
1                          0.000     0.000         1.000   0.000         8
2                          0.258     0.348         0.154   0.297        66
*========================================*
2025-12-10 01:14:45,936 INFO 0 Wed Dec 10 01:14:45 2025 Epoch: 35
2025-12-10 01:17:49,349 INFO Final training 35/150, loss: 0.9973, time 183.41s, lr: 0.009045
Accuracy: 0.467
class                  precision    recall   specificity      f1   support
--------------------------------------------------------------------------
0                          0.488     0.423         0.576   0.453       281
1                          0.000     0.000         0.993   0.000        30
2                          0.457     0.566         0.428   0.506       265
*----------------------------------------*
2025-12-10 01:17:49,350 INFO 0 Wed Dec 10 01:17:49 2025 Epoch: 36
2025-12-10 01:20:56,799 INFO Final training 36/150, loss: 1.0245, time 187.45s, lr: 0.008980
Accuracy: 0.446
class                  precision    recall   specificity      f1   support
--------------------------------------------------------------------------
0                          0.466     0.436         0.527   0.450       280
1                          0.000     0.000         0.974   0.000        30
2                          0.450     0.508         0.468   0.477       266
*----------------------------------------*
2025-12-10 01:21:15,135 INFO Final validation 36/150, Val_acc: 0.3935, time 18.34sAccuracy: 0.410
class                  precision    recall   specificity      f1   support
--------------------------------------------------------------------------
0                          0.000     0.000         1.000   0.000        70
1                          0.091     0.125         0.926   0.105         8
2                          0.436     0.879         0.038   0.583        66
*========================================*
2025-12-10 01:21:18,722 INFO 0 Wed Dec 10 01:21:18 2025 Epoch: 37
2025-12-10 01:24:25,164 INFO Final training 37/150, loss: 0.9871, time 186.44s, lr: 0.008914
Accuracy: 0.427
class                  precision    recall   specificity      f1   support
--------------------------------------------------------------------------
0                          0.444     0.484         0.424   0.463       281
1                          0.000     0.000         1.000   0.000        30
2                          0.407     0.415         0.486   0.411       265
*----------------------------------------*
2025-12-10 01:24:25,164 INFO 0 Wed Dec 10 01:24:25 2025 Epoch: 38
2025-12-10 01:27:32,251 INFO Final training 38/150, loss: 0.9958, time 187.09s, lr: 0.008846
Accuracy: 0.493
class                  precision    recall   specificity      f1   support
--------------------------------------------------------------------------
0                          0.514     0.541         0.512   0.527       281
1                          0.062     0.033         0.973   0.043        30
2                          0.496     0.494         0.572   0.495       265
*----------------------------------------*
2025-12-10 01:27:50,686 INFO Final validation 38/150, Val_acc: 0.7153, time 18.43sAccuracy: 0.750
class                  precision    recall   specificity      f1   support
--------------------------------------------------------------------------
0                          0.725     0.943         0.662   0.820        70
1                          0.000     0.000         1.000   0.000         8
2                          0.792     0.636         0.859   0.706        66
*========================================*
2025-12-10 01:27:50,687 INFO New best (0.694444 --> 0.715278)
2025-12-10 01:27:55,686 INFO Copying best model to best_model.pt
2025-12-10 01:27:58,600 INFO 0 Wed Dec 10 01:27:58 2025 Epoch: 39
2025-12-10 01:31:05,556 INFO Final training 39/150, loss: 0.9827, time 186.96s, lr: 0.008776
Accuracy: 0.495
class                  precision    recall   specificity      f1   support
--------------------------------------------------------------------------
0                          0.506     0.586         0.459   0.543       280
1                          0.000     0.000         1.000   0.000        30
2                          0.480     0.455         0.577   0.467       266
*----------------------------------------*
2025-12-10 01:31:05,556 INFO 0 Wed Dec 10 01:31:05 2025 Epoch: 40
2025-12-10 01:34:10,130 INFO Final training 40/150, loss: 0.9902, time 184.57s, lr: 0.008704
Accuracy: 0.458
class                  precision    recall   specificity      f1   support
--------------------------------------------------------------------------
0                          0.464     0.548         0.397   0.502       281
1                          0.000     0.000         0.993   0.000        30
2                          0.458     0.415         0.582   0.436       265
*----------------------------------------*
2025-12-10 01:34:28,375 INFO Final validation 40/150, Val_acc: 0.7153, time 18.24sAccuracy: 0.743
class                  precision    recall   specificity      f1   support
--------------------------------------------------------------------------
0                          0.708     0.971         0.622   0.819        70
1                          0.000     0.000         1.000   0.000         8
2                          0.812     0.591         0.885   0.684        66
*========================================*
2025-12-10 01:34:31,970 INFO 0 Wed Dec 10 01:34:31 2025 Epoch: 41
2025-12-10 01:37:37,053 INFO Final training 41/150, loss: 0.9603, time 185.08s, lr: 0.008630
Accuracy: 0.502
class                  precision    recall   specificity      f1   support
--------------------------------------------------------------------------
0                          0.508     0.705         0.349   0.590       281
1                          0.000     0.000         1.000   0.000        30
2                          0.489     0.343         0.695   0.404       265
*----------------------------------------*
2025-12-10 01:37:37,498 INFO 0 Wed Dec 10 01:37:37 2025 Epoch: 42
2025-12-10 01:40:42,503 INFO Final training 42/150, loss: 0.9622, time 185.00s, lr: 0.008555
Accuracy: 0.470
class                  precision    recall   specificity      f1   support
--------------------------------------------------------------------------
0                          0.489     0.473         0.529   0.481       281
1                          0.000     0.000         1.000   0.000        29
2                          0.454     0.519         0.465   0.484       266
*----------------------------------------*
2025-12-10 01:41:00,682 INFO Final validation 42/150, Val_acc: 0.4861, time 18.18sAccuracy: 0.486
class                  precision    recall   specificity      f1   support
--------------------------------------------------------------------------
0                          0.486     1.000         0.000   0.654        70
1                          0.000     0.000         1.000   0.000         8
2                          0.000     0.000         1.000   0.000        66
*========================================*
2025-12-10 01:41:04,403 INFO 0 Wed Dec 10 01:41:04 2025 Epoch: 43
2025-12-10 01:44:08,954 INFO Final training 43/150, loss: 1.0071, time 184.55s, lr: 0.008478
Accuracy: 0.458
class                  precision    recall   specificity      f1   support
--------------------------------------------------------------------------
0                          0.460     0.457         0.493   0.459       280
1                          0.000     0.000         0.993   0.000        30
2                          0.463     0.511         0.490   0.486       266
*----------------------------------------*
2025-12-10 01:44:08,955 INFO 0 Wed Dec 10 01:44:08 2025 Epoch: 44
2025-12-10 01:47:14,665 INFO Final training 44/150, loss: 0.9477, time 185.71s, lr: 0.008399
Accuracy: 0.444
class                  precision    recall   specificity      f1   support
--------------------------------------------------------------------------
0                          0.453     0.482         0.449   0.467       280
1                          0.000     0.000         1.000   0.000        30
2                          0.435     0.455         0.494   0.445       266
*----------------------------------------*
2025-12-10 01:47:33,164 INFO Final validation 44/150, Val_acc: 0.4861, time 18.50sAccuracy: 0.486
class                  precision    recall   specificity      f1   support
--------------------------------------------------------------------------
0                          0.486     1.000         0.000   0.654        70
1                          0.000     0.000         1.000   0.000         8
2                          0.000     0.000         1.000   0.000        66
*========================================*
2025-12-10 01:47:36,790 INFO 0 Wed Dec 10 01:47:36 2025 Epoch: 45
2025-12-10 01:50:39,997 INFO Final training 45/150, loss: 0.9667, time 183.21s, lr: 0.008319
Accuracy: 0.462
class                  precision    recall   specificity      f1   support
--------------------------------------------------------------------------
0                          0.475     0.345         0.637   0.400       281
1                          0.000     0.000         1.000   0.000        30
2                          0.454     0.638         0.347   0.531       265
*----------------------------------------*
2025-12-10 01:50:39,998 INFO 0 Wed Dec 10 01:50:39 2025 Epoch: 46
2025-12-10 01:53:46,592 INFO Final training 46/150, loss: 1.0000, time 186.59s, lr: 0.008237
Accuracy: 0.479
class                  precision    recall   specificity      f1   support
--------------------------------------------------------------------------
0                          0.503     0.527         0.505   0.515       281
1                          0.000     0.000         0.989   0.000        30
2                          0.464     0.483         0.524   0.473       265
*----------------------------------------*
2025-12-10 01:54:05,015 INFO Final validation 46/150, Val_acc: 0.4757, time 18.42sAccuracy: 0.479
class                  precision    recall   specificity      f1   support
--------------------------------------------------------------------------
0                          0.483     0.986         0.000   0.648        70
1                          0.000     0.000         1.000   0.000         8
2                          0.000     0.000         0.987   0.000        66
*========================================*
2025-12-10 01:54:08,600 INFO 0 Wed Dec 10 01:54:08 2025 Epoch: 47
2025-12-10 01:57:14,732 INFO Final training 47/150, loss: 0.9757, time 186.13s, lr: 0.008154
Accuracy: 0.486
class                  precision    recall   specificity      f1   support
--------------------------------------------------------------------------
0                          0.491     0.598         0.410   0.539       281
1                          0.000     0.000         1.000   0.000        30
2                          0.479     0.423         0.608   0.449       265
*----------------------------------------*
2025-12-10 01:57:14,732 INFO 0 Wed Dec 10 01:57:14 2025 Epoch: 48
2025-12-10 02:00:21,842 INFO Final training 48/150, loss: 0.9561, time 187.11s, lr: 0.008069
Accuracy: 0.441
class                  precision    recall   specificity      f1   support
--------------------------------------------------------------------------
0                          0.456     0.477         0.458   0.466       281
1                          0.000     0.000         1.000   0.000        30
2                          0.426     0.453         0.479   0.439       265
*----------------------------------------*
2025-12-10 02:00:40,252 INFO Final validation 48/150, Val_acc: 0.5683, time 18.41sAccuracy: 0.646
class                  precision    recall   specificity      f1   support
--------------------------------------------------------------------------
0                          0.817     0.700         0.851   0.754        70
1                          0.036     0.125         0.801   0.056         8
2                          0.768     0.652         0.833   0.705        66
*========================================*
2025-12-10 02:00:43,848 INFO 0 Wed Dec 10 02:00:43 2025 Epoch: 49
2025-12-10 02:03:47,319 INFO Final training 49/150, loss: 0.9633, time 183.47s, lr: 0.007983
Accuracy: 0.460
class                  precision    recall   specificity      f1   support
--------------------------------------------------------------------------
0                          0.474     0.662         0.302   0.553       281
1                          0.000     0.000         1.000   0.000        30
2                          0.429     0.298         0.662   0.352       265
*----------------------------------------*
2025-12-10 02:03:47,319 INFO 0 Wed Dec 10 02:03:47 2025 Epoch: 50
2025-12-10 02:06:54,869 INFO Final training 50/150, loss: 1.0229, time 187.55s, lr: 0.007895
Accuracy: 0.481
class                  precision    recall   specificity      f1   support
--------------------------------------------------------------------------
0                          0.497     0.566         0.454   0.529       281
1                          0.000     0.000         0.967   0.000        30
2                          0.496     0.445         0.614   0.469       265
*----------------------------------------*
2025-12-10 02:07:13,242 INFO Final validation 50/150, Val_acc: 0.7083, time 18.37sAccuracy: 0.743
class                  precision    recall   specificity      f1   support
--------------------------------------------------------------------------
0                          0.722     0.929         0.662   0.813        70
1                          0.000     0.000         1.000   0.000         8
2                          0.778     0.636         0.846   0.700        66
*========================================*
2025-12-10 02:07:16,834 INFO 0 Wed Dec 10 02:07:16 2025 Epoch: 51
2025-12-10 02:10:25,525 INFO Final training 51/150, loss: 0.9618, time 188.69s, lr: 0.007806
Accuracy: 0.479
class                  precision    recall   specificity      f1   support
--------------------------------------------------------------------------
0                          0.500     0.480         0.542   0.490       281
1                          0.000     0.000         1.000   0.000        30
2                          0.461     0.532         0.469   0.494       265
*----------------------------------------*
2025-12-10 02:10:25,959 INFO 0 Wed Dec 10 02:10:25 2025 Epoch: 52
2025-12-10 02:13:33,854 INFO Final training 52/150, loss: 1.0029, time 187.90s, lr: 0.007716
Accuracy: 0.427
class                  precision    recall   specificity      f1   support
--------------------------------------------------------------------------
0                          0.450     0.514         0.405   0.480       280
1                          0.000     0.000         0.978   0.000        30
2                          0.418     0.383         0.542   0.400       266
*----------------------------------------*
2025-12-10 02:13:52,151 INFO Final validation 52/150, Val_acc: 0.4861, time 18.30sAccuracy: 0.486
class                  precision    recall   specificity      f1   support
--------------------------------------------------------------------------
0                          0.486     1.000         0.000   0.654        70
1                          0.000     0.000         1.000   0.000         8
2                          0.000     0.000         1.000   0.000        66
*========================================*
2025-12-10 02:13:55,994 INFO 0 Wed Dec 10 02:13:55 2025 Epoch: 53
2025-12-10 02:17:02,878 INFO Final training 53/150, loss: 0.9614, time 186.88s, lr: 0.007624
Accuracy: 0.469
class                  precision    recall   specificity      f1   support
--------------------------------------------------------------------------
0                          0.483     0.496         0.497   0.489       280
1                          0.000     0.000         1.000   0.000        30
2                          0.455     0.492         0.494   0.473       266
*----------------------------------------*
2025-12-10 02:17:02,879 INFO 0 Wed Dec 10 02:17:02 2025 Epoch: 54
2025-12-10 02:20:09,495 INFO Final training 54/150, loss: 0.9800, time 186.62s, lr: 0.007531
Accuracy: 0.476
class                  precision    recall   specificity      f1   support
--------------------------------------------------------------------------
0                          0.487     0.554         0.449   0.518       280
1                          0.000     0.000         1.000   0.000        30
2                          0.461     0.447         0.552   0.454       266
*----------------------------------------*
2025-12-10 02:20:27,727 INFO Final validation 54/150, Val_acc: 0.1782, time 18.23sAccuracy: 0.208
class                  precision    recall   specificity      f1   support
--------------------------------------------------------------------------
0                          0.111     0.086         0.351   0.097        70
1                          0.000     0.000         1.000   0.000         8
2                          0.267     0.364         0.154   0.308        66
*========================================*
2025-12-10 02:20:31,302 INFO 0 Wed Dec 10 02:20:31 2025 Epoch: 55
2025-12-10 02:23:38,875 INFO Final training 55/150, loss: 0.9886, time 187.57s, lr: 0.007437
Accuracy: 0.472
class                  precision    recall   specificity      f1   support
--------------------------------------------------------------------------
0                          0.496     0.495         0.522   0.496       281
1                          0.000     0.000         0.989   0.000        30
2                          0.459     0.502         0.495   0.479       265
*----------------------------------------*
2025-12-10 02:23:38,876 INFO 0 Wed Dec 10 02:23:38 2025 Epoch: 56
2025-12-10 02:26:44,368 INFO Final training 56/150, loss: 0.9733, time 185.49s, lr: 0.007342
Accuracy: 0.484
class                  precision    recall   specificity      f1   support
--------------------------------------------------------------------------
0                          0.497     0.532         0.490   0.514       280
1                          0.000     0.000         1.000   0.000        30
2                          0.471     0.489         0.529   0.480       266
*----------------------------------------*
2025-12-10 02:27:02,695 INFO Final validation 56/150, Val_acc: 0.0949, time 18.33sAccuracy: 0.111
class                  precision    recall   specificity      f1   support
--------------------------------------------------------------------------
0                          0.140     0.114         0.338   0.126        70
1                          0.031     0.125         0.772   0.050         8
2                          0.127     0.106         0.385   0.116        66
*========================================*
2025-12-10 02:27:06,244 INFO 0 Wed Dec 10 02:27:06 2025 Epoch: 57
2025-12-10 02:30:12,534 INFO Final training 57/150, loss: 0.9871, time 186.29s, lr: 0.007246
Accuracy: 0.495
class                  precision    recall   specificity      f1   support
--------------------------------------------------------------------------
0                          0.500     0.598         0.431   0.545       281
1                          0.000     0.000         1.000   0.000        30
2                          0.487     0.442         0.605   0.463       265
*----------------------------------------*
2025-12-10 02:30:12,534 INFO 0 Wed Dec 10 02:30:12 2025 Epoch: 58
2025-12-10 02:33:18,221 INFO Final training 58/150, loss: 0.9534, time 185.69s, lr: 0.007148
Accuracy: 0.469
class                  precision    recall   specificity      f1   support
--------------------------------------------------------------------------
0                          0.484     0.445         0.549   0.464       281
1                          0.000     0.000         1.000   0.000        30
2                          0.456     0.547         0.444   0.497       265
*----------------------------------------*
2025-12-10 02:33:36,352 INFO Final validation 58/150, Val_acc: 0.2442, time 18.13sAccuracy: 0.312
class                  precision    recall   specificity      f1   support
--------------------------------------------------------------------------
0                          0.375     0.043         0.932   0.077        70
1                          0.012     0.125         0.382   0.022         8
2                          0.804     0.621         0.872   0.701        66
*========================================*
2025-12-10 02:33:39,932 INFO 0 Wed Dec 10 02:33:39 2025 Epoch: 59
2025-12-10 02:36:46,129 INFO Final training 59/150, loss: 0.9618, time 186.20s, lr: 0.007050
Accuracy: 0.484
class                  precision    recall   specificity      f1   support
--------------------------------------------------------------------------
0                          0.493     0.505         0.505   0.499       281
1                          0.000     0.000         0.989   0.000        30
2                          0.486     0.517         0.534   0.501       265
*----------------------------------------*
2025-12-10 02:36:46,130 INFO 0 Wed Dec 10 02:36:46 2025 Epoch: 60
2025-12-10 02:39:52,493 INFO Final training 60/150, loss: 1.0002, time 186.36s, lr: 0.006951
Accuracy: 0.444
class                  precision    recall   specificity      f1   support
--------------------------------------------------------------------------
0                          0.460     0.489         0.456   0.474       280
1                          0.000     0.000         0.989   0.000        30
2                          0.438     0.447         0.506   0.442       266
*----------------------------------------*
2025-12-10 02:40:10,860 INFO Final validation 60/150, Val_acc: 0.7234, time 18.37sAccuracy: 0.764
class                  precision    recall   specificity      f1   support
--------------------------------------------------------------------------
0                          0.744     0.914         0.703   0.821        70
1                          0.000     0.000         1.000   0.000         8
2                          0.793     0.697         0.846   0.742        66
*========================================*
2025-12-10 02:40:10,860 INFO New best (0.715278 --> 0.723380)
2025-12-10 02:40:15,753 INFO Copying best model to best_model.pt
2025-12-10 02:40:18,641 INFO 0 Wed Dec 10 02:40:18 2025 Epoch: 61
2025-12-10 02:43:23,587 INFO Final training 61/150, loss: 1.0020, time 184.95s, lr: 0.006851
Accuracy: 0.517
class                  precision    recall   specificity      f1   support
--------------------------------------------------------------------------
0                          0.527     0.559         0.522   0.542       281
1                          0.000     0.000         1.000   0.000        30
2                          0.507     0.532         0.559   0.519       265
*----------------------------------------*
2025-12-10 02:43:24,055 INFO 0 Wed Dec 10 02:43:24 2025 Epoch: 62
2025-12-10 02:46:29,194 INFO Final training 62/150, loss: 0.9724, time 185.14s, lr: 0.006750
Accuracy: 0.443
class                  precision    recall   specificity      f1   support
--------------------------------------------------------------------------
0                          0.472     0.594         0.366   0.526       281
1                          0.000     0.000         0.985   0.000        30
2                          0.411     0.332         0.595   0.367       265
*----------------------------------------*
2025-12-10 02:46:47,374 INFO Final validation 62/150, Val_acc: 0.1748, time 18.18sAccuracy: 0.208
class                  precision    recall   specificity      f1   support
--------------------------------------------------------------------------
0                          0.123     0.100         0.324   0.110        70
1                          0.000     0.000         1.000   0.000         8
2                          0.264     0.348         0.179   0.301        66
*========================================*
2025-12-10 02:46:51,121 INFO 0 Wed Dec 10 02:46:51 2025 Epoch: 63
2025-12-10 02:49:54,776 INFO Final training 63/150, loss: 0.9780, time 183.66s, lr: 0.006648
Accuracy: 0.472
class                  precision    recall   specificity      f1   support
--------------------------------------------------------------------------
0                          0.492     0.664         0.351   0.565       280
1                          0.083     0.033         0.980   0.048        30
2                          0.457     0.320         0.674   0.376       266
*----------------------------------------*
2025-12-10 02:49:54,777 INFO 0 Wed Dec 10 02:49:54 2025 Epoch: 64
2025-12-10 02:52:59,520 INFO Final training 64/150, loss: 0.9631, time 184.74s, lr: 0.006545
Accuracy: 0.464
class                  precision    recall   specificity      f1   support
--------------------------------------------------------------------------
0                          0.470     0.561         0.402   0.511       280
1                          0.000     0.000         1.000   0.000        30
2                          0.455     0.414         0.574   0.433       266
*----------------------------------------*
2025-12-10 02:53:17,713 INFO Final validation 64/150, Val_acc: 0.6840, time 18.19sAccuracy: 0.715
class                  precision    recall   specificity      f1   support
--------------------------------------------------------------------------
0                          0.691     0.929         0.608   0.793        70
1                          0.000     0.000         1.000   0.000         8
2                          0.760     0.576         0.846   0.655        66
*========================================*
2025-12-10 02:53:21,322 INFO 0 Wed Dec 10 02:53:21 2025 Epoch: 65
2025-12-10 02:56:26,520 INFO Final training 65/150, loss: 0.9561, time 185.20s, lr: 0.006442
Accuracy: 0.457
class                  precision    recall   specificity      f1   support
--------------------------------------------------------------------------
0                          0.469     0.587         0.366   0.521       281
1                          0.000     0.000         1.000   0.000        30
2                          0.438     0.370         0.595   0.401       265
*----------------------------------------*
2025-12-10 02:56:26,520 INFO 0 Wed Dec 10 02:56:26 2025 Epoch: 66
2025-12-10 02:59:32,047 INFO Final training 66/150, loss: 0.9848, time 185.53s, lr: 0.006338
Accuracy: 0.476
class                  precision    recall   specificity      f1   support
--------------------------------------------------------------------------
0                          0.493     0.482         0.530   0.487       280
1                          0.000     0.000         1.000   0.000        30
2                          0.460     0.523         0.474   0.489       266
*----------------------------------------*
2025-12-10 02:59:50,421 INFO Final validation 66/150, Val_acc: 0.4340, time 18.37sAccuracy: 0.479
class                  precision    recall   specificity      f1   support
--------------------------------------------------------------------------
0                          0.482     0.771         0.216   0.593        70
1                          0.000     0.000         1.000   0.000         8
2                          0.469     0.227         0.782   0.306        66
*========================================*
2025-12-10 02:59:54,008 INFO 0 Wed Dec 10 02:59:54 2025 Epoch: 67
2025-12-10 03:02:55,595 INFO Final training 67/150, loss: 0.9667, time 181.59s, lr: 0.006233
Accuracy: 0.481
class                  precision    recall   specificity      f1   support
--------------------------------------------------------------------------
0                          0.485     0.564         0.432   0.521       280
1                          0.000     0.000         1.000   0.000        30
2                          0.476     0.447         0.577   0.461       266
*----------------------------------------*
2025-12-10 03:02:55,595 INFO 0 Wed Dec 10 03:02:55 2025 Epoch: 68
2025-12-10 03:05:59,503 INFO Final training 68/150, loss: 0.9846, time 183.91s, lr: 0.006128
Accuracy: 0.472
class                  precision    recall   specificity      f1   support
--------------------------------------------------------------------------
0                          0.482     0.569         0.417   0.522       281
1                          0.000     0.000         1.000   0.000        30
2                          0.459     0.423         0.576   0.440       265
*----------------------------------------*
2025-12-10 03:06:17,970 INFO Final validation 68/150, Val_acc: 0.1609, time 18.47sAccuracy: 0.201
class                  precision    recall   specificity      f1   support
--------------------------------------------------------------------------
0                          0.186     0.186         0.230   0.186        70
1                          0.000     0.000         1.000   0.000         8
2                          0.216     0.242         0.256   0.229        66
*========================================*
2025-12-10 03:06:21,551 INFO 0 Wed Dec 10 03:06:21 2025 Epoch: 69
2025-12-10 03:09:23,708 INFO Final training 69/150, loss: 0.9604, time 182.16s, lr: 0.006022
Accuracy: 0.484
class                  precision    recall   specificity      f1   support
--------------------------------------------------------------------------
0                          0.488     0.754         0.247   0.593       281
1                          0.000     0.000         1.000   0.000        30
2                          0.472     0.253         0.759   0.329       265
*----------------------------------------*
2025-12-10 03:09:23,709 INFO 0 Wed Dec 10 03:09:23 2025 Epoch: 70
2025-12-10 03:12:30,661 INFO Final training 70/150, loss: 0.9620, time 186.95s, lr: 0.005916
Accuracy: 0.505
class                  precision    recall   specificity      f1   support
--------------------------------------------------------------------------
0                          0.506     0.632         0.416   0.562       280
1                          0.000     0.000         1.000   0.000        30
2                          0.504     0.429         0.639   0.463       266
*----------------------------------------*
2025-12-10 03:12:48,927 INFO Final validation 70/150, Val_acc: 0.1458, time 18.27sAccuracy: 0.181
class                  precision    recall   specificity      f1   support
--------------------------------------------------------------------------
0                          0.159     0.157         0.216   0.158        70
1                          0.000     0.000         1.000   0.000         8
2                          0.200     0.227         0.231   0.213        66
*========================================*
2025-12-10 03:12:52,503 INFO 0 Wed Dec 10 03:12:52 2025 Epoch: 71
2025-12-10 03:16:00,471 INFO Final training 71/150, loss: 0.9535, time 187.97s, lr: 0.005809
Accuracy: 0.469
class                  precision    recall   specificity      f1   support
--------------------------------------------------------------------------
0                          0.479     0.658         0.319   0.555       281
1                          0.000     0.000         1.000   0.000        30
2                          0.447     0.321         0.662   0.374       265
*----------------------------------------*
2025-12-10 03:16:00,935 INFO 0 Wed Dec 10 03:16:00 2025 Epoch: 72
2025-12-10 03:19:07,415 INFO Final training 72/150, loss: 0.9492, time 186.48s, lr: 0.005702
Accuracy: 0.451
class                  precision    recall   specificity      f1   support
--------------------------------------------------------------------------
0                          0.471     0.683         0.268   0.557       281
1                          0.000     0.000         1.000   0.000        29
2                          0.405     0.256         0.677   0.313       266
*----------------------------------------*
2025-12-10 03:19:25,734 INFO Final validation 72/150, Val_acc: 0.2269, time 18.32sAccuracy: 0.257
class                  precision    recall   specificity      f1   support
--------------------------------------------------------------------------
0                          0.367     0.514         0.162   0.429        70
1                          0.022     0.125         0.669   0.037         8
2                          0.000     0.000         1.000   0.000        66
*========================================*
2025-12-10 03:19:29,331 INFO 0 Wed Dec 10 03:19:29 2025 Epoch: 73
2025-12-10 03:22:36,123 INFO Final training 73/150, loss: 0.9580, time 186.79s, lr: 0.005594
Accuracy: 0.460
class                  precision    recall   specificity      f1   support
--------------------------------------------------------------------------
0                          0.466     0.579         0.372   0.516       280
1                          0.000     0.000         1.000   0.000        30
2                          0.452     0.387         0.597   0.417       266
*----------------------------------------*
2025-12-10 03:22:36,124 INFO 0 Wed Dec 10 03:22:36 2025 Epoch: 74
2025-12-10 03:25:39,615 INFO Final training 74/150, loss: 0.9429, time 183.49s, lr: 0.005487
Accuracy: 0.465
class                  precision    recall   specificity      f1   support
--------------------------------------------------------------------------
0                          0.470     0.682         0.274   0.557       280
1                          0.000     0.000         1.000   0.000        30
2                          0.453     0.289         0.700   0.353       266
*----------------------------------------*
2025-12-10 03:25:57,837 INFO Final validation 74/150, Val_acc: 0.6991, time 18.22sAccuracy: 0.736
class                  precision    recall   specificity      f1   support
--------------------------------------------------------------------------
0                          0.702     0.943         0.622   0.805        70
1                          0.000     0.000         1.000   0.000         8
2                          0.800     0.606         0.872   0.690        66
*========================================*
2025-12-10 03:26:01,383 INFO 0 Wed Dec 10 03:26:01 2025 Epoch: 75
2025-12-10 03:29:00,680 INFO Final training 75/150, loss: 0.9814, time 179.30s, lr: 0.005379
Accuracy: 0.455
class                  precision    recall   specificity      f1   support
--------------------------------------------------------------------------
0                          0.467     0.402         0.563   0.432       281
1                          0.000     0.000         1.000   0.000        30
2                          0.446     0.562         0.405   0.497       265
*----------------------------------------*
2025-12-10 03:29:00,680 INFO 0 Wed Dec 10 03:29:00 2025 Epoch: 76
2025-12-10 03:32:08,373 INFO Final training 76/150, loss: 0.9710, time 187.69s, lr: 0.005271
Accuracy: 0.477
class                  precision    recall   specificity      f1   support
--------------------------------------------------------------------------
0                          0.491     0.554         0.456   0.520       280
1                          0.000     0.000         1.000   0.000        30
2                          0.462     0.451         0.548   0.456       266
*----------------------------------------*
2025-12-10 03:32:26,822 INFO Final validation 76/150, Val_acc: 0.1505, time 18.45sAccuracy: 0.188
class                  precision    recall   specificity      f1   support
--------------------------------------------------------------------------
0                          0.117     0.100         0.284   0.108        70
1                          0.000     0.000         1.000   0.000         8
2                          0.238     0.303         0.179   0.267        66
*========================================*
2025-12-10 03:32:30,578 INFO 0 Wed Dec 10 03:32:30 2025 Epoch: 77
2025-12-10 03:35:33,076 INFO Final training 77/150, loss: 0.9489, time 182.50s, lr: 0.005162
Accuracy: 0.465
class                  precision    recall   specificity      f1   support
--------------------------------------------------------------------------
0                          0.478     0.546         0.436   0.510       280
1                          0.000     0.000         1.000   0.000        30
2                          0.449     0.432         0.545   0.441       266
*----------------------------------------*
2025-12-10 03:35:33,077 INFO 0 Wed Dec 10 03:35:33 2025 Epoch: 78
2025-12-10 03:38:39,999 INFO Final training 78/150, loss: 0.9541, time 186.92s, lr: 0.005054
Accuracy: 0.490
class                  precision    recall   specificity      f1   support
--------------------------------------------------------------------------
0                          0.492     0.682         0.334   0.572       280
1                          0.000     0.000         1.000   0.000        30
2                          0.484     0.342         0.687   0.401       266
*----------------------------------------*
2025-12-10 03:38:58,663 INFO Final validation 78/150, Val_acc: 0.1678, time 18.66sAccuracy: 0.194
class                  precision    recall   specificity      f1   support
--------------------------------------------------------------------------
0                          0.091     0.071         0.324   0.080        70
1                          0.000     0.000         1.000   0.000         8
2                          0.258     0.348         0.154   0.297        66
*========================================*
2025-12-10 03:39:02,384 INFO 0 Wed Dec 10 03:39:02 2025 Epoch: 79
2025-12-10 03:42:10,120 INFO Final training 79/150, loss: 0.9504, time 187.74s, lr: 0.004946
Accuracy: 0.462
class                  precision    recall   specificity      f1   support
--------------------------------------------------------------------------
0                          0.476     0.636         0.338   0.544       280
1                          0.000     0.000         1.000   0.000        30
2                          0.436     0.331         0.632   0.376       266
*----------------------------------------*
2025-12-10 03:42:10,120 INFO 0 Wed Dec 10 03:42:10 2025 Epoch: 80
2025-12-10 03:45:15,389 INFO Final training 80/150, loss: 0.9688, time 185.27s, lr: 0.004838
Accuracy: 0.464
class                  precision    recall   specificity      f1   support
--------------------------------------------------------------------------
0                          0.467     0.564         0.392   0.511       280
1                          0.000     0.000         1.000   0.000        30
2                          0.458     0.410         0.584   0.433       266
*----------------------------------------*
2025-12-10 03:45:33,925 INFO Final validation 80/150, Val_acc: 0.7477, time 18.54sAccuracy: 0.785
class                  precision    recall   specificity      f1   support
--------------------------------------------------------------------------
0                          0.731     0.971         0.662   0.834        70
1                          0.000     0.000         1.000   0.000         8
2                          0.882     0.682         0.923   0.769        66
*========================================*
2025-12-10 03:45:33,925 INFO New best (0.723380 --> 0.747685)
2025-12-10 03:45:38,849 INFO Copying best model to best_model.pt
2025-12-10 03:45:41,800 INFO 0 Wed Dec 10 03:45:41 2025 Epoch: 81
2025-12-10 03:48:46,169 INFO Final training 81/150, loss: 0.9549, time 184.37s, lr: 0.004729
Accuracy: 0.474
class                  precision    recall   specificity      f1   support
--------------------------------------------------------------------------
0                          0.482     0.658         0.325   0.556       281
1                          0.000     0.000         1.000   0.000        30
2                          0.458     0.332         0.666   0.385       265
*----------------------------------------*
2025-12-10 03:48:46,606 INFO 0 Wed Dec 10 03:48:46 2025 Epoch: 82
2025-12-10 03:51:53,644 INFO Final training 82/150, loss: 0.9538, time 187.04s, lr: 0.004621
Accuracy: 0.458
class                  precision    recall   specificity      f1   support
--------------------------------------------------------------------------
0                          0.478     0.475         0.510   0.477       280
1                          0.000     0.000         1.000   0.000        30
2                          0.440     0.492         0.461   0.465       266
*----------------------------------------*
2025-12-10 03:52:12,189 INFO Final validation 82/150, Val_acc: 0.0833, time 18.55sAccuracy: 0.111
class                  precision    recall   specificity      f1   support
--------------------------------------------------------------------------
0                          0.074     0.057         0.324   0.065        70
1                          0.015     0.125         0.515   0.027         8
2                          0.478     0.167         0.846   0.247        66
*========================================*
2025-12-10 03:52:15,936 INFO 0 Wed Dec 10 03:52:15 2025 Epoch: 83
2025-12-10 03:55:19,813 INFO Final training 83/150, loss: 0.9462, time 183.88s, lr: 0.004513
Accuracy: 0.486
class                  precision    recall   specificity      f1   support
--------------------------------------------------------------------------
0                          0.500     0.529         0.500   0.514       280
1                          0.000     0.000         1.000   0.000        30
2                          0.471     0.496         0.523   0.484       266
*----------------------------------------*
2025-12-10 03:55:19,813 INFO 0 Wed Dec 10 03:55:19 2025 Epoch: 84
2025-12-10 03:58:25,647 INFO Final training 84/150, loss: 0.9620, time 185.83s, lr: 0.004406
Accuracy: 0.438
class                  precision    recall   specificity      f1   support
--------------------------------------------------------------------------
0                          0.465     0.420         0.539   0.441       281
1                          0.000     0.000         0.989   0.000        30
2                          0.424     0.506         0.415   0.461       265
*----------------------------------------*
2025-12-10 03:58:43,679 INFO Final validation 84/150, Val_acc: 0.1470, time 18.03sAccuracy: 0.181
class                  precision    recall   specificity      f1   support
--------------------------------------------------------------------------
0                          0.103     0.086         0.297   0.094        70
1                          0.000     0.000         1.000   0.000         8
2                          0.233     0.303         0.154   0.263        66
*========================================*
2025-12-10 03:58:47,266 INFO 0 Wed Dec 10 03:58:47 2025 Epoch: 85
2025-12-10 04:01:53,855 INFO Final training 85/150, loss: 0.9456, time 186.59s, lr: 0.004298
Accuracy: 0.481
class                  precision    recall   specificity      f1   support
--------------------------------------------------------------------------
0                          0.497     0.536         0.486   0.515       280
1                          0.000     0.000         1.000   0.000        30
2                          0.464     0.477         0.526   0.470       266
*----------------------------------------*
2025-12-10 04:01:53,856 INFO 0 Wed Dec 10 04:01:53 2025 Epoch: 86
2025-12-10 04:04:59,314 INFO Final training 86/150, loss: 0.9532, time 185.46s, lr: 0.004191
Accuracy: 0.436
class                  precision    recall   specificity      f1   support
--------------------------------------------------------------------------
0                          0.448     0.488         0.427   0.467       281
1                          0.000     0.000         1.000   0.000        30
2                          0.422     0.430         0.498   0.426       265
*----------------------------------------*
2025-12-10 04:05:17,630 INFO Final validation 86/150, Val_acc: 0.7442, time 18.32sAccuracy: 0.771
class                  precision    recall   specificity      f1   support
--------------------------------------------------------------------------
0                          0.711     0.986         0.622   0.826        70
1                          0.000     0.000         1.000   0.000         8
2                          0.894     0.636         0.936   0.743        66
*========================================*
2025-12-10 04:05:21,220 INFO 0 Wed Dec 10 04:05:21 2025 Epoch: 87
2025-12-10 04:08:27,110 INFO Final training 87/150, loss: 0.9455, time 185.89s, lr: 0.004084
Accuracy: 0.441
class                  precision    recall   specificity      f1   support
--------------------------------------------------------------------------
0                          0.454     0.459         0.475   0.457       281
1                          0.000     0.000         1.000   0.000        30
2                          0.428     0.472         0.463   0.449       265
*----------------------------------------*
2025-12-10 04:08:27,111 INFO 0 Wed Dec 10 04:08:27 2025 Epoch: 88
2025-12-10 04:11:25,417 INFO Final training 88/150, loss: 0.9551, time 178.31s, lr: 0.003978
Accuracy: 0.462
class                  precision    recall   specificity      f1   support
--------------------------------------------------------------------------
0                          0.474     0.523         0.447   0.497       281
1                          0.000     0.000         1.000   0.000        30
2                          0.447     0.449         0.527   0.448       265
*----------------------------------------*
2025-12-10 04:11:42,665 INFO Final validation 88/150, Val_acc: 0.0590, time 17.25sAccuracy: 0.069
class                  precision    recall   specificity      f1   support
--------------------------------------------------------------------------
0                          0.136     0.129         0.230   0.132        70
1                          0.013     0.125         0.434   0.023         8
2                          0.000     0.000         1.000   0.000        66
*========================================*
2025-12-10 04:11:46,461 INFO 0 Wed Dec 10 04:11:46 2025 Epoch: 89
2025-12-10 04:14:49,567 INFO Final training 89/150, loss: 0.9529, time 183.11s, lr: 0.003872
Accuracy: 0.464
class                  precision    recall   specificity      f1   support
--------------------------------------------------------------------------
0                          0.483     0.612         0.376   0.540       281
1                          0.000     0.000         1.000   0.000        30
2                          0.432     0.358         0.598   0.392       265
*----------------------------------------*
2025-12-10 04:14:49,567 INFO 0 Wed Dec 10 04:14:49 2025 Epoch: 90
2025-12-10 04:17:55,025 INFO Final training 90/150, loss: 0.9589, time 185.46s, lr: 0.003767
Accuracy: 0.484
class                  precision    recall   specificity      f1   support
--------------------------------------------------------------------------
0                          0.485     0.690         0.302   0.570       281
1                          0.000     0.000         1.000   0.000        30
2                          0.483     0.321         0.707   0.385       265
*----------------------------------------*
2025-12-10 04:18:12,360 INFO Final validation 90/150, Val_acc: 0.0787, time 17.33sAccuracy: 0.111
class                  precision    recall   specificity      f1   support
--------------------------------------------------------------------------
0                          0.000     0.000         0.595   0.000        70
1                          0.011     0.125         0.338   0.020         8
2                          0.652     0.227         0.897   0.337        66
*========================================*
2025-12-10 04:18:15,939 INFO 0 Wed Dec 10 04:18:15 2025 Epoch: 91
2025-12-10 04:21:14,921 INFO Final training 91/150, loss: 0.9423, time 178.98s, lr: 0.003662
Accuracy: 0.439
class                  precision    recall   specificity      f1   support
--------------------------------------------------------------------------
0                          0.447     0.509         0.400   0.476       281
1                          0.000     0.000         1.000   0.000        29
2                          0.430     0.414         0.529   0.421       266
*----------------------------------------*
2025-12-10 04:21:15,561 INFO 0 Wed Dec 10 04:21:15 2025 Epoch: 92
2025-12-10 04:24:16,849 INFO Final training 92/150, loss: 0.9452, time 181.29s, lr: 0.003558
Accuracy: 0.444
class                  precision    recall   specificity      f1   support
--------------------------------------------------------------------------
0                          0.448     0.496         0.422   0.471       280
1                          0.000     0.000         1.000   0.000        30
2                          0.440     0.440         0.519   0.440       266
*----------------------------------------*
2025-12-10 04:24:33,904 INFO Final validation 92/150, Val_acc: 0.4861, time 17.06sAccuracy: 0.486
class                  precision    recall   specificity      f1   support
--------------------------------------------------------------------------
0                          0.486     1.000         0.000   0.654        70
1                          0.000     0.000         1.000   0.000         8
2                          0.000     0.000         1.000   0.000        66
*========================================*
2025-12-10 04:24:37,477 INFO 0 Wed Dec 10 04:24:37 2025 Epoch: 93
2025-12-10 04:27:40,590 INFO Final training 93/150, loss: 0.9490, time 183.11s, lr: 0.003455
Accuracy: 0.505
class                  precision    recall   specificity      f1   support
--------------------------------------------------------------------------
0                          0.511     0.693         0.372   0.588       280
1                          0.000     0.000         1.000   0.000        30
2                          0.495     0.365         0.681   0.420       266
*----------------------------------------*
2025-12-10 04:27:40,590 INFO 0 Wed Dec 10 04:27:40 2025 Epoch: 94
2025-12-10 04:30:45,506 INFO Final training 94/150, loss: 0.9416, time 184.92s, lr: 0.003352
Accuracy: 0.443
class                  precision    recall   specificity      f1   support
--------------------------------------------------------------------------
0                          0.454     0.529         0.399   0.488       280
1                          0.000     0.000         1.000   0.000        30
2                          0.428     0.402         0.539   0.415       266
*----------------------------------------*
2025-12-10 04:31:02,903 INFO Final validation 94/150, Val_acc: 0.1852, time 17.40sAccuracy: 0.208
class                  precision    recall   specificity      f1   support
--------------------------------------------------------------------------
0                          0.064     0.043         0.405   0.051        70
1                          0.000     0.000         1.000   0.000         8
2                          0.278     0.409         0.103   0.331        66
*========================================*
2025-12-10 04:31:06,652 INFO 0 Wed Dec 10 04:31:06 2025 Epoch: 95
2025-12-10 04:34:07,737 INFO Final training 95/150, loss: 0.9465, time 181.08s, lr: 0.003250
Accuracy: 0.465
class                  precision    recall   specificity      f1   support
--------------------------------------------------------------------------
0                          0.470     0.395         0.576   0.429       281
1                          0.000     0.000         1.000   0.000        30
2                          0.462     0.592         0.412   0.519       265
*----------------------------------------*
2025-12-10 04:34:07,737 INFO 0 Wed Dec 10 04:34:07 2025 Epoch: 96
2025-12-10 04:37:07,967 INFO Final training 96/150, loss: 0.9512, time 180.23s, lr: 0.003149
Accuracy: 0.483
class                  precision    recall   specificity      f1   support
--------------------------------------------------------------------------
0                          0.494     0.552         0.461   0.521       281
1                          0.000     0.000         1.000   0.000        30
2                          0.469     0.464         0.553   0.467       265
*----------------------------------------*
2025-12-10 04:37:25,420 INFO Final validation 96/150, Val_acc: 0.2095, time 17.45sAccuracy: 0.229
class                  precision    recall   specificity      f1   support
--------------------------------------------------------------------------
0                          0.000     0.000         0.500   0.000        70
1                          0.000     0.000         1.000   0.000         8
2                          0.308     0.500         0.051   0.382        66
*========================================*
2025-12-10 04:37:29,017 INFO 0 Wed Dec 10 04:37:29 2025 Epoch: 97
2025-12-10 04:40:31,031 INFO Final training 97/150, loss: 0.9470, time 182.01s, lr: 0.003049
Accuracy: 0.441
class                  precision    recall   specificity      f1   support
--------------------------------------------------------------------------
0                          0.463     0.584         0.356   0.517       281
1                          0.000     0.000         1.000   0.000        30
2                          0.405     0.340         0.576   0.370       265
*----------------------------------------*
2025-12-10 04:40:31,031 INFO 0 Wed Dec 10 04:40:31 2025 Epoch: 98
2025-12-10 04:43:34,556 INFO Final training 98/150, loss: 0.9394, time 183.52s, lr: 0.002950
Accuracy: 0.514
class                  precision    recall   specificity      f1   support
--------------------------------------------------------------------------
0                          0.521     0.523         0.542   0.522       281
1                          0.000     0.000         1.000   0.000        30
2                          0.507     0.562         0.534   0.533       265
*----------------------------------------*
2025-12-10 04:43:52,015 INFO Final validation 98/150, Val_acc: 0.7303, time 17.46sAccuracy: 0.771
class                  precision    recall   specificity      f1   support
--------------------------------------------------------------------------
0                          0.747     0.929         0.703   0.828        70
1                          0.000     0.000         1.000   0.000         8
2                          0.807     0.697         0.859   0.748        66
*========================================*
2025-12-10 04:43:55,648 INFO [EarlyStopping] Stopping Validation for loss at epoch 98
2025-12-10 04:43:56,047 INFO Training Finished! Best Accuracy: 0.7477
2025-12-10 04:43:56,047 INFO ====================================================================================================
2025-12-10 04:43:56,047 INFO 
2025-12-10 04:44:05,763 INFO => loading checkpoint 'outputs/OrganoidsINRIA_reduced/densenet/2025-12-09-23-22/training/best_model.pt'
2025-12-10 04:44:06,084 INFO Loaded 1207 keys from checkpoint
2025-12-10 04:44:19,479 INFO Final testing , Test_acc: 0.7378, time 13.36sAccuracy: 0.780
class                  precision    recall   specificity      f1   support
--------------------------------------------------------------------------
0                          0.750     0.975         0.690   0.848        40
1                          0.000     0.000         1.000   0.000         5
2                          0.833     0.676         0.889   0.746        37
*========================================*
2025-12-10 04:44:19,883 INFO Testing Finished! Best Accuracy: 0.7378
2025-12-10 04:44:19,883 INFO ====================================================================================================
2025-12-10 04:44:22,467 INFO Total time spent: 05 hours 22 minutes 06 seconds
2025-12-10 04:44:22,467 INFO 
2025-12-10 04:44:22,467 INFO Final Results Summary:
2025-12-10 04:44:22,467 INFO | TrainLoss | TrainAcc | ValAccMax | W_TrainF1 | W_TrainPrecision | W_TrainRecall | W_TrainSpecificity | TestAcc | W_TestF1 | W_TestPrecision | W_TestRecall | W_TestSpecificity |
2025-12-10 04:44:22,467 INFO | 0.9394 | 0.5139 | 0.7847 | 0.7582 | 0.7598 | 0.7847 | 0.8005 | 0.7805 | 0.7503 | 0.7419 | 0.7805 | 0.7989 |
