2025-10-24 14:45:24,258 INFO Log directory: outputs/OrganoidsINRIA/swinunetr/2025-10-24-14-45
2025-10-24 14:45:24,260 INFO {'RandFlipd_prob': 0.2,
 'RandRotate90d_prob': 0.2,
 'RandScaleIntensityd_prob': 0.1,
 'RandShiftIntensityd_prob': 0.1,
 'amp': True,
 'augmentation': True,
 'batch_size': 8,
 'cache_dataset': False,
 'checkpoint_path': None,
 'data_dir': '/home/mraffael/martone_project/Organoids_Dataset/',
 'dataset_name': 'OrganoidsINRIA',
 'debug': False,
 'debug_train_samples': 3,
 'debug_val_samples': 3,
 'dist_backend': 'nccl',
 'dist_url': 'tcp://127.0.0.1:23456',
 'distributed': False,
 'dropout_path_rate': 0.0,
 'dropout_rate': 0.0,
 'early_stopping': False,
 'encoder10_pth': '',
 'exact_class': True,
 'feature_size': 48,
 'fold': 0,
 'folds': False,
 'gpu': 0,
 'ignore_label': 3,
 'in_channels': 1,
 'infer_overlap': 0.5,
 'k_folds': 5,
 'logdir': 'training',
 'logs_dir': 'logs/',
 'loss_name': 'CombinedLoss',
 'lrschedule': 'warmup_cosine',
 'max_epochs': 100,
 'min_delta_loss': 0.01,
 'min_delta_val': 0.02,
 'model_name': 'swinunetr',
 'momentum': 0.99,
 'noamp': False,
 'norm_name': 'instance',
 'oar_id': 2079821,
 'optim_lr': 0.001,
 'optim_name': 'adamw',
 'out_channels': 1,
 'output_dir': 'outputs/',
 'patch_merging': False,
 'patience_loss': 30,
 'patience_val': 10,
 'pretrained_dir': './pretrained_models/fold1_f48_ep300_4gpu_dice0_9059/',
 'pretrained_model_name': 'model_swinvit.pt',
 'rank': 0,
 'reg_weight': 5e-05,
 'resume_ckpt': False,
 'roi_x': 128,
 'roi_y': 128,
 'roi_z': 128,
 'save_checkpoint': True,
 'seed': 3,
 'similarity_loss': '',
 'similarity_loss_weight': 0.0,
 'spatial_dims': 3,
 'split_method': 'balanced',
 'start_epoch': 0,
 'sw_batch_size': 4,
 'telegram_log': True,
 'test_mode': False,
 'token': './token/tlg_token.txt',
 'use_checkpoint': False,
 'val_every': 2,
 'warmup_epochs': 4,
 'workers': 8,
 'world_size': 1}
2025-10-24 14:45:24,260 INFO 
2025-10-24 14:45:24,264 INFO Saved configuration to: outputs/OrganoidsINRIA/swinunetr/2025-10-24-14-45/config.txt
2025-10-24 14:45:24,797 INFO Using GPU: 0
2025-10-24 14:45:24,797 INFO 
2025-10-24 14:45:24,797 INFO Model INFO:
2025-10-24 14:45:24,797 INFO Model architecture: swinunetr
2025-10-24 14:45:25,250 INFO Using pretrained weights
2025-10-24 14:45:25,250 INFO => loading pretrained model './pretrained_models/fold1_f48_ep300_4gpu_dice0_9059/model_swinvit.pt'
2025-10-24 14:45:29,001 INFO Missing keys when loading pretrained: 33
2025-10-24 14:45:29,002 INFO Unexpected keys when loading pretrained: 8
2025-10-24 14:45:29,003 INFO Using SwinUNETR with Single Linear Classification Head
2025-10-24 14:45:29,004 INFO Total trainable parameters: 39,914,805
2025-10-24 14:45:29,032 INFO 
2025-10-24 14:45:29,032 INFO Optimizer INFO:
2025-10-24 14:45:29,032 INFO Using optimizer: adamw with lr=0.001, weight_decay=5e-05
2025-10-24 14:45:29,032 INFO 
2025-10-24 14:45:29,032 INFO Dataset INFO:
2025-10-24 14:45:29,069 INFO Dataset length: 423
2025-10-24 14:45:29,069 INFO Class distribution in entire dataset:
2025-10-24 14:45:29,069 INFO   Class 0: 137
2025-10-24 14:45:29,069 INFO   Class 1: 43
2025-10-24 14:45:29,069 INFO   Class 2: 243
2025-10-24 14:45:29,069 INFO 
Using split method: balanced
2025-10-24 14:45:29,073 INFO 
Train set balance:
2025-10-24 14:45:29,074 INFO 
Val set balance:
2025-10-24 14:45:29,074 INFO Training set length: 102
2025-10-24 14:45:29,074 INFO Validation set length: 27
2025-10-24 14:45:29,074 INFO 
Using standard shuffle for training
2025-10-24 14:45:29,074 INFO Training loader: 12 batches
2025-10-24 14:45:29,074 INFO Validation loader: 27 batches
2025-10-24 14:45:29,075 INFO 
Class distribution in training set:
2025-10-24 14:45:29,075 INFO   Class 0: 34 (33.3%)
2025-10-24 14:45:29,075 INFO   Class 1: 34 (33.3%)
2025-10-24 14:45:29,075 INFO   Class 2: 34 (33.3%)
2025-10-24 14:45:29,075 INFO Class distribution in validation set:
2025-10-24 14:45:29,075 INFO   Class 0: 9 (33.3%)
2025-10-24 14:45:29,075 INFO   Class 1: 9 (33.3%)
2025-10-24 14:45:29,075 INFO   Class 2: 9 (33.3%)
2025-10-24 14:45:29,075 INFO **************************************************
2025-10-24 14:45:29,111 INFO Class weights: [ 10.000  10.000  10.000]
2025-10-24 14:45:29,111 INFO 
2025-10-24 14:45:29,111 INFO Using loss function: CombinedLoss
2025-10-24 14:45:29,115 INFO **************************************************
2025-10-24 14:45:29,115 INFO Starting training...
2025-10-24 14:45:29,117 INFO 0 Fri Oct 24 14:45:29 2025 Epoch: 0
2025-10-24 14:49:07,242 INFO Final training 0/99, loss: 5.6953, time 218.12s, lr: 0.000000
Accuracy: 0.323
class                  precision    recall   specificity      f1   support
--------------------------------------------------------------------------
0                          0.323     1.000         0.000   0.488        31
1                          0.000     0.000         1.000   0.000        32
2                          0.000     0.000         1.000   0.000        33
*----------------------------------------*
2025-10-24 14:49:07,747 INFO 0 Fri Oct 24 14:49:07 2025 Epoch: 1
2025-10-24 14:52:16,403 INFO Final training 1/99, loss: 5.0842, time 188.66s, lr: 0.000333
Accuracy: 0.354
class                  precision    recall   specificity      f1   support
--------------------------------------------------------------------------
0                          0.500     0.125         0.938   0.200        32
1                          0.338     0.742         0.308   0.465        31
2                          0.350     0.212         0.794   0.264        33
*----------------------------------------*
2025-10-24 14:53:21,802 INFO Final validation 1/99, Val_acc: 0.3333, time 65.40sAccuracy: 0.333
class                  precision    recall   specificity      f1   support
--------------------------------------------------------------------------
0                          0.000     0.000         1.000   0.000         9
1                          0.000     0.000         1.000   0.000         9
2                          0.333     1.000         0.000   0.500         9
*========================================*
2025-10-24 14:53:21,802 INFO New best (0.000000 --> 0.333333)
2025-10-24 14:53:27,648 INFO Copying best model to model.pt
2025-10-24 14:53:31,570 INFO 0 Fri Oct 24 14:53:31 2025 Epoch: 2
2025-10-24 14:56:37,038 INFO Final training 2/99, loss: 4.8117, time 185.47s, lr: 0.000667
Accuracy: 0.354
class                  precision    recall   specificity      f1   support
--------------------------------------------------------------------------
0                          0.310     0.394         0.540   0.347        33
1                          0.429     0.194         0.877   0.267        31
2                          0.375     0.469         0.609   0.417        32
*----------------------------------------*
2025-10-24 14:56:37,045 INFO 0 Fri Oct 24 14:56:37 2025 Epoch: 3
2025-10-24 14:59:56,894 INFO Final training 3/99, loss: 4.7213, time 199.85s, lr: 0.001000
Accuracy: 0.302
class                  precision    recall   specificity      f1   support
--------------------------------------------------------------------------
0                          0.259     0.206         0.677   0.230        34
1                          0.314     0.516         0.462   0.390        31
2                          0.333     0.194         0.815   0.245        31
*----------------------------------------*
2025-10-24 15:00:50,042 INFO Final validation 3/99, Val_acc: 0.3333, time 53.13sAccuracy: 0.333
class                  precision    recall   specificity      f1   support
--------------------------------------------------------------------------
0                          0.320     0.889         0.056   0.471         9
1                          0.500     0.111         0.944   0.182         9
2                          0.000     0.000         1.000   0.000         9
*========================================*
2025-10-24 15:00:55,021 INFO 0 Fri Oct 24 15:00:55 2025 Epoch: 4
2025-10-24 15:03:59,690 INFO Final training 4/99, loss: 4.7424, time 184.67s, lr: 0.001000
Accuracy: 0.344
class                  precision    recall   specificity      f1   support
--------------------------------------------------------------------------
0                          0.176     0.094         0.781   0.122        32
1                          0.389     0.226         0.831   0.286        31
2                          0.377     0.697         0.397   0.489        33
*----------------------------------------*
2025-10-24 15:03:59,710 INFO 0 Fri Oct 24 15:03:59 2025 Epoch: 5
2025-10-24 15:07:04,688 INFO Final training 5/99, loss: 5.2355, time 184.98s, lr: 0.001000
Accuracy: 0.260
class                  precision    recall   specificity      f1   support
--------------------------------------------------------------------------
0                          0.220     0.265         0.484   0.240        34
1                          0.294     0.484         0.446   0.366        31
2                          0.250     0.032         0.954   0.057        31
*----------------------------------------*
2025-10-24 15:07:57,732 INFO Final validation 5/99, Val_acc: 0.3333, time 53.04sAccuracy: 0.333
class                  precision    recall   specificity      f1   support
--------------------------------------------------------------------------
0                          0.333     1.000         0.000   0.500         9
1                          0.000     0.000         1.000   0.000         9
2                          0.000     0.000         1.000   0.000         9
*========================================*
2025-10-24 15:08:02,383 INFO 0 Fri Oct 24 15:08:02 2025 Epoch: 6
2025-10-24 15:11:03,431 INFO Final training 6/99, loss: 5.4118, time 181.05s, lr: 0.000999
Accuracy: 0.302
class                  precision    recall   specificity      f1   support
--------------------------------------------------------------------------
0                          0.176     0.100         0.788   0.128        30
1                          0.393     0.324         0.726   0.355        34
2                          0.294     0.469         0.438   0.361        32
*----------------------------------------*
2025-10-24 15:11:03,445 INFO 0 Fri Oct 24 15:11:03 2025 Epoch: 7
2025-10-24 15:14:02,837 INFO Final training 7/99, loss: 5.3896, time 179.39s, lr: 0.000998
Accuracy: 0.323
class                  precision    recall   specificity      f1   support
--------------------------------------------------------------------------
0                          0.286     0.333         0.621   0.308        30
1                          0.375     0.273         0.762   0.316        33
2                          0.324     0.364         0.603   0.343        33
*----------------------------------------*
2025-10-24 15:14:55,921 INFO Final validation 7/99, Val_acc: 0.3704, time 53.07sAccuracy: 0.370
class                  precision    recall   specificity      f1   support
--------------------------------------------------------------------------
0                          0.000     0.000         1.000   0.000         9
1                          0.500     0.111         0.944   0.182         9
2                          0.360     1.000         0.111   0.529         9
*========================================*
2025-10-24 15:14:55,921 INFO New best (0.333333 --> 0.370370)
2025-10-24 15:15:01,834 INFO Copying best model to model.pt
2025-10-24 15:15:05,747 INFO 0 Fri Oct 24 15:15:05 2025 Epoch: 8
2025-10-24 15:18:17,039 INFO Final training 8/99, loss: 4.9933, time 191.29s, lr: 0.000996
Accuracy: 0.302
class                  precision    recall   specificity      f1   support
--------------------------------------------------------------------------
0                          0.294     0.156         0.812   0.204        32
1                          0.318     0.677         0.308   0.433        31
2                          0.231     0.091         0.841   0.130        33
*----------------------------------------*
2025-10-24 15:18:17,045 INFO 0 Fri Oct 24 15:18:17 2025 Epoch: 9
2025-10-24 15:21:21,431 INFO Final training 9/99, loss: 4.5759, time 184.39s, lr: 0.000993
Accuracy: 0.344
class                  precision    recall   specificity      f1   support
--------------------------------------------------------------------------
0                          0.300     0.364         0.556   0.329        33
1                          0.417     0.323         0.785   0.364        31
2                          0.344     0.344         0.672   0.344        32
*----------------------------------------*
2025-10-24 15:22:14,535 INFO Final validation 9/99, Val_acc: 0.3333, time 53.10sAccuracy: 0.333
class                  precision    recall   specificity      f1   support
--------------------------------------------------------------------------
0                          0.000     0.000         1.000   0.000         9
1                          0.333     1.000         0.000   0.500         9
2                          0.000     0.000         1.000   0.000         9
*========================================*
2025-10-24 15:22:19,116 INFO 0 Fri Oct 24 15:22:19 2025 Epoch: 10
2025-10-24 15:25:28,630 INFO Final training 10/99, loss: 4.7798, time 189.51s, lr: 0.000990
Accuracy: 0.354
class                  precision    recall   specificity      f1   support
--------------------------------------------------------------------------
0                          0.321     0.290         0.708   0.305        31
1                          0.333     0.156         0.844   0.213        32
2                          0.377     0.606         0.476   0.465        33
*----------------------------------------*
2025-10-24 15:25:29,096 INFO 0 Fri Oct 24 15:25:29 2025 Epoch: 11
2025-10-24 15:28:31,489 INFO Final training 11/99, loss: 4.7920, time 182.39s, lr: 0.000987
Accuracy: 0.375
class                  precision    recall   specificity      f1   support
--------------------------------------------------------------------------
0                          0.455     0.294         0.806   0.357        34
1                          0.340     0.533         0.530   0.416        30
2                          0.370     0.312         0.734   0.339        32
*----------------------------------------*
2025-10-24 15:29:24,362 INFO Final validation 11/99, Val_acc: 0.3704, time 52.87sAccuracy: 0.370
class                  precision    recall   specificity      f1   support
--------------------------------------------------------------------------
0                          0.000     0.000         1.000   0.000         9
1                          0.500     0.111         0.944   0.182         9
2                          0.360     1.000         0.111   0.529         9
*========================================*
2025-10-24 15:29:28,943 INFO 0 Fri Oct 24 15:29:28 2025 Epoch: 12
2025-10-24 15:32:31,450 INFO Final training 12/99, loss: 4.7714, time 182.51s, lr: 0.000983
Accuracy: 0.385
class                  precision    recall   specificity      f1   support
--------------------------------------------------------------------------
0                          0.455     0.161         0.908   0.238        31
1                          0.297     0.344         0.594   0.319        32
2                          0.438     0.636         0.571   0.519        33
*----------------------------------------*
2025-10-24 15:32:31,454 INFO 0 Fri Oct 24 15:32:31 2025 Epoch: 13
2025-10-24 15:35:26,216 INFO Final training 13/99, loss: 4.8413, time 174.76s, lr: 0.000978
Accuracy: 0.438
class                  precision    recall   specificity      f1   support
--------------------------------------------------------------------------
0                          0.412     0.656         0.531   0.506        32
1                          0.526     0.303         0.857   0.385        33
2                          0.423     0.355         0.769   0.386        31
*----------------------------------------*
2025-10-24 15:36:19,145 INFO Final validation 13/99, Val_acc: 0.3333, time 52.92sAccuracy: 0.333
class                  precision    recall   specificity      f1   support
--------------------------------------------------------------------------
0                          0.000     0.000         1.000   0.000         9
1                          0.333     1.000         0.000   0.500         9
2                          0.000     0.000         1.000   0.000         9
*========================================*
2025-10-24 15:36:23,741 INFO 0 Fri Oct 24 15:36:23 2025 Epoch: 14
2025-10-24 15:39:33,125 INFO Final training 14/99, loss: 4.8326, time 189.38s, lr: 0.000973
Accuracy: 0.354
class                  precision    recall   specificity      f1   support
--------------------------------------------------------------------------
0                          0.311     0.438         0.516   0.364        32
1                          0.392     0.625         0.516   0.482        32
2                          0.000     0.000         1.000   0.000        32
*----------------------------------------*
2025-10-24 15:39:33,132 INFO 0 Fri Oct 24 15:39:33 2025 Epoch: 15
2025-10-24 15:42:47,332 INFO Final training 15/99, loss: 4.8945, time 194.20s, lr: 0.000968
Accuracy: 0.375
class                  precision    recall   specificity      f1   support
--------------------------------------------------------------------------
0                          0.250     0.219         0.672   0.233        32
1                          0.625     0.156         0.953   0.250        32
2                          0.400     0.750         0.438   0.522        32
*----------------------------------------*
2025-10-24 15:43:40,400 INFO Final validation 15/99, Val_acc: 0.3333, time 53.06sAccuracy: 0.333
class                  precision    recall   specificity      f1   support
--------------------------------------------------------------------------
0                          0.333     0.889         0.111   0.485         9
1                          0.333     0.111         0.889   0.167         9
2                          0.000     0.000         1.000   0.000         9
*========================================*
2025-10-24 15:43:44,986 INFO 0 Fri Oct 24 15:43:44 2025 Epoch: 16
2025-10-24 15:46:56,202 INFO Final training 16/99, loss: 4.6479, time 191.22s, lr: 0.000962
Accuracy: 0.469
class                  precision    recall   specificity      f1   support
--------------------------------------------------------------------------
0                          0.359     0.424         0.603   0.389        33
1                          0.513     0.645         0.708   0.571        31
2                          0.611     0.344         0.891   0.440        32
*----------------------------------------*
2025-10-24 15:46:56,203 INFO 0 Fri Oct 24 15:46:56 2025 Epoch: 17
2025-10-24 15:50:05,125 INFO Final training 17/99, loss: 4.8747, time 188.92s, lr: 0.000955
Accuracy: 0.427
class                  precision    recall   specificity      f1   support
--------------------------------------------------------------------------
0                          0.333     0.097         0.908   0.150        31
1                          0.476     0.303         0.825   0.370        33
2                          0.424     0.875         0.406   0.571        32
*----------------------------------------*
2025-10-24 15:50:58,001 INFO Final validation 17/99, Val_acc: 0.3333, time 52.87sAccuracy: 0.333
class                  precision    recall   specificity      f1   support
--------------------------------------------------------------------------
0                          0.000     0.000         1.000   0.000         9
1                          0.333     1.000         0.000   0.500         9
2                          0.000     0.000         1.000   0.000         9
*========================================*
2025-10-24 15:51:02,698 INFO 0 Fri Oct 24 15:51:02 2025 Epoch: 18
2025-10-24 15:54:08,126 INFO Final training 18/99, loss: 5.7196, time 185.43s, lr: 0.000948
Accuracy: 0.323
class                  precision    recall   specificity      f1   support
--------------------------------------------------------------------------
0                          0.167     0.031         0.922   0.053        32
1                          0.370     0.645         0.477   0.471        31
2                          0.278     0.303         0.587   0.290        33
*----------------------------------------*
2025-10-24 15:54:08,127 INFO 0 Fri Oct 24 15:54:08 2025 Epoch: 19
2025-10-24 15:57:00,297 INFO Final training 19/99, loss: 4.3644, time 172.17s, lr: 0.000941
Accuracy: 0.448
class                  precision    recall   specificity      f1   support
--------------------------------------------------------------------------
0                          0.388     0.788         0.349   0.520        33
1                          0.818     0.273         0.968   0.409        33
2                          0.444     0.267         0.848   0.333        30
*----------------------------------------*
2025-10-24 15:57:53,207 INFO Final validation 19/99, Val_acc: 0.3333, time 52.90sAccuracy: 0.333
class                  precision    recall   specificity      f1   support
--------------------------------------------------------------------------
0                          0.000     0.000         1.000   0.000         9
1                          0.333     1.000         0.000   0.500         9
2                          0.000     0.000         1.000   0.000         9
*========================================*
2025-10-24 15:57:57,809 INFO 0 Fri Oct 24 15:57:57 2025 Epoch: 20
2025-10-24 16:01:06,512 INFO Final training 20/99, loss: 4.4522, time 188.70s, lr: 0.000933
Accuracy: 0.448
class                  precision    recall   specificity      f1   support
--------------------------------------------------------------------------
0                          1.000     0.067         1.000   0.125        30
1                          0.412     0.618         0.516   0.494        34
2                          0.465     0.625         0.641   0.533        32
*----------------------------------------*
2025-10-24 16:01:07,115 INFO 0 Fri Oct 24 16:01:07 2025 Epoch: 21
2025-10-24 16:04:35,775 INFO Final training 21/99, loss: 4.7472, time 208.66s, lr: 0.000925
Accuracy: 0.302
class                  precision    recall   specificity      f1   support
--------------------------------------------------------------------------
0                          0.250     0.032         0.954   0.057        31
1                          0.314     0.333         0.619   0.324        33
2                          0.298     0.531         0.375   0.382        32
*----------------------------------------*
2025-10-24 16:05:28,614 INFO Final validation 21/99, Val_acc: 0.2963, time 52.83sAccuracy: 0.296
class                  precision    recall   specificity      f1   support
--------------------------------------------------------------------------
0                          0.000     0.000         1.000   0.000         9
1                          0.292     0.778         0.056   0.424         9
2                          0.333     0.111         0.889   0.167         9
*========================================*
2025-10-24 16:05:33,273 INFO 0 Fri Oct 24 16:05:33 2025 Epoch: 22
2025-10-24 16:08:40,865 INFO Final training 22/99, loss: 4.4414, time 187.59s, lr: 0.000916
Accuracy: 0.396
class                  precision    recall   specificity      f1   support
--------------------------------------------------------------------------
0                          0.292     0.226         0.738   0.255        31
1                          0.565     0.394         0.841   0.464        33
2                          0.367     0.562         0.516   0.444        32
*----------------------------------------*
2025-10-24 16:08:40,881 INFO 0 Fri Oct 24 16:08:40 2025 Epoch: 23
2025-10-24 16:11:45,463 INFO Final training 23/99, loss: 5.0623, time 184.58s, lr: 0.000906
Accuracy: 0.260
class                  precision    recall   specificity      f1   support
--------------------------------------------------------------------------
0                          0.218     0.387         0.338   0.279        31
1                          0.317     0.394         0.556   0.351        33
2                          0.000     0.000         1.000   0.000        32
*----------------------------------------*
2025-10-24 16:12:38,352 INFO Final validation 23/99, Val_acc: 0.3704, time 52.88sAccuracy: 0.370
class                  precision    recall   specificity      f1   support
--------------------------------------------------------------------------
0                          0.500     0.111         0.944   0.182         9
1                          1.000     0.111         1.000   0.200         9
2                          0.333     0.889         0.111   0.485         9
*========================================*
2025-10-24 16:12:43,000 INFO 0 Fri Oct 24 16:12:42 2025 Epoch: 24
2025-10-24 16:15:46,544 INFO Final training 24/99, loss: 5.1314, time 183.54s, lr: 0.000897
Accuracy: 0.354
class                  precision    recall   specificity      f1   support
--------------------------------------------------------------------------
0                          0.000     0.000         0.877   0.000        31
1                          0.400     0.364         0.714   0.381        33
2                          0.379     0.688         0.438   0.489        32
*----------------------------------------*
2025-10-24 16:15:46,549 INFO 0 Fri Oct 24 16:15:46 2025 Epoch: 25
2025-10-24 16:18:55,635 INFO Final training 25/99, loss: 4.7521, time 189.09s, lr: 0.000887
Accuracy: 0.375
class                  precision    recall   specificity      f1   support
--------------------------------------------------------------------------
0                          0.290     0.300         0.667   0.295        30
1                          0.667     0.375         0.906   0.480        32
2                          0.319     0.441         0.484   0.370        34
*----------------------------------------*
2025-10-24 16:19:48,495 INFO Final validation 25/99, Val_acc: 0.4074, time 52.85sAccuracy: 0.407
class                  precision    recall   specificity      f1   support
--------------------------------------------------------------------------
0                          1.000     0.111         1.000   0.200         9
1                          0.400     0.222         0.833   0.286         9
2                          0.381     0.889         0.278   0.533         9
*========================================*
2025-10-24 16:19:48,496 INFO New best (0.370370 --> 0.407407)
2025-10-24 16:19:54,628 INFO Copying best model to model.pt
2025-10-24 16:19:58,536 INFO 0 Fri Oct 24 16:19:58 2025 Epoch: 26
2025-10-24 16:23:02,692 INFO Final training 26/99, loss: 4.8978, time 184.16s, lr: 0.000876
Accuracy: 0.354
class                  precision    recall   specificity      f1   support
--------------------------------------------------------------------------
0                          0.324     0.333         0.635   0.328        33
1                          0.370     0.515         0.540   0.430        33
2                          0.375     0.200         0.848   0.261        30
*----------------------------------------*
2025-10-24 16:23:02,696 INFO 0 Fri Oct 24 16:23:02 2025 Epoch: 27
2025-10-24 16:25:55,807 INFO Final training 27/99, loss: 4.9284, time 173.11s, lr: 0.000865
Accuracy: 0.333
class                  precision    recall   specificity      f1   support
--------------------------------------------------------------------------
0                          0.250     0.250         0.625   0.250        32
1                          0.286     0.182         0.762   0.222        33
2                          0.419     0.581         0.615   0.486        31
*----------------------------------------*
2025-10-24 16:26:48,717 INFO Final validation 27/99, Val_acc: 0.3333, time 52.91sAccuracy: 0.333
class                  precision    recall   specificity      f1   support
--------------------------------------------------------------------------
0                          0.000     0.000         1.000   0.000         9
1                          0.333     1.000         0.000   0.500         9
2                          0.000     0.000         1.000   0.000         9
*========================================*
2025-10-24 16:26:53,338 INFO 0 Fri Oct 24 16:26:53 2025 Epoch: 28
2025-10-24 16:29:57,976 INFO Final training 28/99, loss: 4.7158, time 184.64s, lr: 0.000854
Accuracy: 0.385
class                  precision    recall   specificity      f1   support
--------------------------------------------------------------------------
0                          0.000     0.000         1.000   0.000        30
1                          0.403     0.853         0.306   0.547        34
2                          0.333     0.250         0.750   0.286        32
*----------------------------------------*
2025-10-24 16:29:57,983 INFO 0 Fri Oct 24 16:29:57 2025 Epoch: 29
2025-10-24 16:33:03,629 INFO Final training 29/99, loss: 4.5348, time 185.65s, lr: 0.000842
Accuracy: 0.396
class                  precision    recall   specificity      f1   support
--------------------------------------------------------------------------
0                          0.286     0.258         0.692   0.271        31
1                          0.714     0.323         0.938   0.444        31
2                          0.370     0.588         0.452   0.455        34
*----------------------------------------*
2025-10-24 16:33:56,497 INFO Final validation 29/99, Val_acc: 0.3704, time 52.86sAccuracy: 0.370
class                  precision    recall   specificity      f1   support
--------------------------------------------------------------------------
0                          0.000     0.000         1.000   0.000         9
1                          0.429     0.333         0.778   0.375         9
2                          0.350     0.778         0.278   0.483         9
*========================================*
2025-10-24 16:34:01,110 INFO 0 Fri Oct 24 16:34:01 2025 Epoch: 30
2025-10-24 16:37:16,040 INFO Final training 30/99, loss: 4.7144, time 194.93s, lr: 0.000830
Accuracy: 0.354
class                  precision    recall   specificity      f1   support
--------------------------------------------------------------------------
0                          0.327     0.581         0.431   0.419        31
1                          0.500     0.281         0.859   0.360        32
2                          0.304     0.212         0.746   0.250        33
*----------------------------------------*
2025-10-24 16:37:16,611 INFO 0 Fri Oct 24 16:37:16 2025 Epoch: 31
2025-10-24 16:40:46,697 INFO Final training 31/99, loss: 4.3345, time 210.09s, lr: 0.000817
Accuracy: 0.406
class                  precision    recall   specificity      f1   support
--------------------------------------------------------------------------
0                          0.333     0.161         0.846   0.217        31
1                          0.452     0.594         0.641   0.514        32
2                          0.385     0.455         0.619   0.417        33
*----------------------------------------*
2025-10-24 16:41:39,518 INFO Final validation 31/99, Val_acc: 0.4444, time 52.82sAccuracy: 0.444
class                  precision    recall   specificity      f1   support
--------------------------------------------------------------------------
0                          0.412     0.778         0.444   0.538         9
1                          0.500     0.556         0.722   0.526         9
2                          0.000     0.000         1.000   0.000         9
*========================================*
2025-10-24 16:41:39,518 INFO New best (0.407407 --> 0.444444)
2025-10-24 16:41:45,521 INFO Copying best model to model.pt
2025-10-24 16:41:49,465 INFO 0 Fri Oct 24 16:41:49 2025 Epoch: 32
2025-10-24 16:44:57,317 INFO Final training 32/99, loss: 4.7917, time 187.85s, lr: 0.000804
Accuracy: 0.375
class                  precision    recall   specificity      f1   support
--------------------------------------------------------------------------
0                          0.316     0.188         0.797   0.235        32
1                          0.667     0.188         0.953   0.293        32
2                          0.353     0.750         0.312   0.480        32
*----------------------------------------*
2025-10-24 16:44:57,321 INFO 0 Fri Oct 24 16:44:57 2025 Epoch: 33
2025-10-24 16:48:08,153 INFO Final training 33/99, loss: 5.1372, time 190.83s, lr: 0.000791
Accuracy: 0.385
class                  precision    recall   specificity      f1   support
--------------------------------------------------------------------------
0                          0.371     0.839         0.323   0.515        31
1                          0.423     0.333         0.762   0.373        33
2                          0.000     0.000         1.000   0.000        32
*----------------------------------------*
2025-10-24 16:49:01,027 INFO Final validation 33/99, Val_acc: 0.3333, time 52.87sAccuracy: 0.333
class                  precision    recall   specificity      f1   support
--------------------------------------------------------------------------
0                          0.000     0.000         1.000   0.000         9
1                          0.333     1.000         0.000   0.500         9
2                          0.000     0.000         1.000   0.000         9
*========================================*
2025-10-24 16:49:05,650 INFO 0 Fri Oct 24 16:49:05 2025 Epoch: 34
2025-10-24 16:52:15,082 INFO Final training 34/99, loss: 5.2989, time 189.43s, lr: 0.000778
Accuracy: 0.406
class                  precision    recall   specificity      f1   support
--------------------------------------------------------------------------
0                          0.294     0.167         0.818   0.213        30
1                          0.500     0.333         0.825   0.400        33
2                          0.404     0.697         0.460   0.511        33
*----------------------------------------*
2025-10-24 16:52:15,090 INFO 0 Fri Oct 24 16:52:15 2025 Epoch: 35
2025-10-24 16:55:13,340 INFO Final training 35/99, loss: 4.5514, time 178.25s, lr: 0.000764
Accuracy: 0.427
class                  precision    recall   specificity      f1   support
--------------------------------------------------------------------------
0                          0.386     0.710         0.462   0.500        31
1                          0.900     0.281         0.984   0.429        32
2                          0.345     0.303         0.698   0.323        33
*----------------------------------------*
2025-10-24 16:56:06,281 INFO Final validation 35/99, Val_acc: 0.4074, time 52.94sAccuracy: 0.407
class                  precision    recall   specificity      f1   support
--------------------------------------------------------------------------
0                          0.000     0.000         1.000   0.000         9
1                          0.500     0.333         0.833   0.400         9
2                          0.381     0.889         0.278   0.533         9
*========================================*
2025-10-24 16:56:10,938 INFO 0 Fri Oct 24 16:56:10 2025 Epoch: 36
2025-10-24 16:59:14,385 INFO Final training 36/99, loss: 4.5339, time 183.45s, lr: 0.000750
Accuracy: 0.417
class                  precision    recall   specificity      f1   support
--------------------------------------------------------------------------
0                          0.500     0.281         0.859   0.360        32
1                          0.452     0.594         0.641   0.514        32
2                          0.333     0.375         0.625   0.353        32
*----------------------------------------*
2025-10-24 16:59:14,389 INFO 0 Fri Oct 24 16:59:14 2025 Epoch: 37
2025-10-24 17:02:23,254 INFO Final training 37/99, loss: 4.8863, time 188.86s, lr: 0.000736
Accuracy: 0.292
class                  precision    recall   specificity      f1   support
--------------------------------------------------------------------------
0                          0.318     0.438         0.531   0.368        32
1                          0.353     0.375         0.656   0.364        32
2                          0.111     0.062         0.750   0.080        32
*----------------------------------------*
2025-10-24 17:03:16,297 INFO Final validation 37/99, Val_acc: 0.3333, time 53.04sAccuracy: 0.333
class                  precision    recall   specificity      f1   support
--------------------------------------------------------------------------
0                          0.000     0.000         1.000   0.000         9
1                          0.333     1.000         0.000   0.500         9
2                          0.000     0.000         1.000   0.000         9
*========================================*
2025-10-24 17:03:20,873 INFO 0 Fri Oct 24 17:03:20 2025 Epoch: 38
2025-10-24 17:06:19,976 INFO Final training 38/99, loss: 4.2297, time 179.10s, lr: 0.000721
Accuracy: 0.490
class                  precision    recall   specificity      f1   support
--------------------------------------------------------------------------
0                          0.647     0.324         0.903   0.431        34
1                          0.477     0.656         0.641   0.553        32
2                          0.429     0.500         0.697   0.462        30
*----------------------------------------*
2025-10-24 17:06:19,977 INFO 0 Fri Oct 24 17:06:19 2025 Epoch: 39
2025-10-24 17:09:30,420 INFO Final training 39/99, loss: 4.7634, time 190.44s, lr: 0.000706
Accuracy: 0.354
class                  precision    recall   specificity      f1   support
--------------------------------------------------------------------------
0                          0.478     0.333         0.810   0.393        33
1                          0.429     0.188         0.875   0.261        32
2                          0.288     0.548         0.354   0.378        31
*----------------------------------------*
2025-10-24 17:10:23,381 INFO Final validation 39/99, Val_acc: 0.5556, time 52.95sAccuracy: 0.556
class                  precision    recall   specificity      f1   support
--------------------------------------------------------------------------
0                          0.857     0.667         0.944   0.750         9
1                          0.450     1.000         0.389   0.621         9
2                          0.000     0.000         1.000   0.000         9
*========================================*
2025-10-24 17:10:23,382 INFO New best (0.444444 --> 0.555556)
2025-10-24 17:10:29,312 INFO Copying best model to model.pt
2025-10-24 17:10:33,214 INFO 0 Fri Oct 24 17:10:33 2025 Epoch: 40
2025-10-24 17:13:28,447 INFO Final training 40/99, loss: 4.3657, time 175.23s, lr: 0.000691
Accuracy: 0.406
class                  precision    recall   specificity      f1   support
--------------------------------------------------------------------------
0                          0.294     0.312         0.625   0.303        32
1                          0.469     0.469         0.734   0.469        32
2                          0.467     0.438         0.750   0.452        32
*----------------------------------------*
2025-10-24 17:13:28,872 INFO 0 Fri Oct 24 17:13:28 2025 Epoch: 41
2025-10-24 17:16:27,538 INFO Final training 41/99, loss: 4.7268, time 178.67s, lr: 0.000676
Accuracy: 0.469
class                  precision    recall   specificity      f1   support
--------------------------------------------------------------------------
0                          0.500     0.485         0.746   0.492        33
1                          0.542     0.419         0.831   0.473        31
2                          0.400     0.500         0.625   0.444        32
*----------------------------------------*
2025-10-24 17:17:20,602 INFO Final validation 41/99, Val_acc: 0.5926, time 53.06sAccuracy: 0.593
class                  precision    recall   specificity      f1   support
--------------------------------------------------------------------------
0                          0.778     0.778         0.889   0.778         9
1                          0.500     1.000         0.500   0.667         9
2                          0.000     0.000         1.000   0.000         9
*========================================*
2025-10-24 17:17:20,602 INFO New best (0.555556 --> 0.592593)
2025-10-24 17:17:26,505 INFO Copying best model to model.pt
2025-10-24 17:17:30,486 INFO 0 Fri Oct 24 17:17:30 2025 Epoch: 42
2025-10-24 17:20:29,082 INFO Final training 42/99, loss: 4.5031, time 178.60s, lr: 0.000661
Accuracy: 0.427
class                  precision    recall   specificity      f1   support
--------------------------------------------------------------------------
0                          0.833     0.161         0.985   0.270        31
1                          0.462     0.581         0.677   0.514        31
2                          0.353     0.529         0.468   0.424        34
*----------------------------------------*
2025-10-24 17:20:29,089 INFO 0 Fri Oct 24 17:20:29 2025 Epoch: 43
2025-10-24 17:23:43,925 INFO Final training 43/99, loss: 4.6785, time 194.84s, lr: 0.000645
Accuracy: 0.448
class                  precision    recall   specificity      f1   support
--------------------------------------------------------------------------
0                          0.419     0.812         0.438   0.553        32
1                          0.684     0.406         0.906   0.510        32
2                          0.267     0.125         0.828   0.170        32
*----------------------------------------*
2025-10-24 17:24:36,875 INFO Final validation 43/99, Val_acc: 0.5926, time 52.94sAccuracy: 0.593
class                  precision    recall   specificity      f1   support
--------------------------------------------------------------------------
0                          0.667     0.889         0.778   0.762         9
1                          0.533     0.889         0.611   0.667         9
2                          0.000     0.000         1.000   0.000         9
*========================================*
2025-10-24 17:24:41,512 INFO 0 Fri Oct 24 17:24:41 2025 Epoch: 44
2025-10-24 17:28:02,722 INFO Final training 44/99, loss: 4.4280, time 201.21s, lr: 0.000629
Accuracy: 0.448
class                  precision    recall   specificity      f1   support
--------------------------------------------------------------------------
0                          0.625     0.156         0.953   0.250        32
1                          0.571     0.387         0.862   0.462        31
2                          0.388     0.788         0.349   0.520        33
*----------------------------------------*
2025-10-24 17:28:02,726 INFO 0 Fri Oct 24 17:28:02 2025 Epoch: 45
2025-10-24 17:31:02,323 INFO Final training 45/99, loss: 4.0401, time 179.60s, lr: 0.000614
Accuracy: 0.490
class                  precision    recall   specificity      f1   support
--------------------------------------------------------------------------
0                          0.421     0.242         0.825   0.308        33
1                          0.621     0.600         0.833   0.610        30
2                          0.438     0.636         0.571   0.519        33
*----------------------------------------*
2025-10-24 17:31:55,299 INFO Final validation 45/99, Val_acc: 0.4074, time 52.96sAccuracy: 0.407
class                  precision    recall   specificity      f1   support
--------------------------------------------------------------------------
0                          0.421     0.889         0.389   0.571         9
1                          0.500     0.222         0.889   0.308         9
2                          0.250     0.111         0.833   0.154         9
*========================================*
2025-10-24 17:31:59,890 INFO 0 Fri Oct 24 17:31:59 2025 Epoch: 46
2025-10-24 17:35:11,130 INFO Final training 46/99, loss: 4.1372, time 191.24s, lr: 0.000598
Accuracy: 0.448
class                  precision    recall   specificity      f1   support
--------------------------------------------------------------------------
0                          0.380     0.655         0.537   0.481        29
1                          0.889     0.242         0.984   0.381        33
2                          0.432     0.471         0.661   0.451        34
*----------------------------------------*
2025-10-24 17:35:11,137 INFO 0 Fri Oct 24 17:35:11 2025 Epoch: 47
2025-10-24 17:38:22,890 INFO Final training 47/99, loss: 4.2683, time 191.75s, lr: 0.000581
Accuracy: 0.490
class                  precision    recall   specificity      f1   support
--------------------------------------------------------------------------
0                          0.593     0.485         0.825   0.533        33
1                          0.500     0.606         0.683   0.548        33
2                          0.379     0.367         0.727   0.373        30
*----------------------------------------*
2025-10-24 17:39:16,004 INFO Final validation 47/99, Val_acc: 0.5185, time 53.11sAccuracy: 0.519
class                  precision    recall   specificity      f1   support
--------------------------------------------------------------------------
0                          0.500     0.889         0.556   0.640         9
1                          0.667     0.222         0.944   0.333         9
2                          0.500     0.444         0.778   0.471         9
*========================================*
2025-10-24 17:39:20,632 INFO 0 Fri Oct 24 17:39:20 2025 Epoch: 48
2025-10-24 17:42:25,625 INFO Final training 48/99, loss: 4.1926, time 184.99s, lr: 0.000565
Accuracy: 0.531
class                  precision    recall   specificity      f1   support
--------------------------------------------------------------------------
0                          0.647     0.344         0.906   0.449        32
1                          0.478     0.688         0.625   0.564        32
2                          0.545     0.562         0.766   0.554        32
*----------------------------------------*
2025-10-24 17:42:25,632 INFO 0 Fri Oct 24 17:42:25 2025 Epoch: 49
2025-10-24 17:45:29,420 INFO Final training 49/99, loss: 4.4879, time 183.79s, lr: 0.000549
Accuracy: 0.458
class                  precision    recall   specificity      f1   support
--------------------------------------------------------------------------
0                          0.533     0.242         0.889   0.333        33
1                          0.750     0.290         0.954   0.419        31
2                          0.391     0.844         0.344   0.535        32
*----------------------------------------*
2025-10-24 17:46:22,398 INFO Final validation 49/99, Val_acc: 0.5556, time 52.97sAccuracy: 0.556
class                  precision    recall   specificity      f1   support
--------------------------------------------------------------------------
0                          0.667     0.667         0.833   0.667         9
1                          0.667     0.222         0.944   0.333         9
2                          0.467     0.778         0.556   0.583         9
*========================================*
2025-10-24 17:46:27,013 INFO 0 Fri Oct 24 17:46:27 2025 Epoch: 50
2025-10-24 17:49:40,911 INFO Final training 50/99, loss: 4.0232, time 193.90s, lr: 0.000533
Accuracy: 0.562
class                  precision    recall   specificity      f1   support
--------------------------------------------------------------------------
0                          0.537     0.688         0.703   0.603        32
1                          0.628     0.844         0.750   0.720        32
2                          0.417     0.156         0.891   0.227        32
*----------------------------------------*
2025-10-24 17:49:41,362 INFO 0 Fri Oct 24 17:49:41 2025 Epoch: 51
2025-10-24 17:52:44,795 INFO Final training 51/99, loss: 4.1128, time 183.43s, lr: 0.000516
Accuracy: 0.490
class                  precision    recall   specificity      f1   support
--------------------------------------------------------------------------
0                          0.600     0.194         0.938   0.293        31
1                          0.714     0.323         0.938   0.444        31
2                          0.431     0.912         0.339   0.585        34
*----------------------------------------*
2025-10-24 17:53:37,759 INFO Final validation 51/99, Val_acc: 0.5556, time 52.96sAccuracy: 0.556
class                  precision    recall   specificity      f1   support
--------------------------------------------------------------------------
0                          1.000     0.444         1.000   0.615         9
1                          0.556     0.556         0.778   0.556         9
2                          0.429     0.667         0.556   0.522         9
*========================================*
2025-10-24 17:53:42,317 INFO 0 Fri Oct 24 17:53:42 2025 Epoch: 52
2025-10-24 17:56:58,668 INFO Final training 52/99, loss: 4.0619, time 196.35s, lr: 0.000500
Accuracy: 0.542
class                  precision    recall   specificity      f1   support
--------------------------------------------------------------------------
0                          0.483     0.824         0.516   0.609        34
1                          0.708     0.531         0.891   0.607        32
2                          0.500     0.233         0.894   0.318        30
*----------------------------------------*
2025-10-24 17:56:58,675 INFO 0 Fri Oct 24 17:56:58 2025 Epoch: 53
2025-10-24 17:59:59,051 INFO Final training 53/99, loss: 4.2243, time 180.38s, lr: 0.000484
Accuracy: 0.458
class                  precision    recall   specificity      f1   support
--------------------------------------------------------------------------
0                          0.571     0.121         0.952   0.200        33
1                          0.600     0.656         0.781   0.627        32
2                          0.352     0.613         0.462   0.447        31
*----------------------------------------*
2025-10-24 18:00:52,087 INFO Final validation 53/99, Val_acc: 0.4815, time 53.03sAccuracy: 0.481
class                  precision    recall   specificity      f1   support
--------------------------------------------------------------------------
0                          0.471     0.889         0.500   0.615         9
1                          0.500     0.111         0.944   0.182         9
2                          0.500     0.444         0.778   0.471         9
*========================================*
2025-10-24 18:00:56,478 INFO 0 Fri Oct 24 18:00:56 2025 Epoch: 54
2025-10-24 18:03:56,749 INFO Final training 54/99, loss: 4.1555, time 180.27s, lr: 0.000467
Accuracy: 0.396
class                  precision    recall   specificity      f1   support
--------------------------------------------------------------------------
0                          0.396     0.656         0.500   0.494        32
1                          0.600     0.194         0.938   0.293        31
2                          0.333     0.333         0.651   0.333        33
*----------------------------------------*
2025-10-24 18:03:56,759 INFO 0 Fri Oct 24 18:03:56 2025 Epoch: 55
2025-10-24 18:06:57,008 INFO Final training 55/99, loss: 4.1328, time 180.25s, lr: 0.000451
Accuracy: 0.469
class                  precision    recall   specificity      f1   support
--------------------------------------------------------------------------
0                          0.533     0.242         0.889   0.333        33
1                          0.564     0.733         0.742   0.638        30
2                          0.357     0.455         0.571   0.400        33
*----------------------------------------*
2025-10-24 18:07:49,899 INFO Final validation 55/99, Val_acc: 0.4815, time 52.88sAccuracy: 0.481
class                  precision    recall   specificity      f1   support
--------------------------------------------------------------------------
0                          1.000     0.222         1.000   0.364         9
1                          0.600     0.333         0.889   0.429         9
2                          0.400     0.889         0.333   0.552         9
*========================================*
2025-10-24 18:07:54,518 INFO 0 Fri Oct 24 18:07:54 2025 Epoch: 56
2025-10-24 18:10:54,416 INFO Final training 56/99, loss: 4.1344, time 179.90s, lr: 0.000435
Accuracy: 0.510
class                  precision    recall   specificity      f1   support
--------------------------------------------------------------------------
0                          0.769     0.323         0.954   0.455        31
1                          0.583     0.424         0.841   0.491        33
2                          0.424     0.781         0.469   0.549        32
*----------------------------------------*
2025-10-24 18:10:54,423 INFO 0 Fri Oct 24 18:10:54 2025 Epoch: 57
2025-10-24 18:14:13,522 INFO Final training 57/99, loss: 4.1564, time 199.10s, lr: 0.000419
Accuracy: 0.438
class                  precision    recall   specificity      f1   support
--------------------------------------------------------------------------
0                          0.432     0.500         0.672   0.464        32
1                          0.500     0.531         0.734   0.515        32
2                          0.360     0.281         0.750   0.316        32
*----------------------------------------*
2025-10-24 18:15:06,394 INFO Final validation 57/99, Val_acc: 0.5185, time 52.86sAccuracy: 0.519
class                  precision    recall   specificity      f1   support
--------------------------------------------------------------------------
0                          1.000     0.222         1.000   0.364         9
1                          0.625     0.556         0.833   0.588         9
2                          0.412     0.778         0.444   0.538         9
*========================================*
2025-10-24 18:15:11,881 INFO 0 Fri Oct 24 18:15:11 2025 Epoch: 58
2025-10-24 18:18:21,957 INFO Final training 58/99, loss: 4.3768, time 190.08s, lr: 0.000402
Accuracy: 0.427
class                  precision    recall   specificity      f1   support
--------------------------------------------------------------------------
0                          0.480     0.364         0.794   0.414        33
1                          0.545     0.194         0.923   0.286        31
2                          0.383     0.719         0.422   0.500        32
*----------------------------------------*
2025-10-24 18:18:21,957 INFO 0 Fri Oct 24 18:18:21 2025 Epoch: 59
2025-10-24 18:21:41,380 INFO Final training 59/99, loss: 3.6612, time 199.42s, lr: 0.000386
Accuracy: 0.615
class                  precision    recall   specificity      f1   support
--------------------------------------------------------------------------
0                          0.758     0.781         0.875   0.769        32
1                          0.532     0.806         0.662   0.641        31
2                          0.562     0.273         0.889   0.367        33
*----------------------------------------*
2025-10-24 18:22:34,249 INFO Final validation 59/99, Val_acc: 0.4815, time 52.87sAccuracy: 0.481
class                  precision    recall   specificity      f1   support
--------------------------------------------------------------------------
0                          1.000     0.222         1.000   0.364         9
1                          0.571     0.444         0.833   0.500         9
2                          0.389     0.778         0.389   0.519         9
*========================================*
2025-10-24 18:22:38,861 INFO 0 Fri Oct 24 18:22:38 2025 Epoch: 60
2025-10-24 18:25:41,972 INFO Final training 60/99, loss: 4.1705, time 183.11s, lr: 0.000371
Accuracy: 0.521
class                  precision    recall   specificity      f1   support
--------------------------------------------------------------------------
0                          0.889     0.242         0.984   0.381        33
1                          0.846     0.355         0.969   0.500        31
2                          0.419     0.969         0.328   0.585        32
*----------------------------------------*
2025-10-24 18:25:42,443 INFO 0 Fri Oct 24 18:25:42 2025 Epoch: 61
2025-10-24 18:28:47,652 INFO Final training 61/99, loss: 3.9605, time 185.21s, lr: 0.000355
Accuracy: 0.531
class                  precision    recall   specificity      f1   support
--------------------------------------------------------------------------
0                          0.800     0.375         0.953   0.511        32
1                          0.636     0.467         0.879   0.538        30
2                          0.424     0.735         0.452   0.538        34
*----------------------------------------*
2025-10-24 18:29:40,635 INFO Final validation 61/99, Val_acc: 0.5926, time 52.98sAccuracy: 0.593
class                  precision    recall   specificity      f1   support
--------------------------------------------------------------------------
0                          0.667     0.889         0.778   0.762         9
1                          0.500     0.222         0.889   0.308         9
2                          0.545     0.667         0.722   0.600         9
*========================================*
2025-10-24 18:29:45,352 INFO 0 Fri Oct 24 18:29:45 2025 Epoch: 62
2025-10-24 18:32:48,654 INFO Final training 62/99, loss: 3.8187, time 183.30s, lr: 0.000339
Accuracy: 0.542
class                  precision    recall   specificity      f1   support
--------------------------------------------------------------------------
0                          0.583     0.656         0.766   0.618        32
1                          0.654     0.548         0.862   0.596        31
2                          0.412     0.424         0.683   0.418        33
*----------------------------------------*
2025-10-24 18:32:48,658 INFO 0 Fri Oct 24 18:32:48 2025 Epoch: 63
2025-10-24 18:35:53,371 INFO Final training 63/99, loss: 4.3722, time 184.71s, lr: 0.000324
Accuracy: 0.427
class                  precision    recall   specificity      f1   support
--------------------------------------------------------------------------
0                          0.441     0.455         0.698   0.448        33
1                          0.619     0.382         0.871   0.473        34
2                          0.317     0.448         0.582   0.371        29
*----------------------------------------*
2025-10-24 18:36:46,350 INFO Final validation 63/99, Val_acc: 0.5185, time 52.98sAccuracy: 0.519
class                  precision    recall   specificity      f1   support
--------------------------------------------------------------------------
0                          0.500     0.889         0.556   0.640         9
1                          0.545     0.667         0.722   0.600         9
2                          0.000     0.000         1.000   0.000         9
*========================================*
2025-10-24 18:36:50,969 INFO 0 Fri Oct 24 18:36:50 2025 Epoch: 64
2025-10-24 18:39:49,325 INFO Final training 64/99, loss: 3.8978, time 178.36s, lr: 0.000309
Accuracy: 0.490
class                  precision    recall   specificity      f1   support
--------------------------------------------------------------------------
0                          0.667     0.500         0.875   0.571        32
1                          0.468     0.688         0.609   0.557        32
2                          0.360     0.281         0.750   0.316        32
*----------------------------------------*
2025-10-24 18:39:49,333 INFO 0 Fri Oct 24 18:39:49 2025 Epoch: 65
2025-10-24 18:42:48,391 INFO Final training 65/99, loss: 4.0429, time 179.06s, lr: 0.000294
Accuracy: 0.573
class                  precision    recall   specificity      f1   support
--------------------------------------------------------------------------
0                          0.727     0.516         0.908   0.604        31
1                          0.727     0.471         0.903   0.571        34
2                          0.442     0.742         0.554   0.554        31
*----------------------------------------*
2025-10-24 18:43:41,437 INFO Final validation 65/99, Val_acc: 0.6296, time 53.05sAccuracy: 0.630
class                  precision    recall   specificity      f1   support
--------------------------------------------------------------------------
0                          0.800     0.889         0.889   0.842         9
1                          0.545     0.667         0.722   0.600         9
2                          0.500     0.333         0.833   0.400         9
*========================================*
2025-10-24 18:43:41,438 INFO New best (0.592593 --> 0.629630)
2025-10-24 18:43:47,424 INFO Copying best model to model.pt
2025-10-24 18:43:51,345 INFO 0 Fri Oct 24 18:43:51 2025 Epoch: 66
2025-10-24 18:46:51,121 INFO Final training 66/99, loss: 4.2664, time 179.78s, lr: 0.000279
Accuracy: 0.469
class                  precision    recall   specificity      f1   support
--------------------------------------------------------------------------
0                          0.472     0.758         0.556   0.581        33
1                          0.684     0.406         0.906   0.510        32
2                          0.292     0.226         0.738   0.255        31
*----------------------------------------*
2025-10-24 18:46:51,121 INFO 0 Fri Oct 24 18:46:51 2025 Epoch: 67
2025-10-24 18:49:56,035 INFO Final training 67/99, loss: 4.1844, time 184.91s, lr: 0.000264
Accuracy: 0.542
class                  precision    recall   specificity      f1   support
--------------------------------------------------------------------------
0                          0.923     0.375         0.984   0.533        32
1                          0.667     0.323         0.923   0.435        31
2                          0.441     0.909         0.397   0.594        33
*----------------------------------------*
2025-10-24 18:50:48,949 INFO Final validation 67/99, Val_acc: 0.7407, time 52.91sAccuracy: 0.741
class                  precision    recall   specificity      f1   support
--------------------------------------------------------------------------
0                          0.889     0.889         0.944   0.889         9
1                          0.667     0.667         0.833   0.667         9
2                          0.667     0.667         0.833   0.667         9
*========================================*
2025-10-24 18:50:48,949 INFO New best (0.629630 --> 0.740741)
2025-10-24 18:50:55,227 INFO Copying best model to model.pt
2025-10-24 18:50:59,238 INFO 0 Fri Oct 24 18:50:59 2025 Epoch: 68
2025-10-24 18:54:13,584 INFO Final training 68/99, loss: 3.9424, time 194.35s, lr: 0.000250
Accuracy: 0.531
class                  precision    recall   specificity      f1   support
--------------------------------------------------------------------------
0                          0.474     0.818         0.524   0.600        33
1                          0.750     0.290         0.954   0.419        31
2                          0.556     0.469         0.812   0.508        32
*----------------------------------------*
2025-10-24 18:54:13,591 INFO 0 Fri Oct 24 18:54:13 2025 Epoch: 69
2025-10-24 18:57:18,155 INFO Final training 69/99, loss: 4.0971, time 184.56s, lr: 0.000236
Accuracy: 0.510
class                  precision    recall   specificity      f1   support
--------------------------------------------------------------------------
0                          1.000     0.094         1.000   0.171        32
1                          0.692     0.562         0.875   0.621        32
2                          0.418     0.875         0.391   0.566        32
*----------------------------------------*
2025-10-24 18:58:11,041 INFO Final validation 69/99, Val_acc: 0.6667, time 52.88sAccuracy: 0.667
class                  precision    recall   specificity      f1   support
--------------------------------------------------------------------------
0                          0.875     0.778         0.944   0.824         9
1                          0.600     0.667         0.778   0.632         9
2                          0.556     0.556         0.778   0.556         9
*========================================*
2025-10-24 18:58:15,641 INFO 0 Fri Oct 24 18:58:15 2025 Epoch: 70
2025-10-24 19:01:09,238 INFO Final training 70/99, loss: 4.2116, time 173.60s, lr: 0.000222
Accuracy: 0.469
class                  precision    recall   specificity      f1   support
--------------------------------------------------------------------------
0                          0.420     0.636         0.540   0.506        33
1                          0.737     0.452         0.923   0.560        31
2                          0.370     0.312         0.734   0.339        32
*----------------------------------------*
2025-10-24 19:01:09,717 INFO 0 Fri Oct 24 19:01:09 2025 Epoch: 71
2025-10-24 19:04:13,297 INFO Final training 71/99, loss: 3.9402, time 183.58s, lr: 0.000209
Accuracy: 0.552
class                  precision    recall   specificity      f1   support
--------------------------------------------------------------------------
0                          0.680     0.531         0.875   0.596        32
1                          0.609     0.452         0.862   0.519        31
2                          0.458     0.667         0.587   0.543        33
*----------------------------------------*
2025-10-24 19:05:06,121 INFO Final validation 71/99, Val_acc: 0.4815, time 52.82sAccuracy: 0.481
class                  precision    recall   specificity      f1   support
--------------------------------------------------------------------------
0                          1.000     0.111         1.000   0.200         9
1                          0.538     0.778         0.667   0.636         9
2                          0.385     0.556         0.556   0.455         9
*========================================*
2025-10-24 19:05:10,843 INFO 0 Fri Oct 24 19:05:10 2025 Epoch: 72
2025-10-24 19:08:15,780 INFO Final training 72/99, loss: 3.5096, time 184.94s, lr: 0.000196
Accuracy: 0.552
class                  precision    recall   specificity      f1   support
--------------------------------------------------------------------------
0                          0.591     0.394         0.857   0.473        33
1                          0.690     0.645         0.862   0.667        31
2                          0.444     0.625         0.609   0.519        32
*----------------------------------------*
2025-10-24 19:08:15,781 INFO 0 Fri Oct 24 19:08:15 2025 Epoch: 73
2025-10-24 19:11:30,376 INFO Final training 73/99, loss: 3.6250, time 194.60s, lr: 0.000183
Accuracy: 0.656
class                  precision    recall   specificity      f1   support
--------------------------------------------------------------------------
0                          0.815     0.688         0.922   0.746        32
1                          0.778     0.452         0.938   0.571        31
2                          0.529     0.818         0.619   0.643        33
*----------------------------------------*
2025-10-24 19:12:23,282 INFO Final validation 73/99, Val_acc: 0.4444, time 52.91sAccuracy: 0.444
class                  precision    recall   specificity      f1   support
--------------------------------------------------------------------------
0                          1.000     0.111         1.000   0.200         9
1                          0.500     0.778         0.611   0.609         9
2                          0.333     0.444         0.556   0.381         9
*========================================*
2025-10-24 19:12:27,931 INFO 0 Fri Oct 24 19:12:27 2025 Epoch: 74
2025-10-24 19:15:27,565 INFO Final training 74/99, loss: 4.0859, time 179.63s, lr: 0.000170
Accuracy: 0.500
class                  precision    recall   specificity      f1   support
--------------------------------------------------------------------------
0                          0.778     0.212         0.968   0.333        33
1                          0.643     0.545         0.841   0.590        33
2                          0.390     0.767         0.455   0.517        30
*----------------------------------------*
2025-10-24 19:15:27,585 INFO 0 Fri Oct 24 19:15:27 2025 Epoch: 75
2025-10-24 19:18:42,322 INFO Final training 75/99, loss: 3.5910, time 194.74s, lr: 0.000158
Accuracy: 0.583
class                  precision    recall   specificity      f1   support
--------------------------------------------------------------------------
0                          0.500     0.710         0.662   0.587        31
1                          0.700     0.656         0.859   0.677        32
2                          0.591     0.394         0.857   0.473        33
*----------------------------------------*
2025-10-24 19:19:35,152 INFO Final validation 75/99, Val_acc: 0.7037, time 52.82sAccuracy: 0.704
class                  precision    recall   specificity      f1   support
--------------------------------------------------------------------------
0                          0.889     0.889         0.944   0.889         9
1                          0.600     0.667         0.778   0.632         9
2                          0.625     0.556         0.833   0.588         9
*========================================*
2025-10-24 19:19:39,786 INFO 0 Fri Oct 24 19:19:39 2025 Epoch: 76
2025-10-24 19:22:42,569 INFO Final training 76/99, loss: 3.6289, time 182.78s, lr: 0.000146
Accuracy: 0.552
class                  precision    recall   specificity      f1   support
--------------------------------------------------------------------------
0                          0.636     0.452         0.877   0.528        31
1                          0.633     0.613         0.831   0.623        31
2                          0.455     0.588         0.613   0.513        34
*----------------------------------------*
2025-10-24 19:22:42,570 INFO 0 Fri Oct 24 19:22:42 2025 Epoch: 77
2025-10-24 19:25:36,246 INFO Final training 77/99, loss: 3.6619, time 173.68s, lr: 0.000135
Accuracy: 0.552
class                  precision    recall   specificity      f1   support
--------------------------------------------------------------------------
0                          0.625     0.345         0.910   0.444        29
1                          0.783     0.545         0.921   0.643        33
2                          0.439     0.735         0.484   0.549        34
*----------------------------------------*
2025-10-24 19:26:29,115 INFO Final validation 77/99, Val_acc: 0.6296, time 52.87sAccuracy: 0.630
class                  precision    recall   specificity      f1   support
--------------------------------------------------------------------------
0                          0.875     0.778         0.944   0.824         9
1                          0.500     0.333         0.833   0.400         9
2                          0.538     0.778         0.667   0.636         9
*========================================*
2025-10-24 19:26:33,722 INFO 0 Fri Oct 24 19:26:33 2025 Epoch: 78
2025-10-24 19:29:33,568 INFO Final training 78/99, loss: 3.9315, time 179.85s, lr: 0.000124
Accuracy: 0.531
class                  precision    recall   specificity      f1   support
--------------------------------------------------------------------------
0                          0.696     0.516         0.892   0.593        31
1                          0.611     0.344         0.891   0.440        32
2                          0.436     0.727         0.508   0.545        33
*----------------------------------------*
2025-10-24 19:29:33,575 INFO 0 Fri Oct 24 19:29:33 2025 Epoch: 79
2025-10-24 19:32:33,292 INFO Final training 79/99, loss: 3.7904, time 179.72s, lr: 0.000113
Accuracy: 0.562
class                  precision    recall   specificity      f1   support
--------------------------------------------------------------------------
0                          0.650     0.419         0.892   0.510        31
1                          0.633     0.594         0.828   0.613        32
2                          0.478     0.667         0.619   0.557        33
*----------------------------------------*
2025-10-24 19:33:26,156 INFO Final validation 79/99, Val_acc: 0.6296, time 52.86sAccuracy: 0.630
class                  precision    recall   specificity      f1   support
--------------------------------------------------------------------------
0                          0.800     0.889         0.889   0.842         9
1                          0.500     0.444         0.778   0.471         9
2                          0.556     0.556         0.778   0.556         9
*========================================*
2025-10-24 19:33:30,809 INFO 0 Fri Oct 24 19:33:30 2025 Epoch: 80
2025-10-24 19:36:29,939 INFO Final training 80/99, loss: 3.5592, time 179.13s, lr: 0.000103
Accuracy: 0.635
class                  precision    recall   specificity      f1   support
--------------------------------------------------------------------------
0                          0.783     0.581         0.923   0.667        31
1                          0.724     0.618         0.871   0.667        34
2                          0.500     0.710         0.662   0.587        31
*----------------------------------------*
2025-10-24 19:36:30,518 INFO 0 Fri Oct 24 19:36:30 2025 Epoch: 81
2025-10-24 19:39:39,540 INFO Final training 81/99, loss: 4.0070, time 189.02s, lr: 0.000094
Accuracy: 0.490
class                  precision    recall   specificity      f1   support
--------------------------------------------------------------------------
0                          0.786     0.344         0.953   0.478        32
1                          0.619     0.394         0.873   0.481        33
2                          0.377     0.742         0.415   0.500        31
*----------------------------------------*
2025-10-24 19:40:32,387 INFO Final validation 81/99, Val_acc: 0.7037, time 52.84sAccuracy: 0.704
class                  precision    recall   specificity      f1   support
--------------------------------------------------------------------------
0                          0.889     0.889         0.944   0.889         9
1                          0.600     0.667         0.778   0.632         9
2                          0.625     0.556         0.833   0.588         9
*========================================*
2025-10-24 19:40:37,095 INFO 0 Fri Oct 24 19:40:37 2025 Epoch: 82
2025-10-24 19:43:30,776 INFO Final training 82/99, loss: 3.7952, time 173.68s, lr: 0.000084
Accuracy: 0.573
class                  precision    recall   specificity      f1   support
--------------------------------------------------------------------------
0                          0.654     0.531         0.859   0.586        32
1                          0.645     0.625         0.828   0.635        32
2                          0.462     0.562         0.672   0.507        32
*----------------------------------------*
2025-10-24 19:43:30,783 INFO 0 Fri Oct 24 19:43:30 2025 Epoch: 83
2025-10-24 19:46:29,368 INFO Final training 83/99, loss: 3.2099, time 178.58s, lr: 0.000075
Accuracy: 0.656
class                  precision    recall   specificity      f1   support
--------------------------------------------------------------------------
0                          0.808     0.656         0.922   0.724        32
1                          0.700     0.636         0.857   0.667        33
2                          0.525     0.677         0.708   0.592        31
*----------------------------------------*
2025-10-24 19:47:22,201 INFO Final validation 83/99, Val_acc: 0.7037, time 52.83sAccuracy: 0.704
class                  precision    recall   specificity      f1   support
--------------------------------------------------------------------------
0                          1.000     0.778         1.000   0.875         9
1                          0.625     0.556         0.833   0.588         9
2                          0.583     0.778         0.722   0.667         9
*========================================*
2025-10-24 19:47:26,838 INFO 0 Fri Oct 24 19:47:26 2025 Epoch: 84
2025-10-24 19:50:43,155 INFO Final training 84/99, loss: 3.6759, time 196.32s, lr: 0.000067
Accuracy: 0.542
class                  precision    recall   specificity      f1   support
--------------------------------------------------------------------------
0                          0.762     0.485         0.921   0.593        33
1                          0.667     0.485         0.873   0.561        33
2                          0.392     0.667         0.530   0.494        30
*----------------------------------------*
2025-10-24 19:50:43,162 INFO 0 Fri Oct 24 19:50:43 2025 Epoch: 85
2025-10-24 19:53:48,486 INFO Final training 85/99, loss: 4.3694, time 185.32s, lr: 0.000059
Accuracy: 0.417
class                  precision    recall   specificity      f1   support
--------------------------------------------------------------------------
0                          0.667     0.182         0.952   0.286        33
1                          0.500     0.303         0.841   0.377        33
2                          0.358     0.800         0.348   0.495        30
*----------------------------------------*
2025-10-24 19:54:41,344 INFO Final validation 85/99, Val_acc: 0.7037, time 52.86sAccuracy: 0.704
class                  precision    recall   specificity      f1   support
--------------------------------------------------------------------------
0                          0.889     0.889         0.944   0.889         9
1                          0.583     0.778         0.722   0.667         9
2                          0.667     0.444         0.889   0.533         9
*========================================*
2025-10-24 19:54:46,006 INFO 0 Fri Oct 24 19:54:46 2025 Epoch: 86
2025-10-24 19:57:45,468 INFO Final training 86/99, loss: 3.5277, time 179.46s, lr: 0.000052
Accuracy: 0.594
class                  precision    recall   specificity      f1   support
--------------------------------------------------------------------------
0                          0.677     0.636         0.841   0.656        33
1                          0.667     0.645         0.846   0.656        31
2                          0.457     0.500         0.703   0.478        32
*----------------------------------------*
2025-10-24 19:57:45,468 INFO 0 Fri Oct 24 19:57:45 2025 Epoch: 87
2025-10-24 20:00:49,301 INFO Final training 87/99, loss: 4.0670, time 183.83s, lr: 0.000045
Accuracy: 0.521
class                  precision    recall   specificity      f1   support
--------------------------------------------------------------------------
0                          0.750     0.469         0.922   0.577        32
1                          0.643     0.290         0.923   0.400        31
2                          0.419     0.788         0.429   0.547        33
*----------------------------------------*
2025-10-24 20:01:42,151 INFO Final validation 87/99, Val_acc: 0.7407, time 52.84sAccuracy: 0.741
class                  precision    recall   specificity      f1   support
--------------------------------------------------------------------------
0                          0.889     0.889         0.944   0.889         9
1                          0.636     0.778         0.778   0.700         9
2                          0.714     0.556         0.889   0.625         9
*========================================*
2025-10-24 20:01:46,804 INFO 0 Fri Oct 24 20:01:46 2025 Epoch: 88
2025-10-24 20:04:46,868 INFO Final training 88/99, loss: 3.8710, time 180.06s, lr: 0.000038
Accuracy: 0.531
class                  precision    recall   specificity      f1   support
--------------------------------------------------------------------------
0                          0.722     0.419         0.923   0.531        31
1                          0.652     0.455         0.873   0.536        33
2                          0.418     0.719         0.500   0.529        32
*----------------------------------------*
2025-10-24 20:04:46,874 INFO 0 Fri Oct 24 20:04:46 2025 Epoch: 89
2025-10-24 20:07:55,605 INFO Final training 89/99, loss: 3.6877, time 188.73s, lr: 0.000032
Accuracy: 0.625
class                  precision    recall   specificity      f1   support
--------------------------------------------------------------------------
0                          0.840     0.656         0.938   0.737        32
1                          0.600     0.455         0.841   0.517        33
2                          0.522     0.774         0.662   0.623        31
*----------------------------------------*
2025-10-24 20:08:48,457 INFO Final validation 89/99, Val_acc: 0.7407, time 52.85sAccuracy: 0.741
class                  precision    recall   specificity      f1   support
--------------------------------------------------------------------------
0                          1.000     0.778         1.000   0.875         9
1                          0.636     0.778         0.778   0.700         9
2                          0.667     0.667         0.833   0.667         9
*========================================*
2025-10-24 20:08:53,106 INFO 0 Fri Oct 24 20:08:53 2025 Epoch: 90
2025-10-24 20:11:46,278 INFO Final training 90/99, loss: 3.9422, time 173.17s, lr: 0.000027
Accuracy: 0.531
class                  precision    recall   specificity      f1   support
--------------------------------------------------------------------------
0                          0.750     0.375         0.938   0.500        32
1                          0.722     0.419         0.923   0.531        31
2                          0.419     0.788         0.429   0.547        33
*----------------------------------------*
2025-10-24 20:11:46,726 INFO 0 Fri Oct 24 20:11:46 2025 Epoch: 91
2025-10-24 20:15:02,704 INFO Final training 91/99, loss: 3.7628, time 195.98s, lr: 0.000022
Accuracy: 0.552
class                  precision    recall   specificity      f1   support
--------------------------------------------------------------------------
0                          0.714     0.469         0.906   0.566        32
1                          0.700     0.438         0.906   0.538        32
2                          0.436     0.750         0.516   0.552        32
*----------------------------------------*
2025-10-24 20:15:55,545 INFO Final validation 91/99, Val_acc: 0.7037, time 52.84sAccuracy: 0.704
class                  precision    recall   specificity      f1   support
--------------------------------------------------------------------------
0                          0.889     0.889         0.944   0.889         9
1                          0.600     0.667         0.778   0.632         9
2                          0.625     0.556         0.833   0.588         9
*========================================*
2025-10-24 20:16:00,125 INFO 0 Fri Oct 24 20:16:00 2025 Epoch: 92
2025-10-24 20:18:59,503 INFO Final training 92/99, loss: 3.8550, time 179.38s, lr: 0.000017
Accuracy: 0.573
class                  precision    recall   specificity      f1   support
--------------------------------------------------------------------------
0                          0.923     0.375         0.984   0.533        32
1                          0.917     0.367         0.985   0.524        30
2                          0.451     0.941         0.371   0.610        34
*----------------------------------------*
2025-10-24 20:18:59,510 INFO 0 Fri Oct 24 20:18:59 2025 Epoch: 93
2025-10-24 20:22:13,831 INFO Final training 93/99, loss: 3.4954, time 194.32s, lr: 0.000013
Accuracy: 0.635
class                  precision    recall   specificity      f1   support
--------------------------------------------------------------------------
0                          0.833     0.606         0.937   0.702        33
1                          0.773     0.531         0.922   0.630        32
2                          0.480     0.774         0.600   0.593        31
*----------------------------------------*
2025-10-24 20:23:06,704 INFO Final validation 93/99, Val_acc: 0.7037, time 52.87sAccuracy: 0.704
class                  precision    recall   specificity      f1   support
--------------------------------------------------------------------------
0                          0.889     0.889         0.944   0.889         9
1                          0.600     0.667         0.778   0.632         9
2                          0.625     0.556         0.833   0.588         9
*========================================*
2025-10-24 20:23:11,410 INFO 0 Fri Oct 24 20:23:11 2025 Epoch: 94
2025-10-24 20:26:19,839 INFO Final training 94/99, loss: 3.2492, time 188.43s, lr: 0.000010
Accuracy: 0.625
class                  precision    recall   specificity      f1   support
--------------------------------------------------------------------------
0                          0.750     0.700         0.894   0.724        30
1                          0.667     0.647         0.823   0.657        34
2                          0.486     0.531         0.719   0.507        32
*----------------------------------------*
2025-10-24 20:26:19,839 INFO 0 Fri Oct 24 20:26:19 2025 Epoch: 95
2025-10-24 20:29:24,741 INFO Final training 95/99, loss: 3.1613, time 184.90s, lr: 0.000007
Accuracy: 0.635
class                  precision    recall   specificity      f1   support
--------------------------------------------------------------------------
0                          0.722     0.765         0.839   0.743        34
1                          0.556     0.690         0.761   0.615        29
2                          0.625     0.455         0.857   0.526        33
*----------------------------------------*
2025-10-24 20:30:17,599 INFO Final validation 95/99, Val_acc: 0.6667, time 52.85sAccuracy: 0.667
class                  precision    recall   specificity      f1   support
--------------------------------------------------------------------------
0                          0.875     0.778         0.944   0.824         9
1                          0.600     0.667         0.778   0.632         9
2                          0.556     0.556         0.778   0.556         9
*========================================*
2025-10-24 20:30:22,275 INFO 0 Fri Oct 24 20:30:22 2025 Epoch: 96
2025-10-24 20:33:37,130 INFO Final training 96/99, loss: 3.4462, time 194.85s, lr: 0.000004
Accuracy: 0.635
class                  precision    recall   specificity      f1   support
--------------------------------------------------------------------------
0                          0.739     0.548         0.908   0.630        31
1                          0.710     0.667         0.857   0.688        33
2                          0.524     0.688         0.688   0.595        32
*----------------------------------------*
2025-10-24 20:33:37,136 INFO 0 Fri Oct 24 20:33:37 2025 Epoch: 97
2025-10-24 20:36:40,250 INFO Final training 97/99, loss: 4.1514, time 183.11s, lr: 0.000002
Accuracy: 0.469
class                  precision    recall   specificity      f1   support
--------------------------------------------------------------------------
0                          0.667     0.235         0.935   0.348        34
1                          0.667     0.387         0.908   0.490        31
2                          0.379     0.806         0.369   0.515        31
*----------------------------------------*
2025-10-24 20:37:33,079 INFO Final validation 97/99, Val_acc: 0.6667, time 52.83sAccuracy: 0.667
class                  precision    recall   specificity      f1   support
--------------------------------------------------------------------------
0                          0.875     0.778         0.944   0.824         9
1                          0.600     0.667         0.778   0.632         9
2                          0.556     0.556         0.778   0.556         9
*========================================*
2025-10-24 20:37:37,688 INFO 0 Fri Oct 24 20:37:37 2025 Epoch: 98
2025-10-24 20:40:42,772 INFO Final training 98/99, loss: 3.4196, time 185.08s, lr: 0.000001
Accuracy: 0.656
class                  precision    recall   specificity      f1   support
--------------------------------------------------------------------------
0                          0.840     0.656         0.938   0.737        32
1                          0.667     0.625         0.844   0.645        32
2                          0.537     0.688         0.703   0.603        32
*----------------------------------------*
2025-10-24 20:40:42,773 INFO 0 Fri Oct 24 20:40:42 2025 Epoch: 99
2025-10-24 20:43:55,353 INFO Final training 99/99, loss: 3.3526, time 192.58s, lr: 0.000000
Accuracy: 0.625
class                  precision    recall   specificity      f1   support
--------------------------------------------------------------------------
0                          0.760     0.576         0.905   0.655        33
1                          0.690     0.625         0.859   0.656        32
2                          0.500     0.677         0.677   0.575        31
*----------------------------------------*
2025-10-24 20:44:48,204 INFO Final validation 99/99, Val_acc: 0.7037, time 52.84sAccuracy: 0.704
class                  precision    recall   specificity      f1   support
--------------------------------------------------------------------------
0                          0.889     0.889         0.944   0.889         9
1                          0.600     0.667         0.778   0.632         9
2                          0.625     0.556         0.833   0.588         9
*========================================*
2025-10-24 20:44:52,891 INFO Training Finished! Best Accuracy: 0.7407
2025-10-24 20:44:52,891 INFO ====================================================================================================
2025-10-24 20:45:03,663 INFO Total time spent: 21574.55s
