2025-11-12 09:54:11,418 INFO Log directory: outputs/OrganoidsINRIA_reduced/swinunetr/2025-11-12-09-54
2025-11-12 09:54:11,420 INFO {'RandFlipd_prob': 0.2,
 'RandRotate90d_prob': 0.2,
 'RandScaleIntensityd_prob': 0.1,
 'RandShiftIntensityd_prob': 0.1,
 'amp': True,
 'augmentation': True,
 'batch_size': 6,
 'cache_dataset': False,
 'checkpoint_path': None,
 'data_dir': '/home/mraffael/martone_project/Organoids_Dataset_256/',
 'dataset_name': 'OrganoidsINRIA_reduced',
 'debug': False,
 'debug_train_samples': 40,
 'debug_val_samples': 10,
 'dist_backend': 'nccl',
 'dist_url': 'tcp://127.0.0.1:23456',
 'distributed': False,
 'dropout_path_rate': 0.0,
 'dropout_rate': 0.0,
 'early_stopping': False,
 'encoder10_pth': '',
 'exact_class': False,
 'feature_size': 48,
 'fold': 0,
 'folds': False,
 'gpu': 0,
 'ignore_label': 3,
 'in_channels': 1,
 'infer_overlap': 0.5,
 'k_folds': 5,
 'logdir': 'test',
 'logs_dir': 'logs/',
 'loss_name': 'CE',
 'lrschedule': 'warmup_cosine',
 'max_epochs': 150,
 'min_delta_loss': 0.001,
 'min_delta_val': 0.001,
 'model_name': 'swinunetr',
 'momentum': 0.99,
 'noamp': False,
 'norm_name': 'instance',
 'oar_id': 2116441,
 'optim_lr': 0.0006,
 'optim_name': 'adamw',
 'out_channels': 1,
 'output_dir': 'outputs/',
 'patch_merging': False,
 'patience_loss': 20,
 'patience_val': 3,
 'pretrained_dir': './pretrained_models/fold1_f48_ep300_4gpu_dice0_9059/',
 'pretrained_model_name': 'model_swinvit.pt',
 'rank': 0,
 'reg_weight': 5e-05,
 'restart_T0': 20,
 'resume_ckpt': False,
 'roi_x': 128,
 'roi_y': 128,
 'roi_z': 128,
 'save_checkpoint': True,
 'seed': 3,
 'similarity_loss': '',
 'similarity_loss_weight': 0.0,
 'spatial_dims': 3,
 'split_method': 'stratified',
 'start_epoch': 0,
 'sw_batch_size': 6,
 'telegram_log': True,
 'test_mode': False,
 'token': './token/tlg_token.txt',
 'use_checkpoint': False,
 'val_every': 4,
 'warmup_epochs': 5,
 'workers': 8,
 'world_size': 1}
2025-11-12 09:54:11,420 INFO 
2025-11-12 09:54:11,424 INFO Saved configuration to: outputs/OrganoidsINRIA_reduced/swinunetr/2025-11-12-09-54/config.txt
2025-11-12 09:54:12,146 INFO Using GPU: 0
2025-11-12 09:54:12,146 INFO 
2025-11-12 09:54:12,146 INFO Model INFO:
2025-11-12 09:54:12,146 INFO Model architecture: swinunetr
2025-11-12 09:54:12,619 INFO Using pretrained weights
2025-11-12 09:54:12,619 INFO => loading pretrained model './pretrained_models/fold1_f48_ep300_4gpu_dice0_9059/model_swinvit.pt'
2025-11-12 09:54:17,002 INFO Missing keys when loading pretrained: 33
2025-11-12 09:54:17,003 INFO Unexpected keys when loading pretrained: 8
2025-11-12 09:54:17,005 INFO Using SwinUNETR with Single Linear Classification Head
2025-11-12 09:54:17,005 INFO Total trainable parameters: 39,914,805
2025-11-12 09:54:17,038 INFO 
2025-11-12 09:54:17,038 INFO Optimizer INFO:
2025-11-12 09:54:17,039 INFO Using optimizer: adamw with lr=0.0006, weight_decay=5e-05
2025-11-12 09:54:17,039 INFO 
2025-11-12 09:54:17,039 INFO Dataset INFO:
2025-11-12 09:54:17,062 INFO Dataset length: 803
2025-11-12 09:54:17,062 INFO Class distribution in entire dataset:
2025-11-12 09:54:17,062 INFO   Class 0: 391
2025-11-12 09:54:17,062 INFO   Class 1: 43
2025-11-12 09:54:17,062 INFO   Class 2: 369
2025-11-12 09:54:17,062 INFO 
Using split method: stratified
2025-11-12 09:54:17,072 INFO 
Train set balance:
2025-11-12 09:54:17,072 INFO 
Val set balance:
2025-11-12 09:54:17,072 INFO Training set length: 642
2025-11-12 09:54:17,072 INFO Validation set length: 161
2025-11-12 09:54:17,072 INFO 
Using standard shuffle for training
2025-11-12 09:54:17,073 INFO Training loader: 107 batches
2025-11-12 09:54:17,073 INFO Validation loader: 27 batches
2025-11-12 09:54:17,073 INFO 
Class distribution in training set:
2025-11-12 09:54:17,073 INFO   Class 0: 313 (48.8%)
2025-11-12 09:54:17,073 INFO   Class 1: 34 (5.3%)
2025-11-12 09:54:17,073 INFO   Class 2: 295 (46.0%)
2025-11-12 09:54:17,073 INFO Class distribution in validation set:
2025-11-12 09:54:17,073 INFO   Class 0: 78 (48.4%)
2025-11-12 09:54:17,073 INFO   Class 1: 9 (5.6%)
2025-11-12 09:54:17,073 INFO   Class 2: 74 (46.0%)
2025-11-12 09:54:17,073 INFO **************************************************
2025-11-12 09:54:17,223 INFO Class weights: [ 6.837  62.941  7.254]
2025-11-12 09:54:17,223 INFO 
2025-11-12 09:54:17,223 INFO Using loss function: CE
2025-11-12 09:54:17,227 INFO **************************************************
2025-11-12 09:54:17,227 INFO Starting training...
2025-11-12 09:54:17,228 INFO 0 Wed Nov 12 09:54:17 2025 Epoch: 0
2025-11-12 09:59:47,603 INFO Final training 0/149, loss: 1.2342, time 330.37s, lr: 0.000000
Accuracy: 0.053
class                  precision    recall   specificity      f1   support
--------------------------------------------------------------------------
0                          0.000     0.000         1.000   0.000       313
1                          0.053     1.000         0.000   0.101        34
2                          0.000     0.000         1.000   0.000       295
*----------------------------------------*
2025-11-12 09:59:48,068 INFO 0 Wed Nov 12 09:59:48 2025 Epoch: 1
2025-11-12 10:04:57,831 INFO Final training 1/149, loss: 1.1373, time 309.76s, lr: 0.000150
Accuracy: 0.553
class                  precision    recall   specificity      f1   support
--------------------------------------------------------------------------
0                          0.626     0.524         0.702   0.570       313
1                          0.000     0.000         0.929   0.000        34
2                          0.567     0.647         0.579   0.604       295
*----------------------------------------*
2025-11-12 10:04:57,831 INFO 0 Wed Nov 12 10:04:57 2025 Epoch: 2
2025-11-12 10:10:12,543 INFO Final training 2/149, loss: 0.9050, time 314.71s, lr: 0.000300
Accuracy: 0.678
class                  precision    recall   specificity      f1   support
--------------------------------------------------------------------------
0                          0.706     0.652         0.742   0.678       313
1                          0.207     0.176         0.962   0.190        34
2                          0.694     0.763         0.715   0.727       295
*----------------------------------------*
2025-11-12 10:10:12,543 INFO 0 Wed Nov 12 10:10:12 2025 Epoch: 3
2025-11-12 10:15:25,375 INFO Final training 3/149, loss: 0.9164, time 312.83s, lr: 0.000450
Accuracy: 0.657
class                  precision    recall   specificity      f1   support
--------------------------------------------------------------------------
0                          0.732     0.594         0.793   0.656       313
1                          0.101     0.206         0.898   0.136        34
2                          0.718     0.776         0.741   0.746       295
*----------------------------------------*
2025-11-12 10:17:15,581 INFO Final validation 3/149, Val_acc: 0.6630, time 110.20sAccuracy: 0.683
class                  precision    recall   specificity      f1   support
--------------------------------------------------------------------------
0                          0.639     0.885         0.530   0.742        78
1                          0.000     0.000         1.000   0.000         9
2                          0.774     0.554         0.862   0.646        74
*========================================*
2025-11-12 10:17:15,581 INFO New best (0.000000 --> 0.662992)
2025-11-12 10:17:21,928 INFO Copying best model to best_model.pt
2025-11-12 10:17:26,079 INFO 0 Wed Nov 12 10:17:26 2025 Epoch: 4
2025-11-12 10:22:39,626 INFO Final training 4/149, loss: 0.8992, time 313.55s, lr: 0.000600
Accuracy: 0.637
class                  precision    recall   specificity      f1   support
--------------------------------------------------------------------------
0                          0.696     0.613         0.745   0.652       313
1                          0.113     0.235         0.896   0.152        34
2                          0.708     0.708         0.752   0.708       295
*----------------------------------------*
2025-11-12 10:22:39,626 INFO 0 Wed Nov 12 10:22:39 2025 Epoch: 5
2025-11-12 10:27:48,347 INFO Final training 5/149, loss: 0.8494, time 308.72s, lr: 0.000600
Accuracy: 0.718
class                  precision    recall   specificity      f1   support
--------------------------------------------------------------------------
0                          0.730     0.725         0.745   0.728       313
1                          0.143     0.029         0.990   0.049        34
2                          0.719     0.790         0.738   0.753       295
*----------------------------------------*
2025-11-12 10:27:48,347 INFO 0 Wed Nov 12 10:27:48 2025 Epoch: 6
2025-11-12 10:33:02,933 INFO Final training 6/149, loss: 0.7745, time 314.59s, lr: 0.000600
Accuracy: 0.709
class                  precision    recall   specificity      f1   support
--------------------------------------------------------------------------
0                          0.739     0.722         0.757   0.730       313
1                          0.250     0.235         0.961   0.242        34
2                          0.727     0.749         0.761   0.738       295
*----------------------------------------*
2025-11-12 10:33:02,933 INFO 0 Wed Nov 12 10:33:02 2025 Epoch: 7
2025-11-12 10:38:15,540 INFO Final training 7/149, loss: 0.7836, time 312.61s, lr: 0.000600
Accuracy: 0.692
class                  precision    recall   specificity      f1   support
--------------------------------------------------------------------------
0                          0.747     0.681         0.781   0.712       313
1                          0.235     0.471         0.914   0.314        34
2                          0.744     0.729         0.787   0.736       295
*----------------------------------------*
2025-11-12 10:39:31,908 INFO Final validation 7/149, Val_acc: 0.6979, time 76.37sAccuracy: 0.714
class                  precision    recall   specificity      f1   support
--------------------------------------------------------------------------
0                          0.647     0.962         0.506   0.773        78
1                          1.000     0.333         1.000   0.500         9
2                          0.881     0.500         0.943   0.638        74
*========================================*
2025-11-12 10:39:31,908 INFO New best (0.662992 --> 0.697878)
2025-11-12 10:39:38,223 INFO Copying best model to best_model.pt
2025-11-12 10:39:42,481 INFO 0 Wed Nov 12 10:39:42 2025 Epoch: 8
2025-11-12 10:44:56,201 INFO Final training 8/149, loss: 0.7646, time 313.72s, lr: 0.000599
Accuracy: 0.695
class                  precision    recall   specificity      f1   support
--------------------------------------------------------------------------
0                          0.783     0.690         0.818   0.733       313
1                          0.203     0.382         0.916   0.265        34
2                          0.719     0.736         0.755   0.727       295
*----------------------------------------*
2025-11-12 10:44:56,201 INFO 0 Wed Nov 12 10:44:56 2025 Epoch: 9
2025-11-12 10:50:11,991 INFO Final training 9/149, loss: 0.7389, time 315.79s, lr: 0.000599
Accuracy: 0.718
class                  precision    recall   specificity      f1   support
--------------------------------------------------------------------------
0                          0.757     0.716         0.781   0.736       313
1                          0.275     0.324         0.952   0.297        34
2                          0.739     0.766         0.769   0.752       295
*----------------------------------------*
2025-11-12 10:50:11,991 INFO 0 Wed Nov 12 10:50:11 2025 Epoch: 10
2025-11-12 10:55:28,053 INFO Final training 10/149, loss: 0.7309, time 316.06s, lr: 0.000598
Accuracy: 0.729
class                  precision    recall   specificity      f1   support
--------------------------------------------------------------------------
0                          0.789     0.703         0.821   0.743       313
1                          0.270     0.500         0.924   0.351        34
2                          0.770     0.783         0.801   0.776       295
*----------------------------------------*
2025-11-12 10:55:28,457 INFO 0 Wed Nov 12 10:55:28 2025 Epoch: 11
2025-11-12 11:00:43,510 INFO Final training 11/149, loss: 0.6880, time 315.05s, lr: 0.000597
Accuracy: 0.706
class                  precision    recall   specificity      f1   support
--------------------------------------------------------------------------
0                          0.779     0.696         0.812   0.735       313
1                          0.269     0.529         0.919   0.356        34
2                          0.736     0.736         0.775   0.736       295
*----------------------------------------*
2025-11-12 11:01:59,329 INFO Final validation 11/149, Val_acc: 0.7495, time 75.82sAccuracy: 0.764
class                  precision    recall   specificity      f1   support
--------------------------------------------------------------------------
0                          0.736     0.859         0.711   0.793        78
1                          0.800     0.444         0.993   0.571         9
2                          0.800     0.703         0.851   0.748        74
*========================================*
2025-11-12 11:01:59,329 INFO New best (0.697878 --> 0.749534)
2025-11-12 11:02:05,603 INFO Copying best model to best_model.pt
2025-11-12 11:02:09,880 INFO 0 Wed Nov 12 11:02:09 2025 Epoch: 12
2025-11-12 11:07:22,631 INFO Final training 12/149, loss: 0.7084, time 312.75s, lr: 0.000597
Accuracy: 0.723
class                  precision    recall   specificity      f1   support
--------------------------------------------------------------------------
0                          0.774     0.732         0.796   0.752       313
1                          0.288     0.441         0.939   0.349        34
2                          0.748     0.746         0.787   0.747       295
*----------------------------------------*
2025-11-12 11:07:22,631 INFO 0 Wed Nov 12 11:07:22 2025 Epoch: 13
2025-11-12 11:12:36,116 INFO Final training 13/149, loss: 0.6999, time 313.48s, lr: 0.000596
Accuracy: 0.709
class                  precision    recall   specificity      f1   support
--------------------------------------------------------------------------
0                          0.795     0.693         0.830   0.741       313
1                          0.227     0.500         0.905   0.312        34
2                          0.752     0.749         0.790   0.750       295
*----------------------------------------*
2025-11-12 11:12:36,116 INFO 0 Wed Nov 12 11:12:36 2025 Epoch: 14
2025-11-12 11:17:50,584 INFO Final training 14/149, loss: 0.6423, time 314.47s, lr: 0.000594
Accuracy: 0.763
class                  precision    recall   specificity      f1   support
--------------------------------------------------------------------------
0                          0.807     0.773         0.824   0.790       313
1                          0.367     0.647         0.938   0.468        34
2                          0.801     0.766         0.839   0.783       295
*----------------------------------------*
2025-11-12 11:17:50,585 INFO 0 Wed Nov 12 11:17:50 2025 Epoch: 15
2025-11-12 11:23:03,233 INFO Final training 15/149, loss: 0.6467, time 312.65s, lr: 0.000593
Accuracy: 0.726
class                  precision    recall   specificity      f1   support
--------------------------------------------------------------------------
0                          0.785     0.712         0.815   0.747       313
1                          0.284     0.559         0.921   0.376        34
2                          0.770     0.759         0.807   0.765       295
*----------------------------------------*
2025-11-12 11:24:19,222 INFO Final validation 15/149, Val_acc: 0.7565, time 75.99sAccuracy: 0.739
class                  precision    recall   specificity      f1   support
--------------------------------------------------------------------------
0                          0.836     0.654         0.880   0.734        78
1                          1.000     0.444         1.000   0.615         9
2                          0.667     0.865         0.632   0.753        74
*========================================*
2025-11-12 11:24:19,222 INFO New best (0.749534 --> 0.756522)
2025-11-12 11:24:25,521 INFO Copying best model to best_model.pt
2025-11-12 11:24:29,748 INFO 0 Wed Nov 12 11:24:29 2025 Epoch: 16
2025-11-12 11:29:37,874 INFO Final training 16/149, loss: 0.6529, time 308.13s, lr: 0.000592
Accuracy: 0.720
class                  precision    recall   specificity      f1   support
--------------------------------------------------------------------------
0                          0.776     0.687         0.812   0.729       313
1                          0.344     0.618         0.934   0.442        34
2                          0.743     0.766         0.775   0.755       295
*----------------------------------------*
2025-11-12 11:29:37,874 INFO 0 Wed Nov 12 11:29:37 2025 Epoch: 17
2025-11-12 11:34:48,898 INFO Final training 17/149, loss: 0.6778, time 311.02s, lr: 0.000590
Accuracy: 0.707
class                  precision    recall   specificity      f1   support
--------------------------------------------------------------------------
0                          0.782     0.700         0.815   0.739       313
1                          0.211     0.441         0.908   0.286        34
2                          0.756     0.746         0.795   0.751       295
*----------------------------------------*
2025-11-12 11:34:48,899 INFO 0 Wed Nov 12 11:34:48 2025 Epoch: 18
2025-11-12 11:40:00,032 INFO Final training 18/149, loss: 0.6611, time 311.13s, lr: 0.000588
Accuracy: 0.720
class                  precision    recall   specificity      f1   support
--------------------------------------------------------------------------
0                          0.779     0.696         0.812   0.735       313
1                          0.303     0.588         0.924   0.400        34
2                          0.757     0.759         0.793   0.758       295
*----------------------------------------*
2025-11-12 11:40:00,032 INFO 0 Wed Nov 12 11:40:00 2025 Epoch: 19
2025-11-12 11:45:12,075 INFO Final training 19/149, loss: 0.6861, time 312.04s, lr: 0.000586
Accuracy: 0.738
class                  precision    recall   specificity      f1   support
--------------------------------------------------------------------------
0                          0.817     0.728         0.845   0.770       313
1                          0.317     0.588         0.929   0.412        34
2                          0.753     0.766         0.787   0.760       295
*----------------------------------------*
2025-11-12 11:46:27,921 INFO Final validation 19/149, Val_acc: 0.5239, time 75.85sAccuracy: 0.602
class                  precision    recall   specificity      f1   support
--------------------------------------------------------------------------
0                          0.676     0.641         0.711   0.658        78
1                          0.182     0.889         0.763   0.302         9
2                          0.907     0.527         0.954   0.667        74
*========================================*
2025-11-12 11:46:32,890 INFO 0 Wed Nov 12 11:46:32 2025 Epoch: 20
2025-11-12 11:51:45,430 INFO Final training 20/149, loss: 0.6107, time 312.54s, lr: 0.000584
Accuracy: 0.777
class                  precision    recall   specificity      f1   support
--------------------------------------------------------------------------
0                          0.837     0.786         0.854   0.811       313
1                          0.346     0.529         0.944   0.419        34
2                          0.794     0.797         0.824   0.795       295
*----------------------------------------*
2025-11-12 11:51:45,867 INFO 0 Wed Nov 12 11:51:45 2025 Epoch: 21
2025-11-12 11:57:01,037 INFO Final training 21/149, loss: 0.5849, time 315.17s, lr: 0.000582
Accuracy: 0.769
class                  precision    recall   specificity      f1   support
--------------------------------------------------------------------------
0                          0.836     0.767         0.857   0.800       313
1                          0.367     0.647         0.938   0.468        34
2                          0.786     0.786         0.818   0.786       295
*----------------------------------------*
2025-11-12 11:57:01,037 INFO 0 Wed Nov 12 11:57:01 2025 Epoch: 22
2025-11-12 12:02:12,762 INFO Final training 22/149, loss: 0.5800, time 311.72s, lr: 0.000580
Accuracy: 0.780
class                  precision    recall   specificity      f1   support
--------------------------------------------------------------------------
0                          0.859     0.760         0.881   0.807       313
1                          0.414     0.706         0.944   0.522        34
2                          0.779     0.810         0.804   0.794       295
*----------------------------------------*
2025-11-12 12:02:12,763 INFO 0 Wed Nov 12 12:02:12 2025 Epoch: 23
2025-11-12 12:07:25,877 INFO Final training 23/149, loss: 0.5224, time 313.11s, lr: 0.000577
Accuracy: 0.790
class                  precision    recall   specificity      f1   support
--------------------------------------------------------------------------
0                          0.883     0.799         0.900   0.839       313
1                          0.387     0.706         0.938   0.500        34
2                          0.785     0.790         0.816   0.787       295
*----------------------------------------*
2025-11-12 12:08:41,563 INFO Final validation 23/149, Val_acc: 0.7475, time 75.69sAccuracy: 0.783
class                  precision    recall   specificity      f1   support
--------------------------------------------------------------------------
0                          0.793     0.885         0.783   0.836        78
1                          0.368     0.778         0.921   0.500         9
2                          0.909     0.676         0.943   0.775        74
*========================================*
2025-11-12 12:08:46,700 INFO 0 Wed Nov 12 12:08:46 2025 Epoch: 24
2025-11-12 12:13:55,370 INFO Final training 24/149, loss: 0.5687, time 308.67s, lr: 0.000575
Accuracy: 0.807
class                  precision    recall   specificity      f1   support
--------------------------------------------------------------------------
0                          0.888     0.786         0.906   0.834       313
1                          0.387     0.706         0.938   0.500        34
2                          0.818     0.841         0.841   0.829       295
*----------------------------------------*
2025-11-12 12:13:55,371 INFO 0 Wed Nov 12 12:13:55 2025 Epoch: 25
2025-11-12 12:19:12,726 INFO Final training 25/149, loss: 0.5135, time 317.36s, lr: 0.000572
Accuracy: 0.799
class                  precision    recall   specificity      f1   support
--------------------------------------------------------------------------
0                          0.872     0.802         0.888   0.835       313
1                          0.397     0.735         0.938   0.515        34
2                          0.814     0.803         0.844   0.809       295
*----------------------------------------*
2025-11-12 12:19:12,727 INFO 0 Wed Nov 12 12:19:12 2025 Epoch: 26
2025-11-12 12:24:29,484 INFO Final training 26/149, loss: 0.5575, time 316.76s, lr: 0.000569
Accuracy: 0.801
class                  precision    recall   specificity      f1   support
--------------------------------------------------------------------------
0                          0.864     0.792         0.881   0.827       313
1                          0.386     0.647         0.942   0.484        34
2                          0.819     0.827         0.844   0.823       295
*----------------------------------------*
2025-11-12 12:24:29,484 INFO 0 Wed Nov 12 12:24:29 2025 Epoch: 27
2025-11-12 12:29:46,646 INFO Final training 27/149, loss: 0.5627, time 317.16s, lr: 0.000567
Accuracy: 0.787
class                  precision    recall   specificity      f1   support
--------------------------------------------------------------------------
0                          0.866     0.783         0.884   0.822       313
1                          0.345     0.588         0.938   0.435        34
2                          0.797     0.814         0.824   0.805       295
*----------------------------------------*
2025-11-12 12:31:03,132 INFO Final validation 27/149, Val_acc: 0.7902, time 76.49sAccuracy: 0.820
class                  precision    recall   specificity      f1   support
--------------------------------------------------------------------------
0                          0.802     0.936         0.783   0.864        78
1                          0.583     0.778         0.967   0.667         9
2                          0.897     0.703         0.931   0.788        74
*========================================*
2025-11-12 12:31:03,132 INFO New best (0.756522 --> 0.790166)
2025-11-12 12:31:09,476 INFO Copying best model to best_model.pt
2025-11-12 12:31:13,743 INFO 0 Wed Nov 12 12:31:13 2025 Epoch: 28
2025-11-12 12:36:27,027 INFO Final training 28/149, loss: 0.5427, time 313.28s, lr: 0.000564
Accuracy: 0.794
class                  precision    recall   specificity      f1   support
--------------------------------------------------------------------------
0                          0.870     0.792         0.888   0.829       313
1                          0.407     0.706         0.942   0.516        34
2                          0.799     0.807         0.827   0.803       295
*----------------------------------------*
2025-11-12 12:36:27,029 INFO 0 Wed Nov 12 12:36:27 2025 Epoch: 29
2025-11-12 12:41:38,985 INFO Final training 29/149, loss: 0.5418, time 311.96s, lr: 0.000560
Accuracy: 0.794
class                  precision    recall   specificity      f1   support
--------------------------------------------------------------------------
0                          0.874     0.773         0.894   0.820       313
1                          0.393     0.706         0.939   0.505        34
2                          0.803     0.827         0.827   0.815       295
*----------------------------------------*
2025-11-12 12:41:38,986 INFO 0 Wed Nov 12 12:41:38 2025 Epoch: 30
2025-11-12 12:46:46,561 INFO Final training 30/149, loss: 0.5311, time 307.58s, lr: 0.000557
Accuracy: 0.777
class                  precision    recall   specificity      f1   support
--------------------------------------------------------------------------
0                          0.867     0.773         0.888   0.818       313
1                          0.368     0.735         0.929   0.490        34
2                          0.786     0.786         0.818   0.786       295
*----------------------------------------*
2025-11-12 12:46:47,064 INFO 0 Wed Nov 12 12:46:47 2025 Epoch: 31
2025-11-12 12:52:00,137 INFO Final training 31/149, loss: 0.4795, time 313.07s, lr: 0.000554
Accuracy: 0.818
class                  precision    recall   specificity      f1   support
--------------------------------------------------------------------------
0                          0.889     0.792         0.906   0.838       313
1                          0.481     0.735         0.956   0.581        34
2                          0.810     0.854         0.830   0.832       295
*----------------------------------------*
2025-11-12 12:53:16,289 INFO Final validation 31/149, Val_acc: 0.7630, time 76.15sAccuracy: 0.820
class                  precision    recall   specificity      f1   support
--------------------------------------------------------------------------
0                          0.903     0.833         0.916   0.867        78
1                          0.318     0.778         0.901   0.452         9
2                          0.896     0.811         0.920   0.851        74
*========================================*
2025-11-12 12:53:21,339 INFO 0 Wed Nov 12 12:53:21 2025 Epoch: 32
2025-11-12 12:58:32,587 INFO Final training 32/149, loss: 0.5131, time 311.25s, lr: 0.000550
Accuracy: 0.796
class                  precision    recall   specificity      f1   support
--------------------------------------------------------------------------
0                          0.861     0.792         0.878   0.825       313
1                          0.403     0.794         0.934   0.535        34
2                          0.822     0.800         0.853   0.811       295
*----------------------------------------*
2025-11-12 12:58:32,587 INFO 0 Wed Nov 12 12:58:32 2025 Epoch: 33
2025-11-12 13:03:45,330 INFO Final training 33/149, loss: 0.5037, time 312.74s, lr: 0.000546
Accuracy: 0.796
class                  precision    recall   specificity      f1   support
--------------------------------------------------------------------------
0                          0.866     0.786         0.884   0.824       313
1                          0.455     0.735         0.951   0.562        34
2                          0.792     0.814         0.818   0.803       295
*----------------------------------------*
2025-11-12 13:03:45,331 INFO 0 Wed Nov 12 13:03:45 2025 Epoch: 34
2025-11-12 13:09:00,487 INFO Final training 34/149, loss: 0.5258, time 315.16s, lr: 0.000543
Accuracy: 0.805
class                  precision    recall   specificity      f1   support
--------------------------------------------------------------------------
0                          0.891     0.780         0.909   0.831       313
1                          0.359     0.676         0.933   0.469        34
2                          0.822     0.847         0.844   0.835       295
*----------------------------------------*
2025-11-12 13:09:00,488 INFO 0 Wed Nov 12 13:09:00 2025 Epoch: 35
2025-11-12 13:14:16,224 INFO Final training 35/149, loss: 0.4899, time 315.74s, lr: 0.000539
Accuracy: 0.827
class                  precision    recall   specificity      f1   support
--------------------------------------------------------------------------
0                          0.902     0.827         0.915   0.863       313
1                          0.403     0.794         0.934   0.535        34
2                          0.851     0.831         0.876   0.840       295
*----------------------------------------*
2025-11-12 13:15:32,608 INFO Final validation 35/149, Val_acc: 0.7643, time 76.38sAccuracy: 0.814
class                  precision    recall   specificity      f1   support
--------------------------------------------------------------------------
0                          0.935     0.744         0.952   0.829        78
1                          0.389     0.778         0.928   0.519         9
2                          0.815     0.892         0.828   0.852        74
*========================================*
2025-11-12 13:15:37,632 INFO 0 Wed Nov 12 13:15:37 2025 Epoch: 36
2025-11-12 13:20:48,122 INFO Final training 36/149, loss: 0.4628, time 310.49s, lr: 0.000535
Accuracy: 0.815
class                  precision    recall   specificity      f1   support
--------------------------------------------------------------------------
0                          0.905     0.792         0.921   0.845       313
1                          0.426     0.765         0.942   0.547        34
2                          0.811     0.844         0.833   0.827       295
*----------------------------------------*
2025-11-12 13:20:48,123 INFO 0 Wed Nov 12 13:20:48 2025 Epoch: 37
2025-11-12 13:26:00,704 INFO Final training 37/149, loss: 0.4369, time 312.58s, lr: 0.000531
Accuracy: 0.829
class                  precision    recall   specificity      f1   support
--------------------------------------------------------------------------
0                          0.886     0.821         0.900   0.852       313
1                          0.510     0.765         0.959   0.612        34
2                          0.827     0.844         0.850   0.836       295
*----------------------------------------*
2025-11-12 13:26:00,705 INFO 0 Wed Nov 12 13:26:00 2025 Epoch: 38
2025-11-12 13:31:13,670 INFO Final training 38/149, loss: 0.4464, time 312.96s, lr: 0.000527
Accuracy: 0.850
class                  precision    recall   specificity      f1   support
--------------------------------------------------------------------------
0                          0.931     0.824         0.942   0.875       313
1                          0.466     0.794         0.949   0.587        34
2                          0.850     0.885         0.867   0.867       295
*----------------------------------------*
2025-11-12 13:31:13,670 INFO 0 Wed Nov 12 13:31:13 2025 Epoch: 39
2025-11-12 13:36:25,461 INFO Final training 39/149, loss: 0.4273, time 311.79s, lr: 0.000522
Accuracy: 0.832
class                  precision    recall   specificity      f1   support
--------------------------------------------------------------------------
0                          0.904     0.815         0.918   0.857       313
1                          0.483     0.853         0.949   0.617        34
2                          0.833     0.847         0.856   0.840       295
*----------------------------------------*
2025-11-12 13:37:41,947 INFO Final validation 39/149, Val_acc: 0.8659, time 76.49sAccuracy: 0.857
class                  precision    recall   specificity      f1   support
--------------------------------------------------------------------------
0                          0.893     0.859         0.904   0.876        78
1                          0.750     0.667         0.987   0.706         9
2                          0.833     0.878         0.851   0.855        74
*========================================*
2025-11-12 13:37:41,948 INFO New best (0.790166 --> 0.865890)
2025-11-12 13:37:48,351 INFO Copying best model to best_model.pt
2025-11-12 13:37:52,632 INFO 0 Wed Nov 12 13:37:52 2025 Epoch: 40
2025-11-12 13:43:03,786 INFO Final training 40/149, loss: 0.4909, time 311.15s, lr: 0.000518
Accuracy: 0.821
class                  precision    recall   specificity      f1   support
--------------------------------------------------------------------------
0                          0.885     0.812         0.900   0.847       313
1                          0.490     0.706         0.959   0.578        34
2                          0.814     0.844         0.836   0.829       295
*----------------------------------------*
2025-11-12 13:43:04,312 INFO 0 Wed Nov 12 13:43:04 2025 Epoch: 41
2025-11-12 13:48:19,273 INFO Final training 41/149, loss: 0.5060, time 314.96s, lr: 0.000513
Accuracy: 0.821
class                  precision    recall   specificity      f1   support
--------------------------------------------------------------------------
0                          0.912     0.764         0.930   0.831       313
1                          0.446     0.735         0.949   0.556        34
2                          0.812     0.892         0.824   0.850       295
*----------------------------------------*
2025-11-12 13:48:19,273 INFO 0 Wed Nov 12 13:48:19 2025 Epoch: 42
2025-11-12 13:53:32,419 INFO Final training 42/149, loss: 0.4721, time 313.15s, lr: 0.000509
Accuracy: 0.824
class                  precision    recall   specificity      f1   support
--------------------------------------------------------------------------
0                          0.913     0.805         0.927   0.856       313
1                          0.365     0.676         0.934   0.474        34
2                          0.838     0.861         0.859   0.849       295
*----------------------------------------*
2025-11-12 13:53:32,419 INFO 0 Wed Nov 12 13:53:32 2025 Epoch: 43
2025-11-12 13:58:45,377 INFO Final training 43/149, loss: 0.4678, time 312.96s, lr: 0.000504
Accuracy: 0.819
class                  precision    recall   specificity      f1   support
--------------------------------------------------------------------------
0                          0.916     0.799         0.930   0.853       313
1                          0.429     0.706         0.947   0.533        34
2                          0.805     0.854         0.824   0.829       295
*----------------------------------------*
2025-11-12 14:00:01,144 INFO Final validation 43/149, Val_acc: 0.8439, time 75.77sAccuracy: 0.870
class                  precision    recall   specificity      f1   support
--------------------------------------------------------------------------
0                          0.907     0.872         0.916   0.889        78
1                          0.636     0.778         0.974   0.700         9
2                          0.867     0.878         0.885   0.872        74
*========================================*
2025-11-12 14:00:06,161 INFO 0 Wed Nov 12 14:00:06 2025 Epoch: 44
2025-11-12 14:05:18,979 INFO Final training 44/149, loss: 0.4282, time 312.82s, lr: 0.000499
Accuracy: 0.843
class                  precision    recall   specificity      f1   support
--------------------------------------------------------------------------
0                          0.925     0.827         0.936   0.874       313
1                          0.452     0.824         0.944   0.583        34
2                          0.847     0.861         0.867   0.854       295
*----------------------------------------*
2025-11-12 14:05:18,981 INFO 0 Wed Nov 12 14:05:18 2025 Epoch: 45
2025-11-12 14:10:32,563 INFO Final training 45/149, loss: 0.4499, time 313.58s, lr: 0.000494
Accuracy: 0.829
class                  precision    recall   specificity      f1   support
--------------------------------------------------------------------------
0                          0.889     0.818         0.903   0.852       313
1                          0.490     0.735         0.957   0.588        34
2                          0.828     0.851         0.850   0.839       295
*----------------------------------------*
2025-11-12 14:10:32,563 INFO 0 Wed Nov 12 14:10:32 2025 Epoch: 46
2025-11-12 14:15:43,157 INFO Final training 46/149, loss: 0.4629, time 310.59s, lr: 0.000489
Accuracy: 0.841
class                  precision    recall   specificity      f1   support
--------------------------------------------------------------------------
0                          0.919     0.831         0.930   0.872       313
1                          0.446     0.735         0.949   0.556        34
2                          0.842     0.864         0.862   0.853       295
*----------------------------------------*
2025-11-12 14:15:43,157 INFO 0 Wed Nov 12 14:15:43 2025 Epoch: 47
2025-11-12 14:20:54,369 INFO Final training 47/149, loss: 0.4601, time 311.21s, lr: 0.000484
Accuracy: 0.844
class                  precision    recall   specificity      f1   support
--------------------------------------------------------------------------
0                          0.913     0.837         0.924   0.873       313
1                          0.464     0.765         0.951   0.578        34
2                          0.849     0.861         0.870   0.855       295
*----------------------------------------*
2025-11-12 14:22:10,127 INFO Final validation 47/149, Val_acc: 0.8867, time 75.76sAccuracy: 0.888
class                  precision    recall   specificity      f1   support
--------------------------------------------------------------------------
0                          0.900     0.923         0.904   0.911        78
1                          0.750     0.667         0.987   0.706         9
2                          0.890     0.878         0.908   0.884        74
*========================================*
2025-11-12 14:22:10,127 INFO New best (0.865890 --> 0.886698)
2025-11-12 14:22:16,492 INFO Copying best model to best_model.pt
2025-11-12 14:22:20,988 INFO 0 Wed Nov 12 14:22:20 2025 Epoch: 48
2025-11-12 14:27:36,588 INFO Final training 48/149, loss: 0.4202, time 315.60s, lr: 0.000479
Accuracy: 0.844
class                  precision    recall   specificity      f1   support
--------------------------------------------------------------------------
0                          0.908     0.847         0.918   0.876       313
1                          0.481     0.765         0.954   0.591        34
2                          0.848     0.851         0.870   0.849       295
*----------------------------------------*
2025-11-12 14:27:36,588 INFO 0 Wed Nov 12 14:27:36 2025 Epoch: 49
2025-11-12 14:32:49,802 INFO Final training 49/149, loss: 0.4528, time 313.21s, lr: 0.000474
Accuracy: 0.832
class                  precision    recall   specificity      f1   support
--------------------------------------------------------------------------
0                          0.918     0.821         0.930   0.867       313
1                          0.417     0.735         0.942   0.532        34
2                          0.834     0.854         0.856   0.844       295
*----------------------------------------*
2025-11-12 14:32:49,803 INFO 0 Wed Nov 12 14:32:49 2025 Epoch: 50
2025-11-12 14:38:00,918 INFO Final training 50/149, loss: 0.4045, time 311.12s, lr: 0.000468
Accuracy: 0.852
class                  precision    recall   specificity      f1   support
--------------------------------------------------------------------------
0                          0.929     0.831         0.939   0.877       313
1                          0.500     0.853         0.952   0.630        34
2                          0.849     0.875         0.867   0.861       295
*----------------------------------------*
2025-11-12 14:38:01,377 INFO 0 Wed Nov 12 14:38:01 2025 Epoch: 51
2025-11-12 14:43:15,485 INFO Final training 51/149, loss: 0.3872, time 314.11s, lr: 0.000463
Accuracy: 0.844
class                  precision    recall   specificity      f1   support
--------------------------------------------------------------------------
0                          0.913     0.837         0.924   0.873       313
1                          0.492     0.853         0.951   0.624        34
2                          0.848     0.851         0.870   0.849       295
*----------------------------------------*
2025-11-12 14:44:31,879 INFO Final validation 51/149, Val_acc: 0.8633, time 76.39sAccuracy: 0.870
class                  precision    recall   specificity      f1   support
--------------------------------------------------------------------------
0                          0.851     0.949         0.843   0.897        78
1                          0.700     0.778         0.980   0.737         9
2                          0.922     0.797         0.943   0.855        74
*========================================*
2025-11-12 14:44:36,851 INFO 0 Wed Nov 12 14:44:36 2025 Epoch: 52
2025-11-12 14:49:53,655 INFO Final training 52/149, loss: 0.4064, time 316.80s, lr: 0.000457
Accuracy: 0.869
class                  precision    recall   specificity      f1   support
--------------------------------------------------------------------------
0                          0.940     0.850         0.948   0.893       313
1                          0.519     0.824         0.957   0.636        34
2                          0.866     0.895         0.882   0.880       295
*----------------------------------------*
2025-11-12 14:49:53,655 INFO 0 Wed Nov 12 14:49:53 2025 Epoch: 53
2025-11-12 14:55:11,537 INFO Final training 53/149, loss: 0.3790, time 317.88s, lr: 0.000452
Accuracy: 0.866
class                  precision    recall   specificity      f1   support
--------------------------------------------------------------------------
0                          0.915     0.859         0.924   0.886       313
1                          0.604     0.853         0.969   0.707        34
2                          0.860     0.875         0.879   0.867       295
*----------------------------------------*
2025-11-12 14:55:11,537 INFO 0 Wed Nov 12 14:55:11 2025 Epoch: 54
2025-11-12 15:00:24,536 INFO Final training 54/149, loss: 0.3941, time 313.00s, lr: 0.000446
Accuracy: 0.864
class                  precision    recall   specificity      f1   support
--------------------------------------------------------------------------
0                          0.930     0.847         0.939   0.886       313
1                          0.528     0.824         0.959   0.644        34
2                          0.862     0.888         0.879   0.875       295
*----------------------------------------*
2025-11-12 15:00:24,537 INFO 0 Wed Nov 12 15:00:24 2025 Epoch: 55
2025-11-12 15:05:38,846 INFO Final training 55/149, loss: 0.4225, time 314.31s, lr: 0.000441
Accuracy: 0.855
class                  precision    recall   specificity      f1   support
--------------------------------------------------------------------------
0                          0.926     0.840         0.936   0.881       313
1                          0.482     0.794         0.952   0.600        34
2                          0.858     0.878         0.876   0.868       295
*----------------------------------------*
2025-11-12 15:06:55,057 INFO Final validation 55/149, Val_acc: 0.8744, time 76.21sAccuracy: 0.876
class                  precision    recall   specificity      f1   support
--------------------------------------------------------------------------
0                          0.919     0.872         0.928   0.895        78
1                          0.700     0.778         0.980   0.737         9
2                          0.857     0.892         0.874   0.874        74
*========================================*
2025-11-12 15:07:00,585 INFO 0 Wed Nov 12 15:07:00 2025 Epoch: 56
2025-11-12 15:12:15,312 INFO Final training 56/149, loss: 0.3540, time 314.73s, lr: 0.000435
Accuracy: 0.877
class                  precision    recall   specificity      f1   support
--------------------------------------------------------------------------
0                          0.941     0.863         0.948   0.900       313
1                          0.558     0.853         0.962   0.674        34
2                          0.871     0.895         0.888   0.883       295
*----------------------------------------*
2025-11-12 15:12:15,312 INFO 0 Wed Nov 12 15:12:15 2025 Epoch: 57
2025-11-12 15:17:29,843 INFO Final training 57/149, loss: 0.4284, time 314.53s, lr: 0.000429
Accuracy: 0.852
class                  precision    recall   specificity      f1   support
--------------------------------------------------------------------------
0                          0.932     0.827         0.942   0.876       313
1                          0.403     0.735         0.939   0.521        34
2                          0.871     0.892         0.888   0.881       295
*----------------------------------------*
2025-11-12 15:17:29,843 INFO 0 Wed Nov 12 15:17:29 2025 Epoch: 58
2025-11-12 15:22:42,377 INFO Final training 58/149, loss: 0.3833, time 312.53s, lr: 0.000423
Accuracy: 0.849
class                  precision    recall   specificity      f1   support
--------------------------------------------------------------------------
0                          0.916     0.837         0.927   0.875       313
1                          0.528     0.824         0.959   0.644        34
2                          0.842     0.864         0.862   0.853       295
*----------------------------------------*
2025-11-12 15:22:42,377 INFO 0 Wed Nov 12 15:22:42 2025 Epoch: 59
2025-11-12 15:27:51,627 INFO Final training 59/149, loss: 0.3786, time 309.25s, lr: 0.000417
Accuracy: 0.879
class                  precision    recall   specificity      f1   support
--------------------------------------------------------------------------
0                          0.944     0.866         0.951   0.903       313
1                          0.529     0.794         0.961   0.635        34
2                          0.875     0.902         0.890   0.888       295
*----------------------------------------*
2025-11-12 15:29:07,920 INFO Final validation 59/149, Val_acc: 0.8329, time 76.29sAccuracy: 0.857
class                  precision    recall   specificity      f1   support
--------------------------------------------------------------------------
0                          0.839     0.936         0.831   0.885        78
1                          0.667     0.667         0.980   0.667         9
2                          0.908     0.797         0.931   0.849        74
*========================================*
2025-11-12 15:29:12,908 INFO 0 Wed Nov 12 15:29:12 2025 Epoch: 60
2025-11-12 15:34:25,267 INFO Final training 60/149, loss: 0.3754, time 312.36s, lr: 0.000411
Accuracy: 0.866
class                  precision    recall   specificity      f1   support
--------------------------------------------------------------------------
0                          0.919     0.866         0.927   0.891       313
1                          0.500     0.824         0.954   0.622        34
2                          0.883     0.871         0.902   0.877       295
*----------------------------------------*
2025-11-12 15:34:25,781 INFO 0 Wed Nov 12 15:34:25 2025 Epoch: 61
2025-11-12 15:39:40,359 INFO Final training 61/149, loss: 0.3292, time 314.58s, lr: 0.000405
Accuracy: 0.869
class                  precision    recall   specificity      f1   support
--------------------------------------------------------------------------
0                          0.926     0.837         0.936   0.879       313
1                          0.630     0.853         0.972   0.725        34
2                          0.853     0.905         0.867   0.878       295
*----------------------------------------*
2025-11-12 15:39:40,359 INFO 0 Wed Nov 12 15:39:40 2025 Epoch: 62
2025-11-12 15:44:56,608 INFO Final training 62/149, loss: 0.3246, time 316.25s, lr: 0.000399
Accuracy: 0.886
class                  precision    recall   specificity      f1   support
--------------------------------------------------------------------------
0                          0.938     0.866         0.945   0.900       313
1                          0.617     0.853         0.970   0.716        34
2                          0.879     0.912         0.893   0.895       295
*----------------------------------------*
2025-11-12 15:44:56,609 INFO 0 Wed Nov 12 15:44:56 2025 Epoch: 63
2025-11-12 15:50:09,065 INFO Final training 63/149, loss: 0.3578, time 312.46s, lr: 0.000393
Accuracy: 0.875
class                  precision    recall   specificity      f1   support
--------------------------------------------------------------------------
0                          0.944     0.866         0.951   0.903       313
1                          0.526     0.882         0.956   0.659        34
2                          0.876     0.885         0.893   0.880       295
*----------------------------------------*
2025-11-12 15:51:25,776 INFO Final validation 63/149, Val_acc: 0.8914, time 76.71sAccuracy: 0.882
class                  precision    recall   specificity      f1   support
--------------------------------------------------------------------------
0                          0.897     0.897         0.904   0.897        78
1                          1.000     0.556         1.000   0.714         9
2                          0.859     0.905         0.874   0.882        74
*========================================*
2025-11-12 15:51:25,777 INFO New best (0.886698 --> 0.891356)
2025-11-12 15:51:35,654 INFO Copying best model to best_model.pt
2025-11-12 15:51:39,907 INFO 0 Wed Nov 12 15:51:39 2025 Epoch: 64
2025-11-12 15:56:55,785 INFO Final training 64/149, loss: 0.3268, time 315.88s, lr: 0.000387
Accuracy: 0.893
class                  precision    recall   specificity      f1   support
--------------------------------------------------------------------------
0                          0.968     0.859         0.973   0.910       313
1                          0.609     0.824         0.970   0.700        34
2                          0.868     0.936         0.879   0.900       295
*----------------------------------------*
2025-11-12 15:56:55,786 INFO 0 Wed Nov 12 15:56:55 2025 Epoch: 65
2025-11-12 16:02:12,117 INFO Final training 65/149, loss: 0.3511, time 316.33s, lr: 0.000380
Accuracy: 0.886
class                  precision    recall   specificity      f1   support
--------------------------------------------------------------------------
0                          0.951     0.869         0.957   0.908       313
1                          0.547     0.853         0.961   0.667        34
2                          0.884     0.908         0.899   0.896       295
*----------------------------------------*
2025-11-12 16:02:12,117 INFO 0 Wed Nov 12 16:02:12 2025 Epoch: 66
2025-11-12 16:07:23,436 INFO Final training 66/149, loss: 0.3767, time 311.32s, lr: 0.000374
Accuracy: 0.891
class                  precision    recall   specificity      f1   support
--------------------------------------------------------------------------
0                          0.942     0.885         0.948   0.913       313
1                          0.551     0.794         0.964   0.651        34
2                          0.896     0.908         0.911   0.902       295
*----------------------------------------*
2025-11-12 16:07:23,436 INFO 0 Wed Nov 12 16:07:23 2025 Epoch: 67
2025-11-12 16:12:33,753 INFO Final training 67/149, loss: 0.3104, time 310.32s, lr: 0.000368
Accuracy: 0.891
class                  precision    recall   specificity      f1   support
--------------------------------------------------------------------------
0                          0.948     0.879         0.954   0.912       313
1                          0.560     0.824         0.964   0.667        34
2                          0.891     0.912         0.905   0.901       295
*----------------------------------------*
2025-11-12 16:13:49,833 INFO Final validation 67/149, Val_acc: 0.8325, time 76.08sAccuracy: 0.857
class                  precision    recall   specificity      f1   support
--------------------------------------------------------------------------
0                          0.862     0.962         0.855   0.909        78
1                          0.500     0.778         0.954   0.609         9
2                          0.933     0.757         0.954   0.836        74
*========================================*
2025-11-12 16:13:54,812 INFO 0 Wed Nov 12 16:13:54 2025 Epoch: 68
2025-11-12 16:19:10,085 INFO Final training 68/149, loss: 0.3684, time 315.27s, lr: 0.000361
Accuracy: 0.888
class                  precision    recall   specificity      f1   support
--------------------------------------------------------------------------
0                          0.936     0.885         0.942   0.910       313
1                          0.580     0.853         0.965   0.690        34
2                          0.892     0.895         0.908   0.893       295
*----------------------------------------*
2025-11-12 16:19:10,085 INFO 0 Wed Nov 12 16:19:10 2025 Epoch: 69
2025-11-12 16:24:23,661 INFO Final training 69/149, loss: 0.3852, time 313.58s, lr: 0.000355
Accuracy: 0.886
class                  precision    recall   specificity      f1   support
--------------------------------------------------------------------------
0                          0.955     0.879         0.960   0.915       313
1                          0.551     0.794         0.964   0.651        34
2                          0.875     0.905         0.890   0.890       295
*----------------------------------------*
2025-11-12 16:24:23,661 INFO 0 Wed Nov 12 16:24:23 2025 Epoch: 70
2025-11-12 16:29:37,093 INFO Final training 70/149, loss: 0.3608, time 313.43s, lr: 0.000349
Accuracy: 0.882
class                  precision    recall   specificity      f1   support
--------------------------------------------------------------------------
0                          0.923     0.879         0.930   0.900       313
1                          0.600     0.794         0.970   0.684        34
2                          0.883     0.895         0.899   0.889       295
*----------------------------------------*
2025-11-12 16:29:37,549 INFO 0 Wed Nov 12 16:29:37 2025 Epoch: 71
2025-11-12 16:34:53,267 INFO Final training 71/149, loss: 0.3221, time 315.72s, lr: 0.000342
Accuracy: 0.885
class                  precision    recall   specificity      f1   support
--------------------------------------------------------------------------
0                          0.942     0.879         0.948   0.909       313
1                          0.519     0.794         0.959   0.628        34
2                          0.893     0.902         0.908   0.897       295
*----------------------------------------*
2025-11-12 16:36:09,643 INFO Final validation 71/149, Val_acc: 0.7727, time 76.37sAccuracy: 0.801
class                  precision    recall   specificity      f1   support
--------------------------------------------------------------------------
0                          0.763     0.949         0.723   0.846        78
1                          0.583     0.778         0.967   0.667         9
2                          0.923     0.649         0.954   0.762        74
*========================================*
2025-11-12 16:36:14,632 INFO 0 Wed Nov 12 16:36:14 2025 Epoch: 72
2025-11-12 16:41:27,373 INFO Final training 72/149, loss: 0.2840, time 312.74s, lr: 0.000336
Accuracy: 0.908
class                  precision    recall   specificity      f1   support
--------------------------------------------------------------------------
0                          0.953     0.904         0.957   0.928       313
1                          0.644     0.853         0.974   0.734        34
2                          0.903     0.919         0.916   0.911       295
*----------------------------------------*
2025-11-12 16:41:27,373 INFO 0 Wed Nov 12 16:41:27 2025 Epoch: 73
2025-11-12 16:46:41,395 INFO Final training 73/149, loss: 0.2910, time 314.02s, lr: 0.000329
Accuracy: 0.916
class                  precision    recall   specificity      f1   support
--------------------------------------------------------------------------
0                          0.956     0.898         0.960   0.926       313
1                          0.702     0.971         0.977   0.815        34
2                          0.910     0.929         0.922   0.919       295
*----------------------------------------*
2025-11-12 16:46:41,395 INFO 0 Wed Nov 12 16:46:41 2025 Epoch: 74
2025-11-12 16:51:53,633 INFO Final training 74/149, loss: 0.2983, time 312.24s, lr: 0.000323
Accuracy: 0.907
class                  precision    recall   specificity      f1   support
--------------------------------------------------------------------------
0                          0.940     0.907         0.945   0.924       313
1                          0.660     0.912         0.974   0.765        34
2                          0.911     0.905         0.925   0.908       295
*----------------------------------------*
2025-11-12 16:51:53,635 INFO 0 Wed Nov 12 16:51:53 2025 Epoch: 75
2025-11-12 16:57:08,909 INFO Final training 75/149, loss: 0.3074, time 315.27s, lr: 0.000316
Accuracy: 0.896
class                  precision    recall   specificity      f1   support
--------------------------------------------------------------------------
0                          0.955     0.872         0.960   0.912       313
1                          0.682     0.882         0.977   0.769        34
2                          0.872     0.922         0.885   0.896       295
*----------------------------------------*
2025-11-12 16:58:25,807 INFO Final validation 75/149, Val_acc: 0.8573, time 76.90sAccuracy: 0.870
class                  precision    recall   specificity      f1   support
--------------------------------------------------------------------------
0                          0.878     0.923         0.880   0.900        78
1                          0.636     0.778         0.974   0.700         9
2                          0.897     0.824         0.920   0.859        74
*========================================*
2025-11-12 16:58:30,820 INFO 0 Wed Nov 12 16:58:30 2025 Epoch: 76
2025-11-12 17:03:40,668 INFO Final training 76/149, loss: 0.2611, time 309.85s, lr: 0.000310
Accuracy: 0.891
class                  precision    recall   specificity      f1   support
--------------------------------------------------------------------------
0                          0.945     0.882         0.951   0.912       313
1                          0.588     0.882         0.965   0.706        34
2                          0.890     0.902         0.905   0.896       295
*----------------------------------------*
2025-11-12 17:03:40,668 INFO 0 Wed Nov 12 17:03:40 2025 Epoch: 77
2025-11-12 17:08:55,540 INFO Final training 77/149, loss: 0.3009, time 314.87s, lr: 0.000303
Accuracy: 0.907
class                  precision    recall   specificity      f1   support
--------------------------------------------------------------------------
0                          0.959     0.898         0.964   0.927       313
1                          0.652     0.882         0.974   0.750        34
2                          0.894     0.919         0.908   0.906       295
*----------------------------------------*
2025-11-12 17:08:55,541 INFO 0 Wed Nov 12 17:08:55 2025 Epoch: 78
2025-11-12 17:14:06,570 INFO Final training 78/149, loss: 0.3573, time 311.03s, lr: 0.000297
Accuracy: 0.869
class                  precision    recall   specificity      f1   support
--------------------------------------------------------------------------
0                          0.938     0.863         0.945   0.899       313
1                          0.500     0.824         0.954   0.622        34
2                          0.872     0.881         0.890   0.877       295
*----------------------------------------*
2025-11-12 17:14:06,570 INFO 0 Wed Nov 12 17:14:06 2025 Epoch: 79
2025-11-12 17:19:18,309 INFO Final training 79/149, loss: 0.2969, time 311.74s, lr: 0.000290
Accuracy: 0.905
class                  precision    recall   specificity      f1   support
--------------------------------------------------------------------------
0                          0.949     0.895         0.954   0.921       313
1                          0.638     0.882         0.972   0.741        34
2                          0.903     0.919         0.916   0.911       295
*----------------------------------------*
2025-11-12 17:20:34,885 INFO Final validation 79/149, Val_acc: 0.8620, time 76.58sAccuracy: 0.876
class                  precision    recall   specificity      f1   support
--------------------------------------------------------------------------
0                          0.881     0.949         0.880   0.914        78
1                          0.583     0.778         0.967   0.667         9
2                          0.923     0.811         0.943   0.863        74
*========================================*
2025-11-12 17:20:39,826 INFO 0 Wed Nov 12 17:20:39 2025 Epoch: 80
2025-11-12 17:25:54,989 INFO Final training 80/149, loss: 0.2884, time 315.16s, lr: 0.000284
Accuracy: 0.899
class                  precision    recall   specificity      f1   support
--------------------------------------------------------------------------
0                          0.949     0.885         0.954   0.916       313
1                          0.644     0.853         0.974   0.734        34
2                          0.889     0.919         0.902   0.903       295
*----------------------------------------*
2025-11-12 17:25:55,491 INFO 0 Wed Nov 12 17:25:55 2025 Epoch: 81
2025-11-12 17:31:12,213 INFO Final training 81/149, loss: 0.2333, time 316.72s, lr: 0.000277
Accuracy: 0.930
class                  precision    recall   specificity      f1   support
--------------------------------------------------------------------------
0                          0.983     0.898         0.985   0.938       313
1                          0.727     0.941         0.980   0.821        34
2                          0.910     0.963         0.919   0.936       295
*----------------------------------------*
2025-11-12 17:31:12,214 INFO 0 Wed Nov 12 17:31:12 2025 Epoch: 82
2025-11-12 17:36:31,315 INFO Final training 82/149, loss: 0.2530, time 319.10s, lr: 0.000271
Accuracy: 0.924
class                  precision    recall   specificity      f1   support
--------------------------------------------------------------------------
0                          0.969     0.907         0.973   0.937       313
1                          0.690     0.853         0.979   0.763        34
2                          0.912     0.949         0.922   0.930       295
*----------------------------------------*
2025-11-12 17:36:31,315 INFO 0 Wed Nov 12 17:36:31 2025 Epoch: 83
2025-11-12 17:41:46,454 INFO Final training 83/149, loss: 0.2655, time 315.14s, lr: 0.000264
Accuracy: 0.913
class                  precision    recall   specificity      f1   support
--------------------------------------------------------------------------
0                          0.957     0.917         0.960   0.936       313
1                          0.630     0.853         0.972   0.725        34
2                          0.912     0.915         0.925   0.914       295
*----------------------------------------*
2025-11-12 17:43:02,960 INFO Final validation 83/149, Val_acc: 0.8469, time 76.51sAccuracy: 0.870
class                  precision    recall   specificity      f1   support
--------------------------------------------------------------------------
0                          0.881     0.949         0.880   0.914        78
1                          0.538     0.778         0.961   0.636         9
2                          0.922     0.797         0.943   0.855        74
*========================================*
2025-11-12 17:43:07,959 INFO 0 Wed Nov 12 17:43:07 2025 Epoch: 84
2025-11-12 17:48:23,045 INFO Final training 84/149, loss: 0.2531, time 315.09s, lr: 0.000258
Accuracy: 0.916
class                  precision    recall   specificity      f1   support
--------------------------------------------------------------------------
0                          0.959     0.901         0.964   0.929       313
1                          0.707     0.853         0.980   0.773        34
2                          0.902     0.939         0.914   0.920       295
*----------------------------------------*
2025-11-12 17:48:23,045 INFO 0 Wed Nov 12 17:48:23 2025 Epoch: 85
2025-11-12 17:53:37,094 INFO Final training 85/149, loss: 0.3093, time 314.05s, lr: 0.000251
Accuracy: 0.891
class                  precision    recall   specificity      f1   support
--------------------------------------------------------------------------
0                          0.936     0.891         0.942   0.913       313
1                          0.592     0.853         0.967   0.699        34
2                          0.895     0.895         0.911   0.895       295
*----------------------------------------*
2025-11-12 17:53:37,095 INFO 0 Wed Nov 12 17:53:37 2025 Epoch: 86
2025-11-12 17:58:52,374 INFO Final training 86/149, loss: 0.2662, time 315.28s, lr: 0.000245
Accuracy: 0.908
class                  precision    recall   specificity      f1   support
--------------------------------------------------------------------------
0                          0.969     0.885         0.973   0.925       313
1                          0.547     0.853         0.961   0.667        34
2                          0.914     0.939         0.925   0.926       295
*----------------------------------------*
2025-11-12 17:58:52,375 INFO 0 Wed Nov 12 17:58:52 2025 Epoch: 87
2025-11-12 18:04:05,043 INFO Final training 87/149, loss: 0.2227, time 312.67s, lr: 0.000239
Accuracy: 0.919
class                  precision    recall   specificity      f1   support
--------------------------------------------------------------------------
0                          0.956     0.901         0.960   0.928       313
1                          0.705     0.912         0.979   0.795        34
2                          0.914     0.939         0.925   0.926       295
*----------------------------------------*
2025-11-12 18:05:21,630 INFO Final validation 87/149, Val_acc: 0.8495, time 76.59sAccuracy: 0.870
class                  precision    recall   specificity      f1   support
--------------------------------------------------------------------------
0                          0.878     0.923         0.880   0.900        78
1                          0.600     0.667         0.974   0.632         9
2                          0.899     0.838         0.920   0.867        74
*========================================*
2025-11-12 18:05:26,616 INFO 0 Wed Nov 12 18:05:26 2025 Epoch: 88
2025-11-12 18:10:40,792 INFO Final training 88/149, loss: 0.2363, time 314.18s, lr: 0.000232
Accuracy: 0.922
class                  precision    recall   specificity      f1   support
--------------------------------------------------------------------------
0                          0.972     0.891         0.976   0.930       313
1                          0.732     0.882         0.982   0.800        34
2                          0.901     0.959         0.911   0.929       295
*----------------------------------------*
2025-11-12 18:10:40,793 INFO 0 Wed Nov 12 18:10:40 2025 Epoch: 89
2025-11-12 18:15:54,327 INFO Final training 89/149, loss: 0.2842, time 313.53s, lr: 0.000226
Accuracy: 0.902
class                  precision    recall   specificity      f1   support
--------------------------------------------------------------------------
0                          0.958     0.882         0.964   0.918       313
1                          0.577     0.882         0.964   0.698        34
2                          0.904     0.925         0.916   0.915       295
*----------------------------------------*
2025-11-12 18:15:54,327 INFO 0 Wed Nov 12 18:15:54 2025 Epoch: 90
2025-11-12 18:21:08,172 INFO Final training 90/149, loss: 0.2173, time 313.84s, lr: 0.000220
Accuracy: 0.936
class                  precision    recall   specificity      f1   support
--------------------------------------------------------------------------
0                          0.976     0.923         0.979   0.949       313
1                          0.696     0.941         0.977   0.800        34
2                          0.933     0.949         0.942   0.941       295
*----------------------------------------*
2025-11-12 18:21:08,741 INFO 0 Wed Nov 12 18:21:08 2025 Epoch: 91
2025-11-12 18:26:20,327 INFO Final training 91/149, loss: 0.2050, time 311.59s, lr: 0.000213
Accuracy: 0.933
class                  precision    recall   specificity      f1   support
--------------------------------------------------------------------------
0                          0.976     0.914         0.979   0.944       313
1                          0.711     0.941         0.979   0.810        34
2                          0.924     0.953         0.934   0.938       295
*----------------------------------------*
2025-11-12 18:27:36,788 INFO Final validation 91/149, Val_acc: 0.8620, time 76.46sAccuracy: 0.876
class                  precision    recall   specificity      f1   support
--------------------------------------------------------------------------
0                          0.889     0.923         0.892   0.906        78
1                          0.636     0.778         0.974   0.700         9
2                          0.899     0.838         0.920   0.867        74
*========================================*
2025-11-12 18:27:41,708 INFO 0 Wed Nov 12 18:27:41 2025 Epoch: 92
2025-11-12 18:32:52,360 INFO Final training 92/149, loss: 0.2199, time 310.65s, lr: 0.000207
Accuracy: 0.936
class                  precision    recall   specificity      f1   support
--------------------------------------------------------------------------
0                          0.973     0.920         0.976   0.946       313
1                          0.756     0.912         0.984   0.827        34
2                          0.925     0.956         0.934   0.940       295
*----------------------------------------*
2025-11-12 18:32:52,360 INFO 0 Wed Nov 12 18:32:52 2025 Epoch: 93
2025-11-12 18:38:07,378 INFO Final training 93/149, loss: 0.1999, time 315.02s, lr: 0.000201
Accuracy: 0.941
class                  precision    recall   specificity      f1   support
--------------------------------------------------------------------------
0                          0.983     0.927         0.985   0.954       313
1                          0.711     0.941         0.979   0.810        34
2                          0.934     0.956         0.942   0.945       295
*----------------------------------------*
2025-11-12 18:38:07,378 INFO 0 Wed Nov 12 18:38:07 2025 Epoch: 94
