2025-10-13 16:19:30,193 INFO Log directory: outputs/OrganoidsINRIA/train/2025-10-13-16-19
2025-10-13 16:19:30,196 INFO {'RandFlipd_prob': 0.2,
 'RandRotate90d_prob': 0.2,
 'RandScaleIntensityd_prob': 0.1,
 'RandShiftIntensityd_prob': 0.1,
 'amp': True,
 'batch_size': 3,
 'cache_dataset': False,
 'checkpoint': None,
 'data_dir': '/home/mraffael/martone_project/Organoids_Dataset/',
 'dataset_name': 'OrganoidsINRIA',
 'debug': False,
 'debug_train_samples': 3,
 'debug_val_samples': 3,
 'dist_backend': 'nccl',
 'dist_url': 'tcp://127.0.0.1:23456',
 'distributed': False,
 'dropout_path_rate': 0.0,
 'dropout_rate': 0.0,
 'early_stopping': True,
 'exact_class': True,
 'feature_size': 48,
 'fold': 0,
 'folds': False,
 'gpu': 0,
 'ignore_label': 3,
 'in_channels': 1,
 'infer_overlap': 0.5,
 'k_folds': 5,
 'logdir': 'training',
 'logs_dir': 'logs/',
 'loss_weight': 0.5,
 'lrschedule': 'warmup_cosine',
 'max_epochs': 20,
 'min_delta_loss': 0.01,
 'min_delta_val': 0.02,
 'model_name': 'swinunetr',
 'momentum': 0.99,
 'noamp': False,
 'norm_name': 'instance',
 'oar_id': 0,
 'optim_lr': 1e-05,
 'optim_name': 'adamw',
 'out_channels': 1,
 'output_dir': 'outputs/',
 'patience_loss': 30,
 'patience_val': 10,
 'pretrained_dir': './pretrained_models/fold1_f48_ep300_4gpu_dice0_9059/',
 'pretrained_model_name': 'model_swinvit.pt',
 'rank': 0,
 'reg_weight': 5e-05,
 'resume_ckpt': False,
 'roi_x': 128,
 'roi_y': 128,
 'roi_z': 128,
 'save_checkpoint': False,
 'seed': 304,
 'spatial_dims': 3,
 'split_method': 'balanced',
 'sw_batch_size': 1,
 'telegram_log': False,
 'test_mode': False,
 'token': None,
 'use_checkpoint': False,
 'val_every': 4,
 'warmup_epochs': 3,
 'workers': 8,
 'world_size': 1}
2025-10-13 16:19:30,196 INFO 
2025-10-13 16:19:30,540 INFO Total parameters count: 62186659
2025-10-13 16:19:30,541 INFO Using SwinUNETR with Single Linear Classification Head
2025-10-13 16:19:30,597 INFO 
2025-10-13 16:19:30,597 INFO Dataset INFO:
2025-10-13 16:19:30,597 INFO Dataset length is: 423
2025-10-13 16:19:30,597 INFO Class 0: 137
2025-10-13 16:19:30,597 INFO Class 1: 43
2025-10-13 16:19:30,597 INFO Class 2: 243
2025-10-13 16:19:30,598 INFO Train class 0: 34 (33.3%)
2025-10-13 16:19:30,598 INFO Train class 1: 34 (33.3%)
2025-10-13 16:19:30,598 INFO Train class 2: 34 (33.3%)
2025-10-13 16:19:30,598 INFO Val class 0: 9 (33.3%)
2025-10-13 16:19:30,598 INFO Val class 1: 9 (33.3%)
2025-10-13 16:19:30,598 INFO Val class 2: 9 (33.3%)
2025-10-13 16:19:30,598 INFO **************************************************
2025-10-13 16:19:30,598 INFO 
2025-10-13 16:19:30,600 INFO Class weights: [ 1.000  1.000  1.000]
2025-10-13 16:19:30,603 INFO 
2025-10-13 16:19:30,603 INFO Starting training...
2025-10-13 16:19:30,603 INFO 0 Mon Oct 13 16:19:30 2025 Epoch: 0
2025-10-13 16:19:59,121 INFO Log directory: outputs/OrganoidsINRIA/train/2025-10-13-16-19
2025-10-13 16:19:59,123 INFO {'RandFlipd_prob': 0.2,
 'RandRotate90d_prob': 0.2,
 'RandScaleIntensityd_prob': 0.1,
 'RandShiftIntensityd_prob': 0.1,
 'amp': True,
 'batch_size': 3,
 'cache_dataset': False,
 'checkpoint': None,
 'data_dir': '/home/mraffael/martone_project/Organoids_Dataset/',
 'dataset_name': 'OrganoidsINRIA',
 'debug': False,
 'debug_train_samples': 3,
 'debug_val_samples': 3,
 'dist_backend': 'nccl',
 'dist_url': 'tcp://127.0.0.1:23456',
 'distributed': False,
 'dropout_path_rate': 0.0,
 'dropout_rate': 0.0,
 'early_stopping': True,
 'exact_class': True,
 'feature_size': 48,
 'fold': 0,
 'folds': False,
 'gpu': 0,
 'ignore_label': 3,
 'in_channels': 1,
 'infer_overlap': 0.5,
 'k_folds': 5,
 'logdir': 'training',
 'logs_dir': 'logs/',
 'loss_weight': 0.5,
 'lrschedule': 'warmup_cosine',
 'max_epochs': 20,
 'min_delta_loss': 0.01,
 'min_delta_val': 0.02,
 'model_name': 'swinunetr',
 'momentum': 0.99,
 'noamp': False,
 'norm_name': 'instance',
 'oar_id': 0,
 'optim_lr': 1e-05,
 'optim_name': 'adamw',
 'out_channels': 1,
 'output_dir': 'outputs/',
 'patience_loss': 30,
 'patience_val': 10,
 'pretrained_dir': './pretrained_models/fold1_f48_ep300_4gpu_dice0_9059/',
 'pretrained_model_name': 'model_swinvit.pt',
 'rank': 0,
 'reg_weight': 5e-05,
 'resume_ckpt': False,
 'roi_x': 128,
 'roi_y': 128,
 'roi_z': 128,
 'save_checkpoint': False,
 'seed': 304,
 'spatial_dims': 3,
 'split_method': 'balanced',
 'sw_batch_size': 1,
 'telegram_log': False,
 'test_mode': False,
 'token': None,
 'use_checkpoint': False,
 'val_every': 4,
 'warmup_epochs': 3,
 'workers': 8,
 'world_size': 1}
2025-10-13 16:19:59,123 INFO 
2025-10-13 16:19:59,474 INFO Total parameters count: 62186659
2025-10-13 16:19:59,476 INFO Using SwinUNETR with Single Linear Classification Head
2025-10-13 16:19:59,528 INFO 
2025-10-13 16:19:59,528 INFO Dataset INFO:
2025-10-13 16:19:59,528 INFO Dataset length is: 423
2025-10-13 16:19:59,528 INFO Class 0: 137
2025-10-13 16:19:59,528 INFO Class 1: 43
2025-10-13 16:19:59,529 INFO Class 2: 243
2025-10-13 16:19:59,529 INFO Train class 0: 34 (33.3%)
2025-10-13 16:19:59,529 INFO Train class 1: 34 (33.3%)
2025-10-13 16:19:59,529 INFO Train class 2: 34 (33.3%)
2025-10-13 16:19:59,529 INFO Val class 0: 9 (33.3%)
2025-10-13 16:19:59,529 INFO Val class 1: 9 (33.3%)
2025-10-13 16:19:59,529 INFO Val class 2: 9 (33.3%)
2025-10-13 16:19:59,529 INFO **************************************************
2025-10-13 16:19:59,529 INFO 
2025-10-13 16:19:59,530 INFO Class weights: [ 1.000  1.000  1.000]
2025-10-13 16:19:59,533 INFO 
2025-10-13 16:19:59,533 INFO Starting training...
2025-10-13 16:19:59,534 INFO 0 Mon Oct 13 16:19:59 2025 Epoch: 0
2025-10-13 16:23:15,183 INFO Final training  0/19loss: 1.2480time 195.65slr: 0.000000
2025-10-13 16:23:15,184 INFO --------------------------------------------------
2025-10-13 16:23:15,184 INFO 
2025-10-13 16:23:15,184 INFO 0 Mon Oct 13 16:23:15 2025 Epoch: 1
2025-10-13 16:26:28,990 INFO Final training  1/19loss: 1.2415time 193.81slr: 0.000005
2025-10-13 16:26:28,994 INFO --------------------------------------------------
2025-10-13 16:26:28,994 INFO 
2025-10-13 16:26:28,994 INFO 0 Mon Oct 13 16:26:28 2025 Epoch: 2
2025-10-13 16:29:43,504 INFO Final training  2/19loss: 1.2218time 194.51slr: 0.000010
2025-10-13 16:29:43,508 INFO --------------------------------------------------
2025-10-13 16:29:43,508 INFO 
2025-10-13 16:29:43,508 INFO 0 Mon Oct 13 16:29:43 2025 Epoch: 3
2025-10-13 16:32:56,994 INFO Final training  3/19loss: 1.1973time 193.48slr: 0.000010
2025-10-13 16:32:56,997 INFO --------------------------------------------------
2025-10-13 16:32:56,997 INFO 
2025-10-13 16:33:56,721 INFO Final validation stats 3/19, Val_acc: 0.333333, time 59.72s
2025-10-13 16:33:56,722 INFO new best (0.000000 --> 0.333333). 
2025-10-13 16:33:56,722 INFO --------------------------------------------------
2025-10-13 16:33:56,722 INFO 
2025-10-13 16:33:56,723 INFO 0 Mon Oct 13 16:33:56 2025 Epoch: 4
