2026-02-05 11:48:03,811 INFO Log directory: outputs/OrganoidsINRIA_Slice_32x32x32/swinvit/2026-02-05-11-48
2026-02-05 11:48:03,813 INFO {'RandFlipd_prob': 0.2,
 'RandRotate90d_prob': 0.2,
 'RandScaleIntensityd_prob': 0.1,
 'RandShiftIntensityd_prob': 0.1,
 'amp': True,
 'augmentation': True,
 'batch_size': 6,
 'cache_dataset': False,
 'checkpoint_path': None,
 'data_dir': '/home/mraffael/martone_project/Organoids_Dataset_128/',
 'dataset_name': 'OrganoidsINRIA_Slice_32x32x32',
 'debug': False,
 'debug_train_samples': 40,
 'debug_val_samples': 10,
 'dist_backend': 'nccl',
 'dist_url': 'tcp://127.0.0.1:23456',
 'distributed': False,
 'dropout_path_rate': 0.0,
 'dropout_rate': 0.0,
 'early_stopping': True,
 'encoder10_pth': '',
 'exact_class': False,
 'feature_size': 48,
 'fold': 0,
 'folds': False,
 'gpu': 0,
 'ignore_label': 3,
 'in_channels': 1,
 'infer_overlap': 0.5,
 'k_folds': 5,
 'logdir': 'test',
 'logs_dir': 'logs/',
 'loss_name': 'CE',
 'lrschedule': 'warmup_cosine',
 'max_epochs': 300,
 'min_delta_loss': 0.001,
 'min_delta_val': 0.01,
 'model_name': 'swinvit',
 'momentum': 0.99,
 'n_slices': 32,
 'noamp': False,
 'norm_name': 'instance',
 'oar_id': 2239988,
 'optim_lr': 0.003,
 'optim_name': 'adamw',
 'out_channels': 1,
 'output_dir': 'outputs/',
 'patch_merging': False,
 'patience_loss': 40,
 'patience_val': 40,
 'pretrained_dir': './pretrained_models/fold1_f48_ep300_4gpu_dice0_9059/',
 'pretrained_model_name': 'model_swinvit.pt',
 'rank': 0,
 'reg_weight': 5e-05,
 'restart_T0': 20,
 'resume_ckpt': False,
 'roi_x': 32,
 'roi_y': 32,
 'roi_z': 32,
 'save_checkpoint': True,
 'seed': 3,
 'similarity_loss': '',
 'similarity_loss_weight': 0.0,
 'slice_selection': True,
 'spatial_dims': 3,
 'split_method': 'stratified',
 'start_epoch': 0,
 'sw_batch_size': 8,
 'telegram_log': True,
 'test_mode': False,
 'token': './token/tlg_token.txt',
 'use_checkpoint': False,
 'val_every': 2,
 'warmup_epochs': 5,
 'workers': 8,
 'world_size': 1}
2026-02-05 11:48:03,813 INFO 
2026-02-05 11:48:03,818 INFO Saved configuration to: outputs/OrganoidsINRIA_Slice_32x32x32/swinvit/2026-02-05-11-48/config.txt
2026-02-05 11:48:04,290 INFO Using GPU: 0
2026-02-05 11:48:04,290 INFO 
2026-02-05 11:48:04,290 INFO Model INFO:
2026-02-05 11:48:04,290 INFO Model architecture: swinvit
2026-02-05 11:48:04,928 INFO Using pretrained weights
2026-02-05 11:48:04,929 INFO => loading pretrained model './pretrained_models/fold1_f48_ep300_4gpu_dice0_9059/model_swinvit.pt'
2026-02-05 11:48:09,233 INFO Missing keys when loading pretrained: 33
2026-02-05 11:48:09,233 INFO Unexpected keys when loading pretrained: 8
2026-02-05 11:48:09,235 INFO Using SwinViT with Single Linear Classification Head
2026-02-05 11:48:09,238 INFO Total trainable parameters: 8,064,309
2026-02-05 11:48:09,247 INFO 
2026-02-05 11:48:09,247 INFO Optimizer INFO:
2026-02-05 11:48:09,248 INFO Using optimizer: adamw with lr=0.003, weight_decay=5e-05
2026-02-05 11:48:09,248 INFO 
2026-02-05 11:48:09,248 INFO Dataset INFO:
2026-02-05 11:48:09,257 INFO Dataset length: 721
2026-02-05 11:48:09,257 INFO Class distribution in entire dataset:
2026-02-05 11:48:09,257 INFO   Class 0: 351
2026-02-05 11:48:09,257 INFO   Class 1: 38
2026-02-05 11:48:09,257 INFO   Class 2: 332
2026-02-05 11:48:09,257 INFO 
Using split method: stratified
2026-02-05 11:48:09,259 INFO 
Train set balance:
2026-02-05 11:48:09,259 INFO 
Val set balance:
2026-02-05 11:48:09,259 INFO Training set length: 577
2026-02-05 11:48:09,259 INFO Validation set length: 144
2026-02-05 11:48:09,259 INFO 
Using standard shuffle for training
2026-02-05 11:48:09,259 INFO Training loader: 96 batches
2026-02-05 11:48:09,259 INFO Validation loader: 24 batches
2026-02-05 11:48:09,260 INFO 
Class distribution in training set:
2026-02-05 11:48:09,260 INFO   Class 0: 281 (48.7%)
2026-02-05 11:48:09,260 INFO   Class 1: 30 (5.2%)
2026-02-05 11:48:09,260 INFO   Class 2: 266 (46.1%)
2026-02-05 11:48:09,260 INFO Class distribution in validation set:
2026-02-05 11:48:09,260 INFO   Class 0: 70 (48.6%)
2026-02-05 11:48:09,260 INFO   Class 1: 8 (5.6%)
2026-02-05 11:48:09,260 INFO   Class 2: 66 (45.8%)
2026-02-05 11:48:09,260 INFO **************************************************
2026-02-05 11:48:09,272 INFO Class weights: [ 6.845  64.111  7.231]
2026-02-05 11:48:09,272 INFO 
2026-02-05 11:48:09,272 INFO Test Dataset INFO:
2026-02-05 11:48:09,278 INFO Test Dataset length: 82
2026-02-05 11:48:09,278 INFO Class distribution in test dataset:
2026-02-05 11:48:09,278 INFO   Class 0: 40
2026-02-05 11:48:09,278 INFO   Class 1: 5
2026-02-05 11:48:09,278 INFO   Class 2: 37
2026-02-05 11:48:09,278 INFO Test loader: 14 batches
2026-02-05 11:48:09,278 INFO **************************************************
2026-02-05 11:48:09,278 INFO 
2026-02-05 11:48:09,278 INFO Using loss function: CE
2026-02-05 11:48:09,282 INFO **************************************************
2026-02-05 11:48:09,282 INFO Starting training...
2026-02-05 11:48:09,286 INFO 0 Thu Feb  5 11:48:09 2026 Epoch: 1
2026-02-05 11:48:57,382 INFO Final training 1/300, loss: 1.1560, time 48.10s, lr: 0.000000
Accuracy: 0.486
class                  precision    recall   specificity      f1   support
--------------------------------------------------------------------------
0                          0.486     1.000         0.000   0.654       280
1                          0.000     0.000         1.000   0.000        30
2                          0.000     0.000         1.000   0.000       266
*----------------------------------------*
2026-02-05 11:48:57,823 INFO 0 Thu Feb  5 11:48:57 2026 Epoch: 2
2026-02-05 11:49:44,146 INFO Final training 2/300, loss: 1.5384, time 46.32s, lr: 0.000750
Accuracy: 0.378
class                  precision    recall   specificity      f1   support
--------------------------------------------------------------------------
0                          0.467     0.409         0.556   0.436       281
1                          0.028     0.100         0.808   0.043        30
2                          0.450     0.377         0.608   0.411       265
*----------------------------------------*
2026-02-05 11:50:21,589 INFO Final validation 2/300, Val_acc: 0.4375, time 37.44sAccuracy: 0.458
class                  precision    recall   specificity      f1   support
--------------------------------------------------------------------------
0                          0.000     0.000         1.000   0.000        70
1                          0.000     0.000         1.000   0.000         8
2                          0.458     1.000         0.000   0.629        66
*========================================*
2026-02-05 11:50:21,589 INFO New best (0.000000 --> 0.437500)
2026-02-05 11:50:24,355 INFO Copying best model to best_model.pt
2026-02-05 11:50:25,178 INFO 0 Thu Feb  5 11:50:25 2026 Epoch: 3
2026-02-05 11:51:10,511 INFO Final training 3/300, loss: 1.1032, time 45.33s, lr: 0.001500
Accuracy: 0.498
class                  precision    recall   specificity      f1   support
--------------------------------------------------------------------------
0                          0.518     0.505         0.553   0.512       281
1                          0.000     0.000         1.000   0.000        30
2                          0.480     0.547         0.495   0.511       265
*----------------------------------------*
2026-02-05 11:51:10,511 INFO 0 Thu Feb  5 11:51:10 2026 Epoch: 4
2026-02-05 11:51:56,903 INFO Final training 4/300, loss: 1.1332, time 46.39s, lr: 0.002250
Accuracy: 0.451
class                  precision    recall   specificity      f1   support
--------------------------------------------------------------------------
0                          0.475     0.406         0.573   0.438       281
1                          0.000     0.000         0.967   0.000        30
2                          0.459     0.551         0.447   0.501       265
*----------------------------------------*
2026-02-05 11:52:34,423 INFO Final validation 4/300, Val_acc: 0.4375, time 37.52sAccuracy: 0.458
class                  precision    recall   specificity      f1   support
--------------------------------------------------------------------------
0                          0.000     0.000         1.000   0.000        70
1                          0.000     0.000         1.000   0.000         8
2                          0.458     1.000         0.000   0.629        66
*========================================*
2026-02-05 11:52:35,734 INFO 0 Thu Feb  5 11:52:35 2026 Epoch: 5
2026-02-05 11:53:21,720 INFO Final training 5/300, loss: 1.1875, time 45.99s, lr: 0.003000
Accuracy: 0.410
class                  precision    recall   specificity      f1   support
--------------------------------------------------------------------------
0                          0.478     0.461         0.524   0.469       280
1                          0.036     0.100         0.852   0.053        30
2                          0.468     0.391         0.619   0.426       266
*----------------------------------------*
2026-02-05 11:53:21,720 INFO 0 Thu Feb  5 11:53:21 2026 Epoch: 6
2026-02-05 11:54:07,386 INFO Final training 6/300, loss: 1.1272, time 45.67s, lr: 0.003000
Accuracy: 0.486
class                  precision    recall   specificity      f1   support
--------------------------------------------------------------------------
0                          0.545     0.386         0.696   0.452       280
1                          0.042     0.067         0.916   0.051        30
2                          0.515     0.639         0.484   0.570       266
*----------------------------------------*
2026-02-05 11:54:44,896 INFO Final validation 6/300, Val_acc: 0.4375, time 37.51sAccuracy: 0.458
class                  precision    recall   specificity      f1   support
--------------------------------------------------------------------------
0                          0.000     0.000         1.000   0.000        70
1                          0.000     0.000         1.000   0.000         8
2                          0.458     1.000         0.000   0.629        66
*========================================*
2026-02-05 11:54:46,217 INFO 0 Thu Feb  5 11:54:46 2026 Epoch: 7
2026-02-05 11:55:31,949 INFO Final training 7/300, loss: 1.0980, time 45.73s, lr: 0.003000
Accuracy: 0.450
class                  precision    recall   specificity      f1   support
--------------------------------------------------------------------------
0                          0.490     0.504         0.503   0.496       280
1                          0.024     0.033         0.925   0.028        30
2                          0.476     0.440         0.584   0.457       266
*----------------------------------------*
2026-02-05 11:55:31,949 INFO 0 Thu Feb  5 11:55:31 2026 Epoch: 8
2026-02-05 11:56:17,697 INFO Final training 8/300, loss: 1.0534, time 45.75s, lr: 0.003000
Accuracy: 0.457
class                  precision    recall   specificity      f1   support
--------------------------------------------------------------------------
0                          0.474     0.456         0.519   0.465       281
1                          0.000     0.000         1.000   0.000        30
2                          0.441     0.509         0.450   0.473       265
*----------------------------------------*
2026-02-05 11:56:55,070 INFO Final validation 8/300, Val_acc: 0.4375, time 37.37sAccuracy: 0.458
class                  precision    recall   specificity      f1   support
--------------------------------------------------------------------------
0                          0.000     0.000         1.000   0.000        70
1                          0.000     0.000         1.000   0.000         8
2                          0.458     1.000         0.000   0.629        66
*========================================*
2026-02-05 11:56:56,426 INFO 0 Thu Feb  5 11:56:56 2026 Epoch: 9
2026-02-05 11:57:42,709 INFO Final training 9/300, loss: 1.0727, time 46.28s, lr: 0.002999
Accuracy: 0.503
class                  precision    recall   specificity      f1   support
--------------------------------------------------------------------------
0                          0.525     0.516         0.556   0.521       281
1                          0.000     0.000         1.000   0.000        30
2                          0.483     0.547         0.502   0.513       265
*----------------------------------------*
2026-02-05 11:57:42,709 INFO 0 Thu Feb  5 11:57:42 2026 Epoch: 10
2026-02-05 11:58:29,133 INFO Final training 10/300, loss: 1.0711, time 46.42s, lr: 0.002999
Accuracy: 0.524
class                  precision    recall   specificity      f1   support
--------------------------------------------------------------------------
0                          0.527     0.689         0.416   0.598       280
1                          0.000     0.000         1.000   0.000        30
2                          0.519     0.410         0.674   0.458       266
*----------------------------------------*
2026-02-05 11:59:07,189 INFO Final validation 10/300, Val_acc: 0.4375, time 38.06sAccuracy: 0.458
class                  precision    recall   specificity      f1   support
--------------------------------------------------------------------------
0                          0.000     0.000         1.000   0.000        70
1                          0.000     0.000         1.000   0.000         8
2                          0.458     1.000         0.000   0.629        66
*========================================*
2026-02-05 11:59:08,500 INFO 0 Thu Feb  5 11:59:08 2026 Epoch: 11
2026-02-05 11:59:54,023 INFO Final training 11/300, loss: 1.0831, time 45.52s, lr: 0.002998
Accuracy: 0.474
class                  precision    recall   specificity      f1   support
--------------------------------------------------------------------------
0                          0.496     0.413         0.600   0.450       281
1                          0.000     0.000         1.000   0.000        30
2                          0.459     0.592         0.405   0.517       265
*----------------------------------------*
2026-02-05 11:59:54,501 INFO 0 Thu Feb  5 11:59:54 2026 Epoch: 12
2026-02-05 12:00:40,649 INFO Final training 12/300, loss: 1.1012, time 46.15s, lr: 0.002997
Accuracy: 0.451
class                  precision    recall   specificity      f1   support
--------------------------------------------------------------------------
0                          0.468     0.630         0.319   0.537       281
1                          0.000     0.000         1.000   0.000        30
2                          0.419     0.313         0.630   0.359       265
*----------------------------------------*
2026-02-05 12:01:18,309 INFO Final validation 12/300, Val_acc: 0.4375, time 37.66sAccuracy: 0.458
class                  precision    recall   specificity      f1   support
--------------------------------------------------------------------------
0                          0.000     0.000         1.000   0.000        70
1                          0.000     0.000         1.000   0.000         8
2                          0.458     1.000         0.000   0.629        66
*========================================*
2026-02-05 12:01:19,687 INFO 0 Thu Feb  5 12:01:19 2026 Epoch: 13
2026-02-05 12:02:05,697 INFO Final training 13/300, loss: 1.0768, time 46.01s, lr: 0.002996
Accuracy: 0.465
class                  precision    recall   specificity      f1   support
--------------------------------------------------------------------------
0                          0.481     0.454         0.537   0.467       280
1                          0.000     0.000         1.000   0.000        30
2                          0.452     0.530         0.448   0.488       266
*----------------------------------------*
2026-02-05 12:02:05,697 INFO 0 Thu Feb  5 12:02:05 2026 Epoch: 14
2026-02-05 12:02:51,395 INFO Final training 14/300, loss: 1.0817, time 45.70s, lr: 0.002995
Accuracy: 0.462
class                  precision    recall   specificity      f1   support
--------------------------------------------------------------------------
0                          0.475     0.548         0.424   0.509       281
1                          0.000     0.000         1.000   0.000        30
2                          0.444     0.423         0.550   0.433       265
*----------------------------------------*
2026-02-05 12:03:28,552 INFO Final validation 14/300, Val_acc: 0.4583, time 37.16sAccuracy: 0.486
class                  precision    recall   specificity      f1   support
--------------------------------------------------------------------------
0                          0.486     1.000         0.000   0.654        70
1                          0.000     0.000         1.000   0.000         8
2                          0.000     0.000         1.000   0.000        66
*========================================*
2026-02-05 12:03:28,552 INFO New best (0.437500 --> 0.458333)
2026-02-05 12:03:31,212 INFO Copying best model to best_model.pt
2026-02-05 12:03:32,067 INFO 0 Thu Feb  5 12:03:32 2026 Epoch: 15
2026-02-05 12:04:18,052 INFO Final training 15/300, loss: 1.0827, time 45.99s, lr: 0.002993
Accuracy: 0.490
class                  precision    recall   specificity      f1   support
--------------------------------------------------------------------------
0                          0.504     0.464         0.568   0.483       280
1                          0.000     0.000         1.000   0.000        30
2                          0.478     0.571         0.465   0.521       266
*----------------------------------------*
2026-02-05 12:04:18,053 INFO 0 Thu Feb  5 12:04:18 2026 Epoch: 16
2026-02-05 12:05:03,234 INFO Final training 16/300, loss: 1.0783, time 45.18s, lr: 0.002992
Accuracy: 0.469
class                  precision    recall   specificity      f1   support
--------------------------------------------------------------------------
0                          0.485     0.593         0.405   0.534       280
1                          0.000     0.000         1.000   0.000        30
2                          0.444     0.391         0.581   0.416       266
*----------------------------------------*
2026-02-05 12:05:40,815 INFO Final validation 16/300, Val_acc: 0.4583, time 37.58sAccuracy: 0.486
class                  precision    recall   specificity      f1   support
--------------------------------------------------------------------------
0                          0.486     1.000         0.000   0.654        70
1                          0.000     0.000         1.000   0.000         8
2                          0.000     0.000         1.000   0.000        66
*========================================*
2026-02-05 12:05:42,113 INFO 0 Thu Feb  5 12:05:42 2026 Epoch: 17
2026-02-05 12:06:28,780 INFO Final training 17/300, loss: 1.0699, time 46.67s, lr: 0.002990
Accuracy: 0.486
class                  precision    recall   specificity      f1   support
--------------------------------------------------------------------------
0                          0.500     0.480         0.542   0.490       281
1                          0.000     0.000         1.000   0.000        29
2                          0.474     0.545         0.481   0.507       266
*----------------------------------------*
2026-02-05 12:06:28,780 INFO 0 Thu Feb  5 12:06:28 2026 Epoch: 18
2026-02-05 12:07:15,040 INFO Final training 18/300, loss: 1.0623, time 46.26s, lr: 0.002988
Accuracy: 0.481
class                  precision    recall   specificity      f1   support
--------------------------------------------------------------------------
0                          0.498     0.569         0.454   0.532       281
1                          0.000     0.000         1.000   0.000        29
2                          0.459     0.440         0.555   0.449       266
*----------------------------------------*
2026-02-05 12:07:52,356 INFO Final validation 18/300, Val_acc: 0.4375, time 37.32sAccuracy: 0.458
class                  precision    recall   specificity      f1   support
--------------------------------------------------------------------------
0                          0.000     0.000         1.000   0.000        70
1                          0.000     0.000         1.000   0.000         8
2                          0.458     1.000         0.000   0.629        66
*========================================*
2026-02-05 12:07:53,678 INFO 0 Thu Feb  5 12:07:53 2026 Epoch: 19
2026-02-05 12:08:40,022 INFO Final training 19/300, loss: 1.0875, time 46.34s, lr: 0.002986
Accuracy: 0.465
class                  precision    recall   specificity      f1   support
--------------------------------------------------------------------------
0                          0.477     0.438         0.542   0.456       281
1                          0.000     0.000         1.000   0.000        30
2                          0.456     0.547         0.444   0.497       265
*----------------------------------------*
2026-02-05 12:08:40,023 INFO 0 Thu Feb  5 12:08:40 2026 Epoch: 20
2026-02-05 12:09:25,887 INFO Final training 20/300, loss: 1.0774, time 45.86s, lr: 0.002983
Accuracy: 0.498
class                  precision    recall   specificity      f1   support
--------------------------------------------------------------------------
0                          0.526     0.438         0.624   0.478       281
1                          0.000     0.000         1.000   0.000        30
2                          0.480     0.619         0.428   0.540       265
*----------------------------------------*
2026-02-05 12:10:03,743 INFO Final validation 20/300, Val_acc: 0.4375, time 37.86sAccuracy: 0.458
class                  precision    recall   specificity      f1   support
--------------------------------------------------------------------------
0                          0.000     0.000         1.000   0.000        70
1                          0.000     0.000         1.000   0.000         8
2                          0.458     1.000         0.000   0.629        66
*========================================*
2026-02-05 12:10:05,071 INFO 0 Thu Feb  5 12:10:05 2026 Epoch: 21
2026-02-05 12:10:50,956 INFO Final training 21/300, loss: 1.0599, time 45.88s, lr: 0.002981
Accuracy: 0.448
class                  precision    recall   specificity      f1   support
--------------------------------------------------------------------------
0                          0.461     0.543         0.399   0.498       280
1                          0.000     0.000         1.000   0.000        30
2                          0.431     0.398         0.548   0.414       266
*----------------------------------------*
2026-02-05 12:10:51,410 INFO 0 Thu Feb  5 12:10:51 2026 Epoch: 22
2026-02-05 12:11:37,969 INFO Final training 22/300, loss: 1.0510, time 46.56s, lr: 0.002978
Accuracy: 0.477
class                  precision    recall   specificity      f1   support
--------------------------------------------------------------------------
0                          0.493     0.505         0.505   0.499       281
1                          0.000     0.000         1.000   0.000        30
2                          0.462     0.502         0.502   0.481       265
*----------------------------------------*
2026-02-05 12:12:15,331 INFO Final validation 22/300, Val_acc: 0.4583, time 37.36sAccuracy: 0.486
class                  precision    recall   specificity      f1   support
--------------------------------------------------------------------------
0                          0.486     1.000         0.000   0.654        70
1                          0.000     0.000         1.000   0.000         8
2                          0.000     0.000         1.000   0.000        66
*========================================*
2026-02-05 12:12:16,631 INFO 0 Thu Feb  5 12:12:16 2026 Epoch: 23
2026-02-05 12:13:02,971 INFO Final training 23/300, loss: 1.0656, time 46.34s, lr: 0.002975
Accuracy: 0.453
class                  precision    recall   specificity      f1   support
--------------------------------------------------------------------------
0                          0.465     0.527         0.424   0.494       281
1                          0.000     0.000         1.000   0.000        30
2                          0.438     0.426         0.534   0.432       265
*----------------------------------------*
2026-02-05 12:13:02,971 INFO 0 Thu Feb  5 12:13:02 2026 Epoch: 24
2026-02-05 12:13:49,100 INFO Final training 24/300, loss: 1.0862, time 46.13s, lr: 0.002973
Accuracy: 0.453
class                  precision    recall   specificity      f1   support
--------------------------------------------------------------------------
0                          0.465     0.468         0.490   0.466       280
1                          0.000     0.000         1.000   0.000        30
2                          0.442     0.489         0.471   0.464       266
*----------------------------------------*
2026-02-05 12:14:26,354 INFO Final validation 24/300, Val_acc: 0.4375, time 37.25sAccuracy: 0.458
class                  precision    recall   specificity      f1   support
--------------------------------------------------------------------------
0                          0.000     0.000         1.000   0.000        70
1                          0.000     0.000         1.000   0.000         8
2                          0.458     1.000         0.000   0.629        66
*========================================*
2026-02-05 12:14:27,644 INFO 0 Thu Feb  5 12:14:27 2026 Epoch: 25
2026-02-05 12:15:13,616 INFO Final training 25/300, loss: 1.0666, time 45.97s, lr: 0.002969
Accuracy: 0.481
class                  precision    recall   specificity      f1   support
--------------------------------------------------------------------------
0                          0.489     0.648         0.356   0.557       281
1                          0.000     0.000         1.000   0.000        30
2                          0.466     0.358         0.650   0.405       265
*----------------------------------------*
2026-02-05 12:15:13,616 INFO 0 Thu Feb  5 12:15:13 2026 Epoch: 26
2026-02-05 12:15:59,817 INFO Final training 26/300, loss: 1.0691, time 46.20s, lr: 0.002966
Accuracy: 0.457
class                  precision    recall   specificity      f1   support
--------------------------------------------------------------------------
0                          0.470     0.562         0.397   0.512       281
1                          0.000     0.000         1.000   0.000        30
2                          0.438     0.396         0.566   0.416       265
*----------------------------------------*
2026-02-05 12:16:37,485 INFO Final validation 26/300, Val_acc: 0.4583, time 37.67sAccuracy: 0.486
class                  precision    recall   specificity      f1   support
--------------------------------------------------------------------------
0                          0.486     1.000         0.000   0.654        70
1                          0.000     0.000         1.000   0.000         8
2                          0.000     0.000         1.000   0.000        66
*========================================*
2026-02-05 12:16:38,811 INFO 0 Thu Feb  5 12:16:38 2026 Epoch: 27
2026-02-05 12:17:24,164 INFO Final training 27/300, loss: 1.0486, time 45.35s, lr: 0.002963
Accuracy: 0.509
class                  precision    recall   specificity      f1   support
--------------------------------------------------------------------------
0                          0.521     0.536         0.534   0.528       280
1                          0.000     0.000         1.000   0.000        30
2                          0.497     0.538         0.532   0.516       266
*----------------------------------------*
2026-02-05 12:17:24,164 INFO 0 Thu Feb  5 12:17:24 2026 Epoch: 28
2026-02-05 12:18:10,306 INFO Final training 28/300, loss: 1.0588, time 46.14s, lr: 0.002959
Accuracy: 0.469
class                  precision    recall   specificity      f1   support
--------------------------------------------------------------------------
0                          0.488     0.584         0.417   0.532       281
1                          0.000     0.000         1.000   0.000        30
2                          0.442     0.400         0.569   0.420       265
*----------------------------------------*
2026-02-05 12:18:47,593 INFO Final validation 28/300, Val_acc: 0.4583, time 37.29sAccuracy: 0.486
class                  precision    recall   specificity      f1   support
--------------------------------------------------------------------------
0                          0.486     1.000         0.000   0.654        70
1                          0.000     0.000         1.000   0.000         8
2                          0.000     0.000         1.000   0.000        66
*========================================*
2026-02-05 12:18:48,918 INFO 0 Thu Feb  5 12:18:48 2026 Epoch: 29
2026-02-05 12:19:34,810 INFO Final training 29/300, loss: 1.1178, time 45.89s, lr: 0.002955
Accuracy: 0.484
class                  precision    recall   specificity      f1   support
--------------------------------------------------------------------------
0                          0.489     0.482         0.524   0.486       280
1                          0.000     0.000         1.000   0.000        30
2                          0.480     0.541         0.497   0.509       266
*----------------------------------------*
2026-02-05 12:19:34,810 INFO 0 Thu Feb  5 12:19:34 2026 Epoch: 30
2026-02-05 12:20:20,132 INFO Final training 30/300, loss: 1.0525, time 45.32s, lr: 0.002951
Accuracy: 0.453
class                  precision    recall   specificity      f1   support
--------------------------------------------------------------------------
0                          0.469     0.482         0.483   0.475       280
1                          0.000     0.000         1.000   0.000        30
2                          0.438     0.474         0.477   0.455       266
*----------------------------------------*
2026-02-05 12:20:57,914 INFO Final validation 30/300, Val_acc: 0.4375, time 37.78sAccuracy: 0.458
class                  precision    recall   specificity      f1   support
--------------------------------------------------------------------------
0                          0.000     0.000         1.000   0.000        70
1                          0.000     0.000         1.000   0.000         8
2                          0.458     1.000         0.000   0.629        66
*========================================*
2026-02-05 12:20:59,211 INFO 0 Thu Feb  5 12:20:59 2026 Epoch: 31
2026-02-05 12:21:44,863 INFO Final training 31/300, loss: 1.0801, time 45.65s, lr: 0.002947
Accuracy: 0.488
class                  precision    recall   specificity      f1   support
--------------------------------------------------------------------------
0                          0.500     0.471         0.554   0.485       280
1                          0.000     0.000         1.000   0.000        30
2                          0.478     0.560         0.474   0.516       266
*----------------------------------------*
2026-02-05 12:21:45,362 INFO 0 Thu Feb  5 12:21:45 2026 Epoch: 32
2026-02-05 12:22:31,303 INFO Final training 32/300, loss: 1.0639, time 45.94s, lr: 0.002943
Accuracy: 0.490
class                  precision    recall   specificity      f1   support
--------------------------------------------------------------------------
0                          0.497     0.626         0.397   0.554       281
1                          0.000     0.000         1.000   0.000        30
2                          0.477     0.400         0.627   0.435       265
*----------------------------------------*
2026-02-05 12:23:09,113 INFO Final validation 32/300, Val_acc: 0.4583, time 37.81sAccuracy: 0.486
class                  precision    recall   specificity      f1   support
--------------------------------------------------------------------------
0                          0.486     1.000         0.000   0.654        70
1                          0.000     0.000         1.000   0.000         8
2                          0.000     0.000         1.000   0.000        66
*========================================*
2026-02-05 12:23:10,398 INFO 0 Thu Feb  5 12:23:10 2026 Epoch: 33
2026-02-05 12:23:56,452 INFO Final training 33/300, loss: 1.0627, time 46.05s, lr: 0.002938
Accuracy: 0.455
class                  precision    recall   specificity      f1   support
--------------------------------------------------------------------------
0                          0.467     0.511         0.449   0.488       280
1                          0.000     0.000         1.000   0.000        30
2                          0.441     0.447         0.513   0.444       266
*----------------------------------------*
2026-02-05 12:23:56,452 INFO 0 Thu Feb  5 12:23:56 2026 Epoch: 34
2026-02-05 12:24:43,510 INFO Final training 34/300, loss: 1.0725, time 47.06s, lr: 0.002934
Accuracy: 0.458
class                  precision    recall   specificity      f1   support
--------------------------------------------------------------------------
0                          0.486     0.488         0.508   0.487       281
1                          0.000     0.000         1.000   0.000        30
2                          0.432     0.479         0.463   0.454       265
*----------------------------------------*
2026-02-05 12:25:21,323 INFO Final validation 34/300, Val_acc: 0.4583, time 37.81sAccuracy: 0.486
class                  precision    recall   specificity      f1   support
--------------------------------------------------------------------------
0                          0.486     1.000         0.000   0.654        70
1                          0.000     0.000         1.000   0.000         8
2                          0.000     0.000         1.000   0.000        66
*========================================*
2026-02-05 12:25:22,620 INFO 0 Thu Feb  5 12:25:22 2026 Epoch: 35
2026-02-05 12:26:09,188 INFO Final training 35/300, loss: 1.0642, time 46.57s, lr: 0.002929
Accuracy: 0.479
class                  precision    recall   specificity      f1   support
--------------------------------------------------------------------------
0                          0.487     0.679         0.324   0.567       280
1                          0.000     0.000         1.000   0.000        30
2                          0.462     0.323         0.677   0.381       266
*----------------------------------------*
2026-02-05 12:26:09,188 INFO 0 Thu Feb  5 12:26:09 2026 Epoch: 36
2026-02-05 12:26:55,973 INFO Final training 36/300, loss: 1.0758, time 46.79s, lr: 0.002924
Accuracy: 0.455
class                  precision    recall   specificity      f1   support
--------------------------------------------------------------------------
0                          0.471     0.644         0.312   0.544       281
1                          0.000     0.000         1.000   0.000        30
2                          0.422     0.306         0.643   0.354       265
*----------------------------------------*
2026-02-05 12:27:33,288 INFO Final validation 36/300, Val_acc: 0.4375, time 37.31sAccuracy: 0.458
class                  precision    recall   specificity      f1   support
--------------------------------------------------------------------------
0                          0.000     0.000         1.000   0.000        70
1                          0.000     0.000         1.000   0.000         8
2                          0.458     1.000         0.000   0.629        66
*========================================*
2026-02-05 12:27:34,616 INFO 0 Thu Feb  5 12:27:34 2026 Epoch: 37
2026-02-05 12:28:20,853 INFO Final training 37/300, loss: 1.0757, time 46.24s, lr: 0.002919
Accuracy: 0.470
class                  precision    recall   specificity      f1   support
--------------------------------------------------------------------------
0                          0.493     0.475         0.537   0.484       280
1                          0.000     0.000         1.000   0.000        30
2                          0.451     0.519         0.458   0.483       266
*----------------------------------------*
2026-02-05 12:28:20,853 INFO 0 Thu Feb  5 12:28:20 2026 Epoch: 38
2026-02-05 12:29:07,190 INFO Final training 38/300, loss: 1.1478, time 46.34s, lr: 0.002914
Accuracy: 0.481
class                  precision    recall   specificity      f1   support
--------------------------------------------------------------------------
0                          0.515     0.496         0.557   0.505       280
1                          0.000     0.000         0.978   0.000        30
2                          0.469     0.519         0.497   0.493       266
*----------------------------------------*
2026-02-05 12:29:44,740 INFO Final validation 38/300, Val_acc: 0.4583, time 37.55sAccuracy: 0.486
class                  precision    recall   specificity      f1   support
--------------------------------------------------------------------------
0                          0.486     1.000         0.000   0.654        70
1                          0.000     0.000         1.000   0.000         8
2                          0.000     0.000         1.000   0.000        66
*========================================*
2026-02-05 12:29:46,097 INFO 0 Thu Feb  5 12:29:46 2026 Epoch: 39
2026-02-05 12:30:32,051 INFO Final training 39/300, loss: 1.0870, time 45.95s, lr: 0.002908
Accuracy: 0.484
class                  precision    recall   specificity      f1   support
--------------------------------------------------------------------------
0                          0.510     0.534         0.512   0.522       281
1                          0.000     0.000         0.978   0.000        30
2                          0.478     0.487         0.547   0.482       265
*----------------------------------------*
2026-02-05 12:30:32,051 INFO 0 Thu Feb  5 12:30:32 2026 Epoch: 40
2026-02-05 12:31:18,621 INFO Final training 40/300, loss: 1.0697, time 46.57s, lr: 0.002903
Accuracy: 0.436
class                  precision    recall   specificity      f1   support
--------------------------------------------------------------------------
0                          0.477     0.593         0.385   0.529       280
1                          0.028     0.033         0.936   0.030        30
2                          0.438     0.316         0.652   0.367       266
*----------------------------------------*
2026-02-05 12:31:56,437 INFO Final validation 40/300, Val_acc: 0.4375, time 37.82sAccuracy: 0.458
class                  precision    recall   specificity      f1   support
--------------------------------------------------------------------------
0                          0.000     0.000         1.000   0.000        70
1                          0.000     0.000         1.000   0.000         8
2                          0.458     1.000         0.000   0.629        66
*========================================*
2026-02-05 12:31:57,822 INFO 0 Thu Feb  5 12:31:57 2026 Epoch: 41
2026-02-05 12:32:43,710 INFO Final training 41/300, loss: 1.0601, time 45.89s, lr: 0.002897
Accuracy: 0.385
class                  precision    recall   specificity      f1   support
--------------------------------------------------------------------------
0                          0.432     0.250         0.689   0.317       280
1                          0.056     0.133         0.875   0.078        30
2                          0.433     0.556         0.374   0.487       266
*----------------------------------------*
2026-02-05 12:32:44,130 INFO 0 Thu Feb  5 12:32:44 2026 Epoch: 42
2026-02-05 12:33:29,420 INFO Final training 42/300, loss: 1.0578, time 45.29s, lr: 0.002891
Accuracy: 0.493
class                  precision    recall   specificity      f1   support
--------------------------------------------------------------------------
0                          0.497     0.605         0.417   0.546       281
1                          0.000     0.000         1.000   0.000        30
2                          0.487     0.430         0.614   0.457       265
*----------------------------------------*
2026-02-05 12:34:06,633 INFO Final validation 42/300, Val_acc: 0.4375, time 37.21sAccuracy: 0.458
class                  precision    recall   specificity      f1   support
--------------------------------------------------------------------------
0                          0.000     0.000         1.000   0.000        70
1                          0.000     0.000         1.000   0.000         8
2                          0.458     1.000         0.000   0.629        66
*========================================*
2026-02-05 12:34:08,006 INFO 0 Thu Feb  5 12:34:08 2026 Epoch: 43
2026-02-05 12:34:55,261 INFO Final training 43/300, loss: 1.0620, time 47.25s, lr: 0.002885
Accuracy: 0.396
class                  precision    recall   specificity      f1   support
--------------------------------------------------------------------------
0                          0.441     0.423         0.488   0.432       281
1                          0.067     0.138         0.898   0.090        29
2                          0.427     0.395         0.545   0.410       266
*----------------------------------------*
2026-02-05 12:34:55,261 INFO 0 Thu Feb  5 12:34:55 2026 Epoch: 44
2026-02-05 12:35:40,968 INFO Final training 44/300, loss: 1.0822, time 45.71s, lr: 0.002879
Accuracy: 0.448
class                  precision    recall   specificity      f1   support
--------------------------------------------------------------------------
0                          0.488     0.427         0.573   0.455       281
1                          0.056     0.067         0.938   0.061        30
2                          0.463     0.513         0.492   0.487       265
*----------------------------------------*
2026-02-05 12:36:18,330 INFO Final validation 44/300, Val_acc: 0.4583, time 37.36sAccuracy: 0.486
class                  precision    recall   specificity      f1   support
--------------------------------------------------------------------------
0                          0.486     1.000         0.000   0.654        70
1                          0.000     0.000         1.000   0.000         8
2                          0.000     0.000         1.000   0.000        66
*========================================*
2026-02-05 12:36:19,687 INFO 0 Thu Feb  5 12:36:19 2026 Epoch: 45
2026-02-05 12:37:05,242 INFO Final training 45/300, loss: 1.0862, time 45.55s, lr: 0.002872
Accuracy: 0.451
class                  precision    recall   specificity      f1   support
--------------------------------------------------------------------------
0                          0.497     0.520         0.498   0.508       281
1                          0.056     0.067         0.938   0.061        30
2                          0.455     0.423         0.569   0.438       265
*----------------------------------------*
2026-02-05 12:37:05,242 INFO 0 Thu Feb  5 12:37:05 2026 Epoch: 46
2026-02-05 12:37:51,814 INFO Final training 46/300, loss: 1.0809, time 46.57s, lr: 0.002866
Accuracy: 0.446
class                  precision    recall   specificity      f1   support
--------------------------------------------------------------------------
0                          0.479     0.480         0.502   0.480       281
1                          0.100     0.100         0.951   0.100        30
2                          0.451     0.449         0.534   0.450       265
*----------------------------------------*
2026-02-05 12:38:29,231 INFO Final validation 46/300, Val_acc: 0.1042, time 37.42sAccuracy: 0.056
class                  precision    recall   specificity      f1   support
--------------------------------------------------------------------------
0                          0.000     0.000         1.000   0.000        70
1                          0.056     1.000         0.000   0.105         8
2                          0.000     0.000         1.000   0.000        66
*========================================*
2026-02-05 12:38:30,566 INFO 0 Thu Feb  5 12:38:30 2026 Epoch: 47
2026-02-05 12:39:16,278 INFO Final training 47/300, loss: 1.0822, time 45.71s, lr: 0.002859
Accuracy: 0.483
class                  precision    recall   specificity      f1   support
--------------------------------------------------------------------------
0                          0.500     0.621         0.412   0.554       280
1                          0.000     0.000         0.967   0.000        30
2                          0.495     0.391         0.658   0.437       266
*----------------------------------------*
2026-02-05 12:39:16,278 INFO 0 Thu Feb  5 12:39:16 2026 Epoch: 48
2026-02-05 12:40:01,998 INFO Final training 48/300, loss: 1.0710, time 45.72s, lr: 0.002852
Accuracy: 0.460
class                  precision    recall   specificity      f1   support
--------------------------------------------------------------------------
0                          0.470     0.554         0.409   0.508       280
1                          0.000     0.000         1.000   0.000        30
2                          0.447     0.414         0.561   0.430       266
*----------------------------------------*
2026-02-05 12:40:39,443 INFO Final validation 48/300, Val_acc: 0.4375, time 37.45sAccuracy: 0.458
class                  precision    recall   specificity      f1   support
--------------------------------------------------------------------------
0                          0.000     0.000         1.000   0.000        70
1                          0.000     0.000         1.000   0.000         8
2                          0.458     1.000         0.000   0.629        66
*========================================*
2026-02-05 12:40:40,772 INFO 0 Thu Feb  5 12:40:40 2026 Epoch: 49
2026-02-05 12:41:26,699 INFO Final training 49/300, loss: 1.0790, time 45.93s, lr: 0.002845
Accuracy: 0.457
class                  precision    recall   specificity      f1   support
--------------------------------------------------------------------------
0                          0.470     0.504         0.463   0.486       280
1                          0.000     0.000         1.000   0.000        30
2                          0.442     0.459         0.503   0.450       266
*----------------------------------------*
2026-02-05 12:41:26,700 INFO 0 Thu Feb  5 12:41:26 2026 Epoch: 50
2026-02-05 12:42:12,191 INFO Final training 50/300, loss: 1.0791, time 45.49s, lr: 0.002838
Accuracy: 0.451
class                  precision    recall   specificity      f1   support
--------------------------------------------------------------------------
0                          0.458     0.537         0.393   0.494       281
1                          0.000     0.000         1.000   0.000        30
2                          0.443     0.411         0.559   0.427       265
*----------------------------------------*
2026-02-05 12:42:49,617 INFO Final validation 50/300, Val_acc: 0.4583, time 37.43sAccuracy: 0.486
class                  precision    recall   specificity      f1   support
--------------------------------------------------------------------------
0                          0.486     1.000         0.000   0.654        70
1                          0.000     0.000         1.000   0.000         8
2                          0.000     0.000         1.000   0.000        66
*========================================*
2026-02-05 12:42:50,997 INFO 0 Thu Feb  5 12:42:50 2026 Epoch: 51
2026-02-05 12:43:36,534 INFO Final training 51/300, loss: 1.0621, time 45.54s, lr: 0.002831
Accuracy: 0.446
class                  precision    recall   specificity      f1   support
--------------------------------------------------------------------------
0                          0.457     0.304         0.659   0.365       280
1                          0.000     0.000         1.000   0.000        30
2                          0.441     0.647         0.297   0.524       266
*----------------------------------------*
2026-02-05 12:43:36,974 INFO 0 Thu Feb  5 12:43:36 2026 Epoch: 52
2026-02-05 12:44:23,270 INFO Final training 52/300, loss: 1.0599, time 46.30s, lr: 0.002824
Accuracy: 0.477
class                  precision    recall   specificity      f1   support
--------------------------------------------------------------------------
0                          0.493     0.516         0.495   0.504       281
1                          0.000     0.000         1.000   0.000        30
2                          0.461     0.491         0.511   0.475       265
*----------------------------------------*
2026-02-05 12:45:00,904 INFO Final validation 52/300, Val_acc: 0.4375, time 37.63sAccuracy: 0.458
class                  precision    recall   specificity      f1   support
--------------------------------------------------------------------------
0                          0.000     0.000         1.000   0.000        70
1                          0.000     0.000         1.000   0.000         8
2                          0.458     1.000         0.000   0.629        66
*========================================*
2026-02-05 12:45:02,238 INFO 0 Thu Feb  5 12:45:02 2026 Epoch: 53
2026-02-05 12:45:48,084 INFO Final training 53/300, loss: 1.0844, time 45.85s, lr: 0.002816
Accuracy: 0.483
class                  precision    recall   specificity      f1   support
--------------------------------------------------------------------------
0                          0.504     0.431         0.597   0.464       281
1                          0.000     0.000         1.000   0.000        30
2                          0.467     0.592         0.424   0.522       265
*----------------------------------------*
2026-02-05 12:45:48,085 INFO 0 Thu Feb  5 12:45:48 2026 Epoch: 54
2026-02-05 12:46:33,712 INFO Final training 54/300, loss: 1.0622, time 45.63s, lr: 0.002808
Accuracy: 0.476
class                  precision    recall   specificity      f1   support
--------------------------------------------------------------------------
0                          0.487     0.541         0.458   0.513       281
1                          0.000     0.000         1.000   0.000        30
2                          0.462     0.460         0.543   0.461       265
*----------------------------------------*
2026-02-05 12:47:11,125 INFO Final validation 54/300, Val_acc: 0.4375, time 37.41sAccuracy: 0.458
class                  precision    recall   specificity      f1   support
--------------------------------------------------------------------------
0                          0.000     0.000         1.000   0.000        70
1                          0.000     0.000         1.000   0.000         8
2                          0.458     1.000         0.000   0.629        66
*========================================*
2026-02-05 12:47:12,476 INFO 0 Thu Feb  5 12:47:12 2026 Epoch: 55
2026-02-05 12:47:58,772 INFO Final training 55/300, loss: 1.0725, time 46.30s, lr: 0.002800
Accuracy: 0.500
class                  precision    recall   specificity      f1   support
--------------------------------------------------------------------------
0                          0.507     0.511         0.530   0.509       280
1                          0.000     0.000         1.000   0.000        30
2                          0.493     0.545         0.519   0.518       266
*----------------------------------------*
2026-02-05 12:47:58,773 INFO 0 Thu Feb  5 12:47:58 2026 Epoch: 56
2026-02-05 12:48:44,657 INFO Final training 56/300, loss: 1.0741, time 45.88s, lr: 0.002792
Accuracy: 0.401
class                  precision    recall   specificity      f1   support
--------------------------------------------------------------------------
0                          0.450     0.454         0.476   0.452       280
1                          0.021     0.033         0.914   0.026        30
2                          0.419     0.387         0.539   0.402       266
*----------------------------------------*
2026-02-05 12:49:22,868 INFO Final validation 56/300, Val_acc: 0.4375, time 38.21sAccuracy: 0.458
class                  precision    recall   specificity      f1   support
--------------------------------------------------------------------------
0                          0.000     0.000         1.000   0.000        70
1                          0.000     0.000         1.000   0.000         8
2                          0.458     1.000         0.000   0.629        66
*========================================*
2026-02-05 12:49:24,306 INFO 0 Thu Feb  5 12:49:24 2026 Epoch: 57
2026-02-05 12:50:10,469 INFO Final training 57/300, loss: 1.0714, time 46.16s, lr: 0.002784
Accuracy: 0.458
class                  precision    recall   specificity      f1   support
--------------------------------------------------------------------------
0                          0.478     0.530         0.447   0.503       281
1                          0.000     0.000         1.000   0.000        30
2                          0.436     0.434         0.521   0.435       265
*----------------------------------------*
2026-02-05 12:50:10,470 INFO 0 Thu Feb  5 12:50:10 2026 Epoch: 58
2026-02-05 12:50:56,218 INFO Final training 58/300, loss: 1.0668, time 45.75s, lr: 0.002776
Accuracy: 0.465
class                  precision    recall   specificity      f1   support
--------------------------------------------------------------------------
0                          0.487     0.395         0.603   0.436       281
1                          0.000     0.000         1.000   0.000        29
2                          0.451     0.590         0.384   0.511       266
*----------------------------------------*
2026-02-05 12:51:33,549 INFO Final validation 58/300, Val_acc: 0.4583, time 37.33sAccuracy: 0.486
class                  precision    recall   specificity      f1   support
--------------------------------------------------------------------------
0                          0.486     1.000         0.000   0.654        70
1                          0.000     0.000         1.000   0.000         8
2                          0.000     0.000         1.000   0.000        66
*========================================*
2026-02-05 12:51:34,985 INFO 0 Thu Feb  5 12:51:34 2026 Epoch: 59
2026-02-05 12:52:21,022 INFO Final training 59/300, loss: 1.0761, time 46.04s, lr: 0.002767
Accuracy: 0.464
class                  precision    recall   specificity      f1   support
--------------------------------------------------------------------------
0                          0.479     0.482         0.503   0.480       280
1                          0.000     0.000         1.000   0.000        30
2                          0.449     0.496         0.477   0.471       266
*----------------------------------------*
2026-02-05 12:52:21,022 INFO 0 Thu Feb  5 12:52:21 2026 Epoch: 60
2026-02-05 12:53:06,796 INFO Final training 60/300, loss: 1.0871, time 45.77s, lr: 0.002759
Accuracy: 0.476
class                  precision    recall   specificity      f1   support
--------------------------------------------------------------------------
0                          0.484     0.548         0.444   0.514       281
1                          0.000     0.000         1.000   0.000        30
2                          0.465     0.453         0.556   0.459       265
*----------------------------------------*
2026-02-05 12:53:44,247 INFO Final validation 60/300, Val_acc: 0.4375, time 37.45sAccuracy: 0.458
class                  precision    recall   specificity      f1   support
--------------------------------------------------------------------------
0                          0.000     0.000         1.000   0.000        70
1                          0.000     0.000         1.000   0.000         8
2                          0.458     1.000         0.000   0.629        66
*========================================*
2026-02-05 12:53:45,640 INFO 0 Thu Feb  5 12:53:45 2026 Epoch: 61
2026-02-05 12:54:31,717 INFO Final training 61/300, loss: 1.1113, time 46.08s, lr: 0.002750
Accuracy: 0.479
class                  precision    recall   specificity      f1   support
--------------------------------------------------------------------------
0                          0.494     0.548         0.464   0.519       281
1                          0.000     0.000         1.000   0.000        30
2                          0.462     0.460         0.543   0.461       265
*----------------------------------------*
2026-02-05 12:54:32,212 INFO 0 Thu Feb  5 12:54:32 2026 Epoch: 62
2026-02-05 12:55:17,993 INFO Final training 62/300, loss: 1.0733, time 45.78s, lr: 0.002741
Accuracy: 0.448
class                  precision    recall   specificity      f1   support
--------------------------------------------------------------------------
0                          0.466     0.637         0.305   0.538       281
1                          0.000     0.000         1.000   0.000        30
2                          0.411     0.298         0.637   0.346       265
*----------------------------------------*
2026-02-05 12:55:55,811 INFO Final validation 62/300, Val_acc: 0.4375, time 37.82sAccuracy: 0.458
class                  precision    recall   specificity      f1   support
--------------------------------------------------------------------------
0                          0.000     0.000         1.000   0.000        70
1                          0.000     0.000         1.000   0.000         8
2                          0.458     1.000         0.000   0.629        66
*========================================*
2026-02-05 12:55:57,177 INFO 0 Thu Feb  5 12:55:57 2026 Epoch: 63
2026-02-05 12:56:43,041 INFO Final training 63/300, loss: 1.0528, time 45.86s, lr: 0.002732
Accuracy: 0.467
class                  precision    recall   specificity      f1   support
--------------------------------------------------------------------------
0                          0.478     0.532         0.449   0.503       280
1                          0.000     0.000         1.000   0.000        30
2                          0.455     0.451         0.535   0.453       266
*----------------------------------------*
2026-02-05 12:56:43,041 INFO 0 Thu Feb  5 12:56:43 2026 Epoch: 64
2026-02-05 12:57:29,197 INFO Final training 64/300, loss: 1.0748, time 46.16s, lr: 0.002723
Accuracy: 0.465
class                  precision    recall   specificity      f1   support
--------------------------------------------------------------------------
0                          0.487     0.520         0.478   0.503       281
1                          0.000     0.000         0.989   0.000        30
2                          0.452     0.460         0.524   0.456       265
*----------------------------------------*
2026-02-05 12:58:06,505 INFO Final validation 64/300, Val_acc: 0.4583, time 37.31sAccuracy: 0.486
class                  precision    recall   specificity      f1   support
--------------------------------------------------------------------------
0                          0.486     1.000         0.000   0.654        70
1                          0.000     0.000         1.000   0.000         8
2                          0.000     0.000         1.000   0.000        66
*========================================*
2026-02-05 12:58:07,835 INFO 0 Thu Feb  5 12:58:07 2026 Epoch: 65
2026-02-05 12:58:54,102 INFO Final training 65/300, loss: 1.0565, time 46.27s, lr: 0.002714
Accuracy: 0.476
class                  precision    recall   specificity      f1   support
--------------------------------------------------------------------------
0                          0.491     0.389         0.618   0.434       280
1                          0.000     0.000         1.000   0.000        30
2                          0.466     0.620         0.390   0.532       266
*----------------------------------------*
2026-02-05 12:58:54,102 INFO 0 Thu Feb  5 12:58:54 2026 Epoch: 66
2026-02-05 12:59:40,316 INFO Final training 66/300, loss: 1.0732, time 46.21s, lr: 0.002704
Accuracy: 0.451
class                  precision    recall   specificity      f1   support
--------------------------------------------------------------------------
0                          0.467     0.498         0.458   0.482       281
1                          0.000     0.000         1.000   0.000        30
2                          0.435     0.453         0.498   0.444       265
*----------------------------------------*
2026-02-05 13:00:18,281 INFO Final validation 66/300, Val_acc: 0.4583, time 37.96sAccuracy: 0.486
class                  precision    recall   specificity      f1   support
--------------------------------------------------------------------------
0                          0.486     1.000         0.000   0.654        70
1                          0.000     0.000         1.000   0.000         8
2                          0.000     0.000         1.000   0.000        66
*========================================*
2026-02-05 13:00:19,625 INFO 0 Thu Feb  5 13:00:19 2026 Epoch: 67
2026-02-05 13:01:06,022 INFO Final training 67/300, loss: 1.0854, time 46.40s, lr: 0.002694
Accuracy: 0.460
class                  precision    recall   specificity      f1   support
--------------------------------------------------------------------------
0                          0.477     0.580         0.393   0.523       281
1                          0.000     0.000         0.978   0.000        30
2                          0.459     0.385         0.614   0.419       265
*----------------------------------------*
2026-02-05 13:01:06,022 INFO 0 Thu Feb  5 13:01:06 2026 Epoch: 68
2026-02-05 13:01:51,549 INFO Final training 68/300, loss: 1.0607, time 45.53s, lr: 0.002685
Accuracy: 0.483
class                  precision    recall   specificity      f1   support
--------------------------------------------------------------------------
0                          0.488     0.564         0.439   0.523       280
1                          0.000     0.000         1.000   0.000        30
2                          0.476     0.451         0.574   0.463       266
*----------------------------------------*
2026-02-05 13:02:29,731 INFO Final validation 68/300, Val_acc: 0.4375, time 38.18sAccuracy: 0.458
class                  precision    recall   specificity      f1   support
--------------------------------------------------------------------------
0                          0.000     0.000         1.000   0.000        70
1                          0.000     0.000         1.000   0.000         8
2                          0.458     1.000         0.000   0.629        66
*========================================*
2026-02-05 13:02:31,072 INFO 0 Thu Feb  5 13:02:31 2026 Epoch: 69
2026-02-05 13:03:17,075 INFO Final training 69/300, loss: 1.0786, time 46.00s, lr: 0.002675
Accuracy: 0.453
class                  precision    recall   specificity      f1   support
--------------------------------------------------------------------------
0                          0.475     0.537         0.434   0.504       281
1                          0.000     0.000         0.967   0.000        30
2                          0.458     0.415         0.582   0.436       265
*----------------------------------------*
2026-02-05 13:03:17,075 INFO 0 Thu Feb  5 13:03:17 2026 Epoch: 70
2026-02-05 13:04:03,366 INFO Final training 70/300, loss: 1.0687, time 46.29s, lr: 0.002665
Accuracy: 0.484
class                  precision    recall   specificity      f1   support
--------------------------------------------------------------------------
0                          0.520     0.468         0.591   0.492       280
1                          0.000     0.000         0.978   0.000        30
2                          0.474     0.556         0.471   0.512       266
*----------------------------------------*
2026-02-05 13:04:40,634 INFO Final validation 70/300, Val_acc: 0.4583, time 37.27sAccuracy: 0.486
class                  precision    recall   specificity      f1   support
--------------------------------------------------------------------------
0                          0.486     1.000         0.000   0.654        70
1                          0.000     0.000         1.000   0.000         8
2                          0.000     0.000         1.000   0.000        66
*========================================*
2026-02-05 13:04:41,957 INFO 0 Thu Feb  5 13:04:41 2026 Epoch: 71
2026-02-05 13:05:27,576 INFO Final training 71/300, loss: 1.0606, time 45.62s, lr: 0.002655
Accuracy: 0.493
class                  precision    recall   specificity      f1   support
--------------------------------------------------------------------------
0                          0.523     0.480         0.583   0.501       281
1                          0.000     0.000         1.000   0.000        29
2                          0.469     0.560         0.455   0.510       266
*----------------------------------------*
2026-02-05 13:05:28,049 INFO 0 Thu Feb  5 13:05:28 2026 Epoch: 72
2026-02-05 13:06:14,201 INFO Final training 72/300, loss: 1.1317, time 46.15s, lr: 0.002644
Accuracy: 0.418
class                  precision    recall   specificity      f1   support
--------------------------------------------------------------------------
0                          0.452     0.475         0.456   0.463       280
1                          0.000     0.000         0.934   0.000        30
2                          0.439     0.406         0.555   0.422       266
*----------------------------------------*
2026-02-05 13:06:51,606 INFO Final validation 72/300, Val_acc: 0.4583, time 37.41sAccuracy: 0.486
class                  precision    recall   specificity      f1   support
--------------------------------------------------------------------------
0                          0.486     1.000         0.000   0.654        70
1                          0.000     0.000         1.000   0.000         8
2                          0.000     0.000         1.000   0.000        66
*========================================*
2026-02-05 13:06:52,983 INFO 0 Thu Feb  5 13:06:52 2026 Epoch: 73
2026-02-05 13:07:38,409 INFO Final training 73/300, loss: 1.0800, time 45.43s, lr: 0.002634
Accuracy: 0.514
class                  precision    recall   specificity      f1   support
--------------------------------------------------------------------------
0                          0.522     0.580         0.495   0.550       281
1                          0.000     0.000         1.000   0.000        30
2                          0.504     0.502         0.579   0.503       265
*----------------------------------------*
2026-02-05 13:07:38,409 INFO 0 Thu Feb  5 13:07:38 2026 Epoch: 74
2026-02-05 13:08:23,841 INFO Final training 74/300, loss: 1.1000, time 45.43s, lr: 0.002624
Accuracy: 0.424
class                  precision    recall   specificity      f1   support
--------------------------------------------------------------------------
0                          0.474     0.457         0.520   0.465       280
1                          0.062     0.100         0.918   0.077        30
2                          0.438     0.425         0.532   0.431       266
*----------------------------------------*
2026-02-05 13:09:01,799 INFO Final validation 74/300, Val_acc: 0.4583, time 37.96sAccuracy: 0.486
class                  precision    recall   specificity      f1   support
--------------------------------------------------------------------------
0                          0.486     1.000         0.000   0.654        70
1                          0.000     0.000         1.000   0.000         8
2                          0.000     0.000         1.000   0.000        66
*========================================*
2026-02-05 13:09:03,137 INFO 0 Thu Feb  5 13:09:03 2026 Epoch: 75
2026-02-05 13:09:48,715 INFO Final training 75/300, loss: 1.0505, time 45.58s, lr: 0.002613
Accuracy: 0.453
class                  precision    recall   specificity      f1   support
--------------------------------------------------------------------------
0                          0.467     0.409         0.556   0.436       281
1                          0.000     0.000         1.000   0.000        30
2                          0.442     0.551         0.408   0.491       265
*----------------------------------------*
2026-02-05 13:09:48,715 INFO 0 Thu Feb  5 13:09:48 2026 Epoch: 76
2026-02-05 13:10:35,363 INFO Final training 76/300, loss: 1.0655, time 46.65s, lr: 0.002602
Accuracy: 0.477
class                  precision    recall   specificity      f1   support
--------------------------------------------------------------------------
0                          0.484     0.641         0.349   0.551       281
1                          0.000     0.000         1.000   0.000        30
2                          0.466     0.358         0.650   0.405       265
*----------------------------------------*
2026-02-05 13:11:12,959 INFO Final validation 76/300, Val_acc: 0.4375, time 37.59sAccuracy: 0.458
class                  precision    recall   specificity      f1   support
--------------------------------------------------------------------------
0                          0.000     0.000         1.000   0.000        70
1                          0.000     0.000         1.000   0.000         8
2                          0.458     1.000         0.000   0.629        66
*========================================*
2026-02-05 13:11:14,358 INFO 0 Thu Feb  5 13:11:14 2026 Epoch: 77
2026-02-05 13:11:59,959 INFO Final training 77/300, loss: 1.0639, time 45.60s, lr: 0.002591
Accuracy: 0.470
class                  precision    recall   specificity      f1   support
--------------------------------------------------------------------------
0                          0.485     0.591         0.403   0.533       281
1                          0.000     0.000         1.000   0.000        30
2                          0.449     0.396         0.585   0.421       265
*----------------------------------------*
2026-02-05 13:11:59,959 INFO 0 Thu Feb  5 13:11:59 2026 Epoch: 78
2026-02-05 13:12:46,037 INFO Final training 78/300, loss: 1.1102, time 46.08s, lr: 0.002580
Accuracy: 0.436
class                  precision    recall   specificity      f1   support
--------------------------------------------------------------------------
0                          0.496     0.434         0.580   0.463       281
1                          0.048     0.067         0.927   0.056        30
2                          0.441     0.479         0.482   0.459       265
*----------------------------------------*
2026-02-05 13:13:23,696 INFO Final validation 78/300, Val_acc: 0.4583, time 37.66sAccuracy: 0.486
class                  precision    recall   specificity      f1   support
--------------------------------------------------------------------------
0                          0.486     1.000         0.000   0.654        70
1                          0.000     0.000         1.000   0.000         8
2                          0.000     0.000         1.000   0.000        66
*========================================*
2026-02-05 13:13:25,067 INFO 0 Thu Feb  5 13:13:25 2026 Epoch: 79
2026-02-05 13:14:11,070 INFO Final training 79/300, loss: 1.0812, time 46.00s, lr: 0.002569
Accuracy: 0.465
class                  precision    recall   specificity      f1   support
--------------------------------------------------------------------------
0                          0.509     0.425         0.611   0.463       280
1                          0.000     0.000         0.967   0.000        30
2                          0.460     0.560         0.435   0.505       266
*----------------------------------------*
2026-02-05 13:14:11,070 INFO 0 Thu Feb  5 13:14:11 2026 Epoch: 80
2026-02-05 13:14:56,811 INFO Final training 80/300, loss: 1.0599, time 45.74s, lr: 0.002558
Accuracy: 0.457
class                  precision    recall   specificity      f1   support
--------------------------------------------------------------------------
0                          0.475     0.598         0.369   0.529       281
1                          0.000     0.000         1.000   0.000        30
2                          0.428     0.358         0.592   0.390       265
*----------------------------------------*
2026-02-05 13:15:34,164 INFO Final validation 80/300, Val_acc: 0.4583, time 37.35sAccuracy: 0.486
class                  precision    recall   specificity      f1   support
--------------------------------------------------------------------------
0                          0.486     1.000         0.000   0.654        70
1                          0.000     0.000         1.000   0.000         8
2                          0.000     0.000         1.000   0.000        66
*========================================*
2026-02-05 13:15:35,537 INFO 0 Thu Feb  5 13:15:35 2026 Epoch: 81
2026-02-05 13:16:21,516 INFO Final training 81/300, loss: 1.0694, time 45.98s, lr: 0.002546
Accuracy: 0.462
class                  precision    recall   specificity      f1   support
--------------------------------------------------------------------------
0                          0.478     0.614         0.365   0.537       280
1                          0.000     0.000         1.000   0.000        30
2                          0.435     0.353         0.606   0.390       266
*----------------------------------------*
2026-02-05 13:16:21,955 INFO 0 Thu Feb  5 13:16:21 2026 Epoch: 82
2026-02-05 13:17:07,965 INFO Final training 82/300, loss: 1.0544, time 46.01s, lr: 0.002535
Accuracy: 0.510
class                  precision    recall   specificity      f1   support
--------------------------------------------------------------------------
0                          0.520     0.546         0.524   0.533       280
1                          0.000     0.000         1.000   0.000        30
2                          0.500     0.530         0.545   0.515       266
*----------------------------------------*
2026-02-05 13:17:45,708 INFO Final validation 82/300, Val_acc: 0.4375, time 37.74sAccuracy: 0.458
class                  precision    recall   specificity      f1   support
--------------------------------------------------------------------------
0                          0.000     0.000         1.000   0.000        70
1                          0.000     0.000         1.000   0.000         8
2                          0.458     1.000         0.000   0.629        66
*========================================*
2026-02-05 13:17:47,037 INFO 0 Thu Feb  5 13:17:47 2026 Epoch: 83
2026-02-05 13:18:32,864 INFO Final training 83/300, loss: 1.0799, time 45.83s, lr: 0.002523
Accuracy: 0.490
class                  precision    recall   specificity      f1   support
--------------------------------------------------------------------------
0                          0.503     0.580         0.454   0.539       281
1                          0.000     0.000         1.000   0.000        30
2                          0.472     0.449         0.572   0.460       265
*----------------------------------------*
2026-02-05 13:18:32,864 INFO 0 Thu Feb  5 13:18:32 2026 Epoch: 84
2026-02-05 13:19:19,474 INFO Final training 84/300, loss: 1.0682, time 46.61s, lr: 0.002512
Accuracy: 0.438
class                  precision    recall   specificity      f1   support
--------------------------------------------------------------------------
0                          0.458     0.500         0.439   0.478       280
1                          0.000     0.000         1.000   0.000        30
2                          0.415     0.421         0.490   0.418       266
*----------------------------------------*
2026-02-05 13:19:57,248 INFO Final validation 84/300, Val_acc: 0.4375, time 37.77sAccuracy: 0.458
class                  precision    recall   specificity      f1   support
--------------------------------------------------------------------------
0                          0.000     0.000         1.000   0.000        70
1                          0.000     0.000         1.000   0.000         8
2                          0.458     1.000         0.000   0.629        66
*========================================*
2026-02-05 13:19:58,534 INFO 0 Thu Feb  5 13:19:58 2026 Epoch: 85
2026-02-05 13:20:44,891 INFO Final training 85/300, loss: 1.0775, time 46.36s, lr: 0.002500
Accuracy: 0.443
class                  precision    recall   specificity      f1   support
--------------------------------------------------------------------------
0                          0.515     0.364         0.676   0.427       280
1                          0.000     0.000         0.912   0.000        30
2                          0.464     0.575         0.429   0.513       266
*----------------------------------------*
2026-02-05 13:20:44,892 INFO 0 Thu Feb  5 13:20:44 2026 Epoch: 86
2026-02-05 13:21:30,894 INFO Final training 86/300, loss: 1.0963, time 46.00s, lr: 0.002488
Accuracy: 0.450
class                  precision    recall   specificity      f1   support
--------------------------------------------------------------------------
0                          0.490     0.536         0.473   0.512       280
1                          0.048     0.067         0.927   0.056        30
2                          0.469     0.402         0.610   0.433       266
*----------------------------------------*
2026-02-05 13:22:08,162 INFO Final validation 86/300, Val_acc: 0.4583, time 37.27sAccuracy: 0.486
class                  precision    recall   specificity      f1   support
--------------------------------------------------------------------------
0                          0.486     1.000         0.000   0.654        70
1                          0.000     0.000         1.000   0.000         8
2                          0.000     0.000         1.000   0.000        66
*========================================*
2026-02-05 13:22:09,558 INFO 0 Thu Feb  5 13:22:09 2026 Epoch: 87
2026-02-05 13:22:56,653 INFO Final training 87/300, loss: 1.0759, time 47.09s, lr: 0.002476
Accuracy: 0.467
class                  precision    recall   specificity      f1   support
--------------------------------------------------------------------------
0                          0.476     0.488         0.488   0.482       281
1                          0.000     0.000         1.000   0.000        30
2                          0.458     0.498         0.498   0.477       265
*----------------------------------------*
2026-02-05 13:22:56,654 INFO 0 Thu Feb  5 13:22:56 2026 Epoch: 88
2026-02-05 13:23:43,141 INFO Final training 88/300, loss: 1.0733, time 46.49s, lr: 0.002464
Accuracy: 0.467
class                  precision    recall   specificity      f1   support
--------------------------------------------------------------------------
0                          0.473     0.507         0.466   0.490       280
1                          0.000     0.000         1.000   0.000        30
2                          0.460     0.477         0.519   0.469       266
*----------------------------------------*
2026-02-05 13:24:20,630 INFO Final validation 88/300, Val_acc: 0.4375, time 37.49sAccuracy: 0.458
class                  precision    recall   specificity      f1   support
--------------------------------------------------------------------------
0                          0.000     0.000         1.000   0.000        70
1                          0.000     0.000         1.000   0.000         8
2                          0.458     1.000         0.000   0.629        66
*========================================*
2026-02-05 13:24:21,975 INFO 0 Thu Feb  5 13:24:21 2026 Epoch: 89
2026-02-05 13:25:07,750 INFO Final training 89/300, loss: 1.0740, time 45.78s, lr: 0.002451
Accuracy: 0.479
class                  precision    recall   specificity      f1   support
--------------------------------------------------------------------------
0                          0.492     0.662         0.349   0.564       281
1                          0.000     0.000         1.000   0.000        30
2                          0.455     0.340         0.653   0.389       265
*----------------------------------------*
2026-02-05 13:25:07,750 INFO 0 Thu Feb  5 13:25:07 2026 Epoch: 90
2026-02-05 13:25:52,549 INFO Final training 90/300, loss: 1.0837, time 44.80s, lr: 0.002439
Accuracy: 0.497
class                  precision    recall   specificity      f1   support
--------------------------------------------------------------------------
0                          0.545     0.302         0.759   0.389       281
1                          0.000     0.000         1.000   0.000        30
2                          0.479     0.758         0.296   0.587       265
*----------------------------------------*
2026-02-05 13:26:30,215 INFO Final validation 90/300, Val_acc: 0.4375, time 37.67sAccuracy: 0.458
class                  precision    recall   specificity      f1   support
--------------------------------------------------------------------------
0                          0.000     0.000         1.000   0.000        70
1                          0.000     0.000         1.000   0.000         8
2                          0.458     1.000         0.000   0.629        66
*========================================*
2026-02-05 13:26:31,557 INFO 0 Thu Feb  5 13:26:31 2026 Epoch: 91
2026-02-05 13:27:17,683 INFO Final training 91/300, loss: 1.0720, time 46.13s, lr: 0.002426
Accuracy: 0.469
class                  precision    recall   specificity      f1   support
--------------------------------------------------------------------------
0                          0.477     0.509         0.468   0.492       281
1                          0.000     0.000         1.000   0.000        29
2                          0.460     0.477         0.519   0.469       266
*----------------------------------------*
2026-02-05 13:27:18,117 INFO 0 Thu Feb  5 13:27:18 2026 Epoch: 92
2026-02-05 13:28:04,028 INFO Final training 92/300, loss: 1.0715, time 45.91s, lr: 0.002414
Accuracy: 0.436
class                  precision    recall   specificity      f1   support
--------------------------------------------------------------------------
0                          0.451     0.587         0.319   0.510       281
1                          0.000     0.000         1.000   0.000        30
2                          0.410     0.325         0.601   0.362       265
*----------------------------------------*
2026-02-05 13:28:41,408 INFO Final validation 92/300, Val_acc: 0.4375, time 37.38sAccuracy: 0.458
class                  precision    recall   specificity      f1   support
--------------------------------------------------------------------------
0                          0.000     0.000         1.000   0.000        70
1                          0.000     0.000         1.000   0.000         8
2                          0.458     1.000         0.000   0.629        66
*========================================*
2026-02-05 13:28:42,733 INFO 0 Thu Feb  5 13:28:42 2026 Epoch: 93
2026-02-05 13:29:28,956 INFO Final training 93/300, loss: 1.0613, time 46.22s, lr: 0.002401
Accuracy: 0.438
class                  precision    recall   specificity      f1   support
--------------------------------------------------------------------------
0                          0.447     0.448         0.471   0.448       281
1                          0.000     0.000         1.000   0.000        30
2                          0.429     0.475         0.460   0.451       265
*----------------------------------------*
2026-02-05 13:29:28,956 INFO 0 Thu Feb  5 13:29:28 2026 Epoch: 94
2026-02-05 13:30:14,741 INFO Final training 94/300, loss: 1.0606, time 45.78s, lr: 0.002388
Accuracy: 0.446
class                  precision    recall   specificity      f1   support
--------------------------------------------------------------------------
0                          0.458     0.432         0.517   0.445       280
1                          0.000     0.000         1.000   0.000        30
2                          0.436     0.511         0.432   0.471       266
*----------------------------------------*
2026-02-05 13:30:52,107 INFO Final validation 94/300, Val_acc: 0.4583, time 37.37sAccuracy: 0.486
class                  precision    recall   specificity      f1   support
--------------------------------------------------------------------------
0                          0.486     1.000         0.000   0.654        70
1                          0.000     0.000         1.000   0.000         8
2                          0.000     0.000         1.000   0.000        66
*========================================*
2026-02-05 13:30:53,464 INFO [EarlyStopping] Stopping training for val accuracy at epoch 94
2026-02-05 13:30:53,874 INFO Training Finished! Best Accuracy: 0.4583
2026-02-05 13:30:53,874 INFO ====================================================================================================
2026-02-05 13:30:53,874 INFO 
2026-02-05 13:31:04,777 INFO => loading checkpoint 'outputs/OrganoidsINRIA_Slice_32x32x32/swinvit/2026-02-05-11-48/training/best_model.pt'
2026-02-05 13:31:04,812 INFO Loaded 128 keys from checkpoint
2026-02-05 13:31:10,828 INFO Final testing , Test_acc: 0.4756, time 6.01sAccuracy: 0.488
class                  precision    recall   specificity      f1   support
--------------------------------------------------------------------------
0                          0.488     1.000         0.000   0.656        40
1                          0.000     0.000         1.000   0.000         5
2                          0.000     0.000         1.000   0.000        37
*========================================*
2026-02-05 13:31:11,250 INFO Testing Finished! Best Accuracy: 0.4756
2026-02-05 13:31:11,250 INFO ====================================================================================================
2026-02-05 13:31:14,224 INFO Total time spent: 01 hours 43 minutes 04 seconds
2026-02-05 13:31:14,224 INFO 
2026-02-05 13:31:14,224 INFO Final Results Summary:
2026-02-05 13:31:14,224 INFO | TrainLoss | TrainAcc | ValAccMax | W_TrainF1 | W_TrainPrecision | W_TrainRecall | W_TrainSpecificity | TestAcc | W_TestF1 | W_TestPrecision | W_TestRecall | W_TestSpecificity |
2026-02-05 13:31:14,224 INFO | 1.0606 | 0.4531 | 0.4861 | 0.3180 | 0.2363 | 0.4861 | 0.5139 | 0.4878 | 0.3199 | 0.2380 | 0.4878 | 0.5122 |
2026-02-05 13:31:14,224 INFO 
