2025-11-20 10:01:10,073 INFO Log directory: outputs/OrganoidsINRIA_reduced/swinunetr+noah/2025-11-20-10-01
2025-11-20 10:01:10,076 INFO {'RandFlipd_prob': 0.2,
 'RandRotate90d_prob': 0.2,
 'RandScaleIntensityd_prob': 0.1,
 'RandShiftIntensityd_prob': 0.1,
 'amp': True,
 'augmentation': True,
 'batch_size': 6,
 'cache_dataset': False,
 'checkpoint_path': './outputs/OrganoidsINRIA_reduced/swinunetr+noah/03_part01/training/model_final.pt',
 'data_dir': '/home/mraffael/martone_project/Organoids_Dataset_256/',
 'dataset_name': 'OrganoidsINRIA_reduced',
 'debug': False,
 'debug_train_samples': 40,
 'debug_val_samples': 10,
 'dist_backend': 'nccl',
 'dist_url': 'tcp://127.0.0.1:23456',
 'distributed': False,
 'dropout_path_rate': 0.0,
 'dropout_rate': 0.0,
 'early_stopping': True,
 'encoder10_pth': '',
 'exact_class': False,
 'feature_size': 48,
 'fold': 0,
 'folds': False,
 'gpu': 0,
 'ignore_label': 3,
 'in_channels': 1,
 'infer_overlap': 0.5,
 'k_folds': 5,
 'logdir': 'test',
 'logs_dir': 'logs/',
 'loss_name': 'CE',
 'lrschedule': 'warmup_cosine',
 'max_epochs': 150,
 'min_delta_loss': 0.001,
 'min_delta_val': 0.01,
 'model_name': 'swinunetr+noah',
 'momentum': 0.99,
 'noamp': False,
 'norm_name': 'instance',
 'oar_id': 2125982,
 'optim_lr': 8e-05,
 'optim_name': 'adamw',
 'out_channels': 1,
 'output_dir': 'outputs/',
 'patch_merging': True,
 'patience_loss': 40,
 'patience_val': 40,
 'pretrained_dir': './pretrained_models/fold1_f48_ep300_4gpu_dice0_9059/',
 'pretrained_model_name': 'model_swinvit.pt',
 'rank': 0,
 'reg_weight': 5e-05,
 'restart_T0': 20,
 'resume_ckpt': False,
 'roi_x': 128,
 'roi_y': 128,
 'roi_z': 128,
 'save_checkpoint': True,
 'seed': 3,
 'similarity_loss': '',
 'similarity_loss_weight': 0.0,
 'spatial_dims': 3,
 'split_method': 'stratified',
 'start_epoch': 0,
 'sw_batch_size': 8,
 'telegram_log': True,
 'test_mode': False,
 'token': './token/tlg_token.txt',
 'use_checkpoint': False,
 'val_every': 2,
 'warmup_epochs': 0,
 'workers': 8,
 'world_size': 1}
2025-11-20 10:01:10,076 INFO 
2025-11-20 10:01:10,080 INFO Saved configuration to: outputs/OrganoidsINRIA_reduced/swinunetr+noah/2025-11-20-10-01/config.txt
2025-11-20 10:01:10,579 INFO Using GPU: 0
2025-11-20 10:01:10,579 INFO 
2025-11-20 10:01:10,579 INFO Model INFO:
2025-11-20 10:01:10,579 INFO Model architecture: swinunetr+noah
2025-11-20 10:01:10,871 INFO Skipping loading pretrained weights since checkpoint path is provided
2025-11-20 10:01:10,872 INFO Using SwinUNETR with NOAH Classification Head
2025-11-20 10:01:10,874 INFO => loading checkpoint './outputs/OrganoidsINRIA_reduced/swinunetr+noah/03_part01/training/model_final.pt'
2025-11-20 10:01:16,827 INFO Loaded 132 keys from checkpoint
2025-11-20 10:01:16,846 INFO Total trainable parameters: 39,917,112
2025-11-20 10:01:16,862 INFO 
2025-11-20 10:01:16,862 INFO Optimizer INFO:
2025-11-20 10:01:16,862 INFO Using optimizer: adamw with lr=8e-05, weight_decay=5e-05
2025-11-20 10:01:16,862 INFO 
2025-11-20 10:01:16,862 INFO Dataset INFO:
2025-11-20 10:01:17,265 INFO Dataset length: 721
2025-11-20 10:01:17,265 INFO Class distribution in entire dataset:
2025-11-20 10:01:17,265 INFO   Class 0: 351
2025-11-20 10:01:17,265 INFO   Class 1: 38
2025-11-20 10:01:17,265 INFO   Class 2: 332
2025-11-20 10:01:17,265 INFO 
Using split method: stratified
2025-11-20 10:01:17,267 INFO 
Train set balance:
2025-11-20 10:01:17,267 INFO 
Val set balance:
2025-11-20 10:01:17,267 INFO Training set length: 577
2025-11-20 10:01:17,267 INFO Validation set length: 144
2025-11-20 10:01:17,267 INFO 
Using standard shuffle for training
2025-11-20 10:01:17,267 INFO Training loader: 96 batches
2025-11-20 10:01:17,267 INFO Validation loader: 24 batches
2025-11-20 10:01:17,267 INFO 
Class distribution in training set:
2025-11-20 10:01:17,267 INFO   Class 0: 281 (48.7%)
2025-11-20 10:01:17,267 INFO   Class 1: 30 (5.2%)
2025-11-20 10:01:17,267 INFO   Class 2: 266 (46.1%)
2025-11-20 10:01:17,267 INFO Class distribution in validation set:
2025-11-20 10:01:17,267 INFO   Class 0: 70 (48.6%)
2025-11-20 10:01:17,267 INFO   Class 1: 8 (5.6%)
2025-11-20 10:01:17,268 INFO   Class 2: 66 (45.8%)
2025-11-20 10:01:17,268 INFO **************************************************
2025-11-20 10:01:17,276 INFO Class weights: [ 6.845  64.111  7.231]
2025-11-20 10:01:17,276 INFO 
2025-11-20 10:01:17,276 INFO Test Dataset INFO:
2025-11-20 10:01:17,466 INFO Test Dataset length: 82
2025-11-20 10:01:17,466 INFO Class distribution in test dataset:
2025-11-20 10:01:17,466 INFO   Class 0: 40
2025-11-20 10:01:17,466 INFO   Class 1: 5
2025-11-20 10:01:17,466 INFO   Class 2: 37
2025-11-20 10:01:17,466 INFO Test loader: 14 batches
2025-11-20 10:01:17,466 INFO **************************************************
2025-11-20 10:01:17,467 INFO 
2025-11-20 10:01:17,467 INFO Using loss function: CE
2025-11-20 10:01:17,470 INFO **************************************************
2025-11-20 10:01:17,470 INFO Starting training...
2025-11-20 10:01:17,473 INFO 0 Thu Nov 20 10:01:17 2025 Epoch: 124
2025-11-20 10:11:31,793 INFO Final training 124/150, loss: 0.3954, time 614.32s, lr: 0.000000
Accuracy: 0.837
class                  precision    recall   specificity      f1   support
--------------------------------------------------------------------------
0                          0.918     0.836         0.929   0.875       281
1                          0.418     0.933         0.929   0.577        30
2                          0.866     0.826         0.891   0.846       265
*----------------------------------------*
2025-11-20 10:14:23,044 INFO Final validation 124/150, Val_acc: 0.7464, time 171.25sAccuracy: 0.819
class                  precision    recall   specificity      f1   support
--------------------------------------------------------------------------
0                          0.906     0.829         0.919   0.866        70
1                          0.312     0.625         0.919   0.417         8
2                          0.859     0.833         0.885   0.846        66
*========================================*
2025-11-20 10:14:27,885 INFO 0 Thu Nov 20 10:14:27 2025 Epoch: 125
2025-11-20 10:24:37,456 INFO Final training 125/150, loss: 0.4185, time 609.57s, lr: 0.000000
Accuracy: 0.828
class                  precision    recall   specificity      f1   support
--------------------------------------------------------------------------
0                          0.908     0.850         0.919   0.878       280
1                          0.409     0.900         0.929   0.563        30
2                          0.855     0.797         0.884   0.825       266
*----------------------------------------*
2025-11-20 10:24:37,457 INFO 0 Thu Nov 20 10:24:37 2025 Epoch: 126
2025-11-20 10:34:47,091 INFO Final training 126/150, loss: 0.4201, time 609.63s, lr: 0.000000
Accuracy: 0.845
class                  precision    recall   specificity      f1   support
--------------------------------------------------------------------------
0                          0.924     0.865         0.932   0.893       281
1                          0.406     0.933         0.925   0.566        30
2                          0.885     0.815         0.910   0.849       265
*----------------------------------------*
2025-11-20 10:37:08,067 INFO Final validation 126/150, Val_acc: 0.7464, time 140.98sAccuracy: 0.819
class                  precision    recall   specificity      f1   support
--------------------------------------------------------------------------
0                          0.906     0.829         0.919   0.866        70
1                          0.312     0.625         0.919   0.417         8
2                          0.859     0.833         0.885   0.846        66
*========================================*
2025-11-20 10:37:13,186 INFO 0 Thu Nov 20 10:37:13 2025 Epoch: 127
2025-11-20 10:47:17,269 INFO Final training 127/150, loss: 0.4226, time 604.08s, lr: 0.000000
Accuracy: 0.816
class                  precision    recall   specificity      f1   support
--------------------------------------------------------------------------
0                          0.893     0.836         0.905   0.863       280
1                          0.400     0.933         0.923   0.560        30
2                          0.852     0.782         0.884   0.816       266
*----------------------------------------*
2025-11-20 10:47:17,341 INFO 0 Thu Nov 20 10:47:17 2025 Epoch: 128
2025-11-20 10:57:22,748 INFO Final training 128/150, loss: 0.4743, time 605.41s, lr: 0.000000
Accuracy: 0.812
class                  precision    recall   specificity      f1   support
--------------------------------------------------------------------------
0                          0.904     0.839         0.916   0.870       280
1                          0.355     0.900         0.910   0.509        30
2                          0.858     0.774         0.890   0.814       266
*----------------------------------------*
2025-11-20 10:59:43,708 INFO Final validation 128/150, Val_acc: 0.7464, time 140.96sAccuracy: 0.819
class                  precision    recall   specificity      f1   support
--------------------------------------------------------------------------
0                          0.906     0.829         0.919   0.866        70
1                          0.312     0.625         0.919   0.417         8
2                          0.859     0.833         0.885   0.846        66
*========================================*
2025-11-20 10:59:48,527 INFO 0 Thu Nov 20 10:59:48 2025 Epoch: 129
2025-11-20 11:09:58,322 INFO Final training 129/150, loss: 0.4007, time 609.80s, lr: 0.000000
Accuracy: 0.823
class                  precision    recall   specificity      f1   support
--------------------------------------------------------------------------
0                          0.906     0.858         0.915   0.881       281
1                          0.394     0.933         0.921   0.554        30
2                          0.858     0.774         0.891   0.813       265
*----------------------------------------*
2025-11-20 11:09:58,323 INFO 0 Thu Nov 20 11:09:58 2025 Epoch: 130
2025-11-20 11:20:07,341 INFO Final training 130/150, loss: 0.4244, time 609.02s, lr: 0.000000
Accuracy: 0.814
class                  precision    recall   specificity      f1   support
--------------------------------------------------------------------------
0                          0.884     0.840         0.895   0.861       281
1                          0.389     0.933         0.919   0.549        30
2                          0.865     0.774         0.897   0.817       265
*----------------------------------------*
2025-11-20 11:22:28,170 INFO Final validation 130/150, Val_acc: 0.7464, time 140.83sAccuracy: 0.819
class                  precision    recall   specificity      f1   support
--------------------------------------------------------------------------
0                          0.906     0.829         0.919   0.866        70
1                          0.312     0.625         0.919   0.417         8
2                          0.859     0.833         0.885   0.846        66
*========================================*
2025-11-20 11:22:33,025 INFO 0 Thu Nov 20 11:22:33 2025 Epoch: 131
2025-11-20 11:32:36,045 INFO Final training 131/150, loss: 0.4074, time 603.02s, lr: 0.000000
Accuracy: 0.814
class                  precision    recall   specificity      f1   support
--------------------------------------------------------------------------
0                          0.916     0.818         0.929   0.864       280
1                          0.375     1.000         0.908   0.545        30
2                          0.854     0.789         0.884   0.820       266
*----------------------------------------*
2025-11-20 11:32:36,618 INFO 0 Thu Nov 20 11:32:36 2025 Epoch: 132
2025-11-20 11:42:37,459 INFO Final training 132/150, loss: 0.4175, time 600.84s, lr: 0.000000
Accuracy: 0.828
class                  precision    recall   specificity      f1   support
--------------------------------------------------------------------------
0                          0.891     0.850         0.902   0.870       280
1                          0.391     0.900         0.923   0.545        30
2                          0.883     0.797         0.910   0.838       266
*----------------------------------------*
2025-11-20 11:44:58,604 INFO Final validation 132/150, Val_acc: 0.7464, time 141.14sAccuracy: 0.819
class                  precision    recall   specificity      f1   support
--------------------------------------------------------------------------
0                          0.906     0.829         0.919   0.866        70
1                          0.312     0.625         0.919   0.417         8
2                          0.859     0.833         0.885   0.846        66
*========================================*
2025-11-20 11:45:03,423 INFO 0 Thu Nov 20 11:45:03 2025 Epoch: 133
2025-11-20 11:55:08,194 INFO Final training 133/150, loss: 0.4361, time 604.77s, lr: 0.000000
Accuracy: 0.786
class                  precision    recall   specificity      f1   support
--------------------------------------------------------------------------
0                          0.871     0.815         0.885   0.842       281
1                          0.372     0.967         0.910   0.537        30
2                          0.830     0.736         0.871   0.780       265
*----------------------------------------*
2025-11-20 11:55:08,195 INFO 0 Thu Nov 20 11:55:08 2025 Epoch: 134
2025-11-20 12:05:14,067 INFO Final training 134/150, loss: 0.4451, time 605.87s, lr: 0.000000
Accuracy: 0.825
class                  precision    recall   specificity      f1   support
--------------------------------------------------------------------------
0                          0.899     0.857         0.909   0.878       280
1                          0.392     0.967         0.918   0.558        30
2                          0.877     0.774         0.906   0.822       266
*----------------------------------------*
2025-11-20 12:07:35,015 INFO Final validation 134/150, Val_acc: 0.7464, time 140.95sAccuracy: 0.819
class                  precision    recall   specificity      f1   support
--------------------------------------------------------------------------
0                          0.906     0.829         0.919   0.866        70
1                          0.312     0.625         0.919   0.417         8
2                          0.859     0.833         0.885   0.846        66
*========================================*
2025-11-20 12:07:39,847 INFO 0 Thu Nov 20 12:07:39 2025 Epoch: 135
2025-11-20 12:17:45,316 INFO Final training 135/150, loss: 0.4475, time 605.47s, lr: 0.000000
Accuracy: 0.816
class                  precision    recall   specificity      f1   support
--------------------------------------------------------------------------
0                          0.924     0.822         0.936   0.870       281
1                          0.380     0.931         0.920   0.540        29
2                          0.831     0.797         0.861   0.814       266
*----------------------------------------*
2025-11-20 12:17:45,316 INFO 0 Thu Nov 20 12:17:45 2025 Epoch: 136
2025-11-20 12:27:50,078 INFO Final training 136/150, loss: 0.4378, time 604.76s, lr: 0.000000
Accuracy: 0.806
class                  precision    recall   specificity      f1   support
--------------------------------------------------------------------------
0                          0.891     0.811         0.905   0.849       281
1                          0.429     1.000         0.927   0.600        30
2                          0.824     0.777         0.859   0.800       265
*----------------------------------------*
2025-11-20 12:30:11,040 INFO Final validation 136/150, Val_acc: 0.7464, time 140.96sAccuracy: 0.819
class                  precision    recall   specificity      f1   support
--------------------------------------------------------------------------
0                          0.906     0.829         0.919   0.866        70
1                          0.312     0.625         0.919   0.417         8
2                          0.859     0.833         0.885   0.846        66
*========================================*
2025-11-20 12:30:15,932 INFO 0 Thu Nov 20 12:30:15 2025 Epoch: 137
2025-11-20 12:40:16,950 INFO Final training 137/150, loss: 0.3680, time 601.02s, lr: 0.000000
Accuracy: 0.832
class                  precision    recall   specificity      f1   support
--------------------------------------------------------------------------
0                          0.894     0.868         0.902   0.881       281
1                          0.429     1.000         0.927   0.600        30
2                          0.880     0.774         0.910   0.823       265
*----------------------------------------*
2025-11-20 12:40:16,950 INFO 0 Thu Nov 20 12:40:16 2025 Epoch: 138
2025-11-20 12:50:20,355 INFO Final training 138/150, loss: 0.4310, time 603.40s, lr: 0.000000
Accuracy: 0.839
class                  precision    recall   specificity      f1   support
--------------------------------------------------------------------------
0                          0.921     0.832         0.932   0.874       280
1                          0.439     0.967         0.932   0.604        30
2                          0.860     0.831         0.884   0.845       266
*----------------------------------------*
2025-11-20 12:52:41,214 INFO Final validation 138/150, Val_acc: 0.7464, time 140.86sAccuracy: 0.819
class                  precision    recall   specificity      f1   support
--------------------------------------------------------------------------
0                          0.906     0.829         0.919   0.866        70
1                          0.312     0.625         0.919   0.417         8
2                          0.859     0.833         0.885   0.846        66
*========================================*
2025-11-20 12:52:46,094 INFO 0 Thu Nov 20 12:52:46 2025 Epoch: 139
2025-11-20 13:02:53,052 INFO Final training 139/150, loss: 0.4193, time 606.96s, lr: 0.000000
Accuracy: 0.845
class                  precision    recall   specificity      f1   support
--------------------------------------------------------------------------
0                          0.924     0.864         0.932   0.893       280
1                          0.426     0.967         0.929   0.592        30
2                          0.878     0.812         0.903   0.844       266
*----------------------------------------*
2025-11-20 13:02:53,053 INFO 0 Thu Nov 20 13:02:53 2025 Epoch: 140
2025-11-20 13:13:01,837 INFO Final training 140/150, loss: 0.4249, time 608.78s, lr: 0.000000
Accuracy: 0.821
class                  precision    recall   specificity      f1   support
--------------------------------------------------------------------------
0                          0.884     0.843         0.895   0.863       281
1                          0.412     0.966         0.927   0.577        29
2                          0.867     0.782         0.897   0.822       266
*----------------------------------------*
2025-11-20 13:15:22,772 INFO Final validation 140/150, Val_acc: 0.7464, time 140.93sAccuracy: 0.819
class                  precision    recall   specificity      f1   support
--------------------------------------------------------------------------
0                          0.906     0.829         0.919   0.866        70
1                          0.312     0.625         0.919   0.417         8
2                          0.859     0.833         0.885   0.846        66
*========================================*
2025-11-20 13:15:27,676 INFO 0 Thu Nov 20 13:15:27 2025 Epoch: 141
2025-11-20 13:25:34,662 INFO Final training 141/150, loss: 0.4503, time 606.99s, lr: 0.000000
Accuracy: 0.823
class                  precision    recall   specificity      f1   support
--------------------------------------------------------------------------
0                          0.919     0.843         0.929   0.879       281
1                          0.367     0.967         0.908   0.532        30
2                          0.870     0.785         0.900   0.825       265
*----------------------------------------*
2025-11-20 13:25:35,118 INFO 0 Thu Nov 20 13:25:35 2025 Epoch: 142
2025-11-20 13:35:40,071 INFO Final training 142/150, loss: 0.4002, time 604.95s, lr: 0.000000
Accuracy: 0.825
class                  precision    recall   specificity      f1   support
--------------------------------------------------------------------------
0                          0.933     0.839         0.943   0.883       280
1                          0.358     0.967         0.905   0.523        30
2                          0.868     0.793         0.897   0.829       266
*----------------------------------------*
2025-11-20 13:38:00,992 INFO Final validation 142/150, Val_acc: 0.7464, time 140.92sAccuracy: 0.819
class                  precision    recall   specificity      f1   support
--------------------------------------------------------------------------
0                          0.906     0.829         0.919   0.866        70
1                          0.312     0.625         0.919   0.417         8
2                          0.859     0.833         0.885   0.846        66
*========================================*
2025-11-20 13:38:05,798 INFO 0 Thu Nov 20 13:38:05 2025 Epoch: 143
2025-11-20 13:48:11,375 INFO Final training 143/150, loss: 0.4109, time 605.58s, lr: 0.000000
Accuracy: 0.842
class                  precision    recall   specificity      f1   support
--------------------------------------------------------------------------
0                          0.912     0.851         0.922   0.880       281
1                          0.439     0.967         0.932   0.604        30
2                          0.875     0.819         0.900   0.846       265
*----------------------------------------*
2025-11-20 13:48:11,376 INFO 0 Thu Nov 20 13:48:11 2025 Epoch: 144
2025-11-20 13:58:23,237 INFO Final training 144/150, loss: 0.3780, time 611.86s, lr: 0.000000
Accuracy: 0.842
class                  precision    recall   specificity      f1   support
--------------------------------------------------------------------------
0                          0.933     0.847         0.942   0.888       281
1                          0.423     1.000         0.925   0.594        30
2                          0.868     0.819         0.894   0.843       265
*----------------------------------------*
2025-11-20 14:00:44,044 INFO Final validation 144/150, Val_acc: 0.7464, time 140.81sAccuracy: 0.819
class                  precision    recall   specificity      f1   support
--------------------------------------------------------------------------
0                          0.906     0.829         0.919   0.866        70
1                          0.312     0.625         0.919   0.417         8
2                          0.859     0.833         0.885   0.846        66
*========================================*
2025-11-20 14:00:48,888 INFO 0 Thu Nov 20 14:00:48 2025 Epoch: 145
2025-11-20 14:10:57,259 INFO Final training 145/150, loss: 0.4052, time 608.37s, lr: 0.000000
Accuracy: 0.828
class                  precision    recall   specificity      f1   support
--------------------------------------------------------------------------
0                          0.906     0.858         0.915   0.881       281
1                          0.386     0.931         0.921   0.545        29
2                          0.871     0.786         0.900   0.826       266
*----------------------------------------*
2025-11-20 14:10:57,260 INFO 0 Thu Nov 20 14:10:57 2025 Epoch: 146
2025-11-20 14:21:02,793 INFO Final training 146/150, loss: 0.3922, time 605.53s, lr: 0.000000
Accuracy: 0.830
class                  precision    recall   specificity      f1   support
--------------------------------------------------------------------------
0                          0.937     0.843         0.946   0.887       280
1                          0.392     0.967         0.918   0.558        30
2                          0.852     0.801         0.881   0.826       266
*----------------------------------------*
2025-11-20 14:23:23,734 INFO Final validation 146/150, Val_acc: 0.7464, time 140.94sAccuracy: 0.819
class                  precision    recall   specificity      f1   support
--------------------------------------------------------------------------
0                          0.906     0.829         0.919   0.866        70
1                          0.312     0.625         0.919   0.417         8
2                          0.859     0.833         0.885   0.846        66
*========================================*
2025-11-20 14:23:28,586 INFO 0 Thu Nov 20 14:23:28 2025 Epoch: 147
2025-11-20 14:33:35,048 INFO Final training 147/150, loss: 0.4080, time 606.46s, lr: 0.000000
Accuracy: 0.809
class                  precision    recall   specificity      f1   support
--------------------------------------------------------------------------
0                          0.885     0.821         0.899   0.852       280
1                          0.424     0.933         0.930   0.583        30
2                          0.832     0.782         0.865   0.806       266
*----------------------------------------*
2025-11-20 14:33:35,048 INFO 0 Thu Nov 20 14:33:35 2025 Epoch: 148
2025-11-20 14:43:48,309 INFO Final training 148/150, loss: 0.4071, time 613.26s, lr: 0.000000
Accuracy: 0.826
class                  precision    recall   specificity      f1   support
--------------------------------------------------------------------------
0                          0.921     0.833         0.932   0.875       281
1                          0.397     0.967         0.919   0.563        30
2                          0.855     0.804         0.884   0.829       265
*----------------------------------------*
2025-11-20 14:46:09,153 INFO Final validation 148/150, Val_acc: 0.7464, time 140.84sAccuracy: 0.819
class                  precision    recall   specificity      f1   support
--------------------------------------------------------------------------
0                          0.906     0.829         0.919   0.866        70
1                          0.312     0.625         0.919   0.417         8
2                          0.859     0.833         0.885   0.846        66
*========================================*
2025-11-20 14:46:14,009 INFO 0 Thu Nov 20 14:46:14 2025 Epoch: 149
2025-11-20 14:56:19,054 INFO Final training 149/150, loss: 0.3861, time 605.05s, lr: 0.000000
Accuracy: 0.823
class                  precision    recall   specificity      f1   support
--------------------------------------------------------------------------
0                          0.921     0.833         0.932   0.875       281
1                          0.400     1.000         0.918   0.571        30
2                          0.850     0.792         0.881   0.820       265
*----------------------------------------*
2025-11-20 14:56:19,055 INFO 0 Thu Nov 20 14:56:19 2025 Epoch: 150
2025-11-20 15:06:24,436 INFO Final training 150/150, loss: 0.4418, time 605.38s, lr: 0.000000
Accuracy: 0.816
class                  precision    recall   specificity      f1   support
--------------------------------------------------------------------------
0                          0.917     0.829         0.929   0.871       281
1                          0.351     0.867         0.912   0.500        30
2                          0.851     0.796         0.881   0.823       265
*----------------------------------------*
2025-11-20 15:08:45,320 INFO Final validation 150/150, Val_acc: 0.7464, time 140.88sAccuracy: 0.819
class                  precision    recall   specificity      f1   support
--------------------------------------------------------------------------
0                          0.906     0.829         0.919   0.866        70
1                          0.312     0.625         0.919   0.417         8
2                          0.859     0.833         0.885   0.846        66
*========================================*
2025-11-20 15:08:50,235 INFO Training Finished! Best Accuracy: 0.7962
2025-11-20 15:08:50,236 INFO ====================================================================================================
2025-11-20 15:08:50,236 INFO 
2025-11-20 15:10:26,461 INFO Final testing , Test_acc: 0.6077, time 86.41sAccuracy: 0.817
class                  precision    recall   specificity      f1   support
--------------------------------------------------------------------------
0                          0.970     0.800         0.976   0.877        40
1                          0.417     1.000         0.909   0.588         5
2                          0.811     0.811         0.844   0.811        37
*========================================*
2025-11-20 15:10:26,965 INFO Testing Finished! Best Accuracy: 0.6077
2025-11-20 15:10:26,965 INFO ====================================================================================================
2025-11-20 15:10:29,796 INFO Total time spent: 05 hours 09 minutes 12 seconds
2025-11-20 15:10:29,796 INFO 
2025-11-20 15:10:29,796 INFO Final Results Summary:
2025-11-20 15:10:29,796 INFO | TrainLoss | TrainAcc | ValAccMax | W_TrainF1 | W_TrainPrecision | W_TrainRecall | W_TrainSpecificity |
