2025-10-21 09:39:33,705 INFO Log directory: outputs/OrganoidsINRIA/swinunetr/2025-10-21-09-39
2025-10-21 09:39:33,708 INFO {'RandFlipd_prob': 0.2,
 'RandRotate90d_prob': 0.2,
 'RandScaleIntensityd_prob': 0.1,
 'RandShiftIntensityd_prob': 0.1,
 'amp': True,
 'batch_size': 8,
 'cache_dataset': False,
 'checkpoint': None,
 'data_dir': '/home/mraffael/martone_project/Organoids_Dataset/',
 'dataset_name': 'OrganoidsINRIA',
 'debug': False,
 'debug_train_samples': 3,
 'debug_val_samples': 3,
 'dist_backend': 'nccl',
 'dist_url': 'tcp://127.0.0.1:23456',
 'distributed': False,
 'dropout_path_rate': 0.0,
 'dropout_rate': 0.0,
 'early_stopping': True,
 'exact_class': True,
 'feature_size': 48,
 'fold': 0,
 'folds': False,
 'gpu': 0,
 'ignore_label': 3,
 'in_channels': 1,
 'infer_overlap': 0.5,
 'k_folds': 5,
 'logdir': 'training',
 'logs_dir': 'logs/',
 'loss_name': 'CombinedLoss',
 'lrschedule': 'warmup_cosine',
 'max_epochs': 150,
 'min_delta_loss': 0.01,
 'min_delta_val': 0.02,
 'model_name': 'swinunetr',
 'momentum': 0.99,
 'noamp': False,
 'norm_name': 'instance',
 'oar_id': 2076527,
 'optim_lr': 0.0001,
 'optim_name': 'adamw',
 'out_channels': 1,
 'output_dir': 'outputs/',
 'patience_loss': 50,
 'patience_val': 15,
 'pretrained_dir': './pretrained_models/fold1_f48_ep300_4gpu_dice0_9059/',
 'pretrained_model_name': 'model_swinvit.pt',
 'rank': 0,
 'reg_weight': 5e-05,
 'resume_ckpt': False,
 'roi_x': 256,
 'roi_y': 256,
 'roi_z': 128,
 'save_checkpoint': True,
 'seed': 304,
 'spatial_dims': 3,
 'split_method': 'balanced',
 'sw_batch_size': 1,
 'telegram_log': True,
 'test_mode': False,
 'token': './token/tlg_token.txt',
 'use_checkpoint': False,
 'val_every': 4,
 'warmup_epochs': 3,
 'workers': 8,
 'world_size': 1}
2025-10-21 09:39:33,708 INFO 
2025-10-21 09:39:34,206 INFO Using GPU: 0
2025-10-21 09:39:34,719 INFO 
2025-10-21 09:39:34,719 INFO Model INFO:
2025-10-21 09:39:34,719 INFO Model architecture: swinunetr
2025-10-21 09:39:34,720 INFO Using pretrained weights
2025-10-21 09:39:34,720 INFO => loaded pretrained model './pretrained_models/fold1_f48_ep300_4gpu_dice0_9059/model_swinvit.pt'
2025-10-21 09:39:34,720 INFO Number of missing keys when loading pretrained weights: 33
2025-10-21 09:39:34,720 INFO Number of unexpected keys when loading pretrained weights: 8
2025-10-21 09:39:34,720 INFO Using SwinUNETR with Single Linear Classification Head
2025-10-21 09:39:34,720 INFO Total parameters count: 39914805
2025-10-21 09:39:34,767 INFO 
2025-10-21 09:39:34,767 INFO Dataset INFO:
2025-10-21 09:39:34,767 INFO Dataset length is: 423
2025-10-21 09:39:34,767 INFO Class 0: 137
2025-10-21 09:39:34,768 INFO Class 1: 43
2025-10-21 09:39:34,768 INFO Class 2: 243
2025-10-21 09:39:34,768 INFO Train class 0: 34 (33.3%)
2025-10-21 09:39:34,768 INFO Train class 1: 34 (33.3%)
2025-10-21 09:39:34,768 INFO Train class 2: 34 (33.3%)
2025-10-21 09:39:34,768 INFO Val class 0: 9 (33.3%)
2025-10-21 09:39:34,768 INFO Val class 1: 9 (33.3%)
2025-10-21 09:39:34,768 INFO Val class 2: 9 (33.3%)
2025-10-21 09:39:34,768 INFO **************************************************
2025-10-21 09:39:34,768 INFO 
2025-10-21 09:39:34,768 INFO Training setting summary:
2025-10-21 09:39:34,768 INFO Using optimizer: adamw with lr=0.0001, weight decay=5e-05
2025-10-21 09:39:34,768 INFO Using LR scheduler: warmup_cosine
2025-10-21 09:39:34,770 INFO Class weights: [ 10.000  10.000  10.000]
2025-10-21 09:39:34,770 INFO Using loss function: CombinedLoss
2025-10-21 09:39:34,773 INFO 
2025-10-21 09:39:34,773 INFO **************************************************
2025-10-21 09:39:34,773 INFO Starting training...
2025-10-21 09:39:34,774 INFO 0 Tue Oct 21 09:39:34 2025 Epoch: 0
2025-10-21 09:42:31,384 INFO Final training  0/149loss: 5.3052time 176.61slr: 0.000000
2025-10-21 09:42:31,846 INFO --------------------------------------------------
2025-10-21 09:42:31,846 INFO 
2025-10-21 09:42:31,846 INFO 0 Tue Oct 21 09:42:31 2025 Epoch: 1
2025-10-21 09:45:25,584 INFO Final training  1/149loss: 5.0482time 173.74slr: 0.000050
2025-10-21 09:45:25,585 INFO --------------------------------------------------
2025-10-21 09:45:25,585 INFO 
2025-10-21 09:45:25,585 INFO 0 Tue Oct 21 09:45:25 2025 Epoch: 2
2025-10-21 09:48:18,378 INFO Final training  2/149loss: 4.5105time 172.79slr: 0.000100
2025-10-21 09:48:18,378 INFO --------------------------------------------------
2025-10-21 09:48:18,378 INFO 
2025-10-21 09:48:18,378 INFO 0 Tue Oct 21 09:48:18 2025 Epoch: 3
2025-10-21 09:51:09,951 INFO Final training  3/149loss: 4.5802time 171.57slr: 0.000100
2025-10-21 09:51:09,955 INFO --------------------------------------------------
2025-10-21 09:51:09,955 INFO 
2025-10-21 09:51:59,750 INFO Final validation stats 3/149, Val_acc: 0.555556, time 49.79s
2025-10-21 09:52:00,227 INFO new best (0.000000 --> 0.555556). 
2025-10-21 09:52:06,290 INFO Copying to model.pt new best model!!!!
2025-10-21 09:52:07,974 INFO --------------------------------------------------
2025-10-21 09:52:07,974 INFO 
2025-10-21 09:52:07,974 INFO 0 Tue Oct 21 09:52:07 2025 Epoch: 4
2025-10-21 09:55:00,653 INFO Final training  4/149loss: 4.5024time 172.68slr: 0.000100
2025-10-21 09:55:00,657 INFO --------------------------------------------------
2025-10-21 09:55:00,657 INFO 
2025-10-21 09:55:00,657 INFO 0 Tue Oct 21 09:55:00 2025 Epoch: 5
2025-10-21 09:57:51,781 INFO Final training  5/149loss: 4.1604time 171.12slr: 0.000100
2025-10-21 09:57:51,787 INFO --------------------------------------------------
2025-10-21 09:57:51,787 INFO 
2025-10-21 09:57:51,787 INFO 0 Tue Oct 21 09:57:51 2025 Epoch: 6
2025-10-21 10:00:45,008 INFO Final training  6/149loss: 4.0414time 173.22slr: 0.000100
2025-10-21 10:00:45,008 INFO --------------------------------------------------
2025-10-21 10:00:45,008 INFO 
2025-10-21 10:00:45,009 INFO 0 Tue Oct 21 10:00:45 2025 Epoch: 7
2025-10-21 10:03:37,914 INFO Final training  7/149loss: 3.9793time 172.91slr: 0.000100
2025-10-21 10:03:37,914 INFO --------------------------------------------------
2025-10-21 10:03:37,914 INFO 
2025-10-21 10:04:27,525 INFO Final validation stats 7/149, Val_acc: 0.629630, time 49.61s
2025-10-21 10:04:28,003 INFO new best (0.555556 --> 0.629630). 
2025-10-21 10:04:34,176 INFO Copying to model.pt new best model!!!!
2025-10-21 10:04:35,850 INFO --------------------------------------------------
2025-10-21 10:04:35,850 INFO 
2025-10-21 10:04:35,851 INFO 0 Tue Oct 21 10:04:35 2025 Epoch: 8
2025-10-21 10:07:28,353 INFO Final training  8/149loss: 3.9391time 172.50slr: 0.000100
2025-10-21 10:07:28,353 INFO --------------------------------------------------
2025-10-21 10:07:28,353 INFO 
2025-10-21 10:07:28,353 INFO 0 Tue Oct 21 10:07:28 2025 Epoch: 9
2025-10-21 10:10:21,420 INFO Final training  9/149loss: 3.9757time 173.07slr: 0.000100
2025-10-21 10:10:21,421 INFO --------------------------------------------------
2025-10-21 10:10:21,421 INFO 
2025-10-21 10:10:21,421 INFO 0 Tue Oct 21 10:10:21 2025 Epoch: 10
2025-10-21 10:13:13,516 INFO Final training  10/149loss: 3.6527time 172.09slr: 0.000099
2025-10-21 10:13:13,964 INFO --------------------------------------------------
2025-10-21 10:13:13,964 INFO 
2025-10-21 10:13:13,964 INFO 0 Tue Oct 21 10:13:13 2025 Epoch: 11
2025-10-21 10:16:07,880 INFO Final training  11/149loss: 3.7863time 173.92slr: 0.000099
2025-10-21 10:16:07,887 INFO --------------------------------------------------
2025-10-21 10:16:07,887 INFO 
2025-10-21 10:16:57,634 INFO Final validation stats 11/149, Val_acc: 0.666667, time 49.75s
2025-10-21 10:16:58,116 INFO new best (0.629630 --> 0.666667). 
2025-10-21 10:17:04,307 INFO Copying to model.pt new best model!!!!
2025-10-21 10:17:06,014 INFO --------------------------------------------------
2025-10-21 10:17:06,014 INFO 
2025-10-21 10:17:06,014 INFO 0 Tue Oct 21 10:17:06 2025 Epoch: 12
2025-10-21 10:19:59,448 INFO Final training  12/149loss: 3.5150time 173.43slr: 0.000099
2025-10-21 10:19:59,448 INFO --------------------------------------------------
2025-10-21 10:19:59,448 INFO 
2025-10-21 10:19:59,448 INFO 0 Tue Oct 21 10:19:59 2025 Epoch: 13
2025-10-21 10:22:53,086 INFO Final training  13/149loss: 3.8089time 173.64slr: 0.000099
2025-10-21 10:22:53,090 INFO --------------------------------------------------
2025-10-21 10:22:53,090 INFO 
2025-10-21 10:22:53,090 INFO 0 Tue Oct 21 10:22:53 2025 Epoch: 14
2025-10-21 10:25:44,843 INFO Final training  14/149loss: 3.5629time 171.75slr: 0.000099
2025-10-21 10:25:44,846 INFO --------------------------------------------------
2025-10-21 10:25:44,846 INFO 
2025-10-21 10:25:44,846 INFO 0 Tue Oct 21 10:25:44 2025 Epoch: 15
2025-10-21 10:28:38,128 INFO Final training  15/149loss: 3.1981time 173.28slr: 0.000098
2025-10-21 10:28:38,134 INFO --------------------------------------------------
2025-10-21 10:28:38,134 INFO 
2025-10-21 10:29:27,724 INFO Final validation stats 15/149, Val_acc: 0.666667, time 49.59s
2025-10-21 10:29:29,869 INFO --------------------------------------------------
2025-10-21 10:29:29,869 INFO 
2025-10-21 10:29:29,870 INFO 0 Tue Oct 21 10:29:29 2025 Epoch: 16
2025-10-21 10:32:20,965 INFO Final training  16/149loss: 3.0048time 171.10slr: 0.000098
2025-10-21 10:32:20,966 INFO --------------------------------------------------
2025-10-21 10:32:20,966 INFO 
2025-10-21 10:32:20,966 INFO 0 Tue Oct 21 10:32:20 2025 Epoch: 17
2025-10-21 10:35:14,678 INFO Final training  17/149loss: 3.3589time 173.71slr: 0.000098
2025-10-21 10:35:14,679 INFO --------------------------------------------------
2025-10-21 10:35:14,679 INFO 
2025-10-21 10:35:14,679 INFO 0 Tue Oct 21 10:35:14 2025 Epoch: 18
2025-10-21 10:38:07,807 INFO Final training  18/149loss: 3.2962time 173.13slr: 0.000097
2025-10-21 10:38:07,808 INFO --------------------------------------------------
2025-10-21 10:38:07,808 INFO 
2025-10-21 10:38:07,808 INFO 0 Tue Oct 21 10:38:07 2025 Epoch: 19
2025-10-21 10:41:00,660 INFO Final training  19/149loss: 2.9762time 172.85slr: 0.000097
2025-10-21 10:41:00,661 INFO --------------------------------------------------
2025-10-21 10:41:00,661 INFO 
2025-10-21 10:41:50,306 INFO Final validation stats 19/149, Val_acc: 0.703704, time 49.65s
2025-10-21 10:41:50,773 INFO new best (0.666667 --> 0.703704). 
2025-10-21 10:41:56,927 INFO Copying to model.pt new best model!!!!
2025-10-21 10:41:58,608 INFO --------------------------------------------------
2025-10-21 10:41:58,609 INFO 
2025-10-21 10:41:58,609 INFO 0 Tue Oct 21 10:41:58 2025 Epoch: 20
2025-10-21 10:44:51,915 INFO Final training  20/149loss: 3.0031time 173.31slr: 0.000097
2025-10-21 10:44:52,387 INFO --------------------------------------------------
2025-10-21 10:44:52,387 INFO 
2025-10-21 10:44:52,387 INFO 0 Tue Oct 21 10:44:52 2025 Epoch: 21
2025-10-21 10:47:46,033 INFO Final training  21/149loss: 2.9012time 173.65slr: 0.000096
2025-10-21 10:47:46,033 INFO --------------------------------------------------
2025-10-21 10:47:46,033 INFO 
2025-10-21 10:47:46,033 INFO 0 Tue Oct 21 10:47:46 2025 Epoch: 22
2025-10-21 10:50:39,875 INFO Final training  22/149loss: 2.7202time 173.84slr: 0.000096
2025-10-21 10:50:39,881 INFO --------------------------------------------------
2025-10-21 10:50:39,881 INFO 
2025-10-21 10:50:39,881 INFO 0 Tue Oct 21 10:50:39 2025 Epoch: 23
2025-10-21 10:53:32,760 INFO Final training  23/149loss: 2.5489time 172.88slr: 0.000096
2025-10-21 10:53:32,764 INFO --------------------------------------------------
2025-10-21 10:53:32,764 INFO 
2025-10-21 10:54:22,438 INFO Final validation stats 23/149, Val_acc: 0.703704, time 49.67s
2025-10-21 10:54:24,592 INFO --------------------------------------------------
2025-10-21 10:54:24,592 INFO 
2025-10-21 10:54:24,592 INFO 0 Tue Oct 21 10:54:24 2025 Epoch: 24
2025-10-21 10:57:17,282 INFO Final training  24/149loss: 2.9999time 172.69slr: 0.000095
2025-10-21 10:57:17,287 INFO --------------------------------------------------
2025-10-21 10:57:17,287 INFO 
2025-10-21 10:57:17,288 INFO 0 Tue Oct 21 10:57:17 2025 Epoch: 25
2025-10-21 11:00:09,416 INFO Final training  25/149loss: 2.8968time 172.13slr: 0.000095
2025-10-21 11:00:09,419 INFO --------------------------------------------------
2025-10-21 11:00:09,419 INFO 
2025-10-21 11:00:09,419 INFO 0 Tue Oct 21 11:00:09 2025 Epoch: 26
2025-10-21 11:03:03,577 INFO Final training  26/149loss: 2.6092time 174.16slr: 0.000094
2025-10-21 11:03:03,584 INFO --------------------------------------------------
2025-10-21 11:03:03,584 INFO 
2025-10-21 11:03:03,584 INFO 0 Tue Oct 21 11:03:03 2025 Epoch: 27
2025-10-21 11:05:54,943 INFO Final training  27/149loss: 2.5216time 171.36slr: 0.000094
2025-10-21 11:05:54,944 INFO --------------------------------------------------
2025-10-21 11:05:54,944 INFO 
2025-10-21 11:06:44,959 INFO Final validation stats 27/149, Val_acc: 0.666667, time 50.01s
2025-10-21 11:06:47,159 INFO --------------------------------------------------
2025-10-21 11:06:47,159 INFO 
2025-10-21 11:06:47,160 INFO 0 Tue Oct 21 11:06:47 2025 Epoch: 28
2025-10-21 11:09:40,153 INFO Final training  28/149loss: 2.5383time 172.99slr: 0.000093
2025-10-21 11:09:40,158 INFO --------------------------------------------------
2025-10-21 11:09:40,158 INFO 
2025-10-21 11:09:40,159 INFO 0 Tue Oct 21 11:09:40 2025 Epoch: 29
2025-10-21 11:12:31,301 INFO Final training  29/149loss: 2.2347time 171.14slr: 0.000092
2025-10-21 11:12:31,307 INFO --------------------------------------------------
2025-10-21 11:12:31,307 INFO 
2025-10-21 11:12:31,307 INFO 0 Tue Oct 21 11:12:31 2025 Epoch: 30
2025-10-21 11:15:22,974 INFO Final training  30/149loss: 2.2787time 171.67slr: 0.000092
2025-10-21 11:15:23,439 INFO --------------------------------------------------
2025-10-21 11:15:23,439 INFO 
2025-10-21 11:15:23,440 INFO 0 Tue Oct 21 11:15:23 2025 Epoch: 31
2025-10-21 11:18:17,422 INFO Final training  31/149loss: 2.3196time 173.98slr: 0.000091
2025-10-21 11:18:17,423 INFO --------------------------------------------------
2025-10-21 11:18:17,423 INFO 
2025-10-21 11:19:07,252 INFO Final validation stats 31/149, Val_acc: 0.629630, time 49.83s
2025-10-21 11:19:09,360 INFO --------------------------------------------------
2025-10-21 11:19:09,360 INFO 
2025-10-21 11:19:09,360 INFO 0 Tue Oct 21 11:19:09 2025 Epoch: 32
2025-10-21 11:22:01,076 INFO Final training  32/149loss: 2.0760time 171.72slr: 0.000091
2025-10-21 11:22:01,076 INFO --------------------------------------------------
2025-10-21 11:22:01,076 INFO 
2025-10-21 11:22:01,076 INFO 0 Tue Oct 21 11:22:01 2025 Epoch: 33
2025-10-21 11:24:52,371 INFO Final training  33/149loss: 1.9505time 171.29slr: 0.000090
2025-10-21 11:24:52,375 INFO --------------------------------------------------
2025-10-21 11:24:52,375 INFO 
2025-10-21 11:24:52,375 INFO 0 Tue Oct 21 11:24:52 2025 Epoch: 34
2025-10-21 11:27:44,946 INFO Final training  34/149loss: 2.0032time 172.57slr: 0.000089
2025-10-21 11:27:44,947 INFO --------------------------------------------------
2025-10-21 11:27:44,947 INFO 
2025-10-21 11:27:44,947 INFO 0 Tue Oct 21 11:27:44 2025 Epoch: 35
2025-10-21 11:30:37,424 INFO Final training  35/149loss: 1.8814time 172.48slr: 0.000089
2025-10-21 11:30:37,428 INFO --------------------------------------------------
2025-10-21 11:30:37,428 INFO 
2025-10-21 11:31:27,024 INFO Final validation stats 35/149, Val_acc: 0.592593, time 49.60s
2025-10-21 11:31:29,188 INFO --------------------------------------------------
2025-10-21 11:31:29,188 INFO 
2025-10-21 11:31:29,189 INFO 0 Tue Oct 21 11:31:29 2025 Epoch: 36
2025-10-21 11:34:22,210 INFO Final training  36/149loss: 2.0364time 173.02slr: 0.000088
2025-10-21 11:34:22,211 INFO --------------------------------------------------
2025-10-21 11:34:22,211 INFO 
2025-10-21 11:34:22,211 INFO 0 Tue Oct 21 11:34:22 2025 Epoch: 37
2025-10-21 11:37:15,587 INFO Final training  37/149loss: 1.8275time 173.38slr: 0.000087
2025-10-21 11:37:15,590 INFO --------------------------------------------------
2025-10-21 11:37:15,591 INFO 
2025-10-21 11:37:15,591 INFO 0 Tue Oct 21 11:37:15 2025 Epoch: 38
2025-10-21 11:40:08,047 INFO Final training  38/149loss: 1.9784time 172.46slr: 0.000087
2025-10-21 11:40:08,054 INFO --------------------------------------------------
2025-10-21 11:40:08,054 INFO 
2025-10-21 11:40:08,055 INFO 0 Tue Oct 21 11:40:08 2025 Epoch: 39
2025-10-21 11:43:01,874 INFO Final training  39/149loss: 1.8666time 173.82slr: 0.000086
2025-10-21 11:43:01,874 INFO --------------------------------------------------
2025-10-21 11:43:01,874 INFO 
2025-10-21 11:43:51,435 INFO Final validation stats 39/149, Val_acc: 0.592593, time 49.56s
2025-10-21 11:43:53,568 INFO --------------------------------------------------
2025-10-21 11:43:53,568 INFO 
2025-10-21 11:43:53,568 INFO 0 Tue Oct 21 11:43:53 2025 Epoch: 40
2025-10-21 11:46:46,814 INFO Final training  40/149loss: 1.7655time 173.25slr: 0.000085
2025-10-21 11:46:47,358 INFO --------------------------------------------------
2025-10-21 11:46:47,358 INFO 
2025-10-21 11:46:47,358 INFO 0 Tue Oct 21 11:46:47 2025 Epoch: 41
2025-10-21 11:49:40,921 INFO Final training  41/149loss: 1.5622time 173.56slr: 0.000084
2025-10-21 11:49:40,925 INFO --------------------------------------------------
2025-10-21 11:49:40,925 INFO 
2025-10-21 11:49:40,926 INFO 0 Tue Oct 21 11:49:40 2025 Epoch: 42
2025-10-21 11:52:33,439 INFO Final training  42/149loss: 1.4827time 172.51slr: 0.000084
2025-10-21 11:52:33,440 INFO --------------------------------------------------
2025-10-21 11:52:33,440 INFO 
2025-10-21 11:52:33,440 INFO 0 Tue Oct 21 11:52:33 2025 Epoch: 43
2025-10-21 11:55:27,161 INFO Final training  43/149loss: 2.0398time 173.72slr: 0.000083
2025-10-21 11:55:27,165 INFO --------------------------------------------------
2025-10-21 11:55:27,166 INFO 
2025-10-21 11:56:16,772 INFO Final validation stats 43/149, Val_acc: 0.666667, time 49.61s
2025-10-21 11:56:18,951 INFO --------------------------------------------------
2025-10-21 11:56:18,951 INFO 
2025-10-21 11:56:18,951 INFO 0 Tue Oct 21 11:56:18 2025 Epoch: 44
2025-10-21 11:59:11,062 INFO Final training  44/149loss: 1.6513time 172.11slr: 0.000082
2025-10-21 11:59:11,062 INFO --------------------------------------------------
2025-10-21 11:59:11,062 INFO 
2025-10-21 11:59:11,062 INFO 0 Tue Oct 21 11:59:11 2025 Epoch: 45
2025-10-21 12:02:02,319 INFO Final training  45/149loss: 1.5442time 171.26slr: 0.000081
2025-10-21 12:02:02,320 INFO --------------------------------------------------
2025-10-21 12:02:02,320 INFO 
2025-10-21 12:02:02,321 INFO 0 Tue Oct 21 12:02:02 2025 Epoch: 46
2025-10-21 12:04:53,442 INFO Final training  46/149loss: 1.6885time 171.12slr: 0.000080
2025-10-21 12:04:53,444 INFO --------------------------------------------------
2025-10-21 12:04:53,444 INFO 
2025-10-21 12:04:53,444 INFO 0 Tue Oct 21 12:04:53 2025 Epoch: 47
2025-10-21 12:07:47,725 INFO Final training  47/149loss: 1.4463time 174.28slr: 0.000079
2025-10-21 12:07:47,725 INFO --------------------------------------------------
2025-10-21 12:07:47,725 INFO 
2025-10-21 12:08:37,446 INFO Final validation stats 47/149, Val_acc: 0.629630, time 49.72s
2025-10-21 12:08:39,523 INFO --------------------------------------------------
2025-10-21 12:08:39,523 INFO 
2025-10-21 12:08:39,523 INFO 0 Tue Oct 21 12:08:39 2025 Epoch: 48
2025-10-21 12:11:31,132 INFO Final training  48/149loss: 1.2704time 171.61slr: 0.000079
2025-10-21 12:11:31,135 INFO --------------------------------------------------
2025-10-21 12:11:31,135 INFO 
2025-10-21 12:11:31,135 INFO 0 Tue Oct 21 12:11:31 2025 Epoch: 49
2025-10-21 12:14:24,937 INFO Final training  49/149loss: 1.3729time 173.80slr: 0.000078
2025-10-21 12:14:24,937 INFO --------------------------------------------------
2025-10-21 12:14:24,937 INFO 
2025-10-21 12:14:24,937 INFO 0 Tue Oct 21 12:14:24 2025 Epoch: 50
2025-10-21 12:17:16,741 INFO Final training  50/149loss: 1.3898time 171.80slr: 0.000077
2025-10-21 12:17:17,161 INFO --------------------------------------------------
2025-10-21 12:17:17,161 INFO 
2025-10-21 12:17:17,161 INFO 0 Tue Oct 21 12:17:17 2025 Epoch: 51
2025-10-21 12:20:10,079 INFO Final training  51/149loss: 1.2638time 172.92slr: 0.000076
2025-10-21 12:20:10,085 INFO --------------------------------------------------
2025-10-21 12:20:10,085 INFO 
2025-10-21 12:20:59,668 INFO Final validation stats 51/149, Val_acc: 0.703704, time 49.58s
2025-10-21 12:21:01,888 INFO --------------------------------------------------
2025-10-21 12:21:01,889 INFO 
2025-10-21 12:21:01,889 INFO 0 Tue Oct 21 12:21:01 2025 Epoch: 52
2025-10-21 12:23:53,681 INFO Final training  52/149loss: 1.0813time 171.79slr: 0.000075
2025-10-21 12:23:53,686 INFO --------------------------------------------------
2025-10-21 12:23:53,686 INFO 
2025-10-21 12:23:53,686 INFO 0 Tue Oct 21 12:23:53 2025 Epoch: 53
2025-10-21 12:26:45,725 INFO Final training  53/149loss: 1.1851time 172.04slr: 0.000074
2025-10-21 12:26:45,730 INFO --------------------------------------------------
2025-10-21 12:26:45,730 INFO 
2025-10-21 12:26:45,731 INFO 0 Tue Oct 21 12:26:45 2025 Epoch: 54
2025-10-21 12:29:38,162 INFO Final training  54/149loss: 1.1267time 172.43slr: 0.000073
2025-10-21 12:29:38,167 INFO --------------------------------------------------
2025-10-21 12:29:38,168 INFO 
2025-10-21 12:29:38,168 INFO 0 Tue Oct 21 12:29:38 2025 Epoch: 55
2025-10-21 12:32:29,965 INFO Final training  55/149loss: 1.4637time 171.80slr: 0.000072
2025-10-21 12:32:29,965 INFO --------------------------------------------------
2025-10-21 12:32:29,965 INFO 
2025-10-21 12:33:19,737 INFO Final validation stats 55/149, Val_acc: 0.592593, time 49.77s
2025-10-21 12:33:21,913 INFO --------------------------------------------------
2025-10-21 12:33:21,913 INFO 
2025-10-21 12:33:21,913 INFO 0 Tue Oct 21 12:33:21 2025 Epoch: 56
2025-10-21 12:36:13,645 INFO Final training  56/149loss: 1.4880time 171.73slr: 0.000071
2025-10-21 12:36:13,645 INFO --------------------------------------------------
2025-10-21 12:36:13,645 INFO 
2025-10-21 12:36:13,645 INFO 0 Tue Oct 21 12:36:13 2025 Epoch: 57
2025-10-21 12:39:04,714 INFO Final training  57/149loss: 1.3890time 171.07slr: 0.000070
2025-10-21 12:39:04,720 INFO --------------------------------------------------
2025-10-21 12:39:04,720 INFO 
2025-10-21 12:39:04,720 INFO 0 Tue Oct 21 12:39:04 2025 Epoch: 58
2025-10-21 12:41:56,895 INFO Final training  58/149loss: 1.3725time 172.17slr: 0.000069
2025-10-21 12:41:56,896 INFO --------------------------------------------------
2025-10-21 12:41:56,896 INFO 
2025-10-21 12:41:56,896 INFO 0 Tue Oct 21 12:41:56 2025 Epoch: 59
2025-10-21 12:44:48,951 INFO Final training  59/149loss: 1.1974time 172.06slr: 0.000068
2025-10-21 12:44:48,952 INFO --------------------------------------------------
2025-10-21 12:44:48,952 INFO 
2025-10-21 12:45:38,581 INFO Final validation stats 59/149, Val_acc: 0.740741, time 49.63s
2025-10-21 12:45:39,045 INFO new best (0.703704 --> 0.740741). 
2025-10-21 12:45:45,167 INFO Copying to model.pt new best model!!!!
2025-10-21 12:45:46,858 INFO --------------------------------------------------
2025-10-21 12:45:46,859 INFO 
2025-10-21 12:45:46,859 INFO 0 Tue Oct 21 12:45:46 2025 Epoch: 60
2025-10-21 12:48:39,002 INFO Final training  60/149loss: 1.1961time 172.14slr: 0.000067
2025-10-21 12:48:39,450 INFO --------------------------------------------------
2025-10-21 12:48:39,451 INFO 
2025-10-21 12:48:39,451 INFO 0 Tue Oct 21 12:48:39 2025 Epoch: 61
2025-10-21 12:51:31,922 INFO Final training  61/149loss: 1.0314time 172.47slr: 0.000066
2025-10-21 12:51:31,922 INFO --------------------------------------------------
2025-10-21 12:51:31,922 INFO 
2025-10-21 12:51:31,922 INFO 0 Tue Oct 21 12:51:31 2025 Epoch: 62
2025-10-21 12:54:25,296 INFO Final training  62/149loss: 0.9714time 173.37slr: 0.000065
2025-10-21 12:54:25,297 INFO --------------------------------------------------
2025-10-21 12:54:25,297 INFO 
2025-10-21 12:54:25,297 INFO 0 Tue Oct 21 12:54:25 2025 Epoch: 63
2025-10-21 12:57:19,100 INFO Final training  63/149loss: 0.8516time 173.80slr: 0.000064
2025-10-21 12:57:19,100 INFO --------------------------------------------------
2025-10-21 12:57:19,101 INFO 
2025-10-21 12:58:08,825 INFO Final validation stats 63/149, Val_acc: 0.666667, time 49.72s
2025-10-21 12:58:11,008 INFO --------------------------------------------------
2025-10-21 12:58:11,008 INFO 
2025-10-21 12:58:11,008 INFO 0 Tue Oct 21 12:58:11 2025 Epoch: 64
2025-10-21 13:01:02,235 INFO Final training  64/149loss: 0.9634time 171.23slr: 0.000063
2025-10-21 13:01:02,236 INFO --------------------------------------------------
2025-10-21 13:01:02,236 INFO 
2025-10-21 13:01:02,236 INFO 0 Tue Oct 21 13:01:02 2025 Epoch: 65
2025-10-21 13:03:53,390 INFO Final training  65/149loss: 1.0293time 171.15slr: 0.000062
2025-10-21 13:03:53,396 INFO --------------------------------------------------
2025-10-21 13:03:53,397 INFO 
2025-10-21 13:03:53,397 INFO 0 Tue Oct 21 13:03:53 2025 Epoch: 66
2025-10-21 13:06:46,646 INFO Final training  66/149loss: 0.9626time 173.25slr: 0.000061
2025-10-21 13:06:46,648 INFO --------------------------------------------------
2025-10-21 13:06:46,648 INFO 
2025-10-21 13:06:46,649 INFO 0 Tue Oct 21 13:06:46 2025 Epoch: 67
2025-10-21 13:09:40,134 INFO Final training  67/149loss: 0.8224time 173.49slr: 0.000060
2025-10-21 13:09:40,134 INFO --------------------------------------------------
2025-10-21 13:09:40,134 INFO 
2025-10-21 13:10:29,779 INFO Final validation stats 67/149, Val_acc: 0.703704, time 49.64s
2025-10-21 13:10:31,940 INFO --------------------------------------------------
2025-10-21 13:10:31,940 INFO 
2025-10-21 13:10:31,940 INFO 0 Tue Oct 21 13:10:31 2025 Epoch: 68
2025-10-21 13:13:23,023 INFO Final training  68/149loss: 0.8300time 171.08slr: 0.000059
2025-10-21 13:13:23,023 INFO --------------------------------------------------
2025-10-21 13:13:23,023 INFO 
2025-10-21 13:13:23,023 INFO 0 Tue Oct 21 13:13:23 2025 Epoch: 69
2025-10-21 13:16:15,426 INFO Final training  69/149loss: 0.7421time 172.40slr: 0.000058
2025-10-21 13:16:15,432 INFO --------------------------------------------------
2025-10-21 13:16:15,432 INFO 
2025-10-21 13:16:15,432 INFO 0 Tue Oct 21 13:16:15 2025 Epoch: 70
2025-10-21 13:19:06,756 INFO Final training  70/149loss: 0.7211time 171.32slr: 0.000057
2025-10-21 13:19:07,209 INFO --------------------------------------------------
2025-10-21 13:19:07,209 INFO 
2025-10-21 13:19:07,209 INFO 0 Tue Oct 21 13:19:07 2025 Epoch: 71
2025-10-21 13:22:00,599 INFO Final training  71/149loss: 0.7283time 173.39slr: 0.000056
2025-10-21 13:22:00,602 INFO --------------------------------------------------
2025-10-21 13:22:00,602 INFO 
2025-10-21 13:22:51,264 INFO Final validation stats 71/149, Val_acc: 0.666667, time 50.66s
2025-10-21 13:22:53,385 INFO --------------------------------------------------
2025-10-21 13:22:53,385 INFO 
2025-10-21 13:22:53,385 INFO 0 Tue Oct 21 13:22:53 2025 Epoch: 72
2025-10-21 13:25:44,678 INFO Final training  72/149loss: 0.7424time 171.29slr: 0.000055
2025-10-21 13:25:44,679 INFO --------------------------------------------------
2025-10-21 13:25:44,679 INFO 
2025-10-21 13:25:44,679 INFO 0 Tue Oct 21 13:25:44 2025 Epoch: 73
2025-10-21 13:28:35,988 INFO Final training  73/149loss: 0.7775time 171.31slr: 0.000054
2025-10-21 13:28:35,989 INFO --------------------------------------------------
2025-10-21 13:28:35,989 INFO 
2025-10-21 13:28:35,989 INFO 0 Tue Oct 21 13:28:35 2025 Epoch: 74
2025-10-21 13:31:29,539 INFO Final training  74/149loss: 0.7693time 173.55slr: 0.000053
2025-10-21 13:31:29,540 INFO --------------------------------------------------
2025-10-21 13:31:29,540 INFO 
2025-10-21 13:31:29,540 INFO 0 Tue Oct 21 13:31:29 2025 Epoch: 75
2025-10-21 13:34:22,174 INFO Final training  75/149loss: 0.7278time 172.63slr: 0.000052
2025-10-21 13:34:22,174 INFO --------------------------------------------------
2025-10-21 13:34:22,174 INFO 
2025-10-21 13:35:11,827 INFO Final validation stats 75/149, Val_acc: 0.703704, time 49.65s
2025-10-21 13:35:14,049 INFO --------------------------------------------------
2025-10-21 13:35:14,049 INFO 
2025-10-21 13:35:14,050 INFO 0 Tue Oct 21 13:35:14 2025 Epoch: 76
2025-10-21 13:38:05,703 INFO Final training  76/149loss: 0.6956time 171.65slr: 0.000051
2025-10-21 13:38:05,707 INFO --------------------------------------------------
2025-10-21 13:38:05,707 INFO 
2025-10-21 13:38:05,707 INFO 0 Tue Oct 21 13:38:05 2025 Epoch: 77
2025-10-21 13:40:58,853 INFO Final training  77/149loss: 0.6222time 173.15slr: 0.000049
2025-10-21 13:40:58,854 INFO --------------------------------------------------
2025-10-21 13:40:58,854 INFO 
2025-10-21 13:40:58,854 INFO 0 Tue Oct 21 13:40:58 2025 Epoch: 78
2025-10-21 13:43:53,271 INFO Final training  78/149loss: 0.5872time 174.42slr: 0.000048
2025-10-21 13:43:53,275 INFO --------------------------------------------------
2025-10-21 13:43:53,275 INFO 
2025-10-21 13:43:53,275 INFO 0 Tue Oct 21 13:43:53 2025 Epoch: 79
2025-10-21 13:46:46,764 INFO Final training  79/149loss: 0.6364time 173.49slr: 0.000047
2025-10-21 13:46:46,768 INFO --------------------------------------------------
2025-10-21 13:46:46,768 INFO 
2025-10-21 13:47:36,480 INFO Final validation stats 79/149, Val_acc: 0.740741, time 49.71s
2025-10-21 13:47:38,611 INFO --------------------------------------------------
2025-10-21 13:47:38,612 INFO 
2025-10-21 13:47:38,612 INFO 0 Tue Oct 21 13:47:38 2025 Epoch: 80
2025-10-21 13:50:32,443 INFO Final training  80/149loss: 0.6159time 173.83slr: 0.000046
2025-10-21 13:50:32,944 INFO --------------------------------------------------
2025-10-21 13:50:32,944 INFO 
2025-10-21 13:50:32,944 INFO 0 Tue Oct 21 13:50:32 2025 Epoch: 81
2025-10-21 13:53:26,916 INFO Final training  81/149loss: 0.6431time 173.97slr: 0.000045
2025-10-21 13:53:26,917 INFO --------------------------------------------------
2025-10-21 13:53:26,917 INFO 
2025-10-21 13:53:26,917 INFO 0 Tue Oct 21 13:53:26 2025 Epoch: 82
2025-10-21 13:56:21,471 INFO Final training  82/149loss: 0.5725time 174.55slr: 0.000044
2025-10-21 13:56:21,498 INFO --------------------------------------------------
2025-10-21 13:56:21,498 INFO 
2025-10-21 13:56:21,499 INFO 0 Tue Oct 21 13:56:21 2025 Epoch: 83
2025-10-21 13:59:27,105 INFO Final training  83/149loss: 0.6285time 185.61slr: 0.000043
2025-10-21 13:59:27,106 INFO --------------------------------------------------
2025-10-21 13:59:27,106 INFO 
2025-10-21 14:00:24,025 INFO Final validation stats 83/149, Val_acc: 0.629630, time 56.92s
2025-10-21 14:00:26,356 INFO --------------------------------------------------
2025-10-21 14:00:26,356 INFO 
2025-10-21 14:00:26,356 INFO 0 Tue Oct 21 14:00:26 2025 Epoch: 84
2025-10-21 14:03:19,939 INFO Final training  84/149loss: 0.5301time 173.58slr: 0.000042
2025-10-21 14:03:19,941 INFO --------------------------------------------------
2025-10-21 14:03:19,941 INFO 
2025-10-21 14:03:19,941 INFO 0 Tue Oct 21 14:03:19 2025 Epoch: 85
2025-10-21 14:06:12,969 INFO Final training  85/149loss: 0.5440time 173.03slr: 0.000041
2025-10-21 14:06:12,973 INFO --------------------------------------------------
2025-10-21 14:06:12,973 INFO 
2025-10-21 14:06:12,973 INFO 0 Tue Oct 21 14:06:12 2025 Epoch: 86
2025-10-21 14:09:06,350 INFO Final training  86/149loss: 0.5394time 173.38slr: 0.000040
2025-10-21 14:09:06,353 INFO --------------------------------------------------
2025-10-21 14:09:06,353 INFO 
2025-10-21 14:09:06,353 INFO 0 Tue Oct 21 14:09:06 2025 Epoch: 87
2025-10-21 14:11:58,133 INFO Final training  87/149loss: 0.4480time 171.78slr: 0.000039
2025-10-21 14:11:58,140 INFO --------------------------------------------------
2025-10-21 14:11:58,140 INFO 
2025-10-21 14:12:47,627 INFO Final validation stats 87/149, Val_acc: 0.703704, time 49.49s
2025-10-21 14:12:49,767 INFO --------------------------------------------------
2025-10-21 14:12:49,767 INFO 
2025-10-21 14:12:49,767 INFO 0 Tue Oct 21 14:12:49 2025 Epoch: 88
2025-10-21 14:15:41,032 INFO Final training  88/149loss: 0.4239time 171.27slr: 0.000038
2025-10-21 14:15:41,034 INFO --------------------------------------------------
2025-10-21 14:15:41,034 INFO 
2025-10-21 14:15:41,035 INFO 0 Tue Oct 21 14:15:41 2025 Epoch: 89
2025-10-21 14:18:34,577 INFO Final training  89/149loss: 0.4028time 173.54slr: 0.000037
2025-10-21 14:18:34,578 INFO --------------------------------------------------
2025-10-21 14:18:34,578 INFO 
2025-10-21 14:18:34,578 INFO 0 Tue Oct 21 14:18:34 2025 Epoch: 90
2025-10-21 14:21:27,755 INFO Final training  90/149loss: 0.3920time 173.18slr: 0.000036
2025-10-21 14:21:28,232 INFO --------------------------------------------------
2025-10-21 14:21:28,232 INFO 
2025-10-21 14:21:28,232 INFO 0 Tue Oct 21 14:21:28 2025 Epoch: 91
2025-10-21 14:24:20,216 INFO Final training  91/149loss: 0.3585time 171.98slr: 0.000035
2025-10-21 14:24:20,217 INFO --------------------------------------------------
2025-10-21 14:24:20,217 INFO 
2025-10-21 14:25:10,220 INFO Final validation stats 91/149, Val_acc: 0.703704, time 50.00s
2025-10-21 14:25:12,387 INFO --------------------------------------------------
2025-10-21 14:25:12,388 INFO 
2025-10-21 14:25:12,388 INFO 0 Tue Oct 21 14:25:12 2025 Epoch: 92
2025-10-21 14:28:04,086 INFO Final training  92/149loss: 0.3802time 171.70slr: 0.000034
2025-10-21 14:28:04,086 INFO --------------------------------------------------
2025-10-21 14:28:04,086 INFO 
2025-10-21 14:28:04,086 INFO 0 Tue Oct 21 14:28:04 2025 Epoch: 93
2025-10-21 14:30:57,969 INFO Final training  93/149loss: 0.3708time 173.88slr: 0.000033
2025-10-21 14:30:57,969 INFO --------------------------------------------------
2025-10-21 14:30:57,969 INFO 
2025-10-21 14:30:57,970 INFO 0 Tue Oct 21 14:30:57 2025 Epoch: 94
2025-10-21 14:33:49,993 INFO Final training  94/149loss: 0.3173time 172.02slr: 0.000032
2025-10-21 14:33:49,997 INFO --------------------------------------------------
2025-10-21 14:33:49,997 INFO 
2025-10-21 14:33:49,997 INFO 0 Tue Oct 21 14:33:49 2025 Epoch: 95
2025-10-21 14:36:41,763 INFO Final training  95/149loss: 0.3003time 171.77slr: 0.000031
2025-10-21 14:36:41,766 INFO --------------------------------------------------
2025-10-21 14:36:41,766 INFO 
2025-10-21 14:37:31,424 INFO Final validation stats 95/149, Val_acc: 0.740741, time 49.66s
2025-10-21 14:37:33,604 INFO --------------------------------------------------
2025-10-21 14:37:33,604 INFO 
2025-10-21 14:37:33,604 INFO 0 Tue Oct 21 14:37:33 2025 Epoch: 96
2025-10-21 14:40:26,805 INFO Final training  96/149loss: 0.3234time 173.20slr: 0.000030
2025-10-21 14:40:26,810 INFO --------------------------------------------------
2025-10-21 14:40:26,810 INFO 
2025-10-21 14:40:26,810 INFO 0 Tue Oct 21 14:40:26 2025 Epoch: 97
2025-10-21 14:43:20,119 INFO Final training  97/149loss: 0.2768time 173.31slr: 0.000029
2025-10-21 14:43:20,119 INFO --------------------------------------------------
2025-10-21 14:43:20,119 INFO 
2025-10-21 14:43:20,119 INFO 0 Tue Oct 21 14:43:20 2025 Epoch: 98
2025-10-21 14:46:11,393 INFO Final training  98/149loss: 0.2746time 171.27slr: 0.000028
2025-10-21 14:46:11,401 INFO --------------------------------------------------
2025-10-21 14:46:11,401 INFO 
2025-10-21 14:46:11,401 INFO 0 Tue Oct 21 14:46:11 2025 Epoch: 99
2025-10-21 14:49:03,871 INFO Final training  99/149loss: 0.2610time 172.47slr: 0.000027
2025-10-21 14:49:03,874 INFO --------------------------------------------------
2025-10-21 14:49:03,874 INFO 
2025-10-21 14:49:53,472 INFO Final validation stats 99/149, Val_acc: 0.666667, time 49.60s
2025-10-21 14:49:55,582 INFO --------------------------------------------------
2025-10-21 14:49:55,582 INFO 
2025-10-21 14:49:55,582 INFO 0 Tue Oct 21 14:49:55 2025 Epoch: 100
2025-10-21 14:52:46,811 INFO Final training  100/149loss: 0.2536time 171.23slr: 0.000026
2025-10-21 14:52:47,323 INFO --------------------------------------------------
2025-10-21 14:52:47,323 INFO 
2025-10-21 14:52:47,323 INFO 0 Tue Oct 21 14:52:47 2025 Epoch: 101
2025-10-21 14:55:40,012 INFO Final training  101/149loss: 0.2880time 172.69slr: 0.000025
2025-10-21 14:55:40,018 INFO --------------------------------------------------
2025-10-21 14:55:40,018 INFO 
2025-10-21 14:55:40,018 INFO 0 Tue Oct 21 14:55:40 2025 Epoch: 102
2025-10-21 14:58:33,539 INFO Final training  102/149loss: 0.2814time 173.52slr: 0.000024
2025-10-21 14:58:33,540 INFO --------------------------------------------------
2025-10-21 14:58:33,540 INFO 
2025-10-21 14:58:33,540 INFO 0 Tue Oct 21 14:58:33 2025 Epoch: 103
2025-10-21 15:01:26,563 INFO Final training  103/149loss: 0.2482time 173.02slr: 0.000023
2025-10-21 15:01:26,565 INFO --------------------------------------------------
2025-10-21 15:01:26,565 INFO 
2025-10-21 15:02:16,137 INFO Final validation stats 103/149, Val_acc: 0.666667, time 49.57s
2025-10-21 15:02:18,395 INFO --------------------------------------------------
2025-10-21 15:02:18,395 INFO 
2025-10-21 15:02:18,395 INFO 0 Tue Oct 21 15:02:18 2025 Epoch: 104
2025-10-21 15:05:12,330 INFO Final training  104/149loss: 0.2157time 173.93slr: 0.000022
2025-10-21 15:05:12,332 INFO --------------------------------------------------
2025-10-21 15:05:12,332 INFO 
2025-10-21 15:05:12,332 INFO 0 Tue Oct 21 15:05:12 2025 Epoch: 105
2025-10-21 15:08:05,103 INFO Final training  105/149loss: 0.2493time 172.77slr: 0.000021
2025-10-21 15:08:05,104 INFO --------------------------------------------------
2025-10-21 15:08:05,104 INFO 
2025-10-21 15:08:05,104 INFO 0 Tue Oct 21 15:08:05 2025 Epoch: 106
2025-10-21 15:10:59,079 INFO Final training  106/149loss: 0.2645time 173.98slr: 0.000021
2025-10-21 15:10:59,080 INFO --------------------------------------------------
2025-10-21 15:10:59,080 INFO 
2025-10-21 15:10:59,080 INFO 0 Tue Oct 21 15:10:59 2025 Epoch: 107
2025-10-21 15:13:53,110 INFO Final training  107/149loss: 0.2354time 174.03slr: 0.000020
2025-10-21 15:13:53,115 INFO --------------------------------------------------
2025-10-21 15:13:53,115 INFO 
2025-10-21 15:14:42,735 INFO Final validation stats 107/149, Val_acc: 0.592593, time 49.62s
2025-10-21 15:14:44,886 INFO --------------------------------------------------
2025-10-21 15:14:44,886 INFO 
2025-10-21 15:14:44,886 INFO 0 Tue Oct 21 15:14:44 2025 Epoch: 108
2025-10-21 15:17:36,434 INFO Final training  108/149loss: 0.2646time 171.55slr: 0.000019
2025-10-21 15:17:36,434 INFO --------------------------------------------------
2025-10-21 15:17:36,434 INFO 
2025-10-21 15:17:36,434 INFO 0 Tue Oct 21 15:17:36 2025 Epoch: 109
2025-10-21 15:20:29,043 INFO Final training  109/149loss: 0.2267time 172.61slr: 0.000018
2025-10-21 15:20:29,049 INFO --------------------------------------------------
2025-10-21 15:20:29,049 INFO 
2025-10-21 15:20:29,049 INFO 0 Tue Oct 21 15:20:29 2025 Epoch: 110
2025-10-21 15:23:22,128 INFO Final training  110/149loss: 0.2206time 173.08slr: 0.000017
2025-10-21 15:23:22,581 INFO --------------------------------------------------
2025-10-21 15:23:22,581 INFO 
2025-10-21 15:23:22,581 INFO 0 Tue Oct 21 15:23:22 2025 Epoch: 111
2025-10-21 15:26:13,920 INFO Final training  111/149loss: 0.1903time 171.34slr: 0.000016
2025-10-21 15:26:13,920 INFO --------------------------------------------------
2025-10-21 15:26:13,921 INFO 
2025-10-21 15:27:03,655 INFO Final validation stats 111/149, Val_acc: 0.703704, time 49.73s
2025-10-21 15:27:05,909 INFO --------------------------------------------------
2025-10-21 15:27:05,909 INFO 
2025-10-21 15:27:05,909 INFO 0 Tue Oct 21 15:27:05 2025 Epoch: 112
2025-10-21 15:29:58,015 INFO Final training  112/149loss: 0.1891time 172.11slr: 0.000016
2025-10-21 15:29:58,015 INFO --------------------------------------------------
2025-10-21 15:29:58,015 INFO 
2025-10-21 15:29:58,015 INFO 0 Tue Oct 21 15:29:58 2025 Epoch: 113
2025-10-21 15:32:50,114 INFO Final training  113/149loss: 0.1563time 172.10slr: 0.000015
2025-10-21 15:32:50,120 INFO --------------------------------------------------
2025-10-21 15:32:50,120 INFO 
2025-10-21 15:32:50,120 INFO 0 Tue Oct 21 15:32:50 2025 Epoch: 114
2025-10-21 15:35:44,085 INFO Final training  114/149loss: 0.1706time 173.96slr: 0.000014
2025-10-21 15:35:44,092 INFO --------------------------------------------------
2025-10-21 15:35:44,092 INFO 
2025-10-21 15:35:44,092 INFO 0 Tue Oct 21 15:35:44 2025 Epoch: 115
2025-10-21 15:38:37,953 INFO Final training  115/149loss: 0.1714time 173.86slr: 0.000013
2025-10-21 15:38:37,953 INFO --------------------------------------------------
2025-10-21 15:38:37,953 INFO 
2025-10-21 15:39:27,816 INFO Final validation stats 115/149, Val_acc: 0.629630, time 49.86s
2025-10-21 15:39:30,011 INFO --------------------------------------------------
2025-10-21 15:39:30,011 INFO 
2025-10-21 15:39:30,011 INFO 0 Tue Oct 21 15:39:30 2025 Epoch: 116
