2026-02-05 13:31:20,510 INFO Log directory: outputs/OrganoidsINRIA_Slice_32x32x32/densenet/2026-02-05-13-31
2026-02-05 13:31:20,513 INFO {'RandFlipd_prob': 0.2,
 'RandRotate90d_prob': 0.2,
 'RandScaleIntensityd_prob': 0.1,
 'RandShiftIntensityd_prob': 0.1,
 'amp': True,
 'augmentation': True,
 'batch_size': 2,
 'cache_dataset': False,
 'checkpoint_path': None,
 'data_dir': '/home/mraffael/martone_project/Organoids_Dataset_128/',
 'dataset_name': 'OrganoidsINRIA_Slice_32x32x32',
 'debug': False,
 'debug_train_samples': 40,
 'debug_val_samples': 10,
 'dist_backend': 'nccl',
 'dist_url': 'tcp://127.0.0.1:23456',
 'distributed': False,
 'dropout_path_rate': 0.0,
 'dropout_rate': 0.0,
 'early_stopping': True,
 'encoder10_pth': '',
 'exact_class': False,
 'feature_size': 48,
 'fold': 0,
 'folds': False,
 'gpu': 0,
 'ignore_label': 3,
 'in_channels': 1,
 'infer_overlap': 0.5,
 'k_folds': 5,
 'logdir': 'test',
 'logs_dir': 'logs/',
 'loss_name': 'CE',
 'lrschedule': 'warmup_cosine',
 'max_epochs': 300,
 'min_delta_loss': 0.001,
 'min_delta_val': 0.01,
 'model_name': 'densenet',
 'momentum': 0.99,
 'n_slices': 32,
 'noamp': False,
 'norm_name': 'instance',
 'oar_id': 2239988,
 'optim_lr': 0.01,
 'optim_name': 'adamw',
 'out_channels': 1,
 'output_dir': 'outputs/',
 'patch_merging': False,
 'patience_loss': 40,
 'patience_val': 40,
 'pretrained_dir': '',
 'pretrained_model_name': '',
 'rank': 0,
 'reg_weight': 5e-05,
 'restart_T0': 20,
 'resume_ckpt': False,
 'roi_x': 32,
 'roi_y': 32,
 'roi_z': 32,
 'save_checkpoint': True,
 'seed': 3,
 'similarity_loss': '',
 'similarity_loss_weight': 0.0,
 'slice_selection': True,
 'spatial_dims': 3,
 'split_method': 'stratified',
 'start_epoch': 0,
 'sw_batch_size': 8,
 'telegram_log': True,
 'test_mode': False,
 'token': './token/tlg_token.txt',
 'use_checkpoint': False,
 'val_every': 2,
 'warmup_epochs': 5,
 'workers': 8,
 'world_size': 1}
2026-02-05 13:31:20,513 INFO 
2026-02-05 13:31:20,517 INFO Saved configuration to: outputs/OrganoidsINRIA_Slice_32x32x32/densenet/2026-02-05-13-31/config.txt
2026-02-05 13:31:21,025 INFO Using GPU: 0
2026-02-05 13:31:21,025 INFO 
2026-02-05 13:31:21,025 INFO Model INFO:
2026-02-05 13:31:21,025 INFO Model architecture: densenet
2026-02-05 13:31:21,291 INFO Total trainable parameters: 25,336,579
2026-02-05 13:31:21,334 INFO 
2026-02-05 13:31:21,334 INFO Optimizer INFO:
2026-02-05 13:31:21,336 INFO Using optimizer: adamw with lr=0.01, weight_decay=5e-05
2026-02-05 13:31:21,336 INFO 
2026-02-05 13:31:21,336 INFO Dataset INFO:
2026-02-05 13:31:21,345 INFO Dataset length: 721
2026-02-05 13:31:21,345 INFO Class distribution in entire dataset:
2026-02-05 13:31:21,345 INFO   Class 0: 351
2026-02-05 13:31:21,345 INFO   Class 1: 38
2026-02-05 13:31:21,345 INFO   Class 2: 332
2026-02-05 13:31:21,345 INFO 
Using split method: stratified
2026-02-05 13:31:21,347 INFO 
Train set balance:
2026-02-05 13:31:21,347 INFO 
Val set balance:
2026-02-05 13:31:21,348 INFO Training set length: 577
2026-02-05 13:31:21,348 INFO Validation set length: 144
2026-02-05 13:31:21,348 INFO 
Using standard shuffle for training
2026-02-05 13:31:21,348 INFO Training loader: 288 batches
2026-02-05 13:31:21,348 INFO Validation loader: 72 batches
2026-02-05 13:31:21,348 INFO 
Class distribution in training set:
2026-02-05 13:31:21,348 INFO   Class 0: 281 (48.7%)
2026-02-05 13:31:21,348 INFO   Class 1: 30 (5.2%)
2026-02-05 13:31:21,348 INFO   Class 2: 266 (46.1%)
2026-02-05 13:31:21,348 INFO Class distribution in validation set:
2026-02-05 13:31:21,348 INFO   Class 0: 70 (48.6%)
2026-02-05 13:31:21,348 INFO   Class 1: 8 (5.6%)
2026-02-05 13:31:21,348 INFO   Class 2: 66 (45.8%)
2026-02-05 13:31:21,348 INFO **************************************************
2026-02-05 13:31:21,359 INFO Class weights: [ 6.845  64.111  7.231]
2026-02-05 13:31:21,359 INFO 
2026-02-05 13:31:21,359 INFO Test Dataset INFO:
2026-02-05 13:31:21,363 INFO Test Dataset length: 82
2026-02-05 13:31:21,363 INFO Class distribution in test dataset:
2026-02-05 13:31:21,363 INFO   Class 0: 40
2026-02-05 13:31:21,363 INFO   Class 1: 5
2026-02-05 13:31:21,363 INFO   Class 2: 37
2026-02-05 13:31:21,363 INFO Test loader: 41 batches
2026-02-05 13:31:21,363 INFO **************************************************
2026-02-05 13:31:21,363 INFO 
2026-02-05 13:31:21,363 INFO Using loss function: CE
2026-02-05 13:31:21,367 INFO **************************************************
2026-02-05 13:31:21,367 INFO Starting training...
2026-02-05 13:31:21,371 INFO 0 Thu Feb  5 13:31:21 2026 Epoch: 1
2026-02-05 13:33:04,580 INFO Final training 1/300, loss: 1.0929, time 103.21s, lr: 0.000000
Accuracy: 0.460
class                  precision    recall   specificity      f1   support
--------------------------------------------------------------------------
0                          0.000     0.000         1.000   0.000       281
1                          0.000     0.000         1.000   0.000        30
2                          0.460     1.000         0.000   0.630       265
*----------------------------------------*
2026-02-05 13:33:05,069 INFO 0 Thu Feb  5 13:33:05 2026 Epoch: 2
2026-02-05 13:34:18,513 INFO Final training 2/300, loss: 1.0411, time 73.44s, lr: 0.002500
Accuracy: 0.469
class                  precision    recall   specificity      f1   support
--------------------------------------------------------------------------
0                          0.492     0.464         0.547   0.478       280
1                          0.083     0.033         0.980   0.048        30
2                          0.463     0.523         0.481   0.491       266
*----------------------------------------*
2026-02-05 13:34:55,285 INFO Final validation 2/300, Val_acc: 0.2199, time 36.77sAccuracy: 0.278
class                  precision    recall   specificity      f1   support
--------------------------------------------------------------------------
0                          0.274     0.286         0.284   0.280        70
1                          0.000     0.000         1.000   0.000         8
2                          0.282     0.303         0.346   0.292        66
*========================================*
2026-02-05 13:34:55,286 INFO New best (0.000000 --> 0.219907)
2026-02-05 13:35:00,217 INFO Copying best model to best_model.pt
2026-02-05 13:35:03,078 INFO 0 Thu Feb  5 13:35:03 2026 Epoch: 3
2026-02-05 13:36:18,418 INFO Final training 3/300, loss: 0.9794, time 75.34s, lr: 0.005000
Accuracy: 0.479
class                  precision    recall   specificity      f1   support
--------------------------------------------------------------------------
0                          0.495     0.673         0.346   0.570       281
1                          0.000     0.000         0.993   0.000        29
2                          0.458     0.327         0.668   0.382       266
*----------------------------------------*
2026-02-05 13:36:18,418 INFO 0 Thu Feb  5 13:36:18 2026 Epoch: 4
2026-02-05 13:37:32,048 INFO Final training 4/300, loss: 1.0161, time 73.63s, lr: 0.007500
Accuracy: 0.479
class                  precision    recall   specificity      f1   support
--------------------------------------------------------------------------
0                          0.492     0.454         0.557   0.472       280
1                          0.000     0.000         0.985   0.000        30
2                          0.481     0.560         0.481   0.517       266
*----------------------------------------*
2026-02-05 13:38:09,619 INFO Final validation 4/300, Val_acc: 0.4861, time 37.57sAccuracy: 0.486
class                  precision    recall   specificity      f1   support
--------------------------------------------------------------------------
0                          0.486     1.000         0.000   0.654        70
1                          0.000     0.000         1.000   0.000         8
2                          0.000     0.000         1.000   0.000        66
*========================================*
2026-02-05 13:38:09,619 INFO New best (0.219907 --> 0.486111)
2026-02-05 13:38:14,622 INFO Copying best model to best_model.pt
2026-02-05 13:38:17,510 INFO 0 Thu Feb  5 13:38:17 2026 Epoch: 5
2026-02-05 13:39:32,388 INFO Final training 5/300, loss: 1.0090, time 74.88s, lr: 0.010000
Accuracy: 0.439
class                  precision    recall   specificity      f1   support
--------------------------------------------------------------------------
0                          0.467     0.507         0.453   0.486       280
1                          0.000     0.000         0.982   0.000        30
2                          0.424     0.417         0.513   0.420       266
*----------------------------------------*
2026-02-05 13:39:32,388 INFO 0 Thu Feb  5 13:39:32 2026 Epoch: 6
2026-02-05 13:40:46,243 INFO Final training 6/300, loss: 1.0059, time 73.85s, lr: 0.010000
Accuracy: 0.488
class                  precision    recall   specificity      f1   support
--------------------------------------------------------------------------
0                          0.494     0.564         0.453   0.527       280
1                          0.000     0.000         1.000   0.000        30
2                          0.480     0.462         0.571   0.471       266
*----------------------------------------*
2026-02-05 13:41:22,837 INFO Final validation 6/300, Val_acc: 0.2014, time 36.59sAccuracy: 0.222
class                  precision    recall   specificity      f1   support
--------------------------------------------------------------------------
0                          0.070     0.043         0.459   0.053        70
1                          0.000     0.000         1.000   0.000         8
2                          0.287     0.439         0.077   0.347        66
*========================================*
2026-02-05 13:41:26,446 INFO 0 Thu Feb  5 13:41:26 2026 Epoch: 7
2026-02-05 13:42:41,361 INFO Final training 7/300, loss: 1.0180, time 74.91s, lr: 0.010000
Accuracy: 0.446
class                  precision    recall   specificity      f1   support
--------------------------------------------------------------------------
0                          0.471     0.471         0.500   0.471       280
1                          0.000     0.000         0.989   0.000        30
2                          0.431     0.470         0.468   0.450       266
*----------------------------------------*
2026-02-05 13:42:41,361 INFO 0 Thu Feb  5 13:42:41 2026 Epoch: 8
2026-02-05 13:43:55,538 INFO Final training 8/300, loss: 1.0423, time 74.18s, lr: 0.009999
Accuracy: 0.458
class                  precision    recall   specificity      f1   support
--------------------------------------------------------------------------
0                          0.493     0.530         0.481   0.511       281
1                          0.062     0.033         0.973   0.043        30
2                          0.442     0.430         0.537   0.436       265
*----------------------------------------*
2026-02-05 13:44:32,311 INFO Final validation 8/300, Val_acc: 0.4583, time 36.77sAccuracy: 0.458
class                  precision    recall   specificity      f1   support
--------------------------------------------------------------------------
0                          0.000     0.000         1.000   0.000        70
1                          0.000     0.000         1.000   0.000         8
2                          0.458     1.000         0.000   0.629        66
*========================================*
2026-02-05 13:44:35,930 INFO 0 Thu Feb  5 13:44:35 2026 Epoch: 9
2026-02-05 13:45:50,684 INFO Final training 9/300, loss: 1.0288, time 74.75s, lr: 0.009997
Accuracy: 0.458
class                  precision    recall   specificity      f1   support
--------------------------------------------------------------------------
0                          0.473     0.559         0.407   0.512       281
1                          0.000     0.000         1.000   0.000        30
2                          0.439     0.404         0.559   0.420       265
*----------------------------------------*
2026-02-05 13:45:50,684 INFO 0 Thu Feb  5 13:45:50 2026 Epoch: 10
2026-02-05 13:47:03,630 INFO Final training 10/300, loss: 1.0170, time 72.95s, lr: 0.009995
Accuracy: 0.446
class                  precision    recall   specificity      f1   support
--------------------------------------------------------------------------
0                          0.467     0.507         0.453   0.486       280
1                          0.000     0.000         1.000   0.000        30
2                          0.423     0.432         0.494   0.428       266
*----------------------------------------*
2026-02-05 13:47:40,280 INFO Final validation 10/300, Val_acc: 0.1782, time 36.65sAccuracy: 0.215
class                  precision    recall   specificity      f1   support
--------------------------------------------------------------------------
0                          0.167     0.143         0.324   0.154        70
1                          0.000     0.000         1.000   0.000         8
2                          0.250     0.318         0.192   0.280        66
*========================================*
2026-02-05 13:47:43,879 INFO 0 Thu Feb  5 13:47:43 2026 Epoch: 11
2026-02-05 13:49:00,498 INFO Final training 11/300, loss: 1.0063, time 76.62s, lr: 0.009993
Accuracy: 0.486
class                  precision    recall   specificity      f1   support
--------------------------------------------------------------------------
0                          0.507     0.507         0.534   0.507       280
1                          0.000     0.000         0.989   0.000        30
2                          0.476     0.519         0.510   0.496       266
*----------------------------------------*
2026-02-05 13:49:00,950 INFO 0 Thu Feb  5 13:49:00 2026 Epoch: 12
2026-02-05 13:50:16,022 INFO Final training 12/300, loss: 1.0201, time 75.07s, lr: 0.009990
Accuracy: 0.451
class                  precision    recall   specificity      f1   support
--------------------------------------------------------------------------
0                          0.464     0.546         0.402   0.502       280
1                          0.000     0.000         0.985   0.000        30
2                          0.450     0.402         0.577   0.425       266
*----------------------------------------*
2026-02-05 13:50:53,027 INFO Final validation 12/300, Val_acc: 0.6389, time 37.01sAccuracy: 0.694
class                  precision    recall   specificity      f1   support
--------------------------------------------------------------------------
0                          0.720     0.771         0.716   0.745        70
1                          0.000     0.000         1.000   0.000         8
2                          0.667     0.697         0.705   0.681        66
*========================================*
2026-02-05 13:50:53,028 INFO New best (0.486111 --> 0.638889)
2026-02-05 13:50:58,311 INFO Copying best model to best_model.pt
2026-02-05 13:51:01,258 INFO 0 Thu Feb  5 13:51:01 2026 Epoch: 13
2026-02-05 13:52:16,265 INFO Final training 13/300, loss: 1.0028, time 75.01s, lr: 0.009986
Accuracy: 0.429
class                  precision    recall   specificity      f1   support
--------------------------------------------------------------------------
0                          0.446     0.504         0.409   0.473       280
1                          0.000     0.000         1.000   0.000        30
2                          0.408     0.398         0.503   0.403       266
*----------------------------------------*
2026-02-05 13:52:16,265 INFO 0 Thu Feb  5 13:52:16 2026 Epoch: 14
2026-02-05 13:53:30,761 INFO Final training 14/300, loss: 1.0007, time 74.50s, lr: 0.009982
Accuracy: 0.460
class                  precision    recall   specificity      f1   support
--------------------------------------------------------------------------
0                          0.471     0.523         0.441   0.496       281
1                          0.000     0.000         0.989   0.000        30
2                          0.457     0.445         0.550   0.451       265
*----------------------------------------*
2026-02-05 13:54:07,699 INFO Final validation 14/300, Val_acc: 0.2917, time 36.94sAccuracy: 0.354
class                  precision    recall   specificity      f1   support
--------------------------------------------------------------------------
0                          0.800     0.057         0.986   0.107        70
1                          0.016     0.125         0.559   0.029         8
2                          0.590     0.697         0.590   0.639        66
*========================================*
2026-02-05 13:54:11,420 INFO 0 Thu Feb  5 13:54:11 2026 Epoch: 15
2026-02-05 13:55:27,310 INFO Final training 15/300, loss: 0.9710, time 75.89s, lr: 0.009977
Accuracy: 0.465
class                  precision    recall   specificity      f1   support
--------------------------------------------------------------------------
0                          0.477     0.454         0.530   0.465       280
1                          0.000     0.000         1.000   0.000        30
2                          0.455     0.530         0.455   0.490       266
*----------------------------------------*
2026-02-05 13:55:27,311 INFO 0 Thu Feb  5 13:55:27 2026 Epoch: 16
2026-02-05 13:56:43,089 INFO Final training 16/300, loss: 1.0004, time 75.78s, lr: 0.009972
Accuracy: 0.453
class                  precision    recall   specificity      f1   support
--------------------------------------------------------------------------
0                          0.469     0.482         0.483   0.475       280
1                          0.000     0.000         0.982   0.000        30
2                          0.453     0.474         0.510   0.463       266
*----------------------------------------*
2026-02-05 13:57:19,866 INFO Final validation 16/300, Val_acc: 0.4236, time 36.78sAccuracy: 0.472
class                  precision    recall   specificity      f1   support
--------------------------------------------------------------------------
0                          0.476     0.714         0.257   0.571        70
1                          0.000     0.000         1.000   0.000         8
2                          0.462     0.273         0.731   0.343        66
*========================================*
2026-02-05 13:57:23,553 INFO 0 Thu Feb  5 13:57:23 2026 Epoch: 17
2026-02-05 13:58:39,595 INFO Final training 17/300, loss: 0.9796, time 76.04s, lr: 0.009966
Accuracy: 0.462
class                  precision    recall   specificity      f1   support
--------------------------------------------------------------------------
0                          0.474     0.586         0.385   0.524       280
1                          0.000     0.000         1.000   0.000        30
2                          0.443     0.383         0.587   0.411       266
*----------------------------------------*
2026-02-05 13:58:39,595 INFO 0 Thu Feb  5 13:58:39 2026 Epoch: 18
2026-02-05 13:59:55,817 INFO Final training 18/300, loss: 0.9875, time 76.22s, lr: 0.009959
Accuracy: 0.438
class                  precision    recall   specificity      f1   support
--------------------------------------------------------------------------
0                          0.445     0.436         0.486   0.440       280
1                          0.000     0.000         0.993   0.000        30
2                          0.436     0.489         0.458   0.461       266
*----------------------------------------*
2026-02-05 14:00:32,583 INFO Final validation 18/300, Val_acc: 0.3299, time 36.76sAccuracy: 0.368
class                  precision    recall   specificity      f1   support
--------------------------------------------------------------------------
0                          0.486     0.729         0.270   0.583        70
1                          0.038     0.125         0.816   0.059         8
2                          0.077     0.015         0.846   0.025        66
*========================================*
2026-02-05 14:00:36,258 INFO 0 Thu Feb  5 14:00:36 2026 Epoch: 19
2026-02-05 14:01:50,580 INFO Final training 19/300, loss: 0.9927, time 74.32s, lr: 0.009952
Accuracy: 0.467
class                  precision    recall   specificity      f1   support
--------------------------------------------------------------------------
0                          0.486     0.636         0.365   0.551       280
1                          0.000     0.000         0.982   0.000        30
2                          0.455     0.342         0.648   0.391       266
*----------------------------------------*
2026-02-05 14:01:50,580 INFO 0 Thu Feb  5 14:01:50 2026 Epoch: 20
2026-02-05 14:03:03,840 INFO Final training 20/300, loss: 0.9796, time 73.26s, lr: 0.009945
Accuracy: 0.481
class                  precision    recall   specificity      f1   support
--------------------------------------------------------------------------
0                          0.485     0.582         0.416   0.529       280
1                          0.000     0.000         1.000   0.000        30
2                          0.475     0.429         0.594   0.451       266
*----------------------------------------*
2026-02-05 14:03:40,556 INFO Final validation 20/300, Val_acc: 0.4873, time 36.72sAccuracy: 0.528
class                  precision    recall   specificity      f1   support
--------------------------------------------------------------------------
0                          0.615     0.343         0.797   0.440        70
1                          0.000     0.000         1.000   0.000         8
2                          0.495     0.788         0.321   0.608        66
*========================================*
2026-02-05 14:03:44,143 INFO 0 Thu Feb  5 14:03:44 2026 Epoch: 21
2026-02-05 14:04:58,132 INFO Final training 21/300, loss: 1.0123, time 73.99s, lr: 0.009936
Accuracy: 0.441
class                  precision    recall   specificity      f1   support
--------------------------------------------------------------------------
0                          0.459     0.514         0.426   0.485       280
1                          0.000     0.000         1.000   0.000        30
2                          0.420     0.414         0.510   0.417       266
*----------------------------------------*
2026-02-05 14:04:58,540 INFO 0 Thu Feb  5 14:04:58 2026 Epoch: 22
2026-02-05 14:06:13,672 INFO Final training 22/300, loss: 0.9718, time 75.13s, lr: 0.009928
Accuracy: 0.469
class                  precision    recall   specificity      f1   support
--------------------------------------------------------------------------
0                          0.482     0.673         0.312   0.562       281
1                          0.000     0.000         1.000   0.000        30
2                          0.440     0.306         0.669   0.361       265
*----------------------------------------*
2026-02-05 14:06:50,151 INFO Final validation 22/300, Val_acc: 0.3032, time 36.48sAccuracy: 0.354
class                  precision    recall   specificity      f1   support
--------------------------------------------------------------------------
0                          0.369     0.443         0.284   0.403        70
1                          0.000     0.000         1.000   0.000         8
2                          0.333     0.303         0.487   0.317        66
*========================================*
2026-02-05 14:06:53,733 INFO 0 Thu Feb  5 14:06:53 2026 Epoch: 23
2026-02-05 14:08:08,158 INFO Final training 23/300, loss: 1.0921, time 74.42s, lr: 0.009918
Accuracy: 0.474
class                  precision    recall   specificity      f1   support
--------------------------------------------------------------------------
0                          0.497     0.511         0.510   0.504       280
1                          0.000     0.000         0.982   0.000        30
2                          0.468     0.489         0.523   0.478       266
*----------------------------------------*
2026-02-05 14:08:08,158 INFO 0 Thu Feb  5 14:08:08 2026 Epoch: 24
2026-02-05 14:09:22,319 INFO Final training 24/300, loss: 0.9998, time 74.16s, lr: 0.009908
Accuracy: 0.434
class                  precision    recall   specificity      f1   support
--------------------------------------------------------------------------
0                          0.447     0.363         0.573   0.401       281
1                          0.000     0.000         1.000   0.000        30
2                          0.425     0.558         0.357   0.483       265
*----------------------------------------*
2026-02-05 14:09:58,749 INFO Final validation 24/300, Val_acc: 0.4931, time 36.43sAccuracy: 0.493
class                  precision    recall   specificity      f1   support
--------------------------------------------------------------------------
0                          0.490     1.000         0.014   0.657        70
1                          0.000     0.000         1.000   0.000         8
2                          1.000     0.015         1.000   0.030        66
*========================================*
2026-02-05 14:10:02,330 INFO 0 Thu Feb  5 14:10:02 2026 Epoch: 25
2026-02-05 14:11:17,236 INFO Final training 25/300, loss: 0.9996, time 74.91s, lr: 0.009898
Accuracy: 0.481
class                  precision    recall   specificity      f1   support
--------------------------------------------------------------------------
0                          0.497     0.587         0.434   0.538       281
1                          0.000     0.000         0.989   0.000        30
2                          0.471     0.423         0.595   0.445       265
*----------------------------------------*
2026-02-05 14:11:17,236 INFO 0 Thu Feb  5 14:11:17 2026 Epoch: 26
2026-02-05 14:12:32,365 INFO Final training 26/300, loss: 1.0016, time 75.13s, lr: 0.009887
Accuracy: 0.483
class                  precision    recall   specificity      f1   support
--------------------------------------------------------------------------
0                          0.489     0.661         0.348   0.562       280
1                          0.000     0.000         1.000   0.000        30
2                          0.470     0.350         0.661   0.401       266
*----------------------------------------*
2026-02-05 14:13:08,936 INFO Final validation 26/300, Val_acc: 0.3391, time 36.57sAccuracy: 0.389
class                  precision    recall   specificity      f1   support
--------------------------------------------------------------------------
0                          0.505     0.714         0.338   0.592        70
1                          0.037     0.125         0.809   0.057         8
2                          0.278     0.076         0.833   0.119        66
*========================================*
2026-02-05 14:13:12,773 INFO 0 Thu Feb  5 14:13:12 2026 Epoch: 27
2026-02-05 14:14:29,352 INFO Final training 27/300, loss: 0.9970, time 76.58s, lr: 0.009875
Accuracy: 0.467
class                  precision    recall   specificity      f1   support
--------------------------------------------------------------------------
0                          0.485     0.454         0.544   0.469       280
1                          0.000     0.000         1.000   0.000        30
2                          0.452     0.534         0.445   0.490       266
*----------------------------------------*
2026-02-05 14:14:29,353 INFO 0 Thu Feb  5 14:14:29 2026 Epoch: 28
2026-02-05 14:15:43,545 INFO Final training 28/300, loss: 1.0516, time 74.19s, lr: 0.009863
Accuracy: 0.462
class                  precision    recall   specificity      f1   support
--------------------------------------------------------------------------
0                          0.484     0.550         0.446   0.515       280
1                          0.100     0.033         0.984   0.050        30
2                          0.448     0.417         0.558   0.432       266
*----------------------------------------*
2026-02-05 14:16:19,838 INFO Final validation 28/300, Val_acc: 0.3137, time 36.29sAccuracy: 0.347
class                  precision    recall   specificity      f1   support
--------------------------------------------------------------------------
0                          0.347     0.357         0.365   0.352        70
1                          0.000     0.000         1.000   0.000         8
2                          0.347     0.379         0.397   0.362        66
*========================================*
2026-02-05 14:16:23,495 INFO 0 Thu Feb  5 14:16:23 2026 Epoch: 29
2026-02-05 14:17:39,024 INFO Final training 29/300, loss: 1.1064, time 75.53s, lr: 0.009851
Accuracy: 0.474
class                  precision    recall   specificity      f1   support
--------------------------------------------------------------------------
0                          0.510     0.374         0.658   0.431       281
1                          0.125     0.067         0.974   0.087        30
2                          0.469     0.626         0.395   0.536       265
*----------------------------------------*
2026-02-05 14:17:39,024 INFO 0 Thu Feb  5 14:17:39 2026 Epoch: 30
2026-02-05 14:18:53,818 INFO Final training 30/300, loss: 0.9733, time 74.79s, lr: 0.009838
Accuracy: 0.455
class                  precision    recall   specificity      f1   support
--------------------------------------------------------------------------
0                          0.463     0.489         0.463   0.476       280
1                          0.000     0.000         1.000   0.000        30
2                          0.446     0.470         0.500   0.458       266
*----------------------------------------*
2026-02-05 14:19:30,758 INFO Final validation 30/300, Val_acc: 0.4861, time 36.94sAccuracy: 0.486
class                  precision    recall   specificity      f1   support
--------------------------------------------------------------------------
0                          0.490     1.000         0.014   0.657        70
1                          0.000     0.000         0.993   0.000         8
2                          0.000     0.000         1.000   0.000        66
*========================================*
2026-02-05 14:19:34,352 INFO 0 Thu Feb  5 14:19:34 2026 Epoch: 31
2026-02-05 14:20:49,430 INFO Final training 31/300, loss: 0.9856, time 75.08s, lr: 0.009824
Accuracy: 0.477
class                  precision    recall   specificity      f1   support
--------------------------------------------------------------------------
0                          0.493     0.480         0.529   0.486       281
1                          0.000     0.000         0.996   0.000        30
2                          0.467     0.528         0.486   0.496       265
*----------------------------------------*
2026-02-05 14:20:49,878 INFO 0 Thu Feb  5 14:20:49 2026 Epoch: 32
2026-02-05 14:22:05,223 INFO Final training 32/300, loss: 0.9807, time 75.35s, lr: 0.009810
Accuracy: 0.465
class                  precision    recall   specificity      f1   support
--------------------------------------------------------------------------
0                          0.476     0.571         0.405   0.519       280
1                          0.000     0.000         1.000   0.000        30
2                          0.450     0.406         0.574   0.427       266
*----------------------------------------*
2026-02-05 14:22:42,489 INFO Final validation 32/300, Val_acc: 0.4213, time 37.26sAccuracy: 0.458
class                  precision    recall   specificity      f1   support
--------------------------------------------------------------------------
0                          0.474     0.129         0.865   0.202        70
1                          0.000     0.000         1.000   0.000         8
2                          0.456     0.864         0.128   0.597        66
*========================================*
2026-02-05 14:22:46,242 INFO 0 Thu Feb  5 14:22:46 2026 Epoch: 33
2026-02-05 14:24:01,758 INFO Final training 33/300, loss: 1.0692, time 75.52s, lr: 0.009795
Accuracy: 0.458
class                  precision    recall   specificity      f1   support
--------------------------------------------------------------------------
0                          0.468     0.464         0.500   0.466       280
1                          0.000     0.000         0.989   0.000        30
2                          0.459     0.504         0.490   0.480       266
*----------------------------------------*
2026-02-05 14:24:01,758 INFO 0 Thu Feb  5 14:24:01 2026 Epoch: 34
2026-02-05 14:25:16,768 INFO Final training 34/300, loss: 0.9696, time 75.01s, lr: 0.009779
Accuracy: 0.486
class                  precision    recall   specificity      f1   support
--------------------------------------------------------------------------
0                          0.500     0.518         0.510   0.509       280
1                          0.000     0.000         1.000   0.000        30
2                          0.472     0.508         0.513   0.489       266
*----------------------------------------*
2026-02-05 14:25:53,598 INFO Final validation 34/300, Val_acc: 0.3646, time 36.83sAccuracy: 0.403
class                  precision    recall   specificity      f1   support
--------------------------------------------------------------------------
0                          0.427     0.629         0.203   0.509        70
1                          0.000     0.000         1.000   0.000         8
2                          0.341     0.212         0.654   0.262        66
*========================================*
2026-02-05 14:25:57,210 INFO 0 Thu Feb  5 14:25:57 2026 Epoch: 35
2026-02-05 14:27:13,385 INFO Final training 35/300, loss: 0.9886, time 76.17s, lr: 0.009763
Accuracy: 0.450
class                  precision    recall   specificity      f1   support
--------------------------------------------------------------------------
0                          0.474     0.464         0.514   0.469       280
1                          0.000     0.000         0.996   0.000        30
2                          0.430     0.485         0.448   0.456       266
*----------------------------------------*
2026-02-05 14:27:13,385 INFO 0 Thu Feb  5 14:27:13 2026 Epoch: 36
2026-02-05 14:28:28,388 INFO Final training 36/300, loss: 0.9881, time 75.00s, lr: 0.009747
Accuracy: 0.457
class                  precision    recall   specificity      f1   support
--------------------------------------------------------------------------
0                          0.472     0.537         0.427   0.502       281
1                          0.000     0.000         1.000   0.000        30
2                          0.438     0.423         0.537   0.430       265
*----------------------------------------*
2026-02-05 14:29:05,143 INFO Final validation 36/300, Val_acc: 0.4861, time 36.75sAccuracy: 0.486
class                  precision    recall   specificity      f1   support
--------------------------------------------------------------------------
0                          0.486     1.000         0.000   0.654        70
1                          0.000     0.000         1.000   0.000         8
2                          0.000     0.000         1.000   0.000        66
*========================================*
2026-02-05 14:29:08,761 INFO 0 Thu Feb  5 14:29:08 2026 Epoch: 37
2026-02-05 14:30:23,188 INFO Final training 37/300, loss: 1.0330, time 74.43s, lr: 0.009730
Accuracy: 0.477
class                  precision    recall   specificity      f1   support
--------------------------------------------------------------------------
0                          0.503     0.550         0.486   0.526       280
1                          0.000     0.000         0.971   0.000        30
2                          0.476     0.455         0.571   0.465       266
*----------------------------------------*
2026-02-05 14:30:23,188 INFO 0 Thu Feb  5 14:30:23 2026 Epoch: 38
2026-02-05 14:31:39,413 INFO Final training 38/300, loss: 1.0299, time 76.22s, lr: 0.009712
Accuracy: 0.483
class                  precision    recall   specificity      f1   support
--------------------------------------------------------------------------
0                          0.495     0.673         0.346   0.570       281
1                          0.000     0.000         0.989   0.000        30
2                          0.473     0.336         0.682   0.393       265
*----------------------------------------*
2026-02-05 14:32:15,997 INFO Final validation 38/300, Val_acc: 0.1782, time 36.58sAccuracy: 0.215
class                  precision    recall   specificity      f1   support
--------------------------------------------------------------------------
0                          0.127     0.100         0.351   0.112        70
1                          0.000     0.000         1.000   0.000         8
2                          0.270     0.364         0.167   0.310        66
*========================================*
2026-02-05 14:32:19,613 INFO 0 Thu Feb  5 14:32:19 2026 Epoch: 39
2026-02-05 14:33:34,290 INFO Final training 39/300, loss: 0.9917, time 74.68s, lr: 0.009694
Accuracy: 0.450
class                  precision    recall   specificity      f1   support
--------------------------------------------------------------------------
0                          0.457     0.493         0.446   0.474       280
1                          0.000     0.000         1.000   0.000        30
2                          0.442     0.455         0.506   0.448       266
*----------------------------------------*
2026-02-05 14:33:34,290 INFO 0 Thu Feb  5 14:33:34 2026 Epoch: 40
2026-02-05 14:34:49,316 INFO Final training 40/300, loss: 1.0008, time 75.03s, lr: 0.009676
Accuracy: 0.436
class                  precision    recall   specificity      f1   support
--------------------------------------------------------------------------
0                          0.453     0.482         0.449   0.467       280
1                          0.000     0.000         0.993   0.000        30
2                          0.423     0.436         0.490   0.430       266
*----------------------------------------*
2026-02-05 14:35:25,659 INFO Final validation 40/300, Val_acc: 0.5833, time 36.34sAccuracy: 0.646
class                  precision    recall   specificity      f1   support
--------------------------------------------------------------------------
0                          0.691     0.671         0.716   0.681        70
1                          0.000     0.000         1.000   0.000         8
2                          0.605     0.697         0.615   0.648        66
*========================================*
2026-02-05 14:35:29,351 INFO 0 Thu Feb  5 14:35:29 2026 Epoch: 41
2026-02-05 14:36:44,798 INFO Final training 41/300, loss: 0.9565, time 75.45s, lr: 0.009657
Accuracy: 0.438
class                  precision    recall   specificity      f1   support
--------------------------------------------------------------------------
0                          0.457     0.648         0.268   0.536       281
1                          0.000     0.000         1.000   0.000        29
2                          0.393     0.263         0.652   0.315       266
*----------------------------------------*
2026-02-05 14:36:45,238 INFO 0 Thu Feb  5 14:36:45 2026 Epoch: 42
2026-02-05 14:38:00,389 INFO Final training 42/300, loss: 1.0344, time 75.15s, lr: 0.009637
Accuracy: 0.500
class                  precision    recall   specificity      f1   support
--------------------------------------------------------------------------
0                          0.519     0.569         0.498   0.543       281
1                          0.000     0.000         0.985   0.000        30
2                          0.492     0.483         0.576   0.488       265
*----------------------------------------*
2026-02-05 14:38:36,816 INFO Final validation 42/300, Val_acc: 0.4907, time 36.43sAccuracy: 0.528
class                  precision    recall   specificity      f1   support
--------------------------------------------------------------------------
0                          0.592     0.414         0.730   0.487        70
1                          0.000     0.000         1.000   0.000         8
2                          0.495     0.712         0.385   0.584        66
*========================================*
2026-02-05 14:38:40,432 INFO 0 Thu Feb  5 14:38:40 2026 Epoch: 43
2026-02-05 14:39:55,918 INFO Final training 43/300, loss: 1.0159, time 75.49s, lr: 0.009617
Accuracy: 0.455
class                  precision    recall   specificity      f1   support
--------------------------------------------------------------------------
0                          0.471     0.523         0.441   0.496       281
1                          0.000     0.000         0.993   0.000        30
2                          0.442     0.434         0.534   0.438       265
*----------------------------------------*
2026-02-05 14:39:55,919 INFO 0 Thu Feb  5 14:39:55 2026 Epoch: 44
2026-02-05 14:41:09,619 INFO Final training 44/300, loss: 0.9609, time 73.70s, lr: 0.009596
Accuracy: 0.455
class                  precision    recall   specificity      f1   support
--------------------------------------------------------------------------
0                          0.467     0.548         0.403   0.504       281
1                          0.000     0.000         1.000   0.000        29
2                          0.439     0.406         0.555   0.422       266
*----------------------------------------*
2026-02-05 14:41:45,838 INFO Final validation 44/300, Val_acc: 0.4583, time 36.22sAccuracy: 0.458
class                  precision    recall   specificity      f1   support
--------------------------------------------------------------------------
0                          0.000     0.000         1.000   0.000        70
1                          0.000     0.000         1.000   0.000         8
2                          0.458     1.000         0.000   0.629        66
*========================================*
2026-02-05 14:41:49,448 INFO 0 Thu Feb  5 14:41:49 2026 Epoch: 45
2026-02-05 14:43:04,863 INFO Final training 45/300, loss: 0.9790, time 75.41s, lr: 0.009575
Accuracy: 0.451
class                  precision    recall   specificity      f1   support
--------------------------------------------------------------------------
0                          0.469     0.486         0.480   0.477       280
1                          0.000     0.000         1.000   0.000        30
2                          0.434     0.466         0.477   0.449       266
*----------------------------------------*
2026-02-05 14:43:04,863 INFO 0 Thu Feb  5 14:43:04 2026 Epoch: 46
2026-02-05 14:44:19,041 INFO Final training 46/300, loss: 1.0603, time 74.18s, lr: 0.009553
Accuracy: 0.448
class                  precision    recall   specificity      f1   support
--------------------------------------------------------------------------
0                          0.475     0.482         0.497   0.479       280
1                          0.056     0.033         0.969   0.042        30
2                          0.445     0.459         0.510   0.452       266
*----------------------------------------*
2026-02-05 14:44:55,656 INFO Final validation 46/300, Val_acc: 0.5544, time 36.61sAccuracy: 0.604
class                  precision    recall   specificity      f1   support
--------------------------------------------------------------------------
0                          0.661     0.586         0.716   0.621        70
1                          0.000     0.000         1.000   0.000         8
2                          0.561     0.697         0.538   0.622        66
*========================================*
2026-02-05 14:44:59,236 INFO 0 Thu Feb  5 14:44:59 2026 Epoch: 47
2026-02-05 14:46:14,308 INFO Final training 47/300, loss: 1.0130, time 75.07s, lr: 0.009531
Accuracy: 0.486
class                  precision    recall   specificity      f1   support
--------------------------------------------------------------------------
0                          0.515     0.491         0.559   0.503       281
1                          0.000     0.000         1.000   0.000        30
2                          0.461     0.536         0.466   0.496       265
*----------------------------------------*
2026-02-05 14:46:14,308 INFO 0 Thu Feb  5 14:46:14 2026 Epoch: 48
2026-02-05 14:47:31,020 INFO Final training 48/300, loss: 0.9861, time 76.71s, lr: 0.009508
Accuracy: 0.455
class                  precision    recall   specificity      f1   support
--------------------------------------------------------------------------
0                          0.480     0.416         0.569   0.446       281
1                          0.000     0.000         0.989   0.000        30
2                          0.445     0.547         0.418   0.491       265
*----------------------------------------*
2026-02-05 14:48:07,670 INFO Final validation 48/300, Val_acc: 0.6840, time 36.65sAccuracy: 0.722
class                  precision    recall   specificity      f1   support
--------------------------------------------------------------------------
0                          0.713     0.886         0.662   0.790        70
1                          0.000     0.000         1.000   0.000         8
2                          0.737     0.636         0.808   0.683        66
*========================================*
2026-02-05 14:48:07,670 INFO New best (0.638889 --> 0.684028)
2026-02-05 14:48:12,648 INFO Copying best model to best_model.pt
2026-02-05 14:48:15,587 INFO 0 Thu Feb  5 14:48:15 2026 Epoch: 49
2026-02-05 14:49:31,586 INFO Final training 49/300, loss: 0.9696, time 76.00s, lr: 0.009485
Accuracy: 0.443
class                  precision    recall   specificity      f1   support
--------------------------------------------------------------------------
0                          0.458     0.546         0.389   0.498       280
1                          0.000     0.000         1.000   0.000        30
2                          0.421     0.383         0.548   0.402       266
*----------------------------------------*
2026-02-05 14:49:31,586 INFO 0 Thu Feb  5 14:49:31 2026 Epoch: 50
2026-02-05 14:50:46,372 INFO Final training 50/300, loss: 0.9732, time 74.79s, lr: 0.009461
Accuracy: 0.490
class                  precision    recall   specificity      f1   support
--------------------------------------------------------------------------
0                          0.500     0.509         0.515   0.504       281
1                          0.000     0.000         1.000   0.000        30
2                          0.479     0.525         0.514   0.501       265
*----------------------------------------*
2026-02-05 14:51:23,353 INFO Final validation 50/300, Val_acc: 0.2060, time 36.98sAccuracy: 0.250
class                  precision    recall   specificity      f1   support
--------------------------------------------------------------------------
0                          0.215     0.200         0.311   0.207        70
1                          0.000     0.000         1.000   0.000         8
2                          0.278     0.333         0.269   0.303        66
*========================================*
2026-02-05 14:51:26,937 INFO 0 Thu Feb  5 14:51:26 2026 Epoch: 51
2026-02-05 14:52:41,795 INFO Final training 51/300, loss: 1.0556, time 74.86s, lr: 0.009437
Accuracy: 0.457
class                  precision    recall   specificity      f1   support
--------------------------------------------------------------------------
0                          0.493     0.484         0.525   0.488       281
1                          0.000     0.000         0.974   0.000        30
2                          0.444     0.479         0.489   0.461       265
*----------------------------------------*
2026-02-05 14:52:42,273 INFO 0 Thu Feb  5 14:52:42 2026 Epoch: 52
2026-02-05 14:53:56,745 INFO Final training 52/300, loss: 0.9857, time 74.47s, lr: 0.009412
Accuracy: 0.490
class                  precision    recall   specificity      f1   support
--------------------------------------------------------------------------
0                          0.500     0.650         0.385   0.565       280
1                          0.000     0.000         0.989   0.000        30
2                          0.485     0.376         0.658   0.424       266
*----------------------------------------*
2026-02-05 14:54:33,145 INFO Final validation 52/300, Val_acc: 0.6782, time 36.40sAccuracy: 0.729
class                  precision    recall   specificity      f1   support
--------------------------------------------------------------------------
0                          0.734     0.829         0.716   0.779        70
1                          0.000     0.000         1.000   0.000         8
2                          0.723     0.712         0.769   0.718        66
*========================================*
2026-02-05 14:54:36,775 INFO 0 Thu Feb  5 14:54:36 2026 Epoch: 53
2026-02-05 14:55:52,007 INFO Final training 53/300, loss: 0.9860, time 75.23s, lr: 0.009387
Accuracy: 0.507
class                  precision    recall   specificity      f1   support
--------------------------------------------------------------------------
0                          0.511     0.671         0.392   0.580       280
1                          0.000     0.000         1.000   0.000        30
2                          0.500     0.391         0.665   0.439       266
*----------------------------------------*
2026-02-05 14:55:52,007 INFO 0 Thu Feb  5 14:55:52 2026 Epoch: 54
2026-02-05 14:57:05,801 INFO Final training 54/300, loss: 0.9760, time 73.79s, lr: 0.009361
Accuracy: 0.470
class                  precision    recall   specificity      f1   support
--------------------------------------------------------------------------
0                          0.488     0.423         0.576   0.453       281
1                          0.000     0.000         1.000   0.000        30
2                          0.458     0.574         0.421   0.509       265
*----------------------------------------*
2026-02-05 14:57:42,457 INFO Final validation 54/300, Val_acc: 0.2025, time 36.66sAccuracy: 0.250
class                  precision    recall   specificity      f1   support
--------------------------------------------------------------------------
0                          0.224     0.214         0.297   0.219        70
1                          0.000     0.000         1.000   0.000         8
2                          0.273     0.318         0.282   0.294        66
*========================================*
2026-02-05 14:57:46,194 INFO 0 Thu Feb  5 14:57:46 2026 Epoch: 55
2026-02-05 14:59:00,573 INFO Final training 55/300, loss: 1.0241, time 74.38s, lr: 0.009335
Accuracy: 0.503
class                  precision    recall   specificity      f1   support
--------------------------------------------------------------------------
0                          0.514     0.536         0.520   0.524       280
1                          0.000     0.000         1.000   0.000        30
2                          0.493     0.526         0.535   0.509       266
*----------------------------------------*
2026-02-05 14:59:00,573 INFO 0 Thu Feb  5 14:59:00 2026 Epoch: 56
2026-02-05 15:00:14,640 INFO Final training 56/300, loss: 1.0186, time 74.07s, lr: 0.009308
Accuracy: 0.491
class                  precision    recall   specificity      f1   support
--------------------------------------------------------------------------
0                          0.507     0.521         0.520   0.514       280
1                          0.000     0.000         1.000   0.000        30
2                          0.476     0.515         0.513   0.495       266
*----------------------------------------*
2026-02-05 15:00:50,805 INFO Final validation 56/300, Val_acc: 0.4583, time 36.16sAccuracy: 0.458
class                  precision    recall   specificity      f1   support
--------------------------------------------------------------------------
0                          0.000     0.000         1.000   0.000        70
1                          0.000     0.000         1.000   0.000         8
2                          0.458     1.000         0.000   0.629        66
*========================================*
2026-02-05 15:00:54,546 INFO 0 Thu Feb  5 15:00:54 2026 Epoch: 57
2026-02-05 15:02:09,721 INFO Final training 57/300, loss: 1.0005, time 75.17s, lr: 0.009280
Accuracy: 0.467
class                  precision    recall   specificity      f1   support
--------------------------------------------------------------------------
0                          0.471     0.516         0.447   0.492       281
1                          0.000     0.000         1.000   0.000        30
2                          0.463     0.468         0.537   0.465       265
*----------------------------------------*
2026-02-05 15:02:09,721 INFO 0 Thu Feb  5 15:02:09 2026 Epoch: 58
2026-02-05 15:03:25,755 INFO Final training 58/300, loss: 1.0443, time 76.03s, lr: 0.009253
Accuracy: 0.479
class                  precision    recall   specificity      f1   support
--------------------------------------------------------------------------
0                          0.504     0.466         0.563   0.484       281
1                          0.100     0.033         0.984   0.050        30
2                          0.471     0.543         0.479   0.504       265
*----------------------------------------*
2026-02-05 15:04:01,936 INFO Final validation 58/300, Val_acc: 0.4664, time 36.18sAccuracy: 0.507
class                  precision    recall   specificity      f1   support
--------------------------------------------------------------------------
0                          0.579     0.314         0.784   0.407        70
1                          0.000     0.000         1.000   0.000         8
2                          0.481     0.773         0.295   0.593        66
*========================================*
2026-02-05 15:04:06,085 INFO 0 Thu Feb  5 15:04:06 2026 Epoch: 59
2026-02-05 15:05:21,057 INFO Final training 59/300, loss: 0.9994, time 74.97s, lr: 0.009224
Accuracy: 0.495
class                  precision    recall   specificity      f1   support
--------------------------------------------------------------------------
0                          0.506     0.611         0.436   0.553       280
1                          0.000     0.000         1.000   0.000        30
2                          0.479     0.429         0.600   0.452       266
*----------------------------------------*
2026-02-05 15:05:21,057 INFO 0 Thu Feb  5 15:05:21 2026 Epoch: 60
2026-02-05 15:06:36,019 INFO Final training 60/300, loss: 1.0024, time 74.96s, lr: 0.009196
Accuracy: 0.453
class                  precision    recall   specificity      f1   support
--------------------------------------------------------------------------
0                          0.469     0.427         0.539   0.447       281
1                          0.000     0.000         0.985   0.000        30
2                          0.452     0.532         0.450   0.489       265
*----------------------------------------*
2026-02-05 15:07:12,554 INFO Final validation 60/300, Val_acc: 0.6771, time 36.53sAccuracy: 0.722
class                  precision    recall   specificity      f1   support
--------------------------------------------------------------------------
0                          0.728     0.843         0.703   0.781        70
1                          0.000     0.000         1.000   0.000         8
2                          0.714     0.682         0.769   0.698        66
*========================================*
2026-02-05 15:07:20,898 INFO 0 Thu Feb  5 15:07:20 2026 Epoch: 61
2026-02-05 15:08:35,333 INFO Final training 61/300, loss: 0.9772, time 74.43s, lr: 0.009167
Accuracy: 0.455
class                  precision    recall   specificity      f1   support
--------------------------------------------------------------------------
0                          0.454     0.386         0.561   0.417       280
1                          0.000     0.000         1.000   0.000        30
2                          0.456     0.579         0.406   0.510       266
*----------------------------------------*
2026-02-05 15:08:40,355 INFO 0 Thu Feb  5 15:08:40 2026 Epoch: 62
2026-02-05 15:09:54,321 INFO Final training 62/300, loss: 0.9918, time 73.97s, lr: 0.009137
Accuracy: 0.498
class                  precision    recall   specificity      f1   support
--------------------------------------------------------------------------
0                          0.500     0.636         0.399   0.560       280
1                          0.000     0.000         0.996   0.000        30
2                          0.500     0.410         0.648   0.450       266
*----------------------------------------*
2026-02-05 15:10:30,935 INFO Final validation 62/300, Val_acc: 0.4583, time 36.61sAccuracy: 0.458
class                  precision    recall   specificity      f1   support
--------------------------------------------------------------------------
0                          0.000     0.000         1.000   0.000        70
1                          0.000     0.000         1.000   0.000         8
2                          0.458     1.000         0.000   0.629        66
*========================================*
2026-02-05 15:10:34,556 INFO 0 Thu Feb  5 15:10:34 2026 Epoch: 63
2026-02-05 15:11:50,008 INFO Final training 63/300, loss: 0.9944, time 75.45s, lr: 0.009107
Accuracy: 0.448
class                  precision    recall   specificity      f1   support
--------------------------------------------------------------------------
0                          0.469     0.439         0.530   0.454       280
1                          0.000     0.000         0.971   0.000        30
2                          0.453     0.508         0.474   0.479       266
*----------------------------------------*
2026-02-05 15:11:50,008 INFO 0 Thu Feb  5 15:11:50 2026 Epoch: 64
2026-02-05 15:13:03,912 INFO Final training 64/300, loss: 1.0007, time 73.90s, lr: 0.009076
Accuracy: 0.434
class                  precision    recall   specificity      f1   support
--------------------------------------------------------------------------
0                          0.467     0.402         0.563   0.432       281
1                          0.100     0.033         0.984   0.050        30
2                          0.420     0.513         0.395   0.462       265
*----------------------------------------*
2026-02-05 15:13:40,672 INFO Final validation 64/300, Val_acc: 0.4132, time 36.76sAccuracy: 0.444
class                  precision    recall   specificity      f1   support
--------------------------------------------------------------------------
0                          0.452     0.200         0.770   0.277        70
1                          0.000     0.000         1.000   0.000         8
2                          0.442     0.758         0.192   0.559        66
*========================================*
2026-02-05 15:13:44,279 INFO 0 Thu Feb  5 15:13:44 2026 Epoch: 65
2026-02-05 15:15:01,315 INFO Final training 65/300, loss: 0.9931, time 77.04s, lr: 0.009045
Accuracy: 0.451
class                  precision    recall   specificity      f1   support
--------------------------------------------------------------------------
0                          0.458     0.431         0.515   0.444       281
1                          0.000     0.000         1.000   0.000        30
2                          0.446     0.525         0.444   0.482       265
*----------------------------------------*
2026-02-05 15:15:01,315 INFO 0 Thu Feb  5 15:15:01 2026 Epoch: 66
2026-02-05 15:16:16,466 INFO Final training 66/300, loss: 1.0290, time 75.15s, lr: 0.009014
Accuracy: 0.451
class                  precision    recall   specificity      f1   support
--------------------------------------------------------------------------
0                          0.467     0.500         0.459   0.483       280
1                          0.000     0.000         1.000   0.000        30
2                          0.435     0.451         0.497   0.443       266
*----------------------------------------*
2026-02-05 15:16:53,237 INFO Final validation 66/300, Val_acc: 0.5185, time 36.77sAccuracy: 0.556
class                  precision    recall   specificity      f1   support
--------------------------------------------------------------------------
0                          0.638     0.429         0.770   0.513        70
1                          0.000     0.000         1.000   0.000         8
2                          0.515     0.758         0.397   0.613        66
*========================================*
2026-02-05 15:16:56,816 INFO 0 Thu Feb  5 15:16:56 2026 Epoch: 67
2026-02-05 15:18:11,234 INFO Final training 67/300, loss: 0.9776, time 74.42s, lr: 0.008982
Accuracy: 0.476
class                  precision    recall   specificity      f1   support
--------------------------------------------------------------------------
0                          0.485     0.671         0.324   0.563       280
1                          0.000     0.000         1.000   0.000        30
2                          0.457     0.323         0.671   0.379       266
*----------------------------------------*
2026-02-05 15:18:11,234 INFO 0 Thu Feb  5 15:18:11 2026 Epoch: 68
2026-02-05 15:19:26,775 INFO Final training 68/300, loss: 1.0539, time 75.54s, lr: 0.008949
Accuracy: 0.401
class                  precision    recall   specificity      f1   support
--------------------------------------------------------------------------
0                          0.428     0.441         0.437   0.434       281
1                          0.188     0.100         0.976   0.130        30
2                          0.385     0.392         0.466   0.389       265
*----------------------------------------*
2026-02-05 15:20:03,503 INFO Final validation 68/300, Val_acc: 0.4398, time 36.73sAccuracy: 0.493
class                  precision    recall   specificity      f1   support
--------------------------------------------------------------------------
0                          0.511     0.329         0.703   0.400        70
1                          0.000     0.000         1.000   0.000         8
2                          0.485     0.727         0.346   0.582        66
*========================================*
2026-02-05 15:20:07,086 INFO 0 Thu Feb  5 15:20:07 2026 Epoch: 69
2026-02-05 15:21:21,206 INFO Final training 69/300, loss: 0.9671, time 74.12s, lr: 0.008916
Accuracy: 0.495
class                  precision    recall   specificity      f1   support
--------------------------------------------------------------------------
0                          0.509     0.587         0.461   0.545       281
1                          0.000     0.000         1.000   0.000        30
2                          0.476     0.453         0.576   0.464       265
*----------------------------------------*
2026-02-05 15:21:21,207 INFO 0 Thu Feb  5 15:21:21 2026 Epoch: 70
2026-02-05 15:22:36,004 INFO Final training 70/300, loss: 1.0388, time 74.80s, lr: 0.008883
Accuracy: 0.458
class                  precision    recall   specificity      f1   support
--------------------------------------------------------------------------
0                          0.467     0.561         0.395   0.510       280
1                          0.000     0.000         1.000   0.000        30
2                          0.446     0.402         0.571   0.423       266
*----------------------------------------*
2026-02-05 15:23:12,336 INFO Final validation 70/300, Val_acc: 0.5220, time 36.33sAccuracy: 0.576
class                  precision    recall   specificity      f1   support
--------------------------------------------------------------------------
0                          0.588     0.571         0.622   0.580        70
1                          0.000     0.000         1.000   0.000         8
2                          0.566     0.652         0.577   0.606        66
*========================================*
2026-02-05 15:23:15,999 INFO 0 Thu Feb  5 15:23:15 2026 Epoch: 71
2026-02-05 15:24:31,705 INFO Final training 71/300, loss: 0.9879, time 75.71s, lr: 0.008849
Accuracy: 0.476
class                  precision    recall   specificity      f1   support
--------------------------------------------------------------------------
0                          0.504     0.468         0.564   0.485       280
1                          0.000     0.000         0.989   0.000        30
2                          0.461     0.538         0.461   0.497       266
*----------------------------------------*
2026-02-05 15:24:32,138 INFO 0 Thu Feb  5 15:24:32 2026 Epoch: 72
2026-02-05 15:25:46,904 INFO Final training 72/300, loss: 0.9738, time 74.77s, lr: 0.008815
Accuracy: 0.493
class                  precision    recall   specificity      f1   support
--------------------------------------------------------------------------
0                          0.517     0.434         0.614   0.472       281
1                          0.000     0.000         1.000   0.000        30
2                          0.476     0.611         0.428   0.536       265
*----------------------------------------*
2026-02-05 15:26:23,416 INFO Final validation 72/300, Val_acc: 0.5602, time 36.51sAccuracy: 0.611
class                  precision    recall   specificity      f1   support
--------------------------------------------------------------------------
0                          0.608     0.686         0.581   0.644        70
1                          0.000     0.000         1.000   0.000         8
2                          0.615     0.606         0.679   0.611        66
*========================================*
2026-02-05 15:26:27,199 INFO 0 Thu Feb  5 15:26:27 2026 Epoch: 73
2026-02-05 15:27:42,154 INFO Final training 73/300, loss: 0.9898, time 74.95s, lr: 0.008780
Accuracy: 0.469
class                  precision    recall   specificity      f1   support
--------------------------------------------------------------------------
0                          0.489     0.456         0.546   0.471       281
1                          0.000     0.000         0.993   0.000        30
2                          0.458     0.536         0.460   0.494       265
*----------------------------------------*
2026-02-05 15:27:42,154 INFO 0 Thu Feb  5 15:27:42 2026 Epoch: 74
2026-02-05 15:28:56,372 INFO Final training 74/300, loss: 0.9610, time 74.22s, lr: 0.008745
Accuracy: 0.483
class                  precision    recall   specificity      f1   support
--------------------------------------------------------------------------
0                          0.487     0.518         0.483   0.502       280
1                          0.000     0.000         1.000   0.000        30
2                          0.478     0.500         0.532   0.489       266
*----------------------------------------*
2026-02-05 15:29:32,699 INFO Final validation 74/300, Val_acc: 0.4838, time 36.33sAccuracy: 0.521
class                  precision    recall   specificity      f1   support
--------------------------------------------------------------------------
0                          0.504     0.900         0.162   0.646        70
1                          0.000     0.000         1.000   0.000         8
2                          0.632     0.182         0.910   0.282        66
*========================================*
2026-02-05 15:29:36,322 INFO 0 Thu Feb  5 15:29:36 2026 Epoch: 75
2026-02-05 15:30:51,146 INFO Final training 75/300, loss: 0.9625, time 74.82s, lr: 0.008710
Accuracy: 0.451
class                  precision    recall   specificity      f1   support
--------------------------------------------------------------------------
0                          0.467     0.609         0.339   0.529       281
1                          0.000     0.000         1.000   0.000        30
2                          0.424     0.336         0.611   0.375       265
*----------------------------------------*
2026-02-05 15:30:51,146 INFO 0 Thu Feb  5 15:30:51 2026 Epoch: 76
2026-02-05 15:32:05,549 INFO Final training 76/300, loss: 1.0346, time 74.40s, lr: 0.008674
Accuracy: 0.488
class                  precision    recall   specificity      f1   support
--------------------------------------------------------------------------
0                          0.506     0.591         0.451   0.545       281
1                          0.150     0.100         0.969   0.120        30
2                          0.491     0.423         0.627   0.454       265
*----------------------------------------*
2026-02-05 15:32:42,426 INFO Final validation 76/300, Val_acc: 0.3715, time 36.88sAccuracy: 0.396
class                  precision    recall   specificity      f1   support
--------------------------------------------------------------------------
0                          0.091     0.014         0.865   0.025        70
1                          0.000     0.000         1.000   0.000         8
2                          0.421     0.848         0.013   0.563        66
*========================================*
2026-02-05 15:32:46,039 INFO 0 Thu Feb  5 15:32:46 2026 Epoch: 77
2026-02-05 15:33:59,968 INFO Final training 77/300, loss: 0.9859, time 73.93s, lr: 0.008638
Accuracy: 0.479
class                  precision    recall   specificity      f1   support
--------------------------------------------------------------------------
0                          0.487     0.523         0.475   0.504       281
1                          0.000     0.000         1.000   0.000        30
2                          0.471     0.487         0.534   0.479       265
*----------------------------------------*
2026-02-05 15:33:59,968 INFO 0 Thu Feb  5 15:33:59 2026 Epoch: 78
2026-02-05 15:35:13,375 INFO Final training 78/300, loss: 0.9869, time 73.41s, lr: 0.008601
Accuracy: 0.476
class                  precision    recall   specificity      f1   support
--------------------------------------------------------------------------
0                          0.488     0.601         0.400   0.539       281
1                          0.000     0.000         1.000   0.000        30
2                          0.457     0.396         0.598   0.424       265
*----------------------------------------*
2026-02-05 15:35:49,858 INFO Final validation 78/300, Val_acc: 0.6285, time 36.48sAccuracy: 0.688
class                  precision    recall   specificity      f1   support
--------------------------------------------------------------------------
0                          0.671     0.757         0.649   0.711        70
1                          0.000     0.000         1.000   0.000         8
2                          0.708     0.697         0.756   0.702        66
*========================================*
2026-02-05 15:35:53,648 INFO 0 Thu Feb  5 15:35:53 2026 Epoch: 79
2026-02-05 15:37:07,149 INFO Final training 79/300, loss: 0.9875, time 73.50s, lr: 0.008564
Accuracy: 0.465
class                  precision    recall   specificity      f1   support
--------------------------------------------------------------------------
0                          0.481     0.555         0.431   0.516       281
1                          0.000     0.000         1.000   0.000        30
2                          0.444     0.423         0.550   0.433       265
*----------------------------------------*
2026-02-05 15:37:07,149 INFO 0 Thu Feb  5 15:37:07 2026 Epoch: 80
2026-02-05 15:38:21,736 INFO Final training 80/300, loss: 0.9657, time 74.59s, lr: 0.008526
Accuracy: 0.467
class                  precision    recall   specificity      f1   support
--------------------------------------------------------------------------
0                          0.480     0.593         0.392   0.530       280
1                          0.000     0.000         1.000   0.000        30
2                          0.448     0.387         0.590   0.415       266
*----------------------------------------*
2026-02-05 15:38:58,079 INFO Final validation 80/300, Val_acc: 0.4178, time 36.34sAccuracy: 0.465
class                  precision    recall   specificity      f1   support
--------------------------------------------------------------------------
0                          0.474     0.771         0.189   0.587        70
1                          0.000     0.000         0.993   0.000         8
2                          0.448     0.197         0.795   0.274        66
*========================================*
2026-02-05 15:39:01,750 INFO 0 Thu Feb  5 15:39:01 2026 Epoch: 81
2026-02-05 15:40:16,753 INFO Final training 81/300, loss: 0.9760, time 75.00s, lr: 0.008488
Accuracy: 0.481
class                  precision    recall   specificity      f1   support
--------------------------------------------------------------------------
0                          0.490     0.550         0.459   0.519       280
1                          0.000     0.000         1.000   0.000        30
2                          0.469     0.462         0.552   0.466       266
*----------------------------------------*
2026-02-05 15:40:17,219 INFO 0 Thu Feb  5 15:40:17 2026 Epoch: 82
2026-02-05 15:41:30,900 INFO Final training 82/300, loss: 0.9629, time 73.68s, lr: 0.008450
Accuracy: 0.450
class                  precision    recall   specificity      f1   support
--------------------------------------------------------------------------
0                          0.459     0.482         0.463   0.470       280
1                          0.000     0.000         1.000   0.000        30
2                          0.440     0.466         0.490   0.453       266
*----------------------------------------*
2026-02-05 15:42:07,464 INFO Final validation 82/300, Val_acc: 0.4306, time 36.56sAccuracy: 0.472
class                  precision    recall   specificity      f1   support
--------------------------------------------------------------------------
0                          0.476     0.843         0.122   0.608        70
1                          0.000     0.000         1.000   0.000         8
2                          0.450     0.136         0.859   0.209        66
*========================================*
2026-02-05 15:42:11,092 INFO 0 Thu Feb  5 15:42:11 2026 Epoch: 83
2026-02-05 15:43:25,845 INFO Final training 83/300, loss: 0.9925, time 74.75s, lr: 0.008411
Accuracy: 0.467
class                  precision    recall   specificity      f1   support
--------------------------------------------------------------------------
0                          0.485     0.459         0.536   0.472       281
1                          0.000     0.000         1.000   0.000        30
2                          0.452     0.528         0.453   0.487       265
*----------------------------------------*
2026-02-05 15:43:25,846 INFO 0 Thu Feb  5 15:43:25 2026 Epoch: 84
2026-02-05 15:44:39,464 INFO Final training 84/300, loss: 0.9827, time 73.62s, lr: 0.008372
Accuracy: 0.477
class                  precision    recall   specificity      f1   support
--------------------------------------------------------------------------
0                          0.493     0.507         0.507   0.500       280
1                          0.000     0.000         1.000   0.000        30
2                          0.462     0.500         0.500   0.480       266
*----------------------------------------*
2026-02-05 15:45:16,170 INFO Final validation 84/300, Val_acc: 0.3241, time 36.71sAccuracy: 0.368
class                  precision    recall   specificity      f1   support
--------------------------------------------------------------------------
0                          0.392     0.543         0.203   0.455        70
1                          0.000     0.000         1.000   0.000         8
2                          0.319     0.227         0.590   0.265        66
*========================================*
2026-02-05 15:45:19,796 INFO [EarlyStopping] Stopping Validation for loss at epoch 84
2026-02-05 15:45:20,225 INFO Training Finished! Best Accuracy: 0.6840
2026-02-05 15:45:20,225 INFO ====================================================================================================
2026-02-05 15:45:20,225 INFO 
2026-02-05 15:45:30,632 INFO => loading checkpoint 'outputs/OrganoidsINRIA_Slice_32x32x32/densenet/2026-02-05-13-31/training/best_model.pt'
2026-02-05 15:45:30,897 INFO Loaded 1207 keys from checkpoint
2026-02-05 15:45:36,553 INFO Final testing , Test_acc: 0.6341, time 5.65sAccuracy: 0.695
class                  precision    recall   specificity      f1   support
--------------------------------------------------------------------------
0                          0.717     0.825         0.690   0.767        40
1                          0.000     0.000         1.000   0.000         5
2                          0.667     0.649         0.733   0.658        37
*========================================*
2026-02-05 15:45:37,006 INFO Testing Finished! Best Accuracy: 0.6341
2026-02-05 15:45:37,006 INFO ====================================================================================================
2026-02-05 15:45:40,100 INFO Total time spent: 02 hours 14 minutes 18 seconds
2026-02-05 15:45:40,100 INFO 
2026-02-05 15:45:40,100 INFO Final Results Summary:
2026-02-05 15:45:40,100 INFO | TrainLoss | TrainAcc | ValAccMax | W_TrainF1 | W_TrainPrecision | W_TrainRecall | W_TrainSpecificity | TestAcc | W_TestF1 | W_TestPrecision | W_TestRecall | W_TestSpecificity |
2026-02-05 15:45:40,100 INFO | 0.9827 | 0.4774 | 0.7222 | 0.6969 | 0.6841 | 0.7222 | 0.7476 | 0.6951 | 0.6711 | 0.6508 | 0.6951 | 0.7287 |
2026-02-05 15:45:40,100 INFO 
