2025-11-21 09:43:20,419 INFO Log directory: outputs/OrganoidsINRIA_reduced/densenet/2025-11-21-09-43
2025-11-21 09:43:20,421 INFO {'RandFlipd_prob': 0.2,
 'RandRotate90d_prob': 0.2,
 'RandScaleIntensityd_prob': 0.1,
 'RandShiftIntensityd_prob': 0.1,
 'amp': True,
 'augmentation': True,
 'batch_size': 2,
 'cache_dataset': False,
 'checkpoint_path': None,
 'data_dir': '/home/mraffael/martone_project/Organoids_Dataset_256/',
 'dataset_name': 'OrganoidsINRIA_reduced',
 'debug': False,
 'debug_train_samples': 40,
 'debug_val_samples': 10,
 'dist_backend': 'nccl',
 'dist_url': 'tcp://127.0.0.1:23456',
 'distributed': False,
 'dropout_path_rate': 0.0,
 'dropout_rate': 0.0,
 'early_stopping': True,
 'encoder10_pth': '',
 'exact_class': False,
 'feature_size': 48,
 'fold': 0,
 'folds': False,
 'gpu': 0,
 'ignore_label': 3,
 'in_channels': 1,
 'infer_overlap': 0.5,
 'k_folds': 5,
 'logdir': 'test',
 'logs_dir': 'logs/',
 'loss_name': 'CE',
 'lrschedule': 'warmup_cosine',
 'max_epochs': 150,
 'min_delta_loss': 0.001,
 'min_delta_val': 0.01,
 'model_name': 'densenet',
 'momentum': 0.99,
 'noamp': False,
 'norm_name': 'instance',
 'oar_id': 2126733,
 'optim_lr': 0.05,
 'optim_name': 'adamw',
 'out_channels': 1,
 'output_dir': 'outputs/',
 'patch_merging': False,
 'patience_loss': 40,
 'patience_val': 40,
 'pretrained_dir': '',
 'pretrained_model_name': '',
 'rank': 0,
 'reg_weight': 5e-05,
 'restart_T0': 20,
 'resume_ckpt': False,
 'roi_x': 64,
 'roi_y': 64,
 'roi_z': 64,
 'save_checkpoint': True,
 'seed': 3,
 'similarity_loss': '',
 'similarity_loss_weight': 0.0,
 'spatial_dims': 3,
 'split_method': 'stratified',
 'start_epoch': 0,
 'sw_batch_size': 8,
 'telegram_log': True,
 'test_mode': False,
 'token': './token/tlg_token.txt',
 'use_checkpoint': False,
 'val_every': 2,
 'warmup_epochs': 5,
 'workers': 8,
 'world_size': 1}
2025-11-21 09:43:20,421 INFO 
2025-11-21 09:43:20,425 INFO Saved configuration to: outputs/OrganoidsINRIA_reduced/densenet/2025-11-21-09-43/config.txt
2025-11-21 09:43:20,947 INFO Using GPU: 0
2025-11-21 09:43:20,948 INFO 
2025-11-21 09:43:20,948 INFO Model INFO:
2025-11-21 09:43:20,948 INFO Model architecture: densenet
2025-11-21 09:43:21,215 INFO Total trainable parameters: 25,336,579
2025-11-21 09:43:21,264 INFO 
2025-11-21 09:43:21,264 INFO Optimizer INFO:
2025-11-21 09:43:21,267 INFO Using optimizer: adamw with lr=0.05, weight_decay=5e-05
2025-11-21 09:43:21,267 INFO 
2025-11-21 09:43:21,267 INFO Dataset INFO:
2025-11-21 09:43:21,288 INFO Dataset length: 721
2025-11-21 09:43:21,288 INFO Class distribution in entire dataset:
2025-11-21 09:43:21,288 INFO   Class 0: 351
2025-11-21 09:43:21,289 INFO   Class 1: 38
2025-11-21 09:43:21,289 INFO   Class 2: 332
2025-11-21 09:43:21,289 INFO 
Using split method: stratified
2025-11-21 09:43:21,302 INFO 
Train set balance:
2025-11-21 09:43:21,302 INFO 
Val set balance:
2025-11-21 09:43:21,302 INFO Training set length: 577
2025-11-21 09:43:21,302 INFO Validation set length: 144
2025-11-21 09:43:21,302 INFO 
Using standard shuffle for training
2025-11-21 09:43:21,302 INFO Training loader: 288 batches
2025-11-21 09:43:21,302 INFO Validation loader: 72 batches
2025-11-21 09:43:21,302 INFO 
Class distribution in training set:
2025-11-21 09:43:21,302 INFO   Class 0: 281 (48.7%)
2025-11-21 09:43:21,302 INFO   Class 1: 30 (5.2%)
2025-11-21 09:43:21,302 INFO   Class 2: 266 (46.1%)
2025-11-21 09:43:21,302 INFO Class distribution in validation set:
2025-11-21 09:43:21,302 INFO   Class 0: 70 (48.6%)
2025-11-21 09:43:21,302 INFO   Class 1: 8 (5.6%)
2025-11-21 09:43:21,302 INFO   Class 2: 66 (45.8%)
2025-11-21 09:43:21,302 INFO **************************************************
2025-11-21 09:43:21,333 INFO Class weights: [ 6.845  64.111  7.231]
2025-11-21 09:43:21,333 INFO 
2025-11-21 09:43:21,333 INFO Test Dataset INFO:
2025-11-21 09:43:21,340 INFO Test Dataset length: 82
2025-11-21 09:43:21,340 INFO Class distribution in test dataset:
2025-11-21 09:43:21,340 INFO   Class 0: 40
2025-11-21 09:43:21,340 INFO   Class 1: 5
2025-11-21 09:43:21,340 INFO   Class 2: 37
2025-11-21 09:43:21,341 INFO Test loader: 41 batches
2025-11-21 09:43:21,341 INFO **************************************************
2025-11-21 09:43:21,341 INFO 
2025-11-21 09:43:21,341 INFO Using loss function: CE
2025-11-21 09:43:21,344 INFO **************************************************
2025-11-21 09:43:21,344 INFO Starting training...
2025-11-21 09:43:21,349 INFO 0 Fri Nov 21 09:43:21 2025 Epoch: 1
2025-11-21 09:46:52,049 INFO Final training 1/150, loss: 1.0971, time 210.70s, lr: 0.000000
Accuracy: 0.462
class                  precision    recall   specificity      f1   support
--------------------------------------------------------------------------
0                          0.000     0.000         1.000   0.000       280
1                          0.000     0.000         1.000   0.000        30
2                          0.462     1.000         0.000   0.632       266
*----------------------------------------*
2025-11-21 09:46:52,461 INFO 0 Fri Nov 21 09:46:52 2025 Epoch: 2
2025-11-21 09:50:01,085 INFO Final training 2/150, loss: 1.2147, time 188.62s, lr: 0.012500
Accuracy: 0.424
class                  precision    recall   specificity      f1   support
--------------------------------------------------------------------------
0                          0.459     0.443         0.507   0.451       280
1                          0.077     0.067         0.956   0.071        30
2                          0.421     0.444         0.477   0.432       266
*----------------------------------------*
2025-11-21 09:50:40,358 INFO Final validation 2/150, Val_acc: 0.4583, time 39.27sAccuracy: 0.458
class                  precision    recall   specificity      f1   support
--------------------------------------------------------------------------
0                          0.000     0.000         1.000   0.000        70
1                          0.000     0.000         1.000   0.000         8
2                          0.458     1.000         0.000   0.629        66
*========================================*
2025-11-21 09:50:40,359 INFO New best (0.000000 --> 0.458333)
2025-11-21 09:50:45,261 INFO Copying best model to best_model.pt
2025-11-21 09:50:48,128 INFO 0 Fri Nov 21 09:50:48 2025 Epoch: 3
2025-11-21 09:53:56,761 INFO Final training 3/150, loss: 1.4923, time 188.63s, lr: 0.025000
Accuracy: 0.411
class                  precision    recall   specificity      f1   support
--------------------------------------------------------------------------
0                          0.450     0.446         0.483   0.448       280
1                          0.026     0.033         0.932   0.029        30
2                          0.427     0.417         0.519   0.422       266
*----------------------------------------*
2025-11-21 09:53:56,761 INFO 0 Fri Nov 21 09:53:56 2025 Epoch: 4
2025-11-21 09:57:02,234 INFO Final training 4/150, loss: 1.5594, time 185.47s, lr: 0.037500
Accuracy: 0.446
class                  precision    recall   specificity      f1   support
--------------------------------------------------------------------------
0                          0.479     0.479         0.507   0.479       280
1                          0.000     0.000         0.960   0.000        30
2                          0.449     0.462         0.513   0.456       266
*----------------------------------------*
2025-11-21 09:57:20,631 INFO Final validation 4/150, Val_acc: 0.3275, time 18.40sAccuracy: 0.403
class                  precision    recall   specificity      f1   support
--------------------------------------------------------------------------
0                          1.000     0.014         1.000   0.028        70
1                          0.014     0.125         0.500   0.026         8
2                          0.757     0.848         0.769   0.800        66
*========================================*
2025-11-21 09:57:24,216 INFO 0 Fri Nov 21 09:57:24 2025 Epoch: 5
2025-11-21 10:00:22,707 INFO Final training 5/150, loss: 4.2384, time 178.49s, lr: 0.050000
Accuracy: 0.425
class                  precision    recall   specificity      f1   support
--------------------------------------------------------------------------
0                          0.470     0.441         0.525   0.455       281
1                          0.052     0.100         0.899   0.068        30
2                          0.465     0.445         0.563   0.455       265
*----------------------------------------*
2025-11-21 10:00:22,707 INFO 0 Fri Nov 21 10:00:22 2025 Epoch: 6
2025-11-21 10:03:31,272 INFO Final training 6/150, loss: 1.6434, time 188.56s, lr: 0.050000
Accuracy: 0.446
class                  precision    recall   specificity      f1   support
--------------------------------------------------------------------------
0                          0.500     0.500         0.527   0.500       280
1                          0.045     0.067         0.923   0.054        30
2                          0.456     0.432         0.558   0.444       266
*----------------------------------------*
2025-11-21 10:03:49,667 INFO Final validation 6/150, Val_acc: 0.7269, time 18.39sAccuracy: 0.771
class                  precision    recall   specificity      f1   support
--------------------------------------------------------------------------
0                          0.753     0.914         0.716   0.826        70
1                          0.000     0.000         1.000   0.000         8
2                          0.797     0.712         0.846   0.752        66
*========================================*
2025-11-21 10:03:49,667 INFO New best (0.458333 --> 0.726852)
2025-11-21 10:03:54,690 INFO Copying best model to best_model.pt
2025-11-21 10:03:57,593 INFO 0 Fri Nov 21 10:03:57 2025 Epoch: 7
2025-11-21 10:06:58,003 INFO Final training 7/150, loss: 1.4388, time 180.41s, lr: 0.049994
Accuracy: 0.441
class                  precision    recall   specificity      f1   support
--------------------------------------------------------------------------
0                          0.469     0.484         0.478   0.476       281
1                          0.050     0.033         0.965   0.040        30
2                          0.440     0.442         0.521   0.441       265
*----------------------------------------*
2025-11-21 10:06:58,004 INFO 0 Fri Nov 21 10:06:57 2025 Epoch: 8
2025-11-21 10:10:02,966 INFO Final training 8/150, loss: 1.4162, time 184.96s, lr: 0.049977
Accuracy: 0.476
class                  precision    recall   specificity      f1   support
--------------------------------------------------------------------------
0                          0.515     0.489         0.564   0.502       280
1                          0.042     0.033         0.958   0.037        30
2                          0.476     0.511         0.516   0.493       266
*----------------------------------------*
2025-11-21 10:10:21,450 INFO Final validation 8/150, Val_acc: 0.4583, time 18.48sAccuracy: 0.458
class                  precision    recall   specificity      f1   support
--------------------------------------------------------------------------
0                          0.000     0.000         1.000   0.000        70
1                          0.000     0.000         0.993   0.000         8
2                          0.462     1.000         0.013   0.632        66
*========================================*
2025-11-21 10:10:25,030 INFO 0 Fri Nov 21 10:10:25 2025 Epoch: 9
2025-11-21 10:13:32,197 INFO Final training 9/150, loss: 1.8673, time 187.17s, lr: 0.049947
Accuracy: 0.451
class                  precision    recall   specificity      f1   support
--------------------------------------------------------------------------
0                          0.504     0.413         0.614   0.454       281
1                          0.120     0.200         0.919   0.150        30
2                          0.466     0.521         0.492   0.492       265
*----------------------------------------*
2025-11-21 10:13:32,197 INFO 0 Fri Nov 21 10:13:32 2025 Epoch: 10
2025-11-21 10:16:37,757 INFO Final training 10/150, loss: 4.8089, time 185.56s, lr: 0.049906
Accuracy: 0.464
class                  precision    recall   specificity      f1   support
--------------------------------------------------------------------------
0                          0.515     0.477         0.573   0.495       281
1                          0.083     0.133         0.919   0.103        30
2                          0.481     0.487         0.553   0.484       265
*----------------------------------------*
2025-11-21 10:16:56,326 INFO Final validation 10/150, Val_acc: 0.4861, time 18.57sAccuracy: 0.486
class                  precision    recall   specificity      f1   support
--------------------------------------------------------------------------
0                          0.486     1.000         0.000   0.654        70
1                          0.000     0.000         1.000   0.000         8
2                          0.000     0.000         1.000   0.000        66
*========================================*
2025-11-21 10:16:59,919 INFO 0 Fri Nov 21 10:16:59 2025 Epoch: 11
2025-11-21 10:20:07,327 INFO Final training 11/150, loss: 2.0965, time 187.41s, lr: 0.049853
Accuracy: 0.418
class                  precision    recall   specificity      f1   support
--------------------------------------------------------------------------
0                          0.457     0.379         0.574   0.414       280
1                          0.071     0.100         0.929   0.083        30
2                          0.437     0.496         0.452   0.465       266
*----------------------------------------*
2025-11-21 10:20:07,768 INFO 0 Fri Nov 21 10:20:07 2025 Epoch: 12
2025-11-21 10:23:14,025 INFO Final training 12/150, loss: 1.2469, time 186.26s, lr: 0.049789
Accuracy: 0.453
class                  precision    recall   specificity      f1   support
--------------------------------------------------------------------------
0                          0.486     0.507         0.493   0.497       280
1                          0.042     0.033         0.958   0.037        30
2                          0.454     0.444         0.542   0.449       266
*----------------------------------------*
2025-11-21 10:23:32,881 INFO Final validation 12/150, Val_acc: 0.4583, time 18.86sAccuracy: 0.458
class                  precision    recall   specificity      f1   support
--------------------------------------------------------------------------
0                          0.000     0.000         1.000   0.000        70
1                          0.000     0.000         1.000   0.000         8
2                          0.458     1.000         0.000   0.629        66
*========================================*
2025-11-21 10:23:36,468 INFO 0 Fri Nov 21 10:23:36 2025 Epoch: 13
2025-11-21 10:26:44,695 INFO Final training 13/150, loss: 1.9704, time 188.23s, lr: 0.049713
Accuracy: 0.425
class                  precision    recall   specificity      f1   support
--------------------------------------------------------------------------
0                          0.447     0.450         0.473   0.448       280
1                          0.000     0.000         0.960   0.000        30
2                          0.438     0.447         0.506   0.442       266
*----------------------------------------*
2025-11-21 10:26:44,695 INFO 0 Fri Nov 21 10:26:44 2025 Epoch: 14
2025-11-21 10:29:52,353 INFO Final training 14/150, loss: 1.4713, time 187.66s, lr: 0.049625
Accuracy: 0.446
class                  precision    recall   specificity      f1   support
--------------------------------------------------------------------------
0                          0.496     0.498         0.519   0.497       281
1                          0.100     0.100         0.951   0.100        30
2                          0.432     0.430         0.518   0.431       265
*----------------------------------------*
2025-11-21 10:30:10,939 INFO Final validation 14/150, Val_acc: 0.2326, time 18.59sAccuracy: 0.285
class                  precision    recall   specificity      f1   support
--------------------------------------------------------------------------
0                          0.369     0.586         0.054   0.453        70
1                          0.000     0.000         0.757   0.000         8
2                          0.000     0.000         1.000   0.000        66
*========================================*
2025-11-21 10:30:14,522 INFO 0 Fri Nov 21 10:30:14 2025 Epoch: 15
2025-11-21 10:33:15,419 INFO Final training 15/150, loss: 1.1705, time 180.90s, lr: 0.049526
Accuracy: 0.415
class                  precision    recall   specificity      f1   support
--------------------------------------------------------------------------
0                          0.452     0.500         0.426   0.475       280
1                          0.038     0.033         0.954   0.036        30
2                          0.408     0.368         0.542   0.387       266
*----------------------------------------*
2025-11-21 10:33:15,419 INFO 0 Fri Nov 21 10:33:15 2025 Epoch: 16
2025-11-21 10:36:21,756 INFO Final training 16/150, loss: 1.4900, time 186.34s, lr: 0.049416
Accuracy: 0.455
class                  precision    recall   specificity      f1   support
--------------------------------------------------------------------------
0                          0.481     0.454         0.537   0.467       280
1                          0.077     0.067         0.956   0.071        30
2                          0.465     0.500         0.506   0.482       266
*----------------------------------------*
2025-11-21 10:36:40,469 INFO Final validation 16/150, Val_acc: 0.1933, time 18.71sAccuracy: 0.215
class                  precision    recall   specificity      f1   support
--------------------------------------------------------------------------
0                          0.000     0.000         1.000   0.000        70
1                          0.050     0.250         0.721   0.083         8
2                          0.279     0.439         0.038   0.341        66
*========================================*
2025-11-21 10:36:44,188 INFO 0 Fri Nov 21 10:36:44 2025 Epoch: 17
2025-11-21 10:39:49,238 INFO Final training 17/150, loss: 1.9401, time 185.05s, lr: 0.049293
Accuracy: 0.446
class                  precision    recall   specificity      f1   support
--------------------------------------------------------------------------
0                          0.511     0.493         0.554   0.502       280
1                          0.037     0.067         0.905   0.048        30
2                          0.464     0.440         0.565   0.452       266
*----------------------------------------*
2025-11-21 10:39:49,238 INFO 0 Fri Nov 21 10:39:49 2025 Epoch: 18
2025-11-21 10:42:55,117 INFO Final training 18/150, loss: 2.2408, time 185.88s, lr: 0.049160
Accuracy: 0.424
class                  precision    recall   specificity      f1   support
--------------------------------------------------------------------------
0                          0.476     0.488         0.488   0.482       281
1                          0.023     0.033         0.921   0.027        30
2                          0.434     0.400         0.556   0.417       265
*----------------------------------------*
2025-11-21 10:43:13,804 INFO Final validation 18/150, Val_acc: 0.3681, time 18.69sAccuracy: 0.403
class                  precision    recall   specificity      f1   support
--------------------------------------------------------------------------
0                          0.492     0.829         0.189   0.617        70
1                          0.000     0.000         0.809   0.000         8
2                          0.000     0.000         1.000   0.000        66
*========================================*
2025-11-21 10:43:17,355 INFO 0 Fri Nov 21 10:43:17 2025 Epoch: 19
2025-11-21 10:46:25,295 INFO Final training 19/150, loss: 1.9027, time 187.94s, lr: 0.049015
Accuracy: 0.477
class                  precision    recall   specificity      f1   support
--------------------------------------------------------------------------
0                          0.503     0.525         0.510   0.514       280
1                          0.083     0.067         0.960   0.074        30
2                          0.485     0.474         0.568   0.479       266
*----------------------------------------*
2025-11-21 10:46:25,296 INFO 0 Fri Nov 21 10:46:25 2025 Epoch: 20
2025-11-21 10:49:31,154 INFO Final training 20/150, loss: 1.3961, time 185.86s, lr: 0.048859
Accuracy: 0.411
class                  precision    recall   specificity      f1   support
--------------------------------------------------------------------------
0                          0.438     0.425         0.483   0.431       280
1                          0.000     0.000         0.952   0.000        30
2                          0.424     0.444         0.484   0.434       266
*----------------------------------------*
2025-11-21 10:49:49,822 INFO Final validation 20/150, Val_acc: 0.5428, time 18.67sAccuracy: 0.597
class                  precision    recall   specificity      f1   support
--------------------------------------------------------------------------
0                          0.732     0.429         0.851   0.541        70
1                          0.000     0.000         1.000   0.000         8
2                          0.544     0.848         0.397   0.663        66
*========================================*
2025-11-21 10:49:53,401 INFO 0 Fri Nov 21 10:49:53 2025 Epoch: 21
2025-11-21 10:53:01,610 INFO Final training 21/150, loss: 2.4686, time 188.21s, lr: 0.048691
Accuracy: 0.436
class                  precision    recall   specificity      f1   support
--------------------------------------------------------------------------
0                          0.470     0.498         0.464   0.484       281
1                          0.000     0.000         0.949   0.000        30
2                          0.444     0.419         0.553   0.431       265
*----------------------------------------*
2025-11-21 10:53:02,062 INFO 0 Fri Nov 21 10:53:02 2025 Epoch: 22
2025-11-21 10:56:08,620 INFO Final training 22/150, loss: 2.7037, time 186.56s, lr: 0.048513
Accuracy: 0.403
class                  precision    recall   specificity      f1   support
--------------------------------------------------------------------------
0                          0.455     0.431         0.508   0.442       281
1                          0.019     0.033         0.903   0.024        30
2                          0.430     0.415         0.531   0.422       265
*----------------------------------------*
2025-11-21 10:56:27,372 INFO Final validation 22/150, Val_acc: 0.5197, time 18.75sAccuracy: 0.549
class                  precision    recall   specificity      f1   support
--------------------------------------------------------------------------
0                          0.783     0.257         0.932   0.387        70
1                          0.000     0.000         0.993   0.000         8
2                          0.508     0.924         0.244   0.656        66
*========================================*
2025-11-21 10:56:30,969 INFO 0 Fri Nov 21 10:56:30 2025 Epoch: 23
2025-11-21 10:59:35,522 INFO Final training 23/150, loss: 1.6281, time 184.55s, lr: 0.048323
Accuracy: 0.434
class                  precision    recall   specificity      f1   support
--------------------------------------------------------------------------
0                          0.474     0.459         0.515   0.467       281
1                          0.023     0.033         0.921   0.027        30
2                          0.462     0.453         0.550   0.457       265
*----------------------------------------*
2025-11-21 10:59:35,522 INFO 0 Fri Nov 21 10:59:35 2025 Epoch: 24
2025-11-21 11:02:39,974 INFO Final training 24/150, loss: 3.3393, time 184.45s, lr: 0.048123
Accuracy: 0.444
class                  precision    recall   specificity      f1   support
--------------------------------------------------------------------------
0                          0.478     0.464         0.520   0.471       280
1                          0.080     0.133         0.916   0.100        30
2                          0.480     0.459         0.574   0.469       266
*----------------------------------------*
2025-11-21 11:02:58,462 INFO Final validation 24/150, Val_acc: 0.2708, time 18.49sAccuracy: 0.306
class                  precision    recall   specificity      f1   support
--------------------------------------------------------------------------
0                          0.372     0.600         0.041   0.459        70
1                          0.000     0.000         1.000   0.000         8
2                          0.065     0.030         0.628   0.041        66
*========================================*
2025-11-21 11:03:02,053 INFO 0 Fri Nov 21 11:03:02 2025 Epoch: 25
2025-11-21 11:06:06,978 INFO Final training 25/150, loss: 1.2657, time 184.92s, lr: 0.047911
Accuracy: 0.444
class                  precision    recall   specificity      f1   support
--------------------------------------------------------------------------
0                          0.463     0.491         0.458   0.477       281
1                          0.000     0.000         0.967   0.000        30
2                          0.454     0.445         0.543   0.450       265
*----------------------------------------*
2025-11-21 11:06:06,978 INFO 0 Fri Nov 21 11:06:06 2025 Epoch: 26
2025-11-21 11:09:14,019 INFO Final training 26/150, loss: 1.2923, time 187.04s, lr: 0.047689
Accuracy: 0.450
class                  precision    recall   specificity      f1   support
--------------------------------------------------------------------------
0                          0.483     0.511         0.483   0.497       280
1                          0.038     0.033         0.954   0.036        30
2                          0.453     0.432         0.552   0.442       266
*----------------------------------------*
2025-11-21 11:09:32,767 INFO Final validation 26/150, Val_acc: 0.4583, time 18.75sAccuracy: 0.458
class                  precision    recall   specificity      f1   support
--------------------------------------------------------------------------
0                          0.000     0.000         1.000   0.000        70
1                          0.000     0.000         1.000   0.000         8
2                          0.458     1.000         0.000   0.629        66
*========================================*
2025-11-21 11:09:36,398 INFO 0 Fri Nov 21 11:09:36 2025 Epoch: 27
2025-11-21 11:12:42,343 INFO Final training 27/150, loss: 1.4941, time 185.94s, lr: 0.047457
Accuracy: 0.417
class                  precision    recall   specificity      f1   support
--------------------------------------------------------------------------
0                          0.463     0.446         0.510   0.455       280
1                          0.048     0.067         0.927   0.056        30
2                          0.428     0.425         0.513   0.426       266
*----------------------------------------*
2025-11-21 11:12:42,344 INFO 0 Fri Nov 21 11:12:42 2025 Epoch: 28
2025-11-21 11:15:51,049 INFO Final training 28/150, loss: 1.3593, time 188.71s, lr: 0.047213
Accuracy: 0.441
class                  precision    recall   specificity      f1   support
--------------------------------------------------------------------------
0                          0.481     0.464         0.527   0.473       280
1                          0.100     0.100         0.951   0.100        30
2                          0.438     0.455         0.500   0.446       266
*----------------------------------------*
2025-11-21 11:16:09,715 INFO Final validation 28/150, Val_acc: 0.3993, time 18.66sAccuracy: 0.410
class                  precision    recall   specificity      f1   support
--------------------------------------------------------------------------
0                          0.443     0.829         0.014   0.577        70
1                          0.000     0.000         0.912   0.000         8
2                          1.000     0.015         1.000   0.030        66
*========================================*
2025-11-21 11:16:13,339 INFO 0 Fri Nov 21 11:16:13 2025 Epoch: 29
2025-11-21 11:19:20,077 INFO Final training 29/150, loss: 1.9606, time 186.74s, lr: 0.046960
Accuracy: 0.417
class                  precision    recall   specificity      f1   support
--------------------------------------------------------------------------
0                          0.473     0.432         0.544   0.451       280
1                          0.037     0.067         0.905   0.048        30
2                          0.440     0.440         0.519   0.440       266
*----------------------------------------*
2025-11-21 11:19:20,077 INFO 0 Fri Nov 21 11:19:20 2025 Epoch: 30
2025-11-21 11:22:27,550 INFO Final training 30/150, loss: 1.7178, time 187.47s, lr: 0.046696
Accuracy: 0.450
class                  precision    recall   specificity      f1   support
--------------------------------------------------------------------------
0                          0.490     0.511         0.497   0.500       280
1                          0.023     0.033         0.921   0.027        30
2                          0.479     0.432         0.597   0.455       266
*----------------------------------------*
2025-11-21 11:22:46,237 INFO Final validation 30/150, Val_acc: 0.4583, time 18.69sAccuracy: 0.458
class                  precision    recall   specificity      f1   support
--------------------------------------------------------------------------
0                          0.000     0.000         1.000   0.000        70
1                          0.000     0.000         1.000   0.000         8
2                          0.458     1.000         0.000   0.629        66
*========================================*
2025-11-21 11:22:49,840 INFO 0 Fri Nov 21 11:22:49 2025 Epoch: 31
2025-11-21 11:25:54,890 INFO Final training 31/150, loss: 3.2996, time 185.05s, lr: 0.046421
Accuracy: 0.484
class                  precision    recall   specificity      f1   support
--------------------------------------------------------------------------
0                          0.515     0.477         0.573   0.495       281
1                          0.000     0.000         0.963   0.000        30
2                          0.490     0.547         0.514   0.517       265
*----------------------------------------*
2025-11-21 11:25:55,344 INFO 0 Fri Nov 21 11:25:55 2025 Epoch: 32
2025-11-21 11:29:03,074 INFO Final training 32/150, loss: 1.5879, time 187.73s, lr: 0.046137
Accuracy: 0.438
class                  precision    recall   specificity      f1   support
--------------------------------------------------------------------------
0                          0.500     0.479         0.547   0.489       280
1                          0.060     0.100         0.914   0.075        30
2                          0.446     0.432         0.539   0.439       266
*----------------------------------------*
2025-11-21 11:29:21,946 INFO Final validation 32/150, Val_acc: 0.1944, time 18.87sAccuracy: 0.215
class                  precision    recall   specificity      f1   support
--------------------------------------------------------------------------
0                          0.067     0.043         0.432   0.052        70
1                          0.000     0.000         1.000   0.000         8
2                          0.283     0.424         0.090   0.339        66
*========================================*
2025-11-21 11:29:25,536 INFO 0 Fri Nov 21 11:29:25 2025 Epoch: 33
2025-11-21 11:32:32,163 INFO Final training 33/150, loss: 1.7410, time 186.63s, lr: 0.045843
Accuracy: 0.462
class                  precision    recall   specificity      f1   support
--------------------------------------------------------------------------
0                          0.497     0.571         0.453   0.532       280
1                          0.000     0.000         0.967   0.000        30
2                          0.449     0.398         0.581   0.422       266
*----------------------------------------*
2025-11-21 11:32:32,163 INFO 0 Fri Nov 21 11:32:32 2025 Epoch: 34
2025-11-21 11:35:39,404 INFO Final training 34/150, loss: 1.8244, time 187.24s, lr: 0.045539
Accuracy: 0.467
class                  precision    recall   specificity      f1   support
--------------------------------------------------------------------------
0                          0.519     0.498         0.559   0.508       281
1                          0.029     0.033         0.940   0.031        30
2                          0.471     0.483         0.537   0.477       265
*----------------------------------------*
2025-11-21 11:35:58,125 INFO Final validation 34/150, Val_acc: 0.4583, time 18.72sAccuracy: 0.458
class                  precision    recall   specificity      f1   support
--------------------------------------------------------------------------
0                          0.000     0.000         1.000   0.000        70
1                          0.000     0.000         1.000   0.000         8
2                          0.458     1.000         0.000   0.629        66
*========================================*
2025-11-21 11:36:01,720 INFO 0 Fri Nov 21 11:36:01 2025 Epoch: 35
2025-11-21 11:39:05,213 INFO Final training 35/150, loss: 1.6264, time 183.49s, lr: 0.045225
Accuracy: 0.448
class                  precision    recall   specificity      f1   support
--------------------------------------------------------------------------
0                          0.483     0.491         0.498   0.487       281
1                          0.000     0.000         0.945   0.000        30
2                          0.462     0.453         0.550   0.457       265
*----------------------------------------*
2025-11-21 11:39:05,213 INFO 0 Fri Nov 21 11:39:05 2025 Epoch: 36
2025-11-21 11:42:08,897 INFO Final training 36/150, loss: 1.1861, time 183.68s, lr: 0.044902
Accuracy: 0.457
class                  precision    recall   specificity      f1   support
--------------------------------------------------------------------------
0                          0.480     0.600         0.385   0.533       280
1                          0.000     0.000         0.963   0.000        30
2                          0.461     0.357         0.642   0.403       266
*----------------------------------------*
2025-11-21 11:42:27,493 INFO Final validation 36/150, Val_acc: 0.6250, time 18.60sAccuracy: 0.674
class                  precision    recall   specificity      f1   support
--------------------------------------------------------------------------
0                          0.800     0.571         0.865   0.667        70
1                          0.000     0.000         1.000   0.000         8
2                          0.606     0.864         0.526   0.713        66
*========================================*
2025-11-21 11:42:31,158 INFO 0 Fri Nov 21 11:42:31 2025 Epoch: 37
2025-11-21 11:45:34,892 INFO Final training 37/150, loss: 1.6749, time 183.73s, lr: 0.044570
Accuracy: 0.450
class                  precision    recall   specificity      f1   support
--------------------------------------------------------------------------
0                          0.496     0.466         0.549   0.481       281
1                          0.029     0.034         0.940   0.032        29
2                          0.457     0.477         0.513   0.467       266
*----------------------------------------*
2025-11-21 11:45:34,893 INFO 0 Fri Nov 21 11:45:34 2025 Epoch: 38
2025-11-21 11:48:39,624 INFO Final training 38/150, loss: 1.3032, time 184.73s, lr: 0.044228
Accuracy: 0.408
class                  precision    recall   specificity      f1   support
--------------------------------------------------------------------------
0                          0.426     0.432         0.449   0.429       280
1                          0.036     0.033         0.951   0.034        30
2                          0.428     0.425         0.513   0.426       266
*----------------------------------------*
2025-11-21 11:48:58,170 INFO Final validation 38/150, Val_acc: 0.4583, time 18.55sAccuracy: 0.458
class                  precision    recall   specificity      f1   support
--------------------------------------------------------------------------
0                          0.000     0.000         1.000   0.000        70
1                          0.000     0.000         1.000   0.000         8
2                          0.458     1.000         0.000   0.629        66
*========================================*
2025-11-21 11:49:01,755 INFO 0 Fri Nov 21 11:49:01 2025 Epoch: 39
2025-11-21 11:52:08,510 INFO Final training 39/150, loss: 1.2801, time 186.76s, lr: 0.043878
Accuracy: 0.436
class                  precision    recall   specificity      f1   support
--------------------------------------------------------------------------
0                          0.464     0.509         0.441   0.486       281
1                          0.000     0.000         0.960   0.000        30
2                          0.439     0.408         0.556   0.423       265
*----------------------------------------*
2025-11-21 11:52:08,511 INFO 0 Fri Nov 21 11:52:08 2025 Epoch: 40
2025-11-21 11:55:14,354 INFO Final training 40/150, loss: 1.7223, time 185.84s, lr: 0.043518
Accuracy: 0.450
class                  precision    recall   specificity      f1   support
--------------------------------------------------------------------------
0                          0.490     0.509         0.495   0.499       281
1                          0.025     0.033         0.929   0.029        30
2                          0.471     0.434         0.585   0.452       265
*----------------------------------------*
2025-11-21 11:55:32,978 INFO Final validation 40/150, Val_acc: 0.4861, time 18.62sAccuracy: 0.486
class                  precision    recall   specificity      f1   support
--------------------------------------------------------------------------
0                          0.486     1.000         0.000   0.654        70
1                          0.000     0.000         1.000   0.000         8
2                          0.000     0.000         1.000   0.000        66
*========================================*
2025-11-21 11:55:36,638 INFO 0 Fri Nov 21 11:55:36 2025 Epoch: 41
2025-11-21 11:58:41,954 INFO Final training 41/150, loss: 1.3346, time 185.32s, lr: 0.043150
Accuracy: 0.455
class                  precision    recall   specificity      f1   support
--------------------------------------------------------------------------
0                          0.481     0.459         0.529   0.470       281
1                          0.083     0.100         0.940   0.091        30
2                          0.478     0.491         0.543   0.484       265
*----------------------------------------*
2025-11-21 11:58:42,415 INFO 0 Fri Nov 21 11:58:42 2025 Epoch: 42
2025-11-21 12:01:48,556 INFO Final training 42/150, loss: 4.7220, time 186.14s, lr: 0.042773
Accuracy: 0.424
class                  precision    recall   specificity      f1   support
--------------------------------------------------------------------------
0                          0.471     0.456         0.512   0.463       281
1                          0.043     0.067         0.919   0.053        30
2                          0.442     0.430         0.537   0.436       265
*----------------------------------------*
2025-11-21 12:02:07,412 INFO Final validation 42/150, Val_acc: 0.5370, time 18.86sAccuracy: 0.569
class                  precision    recall   specificity      f1   support
--------------------------------------------------------------------------
0                          0.551     0.771         0.405   0.643        70
1                          0.000     0.000         1.000   0.000         8
2                          0.609     0.424         0.769   0.500        66
*========================================*
2025-11-21 12:02:11,145 INFO 0 Fri Nov 21 12:02:11 2025 Epoch: 43
2025-11-21 12:05:18,367 INFO Final training 43/150, loss: 1.3413, time 187.22s, lr: 0.042388
Accuracy: 0.408
class                  precision    recall   specificity      f1   support
--------------------------------------------------------------------------
0                          0.441     0.454         0.456   0.447       280
1                          0.000     0.000         0.945   0.000        30
2                          0.419     0.406         0.516   0.412       266
*----------------------------------------*
2025-11-21 12:05:18,367 INFO 0 Fri Nov 21 12:05:18 2025 Epoch: 44
2025-11-21 12:08:23,548 INFO Final training 44/150, loss: 1.3088, time 185.18s, lr: 0.041995
Accuracy: 0.490
class                  precision    recall   specificity      f1   support
--------------------------------------------------------------------------
0                          0.524     0.550         0.527   0.537       280
1                          0.000     0.000         0.971   0.000        30
2                          0.481     0.481         0.555   0.481       266
*----------------------------------------*
2025-11-21 12:08:42,146 INFO Final validation 44/150, Val_acc: 0.4896, time 18.60sAccuracy: 0.528
class                  precision    recall   specificity      f1   support
--------------------------------------------------------------------------
0                          0.645     0.286         0.851   0.396        70
1                          0.000     0.000         1.000   0.000         8
2                          0.496     0.848         0.269   0.626        66
*========================================*
2025-11-21 12:08:45,742 INFO 0 Fri Nov 21 12:08:45 2025 Epoch: 45
2025-11-21 12:11:56,603 INFO Final training 45/150, loss: 1.7512, time 190.86s, lr: 0.041594
Accuracy: 0.444
class                  precision    recall   specificity      f1   support
--------------------------------------------------------------------------
0                          0.486     0.498         0.498   0.492       281
1                          0.071     0.100         0.929   0.083        30
2                          0.459     0.426         0.572   0.442       265
*----------------------------------------*
2025-11-21 12:11:56,603 INFO 0 Fri Nov 21 12:11:56 2025 Epoch: 46
2025-11-21 12:15:04,473 INFO Final training 46/150, loss: 1.4768, time 187.87s, lr: 0.041185
Accuracy: 0.457
class                  precision    recall   specificity      f1   support
--------------------------------------------------------------------------
0                          0.504     0.504         0.530   0.504       280
1                          0.028     0.033         0.936   0.030        30
2                          0.465     0.455         0.552   0.460       266
*----------------------------------------*
2025-11-21 12:15:23,184 INFO Final validation 46/150, Val_acc: 0.4479, time 18.71sAccuracy: 0.465
class                  precision    recall   specificity      f1   support
--------------------------------------------------------------------------
0                          0.474     0.914         0.041   0.624        70
1                          0.000     0.000         1.000   0.000         8
2                          0.333     0.045         0.923   0.080        66
*========================================*
2025-11-21 12:15:26,791 INFO 0 Fri Nov 21 12:15:26 2025 Epoch: 47
2025-11-21 12:18:33,970 INFO Final training 47/150, loss: 1.2133, time 187.18s, lr: 0.040768
Accuracy: 0.457
class                  precision    recall   specificity      f1   support
--------------------------------------------------------------------------
0                          0.487     0.532         0.470   0.509       280
1                          0.045     0.033         0.962   0.038        30
2                          0.456     0.425         0.565   0.440       266
*----------------------------------------*
2025-11-21 12:18:33,971 INFO 0 Fri Nov 21 12:18:33 2025 Epoch: 48
2025-11-21 12:21:40,930 INFO Final training 48/150, loss: 1.2725, time 186.96s, lr: 0.040344
Accuracy: 0.472
class                  precision    recall   specificity      f1   support
--------------------------------------------------------------------------
0                          0.500     0.479         0.547   0.489       280
1                          0.033     0.033         0.947   0.033        30
2                          0.493     0.515         0.545   0.504       266
*----------------------------------------*
2025-11-21 12:21:59,595 INFO Final validation 48/150, Val_acc: 0.4583, time 18.67sAccuracy: 0.458
class                  precision    recall   specificity      f1   support
--------------------------------------------------------------------------
0                          0.000     0.000         1.000   0.000        70
1                          0.000     0.000         1.000   0.000         8
2                          0.458     1.000         0.000   0.629        66
*========================================*
2025-11-21 12:22:03,196 INFO 0 Fri Nov 21 12:22:03 2025 Epoch: 49
2025-11-21 12:25:07,917 INFO Final training 49/150, loss: 1.4030, time 184.72s, lr: 0.039913
Accuracy: 0.448
class                  precision    recall   specificity      f1   support
--------------------------------------------------------------------------
0                          0.493     0.471         0.541   0.482       280
1                          0.000     0.000         0.934   0.000        30
2                          0.463     0.474         0.529   0.468       266
*----------------------------------------*
2025-11-21 12:25:07,917 INFO 0 Fri Nov 21 12:25:07 2025 Epoch: 50
2025-11-21 12:28:16,736 INFO Final training 50/150, loss: 1.3080, time 188.82s, lr: 0.039475
Accuracy: 0.436
class                  precision    recall   specificity      f1   support
--------------------------------------------------------------------------
0                          0.467     0.461         0.503   0.464       280
1                          0.088     0.100         0.943   0.094        30
2                          0.447     0.447         0.526   0.447       266
*----------------------------------------*
2025-11-21 12:28:35,386 INFO Final validation 50/150, Val_acc: 0.5451, time 18.65sAccuracy: 0.562
class                  precision    recall   specificity      f1   support
--------------------------------------------------------------------------
0                          0.531     0.986         0.176   0.690        70
1                          0.000     0.000         1.000   0.000         8
2                          0.857     0.182         0.974   0.300        66
*========================================*
2025-11-21 12:28:39,008 INFO 0 Fri Nov 21 12:28:39 2025 Epoch: 51
2025-11-21 12:31:46,597 INFO Final training 51/150, loss: 1.2483, time 187.59s, lr: 0.039030
Accuracy: 0.502
class                  precision    recall   specificity      f1   support
--------------------------------------------------------------------------
0                          0.527     0.550         0.534   0.538       280
1                          0.000     0.000         0.982   0.000        30
2                          0.493     0.508         0.552   0.500       266
*----------------------------------------*
2025-11-21 12:31:47,083 INFO 0 Fri Nov 21 12:31:47 2025 Epoch: 52
2025-11-21 12:34:52,143 INFO Final training 52/150, loss: 1.3012, time 185.06s, lr: 0.038578
Accuracy: 0.453
class                  precision    recall   specificity      f1   support
--------------------------------------------------------------------------
0                          0.479     0.496         0.490   0.488       280
1                          0.000     0.000         0.949   0.000        30
2                          0.473     0.459         0.561   0.466       266
*----------------------------------------*
2025-11-21 12:35:10,646 INFO Final validation 52/150, Val_acc: 0.4861, time 18.50sAccuracy: 0.486
class                  precision    recall   specificity      f1   support
--------------------------------------------------------------------------
0                          0.486     1.000         0.000   0.654        70
1                          0.000     0.000         1.000   0.000         8
2                          0.000     0.000         1.000   0.000        66
*========================================*
2025-11-21 12:35:14,228 INFO 0 Fri Nov 21 12:35:14 2025 Epoch: 53
2025-11-21 12:38:22,089 INFO Final training 53/150, loss: 1.5806, time 187.86s, lr: 0.038120
Accuracy: 0.446
class                  precision    recall   specificity      f1   support
--------------------------------------------------------------------------
0                          0.490     0.500         0.507   0.495       280
1                          0.053     0.067         0.934   0.059        30
2                          0.456     0.432         0.558   0.444       266
*----------------------------------------*
2025-11-21 12:38:22,089 INFO 0 Fri Nov 21 12:38:22 2025 Epoch: 54
2025-11-21 12:41:29,966 INFO Final training 54/150, loss: 1.4090, time 187.88s, lr: 0.037656
Accuracy: 0.436
class                  precision    recall   specificity      f1   support
--------------------------------------------------------------------------
0                          0.478     0.459         0.522   0.468       281
1                          0.025     0.033         0.929   0.029        30
2                          0.455     0.457         0.534   0.456       265
*----------------------------------------*
2025-11-21 12:41:48,505 INFO Final validation 54/150, Val_acc: 0.2627, time 18.54sAccuracy: 0.299
class                  precision    recall   specificity      f1   support
--------------------------------------------------------------------------
0                          0.000     0.000         1.000   0.000        70
1                          0.125     0.500         0.794   0.200         8
2                          0.348     0.591         0.064   0.438        66
*========================================*
2025-11-21 12:41:52,060 INFO 0 Fri Nov 21 12:41:52 2025 Epoch: 55
2025-11-21 12:44:58,255 INFO Final training 55/150, loss: 1.3214, time 186.19s, lr: 0.037186
Accuracy: 0.453
class                  precision    recall   specificity      f1   support
--------------------------------------------------------------------------
0                          0.482     0.486         0.507   0.484       280
1                          0.091     0.067         0.963   0.077        30
2                          0.452     0.462         0.519   0.457       266
*----------------------------------------*
2025-11-21 12:44:58,255 INFO 0 Fri Nov 21 12:44:58 2025 Epoch: 56
2025-11-21 12:48:05,211 INFO Final training 56/150, loss: 1.7360, time 186.96s, lr: 0.036710
Accuracy: 0.406
class                  precision    recall   specificity      f1   support
--------------------------------------------------------------------------
0                          0.445     0.436         0.486   0.440       280
1                          0.000     0.000         0.938   0.000        30
2                          0.418     0.421         0.497   0.419       266
*----------------------------------------*
2025-11-21 12:48:24,007 INFO Final validation 56/150, Val_acc: 0.4583, time 18.80sAccuracy: 0.458
class                  precision    recall   specificity      f1   support
--------------------------------------------------------------------------
0                          0.000     0.000         1.000   0.000        70
1                          0.000     0.000         1.000   0.000         8
2                          0.458     1.000         0.000   0.629        66
*========================================*
2025-11-21 12:48:27,601 INFO 0 Fri Nov 21 12:48:27 2025 Epoch: 57
2025-11-21 12:51:33,815 INFO Final training 57/150, loss: 1.4205, time 186.21s, lr: 0.036229
Accuracy: 0.490
class                  precision    recall   specificity      f1   support
--------------------------------------------------------------------------
0                          0.528     0.546         0.537   0.537       280
1                          0.132     0.167         0.940   0.147        30
2                          0.500     0.466         0.600   0.482       266
*----------------------------------------*
2025-11-21 12:51:33,815 INFO 0 Fri Nov 21 12:51:33 2025 Epoch: 58
2025-11-21 12:54:39,503 INFO Final training 58/150, loss: 1.3813, time 185.69s, lr: 0.035742
Accuracy: 0.472
class                  precision    recall   specificity      f1   support
--------------------------------------------------------------------------
0                          0.493     0.500         0.514   0.496       280
1                          0.000     0.000         0.982   0.000        30
2                          0.468     0.496         0.516   0.482       266
*----------------------------------------*
2025-11-21 12:54:58,374 INFO Final validation 58/150, Val_acc: 0.5093, time 18.87sAccuracy: 0.562
class                  precision    recall   specificity      f1   support
--------------------------------------------------------------------------
0                          0.684     0.371         0.838   0.481        70
1                          0.000     0.000         1.000   0.000         8
2                          0.519     0.833         0.346   0.640        66
*========================================*
2025-11-21 12:55:02,001 INFO 0 Fri Nov 21 12:55:01 2025 Epoch: 59
2025-11-21 12:58:08,138 INFO Final training 59/150, loss: 1.4478, time 186.14s, lr: 0.035251
Accuracy: 0.405
class                  precision    recall   specificity      f1   support
--------------------------------------------------------------------------
0                          0.429     0.409         0.481   0.419       281
1                          0.094     0.100         0.947   0.097        30
2                          0.417     0.434         0.482   0.425       265
*----------------------------------------*
2025-11-21 12:58:08,139 INFO 0 Fri Nov 21 12:58:08 2025 Epoch: 60
2025-11-21 13:01:13,776 INFO Final training 60/150, loss: 1.6212, time 185.64s, lr: 0.034754
Accuracy: 0.472
class                  precision    recall   specificity      f1   support
--------------------------------------------------------------------------
0                          0.512     0.454         0.591   0.481       280
1                          0.091     0.133         0.927   0.108        30
2                          0.496     0.530         0.539   0.513       266
*----------------------------------------*
2025-11-21 13:01:32,252 INFO Final validation 60/150, Val_acc: 0.4525, time 18.48sAccuracy: 0.458
class                  precision    recall   specificity      f1   support
--------------------------------------------------------------------------
0                          0.482     0.943         0.041   0.638        70
1                          0.000     0.000         0.949   0.000         8
2                          0.000     0.000         1.000   0.000        66
*========================================*
2025-11-21 13:01:35,848 INFO 0 Fri Nov 21 13:01:35 2025 Epoch: 61
2025-11-21 13:04:42,128 INFO Final training 61/150, loss: 1.1736, time 186.28s, lr: 0.034253
Accuracy: 0.444
class                  precision    recall   specificity      f1   support
--------------------------------------------------------------------------
0                          0.467     0.561         0.395   0.510       280
1                          0.000     0.000         0.971   0.000        30
2                          0.442     0.372         0.597   0.404       266
*----------------------------------------*
2025-11-21 13:04:42,607 INFO 0 Fri Nov 21 13:04:42 2025 Epoch: 62
2025-11-21 13:07:50,232 INFO Final training 62/150, loss: 1.2052, time 187.63s, lr: 0.033748
Accuracy: 0.457
class                  precision    recall   specificity      f1   support
--------------------------------------------------------------------------
0                          0.496     0.482         0.537   0.489       280
1                          0.000     0.000         0.960   0.000        30
2                          0.454     0.481         0.503   0.467       266
*----------------------------------------*
2025-11-21 13:08:08,827 INFO Final validation 62/150, Val_acc: 0.4583, time 18.60sAccuracy: 0.458
class                  precision    recall   specificity      f1   support
--------------------------------------------------------------------------
0                          0.000     0.000         1.000   0.000        70
1                          0.000     0.000         1.000   0.000         8
2                          0.458     1.000         0.000   0.629        66
*========================================*
2025-11-21 13:08:12,426 INFO 0 Fri Nov 21 13:08:12 2025 Epoch: 63
2025-11-21 13:11:18,609 INFO Final training 63/150, loss: 1.4955, time 186.18s, lr: 0.033239
Accuracy: 0.479
class                  precision    recall   specificity      f1   support
--------------------------------------------------------------------------
0                          0.529     0.523         0.556   0.526       281
1                          0.083     0.167         0.899   0.111        30
2                          0.521     0.468         0.633   0.493       265
*----------------------------------------*
2025-11-21 13:11:18,609 INFO 0 Fri Nov 21 13:11:18 2025 Epoch: 64
2025-11-21 13:14:22,052 INFO Final training 64/150, loss: 1.6309, time 183.44s, lr: 0.032725
Accuracy: 0.444
class                  precision    recall   specificity      f1   support
--------------------------------------------------------------------------
0                          0.480     0.421         0.568   0.449       280
1                          0.056     0.067         0.938   0.061        30
2                          0.463     0.511         0.490   0.486       266
*----------------------------------------*
2025-11-21 13:14:40,779 INFO Final validation 64/150, Val_acc: 0.4861, time 18.73sAccuracy: 0.486
class                  precision    recall   specificity      f1   support
--------------------------------------------------------------------------
0                          0.486     1.000         0.000   0.654        70
1                          0.000     0.000         1.000   0.000         8
2                          0.000     0.000         1.000   0.000        66
*========================================*
2025-11-21 13:14:44,538 INFO 0 Fri Nov 21 13:14:44 2025 Epoch: 65
2025-11-21 13:17:48,926 INFO Final training 65/150, loss: 1.3176, time 184.39s, lr: 0.032209
Accuracy: 0.448
class                  precision    recall   specificity      f1   support
--------------------------------------------------------------------------
0                          0.463     0.448         0.505   0.456       281
1                          0.094     0.100         0.947   0.097        30
2                          0.474     0.487         0.540   0.480       265
*----------------------------------------*
2025-11-21 13:17:48,926 INFO 0 Fri Nov 21 13:17:48 2025 Epoch: 66
2025-11-21 13:20:56,093 INFO Final training 66/150, loss: 1.3649, time 187.17s, lr: 0.031688
Accuracy: 0.417
class                  precision    recall   specificity      f1   support
--------------------------------------------------------------------------
0                          0.450     0.452         0.475   0.451       281
1                          0.118     0.133         0.945   0.125        30
2                          0.419     0.411         0.514   0.415       265
*----------------------------------------*
2025-11-21 13:21:14,733 INFO Final validation 66/150, Val_acc: 0.0637, time 18.64sAccuracy: 0.069
class                  precision    recall   specificity      f1   support
--------------------------------------------------------------------------
0                          0.000     0.000         1.000   0.000        70
1                          0.059     1.000         0.066   0.112         8
2                          0.222     0.030         0.910   0.053        66
*========================================*
2025-11-21 13:21:18,361 INFO 0 Fri Nov 21 13:21:18 2025 Epoch: 67
2025-11-21 13:24:24,206 INFO Final training 67/150, loss: 1.3267, time 185.84s, lr: 0.031165
Accuracy: 0.464
class                  precision    recall   specificity      f1   support
--------------------------------------------------------------------------
0                          0.493     0.537         0.475   0.514       281
1                          0.100     0.100         0.951   0.100        30
2                          0.471     0.426         0.592   0.448       265
*----------------------------------------*
2025-11-21 13:24:24,206 INFO 0 Fri Nov 21 13:24:24 2025 Epoch: 68
2025-11-21 13:27:28,858 INFO Final training 68/150, loss: 1.5562, time 184.65s, lr: 0.030638
Accuracy: 0.444
class                  precision    recall   specificity      f1   support
--------------------------------------------------------------------------
0                          0.475     0.477         0.498   0.476       281
1                          0.000     0.000         0.952   0.000        30
2                          0.455     0.460         0.531   0.458       265
*----------------------------------------*
2025-11-21 13:27:47,617 INFO Final validation 68/150, Val_acc: 0.3542, time 18.76sAccuracy: 0.396
class                  precision    recall   specificity      f1   support
--------------------------------------------------------------------------
0                          0.426     0.657         0.162   0.517        70
1                          0.000     0.000         1.000   0.000         8
2                          0.306     0.167         0.679   0.216        66
*========================================*
2025-11-21 13:27:51,212 INFO 0 Fri Nov 21 13:27:51 2025 Epoch: 69
2025-11-21 13:30:57,691 INFO Final training 69/150, loss: 1.2222, time 186.48s, lr: 0.030109
Accuracy: 0.448
class                  precision    recall   specificity      f1   support
--------------------------------------------------------------------------
0                          0.480     0.521         0.466   0.500       280
1                          0.050     0.033         0.965   0.040        30
2                          0.440     0.417         0.545   0.429       266
*----------------------------------------*
2025-11-21 13:30:57,692 INFO 0 Fri Nov 21 13:30:57 2025 Epoch: 70
2025-11-21 13:34:04,005 INFO Final training 70/150, loss: 1.2213, time 186.31s, lr: 0.029578
Accuracy: 0.462
class                  precision    recall   specificity      f1   support
--------------------------------------------------------------------------
0                          0.480     0.511         0.476   0.495       280
1                          0.062     0.033         0.973   0.043        30
2                          0.466     0.459         0.548   0.462       266
*----------------------------------------*
2025-11-21 13:34:22,841 INFO Final validation 70/150, Val_acc: 0.3819, time 18.84sAccuracy: 0.403
class                  precision    recall   specificity      f1   support
--------------------------------------------------------------------------
0                          0.463     0.814         0.108   0.591        70
1                          0.050     0.125         0.860   0.071         8
2                          0.000     0.000         0.987   0.000        66
*========================================*
2025-11-21 13:34:26,465 INFO 0 Fri Nov 21 13:34:26 2025 Epoch: 71
2025-11-21 13:37:31,649 INFO Final training 71/150, loss: 1.1690, time 185.18s, lr: 0.029045
Accuracy: 0.464
class                  precision    recall   specificity      f1   support
--------------------------------------------------------------------------
0                          0.486     0.498         0.498   0.492       281
1                          0.000     0.000         0.982   0.000        30
2                          0.457     0.479         0.514   0.468       265
*----------------------------------------*
2025-11-21 13:37:32,109 INFO 0 Fri Nov 21 13:37:32 2025 Epoch: 72
2025-11-21 13:40:38,824 INFO Final training 72/150, loss: 1.2556, time 186.71s, lr: 0.028509
Accuracy: 0.467
class                  precision    recall   specificity      f1   support
--------------------------------------------------------------------------
0                          0.490     0.525         0.483   0.507       280
1                          0.056     0.033         0.969   0.042        30
2                          0.469     0.455         0.558   0.462       266
*----------------------------------------*
2025-11-21 13:40:57,419 INFO Final validation 72/150, Val_acc: 0.4583, time 18.59sAccuracy: 0.458
class                  precision    recall   specificity      f1   support
--------------------------------------------------------------------------
0                          0.000     0.000         1.000   0.000        70
1                          0.000     0.000         1.000   0.000         8
2                          0.458     1.000         0.000   0.629        66
*========================================*
2025-11-21 13:41:00,972 INFO 0 Fri Nov 21 13:41:00 2025 Epoch: 73
2025-11-21 13:44:08,043 INFO Final training 73/150, loss: 1.2990, time 187.07s, lr: 0.027972
Accuracy: 0.417
class                  precision    recall   specificity      f1   support
--------------------------------------------------------------------------
0                          0.467     0.402         0.563   0.432       281
1                          0.062     0.100         0.918   0.077        30
2                          0.434     0.468         0.479   0.450       265
*----------------------------------------*
2025-11-21 13:44:08,043 INFO 0 Fri Nov 21 13:44:08 2025 Epoch: 74
2025-11-21 13:47:14,581 INFO Final training 74/150, loss: 1.2688, time 186.54s, lr: 0.027434
Accuracy: 0.446
class                  precision    recall   specificity      f1   support
--------------------------------------------------------------------------
0                          0.500     0.488         0.536   0.494       281
1                          0.000     0.000         0.927   0.000        30
2                          0.458     0.453         0.543   0.455       265
*----------------------------------------*
2025-11-21 13:47:33,258 INFO Final validation 74/150, Val_acc: 0.4583, time 18.68sAccuracy: 0.458
class                  precision    recall   specificity      f1   support
--------------------------------------------------------------------------
0                          0.000     0.000         1.000   0.000        70
1                          0.000     0.000         1.000   0.000         8
2                          0.458     1.000         0.000   0.629        66
*========================================*
2025-11-21 13:47:36,814 INFO 0 Fri Nov 21 13:47:36 2025 Epoch: 75
2025-11-21 13:50:42,033 INFO Final training 75/150, loss: 1.0771, time 185.22s, lr: 0.026894
Accuracy: 0.479
class                  precision    recall   specificity      f1   support
--------------------------------------------------------------------------
0                          0.488     0.579         0.426   0.529       280
1                          0.083     0.033         0.980   0.048        30
2                          0.487     0.425         0.616   0.454       266
*----------------------------------------*
2025-11-21 13:50:42,033 INFO 0 Fri Nov 21 13:50:42 2025 Epoch: 76
2025-11-21 13:53:50,032 INFO Final training 76/150, loss: 1.1465, time 188.00s, lr: 0.026353
Accuracy: 0.432
class                  precision    recall   specificity      f1   support
--------------------------------------------------------------------------
0                          0.450     0.484         0.437   0.467       281
1                          0.000     0.000         0.985   0.000        29
2                          0.425     0.425         0.506   0.425       266
*----------------------------------------*
2025-11-21 13:54:08,737 INFO Final validation 76/150, Val_acc: 0.4583, time 18.70sAccuracy: 0.458
class                  precision    recall   specificity      f1   support
--------------------------------------------------------------------------
0                          0.000     0.000         1.000   0.000        70
1                          0.000     0.000         1.000   0.000         8
2                          0.458     1.000         0.000   0.629        66
*========================================*
2025-11-21 13:54:12,307 INFO 0 Fri Nov 21 13:54:12 2025 Epoch: 77
2025-11-21 13:57:12,702 INFO Final training 77/150, loss: 1.1542, time 180.39s, lr: 0.025812
Accuracy: 0.448
class                  precision    recall   specificity      f1   support
--------------------------------------------------------------------------
0                          0.474     0.518         0.456   0.495       280
1                          0.056     0.033         0.969   0.042        30
2                          0.444     0.421         0.548   0.432       266
*----------------------------------------*
2025-11-21 13:57:12,703 INFO 0 Fri Nov 21 13:57:12 2025 Epoch: 78
2025-11-21 14:00:18,119 INFO Final training 78/150, loss: 1.1409, time 185.42s, lr: 0.025271
Accuracy: 0.470
class                  precision    recall   specificity      f1   support
--------------------------------------------------------------------------
0                          0.490     0.507         0.500   0.498       280
1                          0.000     0.000         0.974   0.000        30
2                          0.474     0.485         0.539   0.480       266
*----------------------------------------*
2025-11-21 14:00:36,908 INFO Final validation 78/150, Val_acc: 0.4792, time 18.79sAccuracy: 0.479
class                  precision    recall   specificity      f1   support
--------------------------------------------------------------------------
0                          0.483     0.986         0.000   0.648        70
1                          0.000     0.000         1.000   0.000         8
2                          0.000     0.000         0.987   0.000        66
*========================================*
2025-11-21 14:00:40,484 INFO 0 Fri Nov 21 14:00:40 2025 Epoch: 79
2025-11-21 14:03:45,403 INFO Final training 79/150, loss: 1.2350, time 184.92s, lr: 0.024729
Accuracy: 0.455
class                  precision    recall   specificity      f1   support
--------------------------------------------------------------------------
0                          0.493     0.530         0.481   0.511       281
1                          0.062     0.067         0.945   0.065        30
2                          0.459     0.419         0.579   0.438       265
*----------------------------------------*
2025-11-21 14:03:45,403 INFO 0 Fri Nov 21 14:03:45 2025 Epoch: 80
2025-11-21 14:06:51,619 INFO Final training 80/150, loss: 1.1390, time 186.22s, lr: 0.024188
Accuracy: 0.483
class                  precision    recall   specificity      f1   support
--------------------------------------------------------------------------
0                          0.500     0.619         0.410   0.553       281
1                          0.000     0.000         0.993   0.000        30
2                          0.464     0.392         0.614   0.425       265
*----------------------------------------*
2025-11-21 14:07:10,434 INFO Final validation 80/150, Val_acc: 0.4549, time 18.82sAccuracy: 0.458
class                  precision    recall   specificity      f1   support
--------------------------------------------------------------------------
0                          0.500     0.014         0.986   0.028        70
1                          0.000     0.000         1.000   0.000         8
2                          0.458     0.985         0.013   0.625        66
*========================================*
2025-11-21 14:07:14,038 INFO 0 Fri Nov 21 14:07:14 2025 Epoch: 81
2025-11-21 14:10:20,604 INFO Final training 81/150, loss: 1.1428, time 186.57s, lr: 0.023647
Accuracy: 0.470
class                  precision    recall   specificity      f1   support
--------------------------------------------------------------------------
0                          0.504     0.488         0.542   0.495       281
1                          0.071     0.067         0.952   0.069        30
2                          0.478     0.498         0.537   0.488       265
*----------------------------------------*
2025-11-21 14:10:21,067 INFO 0 Fri Nov 21 14:10:21 2025 Epoch: 82
2025-11-21 14:13:29,125 INFO Final training 82/150, loss: 1.1090, time 188.06s, lr: 0.023106
Accuracy: 0.469
class                  precision    recall   specificity      f1   support
--------------------------------------------------------------------------
0                          0.489     0.496         0.510   0.493       280
1                          0.000     0.000         0.989   0.000        30
2                          0.458     0.492         0.500   0.475       266
*----------------------------------------*
2025-11-21 14:13:47,805 INFO Final validation 82/150, Val_acc: 0.5949, time 18.68sAccuracy: 0.660
class                  precision    recall   specificity      f1   support
--------------------------------------------------------------------------
0                          0.663     0.786         0.622   0.719        70
1                          0.000     0.000         1.000   0.000         8
2                          0.656     0.606         0.731   0.630        66
*========================================*
2025-11-21 14:13:51,564 INFO 0 Fri Nov 21 14:13:51 2025 Epoch: 83
2025-11-21 14:16:57,791 INFO Final training 83/150, loss: 1.1030, time 186.23s, lr: 0.022566
Accuracy: 0.484
class                  precision    recall   specificity      f1   support
--------------------------------------------------------------------------
0                          0.509     0.421         0.615   0.461       280
1                          0.000     0.000         0.989   0.000        30
2                          0.476     0.605         0.429   0.533       266
*----------------------------------------*
2025-11-21 14:16:57,791 INFO 0 Fri Nov 21 14:16:57 2025 Epoch: 84
2025-11-21 14:20:04,403 INFO Final training 84/150, loss: 1.2202, time 186.61s, lr: 0.022028
Accuracy: 0.469
class                  precision    recall   specificity      f1   support
--------------------------------------------------------------------------
0                          0.489     0.480         0.522   0.485       281
1                          0.083     0.033         0.980   0.048        30
2                          0.465     0.506         0.505   0.485       265
*----------------------------------------*
2025-11-21 14:20:23,110 INFO Final validation 84/150, Val_acc: 0.1944, time 18.71sAccuracy: 0.250
class                  precision    recall   specificity      f1   support
--------------------------------------------------------------------------
0                          0.254     0.257         0.284   0.255        70
1                          0.000     0.000         1.000   0.000         8
2                          0.247     0.273         0.295   0.259        66
*========================================*
2025-11-21 14:20:26,715 INFO 0 Fri Nov 21 14:20:26 2025 Epoch: 85
2025-11-21 14:23:35,774 INFO Final training 85/150, loss: 1.0185, time 189.06s, lr: 0.021491
Accuracy: 0.432
class                  precision    recall   specificity      f1   support
--------------------------------------------------------------------------
0                          0.443     0.413         0.505   0.427       281
1                          0.200     0.067         0.985   0.100        30
2                          0.431     0.494         0.444   0.460       265
*----------------------------------------*
2025-11-21 14:23:35,775 INFO 0 Fri Nov 21 14:23:35 2025 Epoch: 86
2025-11-21 14:26:41,098 INFO Final training 86/150, loss: 1.4360, time 185.32s, lr: 0.020955
Accuracy: 0.453
class                  precision    recall   specificity      f1   support
--------------------------------------------------------------------------
0                          0.508     0.459         0.576   0.482       281
1                          0.026     0.033         0.932   0.029        30
2                          0.461     0.494         0.508   0.477       265
*----------------------------------------*
2025-11-21 14:26:59,814 INFO Final validation 86/150, Val_acc: 0.4896, time 18.71sAccuracy: 0.521
class                  precision    recall   specificity      f1   support
--------------------------------------------------------------------------
0                          0.512     0.900         0.189   0.653        70
1                          0.000     0.000         1.000   0.000         8
2                          0.571     0.182         0.885   0.276        66
*========================================*
2025-11-21 14:27:03,482 INFO [EarlyStopping] Stopping training for val accuracy at epoch 86
2025-11-21 14:27:03,928 INFO Training Finished! Best Accuracy: 0.7269
2025-11-21 14:27:03,928 INFO ====================================================================================================
2025-11-21 14:27:03,928 INFO 
2025-11-21 14:27:13,651 INFO => loading checkpoint 'outputs/OrganoidsINRIA_reduced/densenet/2025-11-21-09-43/training/best_model.pt'
2025-11-21 14:27:13,939 INFO Loaded 1207 keys from checkpoint
2025-11-21 14:27:27,449 INFO Final testing , Test_acc: 0.7378, time 13.47sAccuracy: 0.805
class                  precision    recall   specificity      f1   support
--------------------------------------------------------------------------
0                          0.818     0.900         0.810   0.857        40
1                          0.000     0.000         1.000   0.000         5
2                          0.789     0.811         0.822   0.800        37
*========================================*
2025-11-21 14:27:27,864 INFO Testing Finished! Best Accuracy: 0.7378
2025-11-21 14:27:27,864 INFO ====================================================================================================
2025-11-21 14:27:30,703 INFO Total time spent: 04 hours 44 minutes 09 seconds
2025-11-21 14:27:30,703 INFO 
2025-11-21 14:27:30,703 INFO Final Results Summary:
2025-11-21 14:27:30,703 INFO | TrainLoss | TrainAcc | ValAccMax | W_TrainF1 | W_TrainPrecision | W_TrainRecall | W_TrainSpecificity |
2025-11-21 14:27:30,703 INFO | 1.4360 | 0.4531 | 0.7708 | 0.7461 | 0.7311 | 0.7708 |
2025-11-21 14:27:30,703 INFO | TestAcc | W_TestF1 | W_TestPrecision | W_TestRecall | W_TestSpecificity |
2025-11-21 14:27:30,704 INFO | 0.8049 | 0.7791 | 0.7553 | 0.8049 | 0.8269 |
