2025-11-12 09:54:11,418 INFO Log directory: outputs/OrganoidsINRIA_reduced/swinunetr/2025-11-12-09-54
2025-11-12 09:54:11,420 INFO {'RandFlipd_prob': 0.2,
 'RandRotate90d_prob': 0.2,
 'RandScaleIntensityd_prob': 0.1,
 'RandShiftIntensityd_prob': 0.1,
 'amp': True,
 'augmentation': True,
 'batch_size': 6,
 'cache_dataset': False,
 'checkpoint_path': None,
 'data_dir': '/home/mraffael/martone_project/Organoids_Dataset_256/',
 'dataset_name': 'OrganoidsINRIA_reduced',
 'debug': False,
 'debug_train_samples': 40,
 'debug_val_samples': 10,
 'dist_backend': 'nccl',
 'dist_url': 'tcp://127.0.0.1:23456',
 'distributed': False,
 'dropout_path_rate': 0.0,
 'dropout_rate': 0.0,
 'early_stopping': False,
 'encoder10_pth': '',
 'exact_class': False,
 'feature_size': 48,
 'fold': 0,
 'folds': False,
 'gpu': 0,
 'ignore_label': 3,
 'in_channels': 1,
 'infer_overlap': 0.5,
 'k_folds': 5,
 'logdir': 'test',
 'logs_dir': 'logs/',
 'loss_name': 'CE',
 'lrschedule': 'warmup_cosine',
 'max_epochs': 150,
 'min_delta_loss': 0.001,
 'min_delta_val': 0.001,
 'model_name': 'swinunetr',
 'momentum': 0.99,
 'noamp': False,
 'norm_name': 'instance',
 'oar_id': 2116441,
 'optim_lr': 0.0006,
 'optim_name': 'adamw',
 'out_channels': 1,
 'output_dir': 'outputs/',
 'patch_merging': False,
 'patience_loss': 20,
 'patience_val': 3,
 'pretrained_dir': './pretrained_models/fold1_f48_ep300_4gpu_dice0_9059/',
 'pretrained_model_name': 'model_swinvit.pt',
 'rank': 0,
 'reg_weight': 5e-05,
 'restart_T0': 20,
 'resume_ckpt': False,
 'roi_x': 128,
 'roi_y': 128,
 'roi_z': 128,
 'save_checkpoint': True,
 'seed': 3,
 'similarity_loss': '',
 'similarity_loss_weight': 0.0,
 'spatial_dims': 3,
 'split_method': 'stratified',
 'start_epoch': 0,
 'sw_batch_size': 6,
 'telegram_log': True,
 'test_mode': False,
 'token': './token/tlg_token.txt',
 'use_checkpoint': False,
 'val_every': 4,
 'warmup_epochs': 5,
 'workers': 8,
 'world_size': 1}
2025-11-12 09:54:11,420 INFO 
2025-11-12 09:54:11,424 INFO Saved configuration to: outputs/OrganoidsINRIA_reduced/swinunetr/2025-11-12-09-54/config.txt
2025-11-12 09:54:12,146 INFO Using GPU: 0
2025-11-12 09:54:12,146 INFO 
2025-11-12 09:54:12,146 INFO Model INFO:
2025-11-12 09:54:12,146 INFO Model architecture: swinunetr
2025-11-12 09:54:12,619 INFO Using pretrained weights
2025-11-12 09:54:12,619 INFO => loading pretrained model './pretrained_models/fold1_f48_ep300_4gpu_dice0_9059/model_swinvit.pt'
2025-11-12 09:54:17,002 INFO Missing keys when loading pretrained: 33
2025-11-12 09:54:17,003 INFO Unexpected keys when loading pretrained: 8
2025-11-12 09:54:17,005 INFO Using SwinUNETR with Single Linear Classification Head
2025-11-12 09:54:17,005 INFO Total trainable parameters: 39,914,805
2025-11-12 09:54:17,038 INFO 
2025-11-12 09:54:17,038 INFO Optimizer INFO:
2025-11-12 09:54:17,039 INFO Using optimizer: adamw with lr=0.0006, weight_decay=5e-05
2025-11-12 09:54:17,039 INFO 
2025-11-12 09:54:17,039 INFO Dataset INFO:
2025-11-12 09:54:17,062 INFO Dataset length: 803
2025-11-12 09:54:17,062 INFO Class distribution in entire dataset:
2025-11-12 09:54:17,062 INFO   Class 0: 391
2025-11-12 09:54:17,062 INFO   Class 1: 43
2025-11-12 09:54:17,062 INFO   Class 2: 369
2025-11-12 09:54:17,062 INFO 
Using split method: stratified
2025-11-12 09:54:17,072 INFO 
Train set balance:
2025-11-12 09:54:17,072 INFO 
Val set balance:
2025-11-12 09:54:17,072 INFO Training set length: 642
2025-11-12 09:54:17,072 INFO Validation set length: 161
2025-11-12 09:54:17,072 INFO 
Using standard shuffle for training
2025-11-12 09:54:17,073 INFO Training loader: 107 batches
2025-11-12 09:54:17,073 INFO Validation loader: 27 batches
2025-11-12 09:54:17,073 INFO 
Class distribution in training set:
2025-11-12 09:54:17,073 INFO   Class 0: 313 (48.8%)
2025-11-12 09:54:17,073 INFO   Class 1: 34 (5.3%)
2025-11-12 09:54:17,073 INFO   Class 2: 295 (46.0%)
2025-11-12 09:54:17,073 INFO Class distribution in validation set:
2025-11-12 09:54:17,073 INFO   Class 0: 78 (48.4%)
2025-11-12 09:54:17,073 INFO   Class 1: 9 (5.6%)
2025-11-12 09:54:17,073 INFO   Class 2: 74 (46.0%)
2025-11-12 09:54:17,073 INFO **************************************************
2025-11-12 09:54:17,223 INFO Class weights: [ 6.837  62.941  7.254]
2025-11-12 09:54:17,223 INFO 
2025-11-12 09:54:17,223 INFO Using loss function: CE
2025-11-12 09:54:17,227 INFO **************************************************
2025-11-12 09:54:17,227 INFO Starting training...
2025-11-12 09:54:17,228 INFO 0 Wed Nov 12 09:54:17 2025 Epoch: 0
2025-11-12 09:59:47,603 INFO Final training 0/149, loss: 1.2342, time 330.37s, lr: 0.000000
Accuracy: 0.053
class                  precision    recall   specificity      f1   support
--------------------------------------------------------------------------
0                          0.000     0.000         1.000   0.000       313
1                          0.053     1.000         0.000   0.101        34
2                          0.000     0.000         1.000   0.000       295
*----------------------------------------*
2025-11-12 09:59:48,068 INFO 0 Wed Nov 12 09:59:48 2025 Epoch: 1
2025-11-12 10:04:57,831 INFO Final training 1/149, loss: 1.1373, time 309.76s, lr: 0.000150
Accuracy: 0.553
class                  precision    recall   specificity      f1   support
--------------------------------------------------------------------------
0                          0.626     0.524         0.702   0.570       313
1                          0.000     0.000         0.929   0.000        34
2                          0.567     0.647         0.579   0.604       295
*----------------------------------------*
2025-11-12 10:04:57,831 INFO 0 Wed Nov 12 10:04:57 2025 Epoch: 2
2025-11-12 10:10:12,543 INFO Final training 2/149, loss: 0.9050, time 314.71s, lr: 0.000300
Accuracy: 0.678
class                  precision    recall   specificity      f1   support
--------------------------------------------------------------------------
0                          0.706     0.652         0.742   0.678       313
1                          0.207     0.176         0.962   0.190        34
2                          0.694     0.763         0.715   0.727       295
*----------------------------------------*
2025-11-12 10:10:12,543 INFO 0 Wed Nov 12 10:10:12 2025 Epoch: 3
2025-11-12 10:15:25,375 INFO Final training 3/149, loss: 0.9164, time 312.83s, lr: 0.000450
Accuracy: 0.657
class                  precision    recall   specificity      f1   support
--------------------------------------------------------------------------
0                          0.732     0.594         0.793   0.656       313
1                          0.101     0.206         0.898   0.136        34
2                          0.718     0.776         0.741   0.746       295
*----------------------------------------*
