2025-12-09 11:34:06,470 INFO Log directory: outputs/OrganoidsINRIA_reduced/densenet/2025-12-09-11-34
2025-12-09 11:34:06,472 INFO {'RandFlipd_prob': 0.2,
 'RandRotate90d_prob': 0.2,
 'RandScaleIntensityd_prob': 0.1,
 'RandShiftIntensityd_prob': 0.1,
 'amp': True,
 'augmentation': True,
 'batch_size': 2,
 'cache_dataset': False,
 'checkpoint_path': None,
 'data_dir': '/home/mraffael/martone_project/Organoids_Dataset_256/',
 'dataset_name': 'OrganoidsINRIA_reduced',
 'debug': False,
 'debug_train_samples': 40,
 'debug_val_samples': 10,
 'dist_backend': 'nccl',
 'dist_url': 'tcp://127.0.0.1:23456',
 'distributed': False,
 'dropout_path_rate': 0.0,
 'dropout_rate': 0.0,
 'early_stopping': True,
 'encoder10_pth': '',
 'exact_class': False,
 'feature_size': 48,
 'fold': 0,
 'folds': False,
 'gpu': 0,
 'ignore_label': 3,
 'in_channels': 1,
 'infer_overlap': 0.5,
 'k_folds': 5,
 'logdir': 'test',
 'logs_dir': 'logs/',
 'loss_name': 'CE',
 'lrschedule': 'warmup_cosine',
 'max_epochs': 150,
 'min_delta_loss': 0.001,
 'min_delta_val': 0.01,
 'model_name': 'densenet',
 'momentum': 0.99,
 'noamp': False,
 'norm_name': 'instance',
 'oar_id': 2148070,
 'optim_lr': 0.01,
 'optim_name': 'adamw',
 'out_channels': 1,
 'output_dir': 'outputs/',
 'patch_merging': False,
 'patience_loss': 40,
 'patience_val': 40,
 'pretrained_dir': '',
 'pretrained_model_name': '',
 'rank': 0,
 'reg_weight': 5e-05,
 'restart_T0': 20,
 'resume_ckpt': False,
 'roi_x': 64,
 'roi_y': 64,
 'roi_z': 64,
 'save_checkpoint': True,
 'seed': 3,
 'similarity_loss': '',
 'similarity_loss_weight': 0.0,
 'spatial_dims': 3,
 'split_method': 'stratified',
 'start_epoch': 0,
 'sw_batch_size': 8,
 'telegram_log': True,
 'test_mode': False,
 'token': './token/tlg_token.txt',
 'use_checkpoint': False,
 'val_every': 2,
 'warmup_epochs': 5,
 'workers': 8,
 'world_size': 1}
2025-12-09 11:34:06,472 INFO 
2025-12-09 11:34:06,476 INFO Saved configuration to: outputs/OrganoidsINRIA_reduced/densenet/2025-12-09-11-34/config.txt
2025-12-09 11:34:07,190 INFO Using GPU: 0
2025-12-09 11:34:07,190 INFO 
2025-12-09 11:34:07,190 INFO Model INFO:
2025-12-09 11:34:07,190 INFO Model architecture: densenet
2025-12-09 11:34:07,492 INFO Total trainable parameters: 25,336,579
2025-12-09 11:34:07,534 INFO 
2025-12-09 11:34:07,534 INFO Optimizer INFO:
2025-12-09 11:34:07,535 INFO Using optimizer: adamw with lr=0.01, weight_decay=5e-05
2025-12-09 11:34:07,536 INFO 
2025-12-09 11:34:07,536 INFO Dataset INFO:
2025-12-09 11:34:07,627 INFO Dataset length: 721
2025-12-09 11:34:07,627 INFO Class distribution in entire dataset:
2025-12-09 11:34:07,627 INFO   Class 0: 351
2025-12-09 11:34:07,627 INFO   Class 1: 38
2025-12-09 11:34:07,627 INFO   Class 2: 332
2025-12-09 11:34:07,627 INFO 
Using split method: stratified
2025-12-09 11:34:07,640 INFO 
Train set balance:
2025-12-09 11:34:07,640 INFO 
Val set balance:
2025-12-09 11:34:07,640 INFO Training set length: 577
2025-12-09 11:34:07,640 INFO Validation set length: 144
2025-12-09 11:34:07,640 INFO 
Using standard shuffle for training
2025-12-09 11:34:07,640 INFO Training loader: 288 batches
2025-12-09 11:34:07,640 INFO Validation loader: 72 batches
2025-12-09 11:34:07,640 INFO 
Class distribution in training set:
2025-12-09 11:34:07,640 INFO   Class 0: 281 (48.7%)
2025-12-09 11:34:07,640 INFO   Class 1: 30 (5.2%)
2025-12-09 11:34:07,640 INFO   Class 2: 266 (46.1%)
2025-12-09 11:34:07,640 INFO Class distribution in validation set:
2025-12-09 11:34:07,641 INFO   Class 0: 70 (48.6%)
2025-12-09 11:34:07,641 INFO   Class 1: 8 (5.6%)
2025-12-09 11:34:07,641 INFO   Class 2: 66 (45.8%)
2025-12-09 11:34:07,641 INFO **************************************************
2025-12-09 11:34:07,794 INFO Class weights: [ 6.845  64.111  7.231]
2025-12-09 11:34:07,794 INFO 
2025-12-09 11:34:07,794 INFO Test Dataset INFO:
2025-12-09 11:34:07,814 INFO Test Dataset length: 82
2025-12-09 11:34:07,814 INFO Class distribution in test dataset:
2025-12-09 11:34:07,814 INFO   Class 0: 40
2025-12-09 11:34:07,814 INFO   Class 1: 5
2025-12-09 11:34:07,814 INFO   Class 2: 37
2025-12-09 11:34:07,814 INFO Test loader: 41 batches
2025-12-09 11:34:07,814 INFO **************************************************
2025-12-09 11:34:07,814 INFO 
2025-12-09 11:34:07,814 INFO Using loss function: CE
2025-12-09 11:34:07,817 INFO **************************************************
2025-12-09 11:34:07,817 INFO Starting training...
2025-12-09 11:34:07,828 INFO 0 Tue Dec  9 11:34:07 2025 Epoch: 1
2025-12-09 11:37:36,479 INFO Final training 1/150, loss: 1.0923, time 208.65s, lr: 0.000000
Accuracy: 0.488
class                  precision    recall   specificity      f1   support
--------------------------------------------------------------------------
0                          0.488     1.000         0.000   0.656       281
1                          0.000     0.000         1.000   0.000        30
2                          0.000     0.000         1.000   0.000       265
*----------------------------------------*
2025-12-09 11:37:36,949 INFO 0 Tue Dec  9 11:37:36 2025 Epoch: 2
2025-12-09 11:40:33,168 INFO Final training 2/150, loss: 0.9919, time 176.22s, lr: 0.002500
Accuracy: 0.465
class                  precision    recall   specificity      f1   support
--------------------------------------------------------------------------
0                          0.483     0.607         0.385   0.538       280
1                          0.000     0.000         0.982   0.000        30
2                          0.458     0.368         0.626   0.408       266
*----------------------------------------*
2025-12-09 11:41:22,568 INFO Final validation 2/150, Val_acc: 0.4873, time 49.40sAccuracy: 0.500
class                  precision    recall   specificity      f1   support
--------------------------------------------------------------------------
0                          0.493     0.986         0.041   0.657        70
1                          0.000     0.000         1.000   0.000         8
2                          0.750     0.045         0.987   0.086        66
*========================================*
2025-12-09 11:41:22,569 INFO New best (0.000000 --> 0.487269)
2025-12-09 11:41:27,514 INFO Copying best model to best_model.pt
2025-12-09 11:41:31,422 INFO 0 Tue Dec  9 11:41:31 2025 Epoch: 3
2025-12-09 11:44:24,178 INFO Final training 3/150, loss: 0.9864, time 172.76s, lr: 0.005000
Accuracy: 0.457
class                  precision    recall   specificity      f1   support
--------------------------------------------------------------------------
0                          0.465     0.421         0.541   0.442       280
1                          0.000     0.000         1.000   0.000        30
2                          0.450     0.545         0.429   0.493       266
*----------------------------------------*
2025-12-09 11:44:24,178 INFO 0 Tue Dec  9 11:44:24 2025 Epoch: 4
2025-12-09 11:47:16,665 INFO Final training 4/150, loss: 1.0680, time 172.49s, lr: 0.007500
Accuracy: 0.446
class                  precision    recall   specificity      f1   support
--------------------------------------------------------------------------
0                          0.473     0.495         0.475   0.483       281
1                          0.083     0.067         0.960   0.074        30
2                          0.450     0.438         0.543   0.444       265
*----------------------------------------*
2025-12-09 11:47:32,470 INFO Final validation 4/150, Val_acc: 0.1921, time 15.81sAccuracy: 0.215
class                  precision    recall   specificity      f1   support
--------------------------------------------------------------------------
0                          0.000     0.000         0.473   0.000        70
1                          0.000     0.000         1.000   0.000         8
2                          0.295     0.470         0.051   0.363        66
*========================================*
2025-12-09 11:47:36,247 INFO 0 Tue Dec  9 11:47:36 2025 Epoch: 5
2025-12-09 11:50:31,434 INFO Final training 5/150, loss: 1.0207, time 175.19s, lr: 0.010000
Accuracy: 0.500
class                  precision    recall   specificity      f1   support
--------------------------------------------------------------------------
0                          0.528     0.541         0.539   0.534       281
1                          0.000     0.000         0.978   0.000        30
2                          0.493     0.513         0.550   0.503       265
*----------------------------------------*
2025-12-09 11:50:31,434 INFO 0 Tue Dec  9 11:50:31 2025 Epoch: 6
2025-12-09 11:53:27,417 INFO Final training 6/150, loss: 1.0845, time 175.98s, lr: 0.010000
Accuracy: 0.474
class                  precision    recall   specificity      f1   support
--------------------------------------------------------------------------
0                          0.487     0.534         0.464   0.509       281
1                          0.000     0.000         0.993   0.000        30
2                          0.466     0.464         0.547   0.465       265
*----------------------------------------*
2025-12-09 11:53:43,435 INFO Final validation 6/150, Val_acc: 0.1308, time 16.02sAccuracy: 0.160
class                  precision    recall   specificity      f1   support
--------------------------------------------------------------------------
0                          0.061     0.043         0.378   0.050        70
1                          0.053     0.125         0.868   0.074         8
2                          0.250     0.288         0.269   0.268        66
*========================================*
2025-12-09 11:53:47,016 INFO 0 Tue Dec  9 11:53:47 2025 Epoch: 7
2025-12-09 11:56:42,363 INFO Final training 7/150, loss: 0.9878, time 175.35s, lr: 0.009999
Accuracy: 0.457
class                  precision    recall   specificity      f1   support
--------------------------------------------------------------------------
0                          0.474     0.521         0.453   0.497       280
1                          0.000     0.000         0.993   0.000        30
2                          0.443     0.440         0.526   0.442       266
*----------------------------------------*
2025-12-09 11:56:42,363 INFO 0 Tue Dec  9 11:56:42 2025 Epoch: 8
2025-12-09 11:59:38,648 INFO Final training 8/150, loss: 0.9761, time 176.28s, lr: 0.009995
Accuracy: 0.483
class                  precision    recall   specificity      f1   support
--------------------------------------------------------------------------
0                          0.504     0.498         0.532   0.501       281
1                          0.000     0.000         1.000   0.000        30
2                          0.463     0.521         0.486   0.490       265
*----------------------------------------*
2025-12-09 11:59:54,338 INFO Final validation 8/150, Val_acc: 0.4502, time 15.69sAccuracy: 0.535
class                  precision    recall   specificity      f1   support
--------------------------------------------------------------------------
0                          0.864     0.543         0.919   0.667        70
1                          0.024     0.125         0.699   0.040         8
2                          0.655     0.576         0.744   0.613        66
*========================================*
2025-12-09 11:59:57,993 INFO 0 Tue Dec  9 11:59:57 2025 Epoch: 9
2025-12-09 12:02:52,019 INFO Final training 9/150, loss: 1.0183, time 174.02s, lr: 0.009989
Accuracy: 0.470
class                  precision    recall   specificity      f1   support
--------------------------------------------------------------------------
0                          0.490     0.532         0.476   0.510       280
1                          0.125     0.033         0.987   0.053        30
2                          0.458     0.455         0.539   0.457       266
*----------------------------------------*
2025-12-09 12:02:52,020 INFO 0 Tue Dec  9 12:02:52 2025 Epoch: 10
2025-12-09 12:05:45,590 INFO Final training 10/150, loss: 0.9784, time 173.57s, lr: 0.009981
Accuracy: 0.443
class                  precision    recall   specificity      f1   support
--------------------------------------------------------------------------
0                          0.461     0.546         0.395   0.500       280
1                          0.000     0.000         1.000   0.000        30
2                          0.418     0.383         0.542   0.400       266
*----------------------------------------*
2025-12-09 12:06:02,147 INFO Final validation 10/150, Val_acc: 0.6979, time 16.56sAccuracy: 0.729
class                  precision    recall   specificity      f1   support
--------------------------------------------------------------------------
0                          0.702     0.943         0.622   0.805        70
1                          0.000     0.000         1.000   0.000         8
2                          0.780     0.591         0.859   0.672        66
*========================================*
2025-12-09 12:06:02,148 INFO New best (0.487269 --> 0.697917)
2025-12-09 12:06:07,062 INFO Copying best model to best_model.pt
2025-12-09 12:06:09,969 INFO 0 Tue Dec  9 12:06:09 2025 Epoch: 11
2025-12-09 12:09:03,415 INFO Final training 11/150, loss: 1.0229, time 173.45s, lr: 0.009971
Accuracy: 0.486
class                  precision    recall   specificity      f1   support
--------------------------------------------------------------------------
0                          0.510     0.523         0.522   0.517       281
1                          0.000     0.000         0.993   0.000        30
2                          0.468     0.502         0.514   0.485       265
*----------------------------------------*
2025-12-09 12:09:03,891 INFO 0 Tue Dec  9 12:09:03 2025 Epoch: 12
2025-12-09 12:11:55,499 INFO Final training 12/150, loss: 1.0206, time 171.61s, lr: 0.009958
Accuracy: 0.464
class                  precision    recall   specificity      f1   support
--------------------------------------------------------------------------
0                          0.483     0.507         0.486   0.495       280
1                          0.000     0.000         1.000   0.000        30
2                          0.443     0.470         0.494   0.456       266
*----------------------------------------*
2025-12-09 12:12:11,365 INFO Final validation 12/150, Val_acc: 0.4410, time 15.87sAccuracy: 0.458
class                  precision    recall   specificity      f1   support
--------------------------------------------------------------------------
0                          0.524     0.943         0.189   0.673        70
1                          0.000     0.000         0.868   0.000         8
2                          0.000     0.000         1.000   0.000        66
*========================================*
2025-12-09 12:12:14,968 INFO 0 Tue Dec  9 12:12:14 2025 Epoch: 13
2025-12-09 12:15:06,614 INFO Final training 13/150, loss: 0.9726, time 171.65s, lr: 0.009943
Accuracy: 0.477
class                  precision    recall   specificity      f1   support
--------------------------------------------------------------------------
0                          0.493     0.530         0.481   0.511       281
1                          0.000     0.000         1.000   0.000        30
2                          0.460     0.475         0.524   0.468       265
*----------------------------------------*
2025-12-09 12:15:06,615 INFO 0 Tue Dec  9 12:15:06 2025 Epoch: 14
