2025-12-09 14:22:41,950 INFO Log directory: outputs/OrganoidsINRIA_reduced/swinvit/2025-12-09-14-22
2025-12-09 14:22:41,953 INFO {'RandFlipd_prob': 0.2,
 'RandRotate90d_prob': 0.2,
 'RandScaleIntensityd_prob': 0.1,
 'RandShiftIntensityd_prob': 0.1,
 'amp': True,
 'augmentation': True,
 'batch_size': 6,
 'cache_dataset': False,
 'checkpoint_path': None,
 'data_dir': '/home/mraffael/martone_project/Organoids_Dataset_256/',
 'dataset_name': 'OrganoidsINRIA_reduced',
 'debug': False,
 'debug_train_samples': 40,
 'debug_val_samples': 10,
 'dist_backend': 'nccl',
 'dist_url': 'tcp://127.0.0.1:23456',
 'distributed': False,
 'dropout_path_rate': 0.0,
 'dropout_rate': 0.0,
 'early_stopping': True,
 'encoder10_pth': '',
 'exact_class': False,
 'feature_size': 48,
 'fold': 0,
 'folds': False,
 'gpu': 0,
 'ignore_label': 3,
 'in_channels': 1,
 'infer_overlap': 0.5,
 'k_folds': 5,
 'logdir': 'test',
 'logs_dir': 'logs/',
 'loss_name': 'CE',
 'lrschedule': 'warmup_cosine',
 'max_epochs': 300,
 'min_delta_loss': 0.001,
 'min_delta_val': 0.01,
 'model_name': 'swinvit',
 'momentum': 0.99,
 'noamp': False,
 'norm_name': 'instance',
 'oar_id': 2148623,
 'optim_lr': 0.05,
 'optim_name': 'adamw',
 'out_channels': 1,
 'output_dir': 'outputs/',
 'patch_merging': False,
 'patience_loss': 40,
 'patience_val': 40,
 'pretrained_dir': './pretrained_models/fold1_f48_ep300_4gpu_dice0_9059/',
 'pretrained_model_name': 'model_swinvit.pt',
 'rank': 0,
 'reg_weight': 5e-05,
 'restart_T0': 20,
 'resume_ckpt': False,
 'roi_x': 128,
 'roi_y': 128,
 'roi_z': 128,
 'save_checkpoint': True,
 'seed': 3,
 'similarity_loss': '',
 'similarity_loss_weight': 0.0,
 'spatial_dims': 3,
 'split_method': 'stratified',
 'start_epoch': 0,
 'sw_batch_size': 8,
 'telegram_log': True,
 'test_mode': False,
 'token': './token/tlg_token.txt',
 'use_checkpoint': False,
 'val_every': 2,
 'warmup_epochs': 5,
 'workers': 8,
 'world_size': 1}
2025-12-09 14:22:41,953 INFO 
2025-12-09 14:22:41,957 INFO Saved configuration to: outputs/OrganoidsINRIA_reduced/swinvit/2025-12-09-14-22/config.txt
2025-12-09 14:22:42,614 INFO Using GPU: 0
2025-12-09 14:22:42,614 INFO 
2025-12-09 14:22:42,614 INFO Model INFO:
2025-12-09 14:22:42,614 INFO Model architecture: swinvit
2025-12-09 14:22:43,111 INFO Using pretrained weights
2025-12-09 14:22:43,111 INFO => loading pretrained model './pretrained_models/fold1_f48_ep300_4gpu_dice0_9059/model_swinvit.pt'
2025-12-09 14:22:47,394 INFO Missing keys when loading pretrained: 33
2025-12-09 14:22:47,394 INFO Unexpected keys when loading pretrained: 8
2025-12-09 14:22:47,401 INFO Using SwinViT with Single Linear Classification Head
2025-12-09 14:22:47,403 INFO Total trainable parameters: 8,064,309
2025-12-09 14:22:47,417 INFO 
2025-12-09 14:22:47,417 INFO Optimizer INFO:
2025-12-09 14:22:47,418 INFO Using optimizer: adamw with lr=0.05, weight_decay=5e-05
2025-12-09 14:22:47,418 INFO 
2025-12-09 14:22:47,418 INFO Dataset INFO:
2025-12-09 14:22:47,439 INFO Dataset length: 721
2025-12-09 14:22:47,439 INFO Class distribution in entire dataset:
2025-12-09 14:22:47,439 INFO   Class 0: 351
2025-12-09 14:22:47,439 INFO   Class 1: 38
2025-12-09 14:22:47,439 INFO   Class 2: 332
2025-12-09 14:22:47,439 INFO 
Using split method: stratified
2025-12-09 14:22:47,450 INFO 
Train set balance:
2025-12-09 14:22:47,450 INFO 
Val set balance:
2025-12-09 14:22:47,450 INFO Training set length: 577
2025-12-09 14:22:47,450 INFO Validation set length: 144
2025-12-09 14:22:47,450 INFO 
Using standard shuffle for training
2025-12-09 14:22:47,450 INFO Training loader: 96 batches
2025-12-09 14:22:47,450 INFO Validation loader: 24 batches
2025-12-09 14:22:47,451 INFO 
Class distribution in training set:
2025-12-09 14:22:47,451 INFO   Class 0: 281 (48.7%)
2025-12-09 14:22:47,451 INFO   Class 1: 30 (5.2%)
2025-12-09 14:22:47,451 INFO   Class 2: 266 (46.1%)
2025-12-09 14:22:47,451 INFO Class distribution in validation set:
2025-12-09 14:22:47,451 INFO   Class 0: 70 (48.6%)
2025-12-09 14:22:47,451 INFO   Class 1: 8 (5.6%)
2025-12-09 14:22:47,451 INFO   Class 2: 66 (45.8%)
2025-12-09 14:22:47,451 INFO **************************************************
2025-12-09 14:22:47,634 INFO Class weights: [ 6.845  64.111  7.231]
2025-12-09 14:22:47,634 INFO 
2025-12-09 14:22:47,635 INFO Test Dataset INFO:
2025-12-09 14:22:47,642 INFO Test Dataset length: 82
2025-12-09 14:22:47,642 INFO Class distribution in test dataset:
2025-12-09 14:22:47,642 INFO   Class 0: 40
2025-12-09 14:22:47,642 INFO   Class 1: 5
2025-12-09 14:22:47,642 INFO   Class 2: 37
2025-12-09 14:22:47,642 INFO Test loader: 14 batches
2025-12-09 14:22:47,642 INFO **************************************************
2025-12-09 14:22:47,642 INFO 
2025-12-09 14:22:47,642 INFO Using loss function: CE
2025-12-09 14:22:47,646 INFO **************************************************
2025-12-09 14:22:47,646 INFO Starting training...
2025-12-09 14:22:47,648 INFO 0 Tue Dec  9 14:22:47 2025 Epoch: 1
2025-12-09 14:28:04,352 INFO Final training 1/300, loss: 1.2771, time 316.70s, lr: 0.000000
Accuracy: 0.052
class                  precision    recall   specificity      f1   support
--------------------------------------------------------------------------
0                          0.000     0.000         1.000   0.000       280
1                          0.052     1.000         0.000   0.099        30
2                          0.000     0.000         1.000   0.000       266
*----------------------------------------*
2025-12-09 14:28:04,785 INFO 0 Tue Dec  9 14:28:04 2025 Epoch: 2
2025-12-09 14:33:10,621 INFO Final training 2/300, loss: 3.6767, time 305.84s, lr: 0.012500
Accuracy: 0.405
class                  precision    recall   specificity      f1   support
--------------------------------------------------------------------------
0                          0.482     0.393         0.601   0.433       280
1                          0.073     0.233         0.837   0.111        30
2                          0.460     0.436         0.561   0.448       266
*----------------------------------------*
2025-12-09 14:35:21,990 INFO Final validation 2/300, Val_acc: 0.4583, time 131.37sAccuracy: 0.486
class                  precision    recall   specificity      f1   support
--------------------------------------------------------------------------
0                          0.486     1.000         0.000   0.654        70
1                          0.000     0.000         1.000   0.000         8
2                          0.000     0.000         1.000   0.000        66
*========================================*
2025-12-09 14:35:21,991 INFO New best (0.000000 --> 0.458333)
2025-12-09 14:35:24,885 INFO Copying best model to best_model.pt
2025-12-09 14:35:25,709 INFO 0 Tue Dec  9 14:35:25 2025 Epoch: 3
2025-12-09 14:40:32,926 INFO Final training 3/300, loss: 2.2828, time 307.22s, lr: 0.025000
Accuracy: 0.396
class                  precision    recall   specificity      f1   support
--------------------------------------------------------------------------
0                          0.466     0.438         0.522   0.451       281
1                          0.019     0.069         0.814   0.030        29
2                          0.495     0.387         0.661   0.435       266
*----------------------------------------*
2025-12-09 14:40:32,926 INFO 0 Tue Dec  9 14:40:32 2025 Epoch: 4
2025-12-09 14:45:40,006 INFO Final training 4/300, loss: 1.8386, time 307.08s, lr: 0.037500
Accuracy: 0.385
class                  precision    recall   specificity      f1   support
--------------------------------------------------------------------------
0                          0.468     0.370         0.600   0.414       281
1                          0.059     0.200         0.824   0.091        30
2                          0.444     0.423         0.550   0.433       265
*----------------------------------------*
2025-12-09 14:46:47,585 INFO Final validation 4/300, Val_acc: 0.1088, time 67.58sAccuracy: 0.062
class                  precision    recall   specificity      f1   support
--------------------------------------------------------------------------
0                          1.000     0.014         1.000   0.028        70
1                          0.056     1.000         0.007   0.106         8
2                          0.000     0.000         1.000   0.000        66
*========================================*
2025-12-09 14:46:48,948 INFO 0 Tue Dec  9 14:46:48 2025 Epoch: 5
2025-12-09 14:51:55,213 INFO Final training 5/300, loss: 1.9774, time 306.26s, lr: 0.050000
Accuracy: 0.411
class                  precision    recall   specificity      f1   support
--------------------------------------------------------------------------
0                          0.486     0.379         0.622   0.426       280
1                          0.044     0.133         0.841   0.066        30
2                          0.476     0.477         0.548   0.477       266
*----------------------------------------*
2025-12-09 14:51:55,213 INFO 0 Tue Dec  9 14:51:55 2025 Epoch: 6
2025-12-09 14:56:59,321 INFO Final training 6/300, loss: 1.3075, time 304.11s, lr: 0.050000
Accuracy: 0.432
class                  precision    recall   specificity      f1   support
--------------------------------------------------------------------------
0                          0.495     0.495         0.519   0.495       281
1                          0.017     0.033         0.896   0.023        30
2                          0.460     0.411         0.588   0.434       265
*----------------------------------------*
2025-12-09 14:58:06,594 INFO Final validation 6/300, Val_acc: 0.4583, time 67.27sAccuracy: 0.486
class                  precision    recall   specificity      f1   support
--------------------------------------------------------------------------
0                          0.486     1.000         0.000   0.654        70
1                          0.000     0.000         1.000   0.000         8
2                          0.000     0.000         1.000   0.000        66
*========================================*
2025-12-09 14:58:07,930 INFO 0 Tue Dec  9 14:58:07 2025 Epoch: 7
2025-12-09 15:03:06,536 INFO Final training 7/300, loss: 1.0518, time 298.61s, lr: 0.049999
Accuracy: 0.531
class                  precision    recall   specificity      f1   support
--------------------------------------------------------------------------
0                          0.533     0.604         0.500   0.566       280
1                          0.267     0.133         0.980   0.178        30
2                          0.545     0.500         0.642   0.522       266
*----------------------------------------*
2025-12-09 15:03:06,536 INFO 0 Tue Dec  9 15:03:06 2025 Epoch: 8
2025-12-09 15:08:13,631 INFO Final training 8/300, loss: 1.2052, time 307.10s, lr: 0.049994
Accuracy: 0.491
class                  precision    recall   specificity      f1   support
--------------------------------------------------------------------------
0                          0.550     0.354         0.726   0.430       280
1                          0.081     0.167         0.896   0.109        30
2                          0.536     0.673         0.500   0.597       266
*----------------------------------------*
2025-12-09 15:09:20,993 INFO Final validation 8/300, Val_acc: 0.4375, time 67.36sAccuracy: 0.458
class                  precision    recall   specificity      f1   support
--------------------------------------------------------------------------
0                          0.000     0.000         1.000   0.000        70
1                          0.000     0.000         1.000   0.000         8
2                          0.458     1.000         0.000   0.629        66
*========================================*
2025-12-09 15:09:22,305 INFO 0 Tue Dec  9 15:09:22 2025 Epoch: 9
2025-12-09 15:14:28,478 INFO Final training 9/300, loss: 1.2200, time 306.17s, lr: 0.049987
Accuracy: 0.481
class                  precision    recall   specificity      f1   support
--------------------------------------------------------------------------
0                          0.556     0.516         0.607   0.535       281
1                          0.101     0.241         0.887   0.143        29
2                          0.508     0.470         0.610   0.488       266
*----------------------------------------*
2025-12-09 15:14:28,478 INFO 0 Tue Dec  9 15:14:28 2025 Epoch: 10
2025-12-09 15:19:35,658 INFO Final training 10/300, loss: 1.1667, time 307.18s, lr: 0.049977
Accuracy: 0.462
class                  precision    recall   specificity      f1   support
--------------------------------------------------------------------------
0                          0.508     0.452         0.583   0.478       281
1                          0.061     0.067         0.943   0.063        30
2                          0.468     0.517         0.498   0.491       265
*----------------------------------------*
2025-12-09 15:20:43,497 INFO Final validation 10/300, Val_acc: 0.4583, time 67.84sAccuracy: 0.486
class                  precision    recall   specificity      f1   support
--------------------------------------------------------------------------
0                          0.486     1.000         0.000   0.654        70
1                          0.000     0.000         1.000   0.000         8
2                          0.000     0.000         1.000   0.000        66
*========================================*
2025-12-09 15:20:44,904 INFO 0 Tue Dec  9 15:20:44 2025 Epoch: 11
2025-12-09 15:25:47,422 INFO Final training 11/300, loss: 1.0468, time 302.52s, lr: 0.049965
Accuracy: 0.500
class                  precision    recall   specificity      f1   support
--------------------------------------------------------------------------
0                          0.516     0.407         0.639   0.455       280
1                          0.000     0.000         1.000   0.000        30
2                          0.490     0.654         0.416   0.560       266
*----------------------------------------*
2025-12-09 15:25:47,921 INFO 0 Tue Dec  9 15:25:47 2025 Epoch: 12
2025-12-09 15:30:55,197 INFO Final training 12/300, loss: 1.0744, time 307.28s, lr: 0.049949
Accuracy: 0.509
class                  precision    recall   specificity      f1   support
--------------------------------------------------------------------------
0                          0.522     0.507         0.561   0.514       280
1                          0.000     0.000         0.998   0.000        30
2                          0.498     0.568         0.510   0.531       266
*----------------------------------------*
2025-12-09 15:32:02,746 INFO Final validation 12/300, Val_acc: 0.4537, time 67.55sAccuracy: 0.479
class                  precision    recall   specificity      f1   support
--------------------------------------------------------------------------
0                          0.483     0.986         0.000   0.648        70
1                          0.000     0.000         0.993   0.000         8
2                          0.000     0.000         1.000   0.000        66
*========================================*
2025-12-09 15:32:04,099 INFO 0 Tue Dec  9 15:32:04 2025 Epoch: 13
2025-12-09 15:37:05,951 INFO Final training 13/300, loss: 1.0682, time 301.85s, lr: 0.049931
Accuracy: 0.505
class                  precision    recall   specificity      f1   support
--------------------------------------------------------------------------
0                          0.511     0.500         0.547   0.505       280
1                          0.000     0.000         0.998   0.000        30
2                          0.502     0.568         0.516   0.533       266
*----------------------------------------*
2025-12-09 15:37:05,952 INFO 0 Tue Dec  9 15:37:05 2025 Epoch: 14
2025-12-09 15:42:15,432 INFO Final training 14/300, loss: 1.0614, time 309.48s, lr: 0.049909
Accuracy: 0.469
class                  precision    recall   specificity      f1   support
--------------------------------------------------------------------------
0                          0.478     0.475         0.510   0.477       280
1                          0.000     0.000         1.000   0.000        30
2                          0.460     0.515         0.481   0.486       266
*----------------------------------------*
2025-12-09 15:43:23,542 INFO Final validation 14/300, Val_acc: 0.4375, time 68.11sAccuracy: 0.458
class                  precision    recall   specificity      f1   support
--------------------------------------------------------------------------
0                          0.000     0.000         1.000   0.000        70
1                          0.000     0.000         1.000   0.000         8
2                          0.458     1.000         0.000   0.629        66
*========================================*
2025-12-09 15:43:24,900 INFO 0 Tue Dec  9 15:43:24 2025 Epoch: 15
2025-12-09 15:48:26,431 INFO Final training 15/300, loss: 1.1126, time 301.53s, lr: 0.049885
Accuracy: 0.472
class                  precision    recall   specificity      f1   support
--------------------------------------------------------------------------
0                          0.505     0.561         0.480   0.531       280
1                          0.044     0.067         0.921   0.053        30
2                          0.514     0.425         0.655   0.465       266
*----------------------------------------*
2025-12-09 15:48:26,431 INFO 0 Tue Dec  9 15:48:26 2025 Epoch: 16
2025-12-09 15:53:30,340 INFO Final training 16/300, loss: 2.0433, time 303.91s, lr: 0.049858
Accuracy: 0.476
class                  precision    recall   specificity      f1   support
--------------------------------------------------------------------------
0                          0.511     0.516         0.529   0.513       281
1                          0.056     0.100         0.907   0.071        30
2                          0.529     0.475         0.640   0.501       265
*----------------------------------------*
2025-12-09 15:54:37,975 INFO Final validation 16/300, Val_acc: 0.4583, time 67.63sAccuracy: 0.486
class                  precision    recall   specificity      f1   support
--------------------------------------------------------------------------
0                          0.486     1.000         0.000   0.654        70
1                          0.000     0.000         1.000   0.000         8
2                          0.000     0.000         1.000   0.000        66
*========================================*
2025-12-09 15:54:39,303 INFO 0 Tue Dec  9 15:54:39 2025 Epoch: 17
2025-12-09 15:59:42,348 INFO Final training 17/300, loss: 1.8262, time 303.05s, lr: 0.049829
Accuracy: 0.401
class                  precision    recall   specificity      f1   support
--------------------------------------------------------------------------
0                          0.500     0.427         0.593   0.461       281
1                          0.056     0.207         0.814   0.088        29
2                          0.461     0.395         0.603   0.425       266
*----------------------------------------*
2025-12-09 15:59:42,349 INFO 0 Tue Dec  9 15:59:42 2025 Epoch: 18
2025-12-09 16:04:44,470 INFO Final training 18/300, loss: 1.9632, time 302.12s, lr: 0.049796
Accuracy: 0.415
class                  precision    recall   specificity      f1   support
--------------------------------------------------------------------------
0                          0.481     0.413         0.576   0.444       281
1                          0.047     0.133         0.850   0.069        30
2                          0.478     0.449         0.582   0.463       265
*----------------------------------------*
2025-12-09 16:05:52,155 INFO Final validation 18/300, Val_acc: 0.4583, time 67.68sAccuracy: 0.486
class                  precision    recall   specificity      f1   support
--------------------------------------------------------------------------
0                          0.486     1.000         0.000   0.654        70
1                          0.000     0.000         1.000   0.000         8
2                          0.000     0.000         1.000   0.000        66
*========================================*
2025-12-09 16:05:53,684 INFO 0 Tue Dec  9 16:05:53 2025 Epoch: 19
2025-12-09 16:10:54,704 INFO Final training 19/300, loss: 1.4582, time 301.02s, lr: 0.049761
Accuracy: 0.408
class                  precision    recall   specificity      f1   support
--------------------------------------------------------------------------
0                          0.507     0.413         0.617   0.455       281
1                          0.039     0.138         0.821   0.061        29
2                          0.469     0.432         0.581   0.450       266
*----------------------------------------*
2025-12-09 16:10:54,704 INFO 0 Tue Dec  9 16:10:54 2025 Epoch: 20
2025-12-09 16:15:58,400 INFO Final training 20/300, loss: 1.4088, time 303.70s, lr: 0.049723
Accuracy: 0.418
class                  precision    recall   specificity      f1   support
--------------------------------------------------------------------------
0                          0.517     0.423         0.624   0.466       281
1                          0.054     0.200         0.808   0.085        30
2                          0.494     0.438         0.617   0.464       265
*----------------------------------------*
2025-12-09 16:17:06,003 INFO Final validation 20/300, Val_acc: 0.4375, time 67.60sAccuracy: 0.458
class                  precision    recall   specificity      f1   support
--------------------------------------------------------------------------
0                          0.000     0.000         1.000   0.000        70
1                          0.000     0.000         1.000   0.000         8
2                          0.458     1.000         0.000   0.629        66
*========================================*
2025-12-09 16:17:07,524 INFO 0 Tue Dec  9 16:17:07 2025 Epoch: 21
2025-12-09 16:22:16,152 INFO Final training 21/300, loss: 1.4495, time 308.63s, lr: 0.049682
Accuracy: 0.424
class                  precision    recall   specificity      f1   support
--------------------------------------------------------------------------
0                          0.500     0.445         0.576   0.471       281
1                          0.038     0.100         0.863   0.056        30
2                          0.468     0.438         0.576   0.452       265
*----------------------------------------*
2025-12-09 16:22:16,576 INFO 0 Tue Dec  9 16:22:16 2025 Epoch: 22
2025-12-09 16:27:19,527 INFO Final training 22/300, loss: 1.7249, time 302.95s, lr: 0.049638
Accuracy: 0.457
class                  precision    recall   specificity      f1   support
--------------------------------------------------------------------------
0                          0.585     0.427         0.712   0.494       281
1                          0.025     0.100         0.786   0.040        30
2                          0.558     0.528         0.643   0.543       265
*----------------------------------------*
2025-12-09 16:28:27,379 INFO Final validation 22/300, Val_acc: 0.4907, time 67.85sAccuracy: 0.514
class                  precision    recall   specificity      f1   support
--------------------------------------------------------------------------
0                          0.667     0.143         0.932   0.235        70
1                          0.000     0.000         1.000   0.000         8
2                          0.496     0.970         0.167   0.656        66
*========================================*
2025-12-09 16:28:27,379 INFO New best (0.458333 --> 0.490741)
2025-12-09 16:28:30,068 INFO Copying best model to best_model.pt
2025-12-09 16:28:30,912 INFO 0 Tue Dec  9 16:28:30 2025 Epoch: 23
2025-12-09 16:33:38,183 INFO Final training 23/300, loss: 1.8142, time 307.27s, lr: 0.049591
Accuracy: 0.523
class                  precision    recall   specificity      f1   support
--------------------------------------------------------------------------
0                          0.582     0.493         0.666   0.534       280
1                          0.069     0.200         0.852   0.103        30
2                          0.623     0.590         0.694   0.606       266
*----------------------------------------*
2025-12-09 16:33:38,184 INFO 0 Tue Dec  9 16:33:38 2025 Epoch: 24
2025-12-09 16:38:46,486 INFO Final training 24/300, loss: 1.3664, time 308.30s, lr: 0.049542
Accuracy: 0.488
class                  precision    recall   specificity      f1   support
--------------------------------------------------------------------------
0                          0.570     0.468         0.666   0.514       280
1                          0.042     0.133         0.832   0.063        30
2                          0.584     0.549         0.665   0.566       266
*----------------------------------------*
2025-12-09 16:39:54,225 INFO Final validation 24/300, Val_acc: 0.6561, time 67.74sAccuracy: 0.701
class                  precision    recall   specificity      f1   support
--------------------------------------------------------------------------
0                          0.640     0.914         0.514   0.753        70
1                          0.000     0.000         1.000   0.000         8
2                          0.841     0.561         0.910   0.673        66
*========================================*
2025-12-09 16:39:54,225 INFO New best (0.490741 --> 0.656134)
2025-12-09 16:39:57,054 INFO Copying best model to best_model.pt
2025-12-09 16:39:57,913 INFO 0 Tue Dec  9 16:39:57 2025 Epoch: 25
2025-12-09 16:45:00,906 INFO Final training 25/300, loss: 1.6940, time 302.99s, lr: 0.049490
Accuracy: 0.470
class                  precision    recall   specificity      f1   support
--------------------------------------------------------------------------
0                          0.545     0.473         0.624   0.507       281
1                          0.071     0.200         0.857   0.105        30
2                          0.532     0.498         0.627   0.515       265
*----------------------------------------*
2025-12-09 16:45:00,906 INFO 0 Tue Dec  9 16:45:00 2025 Epoch: 26
2025-12-09 16:50:07,454 INFO Final training 26/300, loss: 2.3197, time 306.55s, lr: 0.049435
Accuracy: 0.512
class                  precision    recall   specificity      f1   support
--------------------------------------------------------------------------
0                          0.593     0.498         0.675   0.542       281
1                          0.045     0.133         0.846   0.068        30
2                          0.599     0.570         0.675   0.584       265
*----------------------------------------*
2025-12-09 16:51:15,365 INFO Final validation 26/300, Val_acc: 0.6582, time 67.91sAccuracy: 0.701
class                  precision    recall   specificity      f1   support
--------------------------------------------------------------------------
0                          0.788     0.586         0.851   0.672        70
1                          0.000     0.000         1.000   0.000         8
2                          0.652     0.909         0.590   0.759        66
*========================================*
2025-12-09 16:51:15,365 INFO New best (0.656134 --> 0.658218)
2025-12-09 16:51:18,012 INFO Copying best model to best_model.pt
2025-12-09 16:51:18,864 INFO 0 Tue Dec  9 16:51:18 2025 Epoch: 27
2025-12-09 16:56:21,246 INFO Final training 27/300, loss: 1.5255, time 302.38s, lr: 0.049377
Accuracy: 0.516
class                  precision    recall   specificity      f1   support
--------------------------------------------------------------------------
0                          0.564     0.470         0.654   0.513       281
1                          0.089     0.233         0.868   0.128        30
2                          0.601     0.596         0.662   0.598       265
*----------------------------------------*
2025-12-09 16:56:21,246 INFO 0 Tue Dec  9 16:56:21 2025 Epoch: 28
2025-12-09 17:01:25,364 INFO Final training 28/300, loss: 1.3425, time 304.12s, lr: 0.049317
Accuracy: 0.559
class                  precision    recall   specificity      f1   support
--------------------------------------------------------------------------
0                          0.664     0.536         0.743   0.593       280
1                          0.030     0.100         0.824   0.047        30
2                          0.673     0.635         0.735   0.654       266
*----------------------------------------*
2025-12-09 17:02:32,995 INFO Final validation 28/300, Val_acc: 0.5380, time 67.63sAccuracy: 0.576
class                  precision    recall   specificity      f1   support
--------------------------------------------------------------------------
0                          0.534     1.000         0.176   0.697        70
1                          0.000     0.000         1.000   0.000         8
2                          1.000     0.197         1.000   0.329        66
*========================================*
2025-12-09 17:02:34,510 INFO 0 Tue Dec  9 17:02:34 2025 Epoch: 29
2025-12-09 17:07:41,957 INFO Final training 29/300, loss: 1.4960, time 307.45s, lr: 0.049254
Accuracy: 0.502
class                  precision    recall   specificity      f1   support
--------------------------------------------------------------------------
0                          0.566     0.488         0.644   0.524       281
1                          0.065     0.200         0.841   0.098        30
2                          0.606     0.551         0.695   0.577       265
*----------------------------------------*
2025-12-09 17:07:41,957 INFO 0 Tue Dec  9 17:07:41 2025 Epoch: 30
2025-12-09 17:12:45,364 INFO Final training 30/300, loss: 1.4255, time 303.41s, lr: 0.049188
Accuracy: 0.516
class                  precision    recall   specificity      f1   support
--------------------------------------------------------------------------
0                          0.595     0.445         0.712   0.509       281
1                          0.050     0.167         0.824   0.076        30
2                          0.630     0.630         0.685   0.630       265
*----------------------------------------*
2025-12-09 17:13:52,586 INFO Final validation 30/300, Val_acc: 0.4514, time 67.22sAccuracy: 0.472
class                  precision    recall   specificity      f1   support
--------------------------------------------------------------------------
0                          0.481     0.929         0.054   0.634        70
1                          0.333     0.375         0.956   0.353         8
2                          0.000     0.000         1.000   0.000        66
*========================================*
2025-12-09 17:13:53,925 INFO 0 Tue Dec  9 17:13:53 2025 Epoch: 31
2025-12-09 17:18:59,296 INFO Final training 31/300, loss: 1.4676, time 305.37s, lr: 0.049119
Accuracy: 0.549
class                  precision    recall   specificity      f1   support
--------------------------------------------------------------------------
0                          0.620     0.523         0.695   0.568       281
1                          0.023     0.067         0.844   0.034        30
2                          0.663     0.630         0.727   0.646       265
*----------------------------------------*
2025-12-09 17:18:59,745 INFO 0 Tue Dec  9 17:18:59 2025 Epoch: 32
2025-12-09 17:24:05,907 INFO Final training 32/300, loss: 1.3294, time 306.16s, lr: 0.049048
Accuracy: 0.552
class                  precision    recall   specificity      f1   support
--------------------------------------------------------------------------
0                          0.621     0.475         0.726   0.538       280
1                          0.042     0.133         0.833   0.064        30
2                          0.678     0.680         0.723   0.679       266
*----------------------------------------*
2025-12-09 17:25:13,500 INFO Final validation 32/300, Val_acc: 0.6588, time 67.59sAccuracy: 0.694
class                  precision    recall   specificity      f1   support
--------------------------------------------------------------------------
0                          0.822     0.529         0.892   0.643        70
1                          0.000     0.000         1.000   0.000         8
2                          0.636     0.955         0.538   0.764        66
*========================================*
2025-12-09 17:25:13,500 INFO New best (0.658218 --> 0.658796)
2025-12-09 17:25:16,283 INFO Copying best model to best_model.pt
2025-12-09 17:25:17,143 INFO 0 Tue Dec  9 17:25:17 2025 Epoch: 33
2025-12-09 17:30:19,646 INFO Final training 33/300, loss: 1.5452, time 302.50s, lr: 0.048974
Accuracy: 0.528
class                  precision    recall   specificity      f1   support
--------------------------------------------------------------------------
0                          0.627     0.486         0.726   0.547       280
1                          0.027     0.100         0.804   0.043        30
2                          0.663     0.620         0.729   0.641       266
*----------------------------------------*
2025-12-09 17:30:19,646 INFO 0 Tue Dec  9 17:30:19 2025 Epoch: 34
2025-12-09 17:35:27,169 INFO Final training 34/300, loss: 1.5000, time 307.52s, lr: 0.048897
Accuracy: 0.512
class                  precision    recall   specificity      f1   support
--------------------------------------------------------------------------
0                          0.560     0.496         0.632   0.527       280
1                          0.041     0.100         0.870   0.058        30
2                          0.602     0.575         0.674   0.588       266
*----------------------------------------*
2025-12-09 17:36:34,725 INFO Final validation 34/300, Val_acc: 0.5338, time 67.56sAccuracy: 0.576
class                  precision    recall   specificity      f1   support
--------------------------------------------------------------------------
0                          0.760     0.271         0.919   0.400        70
1                          0.000     0.000         1.000   0.000         8
2                          0.538     0.970         0.295   0.692        66
*========================================*
2025-12-09 17:36:36,086 INFO 0 Tue Dec  9 17:36:36 2025 Epoch: 35
2025-12-09 17:41:45,940 INFO Final training 35/300, loss: 1.2224, time 309.85s, lr: 0.048817
Accuracy: 0.587
class                  precision    recall   specificity      f1   support
--------------------------------------------------------------------------
0                          0.664     0.527         0.746   0.587       281
1                          0.060     0.167         0.855   0.088        30
2                          0.688     0.698         0.730   0.693       265
*----------------------------------------*
2025-12-09 17:41:45,940 INFO 0 Tue Dec  9 17:41:45 2025 Epoch: 36
2025-12-09 17:46:46,984 INFO Final training 36/300, loss: 1.4529, time 301.04s, lr: 0.048735
Accuracy: 0.576
class                  precision    recall   specificity      f1   support
--------------------------------------------------------------------------
0                          0.667     0.536         0.747   0.594       280
1                          0.080     0.233         0.852   0.119        30
2                          0.665     0.658         0.716   0.662       266
*----------------------------------------*
2025-12-09 17:47:54,338 INFO Final validation 36/300, Val_acc: 0.1042, time 67.35sAccuracy: 0.056
class                  precision    recall   specificity      f1   support
--------------------------------------------------------------------------
0                          0.000     0.000         1.000   0.000        70
1                          0.056     1.000         0.000   0.105         8
2                          0.000     0.000         1.000   0.000        66
*========================================*
2025-12-09 17:47:56,325 INFO 0 Tue Dec  9 17:47:56 2025 Epoch: 37
2025-12-09 17:53:06,048 INFO Final training 37/300, loss: 1.7319, time 309.72s, lr: 0.048650
Accuracy: 0.436
class                  precision    recall   specificity      f1   support
--------------------------------------------------------------------------
0                          0.490     0.418         0.588   0.451       280
1                          0.077     0.233         0.846   0.116        30
2                          0.516     0.477         0.616   0.496       266
*----------------------------------------*
2025-12-09 17:53:06,049 INFO 0 Tue Dec  9 17:53:06 2025 Epoch: 38
2025-12-09 17:58:11,745 INFO Final training 38/300, loss: 1.4303, time 305.70s, lr: 0.048562
Accuracy: 0.562
class                  precision    recall   specificity      f1   support
--------------------------------------------------------------------------
0                          0.633     0.473         0.739   0.542       281
1                          0.034     0.100         0.844   0.051        30
2                          0.676     0.709         0.711   0.692       265
*----------------------------------------*
2025-12-09 17:59:20,131 INFO Final validation 38/300, Val_acc: 0.6287, time 68.39sAccuracy: 0.681
class                  precision    recall   specificity      f1   support
--------------------------------------------------------------------------
0                          0.607     0.971         0.405   0.747        70
1                          0.000     0.000         1.000   0.000         8
2                          0.938     0.455         0.974   0.612        66
*========================================*
2025-12-09 17:59:21,504 INFO 0 Tue Dec  9 17:59:21 2025 Epoch: 39
2025-12-09 18:04:25,902 INFO Final training 39/300, loss: 1.3554, time 304.40s, lr: 0.048472
Accuracy: 0.580
class                  precision    recall   specificity      f1   support
--------------------------------------------------------------------------
0                          0.647     0.516         0.732   0.574       281
1                          0.073     0.207         0.861   0.108        29
2                          0.678     0.688         0.719   0.683       266
*----------------------------------------*
2025-12-09 18:04:25,902 INFO 0 Tue Dec  9 18:04:25 2025 Epoch: 40
2025-12-09 18:09:29,371 INFO Final training 40/300, loss: 1.5508, time 303.47s, lr: 0.048379
Accuracy: 0.521
class                  precision    recall   specificity      f1   support
--------------------------------------------------------------------------
0                          0.569     0.471         0.662   0.516       280
1                          0.078     0.233         0.848   0.117        30
2                          0.634     0.605         0.700   0.619       266
*----------------------------------------*
2025-12-09 18:10:37,407 INFO Final validation 40/300, Val_acc: 0.5361, time 68.04sAccuracy: 0.569
class                  precision    recall   specificity      f1   support
--------------------------------------------------------------------------
0                          0.783     0.257         0.932   0.387        70
1                          0.000     0.000         1.000   0.000         8
2                          0.529     0.970         0.269   0.684        66
*========================================*
2025-12-09 18:10:38,768 INFO 0 Tue Dec  9 18:10:38 2025 Epoch: 41
2025-12-09 18:15:41,879 INFO Final training 41/300, loss: 1.2881, time 303.11s, lr: 0.048283
Accuracy: 0.569
class                  precision    recall   specificity      f1   support
--------------------------------------------------------------------------
0                          0.643     0.512         0.729   0.570       281
1                          0.088     0.267         0.848   0.132        30
2                          0.674     0.664         0.727   0.669       265
*----------------------------------------*
2025-12-09 18:15:42,365 INFO 0 Tue Dec  9 18:15:42 2025 Epoch: 42
2025-12-09 18:20:47,675 INFO Final training 42/300, loss: 1.7362, time 305.31s, lr: 0.048185
Accuracy: 0.578
class                  precision    recall   specificity      f1   support
--------------------------------------------------------------------------
0                          0.684     0.579         0.747   0.627       280
1                          0.120     0.333         0.866   0.177        30
2                          0.629     0.605         0.694   0.617       266
*----------------------------------------*
2025-12-09 18:21:56,144 INFO Final validation 42/300, Val_acc: 0.1831, time 68.47sAccuracy: 0.160
class                  precision    recall   specificity      f1   support
--------------------------------------------------------------------------
0                          0.000     0.000         1.000   0.000        70
1                          0.062     1.000         0.110   0.117         8
2                          1.000     0.227         1.000   0.370        66
*========================================*
2025-12-09 18:21:57,528 INFO 0 Tue Dec  9 18:21:57 2025 Epoch: 43
2025-12-09 18:26:56,294 INFO Final training 43/300, loss: 1.6084, time 298.77s, lr: 0.048084
Accuracy: 0.571
class                  precision    recall   specificity      f1   support
--------------------------------------------------------------------------
0                          0.660     0.554         0.730   0.602       280
1                          0.100     0.333         0.835   0.154        30
2                          0.680     0.617         0.752   0.647       266
*----------------------------------------*
2025-12-09 18:26:56,294 INFO 0 Tue Dec  9 18:26:56 2025 Epoch: 44
2025-12-09 18:32:04,684 INFO Final training 44/300, loss: 1.3344, time 308.39s, lr: 0.047981
Accuracy: 0.597
class                  precision    recall   specificity      f1   support
--------------------------------------------------------------------------
0                          0.692     0.546         0.770   0.611       280
1                          0.094     0.267         0.859   0.139        30
2                          0.678     0.688         0.719   0.683       266
*----------------------------------------*
2025-12-09 18:33:12,662 INFO Final validation 44/300, Val_acc: 0.5814, time 67.98sAccuracy: 0.625
class                  precision    recall   specificity      f1   support
--------------------------------------------------------------------------
0                          0.566     0.986         0.284   0.719        70
1                          0.000     0.000         1.000   0.000         8
2                          0.955     0.318         0.987   0.477        66
*========================================*
2025-12-09 18:33:13,999 INFO 0 Tue Dec  9 18:33:13 2025 Epoch: 45
2025-12-09 18:38:16,080 INFO Final training 45/300, loss: 1.2343, time 302.08s, lr: 0.047875
Accuracy: 0.589
class                  precision    recall   specificity      f1   support
--------------------------------------------------------------------------
0                          0.674     0.554         0.747   0.608       280
1                          0.059     0.167         0.853   0.087        30
2                          0.686     0.673         0.735   0.679       266
*----------------------------------------*
2025-12-09 18:38:16,080 INFO 0 Tue Dec  9 18:38:16 2025 Epoch: 46
2025-12-09 18:43:21,127 INFO Final training 46/300, loss: 1.3309, time 305.05s, lr: 0.047766
Accuracy: 0.559
class                  precision    recall   specificity      f1   support
--------------------------------------------------------------------------
0                          0.636     0.500         0.730   0.560       280
1                          0.047     0.133         0.852   0.070        30
2                          0.657     0.669         0.700   0.663       266
*----------------------------------------*
2025-12-09 18:44:28,548 INFO Final validation 46/300, Val_acc: 0.6402, time 67.42sAccuracy: 0.681
class                  precision    recall   specificity      f1   support
--------------------------------------------------------------------------
0                          0.615     0.957         0.432   0.749        70
1                          0.000     0.000         1.000   0.000         8
2                          0.886     0.470         0.949   0.614        66
*========================================*
2025-12-09 18:44:30,088 INFO 0 Tue Dec  9 18:44:30 2025 Epoch: 47
2025-12-09 18:49:30,421 INFO Final training 47/300, loss: 1.0012, time 300.33s, lr: 0.047655
Accuracy: 0.644
class                  precision    recall   specificity      f1   support
--------------------------------------------------------------------------
0                          0.710     0.586         0.774   0.642       280
1                          0.147     0.367         0.883   0.210        30
2                          0.726     0.737         0.761   0.731       266
*----------------------------------------*
2025-12-09 18:49:30,421 INFO 0 Tue Dec  9 18:49:30 2025 Epoch: 48
2025-12-09 18:54:34,824 INFO Final training 48/300, loss: 1.5090, time 304.40s, lr: 0.047541
Accuracy: 0.545
class                  precision    recall   specificity      f1   support
--------------------------------------------------------------------------
0                          0.614     0.509         0.695   0.556       281
1                          0.079     0.233         0.850   0.118        30
2                          0.646     0.619         0.711   0.632       265
*----------------------------------------*
2025-12-09 18:55:41,919 INFO Final validation 48/300, Val_acc: 0.3773, time 67.09sAccuracy: 0.472
class                  precision    recall   specificity      f1   support
--------------------------------------------------------------------------
0                          0.000     0.000         1.000   0.000        70
1                          0.109     0.625         0.699   0.185         8
2                          0.643     0.955         0.551   0.768        66
*========================================*
2025-12-09 18:55:43,471 INFO 0 Tue Dec  9 18:55:43 2025 Epoch: 49
2025-12-09 19:00:45,115 INFO Final training 49/300, loss: 2.0708, time 301.64s, lr: 0.047424
Accuracy: 0.476
class                  precision    recall   specificity      f1   support
--------------------------------------------------------------------------
0                          0.569     0.423         0.695   0.486       281
1                          0.041     0.167         0.784   0.065        30
2                          0.615     0.566         0.698   0.589       265
*----------------------------------------*
2025-12-09 19:00:45,116 INFO 0 Tue Dec  9 19:00:45 2025 Epoch: 50
2025-12-09 19:05:53,649 INFO Final training 50/300, loss: 1.2589, time 308.53s, lr: 0.047305
Accuracy: 0.592
class                  precision    recall   specificity      f1   support
--------------------------------------------------------------------------
0                          0.674     0.518         0.764   0.586       280
1                          0.068     0.200         0.850   0.102        30
2                          0.696     0.714         0.732   0.705       266
*----------------------------------------*
2025-12-09 19:07:00,920 INFO Final validation 50/300, Val_acc: 0.5027, time 67.27sAccuracy: 0.549
class                  precision    recall   specificity      f1   support
--------------------------------------------------------------------------
0                          0.525     0.900         0.230   0.663        70
1                          0.273     0.375         0.941   0.316         8
2                          1.000     0.197         1.000   0.329        66
*========================================*
2025-12-09 19:07:02,279 INFO 0 Tue Dec  9 19:07:02 2025 Epoch: 51
2025-12-09 19:12:05,974 INFO Final training 51/300, loss: 1.3190, time 303.69s, lr: 0.047184
Accuracy: 0.585
class                  precision    recall   specificity      f1   support
--------------------------------------------------------------------------
0                          0.641     0.536         0.716   0.584       280
1                          0.053     0.133         0.868   0.075        30
2                          0.688     0.688         0.732   0.688       266
*----------------------------------------*
2025-12-09 19:12:06,490 INFO 0 Tue Dec  9 19:12:06 2025 Epoch: 52
2025-12-09 19:17:10,736 INFO Final training 52/300, loss: 1.3102, time 304.25s, lr: 0.047060
Accuracy: 0.575
class                  precision    recall   specificity      f1   support
--------------------------------------------------------------------------
0                          0.671     0.537         0.749   0.597       281
1                          0.057     0.200         0.817   0.088        30
2                          0.710     0.657         0.772   0.682       265
*----------------------------------------*
2025-12-09 19:18:18,214 INFO Final validation 52/300, Val_acc: 0.4225, time 67.48sAccuracy: 0.465
class                  precision    recall   specificity      f1   support
--------------------------------------------------------------------------
0                          0.000     0.000         1.000   0.000        70
1                          0.214     0.375         0.919   0.273         8
2                          0.492     0.970         0.154   0.653        66
*========================================*
2025-12-09 19:18:19,554 INFO 0 Tue Dec  9 19:18:19 2025 Epoch: 53
2025-12-09 19:23:25,312 INFO Final training 53/300, loss: 1.1860, time 305.76s, lr: 0.046933
Accuracy: 0.602
class                  precision    recall   specificity      f1   support
--------------------------------------------------------------------------
0                          0.671     0.544         0.746   0.601       281
1                          0.062     0.167         0.861   0.090        30
2                          0.708     0.713         0.749   0.711       265
*----------------------------------------*
2025-12-09 19:23:25,312 INFO 0 Tue Dec  9 19:23:25 2025 Epoch: 54
2025-12-09 19:28:26,600 INFO Final training 54/300, loss: 1.2538, time 301.29s, lr: 0.046804
Accuracy: 0.594
class                  precision    recall   specificity      f1   support
--------------------------------------------------------------------------
0                          0.647     0.504         0.740   0.566       280
1                          0.079     0.233         0.850   0.118        30
2                          0.721     0.729         0.758   0.725       266
*----------------------------------------*
2025-12-09 19:29:33,967 INFO Final validation 54/300, Val_acc: 0.4815, time 67.37sAccuracy: 0.535
class                  precision    recall   specificity      f1   support
--------------------------------------------------------------------------
0                          0.706     0.171         0.932   0.276        70
1                          0.067     0.125         0.897   0.087         8
2                          0.571     0.970         0.385   0.719        66
*========================================*
2025-12-09 19:29:35,376 INFO 0 Tue Dec  9 19:29:35 2025 Epoch: 55
2025-12-09 19:34:41,855 INFO Final training 55/300, loss: 1.4729, time 306.48s, lr: 0.046673
Accuracy: 0.556
class                  precision    recall   specificity      f1   support
--------------------------------------------------------------------------
0                          0.585     0.541         0.634   0.562       281
1                          0.113     0.233         0.899   0.152        30
2                          0.634     0.608         0.701   0.620       265
*----------------------------------------*
2025-12-09 19:34:41,856 INFO 0 Tue Dec  9 19:34:41 2025 Epoch: 56
2025-12-09 19:39:47,875 INFO Final training 56/300, loss: 1.1543, time 306.02s, lr: 0.046539
Accuracy: 0.566
class                  precision    recall   specificity      f1   support
--------------------------------------------------------------------------
0                          0.622     0.498         0.712   0.553       281
1                          0.093     0.267         0.857   0.138        30
2                          0.672     0.672         0.720   0.672       265
*----------------------------------------*
2025-12-09 19:40:55,581 INFO Final validation 56/300, Val_acc: 0.3685, time 67.71sAccuracy: 0.493
class                  precision    recall   specificity      f1   support
--------------------------------------------------------------------------
0                          0.533     0.229         0.811   0.320        70
1                          0.104     0.625         0.684   0.179         8
2                          0.758     0.758         0.795   0.758        66
*========================================*
2025-12-09 19:40:56,939 INFO 0 Tue Dec  9 19:40:56 2025 Epoch: 57
2025-12-09 19:46:00,957 INFO Final training 57/300, loss: 1.1885, time 304.02s, lr: 0.046402
Accuracy: 0.592
class                  precision    recall   specificity      f1   support
--------------------------------------------------------------------------
0                          0.660     0.500         0.757   0.569       280
1                          0.093     0.300         0.839   0.142        30
2                          0.719     0.722         0.758   0.720       266
*----------------------------------------*
2025-12-09 19:46:00,957 INFO 0 Tue Dec  9 19:46:00 2025 Epoch: 58
2025-12-09 19:51:08,328 INFO Final training 58/300, loss: 1.9543, time 307.37s, lr: 0.046264
Accuracy: 0.465
class                  precision    recall   specificity      f1   support
--------------------------------------------------------------------------
0                          0.561     0.493         0.635   0.525       280
1                          0.062     0.233         0.806   0.098        30
2                          0.567     0.462         0.697   0.509       266
*----------------------------------------*
2025-12-09 19:52:15,800 INFO Final validation 58/300, Val_acc: 0.4583, time 67.47sAccuracy: 0.486
class                  precision    recall   specificity      f1   support
--------------------------------------------------------------------------
0                          0.486     1.000         0.000   0.654        70
1                          0.000     0.000         1.000   0.000         8
2                          0.000     0.000         1.000   0.000        66
*========================================*
2025-12-09 19:52:17,149 INFO 0 Tue Dec  9 19:52:17 2025 Epoch: 59
2025-12-09 19:57:25,263 INFO Final training 59/300, loss: 1.2454, time 308.11s, lr: 0.046122
Accuracy: 0.439
class                  precision    recall   specificity      f1   support
--------------------------------------------------------------------------
0                          0.507     0.411         0.622   0.454       280
1                          0.054     0.167         0.841   0.082        30
2                          0.518     0.500         0.600   0.509       266
*----------------------------------------*
2025-12-09 19:57:25,263 INFO 0 Tue Dec  9 19:57:25 2025 Epoch: 60
2025-12-09 20:02:26,925 INFO Final training 60/300, loss: 1.1959, time 301.66s, lr: 0.045979
Accuracy: 0.512
class                  precision    recall   specificity      f1   support
--------------------------------------------------------------------------
0                          0.579     0.480         0.668   0.525       281
1                          0.048     0.100         0.892   0.065        30
2                          0.559     0.592         0.601   0.575       265
*----------------------------------------*
2025-12-09 20:03:34,608 INFO Final validation 60/300, Val_acc: 0.6088, time 67.68sAccuracy: 0.639
class                  precision    recall   specificity      f1   support
--------------------------------------------------------------------------
0                          0.775     0.443         0.878   0.564        70
1                          0.000     0.000         1.000   0.000         8
2                          0.587     0.924         0.449   0.718        66
*========================================*
2025-12-09 20:03:36,002 INFO 0 Tue Dec  9 20:03:35 2025 Epoch: 61
2025-12-09 20:08:40,178 INFO Final training 61/300, loss: 1.0145, time 304.18s, lr: 0.045833
Accuracy: 0.589
class                  precision    recall   specificity      f1   support
--------------------------------------------------------------------------
0                          0.668     0.482         0.774   0.560       280
1                          0.019     0.033         0.907   0.024        30
2                          0.630     0.763         0.616   0.690       266
*----------------------------------------*
2025-12-09 20:08:40,671 INFO 0 Tue Dec  9 20:08:40 2025 Epoch: 62
2025-12-09 20:13:45,612 INFO Final training 62/300, loss: 1.2377, time 304.94s, lr: 0.045684
Accuracy: 0.474
class                  precision    recall   specificity      f1   support
--------------------------------------------------------------------------
0                          0.512     0.468         0.578   0.489       280
1                          0.083     0.167         0.899   0.111        30
2                          0.527     0.515         0.603   0.521       266
*----------------------------------------*
2025-12-09 20:14:53,158 INFO Final validation 62/300, Val_acc: 0.4583, time 67.55sAccuracy: 0.486
class                  precision    recall   specificity      f1   support
--------------------------------------------------------------------------
0                          0.486     1.000         0.000   0.654        70
1                          0.000     0.000         1.000   0.000         8
2                          0.000     0.000         1.000   0.000        66
*========================================*
2025-12-09 20:14:54,511 INFO 0 Tue Dec  9 20:14:54 2025 Epoch: 63
2025-12-09 20:19:57,012 INFO Final training 63/300, loss: 1.4518, time 302.50s, lr: 0.045534
Accuracy: 0.514
class                  precision    recall   specificity      f1   support
--------------------------------------------------------------------------
0                          0.591     0.511         0.666   0.548       280
1                          0.046     0.133         0.848   0.068        30
2                          0.603     0.560         0.684   0.581       266
*----------------------------------------*
2025-12-09 20:19:57,012 INFO 0 Tue Dec  9 20:19:57 2025 Epoch: 64
2025-12-09 20:25:03,164 INFO Final training 64/300, loss: 1.0383, time 306.15s, lr: 0.045381
Accuracy: 0.590
class                  precision    recall   specificity      f1   support
--------------------------------------------------------------------------
0                          0.636     0.509         0.722   0.565       281
1                          0.058     0.100         0.910   0.073        30
2                          0.649     0.732         0.662   0.688       265
*----------------------------------------*
2025-12-09 20:26:10,927 INFO Final validation 64/300, Val_acc: 0.6554, time 67.76sAccuracy: 0.701
class                  precision    recall   specificity      f1   support
--------------------------------------------------------------------------
0                          0.768     0.614         0.824   0.683        70
1                          0.000     0.000         1.000   0.000         8
2                          0.659     0.879         0.615   0.753        66
*========================================*
2025-12-09 20:26:12,316 INFO 0 Tue Dec  9 20:26:12 2025 Epoch: 65
2025-12-09 20:31:18,116 INFO Final training 65/300, loss: 1.0933, time 305.80s, lr: 0.045225
Accuracy: 0.632
class                  precision    recall   specificity      f1   support
--------------------------------------------------------------------------
0                          0.626     0.675         0.618   0.649       280
1                          0.188     0.100         0.976   0.130        30
2                          0.667     0.647         0.723   0.656       266
*----------------------------------------*
2025-12-09 20:31:18,117 INFO 0 Tue Dec  9 20:31:18 2025 Epoch: 66
2025-12-09 20:36:19,526 INFO Final training 66/300, loss: 1.3997, time 301.41s, lr: 0.045068
Accuracy: 0.418
class                  precision    recall   specificity      f1   support
--------------------------------------------------------------------------
0                          0.455     0.452         0.485   0.454       281
1                          0.021     0.033         0.916   0.026        30
2                          0.452     0.426         0.559   0.439       265
*----------------------------------------*
2025-12-09 20:37:26,552 INFO Final validation 66/300, Val_acc: 0.4826, time 67.03sAccuracy: 0.500
class                  precision    recall   specificity      f1   support
--------------------------------------------------------------------------
0                          0.636     0.100         0.946   0.173        70
1                          0.000     0.000         1.000   0.000         8
2                          0.489     0.985         0.128   0.653        66
*========================================*
2025-12-09 20:37:27,893 INFO 0 Tue Dec  9 20:37:27 2025 Epoch: 67
2025-12-09 20:42:35,611 INFO Final training 67/300, loss: 1.3643, time 307.72s, lr: 0.044908
Accuracy: 0.398
class                  precision    recall   specificity      f1   support
--------------------------------------------------------------------------
0                          0.482     0.386         0.608   0.429       280
1                          0.011     0.033         0.830   0.016        30
2                          0.465     0.451         0.555   0.458       266
*----------------------------------------*
2025-12-09 20:42:35,611 INFO 0 Tue Dec  9 20:42:35 2025 Epoch: 68
2025-12-09 20:47:45,868 INFO Final training 68/300, loss: 1.6741, time 310.26s, lr: 0.044746
Accuracy: 0.458
class                  precision    recall   specificity      f1   support
--------------------------------------------------------------------------
0                          0.548     0.427         0.664   0.480       281
1                          0.011     0.033         0.842   0.017        30
2                          0.530     0.540         0.592   0.535       265
*----------------------------------------*
2025-12-09 20:48:53,926 INFO Final validation 68/300, Val_acc: 0.1042, time 68.06sAccuracy: 0.056
class                  precision    recall   specificity      f1   support
--------------------------------------------------------------------------
0                          0.000     0.000         1.000   0.000        70
1                          0.056     1.000         0.000   0.105         8
2                          0.000     0.000         1.000   0.000        66
*========================================*
2025-12-09 20:48:55,275 INFO 0 Tue Dec  9 20:48:55 2025 Epoch: 69
2025-12-09 20:53:57,179 INFO Final training 69/300, loss: 1.7130, time 301.90s, lr: 0.044581
Accuracy: 0.438
class                  precision    recall   specificity      f1   support
--------------------------------------------------------------------------
0                          0.504     0.452         0.576   0.477       281
1                          0.057     0.167         0.848   0.085        30
2                          0.508     0.453         0.627   0.479       265
*----------------------------------------*
2025-12-09 20:53:57,179 INFO 0 Tue Dec  9 20:53:57 2025 Epoch: 70
2025-12-09 20:58:59,927 INFO Final training 70/300, loss: 1.4049, time 302.75s, lr: 0.044415
Accuracy: 0.530
class                  precision    recall   specificity      f1   support
--------------------------------------------------------------------------
0                          0.657     0.493         0.757   0.563       280
1                          0.060     0.200         0.828   0.092        30
2                          0.605     0.605         0.661   0.605       266
*----------------------------------------*
2025-12-09 21:00:08,033 INFO Final validation 70/300, Val_acc: 0.0991, time 68.11sAccuracy: 0.083
class                  precision    recall   specificity      f1   support
--------------------------------------------------------------------------
0                          0.122     0.071         0.514   0.090        70
1                          0.068     0.875         0.294   0.126         8
2                          0.000     0.000         1.000   0.000        66
*========================================*
2025-12-09 21:00:09,387 INFO 0 Tue Dec  9 21:00:09 2025 Epoch: 71
2025-12-09 21:05:12,108 INFO Final training 71/300, loss: 1.7184, time 302.72s, lr: 0.044246
Accuracy: 0.458
class                  precision    recall   specificity      f1   support
--------------------------------------------------------------------------
0                          0.548     0.445         0.651   0.491       281
1                          0.057     0.233         0.789   0.092        30
2                          0.584     0.498         0.698   0.538       265
*----------------------------------------*
2025-12-09 21:05:12,918 INFO 0 Tue Dec  9 21:05:12 2025 Epoch: 72
2025-12-09 21:10:08,419 INFO Final training 72/300, loss: 1.3222, time 295.50s, lr: 0.044075
Accuracy: 0.545
class                  precision    recall   specificity      f1   support
--------------------------------------------------------------------------
0                          0.640     0.457         0.757   0.533       280
1                          0.047     0.167         0.815   0.074        30
2                          0.670     0.680         0.713   0.675       266
*----------------------------------------*
2025-12-09 21:11:16,191 INFO Final validation 72/300, Val_acc: 0.4583, time 67.77sAccuracy: 0.486
class                  precision    recall   specificity      f1   support
--------------------------------------------------------------------------
0                          0.486     1.000         0.000   0.654        70
1                          0.000     0.000         1.000   0.000         8
2                          0.000     0.000         1.000   0.000        66
*========================================*
2025-12-09 21:11:17,590 INFO 0 Tue Dec  9 21:11:17 2025 Epoch: 73
2025-12-09 21:16:20,019 INFO Final training 73/300, loss: 1.2061, time 302.43s, lr: 0.043902
Accuracy: 0.578
class                  precision    recall   specificity      f1   support
--------------------------------------------------------------------------
0                          0.650     0.525         0.733   0.581       280
1                          0.067     0.200         0.848   0.101        30
2                          0.690     0.677         0.739   0.683       266
*----------------------------------------*
2025-12-09 21:16:20,019 INFO 0 Tue Dec  9 21:16:20 2025 Epoch: 74
2025-12-09 21:21:21,565 INFO Final training 74/300, loss: 1.3038, time 301.55s, lr: 0.043726
Accuracy: 0.564
class                  precision    recall   specificity      f1   support
--------------------------------------------------------------------------
0                          0.643     0.521         0.726   0.576       280
1                          0.048     0.133         0.853   0.070        30
2                          0.660     0.658         0.710   0.659       266
*----------------------------------------*
2025-12-09 21:22:29,016 INFO Final validation 74/300, Val_acc: 0.6571, time 67.45sAccuracy: 0.694
class                  precision    recall   specificity      f1   support
--------------------------------------------------------------------------
0                          0.741     0.614         0.797   0.672        70
1                          0.000     0.000         1.000   0.000         8
2                          0.663     0.864         0.628   0.750        66
*========================================*
2025-12-09 21:22:30,416 INFO 0 Tue Dec  9 21:22:30 2025 Epoch: 75
2025-12-09 21:27:34,052 INFO Final training 75/300, loss: 1.2148, time 303.64s, lr: 0.043549
Accuracy: 0.559
class                  precision    recall   specificity      f1   support
--------------------------------------------------------------------------
0                          0.615     0.514         0.696   0.560       280
1                          0.014     0.033         0.870   0.020        30
2                          0.656     0.665         0.700   0.660       266
*----------------------------------------*
2025-12-09 21:27:34,053 INFO 0 Tue Dec  9 21:27:34 2025 Epoch: 76
2025-12-09 21:32:35,200 INFO Final training 76/300, loss: 1.3139, time 301.15s, lr: 0.043369
Accuracy: 0.569
class                  precision    recall   specificity      f1   support
--------------------------------------------------------------------------
0                          0.643     0.521         0.726   0.576       280
1                          0.067     0.200         0.846   0.100        30
2                          0.680     0.662         0.732   0.670       266
*----------------------------------------*
2025-12-09 21:33:42,620 INFO Final validation 76/300, Val_acc: 0.3507, time 67.42sAccuracy: 0.431
class                  precision    recall   specificity      f1   support
--------------------------------------------------------------------------
0                          0.000     0.000         1.000   0.000        70
1                          0.095     0.750         0.581   0.169         8
2                          0.691     0.848         0.679   0.762        66
*========================================*
2025-12-09 21:33:44,004 INFO 0 Tue Dec  9 21:33:44 2025 Epoch: 77
2025-12-09 21:38:49,815 INFO Final training 77/300, loss: 1.2134, time 305.81s, lr: 0.043188
Accuracy: 0.533
class                  precision    recall   specificity      f1   support
--------------------------------------------------------------------------
0                          0.560     0.468         0.652   0.510       280
1                          0.077     0.233         0.846   0.116        30
2                          0.673     0.635         0.735   0.654       266
*----------------------------------------*
2025-12-09 21:38:49,815 INFO 0 Tue Dec  9 21:38:49 2025 Epoch: 78
2025-12-09 21:43:55,199 INFO Final training 78/300, loss: 1.5326, time 305.38s, lr: 0.043004
Accuracy: 0.559
class                  precision    recall   specificity      f1   support
--------------------------------------------------------------------------
0                          0.695     0.489         0.797   0.574       280
1                          0.069     0.267         0.802   0.110        30
2                          0.673     0.665         0.723   0.669       266
*----------------------------------------*
2025-12-09 21:45:02,691 INFO Final validation 78/300, Val_acc: 0.5981, time 67.49sAccuracy: 0.646
class                  precision    recall   specificity      f1   support
--------------------------------------------------------------------------
0                          0.580     0.986         0.324   0.730        70
1                          0.000     0.000         1.000   0.000         8
2                          0.960     0.364         0.987   0.527        66
*========================================*
2025-12-09 21:45:04,008 INFO 0 Tue Dec  9 21:45:04 2025 Epoch: 79
2025-12-09 21:50:07,488 INFO Final training 79/300, loss: 1.7227, time 303.48s, lr: 0.042818
Accuracy: 0.521
class                  precision    recall   specificity      f1   support
--------------------------------------------------------------------------
0                          0.567     0.486         0.649   0.523       280
1                          0.054     0.133         0.872   0.077        30
2                          0.611     0.602         0.671   0.606       266
*----------------------------------------*
2025-12-09 21:50:07,489 INFO 0 Tue Dec  9 21:50:07 2025 Epoch: 80
2025-12-09 21:55:13,651 INFO Final training 80/300, loss: 1.4869, time 306.16s, lr: 0.042631
Accuracy: 0.609
class                  precision    recall   specificity      f1   support
--------------------------------------------------------------------------
0                          0.718     0.546         0.797   0.621       280
1                          0.078     0.267         0.826   0.120        30
2                          0.731     0.714         0.774   0.722       266
*----------------------------------------*
2025-12-09 21:56:20,952 INFO Final validation 80/300, Val_acc: 0.4067, time 67.30sAccuracy: 0.500
class                  precision    recall   specificity      f1   support
--------------------------------------------------------------------------
0                          0.500     0.729         0.311   0.593        70
1                          0.160     0.500         0.846   0.242         8
2                          1.000     0.258         1.000   0.410        66
*========================================*
2025-12-09 21:56:22,358 INFO 0 Tue Dec  9 21:56:22 2025 Epoch: 81
2025-12-09 22:01:26,488 INFO Final training 81/300, loss: 1.2092, time 304.13s, lr: 0.042441
Accuracy: 0.566
class                  precision    recall   specificity      f1   support
--------------------------------------------------------------------------
0                          0.623     0.543         0.689   0.580       280
1                          0.085     0.233         0.863   0.125        30
2                          0.668     0.628         0.732   0.647       266
*----------------------------------------*
2025-12-09 22:01:26,930 INFO 0 Tue Dec  9 22:01:26 2025 Epoch: 82
2025-12-09 22:06:38,142 INFO Final training 82/300, loss: 1.1830, time 311.21s, lr: 0.042249
Accuracy: 0.580
class                  precision    recall   specificity      f1   support
--------------------------------------------------------------------------
0                          0.670     0.512         0.759   0.581       281
1                          0.103     0.333         0.841   0.157        30
2                          0.682     0.679         0.730   0.681       265
*----------------------------------------*
2025-12-09 22:07:45,851 INFO Final validation 82/300, Val_acc: 0.6536, time 67.71sAccuracy: 0.694
class                  precision    recall   specificity      f1   support
--------------------------------------------------------------------------
0                          0.750     0.600         0.811   0.667        70
1                          0.000     0.000         1.000   0.000         8
2                          0.659     0.879         0.615   0.753        66
*========================================*
2025-12-09 22:07:47,868 INFO 0 Tue Dec  9 22:07:47 2025 Epoch: 83
2025-12-09 22:12:53,052 INFO Final training 83/300, loss: 1.2203, time 305.18s, lr: 0.042055
Accuracy: 0.559
class                  precision    recall   specificity      f1   support
--------------------------------------------------------------------------
0                          0.596     0.520         0.664   0.555       281
1                          0.070     0.167         0.879   0.099        30
2                          0.658     0.645         0.714   0.651       265
*----------------------------------------*
2025-12-09 22:12:53,052 INFO 0 Tue Dec  9 22:12:53 2025 Epoch: 84
2025-12-09 22:18:03,033 INFO Final training 84/300, loss: 1.2127, time 309.98s, lr: 0.041860
Accuracy: 0.568
class                  precision    recall   specificity      f1   support
--------------------------------------------------------------------------
0                          0.634     0.530         0.708   0.578       281
1                          0.091     0.267         0.853   0.136        30
2                          0.672     0.642         0.733   0.656       265
*----------------------------------------*
2025-12-09 22:19:10,259 INFO Final validation 84/300, Val_acc: 0.3600, time 67.23sAccuracy: 0.458
class                  precision    recall   specificity      f1   support
--------------------------------------------------------------------------
0                          0.000     0.000         1.000   0.000        70
1                          0.100     0.625         0.669   0.172         8
2                          0.649     0.924         0.577   0.763        66
*========================================*
2025-12-09 22:19:11,588 INFO 0 Tue Dec  9 22:19:11 2025 Epoch: 85
2025-12-09 22:24:10,155 INFO Final training 85/300, loss: 1.4130, time 298.57s, lr: 0.041662
Accuracy: 0.538
class                  precision    recall   specificity      f1   support
--------------------------------------------------------------------------
0                          0.619     0.473         0.722   0.536       281
1                          0.043     0.133         0.839   0.066        30
2                          0.643     0.653         0.691   0.648       265
*----------------------------------------*
2025-12-09 22:24:10,156 INFO 0 Tue Dec  9 22:24:10 2025 Epoch: 86
2025-12-09 22:29:14,049 INFO Final training 86/300, loss: 1.1230, time 303.89s, lr: 0.041463
Accuracy: 0.578
class                  precision    recall   specificity      f1   support
--------------------------------------------------------------------------
0                          0.638     0.534         0.712   0.581       281
1                          0.098     0.267         0.864   0.143        30
2                          0.676     0.660         0.730   0.668       265
*----------------------------------------*
2025-12-09 22:30:21,148 INFO Final validation 86/300, Val_acc: 0.5779, time 67.10sAccuracy: 0.618
class                  precision    recall   specificity      f1   support
--------------------------------------------------------------------------
0                          0.560     1.000         0.257   0.718        70
1                          0.000     0.000         1.000   0.000         8
2                          1.000     0.288         1.000   0.447        66
*========================================*
2025-12-09 22:30:22,518 INFO 0 Tue Dec  9 22:30:22 2025 Epoch: 87
2025-12-09 22:35:29,822 INFO Final training 87/300, loss: 1.2342, time 307.30s, lr: 0.041261
Accuracy: 0.575
class                  precision    recall   specificity      f1   support
--------------------------------------------------------------------------
0                          0.640     0.507         0.730   0.566       280
1                          0.062     0.167         0.861   0.090        30
2                          0.674     0.692         0.713   0.683       266
*----------------------------------------*
2025-12-09 22:35:29,822 INFO 0 Tue Dec  9 22:35:29 2025 Epoch: 88
2025-12-09 22:40:33,991 INFO Final training 88/300, loss: 1.2424, time 304.17s, lr: 0.041058
Accuracy: 0.618
class                  precision    recall   specificity      f1   support
--------------------------------------------------------------------------
0                          0.677     0.554         0.750   0.609       280
1                          0.113     0.300         0.870   0.164        30
2                          0.719     0.722         0.758   0.720       266
*----------------------------------------*
2025-12-09 22:41:41,459 INFO Final validation 88/300, Val_acc: 0.1947, time 67.47sAccuracy: 0.181
class                  precision    recall   specificity      f1   support
--------------------------------------------------------------------------
0                          0.000     0.000         1.000   0.000        70
1                          0.063     1.000         0.132   0.119         8
2                          1.000     0.273         1.000   0.429        66
*========================================*
2025-12-09 22:41:42,800 INFO 0 Tue Dec  9 22:41:42 2025 Epoch: 89
2025-12-09 22:46:45,807 INFO Final training 89/300, loss: 1.3308, time 303.01s, lr: 0.040853
Accuracy: 0.595
class                  precision    recall   specificity      f1   support
--------------------------------------------------------------------------
0                          0.692     0.512         0.783   0.589       281
1                          0.117     0.367         0.848   0.177        30
2                          0.686     0.709         0.723   0.698       265
*----------------------------------------*
2025-12-09 22:46:45,808 INFO 0 Tue Dec  9 22:46:45 2025 Epoch: 90
2025-12-09 22:51:44,630 INFO Final training 90/300, loss: 1.5025, time 298.82s, lr: 0.040647
Accuracy: 0.561
class                  precision    recall   specificity      f1   support
--------------------------------------------------------------------------
0                          0.616     0.548         0.675   0.580       281
1                          0.024     0.067         0.850   0.035        30
2                          0.690     0.630         0.759   0.659       265
*----------------------------------------*
2025-12-09 22:52:51,823 INFO Final validation 90/300, Val_acc: 0.5598, time 67.19sAccuracy: 0.597
class                  precision    recall   specificity      f1   support
--------------------------------------------------------------------------
0                          0.786     0.314         0.919   0.449        70
1                          0.000     0.000         1.000   0.000         8
2                          0.552     0.970         0.333   0.703        66
*========================================*
2025-12-09 22:52:53,195 INFO 0 Tue Dec  9 22:52:53 2025 Epoch: 91
2025-12-09 22:58:04,966 INFO Final training 91/300, loss: 1.3439, time 311.77s, lr: 0.040438
Accuracy: 0.573
class                  precision    recall   specificity      f1   support
--------------------------------------------------------------------------
0                          0.641     0.477         0.746   0.547       281
1                          0.094     0.300         0.841   0.143        30
2                          0.690     0.706         0.730   0.698       265
*----------------------------------------*
2025-12-09 22:58:05,407 INFO 0 Tue Dec  9 22:58:05 2025 Epoch: 92
2025-12-09 23:03:10,554 INFO Final training 92/300, loss: 1.1045, time 305.15s, lr: 0.040228
Accuracy: 0.606
class                  precision    recall   specificity      f1   support
--------------------------------------------------------------------------
0                          0.664     0.562         0.729   0.609       281
1                          0.038     0.100         0.863   0.056        30
2                          0.723     0.709         0.768   0.716       265
*----------------------------------------*
