/var/lib/oar/.batch_job_bashrc: line 5: /home/mraffael/.bashrc: No such file or directory
/var/lib/oar/.batch_job_bashrc: line 5: /home/mraffael/.bashrc: No such file or directory
2025-10-13 11:16:32,903 INFO Log directory: outputs/OrganoidsINRIA/train/2025-10-13-11-16
2025-10-13 11:16:32,905 INFO {'RandFlipd_prob': 0.2,
 'RandRotate90d_prob': 0.2,
 'RandScaleIntensityd_prob': 0.1,
 'RandShiftIntensityd_prob': 0.1,
 'amp': True,
 'batch_size': 1,
 'cache_dataset': False,
 'checkpoint': None,
 'data_dir': '/home/mraffael/martone_project/Organoids_Dataset/',
 'dataset_name': 'OrganoidsINRIA',
 'debug': False,
 'debug_train_samples': 3,
 'debug_val_samples': 3,
 'dist_backend': 'nccl',
 'dist_url': 'tcp://127.0.0.1:23456',
 'distributed': False,
 'dropout_path_rate': 0.0,
 'dropout_rate': 0.0,
 'early_stopping': True,
 'exact_class': True,
 'feature_size': 48,
 'fold': 0,
 'folds': False,
 'gpu': 0,
 'ignore_label': 3,
 'in_channels': 1,
 'infer_overlap': 0.5,
 'k_folds': 5,
 'logdir': 'training',
 'logs_dir': 'logs/',
 'loss_weight': 0.5,
 'lrschedule': 'warmup_cosine',
 'max_epochs': 100,
 'min_delta_loss': 0.01,
 'min_delta_val': 0.02,
 'model_name': 'swinunetr',
 'momentum': 0.99,
 'noamp': False,
 'norm_name': 'instance',
 'optim_lr': 0.0004,
 'optim_name': 'adamw',
 'out_channels': 1,
 'output_dir': 'outputs/',
 'patience_loss': 30,
 'patience_val': 10,
 'pretrained_dir': './pretrained_models/fold1_f48_ep300_4gpu_dice0_9059/',
 'pretrained_model_name': 'model_swinvit.pt',
 'rank': 0,
 'reg_weight': 5e-05,
 'resume_ckpt': False,
 'roi_x': 128,
 'roi_y': 128,
 'roi_z': 128,
 'save_checkpoint': False,
 'seed': 304,
 'spatial_dims': 3,
 'split_method': 'balanced',
 'sw_batch_size': 1,
 'telegram_log': True,
 'test_mode': False,
 'token': './token/tlg_token.txt',
 'use_checkpoint': False,
 'val_every': 5,
 'warmup_epochs': 3,
 'workers': 8,
 'world_size': 1}
2025-10-13 11:16:32,905 INFO 
2025-10-13 11:16:33,828 INFO Total parameters count: 62186659
2025-10-13 11:16:33,914 INFO 
2025-10-13 11:16:33,914 INFO Dataset INFO:
2025-10-13 11:16:33,914 INFO Dataset length is: 423
2025-10-13 11:16:33,914 INFO Class 0: 137
2025-10-13 11:16:33,914 INFO Class 1: 43
2025-10-13 11:16:33,914 INFO Class 2: 243
2025-10-13 11:16:33,919 INFO Train class 0: 34 (33.3%)
2025-10-13 11:16:33,919 INFO Train class 1: 34 (33.3%)
2025-10-13 11:16:33,919 INFO Train class 2: 34 (33.3%)
2025-10-13 11:16:33,919 INFO Val class 0: 9 (33.3%)
2025-10-13 11:16:33,919 INFO Val class 1: 9 (33.3%)
2025-10-13 11:16:33,919 INFO Val class 2: 9 (33.3%)
2025-10-13 11:16:33,919 INFO **************************************************
2025-10-13 11:16:33,919 INFO 
2025-10-13 11:16:33,925 INFO Class weights: [ 1.000  1.000  1.000]
2025-10-13 11:16:33,928 INFO 
2025-10-13 11:16:33,928 INFO Starting training...
2025-10-13 11:16:33,928 INFO 0 Mon Oct 13 11:16:33 2025 Epoch: 0
/home/mraffael/martone_project/Organoid-Image-Classification-Using-Deep-Learning/models/SwinUNETR/BRATS21/swin_unetr_env/lib/python3.9/site-packages/torch/_dynamo/eval_frame.py:929: UserWarning: torch.utils.checkpoint: the use_reentrant parameter should be passed explicitly. In version 2.5 we will raise an exception if use_reentrant is not passed. use_reentrant=False is recommended, but if you need to preserve the current default behavior, you can pass use_reentrant=True. Refer to docs for more details on the differences between the two variants.
  return fn(*args, **kwargs)
/home/mraffael/martone_project/Organoid-Image-Classification-Using-Deep-Learning/models/SwinUNETR/BRATS21/swin_unetr_env/lib/python3.9/site-packages/torch/utils/checkpoint.py:85: UserWarning: None of the inputs have requires_grad=True. Gradients will be None
  warnings.warn(
2025-10-13 11:20:55,584 INFO Final training  0/99loss: 1.1190time 261.66slr: 0.000000
2025-10-13 11:20:56,060 INFO --------------------------------------------------
2025-10-13 11:20:56,060 INFO 
2025-10-13 11:20:56,061 INFO 0 Mon Oct 13 11:20:56 2025 Epoch: 1
2025-10-13 11:25:12,780 INFO Final training  1/99loss: 1.1225time 256.72slr: 0.000200
2025-10-13 11:25:12,781 INFO --------------------------------------------------
2025-10-13 11:25:12,781 INFO 
2025-10-13 11:25:12,781 INFO 0 Mon Oct 13 11:25:12 2025 Epoch: 2
2025-10-13 11:29:29,198 INFO Final training  2/99loss: 1.1543time 256.42slr: 0.000400
2025-10-13 11:29:29,199 INFO --------------------------------------------------
2025-10-13 11:29:29,199 INFO 
2025-10-13 11:29:29,199 INFO 0 Mon Oct 13 11:29:29 2025 Epoch: 3
2025-10-13 11:33:45,829 INFO Final training  3/99loss: 1.1800time 256.63slr: 0.000400
2025-10-13 11:33:45,830 INFO --------------------------------------------------
2025-10-13 11:33:45,830 INFO 
2025-10-13 11:33:45,830 INFO 0 Mon Oct 13 11:33:45 2025 Epoch: 4
2025-10-13 11:38:02,378 INFO Final training  4/99loss: 1.1754time 256.55slr: 0.000400
2025-10-13 11:38:02,379 INFO --------------------------------------------------
2025-10-13 11:38:02,379 INFO 
2025-10-13 11:39:09,802 INFO Final validation stats 4/99, Val_acc: 0.333333, time 67.42s
2025-10-13 11:39:10,208 INFO new best (0.000000 --> 0.333333). 
2025-10-13 11:39:10,209 INFO --------------------------------------------------
2025-10-13 11:39:10,209 INFO 
2025-10-13 11:39:10,209 INFO 0 Mon Oct 13 11:39:10 2025 Epoch: 5
2025-10-13 11:43:26,582 INFO Final training  5/99loss: 1.1908time 256.37slr: 0.000400
2025-10-13 11:43:26,582 INFO --------------------------------------------------
2025-10-13 11:43:26,582 INFO 
2025-10-13 11:43:26,583 INFO 0 Mon Oct 13 11:43:26 2025 Epoch: 6
2025-10-13 11:47:43,014 INFO Final training  6/99loss: 1.1705time 256.43slr: 0.000399
2025-10-13 11:47:43,015 INFO --------------------------------------------------
2025-10-13 11:47:43,015 INFO 
2025-10-13 11:47:43,015 INFO 0 Mon Oct 13 11:47:43 2025 Epoch: 7
2025-10-13 11:51:59,667 INFO Final training  7/99loss: 1.1405time 256.65slr: 0.000398
2025-10-13 11:51:59,667 INFO --------------------------------------------------
2025-10-13 11:51:59,667 INFO 
2025-10-13 11:51:59,668 INFO 0 Mon Oct 13 11:51:59 2025 Epoch: 8
2025-10-13 11:56:16,090 INFO Final training  8/99loss: 1.1921time 256.42slr: 0.000397
2025-10-13 11:56:16,091 INFO --------------------------------------------------
2025-10-13 11:56:16,091 INFO 
2025-10-13 11:56:16,092 INFO 0 Mon Oct 13 11:56:16 2025 Epoch: 9
2025-10-13 12:00:32,798 INFO Final training  9/99loss: 1.0851time 256.71slr: 0.000396
2025-10-13 12:00:33,257 INFO --------------------------------------------------
2025-10-13 12:00:33,257 INFO 
2025-10-13 12:01:33,240 INFO Final validation stats 9/99, Val_acc: 0.333333, time 59.98s
2025-10-13 12:01:33,693 INFO --------------------------------------------------
2025-10-13 12:01:33,693 INFO 
2025-10-13 12:01:33,693 INFO 0 Mon Oct 13 12:01:33 2025 Epoch: 10
2025-10-13 12:05:50,523 INFO Final training  10/99loss: 1.1854time 256.83slr: 0.000395
2025-10-13 12:05:50,922 INFO --------------------------------------------------
2025-10-13 12:05:50,922 INFO 
2025-10-13 12:05:50,922 INFO 0 Mon Oct 13 12:05:50 2025 Epoch: 11
2025-10-13 12:10:07,535 INFO Final training  11/99loss: 1.1428time 256.61slr: 0.000393
2025-10-13 12:10:07,539 INFO --------------------------------------------------
2025-10-13 12:10:07,539 INFO 
2025-10-13 12:10:07,539 INFO 0 Mon Oct 13 12:10:07 2025 Epoch: 12
2025-10-13 12:14:24,103 INFO Final training  12/99loss: 1.1608time 256.56slr: 0.000392
2025-10-13 12:14:24,107 INFO --------------------------------------------------
2025-10-13 12:14:24,107 INFO 
2025-10-13 12:14:24,108 INFO 0 Mon Oct 13 12:14:24 2025 Epoch: 13
2025-10-13 12:18:40,539 INFO Final training  13/99loss: 1.1905time 256.43slr: 0.000390
2025-10-13 12:18:40,540 INFO --------------------------------------------------
2025-10-13 12:18:40,540 INFO 
2025-10-13 12:18:40,540 INFO 0 Mon Oct 13 12:18:40 2025 Epoch: 14
2025-10-13 12:22:57,070 INFO Final training  14/99loss: 1.1523time 256.53slr: 0.000387
2025-10-13 12:22:57,071 INFO --------------------------------------------------
2025-10-13 12:22:57,071 INFO 
2025-10-13 12:23:57,799 INFO Final validation stats 14/99, Val_acc: 0.481481, time 60.73s
2025-10-13 12:23:58,323 INFO new best (0.333333 --> 0.481481). 
2025-10-13 12:23:58,323 INFO --------------------------------------------------
2025-10-13 12:23:58,323 INFO 
2025-10-13 12:23:58,324 INFO 0 Mon Oct 13 12:23:58 2025 Epoch: 15
2025-10-13 12:28:14,940 INFO Final training  15/99loss: 1.1596time 256.62slr: 0.000385
2025-10-13 12:28:14,948 INFO --------------------------------------------------
2025-10-13 12:28:14,948 INFO 
2025-10-13 12:28:14,949 INFO 0 Mon Oct 13 12:28:14 2025 Epoch: 16
2025-10-13 12:32:31,584 INFO Final training  16/99loss: 1.1252time 256.63slr: 0.000383
2025-10-13 12:32:31,589 INFO --------------------------------------------------
2025-10-13 12:32:31,589 INFO 
2025-10-13 12:32:31,589 INFO 0 Mon Oct 13 12:32:31 2025 Epoch: 17
2025-10-13 12:36:48,442 INFO Final training  17/99loss: 1.1291time 256.85slr: 0.000380
2025-10-13 12:36:48,446 INFO --------------------------------------------------
2025-10-13 12:36:48,446 INFO 
2025-10-13 12:36:48,446 INFO 0 Mon Oct 13 12:36:48 2025 Epoch: 18
2025-10-13 12:41:05,013 INFO Final training  18/99loss: 1.1322time 256.57slr: 0.000377
2025-10-13 12:41:05,488 INFO --------------------------------------------------
2025-10-13 12:41:05,488 INFO 
2025-10-13 12:41:05,488 INFO 0 Mon Oct 13 12:41:05 2025 Epoch: 19
2025-10-13 12:45:22,726 INFO Final training  19/99loss: 1.1462time 257.24slr: 0.000374
2025-10-13 12:45:22,732 INFO --------------------------------------------------
2025-10-13 12:45:22,732 INFO 
2025-10-13 12:46:23,945 INFO Final validation stats 19/99, Val_acc: 0.592593, time 61.21s
2025-10-13 12:46:24,363 INFO new best (0.481481 --> 0.592593). 
2025-10-13 12:46:24,363 INFO --------------------------------------------------
2025-10-13 12:46:24,363 INFO 
2025-10-13 12:46:24,363 INFO 0 Mon Oct 13 12:46:24 2025 Epoch: 20
2025-10-13 12:50:41,103 INFO Final training  20/99loss: 1.1163time 256.74slr: 0.000370
2025-10-13 12:50:41,644 INFO --------------------------------------------------
2025-10-13 12:50:41,644 INFO 
2025-10-13 12:50:41,645 INFO 0 Mon Oct 13 12:50:41 2025 Epoch: 21
2025-10-13 12:54:58,947 INFO Final training  21/99loss: 1.1210time 257.30slr: 0.000367
2025-10-13 12:54:58,947 INFO --------------------------------------------------
2025-10-13 12:54:58,947 INFO 
2025-10-13 12:54:58,948 INFO 0 Mon Oct 13 12:54:58 2025 Epoch: 22
2025-10-13 12:59:15,592 INFO Final training  22/99loss: 1.1051time 256.64slr: 0.000363
2025-10-13 12:59:15,600 INFO --------------------------------------------------
2025-10-13 12:59:15,601 INFO 
2025-10-13 12:59:15,601 INFO 0 Mon Oct 13 12:59:15 2025 Epoch: 23
2025-10-13 13:03:32,386 INFO Final training  23/99loss: 1.1026time 256.79slr: 0.000359
2025-10-13 13:03:32,762 INFO --------------------------------------------------
2025-10-13 13:03:32,762 INFO 
2025-10-13 13:03:32,763 INFO 0 Mon Oct 13 13:03:32 2025 Epoch: 24
2025-10-13 13:07:49,512 INFO Final training  24/99loss: 1.1268time 256.75slr: 0.000355
2025-10-13 13:07:49,513 INFO --------------------------------------------------
2025-10-13 13:07:49,513 INFO 
2025-10-13 13:08:49,296 INFO Final validation stats 24/99, Val_acc: 0.333333, time 59.78s
2025-10-13 13:08:51,058 INFO --------------------------------------------------
2025-10-13 13:08:51,058 INFO 
2025-10-13 13:08:51,058 INFO 0 Mon Oct 13 13:08:51 2025 Epoch: 25
2025-10-13 13:13:09,164 INFO Final training  25/99loss: 1.1007time 258.11slr: 0.000351
2025-10-13 13:13:09,521 INFO --------------------------------------------------
2025-10-13 13:13:09,521 INFO 
2025-10-13 13:13:09,522 INFO 0 Mon Oct 13 13:13:09 2025 Epoch: 26
2025-10-13 13:17:26,235 INFO Final training  26/99loss: 1.1351time 256.71slr: 0.000347
2025-10-13 13:17:26,236 INFO --------------------------------------------------
2025-10-13 13:17:26,236 INFO 
2025-10-13 13:17:26,237 INFO 0 Mon Oct 13 13:17:26 2025 Epoch: 27
2025-10-13 13:21:43,363 INFO Final training  27/99loss: 1.1298time 257.13slr: 0.000343
2025-10-13 13:21:43,367 INFO --------------------------------------------------
2025-10-13 13:21:43,367 INFO 
2025-10-13 13:21:43,368 INFO 0 Mon Oct 13 13:21:43 2025 Epoch: 28
2025-10-13 13:26:00,244 INFO Final training  28/99loss: 1.0963time 256.88slr: 0.000338
2025-10-13 13:26:00,249 INFO --------------------------------------------------
2025-10-13 13:26:00,249 INFO 
2025-10-13 13:26:00,249 INFO 0 Mon Oct 13 13:26:00 2025 Epoch: 29
2025-10-13 13:30:16,822 INFO Final training  29/99loss: 1.1159time 256.57slr: 0.000333
2025-10-13 13:30:16,826 INFO --------------------------------------------------
2025-10-13 13:30:16,826 INFO 
2025-10-13 13:31:16,543 INFO Final validation stats 29/99, Val_acc: 0.518519, time 59.72s
2025-10-13 13:31:17,178 INFO --------------------------------------------------
2025-10-13 13:31:17,179 INFO 
2025-10-13 13:31:17,179 INFO 0 Mon Oct 13 13:31:17 2025 Epoch: 30
2025-10-13 13:35:33,758 INFO Final training  30/99loss: 1.1027time 256.58slr: 0.000328
2025-10-13 13:35:34,152 INFO --------------------------------------------------
2025-10-13 13:35:34,152 INFO 
2025-10-13 13:35:34,152 INFO 0 Mon Oct 13 13:35:34 2025 Epoch: 31
2025-10-13 13:39:51,079 INFO Final training  31/99loss: 1.0911time 256.93slr: 0.000323
2025-10-13 13:39:51,079 INFO --------------------------------------------------
2025-10-13 13:39:51,079 INFO 
2025-10-13 13:39:51,080 INFO 0 Mon Oct 13 13:39:51 2025 Epoch: 32
2025-10-13 13:44:08,137 INFO Final training  32/99loss: 1.1104time 257.06slr: 0.000318
2025-10-13 13:44:08,138 INFO --------------------------------------------------
2025-10-13 13:44:08,138 INFO 
2025-10-13 13:44:08,138 INFO 0 Mon Oct 13 13:44:08 2025 Epoch: 33
2025-10-13 13:48:24,928 INFO Final training  33/99loss: 1.0960time 256.79slr: 0.000313
2025-10-13 13:48:24,928 INFO --------------------------------------------------
2025-10-13 13:48:24,928 INFO 
2025-10-13 13:48:24,929 INFO 0 Mon Oct 13 13:48:24 2025 Epoch: 34
2025-10-13 13:52:41,414 INFO Final training  34/99loss: 1.1211time 256.49slr: 0.000307
2025-10-13 13:52:41,420 INFO --------------------------------------------------
2025-10-13 13:52:41,420 INFO 
2025-10-13 13:53:41,030 INFO Final validation stats 34/99, Val_acc: 0.481481, time 59.61s
2025-10-13 13:53:41,457 INFO --------------------------------------------------
2025-10-13 13:53:41,457 INFO 
2025-10-13 13:53:41,458 INFO 0 Mon Oct 13 13:53:41 2025 Epoch: 35
2025-10-13 13:57:58,567 INFO Final training  35/99loss: 1.1389time 257.11slr: 0.000302
2025-10-13 13:57:58,568 INFO --------------------------------------------------
2025-10-13 13:57:58,568 INFO 
2025-10-13 13:57:58,568 INFO 0 Mon Oct 13 13:57:58 2025 Epoch: 36
2025-10-13 14:02:15,488 INFO Final training  36/99loss: 1.0677time 256.92slr: 0.000296
2025-10-13 14:02:15,489 INFO --------------------------------------------------
2025-10-13 14:02:15,489 INFO 
2025-10-13 14:02:15,489 INFO 0 Mon Oct 13 14:02:15 2025 Epoch: 37
2025-10-13 14:06:32,159 INFO Final training  37/99loss: 1.0856time 256.67slr: 0.000291
2025-10-13 14:06:32,546 INFO --------------------------------------------------
2025-10-13 14:06:32,546 INFO 
2025-10-13 14:06:32,547 INFO 0 Mon Oct 13 14:06:32 2025 Epoch: 38
2025-10-13 14:10:57,902 INFO Final training  38/99loss: 1.1272time 265.36slr: 0.000285
2025-10-13 14:10:57,903 INFO --------------------------------------------------
2025-10-13 14:10:57,903 INFO 
2025-10-13 14:10:57,903 INFO 0 Mon Oct 13 14:10:57 2025 Epoch: 39
2025-10-13 14:15:14,605 INFO Final training  39/99loss: 1.0868time 256.70slr: 0.000279
2025-10-13 14:15:14,605 INFO --------------------------------------------------
2025-10-13 14:15:14,605 INFO 
2025-10-13 14:16:14,229 INFO Final validation stats 39/99, Val_acc: 0.333333, time 59.62s
2025-10-13 14:16:14,618 INFO --------------------------------------------------
2025-10-13 14:16:14,619 INFO 
2025-10-13 14:16:14,619 INFO 0 Mon Oct 13 14:16:14 2025 Epoch: 40
2025-10-13 14:20:31,545 INFO Final training  40/99loss: 1.0725time 256.93slr: 0.000273
2025-10-13 14:20:31,976 INFO --------------------------------------------------
2025-10-13 14:20:31,976 INFO 
2025-10-13 14:20:31,976 INFO 0 Mon Oct 13 14:20:31 2025 Epoch: 41
2025-10-13 14:24:48,748 INFO Final training  41/99loss: 1.1266time 256.77slr: 0.000267
2025-10-13 14:24:48,749 INFO --------------------------------------------------
2025-10-13 14:24:48,749 INFO 
2025-10-13 14:24:48,749 INFO 0 Mon Oct 13 14:24:48 2025 Epoch: 42
2025-10-13 14:29:05,559 INFO Final training  42/99loss: 1.1163time 256.81slr: 0.000261
2025-10-13 14:29:05,563 INFO --------------------------------------------------
2025-10-13 14:29:05,563 INFO 
2025-10-13 14:29:05,563 INFO 0 Mon Oct 13 14:29:05 2025 Epoch: 43
2025-10-13 14:33:22,300 INFO Final training  43/99loss: 1.0809time 256.74slr: 0.000254
2025-10-13 14:33:22,301 INFO --------------------------------------------------
2025-10-13 14:33:22,301 INFO 
2025-10-13 14:33:22,301 INFO 0 Mon Oct 13 14:33:22 2025 Epoch: 44
## OAR [2025-10-13 14:33:56] Job 2067203 KILLED ##
