2025-10-13 11:16:32,903 INFO Log directory: outputs/OrganoidsINRIA/train/2025-10-13-11-16
2025-10-13 11:16:32,905 INFO {'RandFlipd_prob': 0.2,
 'RandRotate90d_prob': 0.2,
 'RandScaleIntensityd_prob': 0.1,
 'RandShiftIntensityd_prob': 0.1,
 'amp': True,
 'batch_size': 1,
 'cache_dataset': False,
 'checkpoint': None,
 'data_dir': '/home/mraffael/martone_project/Organoids_Dataset/',
 'dataset_name': 'OrganoidsINRIA',
 'debug': False,
 'debug_train_samples': 3,
 'debug_val_samples': 3,
 'dist_backend': 'nccl',
 'dist_url': 'tcp://127.0.0.1:23456',
 'distributed': False,
 'dropout_path_rate': 0.0,
 'dropout_rate': 0.0,
 'early_stopping': True,
 'exact_class': True,
 'feature_size': 48,
 'fold': 0,
 'folds': False,
 'gpu': 0,
 'ignore_label': 3,
 'in_channels': 1,
 'infer_overlap': 0.5,
 'k_folds': 5,
 'logdir': 'training',
 'logs_dir': 'logs/',
 'loss_weight': 0.5,
 'lrschedule': 'warmup_cosine',
 'max_epochs': 100,
 'min_delta_loss': 0.01,
 'min_delta_val': 0.02,
 'model_name': 'swinunetr',
 'momentum': 0.99,
 'noamp': False,
 'norm_name': 'instance',
 'optim_lr': 0.0004,
 'optim_name': 'adamw',
 'out_channels': 1,
 'output_dir': 'outputs/',
 'patience_loss': 30,
 'patience_val': 10,
 'pretrained_dir': './pretrained_models/fold1_f48_ep300_4gpu_dice0_9059/',
 'pretrained_model_name': 'model_swinvit.pt',
 'rank': 0,
 'reg_weight': 5e-05,
 'resume_ckpt': False,
 'roi_x': 128,
 'roi_y': 128,
 'roi_z': 128,
 'save_checkpoint': False,
 'seed': 304,
 'spatial_dims': 3,
 'split_method': 'balanced',
 'sw_batch_size': 1,
 'telegram_log': True,
 'test_mode': False,
 'token': './token/tlg_token.txt',
 'use_checkpoint': False,
 'val_every': 5,
 'warmup_epochs': 3,
 'workers': 8,
 'world_size': 1}
2025-10-13 11:16:32,905 INFO 
2025-10-13 11:16:33,828 INFO Total parameters count: 62186659
2025-10-13 11:16:33,914 INFO 
2025-10-13 11:16:33,914 INFO Dataset INFO:
2025-10-13 11:16:33,914 INFO Dataset length is: 423
2025-10-13 11:16:33,914 INFO Class 0: 137
2025-10-13 11:16:33,914 INFO Class 1: 43
2025-10-13 11:16:33,914 INFO Class 2: 243
2025-10-13 11:16:33,919 INFO Train class 0: 34 (33.3%)
2025-10-13 11:16:33,919 INFO Train class 1: 34 (33.3%)
2025-10-13 11:16:33,919 INFO Train class 2: 34 (33.3%)
2025-10-13 11:16:33,919 INFO Val class 0: 9 (33.3%)
2025-10-13 11:16:33,919 INFO Val class 1: 9 (33.3%)
2025-10-13 11:16:33,919 INFO Val class 2: 9 (33.3%)
2025-10-13 11:16:33,919 INFO **************************************************
2025-10-13 11:16:33,919 INFO 
2025-10-13 11:16:33,925 INFO Class weights: [ 1.000  1.000  1.000]
2025-10-13 11:16:33,928 INFO 
2025-10-13 11:16:33,928 INFO Starting training...
2025-10-13 11:16:33,928 INFO 0 Mon Oct 13 11:16:33 2025 Epoch: 0
