2025-10-24 05:38:23,799 INFO Log directory: outputs/OrganoidsINRIA/swinunetr/2025-10-24-05-38
2025-10-24 05:38:23,801 INFO {'RandFlipd_prob': 0.2,
 'RandRotate90d_prob': 0.2,
 'RandScaleIntensityd_prob': 0.1,
 'RandShiftIntensityd_prob': 0.1,
 'amp': True,
 'augmentation': False,
 'batch_size': 3,
 'cache_dataset': False,
 'checkpoint_path': './outputs/OrganoidsINRIA/swinunetr/2025-10-22-10-20/model_final.pt',
 'data_dir': '/home/mraffael/martone_project/Organoids_Dataset/',
 'dataset_name': 'OrganoidsINRIA',
 'debug': True,
 'debug_train_samples': 3,
 'debug_val_samples': 3,
 'dist_backend': 'nccl',
 'dist_url': 'tcp://127.0.0.1:23456',
 'distributed': False,
 'dropout_path_rate': 0.0,
 'dropout_rate': 0.0,
 'early_stopping': True,
 'encoder10_pth': '',
 'exact_class': True,
 'feature_size': 48,
 'fold': 0,
 'folds': False,
 'gpu': 0,
 'ignore_label': 3,
 'in_channels': 1,
 'infer_overlap': 0.5,
 'k_folds': 5,
 'logdir': 'training',
 'logs_dir': 'logs/',
 'loss_name': 'FocalLoss',
 'lrschedule': 'warmup_cosine',
 'max_epochs': 3,
 'min_delta_loss': 0.01,
 'min_delta_val': 0.02,
 'model_name': 'swinunetr',
 'momentum': 0.99,
 'noamp': False,
 'norm_name': 'instance',
 'oar_id': 0,
 'optim_lr': 2e-05,
 'optim_name': 'adamw',
 'out_channels': 1,
 'output_dir': 'outputs/',
 'patch_merging': False,
 'patience_loss': 30,
 'patience_val': 10,
 'pretrained_dir': './pretrained_models/fold1_f48_ep300_4gpu_dice0_9059/',
 'pretrained_model_name': 'model_swinvit.pt',
 'rank': 0,
 'reg_weight': 5e-05,
 'resume_ckpt': False,
 'roi_x': 128,
 'roi_y': 128,
 'roi_z': 128,
 'save_checkpoint': True,
 'seed': 304,
 'similarity_loss': 'contrastive',
 'similarity_loss_weight': 10.0,
 'spatial_dims': 3,
 'split_method': 'balanced',
 'start_epoch': 0,
 'sw_batch_size': 4,
 'telegram_log': True,
 'test_mode': False,
 'token': './token/tlg_token.txt',
 'use_checkpoint': False,
 'val_every': 1,
 'warmup_epochs': 3,
 'workers': 8,
 'world_size': 1}
2025-10-24 05:38:23,801 INFO 
2025-10-24 05:38:23,805 INFO Saved configuration to: outputs/OrganoidsINRIA/swinunetr/2025-10-24-05-38/config.txt
2025-10-24 05:38:24,351 INFO Using GPU: 0
2025-10-24 05:38:24,351 INFO 
2025-10-24 05:38:24,351 INFO Model INFO:
2025-10-24 05:38:24,351 INFO Model architecture: swinunetr
2025-10-24 05:38:24,729 INFO Skipping loading pretrained weights since checkpoint path is provided
2025-10-24 05:38:24,730 INFO Using SwinUNETR with Single Linear Classification Head
2025-10-24 05:38:24,731 INFO Total trainable parameters: 39,914,805
2025-10-24 05:38:24,752 INFO 
2025-10-24 05:38:24,752 INFO Optimizer INFO:
2025-10-24 05:38:24,753 INFO Using optimizer: adamw with lr=2e-05, weight_decay=5e-05
2025-10-24 05:38:24,753 INFO 
2025-10-24 05:38:24,753 INFO Dataset INFO:
2025-10-24 05:38:24,771 INFO Dataset length: 423
2025-10-24 05:38:24,771 INFO Class distribution in entire dataset:
2025-10-24 05:38:24,771 INFO   Class 0: 137
2025-10-24 05:38:24,771 INFO   Class 1: 43
2025-10-24 05:38:24,771 INFO   Class 2: 243
2025-10-24 05:38:24,771 INFO 
Using split method: balanced
2025-10-24 05:38:24,771 INFO 
Train set balance:
2025-10-24 05:38:24,771 INFO 
Val set balance:
2025-10-24 05:38:24,772 INFO 
DEBUG MODE ACTIVE
2025-10-24 05:38:24,772 INFO 
Debug train balance:
2025-10-24 05:38:24,772 INFO 
Debug val balance:
2025-10-24 05:38:24,772 INFO DEBUG: using 3 train samples, 3 val samples
2025-10-24 05:38:24,772 INFO Training set length: 3
2025-10-24 05:38:24,772 INFO Validation set length: 3
2025-10-24 05:38:24,772 INFO 
Using BalancedBatchSampler: 1 samples per class per batch
2025-10-24 05:38:24,772 INFO Balanced batches created: 1 batches
2025-10-24 05:38:24,772 INFO Training loader: 1 batches
2025-10-24 05:38:24,772 INFO Validation loader: 3 batches
2025-10-24 05:38:24,773 INFO 
Class distribution in training set:
2025-10-24 05:38:24,773 INFO   Class 0: 1 (33.3%)
2025-10-24 05:38:24,773 INFO   Class 1: 1 (33.3%)
2025-10-24 05:38:24,773 INFO   Class 2: 1 (33.3%)
2025-10-24 05:38:24,773 INFO Class distribution in validation set:
2025-10-24 05:38:24,773 INFO   Class 0: 1 (33.3%)
2025-10-24 05:38:24,773 INFO   Class 1: 1 (33.3%)
2025-10-24 05:38:24,773 INFO   Class 2: 1 (33.3%)
2025-10-24 05:38:24,773 INFO **************************************************
2025-10-24 05:38:24,782 INFO Class weights: [ 10.000  10.000  10.000]
2025-10-24 05:38:24,782 INFO 
2025-10-24 05:38:24,782 INFO Using loss function: FocalLoss
2025-10-24 05:38:24,782 INFO Using similarity loss: contrastive (weight: 10.0)
2025-10-24 05:38:24,785 INFO **************************************************
2025-10-24 05:38:24,785 INFO Starting training...
2025-10-24 05:38:24,787 INFO 0 Fri Oct 24 05:38:24 2025 Epoch: 0
2025-10-24 05:38:33,772 INFO Final training 0/2, loss: 5.1745, time 8.98s, lr: 0.000000
Accuracy: 0.333
class                  precision    recall   specificity      f1   support
--------------------------------------------------------------------------
0                          0.000     0.000         1.000   0.000         1
1                          0.000     0.000         1.000   0.000         1
2                          0.333     1.000         0.000   0.500         1
*----------------------------------------*
2025-10-24 05:38:40,382 INFO Final validation 0/2, Val_acc: 0.3333, time 6.16sAccuracy: 0.333
class                  precision    recall   specificity      f1   support
--------------------------------------------------------------------------
0                          0.000     0.000         1.000   0.000         1
1                          0.000     0.000         1.000   0.000         1
2                          0.333     1.000         0.000   0.500         1
*========================================*
2025-10-24 05:38:40,382 INFO New best (0.000000 --> 0.333333)
2025-10-24 05:38:46,084 INFO Copying best model to model.pt
2025-10-24 05:38:49,918 INFO 0 Fri Oct 24 05:38:49 2025 Epoch: 1
2025-10-24 05:38:56,596 INFO Final training 1/2, loss: 5.1745, time 6.68s, lr: 0.000010
Accuracy: 0.333
class                  precision    recall   specificity      f1   support
--------------------------------------------------------------------------
0                          0.000     0.000         1.000   0.000         1
1                          0.000     0.000         1.000   0.000         1
2                          0.333     1.000         0.000   0.500         1
*----------------------------------------*
2025-10-24 05:39:02,368 INFO Final validation 1/2, Val_acc: 0.3333, time 5.77sAccuracy: 0.333
class                  precision    recall   specificity      f1   support
--------------------------------------------------------------------------
0                          0.000     0.000         1.000   0.000         1
1                          0.000     0.000         1.000   0.000         1
2                          0.333     1.000         0.000   0.500         1
*========================================*
2025-10-24 05:39:06,894 INFO 0 Fri Oct 24 05:39:06 2025 Epoch: 2
2025-10-24 05:39:13,558 INFO Final training 2/2, loss: 4.8401, time 6.66s, lr: 0.000020
Accuracy: 0.333
class                  precision    recall   specificity      f1   support
--------------------------------------------------------------------------
0                          0.000     0.000         1.000   0.000         1
1                          0.000     0.000         1.000   0.000         1
2                          0.333     1.000         0.000   0.500         1
*----------------------------------------*
2025-10-24 05:39:19,338 INFO Final validation 2/2, Val_acc: 0.3333, time 5.78sAccuracy: 0.333
class                  precision    recall   specificity      f1   support
--------------------------------------------------------------------------
0                          0.000     0.000         1.000   0.000         1
1                          0.333     1.000         0.000   0.500         1
2                          0.000     0.000         1.000   0.000         1
*========================================*
2025-10-24 05:39:23,949 INFO Training Finished! Best Accuracy: 0.3333
2025-10-24 05:39:23,950 INFO ====================================================================================================
2025-10-24 05:39:33,260 INFO Total time spent: 68.47s
