2025-10-20 17:09:04,196 INFO Log directory: outputs/OrganoidsINRIA/swinunetr+noah/2025-10-20-17-09
2025-10-20 17:09:04,198 INFO {'RandFlipd_prob': 0.2,
 'RandRotate90d_prob': 0.2,
 'RandScaleIntensityd_prob': 0.1,
 'RandShiftIntensityd_prob': 0.1,
 'amp': True,
 'batch_size': 8,
 'cache_dataset': False,
 'checkpoint': './pretrained_models/encode10/model.pt',
 'data_dir': '/home/mraffael/martone_project/Organoids_Dataset/',
 'dataset_name': 'OrganoidsINRIA',
 'debug': False,
 'debug_train_samples': 3,
 'debug_val_samples': 3,
 'dist_backend': 'nccl',
 'dist_url': 'tcp://127.0.0.1:23456',
 'distributed': False,
 'dropout_path_rate': 0.0,
 'dropout_rate': 0.0,
 'early_stopping': True,
 'exact_class': True,
 'feature_size': 48,
 'fold': 0,
 'folds': False,
 'gpu': 0,
 'ignore_label': 3,
 'in_channels': 1,
 'infer_overlap': 0.5,
 'k_folds': 5,
 'logdir': 'training',
 'logs_dir': 'logs/',
 'loss_name': 'FocalLoss',
 'lrschedule': 'warmup_cosine',
 'max_epochs': 100,
 'min_delta_loss': 0.01,
 'min_delta_val': 0.02,
 'model_name': 'swinunetr+noah',
 'momentum': 0.99,
 'noamp': False,
 'norm_name': 'instance',
 'oar_id': 2075615,
 'optim_lr': 0.0005,
 'optim_name': 'adamw',
 'out_channels': 1,
 'output_dir': 'outputs/',
 'patience_loss': 30,
 'patience_val': 10,
 'pretrained_dir': './pretrained_models/fold1_f48_ep300_4gpu_dice0_9059/',
 'pretrained_model_name': 'model_swinvit.pt',
 'rank': 0,
 'reg_weight': 5e-05,
 'resume_ckpt': False,
 'roi_x': 128,
 'roi_y': 128,
 'roi_z': 128,
 'save_checkpoint': True,
 'seed': 304,
 'spatial_dims': 3,
 'split_method': 'balanced',
 'sw_batch_size': 1,
 'telegram_log': True,
 'test_mode': False,
 'token': './token/tlg_token.txt',
 'use_checkpoint': False,
 'val_every': 4,
 'warmup_epochs': 3,
 'workers': 8,
 'world_size': 1}
2025-10-20 17:09:04,198 INFO 
2025-10-20 17:09:04,748 INFO Using GPU: 0
2025-10-20 17:09:08,973 INFO 
2025-10-20 17:09:08,973 INFO Model INFO:
2025-10-20 17:09:08,973 INFO Model architecture: swinunetr+noah
2025-10-20 17:09:08,973 INFO Using pretrained weights
2025-10-20 17:09:08,973 INFO => loaded pretrained model './pretrained_models/fold1_f48_ep300_4gpu_dice0_9059/model_swinvit.pt'
2025-10-20 17:09:08,973 INFO Number of missing keys when loading pretrained weights: 33
2025-10-20 17:09:08,974 INFO Number of unexpected keys when loading pretrained weights: 8
2025-10-20 17:09:10,448 INFO Caricati: 2
2025-10-20 17:09:10,448 INFO => loaded checkpoint for encoder10 './pretrained_models/encode10/model.pt' (epoch 0) (bestacc 0)
2025-10-20 17:09:10,450 INFO Using SwinUNETR with NOAH Classification Head
2025-10-20 17:09:10,450 INFO Total parameters count: 39917112
2025-10-20 17:09:10,519 INFO 
2025-10-20 17:09:10,519 INFO Dataset INFO:
2025-10-20 17:09:10,519 INFO Dataset length is: 423
2025-10-20 17:09:10,520 INFO Class 0: 137
2025-10-20 17:09:10,520 INFO Class 1: 43
2025-10-20 17:09:10,520 INFO Class 2: 243
2025-10-20 17:09:10,525 INFO Train class 0: 34 (33.3%)
2025-10-20 17:09:10,525 INFO Train class 1: 34 (33.3%)
2025-10-20 17:09:10,525 INFO Train class 2: 34 (33.3%)
2025-10-20 17:09:10,525 INFO Val class 0: 9 (33.3%)
2025-10-20 17:09:10,525 INFO Val class 1: 9 (33.3%)
2025-10-20 17:09:10,525 INFO Val class 2: 9 (33.3%)
2025-10-20 17:09:10,525 INFO **************************************************
2025-10-20 17:09:10,525 INFO 
2025-10-20 17:09:10,525 INFO Training setting summary:
2025-10-20 17:09:10,525 INFO Using optimizer: adamw with lr=0.0005, weight decay=5e-05
2025-10-20 17:09:10,525 INFO Using LR scheduler: warmup_cosine
2025-10-20 17:09:10,531 INFO Class weights: [ 10.000  10.000  10.000]
2025-10-20 17:09:10,531 INFO Using loss function: FocalLoss
2025-10-20 17:09:10,535 INFO 
2025-10-20 17:09:10,535 INFO **************************************************
2025-10-20 17:09:10,535 INFO Starting training...
2025-10-20 17:09:10,537 INFO 0 Mon Oct 20 17:09:10 2025 Epoch: 0
2025-10-20 17:12:41,857 INFO Final training  0/99loss: 264.2752time 211.32slr: 0.000000
2025-10-20 17:12:42,370 INFO --------------------------------------------------
2025-10-20 17:12:42,370 INFO 
2025-10-20 17:12:42,370 INFO 0 Mon Oct 20 17:12:42 2025 Epoch: 1
2025-10-20 17:15:49,436 INFO Final training  1/99loss: 238.8146time 187.07slr: 0.000250
2025-10-20 17:15:49,451 INFO --------------------------------------------------
2025-10-20 17:15:49,451 INFO 
2025-10-20 17:15:49,452 INFO 0 Mon Oct 20 17:15:49 2025 Epoch: 2
2025-10-20 17:18:56,277 INFO Final training  2/99loss: 200.8019time 186.83slr: 0.000500
2025-10-20 17:18:56,281 INFO --------------------------------------------------
2025-10-20 17:18:56,281 INFO 
2025-10-20 17:18:56,282 INFO 0 Mon Oct 20 17:18:56 2025 Epoch: 3
2025-10-20 17:22:01,383 INFO Final training  3/99loss: 158.1938time 185.10slr: 0.000500
2025-10-20 17:22:01,391 INFO --------------------------------------------------
2025-10-20 17:22:01,392 INFO 
2025-10-20 17:23:02,822 INFO Final validation stats 3/99, Val_acc: 0.296296, time 61.43s
2025-10-20 17:23:03,275 INFO new best (0.000000 --> 0.296296). 
2025-10-20 17:23:06,926 INFO Copying to model.pt new best model!!!!
2025-10-20 17:23:08,519 INFO --------------------------------------------------
2025-10-20 17:23:08,519 INFO 
2025-10-20 17:23:08,520 INFO 0 Mon Oct 20 17:23:08 2025 Epoch: 4
2025-10-20 17:26:14,871 INFO Final training  4/99loss: 138.4729time 186.35slr: 0.000500
2025-10-20 17:26:14,878 INFO --------------------------------------------------
2025-10-20 17:26:14,878 INFO 
2025-10-20 17:26:14,878 INFO 0 Mon Oct 20 17:26:14 2025 Epoch: 5
2025-10-20 17:29:21,098 INFO Final training  5/99loss: 105.4866time 186.22slr: 0.000499
2025-10-20 17:29:21,103 INFO --------------------------------------------------
2025-10-20 17:29:21,103 INFO 
2025-10-20 17:29:21,103 INFO 0 Mon Oct 20 17:29:21 2025 Epoch: 6
2025-10-20 17:32:28,475 INFO Final training  6/99loss: 93.7189time 187.37slr: 0.000499
2025-10-20 17:32:28,485 INFO --------------------------------------------------
2025-10-20 17:32:28,485 INFO 
2025-10-20 17:32:28,485 INFO 0 Mon Oct 20 17:32:28 2025 Epoch: 7
2025-10-20 17:35:33,933 INFO Final training  7/99loss: 77.1222time 185.45slr: 0.000498
2025-10-20 17:35:33,937 INFO --------------------------------------------------
2025-10-20 17:35:33,937 INFO 
2025-10-20 17:36:27,756 INFO Final validation stats 7/99, Val_acc: 0.481481, time 53.82s
2025-10-20 17:36:28,240 INFO new best (0.296296 --> 0.481481). 
2025-10-20 17:36:32,043 INFO Copying to model.pt new best model!!!!
2025-10-20 17:36:33,727 INFO --------------------------------------------------
2025-10-20 17:36:33,727 INFO 
2025-10-20 17:36:33,727 INFO 0 Mon Oct 20 17:36:33 2025 Epoch: 8
2025-10-20 17:39:39,146 INFO Final training  8/99loss: 64.1393time 185.42slr: 0.000497
2025-10-20 17:39:39,150 INFO --------------------------------------------------
2025-10-20 17:39:39,150 INFO 
2025-10-20 17:39:39,150 INFO 0 Mon Oct 20 17:39:39 2025 Epoch: 9
2025-10-20 17:42:44,758 INFO Final training  9/99loss: 62.3188time 185.61slr: 0.000495
2025-10-20 17:42:44,762 INFO --------------------------------------------------
2025-10-20 17:42:44,762 INFO 
2025-10-20 17:42:44,762 INFO 0 Mon Oct 20 17:42:44 2025 Epoch: 10
2025-10-20 17:45:51,246 INFO Final training  10/99loss: 52.3283time 186.48slr: 0.000494
2025-10-20 17:45:51,757 INFO --------------------------------------------------
2025-10-20 17:45:51,757 INFO 
2025-10-20 17:45:51,758 INFO 0 Mon Oct 20 17:45:51 2025 Epoch: 11
2025-10-20 17:48:56,013 INFO Final training  11/99loss: 56.8122time 184.26slr: 0.000492
2025-10-20 17:48:56,019 INFO --------------------------------------------------
2025-10-20 17:48:56,019 INFO 
2025-10-20 17:49:49,709 INFO Final validation stats 11/99, Val_acc: 0.592593, time 53.69s
2025-10-20 17:49:50,150 INFO new best (0.481481 --> 0.592593). 
2025-10-20 17:49:53,896 INFO Copying to model.pt new best model!!!!
2025-10-20 17:49:55,509 INFO --------------------------------------------------
2025-10-20 17:49:55,509 INFO 
2025-10-20 17:49:55,509 INFO 0 Mon Oct 20 17:49:55 2025 Epoch: 12
2025-10-20 17:53:02,323 INFO Final training  12/99loss: 49.5992time 186.81slr: 0.000489
2025-10-20 17:53:02,328 INFO --------------------------------------------------
2025-10-20 17:53:02,328 INFO 
2025-10-20 17:53:02,329 INFO 0 Mon Oct 20 17:53:02 2025 Epoch: 13
2025-10-20 17:56:06,541 INFO Final training  13/99loss: 47.7880time 184.21slr: 0.000487
2025-10-20 17:56:06,549 INFO --------------------------------------------------
2025-10-20 17:56:06,549 INFO 
2025-10-20 17:56:06,549 INFO 0 Mon Oct 20 17:56:06 2025 Epoch: 14
2025-10-20 17:59:12,608 INFO Final training  14/99loss: 46.9791time 186.06slr: 0.000484
2025-10-20 17:59:12,614 INFO --------------------------------------------------
2025-10-20 17:59:12,614 INFO 
2025-10-20 17:59:12,614 INFO 0 Mon Oct 20 17:59:12 2025 Epoch: 15
2025-10-20 18:02:19,396 INFO Final training  15/99loss: 41.5946time 186.78slr: 0.000481
2025-10-20 18:02:19,402 INFO --------------------------------------------------
2025-10-20 18:02:19,403 INFO 
2025-10-20 18:03:12,858 INFO Final validation stats 15/99, Val_acc: 0.555556, time 53.46s
2025-10-20 18:03:15,202 INFO --------------------------------------------------
2025-10-20 18:03:15,202 INFO 
2025-10-20 18:03:15,202 INFO 0 Mon Oct 20 18:03:15 2025 Epoch: 16
2025-10-20 18:06:20,236 INFO Final training  16/99loss: 41.2945time 185.03slr: 0.000478
2025-10-20 18:06:20,240 INFO --------------------------------------------------
2025-10-20 18:06:20,240 INFO 
2025-10-20 18:06:20,240 INFO 0 Mon Oct 20 18:06:20 2025 Epoch: 17
2025-10-20 18:09:25,503 INFO Final training  17/99loss: 37.0813time 185.26slr: 0.000475
2025-10-20 18:09:25,509 INFO --------------------------------------------------
2025-10-20 18:09:25,509 INFO 
2025-10-20 18:09:25,510 INFO 0 Mon Oct 20 18:09:25 2025 Epoch: 18
2025-10-20 18:12:30,392 INFO Final training  18/99loss: 37.5021time 184.88slr: 0.000471
2025-10-20 18:12:30,397 INFO --------------------------------------------------
2025-10-20 18:12:30,397 INFO 
2025-10-20 18:12:30,397 INFO 0 Mon Oct 20 18:12:30 2025 Epoch: 19
2025-10-20 18:15:37,510 INFO Final training  19/99loss: 36.2977time 187.11slr: 0.000467
2025-10-20 18:15:37,517 INFO --------------------------------------------------
2025-10-20 18:15:37,517 INFO 
2025-10-20 18:16:31,225 INFO Final validation stats 19/99, Val_acc: 0.481481, time 53.71s
2025-10-20 18:16:33,410 INFO --------------------------------------------------
2025-10-20 18:16:33,411 INFO 
2025-10-20 18:16:33,411 INFO 0 Mon Oct 20 18:16:33 2025 Epoch: 20
2025-10-20 18:19:38,665 INFO Final training  20/99loss: 34.4342time 185.25slr: 0.000463
2025-10-20 18:19:39,181 INFO --------------------------------------------------
2025-10-20 18:19:39,181 INFO 
2025-10-20 18:19:39,182 INFO 0 Mon Oct 20 18:19:39 2025 Epoch: 21
2025-10-20 18:22:45,653 INFO Final training  21/99loss: 33.8340time 186.47slr: 0.000459
2025-10-20 18:22:45,657 INFO --------------------------------------------------
2025-10-20 18:22:45,657 INFO 
2025-10-20 18:22:45,657 INFO 0 Mon Oct 20 18:22:45 2025 Epoch: 22
2025-10-20 18:25:52,723 INFO Final training  22/99loss: 31.2333time 187.07slr: 0.000454
2025-10-20 18:25:52,738 INFO --------------------------------------------------
2025-10-20 18:25:52,738 INFO 
2025-10-20 18:25:52,738 INFO 0 Mon Oct 20 18:25:52 2025 Epoch: 23
2025-10-20 18:29:00,067 INFO Final training  23/99loss: 31.3749time 187.33slr: 0.000449
2025-10-20 18:29:00,073 INFO --------------------------------------------------
2025-10-20 18:29:00,073 INFO 
2025-10-20 18:29:53,574 INFO Final validation stats 23/99, Val_acc: 0.518519, time 53.50s
2025-10-20 18:29:55,841 INFO --------------------------------------------------
2025-10-20 18:29:55,841 INFO 
2025-10-20 18:29:55,841 INFO 0 Mon Oct 20 18:29:55 2025 Epoch: 24
2025-10-20 18:33:03,499 INFO Final training  24/99loss: 25.8256time 187.66slr: 0.000444
2025-10-20 18:33:03,516 INFO --------------------------------------------------
2025-10-20 18:33:03,516 INFO 
2025-10-20 18:33:03,516 INFO 0 Mon Oct 20 18:33:03 2025 Epoch: 25
2025-10-20 18:36:09,696 INFO Final training  25/99loss: 28.3961time 186.18slr: 0.000439
2025-10-20 18:36:09,702 INFO --------------------------------------------------
2025-10-20 18:36:09,702 INFO 
2025-10-20 18:36:09,702 INFO 0 Mon Oct 20 18:36:09 2025 Epoch: 26
2025-10-20 18:39:14,599 INFO Final training  26/99loss: 27.7963time 184.90slr: 0.000434
2025-10-20 18:39:14,619 INFO --------------------------------------------------
2025-10-20 18:39:14,619 INFO 
2025-10-20 18:39:14,619 INFO 0 Mon Oct 20 18:39:14 2025 Epoch: 27
2025-10-20 18:42:21,607 INFO Final training  27/99loss: 26.3463time 186.99slr: 0.000428
2025-10-20 18:42:21,613 INFO --------------------------------------------------
2025-10-20 18:42:21,613 INFO 
2025-10-20 18:43:15,311 INFO Final validation stats 27/99, Val_acc: 0.518519, time 53.70s
2025-10-20 18:43:17,504 INFO --------------------------------------------------
2025-10-20 18:43:17,504 INFO 
2025-10-20 18:43:17,504 INFO 0 Mon Oct 20 18:43:17 2025 Epoch: 28
2025-10-20 18:46:22,441 INFO Final training  28/99loss: 24.1417time 184.94slr: 0.000422
2025-10-20 18:46:22,445 INFO --------------------------------------------------
2025-10-20 18:46:22,445 INFO 
2025-10-20 18:46:22,445 INFO 0 Mon Oct 20 18:46:22 2025 Epoch: 29
2025-10-20 18:49:28,669 INFO Final training  29/99loss: 26.1595time 186.22slr: 0.000416
2025-10-20 18:49:28,675 INFO --------------------------------------------------
2025-10-20 18:49:28,675 INFO 
2025-10-20 18:49:28,675 INFO 0 Mon Oct 20 18:49:28 2025 Epoch: 30
2025-10-20 18:52:35,319 INFO Final training  30/99loss: 25.4774time 186.64slr: 0.000410
2025-10-20 18:52:35,764 INFO --------------------------------------------------
2025-10-20 18:52:35,764 INFO 
2025-10-20 18:52:35,765 INFO 0 Mon Oct 20 18:52:35 2025 Epoch: 31
2025-10-20 18:55:42,682 INFO Final training  31/99loss: 24.7792time 186.92slr: 0.000404
2025-10-20 18:55:42,688 INFO --------------------------------------------------
2025-10-20 18:55:42,688 INFO 
2025-10-20 18:56:36,538 INFO Final validation stats 31/99, Val_acc: 0.481481, time 53.85s
2025-10-20 18:56:38,748 INFO --------------------------------------------------
2025-10-20 18:56:38,748 INFO 
2025-10-20 18:56:38,748 INFO 0 Mon Oct 20 18:56:38 2025 Epoch: 32
2025-10-20 18:59:45,981 INFO Final training  32/99loss: 23.4193time 187.23slr: 0.000398
2025-10-20 18:59:45,995 INFO --------------------------------------------------
2025-10-20 18:59:45,995 INFO 
2025-10-20 18:59:45,995 INFO 0 Mon Oct 20 18:59:45 2025 Epoch: 33
2025-10-20 19:02:52,550 INFO Final training  33/99loss: 21.2384time 186.56slr: 0.000391
2025-10-20 19:02:52,554 INFO --------------------------------------------------
2025-10-20 19:02:52,554 INFO 
2025-10-20 19:02:52,554 INFO 0 Mon Oct 20 19:02:52 2025 Epoch: 34
2025-10-20 19:05:58,011 INFO Final training  34/99loss: 23.2253time 185.46slr: 0.000384
2025-10-20 19:05:58,018 INFO --------------------------------------------------
2025-10-20 19:05:58,018 INFO 
2025-10-20 19:05:58,018 INFO 0 Mon Oct 20 19:05:58 2025 Epoch: 35
2025-10-20 19:09:02,461 INFO Final training  35/99loss: 22.4579time 184.44slr: 0.000377
2025-10-20 19:09:02,468 INFO --------------------------------------------------
2025-10-20 19:09:02,468 INFO 
2025-10-20 19:09:56,117 INFO Final validation stats 35/99, Val_acc: 0.518519, time 53.65s
2025-10-20 19:09:58,294 INFO --------------------------------------------------
2025-10-20 19:09:58,294 INFO 
2025-10-20 19:09:58,294 INFO 0 Mon Oct 20 19:09:58 2025 Epoch: 36
2025-10-20 19:13:05,018 INFO Final training  36/99loss: 18.2660time 186.72slr: 0.000370
2025-10-20 19:13:05,034 INFO --------------------------------------------------
2025-10-20 19:13:05,034 INFO 
2025-10-20 19:13:05,034 INFO 0 Mon Oct 20 19:13:05 2025 Epoch: 37
2025-10-20 19:16:11,296 INFO Final training  37/99loss: 18.4700time 186.26slr: 0.000363
2025-10-20 19:16:11,300 INFO --------------------------------------------------
2025-10-20 19:16:11,300 INFO 
2025-10-20 19:16:11,301 INFO 0 Mon Oct 20 19:16:11 2025 Epoch: 38
2025-10-20 19:19:17,098 INFO Final training  38/99loss: 21.6587time 185.80slr: 0.000356
2025-10-20 19:19:17,105 INFO --------------------------------------------------
2025-10-20 19:19:17,105 INFO 
2025-10-20 19:19:17,105 INFO 0 Mon Oct 20 19:19:17 2025 Epoch: 39
2025-10-20 19:22:23,578 INFO Final training  39/99loss: 19.6238time 186.47slr: 0.000348
2025-10-20 19:22:23,585 INFO --------------------------------------------------
2025-10-20 19:22:23,585 INFO 
2025-10-20 19:23:17,004 INFO Final validation stats 39/99, Val_acc: 0.481481, time 53.42s
2025-10-20 19:23:19,207 INFO --------------------------------------------------
2025-10-20 19:23:19,207 INFO 
2025-10-20 19:23:19,207 INFO 0 Mon Oct 20 19:23:19 2025 Epoch: 40
2025-10-20 19:26:24,943 INFO Final training  40/99loss: 20.7551time 185.74slr: 0.000341
2025-10-20 19:26:25,515 INFO --------------------------------------------------
2025-10-20 19:26:25,515 INFO 
2025-10-20 19:26:25,515 INFO 0 Mon Oct 20 19:26:25 2025 Epoch: 41
2025-10-20 19:29:30,757 INFO Final training  41/99loss: 15.9612time 185.24slr: 0.000333
2025-10-20 19:29:30,760 INFO --------------------------------------------------
2025-10-20 19:29:30,760 INFO 
2025-10-20 19:29:30,760 INFO 0 Mon Oct 20 19:29:30 2025 Epoch: 42
2025-10-20 19:32:37,735 INFO Final training  42/99loss: 20.4931time 186.98slr: 0.000326
2025-10-20 19:32:37,741 INFO --------------------------------------------------
2025-10-20 19:32:37,741 INFO 
2025-10-20 19:32:37,741 INFO 0 Mon Oct 20 19:32:37 2025 Epoch: 43
2025-10-20 19:35:44,171 INFO Final training  43/99loss: 17.1248time 186.43slr: 0.000318
2025-10-20 19:35:44,175 INFO --------------------------------------------------
2025-10-20 19:35:44,175 INFO 
2025-10-20 19:36:37,876 INFO Final validation stats 43/99, Val_acc: 0.444444, time 53.70s
2025-10-20 19:36:40,025 INFO --------------------------------------------------
2025-10-20 19:36:40,025 INFO 
2025-10-20 19:36:40,025 INFO 0 Mon Oct 20 19:36:40 2025 Epoch: 44
2025-10-20 19:39:46,214 INFO Final training  44/99loss: 19.8658time 186.19slr: 0.000310
2025-10-20 19:39:46,220 INFO --------------------------------------------------
2025-10-20 19:39:46,220 INFO 
2025-10-20 19:39:46,220 INFO 0 Mon Oct 20 19:39:46 2025 Epoch: 45
2025-10-20 19:42:53,050 INFO Final training  45/99loss: 18.9018time 186.83slr: 0.000302
2025-10-20 19:42:53,057 INFO --------------------------------------------------
2025-10-20 19:42:53,057 INFO 
2025-10-20 19:42:53,057 INFO 0 Mon Oct 20 19:42:53 2025 Epoch: 46
2025-10-20 19:45:59,142 INFO Final training  46/99loss: 15.8390time 186.08slr: 0.000294
2025-10-20 19:45:59,149 INFO --------------------------------------------------
2025-10-20 19:45:59,149 INFO 
2025-10-20 19:45:59,149 INFO 0 Mon Oct 20 19:45:59 2025 Epoch: 47
2025-10-20 19:49:06,148 INFO Final training  47/99loss: 19.0958time 187.00slr: 0.000286
2025-10-20 19:49:06,154 INFO --------------------------------------------------
2025-10-20 19:49:06,154 INFO 
2025-10-20 19:49:59,656 INFO Final validation stats 47/99, Val_acc: 0.481481, time 53.50s
2025-10-20 19:50:01,821 INFO --------------------------------------------------
2025-10-20 19:50:01,821 INFO 
2025-10-20 19:50:01,822 INFO 0 Mon Oct 20 19:50:01 2025 Epoch: 48
2025-10-20 19:53:08,575 INFO Final training  48/99loss: 18.9680time 186.75slr: 0.000278
2025-10-20 19:53:08,583 INFO --------------------------------------------------
2025-10-20 19:53:08,583 INFO 
2025-10-20 19:53:08,583 INFO 0 Mon Oct 20 19:53:08 2025 Epoch: 49
2025-10-20 19:56:15,589 INFO Final training  49/99loss: 17.5808time 187.01slr: 0.000270
2025-10-20 19:56:15,597 INFO --------------------------------------------------
2025-10-20 19:56:15,597 INFO 
2025-10-20 19:56:15,597 INFO 0 Mon Oct 20 19:56:15 2025 Epoch: 50
2025-10-20 19:59:21,162 INFO Final training  50/99loss: 18.5221time 185.56slr: 0.000262
2025-10-20 19:59:21,675 INFO --------------------------------------------------
2025-10-20 19:59:21,675 INFO 
2025-10-20 19:59:21,675 INFO 0 Mon Oct 20 19:59:21 2025 Epoch: 51
2025-10-20 20:02:26,145 INFO Final training  51/99loss: 18.2606time 184.47slr: 0.000254
2025-10-20 20:02:26,151 INFO --------------------------------------------------
2025-10-20 20:02:26,151 INFO 
2025-10-20 20:03:19,631 INFO Final validation stats 51/99, Val_acc: 0.444444, time 53.48s
2025-10-20 20:03:21,813 INFO [EarlyStopping] stopping training for validation accuracy
2025-10-20 20:03:22,268 INFO Training Finished !, Best Accuracy: 0.5925925925925926
2025-10-20 20:03:22,678 INFO ====================================================================================================
2025-10-20 20:03:30,908 INFO Total time spent: 10460
