2025-12-11 15:32:19,330 INFO Log directory: outputs/OrganoidsINRIA_reduced/swinvit/2025-12-11-15-32
2025-12-11 15:32:19,332 INFO {'RandFlipd_prob': 0.2,
 'RandRotate90d_prob': 0.2,
 'RandScaleIntensityd_prob': 0.1,
 'RandShiftIntensityd_prob': 0.1,
 'amp': True,
 'augmentation': True,
 'batch_size': 1,
 'cache_dataset': False,
 'checkpoint_path': None,
 'data_dir': '/home/mraffael/martone_project/Organoids_Dataset_256/',
 'dataset_name': 'OrganoidsINRIA_reduced',
 'debug': False,
 'debug_train_samples': 40,
 'debug_val_samples': 10,
 'dist_backend': 'nccl',
 'dist_url': 'tcp://127.0.0.1:23456',
 'distributed': False,
 'dropout_path_rate': 0.0,
 'dropout_rate': 0.0,
 'early_stopping': True,
 'encoder10_pth': '',
 'exact_class': False,
 'feature_size': 48,
 'fold': 0,
 'folds': False,
 'gpu': 0,
 'ignore_label': 3,
 'in_channels': 1,
 'infer_overlap': 0.5,
 'k_folds': 5,
 'logdir': 'test',
 'logs_dir': 'logs/',
 'loss_name': 'CE',
 'lrschedule': 'warmup_cosine',
 'max_epochs': 300,
 'min_delta_loss': 0.001,
 'min_delta_val': 0.01,
 'model_name': 'swinvit',
 'momentum': 0.99,
 'noamp': False,
 'norm_name': 'instance',
 'oar_id': 2154408,
 'optim_lr': 0.0005,
 'optim_name': 'adamw',
 'out_channels': 1,
 'output_dir': 'outputs/',
 'patch_merging': False,
 'patience_loss': 40,
 'patience_val': 40,
 'pretrained_dir': None,
 'pretrained_model_name': None,
 'rank': 0,
 'reg_weight': 5e-05,
 'restart_T0': 20,
 'resume_ckpt': False,
 'roi_x': 128,
 'roi_y': 128,
 'roi_z': 128,
 'save_checkpoint': True,
 'seed': 3,
 'similarity_loss': '',
 'similarity_loss_weight': 0.0,
 'spatial_dims': 3,
 'split_method': 'stratified',
 'start_epoch': 0,
 'sw_batch_size': 2,
 'telegram_log': True,
 'test_mode': False,
 'token': './token/tlg_token.txt',
 'use_checkpoint': False,
 'val_every': 2,
 'warmup_epochs': 5,
 'workers': 8,
 'world_size': 1}
2025-12-11 15:32:19,332 INFO 
2025-12-11 15:32:19,336 INFO Saved configuration to: outputs/OrganoidsINRIA_reduced/swinvit/2025-12-11-15-32/config.txt
2025-12-11 15:32:20,095 INFO Using GPU: 0
2025-12-11 15:32:20,095 INFO 
2025-12-11 15:32:20,095 INFO Model INFO:
2025-12-11 15:32:20,095 INFO Model architecture: swinvit
2025-12-11 15:32:20,540 WARNING Warning: pretrained model not found at 'None'
2025-12-11 15:32:20,541 INFO Using SwinViT with Single Linear Classification Head
2025-12-11 15:32:20,543 INFO Total trainable parameters: 8,064,309
2025-12-11 15:32:20,557 INFO 
2025-12-11 15:32:20,557 INFO Optimizer INFO:
2025-12-11 15:32:20,557 INFO Using optimizer: adamw with lr=0.0005, weight_decay=5e-05
2025-12-11 15:32:20,557 INFO 
2025-12-11 15:32:20,557 INFO Dataset INFO:
2025-12-11 15:32:20,636 INFO Dataset length: 721
2025-12-11 15:32:20,636 INFO Class distribution in entire dataset:
2025-12-11 15:32:20,636 INFO   Class 0: 351
2025-12-11 15:32:20,636 INFO   Class 1: 38
2025-12-11 15:32:20,636 INFO   Class 2: 332
2025-12-11 15:32:20,636 INFO 
Using split method: stratified
2025-12-11 15:32:20,646 INFO 
Train set balance:
2025-12-11 15:32:20,646 INFO 
Val set balance:
2025-12-11 15:32:20,646 INFO Training set length: 577
2025-12-11 15:32:20,646 INFO Validation set length: 144
2025-12-11 15:32:20,646 INFO 
Using standard shuffle for training
2025-12-11 15:32:20,647 INFO Training loader: 577 batches
2025-12-11 15:32:20,647 INFO Validation loader: 144 batches
2025-12-11 15:32:20,647 INFO 
Class distribution in training set:
2025-12-11 15:32:20,647 INFO   Class 0: 281 (48.7%)
2025-12-11 15:32:20,647 INFO   Class 1: 30 (5.2%)
2025-12-11 15:32:20,647 INFO   Class 2: 266 (46.1%)
2025-12-11 15:32:20,647 INFO Class distribution in validation set:
2025-12-11 15:32:20,647 INFO   Class 0: 70 (48.6%)
2025-12-11 15:32:20,647 INFO   Class 1: 8 (5.6%)
2025-12-11 15:32:20,647 INFO   Class 2: 66 (45.8%)
2025-12-11 15:32:20,647 INFO **************************************************
2025-12-11 15:32:20,796 INFO Class weights: [ 6.845  64.111  7.231]
2025-12-11 15:32:20,796 INFO 
2025-12-11 15:32:20,796 INFO Test Dataset INFO:
2025-12-11 15:32:20,823 INFO Test Dataset length: 82
2025-12-11 15:32:20,823 INFO Class distribution in test dataset:
2025-12-11 15:32:20,823 INFO   Class 0: 40
2025-12-11 15:32:20,823 INFO   Class 1: 5
2025-12-11 15:32:20,823 INFO   Class 2: 37
2025-12-11 15:32:20,823 INFO Test loader: 82 batches
2025-12-11 15:32:20,823 INFO **************************************************
2025-12-11 15:32:20,823 INFO 
2025-12-11 15:32:20,823 INFO Using loss function: CE
2025-12-11 15:32:20,827 INFO **************************************************
2025-12-11 15:32:20,827 INFO Starting training...
2025-12-11 15:32:20,829 INFO 0 Thu Dec 11 15:32:20 2025 Epoch: 1
2025-12-11 15:42:56,445 INFO Final training 1/300, loss: 1.4584, time 635.62s, lr: 0.000000
Accuracy: 0.052
class                  precision    recall   specificity      f1   support
--------------------------------------------------------------------------
0                          0.000     0.000         1.000   0.000       281
1                          0.052     1.000         0.000   0.099        30
2                          0.000     0.000         1.000   0.000       266
*----------------------------------------*
2025-12-11 15:42:56,882 INFO 0 Thu Dec 11 15:42:56 2025 Epoch: 2
2025-12-11 15:53:25,331 INFO Final training 2/300, loss: 0.8725, time 628.45s, lr: 0.000125
Accuracy: 0.678
class                  precision    recall   specificity      f1   support
--------------------------------------------------------------------------
0                          0.687     0.694         0.699   0.690       281
1                          0.000     0.000         0.996   0.000        30
2                          0.674     0.737         0.695   0.704       266
*----------------------------------------*
2025-12-11 15:55:06,993 INFO Final validation 2/300, Val_acc: 0.8194, time 101.66sAccuracy: 0.819
class                  precision    recall   specificity      f1   support
--------------------------------------------------------------------------
0                          0.838     0.814         0.851   0.826        70
1                          0.000     0.000         1.000   0.000         8
2                          0.803     0.924         0.808   0.859        66
*========================================*
2025-12-11 15:55:06,993 INFO New best (0.000000 --> 0.819444)
2025-12-11 15:55:10,081 INFO Copying best model to best_model.pt
2025-12-11 15:55:11,051 INFO 0 Thu Dec 11 15:55:11 2025 Epoch: 3
2025-12-11 16:05:39,085 INFO Final training 3/300, loss: 0.7448, time 628.03s, lr: 0.000250
Accuracy: 0.700
class                  precision    recall   specificity      f1   support
--------------------------------------------------------------------------
0                          0.681     0.790         0.649   0.731       281
1                          0.250     0.033         0.995   0.059        30
2                          0.733     0.680         0.788   0.706       266
*----------------------------------------*
2025-12-11 16:05:39,085 INFO 0 Thu Dec 11 16:05:39 2025 Epoch: 4
2025-12-11 16:16:06,955 INFO Final training 4/300, loss: 0.6478, time 627.87s, lr: 0.000375
Accuracy: 0.766
class                  precision    recall   specificity      f1   support
--------------------------------------------------------------------------
0                          0.762     0.819         0.757   0.789       281
1                          0.000     0.000         1.000   0.000        30
2                          0.771     0.797         0.797   0.784       266
*----------------------------------------*
2025-12-11 16:17:17,364 INFO Final validation 4/300, Val_acc: 0.7847, time 70.41sAccuracy: 0.785
class                  precision    recall   specificity      f1   support
--------------------------------------------------------------------------
0                          0.862     0.714         0.892   0.781        70
1                          0.000     0.000         1.000   0.000         8
2                          0.733     0.955         0.705   0.829        66
*========================================*
2025-12-11 16:17:18,807 INFO 0 Thu Dec 11 16:17:18 2025 Epoch: 5
2025-12-11 16:27:46,974 INFO Final training 5/300, loss: 0.6609, time 628.17s, lr: 0.000500
Accuracy: 0.759
class                  precision    recall   specificity      f1   support
--------------------------------------------------------------------------
0                          0.771     0.779         0.780   0.775       281
1                          0.000     0.000         1.000   0.000        30
2                          0.747     0.823         0.762   0.784       266
*----------------------------------------*
2025-12-11 16:27:46,974 INFO 0 Thu Dec 11 16:27:46 2025 Epoch: 6
2025-12-11 16:38:15,444 INFO Final training 6/300, loss: 0.6607, time 628.47s, lr: 0.000500
Accuracy: 0.750
class                  precision    recall   specificity      f1   support
--------------------------------------------------------------------------
0                          0.780     0.758         0.797   0.769       281
1                          0.000     0.000         1.000   0.000        30
2                          0.724     0.827         0.730   0.772       266
*----------------------------------------*
2025-12-11 16:39:25,850 INFO Final validation 6/300, Val_acc: 0.7153, time 70.41sAccuracy: 0.715
class                  precision    recall   specificity      f1   support
--------------------------------------------------------------------------
0                          0.927     0.543         0.959   0.685        70
1                          0.000     0.000         1.000   0.000         8
2                          0.631     0.985         0.513   0.769        66
*========================================*
2025-12-11 16:39:27,347 INFO 0 Thu Dec 11 16:39:27 2025 Epoch: 7
2025-12-11 16:49:55,344 INFO Final training 7/300, loss: 0.5870, time 628.00s, lr: 0.000500
Accuracy: 0.769
class                  precision    recall   specificity      f1   support
--------------------------------------------------------------------------
0                          0.782     0.815         0.784   0.798       281
1                          0.000     0.000         1.000   0.000        30
2                          0.757     0.808         0.778   0.782       266
*----------------------------------------*
2025-12-11 16:49:55,344 INFO 0 Thu Dec 11 16:49:55 2025 Epoch: 8
2025-12-11 17:00:23,624 INFO Final training 8/300, loss: 0.5854, time 628.28s, lr: 0.000500
Accuracy: 0.766
class                  precision    recall   specificity      f1   support
--------------------------------------------------------------------------
0                          0.768     0.815         0.767   0.791       281
1                          0.000     0.000         1.000   0.000        30
2                          0.763     0.801         0.788   0.782       266
*----------------------------------------*
2025-12-11 17:01:33,712 INFO Final validation 8/300, Val_acc: 0.8333, time 70.09sAccuracy: 0.833
class                  precision    recall   specificity      f1   support
--------------------------------------------------------------------------
0                          0.816     0.886         0.811   0.849        70
1                          0.000     0.000         1.000   0.000         8
2                          0.853     0.879         0.872   0.866        66
*========================================*
2025-12-11 17:01:33,712 INFO New best (0.819444 --> 0.833333)
2025-12-11 17:01:36,533 INFO Copying best model to best_model.pt
2025-12-11 17:01:37,524 INFO 0 Thu Dec 11 17:01:37 2025 Epoch: 9
2025-12-11 17:12:05,809 INFO Final training 9/300, loss: 0.5748, time 628.28s, lr: 0.000500
Accuracy: 0.792
class                  precision    recall   specificity      f1   support
--------------------------------------------------------------------------
0                          0.789     0.836         0.787   0.812       281
1                          0.000     0.000         1.000   0.000        30
2                          0.796     0.835         0.817   0.815       266
*----------------------------------------*
2025-12-11 17:12:05,809 INFO 0 Thu Dec 11 17:12:05 2025 Epoch: 10
2025-12-11 17:22:34,268 INFO Final training 10/300, loss: 0.5641, time 628.46s, lr: 0.000500
Accuracy: 0.787
class                  precision    recall   specificity      f1   support
--------------------------------------------------------------------------
0                          0.796     0.819         0.801   0.807       281
1                          0.000     0.000         0.995   0.000        30
2                          0.786     0.842         0.804   0.813       266
*----------------------------------------*
2025-12-11 17:23:44,282 INFO Final validation 10/300, Val_acc: 0.8264, time 70.01sAccuracy: 0.826
class                  precision    recall   specificity      f1   support
--------------------------------------------------------------------------
0                          0.851     0.814         0.865   0.832        70
1                          0.000     0.000         1.000   0.000         8
2                          0.805     0.939         0.808   0.867        66
*========================================*
2025-12-11 17:23:45,804 INFO 0 Thu Dec 11 17:23:45 2025 Epoch: 11
2025-12-11 17:34:14,019 INFO Final training 11/300, loss: 0.5586, time 628.22s, lr: 0.000500
Accuracy: 0.763
class                  precision    recall   specificity      f1   support
--------------------------------------------------------------------------
0                          0.787     0.790         0.797   0.789       281
1                          0.000     0.000         0.995   0.000        30
2                          0.747     0.820         0.762   0.781       266
*----------------------------------------*
2025-12-11 17:34:14,450 INFO 0 Thu Dec 11 17:34:14 2025 Epoch: 12
2025-12-11 17:44:42,830 INFO Final training 12/300, loss: 0.6014, time 628.38s, lr: 0.000499
Accuracy: 0.752
class                  precision    recall   specificity      f1   support
--------------------------------------------------------------------------
0                          0.768     0.776         0.777   0.772       281
1                          0.000     0.000         0.996   0.000        30
2                          0.742     0.812         0.759   0.776       266
*----------------------------------------*
2025-12-11 17:45:52,636 INFO Final validation 12/300, Val_acc: 0.7153, time 69.81sAccuracy: 0.715
class                  precision    recall   specificity      f1   support
--------------------------------------------------------------------------
0                          0.854     0.586         0.905   0.695        70
1                          0.000     0.000         1.000   0.000         8
2                          0.646     0.939         0.564   0.765        66
*========================================*
2025-12-11 17:45:54,172 INFO 0 Thu Dec 11 17:45:54 2025 Epoch: 13
2025-12-11 17:56:22,520 INFO Final training 13/300, loss: 0.7983, time 628.35s, lr: 0.000499
Accuracy: 0.615
class                  precision    recall   specificity      f1   support
--------------------------------------------------------------------------
0                          0.630     0.630         0.649   0.630       281
1                          0.000     0.000         0.998   0.000        30
2                          0.603     0.669         0.624   0.635       266
*----------------------------------------*
2025-12-11 17:56:22,520 INFO 0 Thu Dec 11 17:56:22 2025 Epoch: 14
2025-12-11 18:06:51,053 INFO Final training 14/300, loss: 0.5630, time 628.53s, lr: 0.000499
Accuracy: 0.757
class                  precision    recall   specificity      f1   support
--------------------------------------------------------------------------
0                          0.773     0.786         0.780   0.780       281
1                          0.333     0.033         0.996   0.061        30
2                          0.747     0.808         0.765   0.776       266
*----------------------------------------*
2025-12-11 18:08:01,063 INFO Final validation 14/300, Val_acc: 0.7986, time 70.01sAccuracy: 0.799
class                  precision    recall   specificity      f1   support
--------------------------------------------------------------------------
0                          0.855     0.757         0.878   0.803        70
1                          0.000     0.000         1.000   0.000         8
2                          0.756     0.939         0.744   0.838        66
*========================================*
2025-12-11 18:08:02,636 INFO 0 Thu Dec 11 18:08:02 2025 Epoch: 15
2025-12-11 18:18:30,966 INFO Final training 15/300, loss: 0.5264, time 628.33s, lr: 0.000499
Accuracy: 0.780
class                  precision    recall   specificity      f1   support
--------------------------------------------------------------------------
0                          0.787     0.815         0.791   0.801       281
1                          0.000     0.000         0.995   0.000        30
2                          0.781     0.831         0.801   0.805       266
*----------------------------------------*
2025-12-11 18:18:30,966 INFO 0 Thu Dec 11 18:18:30 2025 Epoch: 16
2025-12-11 18:28:59,395 INFO Final training 16/300, loss: 0.4973, time 628.43s, lr: 0.000499
Accuracy: 0.790
class                  precision    recall   specificity      f1   support
--------------------------------------------------------------------------
0                          0.799     0.822         0.804   0.811       281
1                          0.333     0.100         0.989   0.154        30
2                          0.796     0.835         0.817   0.815       266
*----------------------------------------*
2025-12-11 18:30:09,319 INFO Final validation 16/300, Val_acc: 0.7153, time 69.92sAccuracy: 0.715
class                  precision    recall   specificity      f1   support
--------------------------------------------------------------------------
0                          0.642     1.000         0.473   0.782        70
1                          0.000     0.000         1.000   0.000         8
2                          0.943     0.500         0.974   0.653        66
*========================================*
2025-12-11 18:30:10,843 INFO 0 Thu Dec 11 18:30:10 2025 Epoch: 17
2025-12-11 18:40:39,204 INFO Final training 17/300, loss: 0.6951, time 628.36s, lr: 0.000498
Accuracy: 0.716
class                  precision    recall   specificity      f1   support
--------------------------------------------------------------------------
0                          0.727     0.769         0.726   0.747       281
1                          0.000     0.000         0.996   0.000        30
2                          0.709     0.741         0.740   0.724       266
*----------------------------------------*
2025-12-11 18:40:39,204 INFO 0 Thu Dec 11 18:40:39 2025 Epoch: 18
2025-12-11 18:51:07,455 INFO Final training 18/300, loss: 0.8635, time 628.25s, lr: 0.000498
Accuracy: 0.510
class                  precision    recall   specificity      f1   support
--------------------------------------------------------------------------
0                          0.527     0.616         0.476   0.568       281
1                          0.000     0.000         0.996   0.000        30
2                          0.490     0.455         0.595   0.472       266
*----------------------------------------*
2025-12-11 18:52:17,652 INFO Final validation 18/300, Val_acc: 0.4861, time 70.20sAccuracy: 0.486
class                  precision    recall   specificity      f1   support
--------------------------------------------------------------------------
0                          0.486     1.000         0.000   0.654        70
1                          0.000     0.000         1.000   0.000         8
2                          0.000     0.000         1.000   0.000        66
*========================================*
2025-12-11 18:52:19,311 INFO 0 Thu Dec 11 18:52:19 2025 Epoch: 19
2025-12-11 19:02:47,748 INFO Final training 19/300, loss: 0.8811, time 628.44s, lr: 0.000498
Accuracy: 0.480
class                  precision    recall   specificity      f1   support
--------------------------------------------------------------------------
0                          0.490     0.498         0.507   0.494       281
1                          0.000     0.000         1.000   0.000        30
2                          0.471     0.515         0.505   0.492       266
*----------------------------------------*
2025-12-11 19:02:47,749 INFO 0 Thu Dec 11 19:02:47 2025 Epoch: 20
2025-12-11 19:13:16,132 INFO Final training 20/300, loss: 0.8813, time 628.38s, lr: 0.000497
Accuracy: 0.466
class                  precision    recall   specificity      f1   support
--------------------------------------------------------------------------
0                          0.485     0.530         0.466   0.507       281
1                          0.000     0.000         1.000   0.000        30
2                          0.444     0.451         0.518   0.448       266
*----------------------------------------*
2025-12-11 19:14:25,979 INFO Final validation 20/300, Val_acc: 0.4583, time 69.85sAccuracy: 0.458
class                  precision    recall   specificity      f1   support
--------------------------------------------------------------------------
0                          0.000     0.000         1.000   0.000        70
1                          0.000     0.000         1.000   0.000         8
2                          0.458     1.000         0.000   0.629        66
*========================================*
2025-12-11 19:14:27,534 INFO 0 Thu Dec 11 19:14:27 2025 Epoch: 21
2025-12-11 19:24:56,001 INFO Final training 21/300, loss: 0.8801, time 628.47s, lr: 0.000497
Accuracy: 0.484
class                  precision    recall   specificity      f1   support
--------------------------------------------------------------------------
0                          0.497     0.523         0.497   0.510       281
1                          0.000     0.000         1.000   0.000        30
2                          0.470     0.496         0.521   0.483       266
*----------------------------------------*
2025-12-11 19:24:56,473 INFO 0 Thu Dec 11 19:24:56 2025 Epoch: 22
2025-12-11 19:35:24,760 INFO Final training 22/300, loss: 0.8918, time 628.29s, lr: 0.000496
Accuracy: 0.471
class                  precision    recall   specificity      f1   support
--------------------------------------------------------------------------
0                          0.488     0.626         0.375   0.548       281
1                          0.000     0.000         1.000   0.000        30
2                          0.444     0.361         0.614   0.398       266
*----------------------------------------*
2025-12-11 19:36:35,045 INFO Final validation 22/300, Val_acc: 0.4583, time 70.28sAccuracy: 0.458
class                  precision    recall   specificity      f1   support
--------------------------------------------------------------------------
0                          0.000     0.000         1.000   0.000        70
1                          0.000     0.000         1.000   0.000         8
2                          0.458     1.000         0.000   0.629        66
*========================================*
2025-12-11 19:36:36,564 INFO 0 Thu Dec 11 19:36:36 2025 Epoch: 23
2025-12-11 19:47:04,938 INFO Final training 23/300, loss: 0.8812, time 628.37s, lr: 0.000496
Accuracy: 0.468
class                  precision    recall   specificity      f1   support
--------------------------------------------------------------------------
0                          0.477     0.516         0.463   0.496       281
1                          0.000     0.000         1.000   0.000        30
2                          0.458     0.470         0.524   0.464       266
*----------------------------------------*
2025-12-11 19:47:04,939 INFO 0 Thu Dec 11 19:47:04 2025 Epoch: 24
2025-12-11 19:57:33,254 INFO Final training 24/300, loss: 0.8751, time 628.32s, lr: 0.000495
Accuracy: 0.478
class                  precision    recall   specificity      f1   support
--------------------------------------------------------------------------
0                          0.487     0.537         0.463   0.511       281
1                          0.000     0.000         1.000   0.000        30
2                          0.468     0.470         0.543   0.469       266
*----------------------------------------*
2025-12-11 19:58:42,886 INFO Final validation 24/300, Val_acc: 0.4861, time 69.63sAccuracy: 0.486
class                  precision    recall   specificity      f1   support
--------------------------------------------------------------------------
0                          0.486     1.000         0.000   0.654        70
1                          0.000     0.000         1.000   0.000         8
2                          0.000     0.000         1.000   0.000        66
*========================================*
2025-12-11 19:58:44,490 INFO 0 Thu Dec 11 19:58:44 2025 Epoch: 25
2025-12-11 20:09:12,382 INFO Final training 25/300, loss: 0.8820, time 627.89s, lr: 0.000495
Accuracy: 0.475
class                  precision    recall   specificity      f1   support
--------------------------------------------------------------------------
0                          0.480     0.655         0.328   0.554       281
1                          0.000     0.000         1.000   0.000        30
2                          0.464     0.338         0.666   0.391       266
*----------------------------------------*
2025-12-11 20:09:12,383 INFO 0 Thu Dec 11 20:09:12 2025 Epoch: 26
2025-12-11 20:19:40,692 INFO Final training 26/300, loss: 0.8782, time 628.31s, lr: 0.000494
Accuracy: 0.492
class                  precision    recall   specificity      f1   support
--------------------------------------------------------------------------
0                          0.496     0.594         0.426   0.540       281
1                          0.000     0.000         1.000   0.000        30
2                          0.487     0.440         0.605   0.462       266
*----------------------------------------*
2025-12-11 20:20:51,265 INFO Final validation 26/300, Val_acc: 0.4583, time 70.57sAccuracy: 0.458
class                  precision    recall   specificity      f1   support
--------------------------------------------------------------------------
0                          0.000     0.000         1.000   0.000        70
1                          0.000     0.000         1.000   0.000         8
2                          0.458     1.000         0.000   0.629        66
*========================================*
2025-12-11 20:20:52,776 INFO 0 Thu Dec 11 20:20:52 2025 Epoch: 27
2025-12-11 20:31:20,997 INFO Final training 27/300, loss: 0.8815, time 628.22s, lr: 0.000494
Accuracy: 0.484
class                  precision    recall   specificity      f1   support
--------------------------------------------------------------------------
0                          0.504     0.470         0.561   0.486       281
1                          0.000     0.000         1.000   0.000        30
2                          0.467     0.553         0.460   0.506       266
*----------------------------------------*
2025-12-11 20:31:20,997 INFO 0 Thu Dec 11 20:31:20 2025 Epoch: 28
2025-12-11 20:41:49,286 INFO Final training 28/300, loss: 0.8745, time 628.29s, lr: 0.000493
Accuracy: 0.508
class                  precision    recall   specificity      f1   support
--------------------------------------------------------------------------
0                          0.515     0.534         0.524   0.524       281
1                          0.000     0.000         1.000   0.000        30
2                          0.500     0.538         0.540   0.518       266
*----------------------------------------*
2025-12-11 20:42:59,473 INFO Final validation 28/300, Val_acc: 0.4861, time 70.19sAccuracy: 0.486
class                  precision    recall   specificity      f1   support
--------------------------------------------------------------------------
0                          0.486     1.000         0.000   0.654        70
1                          0.000     0.000         1.000   0.000         8
2                          0.000     0.000         1.000   0.000        66
*========================================*
2025-12-11 20:43:00,995 INFO 0 Thu Dec 11 20:43:00 2025 Epoch: 29
2025-12-11 20:53:28,901 INFO Final training 29/300, loss: 0.8767, time 627.91s, lr: 0.000493
Accuracy: 0.497
class                  precision    recall   specificity      f1   support
--------------------------------------------------------------------------
0                          0.509     0.598         0.453   0.550       281
1                          0.000     0.000         1.000   0.000        30
2                          0.482     0.447         0.588   0.464       266
*----------------------------------------*
2025-12-11 20:53:28,902 INFO 0 Thu Dec 11 20:53:28 2025 Epoch: 30
2025-12-11 21:03:57,591 INFO Final training 30/300, loss: 0.8720, time 628.69s, lr: 0.000492
Accuracy: 0.496
class                  precision    recall   specificity      f1   support
--------------------------------------------------------------------------
0                          0.503     0.530         0.503   0.516       281
1                          0.000     0.000         1.000   0.000        30
2                          0.488     0.515         0.537   0.501       266
*----------------------------------------*
2025-12-11 21:05:07,718 INFO Final validation 30/300, Val_acc: 0.4861, time 70.13sAccuracy: 0.486
class                  precision    recall   specificity      f1   support
--------------------------------------------------------------------------
0                          0.486     1.000         0.000   0.654        70
1                          0.000     0.000         1.000   0.000         8
2                          0.000     0.000         1.000   0.000        66
*========================================*
2025-12-11 21:05:09,833 INFO 0 Thu Dec 11 21:05:09 2025 Epoch: 31
2025-12-11 21:15:37,864 INFO Final training 31/300, loss: 0.8759, time 628.03s, lr: 0.000491
Accuracy: 0.480
class                  precision    recall   specificity      f1   support
--------------------------------------------------------------------------
0                          0.493     0.633         0.382   0.555       281
1                          0.000     0.000         1.000   0.000        30
2                          0.458     0.372         0.624   0.411       266
*----------------------------------------*
2025-12-11 21:15:38,327 INFO 0 Thu Dec 11 21:15:38 2025 Epoch: 32
2025-12-11 21:26:06,785 INFO Final training 32/300, loss: 0.8752, time 628.46s, lr: 0.000490
Accuracy: 0.456
class                  precision    recall   specificity      f1   support
--------------------------------------------------------------------------
0                          0.465     0.548         0.402   0.503       281
1                          0.000     0.000         1.000   0.000        30
2                          0.443     0.410         0.559   0.426       266
*----------------------------------------*
2025-12-11 21:27:16,930 INFO Final validation 32/300, Val_acc: 0.4861, time 70.14sAccuracy: 0.486
class                  precision    recall   specificity      f1   support
--------------------------------------------------------------------------
0                          0.486     1.000         0.000   0.654        70
1                          0.000     0.000         1.000   0.000         8
2                          0.000     0.000         1.000   0.000        66
*========================================*
2025-12-11 21:27:18,481 INFO 0 Thu Dec 11 21:27:18 2025 Epoch: 33
2025-12-11 21:37:46,772 INFO Final training 33/300, loss: 0.8803, time 628.29s, lr: 0.000490
Accuracy: 0.484
class                  precision    recall   specificity      f1   support
--------------------------------------------------------------------------
0                          0.494     0.591         0.426   0.538       281
1                          0.000     0.000         1.000   0.000        30
2                          0.469     0.425         0.588   0.446       266
*----------------------------------------*
2025-12-11 21:37:46,773 INFO 0 Thu Dec 11 21:37:46 2025 Epoch: 34
2025-12-11 21:48:15,071 INFO Final training 34/300, loss: 0.8747, time 628.30s, lr: 0.000489
Accuracy: 0.466
class                  precision    recall   specificity      f1   support
--------------------------------------------------------------------------
0                          0.484     0.541         0.453   0.511       281
1                          0.000     0.000         1.000   0.000        30
2                          0.445     0.440         0.531   0.442       266
*----------------------------------------*
2025-12-11 21:49:25,447 INFO Final validation 34/300, Val_acc: 0.4583, time 70.38sAccuracy: 0.458
class                  precision    recall   specificity      f1   support
--------------------------------------------------------------------------
0                          0.000     0.000         1.000   0.000        70
1                          0.000     0.000         1.000   0.000         8
2                          0.458     1.000         0.000   0.629        66
*========================================*
2025-12-11 21:49:27,025 INFO 0 Thu Dec 11 21:49:27 2025 Epoch: 35
2025-12-11 21:59:55,444 INFO Final training 35/300, loss: 0.8751, time 628.42s, lr: 0.000488
Accuracy: 0.471
class                  precision    recall   specificity      f1   support
--------------------------------------------------------------------------
0                          0.485     0.456         0.541   0.470       281
1                          0.000     0.000         1.000   0.000        30
2                          0.460     0.541         0.457   0.497       266
*----------------------------------------*
2025-12-11 21:59:55,445 INFO 0 Thu Dec 11 21:59:55 2025 Epoch: 36
2025-12-11 22:10:23,826 INFO Final training 36/300, loss: 0.8765, time 628.38s, lr: 0.000487
Accuracy: 0.440
class                  precision    recall   specificity      f1   support
--------------------------------------------------------------------------
0                          0.451     0.438         0.493   0.444       281
1                          0.000     0.000         1.000   0.000        30
2                          0.431     0.492         0.444   0.460       266
*----------------------------------------*
2025-12-11 22:11:34,130 INFO Final validation 36/300, Val_acc: 0.4583, time 70.30sAccuracy: 0.458
class                  precision    recall   specificity      f1   support
--------------------------------------------------------------------------
0                          0.000     0.000         1.000   0.000        70
1                          0.000     0.000         1.000   0.000         8
2                          0.458     1.000         0.000   0.629        66
*========================================*
2025-12-11 22:11:36,224 INFO 0 Thu Dec 11 22:11:36 2025 Epoch: 37
2025-12-11 22:22:04,542 INFO Final training 37/300, loss: 0.8775, time 628.32s, lr: 0.000486
Accuracy: 0.449
class                  precision    recall   specificity      f1   support
--------------------------------------------------------------------------
0                          0.463     0.520         0.429   0.490       281
1                          0.000     0.000         1.000   0.000        30
2                          0.431     0.425         0.521   0.428       266
*----------------------------------------*
2025-12-11 22:22:04,542 INFO 0 Thu Dec 11 22:22:04 2025 Epoch: 38
2025-12-11 22:32:32,903 INFO Final training 38/300, loss: 0.8759, time 628.36s, lr: 0.000486
Accuracy: 0.480
class                  precision    recall   specificity      f1   support
--------------------------------------------------------------------------
0                          0.490     0.530         0.476   0.509       281
1                          0.000     0.000         1.000   0.000        30
2                          0.469     0.481         0.534   0.475       266
*----------------------------------------*
2025-12-11 22:33:43,175 INFO Final validation 38/300, Val_acc: 0.4583, time 70.27sAccuracy: 0.458
class                  precision    recall   specificity      f1   support
--------------------------------------------------------------------------
0                          0.000     0.000         1.000   0.000        70
1                          0.000     0.000         1.000   0.000         8
2                          0.458     1.000         0.000   0.629        66
*========================================*
2025-12-11 22:33:44,760 INFO 0 Thu Dec 11 22:33:44 2025 Epoch: 39
2025-12-11 22:44:13,253 INFO Final training 39/300, loss: 0.8716, time 628.49s, lr: 0.000485
Accuracy: 0.487
class                  precision    recall   specificity      f1   support
--------------------------------------------------------------------------
0                          0.489     0.637         0.368   0.553       281
1                          0.000     0.000         1.000   0.000        30
2                          0.483     0.383         0.650   0.428       266
*----------------------------------------*
2025-12-11 22:44:13,253 INFO 0 Thu Dec 11 22:44:13 2025 Epoch: 40
2025-12-11 22:54:41,663 INFO Final training 40/300, loss: 0.8733, time 628.41s, lr: 0.000484
Accuracy: 0.473
class                  precision    recall   specificity      f1   support
--------------------------------------------------------------------------
0                          0.485     0.633         0.361   0.549       281
1                          0.000     0.000         1.000   0.000        30
2                          0.452     0.357         0.630   0.399       266
*----------------------------------------*
2025-12-11 22:55:52,303 INFO Final validation 40/300, Val_acc: 0.4583, time 70.64sAccuracy: 0.458
class                  precision    recall   specificity      f1   support
--------------------------------------------------------------------------
0                          0.000     0.000         1.000   0.000        70
1                          0.000     0.000         1.000   0.000         8
2                          0.458     1.000         0.000   0.629        66
*========================================*
2025-12-11 22:55:53,799 INFO 0 Thu Dec 11 22:55:53 2025 Epoch: 41
2025-12-11 23:06:21,946 INFO Final training 41/300, loss: 0.8764, time 628.15s, lr: 0.000483
Accuracy: 0.501
class                  precision    recall   specificity      f1   support
--------------------------------------------------------------------------
0                          0.514     0.580         0.480   0.545       281
1                          0.000     0.000         1.000   0.000        30
2                          0.485     0.474         0.569   0.479       266
*----------------------------------------*
2025-12-11 23:06:22,428 INFO 0 Thu Dec 11 23:06:22 2025 Epoch: 42
2025-12-11 23:16:50,813 INFO Final training 42/300, loss: 0.8716, time 628.38s, lr: 0.000482
Accuracy: 0.463
class                  precision    recall   specificity      f1   support
--------------------------------------------------------------------------
0                          0.478     0.498         0.483   0.488       281
1                          0.000     0.000         1.000   0.000        30
2                          0.447     0.477         0.495   0.462       266
*----------------------------------------*
2025-12-11 23:18:01,102 INFO Final validation 42/300, Val_acc: 0.4861, time 70.29sAccuracy: 0.486
class                  precision    recall   specificity      f1   support
--------------------------------------------------------------------------
0                          0.486     1.000         0.000   0.654        70
1                          0.000     0.000         1.000   0.000         8
2                          0.000     0.000         1.000   0.000        66
*========================================*
2025-12-11 23:18:03,226 INFO 0 Thu Dec 11 23:18:03 2025 Epoch: 43
2025-12-11 23:28:31,611 INFO Final training 43/300, loss: 0.8695, time 628.38s, lr: 0.000481
Accuracy: 0.497
class                  precision    recall   specificity      f1   support
--------------------------------------------------------------------------
0                          0.499     0.698         0.334   0.582       281
1                          0.000     0.000         1.000   0.000        30
2                          0.495     0.342         0.701   0.404       266
*----------------------------------------*
2025-12-11 23:28:31,611 INFO 0 Thu Dec 11 23:28:31 2025 Epoch: 44
2025-12-11 23:38:59,979 INFO Final training 44/300, loss: 0.8745, time 628.37s, lr: 0.000480
Accuracy: 0.463
class                  precision    recall   specificity      f1   support
--------------------------------------------------------------------------
0                          0.476     0.484         0.493   0.480       281
1                          0.000     0.000         1.000   0.000        30
2                          0.450     0.492         0.486   0.470       266
*----------------------------------------*
2025-12-11 23:40:10,545 INFO Final validation 44/300, Val_acc: 0.4861, time 70.57sAccuracy: 0.486
class                  precision    recall   specificity      f1   support
--------------------------------------------------------------------------
0                          0.486     1.000         0.000   0.654        70
1                          0.000     0.000         1.000   0.000         8
2                          0.000     0.000         1.000   0.000        66
*========================================*
2025-12-11 23:40:12,060 INFO 0 Thu Dec 11 23:40:12 2025 Epoch: 45
2025-12-11 23:50:40,272 INFO Final training 45/300, loss: 0.8769, time 628.21s, lr: 0.000479
Accuracy: 0.459
class                  precision    recall   specificity      f1   support
--------------------------------------------------------------------------
0                          0.473     0.598         0.368   0.528       281
1                          0.000     0.000         1.000   0.000        30
2                          0.437     0.365         0.598   0.398       266
*----------------------------------------*
2025-12-11 23:50:40,272 INFO 0 Thu Dec 11 23:50:40 2025 Epoch: 46
2025-12-12 00:01:08,532 INFO Final training 46/300, loss: 0.8800, time 628.26s, lr: 0.000478
Accuracy: 0.464
class                  precision    recall   specificity      f1   support
--------------------------------------------------------------------------
0                          0.474     0.655         0.311   0.550       281
1                          0.000     0.000         1.000   0.000        30
2                          0.444     0.316         0.662   0.369       266
*----------------------------------------*
2025-12-12 00:02:19,058 INFO Final validation 46/300, Val_acc: 0.4861, time 70.53sAccuracy: 0.486
class                  precision    recall   specificity      f1   support
--------------------------------------------------------------------------
0                          0.486     1.000         0.000   0.654        70
1                          0.000     0.000         1.000   0.000         8
2                          0.000     0.000         1.000   0.000        66
*========================================*
2025-12-12 00:02:20,588 INFO 0 Fri Dec 12 00:02:20 2025 Epoch: 47
2025-12-12 00:12:48,624 INFO Final training 47/300, loss: 0.8713, time 628.04s, lr: 0.000477
Accuracy: 0.477
class                  precision    recall   specificity      f1   support
--------------------------------------------------------------------------
0                          0.486     0.612         0.385   0.542       281
1                          0.000     0.000         1.000   0.000        30
2                          0.462     0.387         0.614   0.421       266
*----------------------------------------*
2025-12-12 00:12:48,624 INFO 0 Fri Dec 12 00:12:48 2025 Epoch: 48
2025-12-12 00:23:16,999 INFO Final training 48/300, loss: 0.8693, time 628.38s, lr: 0.000475
Accuracy: 0.447
class                  precision    recall   specificity      f1   support
--------------------------------------------------------------------------
0                          0.466     0.630         0.314   0.536       281
1                          0.000     0.000         1.000   0.000        30
2                          0.411     0.305         0.627   0.350       266
*----------------------------------------*
2025-12-12 00:24:28,100 INFO Final validation 48/300, Val_acc: 0.4583, time 71.10sAccuracy: 0.458
class                  precision    recall   specificity      f1   support
--------------------------------------------------------------------------
0                          0.000     0.000         1.000   0.000        70
1                          0.000     0.000         1.000   0.000         8
2                          0.458     1.000         0.000   0.629        66
*========================================*
2025-12-12 00:24:29,893 INFO 0 Fri Dec 12 00:24:29 2025 Epoch: 49
2025-12-12 00:34:58,265 INFO Final training 49/300, loss: 0.8710, time 628.37s, lr: 0.000474
Accuracy: 0.480
class                  precision    recall   specificity      f1   support
--------------------------------------------------------------------------
0                          0.491     0.587         0.422   0.535       281
1                          0.000     0.000         1.000   0.000        30
2                          0.465     0.421         0.585   0.442       266
*----------------------------------------*
2025-12-12 00:34:58,266 INFO 0 Fri Dec 12 00:34:58 2025 Epoch: 50
2025-12-12 00:45:26,578 INFO Final training 50/300, loss: 0.8731, time 628.31s, lr: 0.000473
Accuracy: 0.492
class                  precision    recall   specificity      f1   support
--------------------------------------------------------------------------
0                          0.497     0.637         0.389   0.559       281
1                          0.000     0.000         1.000   0.000        30
2                          0.484     0.395         0.640   0.435       266
*----------------------------------------*
2025-12-12 00:46:36,948 INFO Final validation 50/300, Val_acc: 0.4861, time 70.37sAccuracy: 0.486
class                  precision    recall   specificity      f1   support
--------------------------------------------------------------------------
0                          0.486     1.000         0.000   0.654        70
1                          0.000     0.000         1.000   0.000         8
2                          0.000     0.000         1.000   0.000        66
*========================================*
2025-12-12 00:46:38,471 INFO 0 Fri Dec 12 00:46:38 2025 Epoch: 51
2025-12-12 00:57:06,467 INFO Final training 51/300, loss: 0.8730, time 628.00s, lr: 0.000472
Accuracy: 0.459
class                  precision    recall   specificity      f1   support
--------------------------------------------------------------------------
0                          0.478     0.569         0.409   0.519       281
1                          0.000     0.000         1.000   0.000        30
2                          0.434     0.395         0.559   0.413       266
*----------------------------------------*
2025-12-12 00:57:07,082 INFO 0 Fri Dec 12 00:57:07 2025 Epoch: 52
2025-12-12 01:07:35,504 INFO Final training 52/300, loss: 0.8710, time 628.42s, lr: 0.000471
Accuracy: 0.477
class                  precision    recall   specificity      f1   support
--------------------------------------------------------------------------
0                          0.492     0.516         0.493   0.503       281
1                          0.000     0.000         1.000   0.000        30
2                          0.461     0.489         0.511   0.474       266
*----------------------------------------*
2025-12-12 01:08:46,059 INFO Final validation 52/300, Val_acc: 0.4861, time 70.55sAccuracy: 0.486
class                  precision    recall   specificity      f1   support
--------------------------------------------------------------------------
0                          0.486     1.000         0.000   0.654        70
1                          0.000     0.000         1.000   0.000         8
2                          0.000     0.000         1.000   0.000        66
*========================================*
2025-12-12 01:08:47,564 INFO 0 Fri Dec 12 01:08:47 2025 Epoch: 53
2025-12-12 01:19:15,699 INFO Final training 53/300, loss: 0.8747, time 628.14s, lr: 0.000469
Accuracy: 0.475
class                  precision    recall   specificity      f1   support
--------------------------------------------------------------------------
0                          0.487     0.523         0.476   0.504       281
1                          0.000     0.000         1.000   0.000        30
2                          0.462     0.477         0.524   0.470       266
*----------------------------------------*
2025-12-12 01:19:15,699 INFO 0 Fri Dec 12 01:19:15 2025 Epoch: 54
2025-12-12 01:29:44,178 INFO Final training 54/300, loss: 0.8827, time 628.48s, lr: 0.000468
Accuracy: 0.449
class                  precision    recall   specificity      f1   support
--------------------------------------------------------------------------
0                          0.465     0.623         0.321   0.533       281
1                          0.000     0.000         1.000   0.000        30
2                          0.418     0.316         0.624   0.360       266
*----------------------------------------*
2025-12-12 01:30:54,225 INFO Final validation 54/300, Val_acc: 0.4861, time 70.05sAccuracy: 0.486
class                  precision    recall   specificity      f1   support
--------------------------------------------------------------------------
0                          0.486     1.000         0.000   0.654        70
1                          0.000     0.000         1.000   0.000         8
2                          0.000     0.000         1.000   0.000        66
*========================================*
2025-12-12 01:30:55,868 INFO 0 Fri Dec 12 01:30:55 2025 Epoch: 55
2025-12-12 01:41:24,245 INFO Final training 55/300, loss: 0.8679, time 628.38s, lr: 0.000467
Accuracy: 0.496
class                  precision    recall   specificity      f1   support
--------------------------------------------------------------------------
0                          0.494     0.626         0.392   0.553       281
1                          0.000     0.000         1.000   0.000        30
2                          0.498     0.414         0.643   0.452       266
*----------------------------------------*
2025-12-12 01:41:24,245 INFO 0 Fri Dec 12 01:41:24 2025 Epoch: 56
2025-12-12 01:51:52,423 INFO Final training 56/300, loss: 0.8712, time 628.18s, lr: 0.000465
Accuracy: 0.473
class                  precision    recall   specificity      f1   support
--------------------------------------------------------------------------
0                          0.481     0.509         0.480   0.495       281
1                          0.000     0.000         1.000   0.000        30
2                          0.464     0.489         0.518   0.476       266
*----------------------------------------*
2025-12-12 01:53:02,360 INFO Final validation 56/300, Val_acc: 0.4861, time 69.94sAccuracy: 0.486
class                  precision    recall   specificity      f1   support
--------------------------------------------------------------------------
0                          0.486     1.000         0.000   0.654        70
1                          0.000     0.000         1.000   0.000         8
2                          0.000     0.000         1.000   0.000        66
*========================================*
2025-12-12 01:53:03,842 INFO 0 Fri Dec 12 01:53:03 2025 Epoch: 57
2025-12-12 02:03:31,844 INFO Final training 57/300, loss: 0.8673, time 628.00s, lr: 0.000464
Accuracy: 0.478
class                  precision    recall   specificity      f1   support
--------------------------------------------------------------------------
0                          0.490     0.541         0.466   0.514       281
1                          0.000     0.000         1.000   0.000        30
2                          0.464     0.466         0.540   0.465       266
*----------------------------------------*
2025-12-12 02:03:31,844 INFO 0 Fri Dec 12 02:03:31 2025 Epoch: 58
2025-12-12 02:14:00,149 INFO Final training 58/300, loss: 0.8746, time 628.30s, lr: 0.000463
Accuracy: 0.438
class                  precision    recall   specificity      f1   support
--------------------------------------------------------------------------
0                          0.459     0.712         0.203   0.558       281
1                          0.000     0.000         1.000   0.000        30
2                          0.376     0.199         0.717   0.260       266
*----------------------------------------*
2025-12-12 02:15:10,605 INFO Final validation 58/300, Val_acc: 0.4583, time 70.46sAccuracy: 0.458
class                  precision    recall   specificity      f1   support
--------------------------------------------------------------------------
0                          0.000     0.000         1.000   0.000        70
1                          0.000     0.000         1.000   0.000         8
2                          0.458     1.000         0.000   0.629        66
*========================================*
2025-12-12 02:15:12,163 INFO 0 Fri Dec 12 02:15:12 2025 Epoch: 59
2025-12-12 02:25:40,240 INFO Final training 59/300, loss: 0.8737, time 628.08s, lr: 0.000461
Accuracy: 0.497
class                  precision    recall   specificity      f1   support
--------------------------------------------------------------------------
0                          0.505     0.584         0.456   0.541       281
1                          0.000     0.000         1.000   0.000        30
2                          0.488     0.462         0.585   0.475       266
*----------------------------------------*
2025-12-12 02:25:40,241 INFO 0 Fri Dec 12 02:25:40 2025 Epoch: 60
2025-12-12 02:36:08,675 INFO Final training 60/300, loss: 0.8669, time 628.43s, lr: 0.000460
Accuracy: 0.497
class                  precision    recall   specificity      f1   support
--------------------------------------------------------------------------
0                          0.510     0.537         0.510   0.523       281
1                          0.000     0.000         1.000   0.000        30
2                          0.484     0.511         0.534   0.497       266
*----------------------------------------*
2025-12-12 02:37:18,857 INFO Final validation 60/300, Val_acc: 0.4861, time 70.18sAccuracy: 0.486
class                  precision    recall   specificity      f1   support
--------------------------------------------------------------------------
0                          0.486     1.000         0.000   0.654        70
1                          0.000     0.000         1.000   0.000         8
2                          0.000     0.000         1.000   0.000        66
*========================================*
2025-12-12 02:37:20,404 INFO 0 Fri Dec 12 02:37:20 2025 Epoch: 61
2025-12-12 02:47:49,037 INFO Final training 61/300, loss: 0.8719, time 628.63s, lr: 0.000458
Accuracy: 0.466
class                  precision    recall   specificity      f1   support
--------------------------------------------------------------------------
0                          0.482     0.569         0.419   0.522       281
1                          0.000     0.000         1.000   0.000        30
2                          0.445     0.410         0.563   0.427       266
*----------------------------------------*
2025-12-12 02:47:49,506 INFO 0 Fri Dec 12 02:47:49 2025 Epoch: 62
2025-12-12 02:58:17,700 INFO Final training 62/300, loss: 0.8733, time 628.19s, lr: 0.000457
Accuracy: 0.440
class                  precision    recall   specificity      f1   support
--------------------------------------------------------------------------
0                          0.457     0.584         0.341   0.512       281
1                          0.000     0.000         1.000   0.000        30
2                          0.413     0.338         0.588   0.372       266
*----------------------------------------*
2025-12-12 02:59:28,050 INFO Final validation 62/300, Val_acc: 0.4861, time 70.35sAccuracy: 0.486
class                  precision    recall   specificity      f1   support
--------------------------------------------------------------------------
0                          0.486     1.000         0.000   0.654        70
1                          0.000     0.000         1.000   0.000         8
2                          0.000     0.000         1.000   0.000        66
*========================================*
2025-12-12 02:59:29,599 INFO 0 Fri Dec 12 02:59:29 2025 Epoch: 63
2025-12-12 03:09:58,039 INFO Final training 63/300, loss: 0.8691, time 628.44s, lr: 0.000455
Accuracy: 0.501
class                  precision    recall   specificity      f1   support
--------------------------------------------------------------------------
0                          0.515     0.502         0.551   0.508       281
1                          0.000     0.000         1.000   0.000        30
2                          0.488     0.556         0.502   0.520       266
*----------------------------------------*
2025-12-12 03:09:58,040 INFO 0 Fri Dec 12 03:09:58 2025 Epoch: 64
2025-12-12 03:20:26,568 INFO Final training 64/300, loss: 0.8718, time 628.53s, lr: 0.000454
Accuracy: 0.501
class                  precision    recall   specificity      f1   support
--------------------------------------------------------------------------
0                          0.504     0.701         0.345   0.586       281
1                          0.000     0.000         1.000   0.000        30
2                          0.495     0.346         0.698   0.407       266
*----------------------------------------*
2025-12-12 03:21:37,348 INFO Final validation 64/300, Val_acc: 0.4583, time 70.78sAccuracy: 0.458
class                  precision    recall   specificity      f1   support
--------------------------------------------------------------------------
0                          0.000     0.000         1.000   0.000        70
1                          0.000     0.000         1.000   0.000         8
2                          0.458     1.000         0.000   0.629        66
*========================================*
2025-12-12 03:21:38,895 INFO 0 Fri Dec 12 03:21:38 2025 Epoch: 65
2025-12-12 03:32:07,227 INFO Final training 65/300, loss: 0.8715, time 628.33s, lr: 0.000452
Accuracy: 0.452
class                  precision    recall   specificity      f1   support
--------------------------------------------------------------------------
0                          0.465     0.637         0.304   0.538       281
1                          0.000     0.000         1.000   0.000        30
2                          0.427     0.308         0.646   0.358       266
*----------------------------------------*
2025-12-12 03:32:07,227 INFO 0 Fri Dec 12 03:32:07 2025 Epoch: 66
2025-12-12 03:42:35,570 INFO Final training 66/300, loss: 0.8764, time 628.34s, lr: 0.000451
Accuracy: 0.473
class                  precision    recall   specificity      f1   support
--------------------------------------------------------------------------
0                          0.481     0.598         0.389   0.533       281
1                          0.000     0.000         1.000   0.000        30
2                          0.461     0.395         0.605   0.425       266
*----------------------------------------*
2025-12-12 03:43:45,858 INFO Final validation 66/300, Val_acc: 0.4583, time 70.29sAccuracy: 0.458
class                  precision    recall   specificity      f1   support
--------------------------------------------------------------------------
0                          0.000     0.000         1.000   0.000        70
1                          0.000     0.000         1.000   0.000         8
2                          0.458     1.000         0.000   0.629        66
*========================================*
2025-12-12 03:43:47,939 INFO 0 Fri Dec 12 03:43:47 2025 Epoch: 67
2025-12-12 03:54:16,457 INFO Final training 67/300, loss: 0.8768, time 628.52s, lr: 0.000449
Accuracy: 0.428
class                  precision    recall   specificity      f1   support
--------------------------------------------------------------------------
0                          0.445     0.509         0.399   0.475       281
1                          0.000     0.000         1.000   0.000        30
2                          0.406     0.391         0.511   0.398       266
*----------------------------------------*
2025-12-12 03:54:16,457 INFO 0 Fri Dec 12 03:54:16 2025 Epoch: 68
2025-12-12 04:04:44,796 INFO Final training 68/300, loss: 0.8691, time 628.34s, lr: 0.000447
Accuracy: 0.454
class                  precision    recall   specificity      f1   support
--------------------------------------------------------------------------
0                          0.462     0.569         0.372   0.510       281
1                          0.000     0.000         1.000   0.000        30
2                          0.442     0.383         0.585   0.410       266
*----------------------------------------*
2025-12-12 04:05:55,267 INFO Final validation 68/300, Val_acc: 0.4583, time 70.47sAccuracy: 0.458
class                  precision    recall   specificity      f1   support
--------------------------------------------------------------------------
0                          0.000     0.000         1.000   0.000        70
1                          0.000     0.000         1.000   0.000         8
2                          0.458     1.000         0.000   0.629        66
*========================================*
2025-12-12 04:05:56,815 INFO 0 Fri Dec 12 04:05:56 2025 Epoch: 69
2025-12-12 04:16:25,254 INFO Final training 69/300, loss: 0.8764, time 628.44s, lr: 0.000446
Accuracy: 0.499
class                  precision    recall   specificity      f1   support
--------------------------------------------------------------------------
0                          0.501     0.644         0.392   0.564       281
1                          0.000     0.000         1.000   0.000        30
2                          0.495     0.402         0.650   0.444       266
*----------------------------------------*
2025-12-12 04:16:25,254 INFO 0 Fri Dec 12 04:16:25 2025 Epoch: 70
2025-12-12 04:26:53,622 INFO Final training 70/300, loss: 0.8721, time 628.37s, lr: 0.000444
Accuracy: 0.499
class                  precision    recall   specificity      f1   support
--------------------------------------------------------------------------
0                          0.504     0.601         0.439   0.549       281
1                          0.000     0.000         1.000   0.000        30
2                          0.492     0.447         0.605   0.469       266
*----------------------------------------*
2025-12-12 04:28:04,037 INFO Final validation 70/300, Val_acc: 0.4583, time 70.41sAccuracy: 0.458
class                  precision    recall   specificity      f1   support
--------------------------------------------------------------------------
0                          0.000     0.000         1.000   0.000        70
1                          0.000     0.000         1.000   0.000         8
2                          0.458     1.000         0.000   0.629        66
*========================================*
2025-12-12 04:28:05,551 INFO 0 Fri Dec 12 04:28:05 2025 Epoch: 71
2025-12-12 04:38:33,744 INFO Final training 71/300, loss: 0.8705, time 628.19s, lr: 0.000442
Accuracy: 0.475
class                  precision    recall   specificity      f1   support
--------------------------------------------------------------------------
0                          0.486     0.562         0.436   0.521       281
1                          0.000     0.000         1.000   0.000        30
2                          0.460     0.436         0.563   0.448       266
*----------------------------------------*
2025-12-12 04:38:34,252 INFO 0 Fri Dec 12 04:38:34 2025 Epoch: 72
2025-12-12 04:49:02,501 INFO Final training 72/300, loss: 0.8678, time 628.25s, lr: 0.000441
Accuracy: 0.501
class                  precision    recall   specificity      f1   support
--------------------------------------------------------------------------
0                          0.508     0.548         0.497   0.527       281
1                          0.000     0.000         1.000   0.000        30
2                          0.493     0.508         0.553   0.500       266
*----------------------------------------*
2025-12-12 04:50:13,277 INFO Final validation 72/300, Val_acc: 0.4861, time 70.78sAccuracy: 0.486
class                  precision    recall   specificity      f1   support
--------------------------------------------------------------------------
0                          0.486     1.000         0.000   0.654        70
1                          0.000     0.000         1.000   0.000         8
2                          0.000     0.000         1.000   0.000        66
*========================================*
2025-12-12 04:50:14,895 INFO 0 Fri Dec 12 04:50:14 2025 Epoch: 73
2025-12-12 05:00:43,239 INFO Final training 73/300, loss: 0.8749, time 628.34s, lr: 0.000439
Accuracy: 0.451
class                  precision    recall   specificity      f1   support
--------------------------------------------------------------------------
0                          0.465     0.594         0.351   0.522       281
1                          0.000     0.000         1.000   0.000        30
2                          0.427     0.350         0.598   0.384       266
*----------------------------------------*
2025-12-12 05:00:43,239 INFO 0 Fri Dec 12 05:00:43 2025 Epoch: 74
2025-12-12 05:11:11,538 INFO Final training 74/300, loss: 0.8777, time 628.30s, lr: 0.000437
Accuracy: 0.438
class                  precision    recall   specificity      f1   support
--------------------------------------------------------------------------
0                          0.460     0.537         0.402   0.496       281
1                          0.000     0.000         1.000   0.000        30
2                          0.410     0.383         0.527   0.396       266
*----------------------------------------*
2025-12-12 05:12:21,734 INFO Final validation 74/300, Val_acc: 0.4861, time 70.20sAccuracy: 0.486
class                  precision    recall   specificity      f1   support
--------------------------------------------------------------------------
0                          0.486     1.000         0.000   0.654        70
1                          0.000     0.000         1.000   0.000         8
2                          0.000     0.000         1.000   0.000        66
*========================================*
2025-12-12 05:12:23,353 INFO 0 Fri Dec 12 05:12:23 2025 Epoch: 75
2025-12-12 05:22:51,781 INFO Final training 75/300, loss: 0.8704, time 628.43s, lr: 0.000435
Accuracy: 0.437
class                  precision    recall   specificity      f1   support
--------------------------------------------------------------------------
0                          0.445     0.509         0.399   0.475       281
1                          0.000     0.000         1.000   0.000        30
2                          0.426     0.410         0.527   0.418       266
*----------------------------------------*
2025-12-12 05:22:51,781 INFO 0 Fri Dec 12 05:22:51 2025 Epoch: 76
2025-12-12 05:33:20,446 INFO Final training 76/300, loss: 0.8713, time 628.66s, lr: 0.000434
Accuracy: 0.473
class                  precision    recall   specificity      f1   support
--------------------------------------------------------------------------
0                          0.483     0.601         0.389   0.536       281
1                          0.000     0.000         1.000   0.000        30
2                          0.458     0.391         0.605   0.422       266
*----------------------------------------*
2025-12-12 05:34:30,880 INFO Final validation 76/300, Val_acc: 0.4583, time 70.43sAccuracy: 0.458
class                  precision    recall   specificity      f1   support
--------------------------------------------------------------------------
0                          0.000     0.000         1.000   0.000        70
1                          0.000     0.000         1.000   0.000         8
2                          0.458     1.000         0.000   0.629        66
*========================================*
2025-12-12 05:34:32,411 INFO 0 Fri Dec 12 05:34:32 2025 Epoch: 77
2025-12-12 05:45:00,796 INFO Final training 77/300, loss: 0.8680, time 628.39s, lr: 0.000432
Accuracy: 0.470
class                  precision    recall   specificity      f1   support
--------------------------------------------------------------------------
0                          0.482     0.512         0.476   0.497       281
1                          0.000     0.000         1.000   0.000        30
2                          0.457     0.477         0.514   0.467       266
*----------------------------------------*
2025-12-12 05:45:00,796 INFO 0 Fri Dec 12 05:45:00 2025 Epoch: 78
2025-12-12 05:55:29,345 INFO Final training 78/300, loss: 0.8707, time 628.55s, lr: 0.000430
Accuracy: 0.490
class                  precision    recall   specificity      f1   support
--------------------------------------------------------------------------
0                          0.499     0.687         0.345   0.578       281
1                          0.000     0.000         1.000   0.000        30
2                          0.474     0.338         0.678   0.395       266
*----------------------------------------*
2025-12-12 05:56:40,022 INFO Final validation 78/300, Val_acc: 0.4583, time 70.68sAccuracy: 0.458
class                  precision    recall   specificity      f1   support
--------------------------------------------------------------------------
0                          0.000     0.000         1.000   0.000        70
1                          0.000     0.000         1.000   0.000         8
2                          0.458     1.000         0.000   0.629        66
*========================================*
2025-12-12 05:56:41,751 INFO 0 Fri Dec 12 05:56:41 2025 Epoch: 79
2025-12-12 06:07:10,214 INFO Final training 79/300, loss: 0.8686, time 628.46s, lr: 0.000428
Accuracy: 0.492
class                  precision    recall   specificity      f1   support
--------------------------------------------------------------------------
0                          0.494     0.601         0.416   0.543       281
1                          0.000     0.000         1.000   0.000        30
2                          0.489     0.432         0.614   0.459       266
*----------------------------------------*
2025-12-12 06:07:10,214 INFO 0 Fri Dec 12 06:07:10 2025 Epoch: 80
2025-12-12 06:17:38,667 INFO Final training 80/300, loss: 0.8708, time 628.45s, lr: 0.000426
Accuracy: 0.494
class                  precision    recall   specificity      f1   support
--------------------------------------------------------------------------
0                          0.504     0.605         0.436   0.550       281
1                          0.000     0.000         1.000   0.000        30
2                          0.479     0.432         0.598   0.455       266
*----------------------------------------*
2025-12-12 06:18:48,919 INFO Final validation 80/300, Val_acc: 0.4861, time 70.25sAccuracy: 0.486
class                  precision    recall   specificity      f1   support
--------------------------------------------------------------------------
0                          0.486     1.000         0.000   0.654        70
1                          0.000     0.000         1.000   0.000         8
2                          0.000     0.000         1.000   0.000        66
*========================================*
2025-12-12 06:18:50,434 INFO 0 Fri Dec 12 06:18:50 2025 Epoch: 81
2025-12-12 06:29:18,775 INFO Final training 81/300, loss: 0.8683, time 628.34s, lr: 0.000424
Accuracy: 0.497
class                  precision    recall   specificity      f1   support
--------------------------------------------------------------------------
0                          0.509     0.594         0.456   0.548       281
1                          0.000     0.000         1.000   0.000        30
2                          0.482     0.451         0.585   0.466       266
*----------------------------------------*
2025-12-12 06:29:19,272 INFO 0 Fri Dec 12 06:29:19 2025 Epoch: 82
2025-12-12 06:39:47,752 INFO Final training 82/300, loss: 0.8696, time 628.48s, lr: 0.000422
Accuracy: 0.489
class                  precision    recall   specificity      f1   support
--------------------------------------------------------------------------
0                          0.492     0.669         0.345   0.567       281
1                          0.000     0.000         1.000   0.000        30
2                          0.482     0.353         0.675   0.408       266
*----------------------------------------*
2025-12-12 06:40:57,910 INFO Final validation 82/300, Val_acc: 0.4861, time 70.16sAccuracy: 0.486
class                  precision    recall   specificity      f1   support
--------------------------------------------------------------------------
0                          0.486     1.000         0.000   0.654        70
1                          0.000     0.000         1.000   0.000         8
2                          0.000     0.000         1.000   0.000        66
*========================================*
2025-12-12 06:40:59,438 INFO 0 Fri Dec 12 06:40:59 2025 Epoch: 83
2025-12-12 06:51:27,545 INFO Final training 83/300, loss: 0.8698, time 628.11s, lr: 0.000421
Accuracy: 0.489
class                  precision    recall   specificity      f1   support
--------------------------------------------------------------------------
0                          0.499     0.740         0.294   0.596       281
1                          0.000     0.000         1.000   0.000        30
2                          0.463     0.278         0.723   0.347       266
*----------------------------------------*
2025-12-12 06:51:27,546 INFO 0 Fri Dec 12 06:51:27 2025 Epoch: 84
2025-12-12 07:01:55,760 INFO Final training 84/300, loss: 0.8724, time 628.21s, lr: 0.000419
Accuracy: 0.480
class                  precision    recall   specificity      f1   support
--------------------------------------------------------------------------
0                          0.493     0.616         0.399   0.547       281
1                          0.000     0.000         1.000   0.000        30
2                          0.460     0.391         0.608   0.423       266
*----------------------------------------*
2025-12-12 07:03:06,396 INFO Final validation 84/300, Val_acc: 0.4861, time 70.64sAccuracy: 0.486
class                  precision    recall   specificity      f1   support
--------------------------------------------------------------------------
0                          0.486     1.000         0.000   0.654        70
1                          0.000     0.000         1.000   0.000         8
2                          0.000     0.000         1.000   0.000        66
*========================================*
2025-12-12 07:03:08,019 INFO 0 Fri Dec 12 07:03:08 2025 Epoch: 85
2025-12-12 07:13:36,480 INFO Final training 85/300, loss: 0.8709, time 628.46s, lr: 0.000417
Accuracy: 0.478
class                  precision    recall   specificity      f1   support
--------------------------------------------------------------------------
0                          0.490     0.747         0.260   0.592       281
1                          0.000     0.000         1.000   0.000        30
2                          0.446     0.248         0.736   0.319       266
*----------------------------------------*
2025-12-12 07:13:36,480 INFO 0 Fri Dec 12 07:13:36 2025 Epoch: 86
2025-12-12 07:24:04,451 INFO Final training 86/300, loss: 0.8715, time 627.97s, lr: 0.000415
Accuracy: 0.490
class                  precision    recall   specificity      f1   support
--------------------------------------------------------------------------
0                          0.497     0.630         0.395   0.556       281
1                          0.000     0.000         1.000   0.000        30
2                          0.480     0.398         0.630   0.435       266
*----------------------------------------*
2025-12-12 07:25:14,762 INFO Final validation 86/300, Val_acc: 0.4861, time 70.31sAccuracy: 0.486
class                  precision    recall   specificity      f1   support
--------------------------------------------------------------------------
0                          0.486     1.000         0.000   0.654        70
1                          0.000     0.000         1.000   0.000         8
2                          0.000     0.000         1.000   0.000        66
*========================================*
2025-12-12 07:25:16,283 INFO 0 Fri Dec 12 07:25:16 2025 Epoch: 87
2025-12-12 07:35:44,302 INFO Final training 87/300, loss: 0.8704, time 628.02s, lr: 0.000413
Accuracy: 0.456
class                  precision    recall   specificity      f1   support
--------------------------------------------------------------------------
0                          0.473     0.587         0.378   0.524       281
1                          0.000     0.000         1.000   0.000        30
2                          0.430     0.368         0.582   0.397       266
*----------------------------------------*
2025-12-12 07:35:44,302 INFO 0 Fri Dec 12 07:35:44 2025 Epoch: 88
2025-12-12 07:46:12,750 INFO Final training 88/300, loss: 0.8690, time 628.45s, lr: 0.000411
Accuracy: 0.454
class                  precision    recall   specificity      f1   support
--------------------------------------------------------------------------
0                          0.466     0.662         0.280   0.547       281
1                          0.000     0.000         1.000   0.000        30
2                          0.427     0.286         0.672   0.342       266
*----------------------------------------*
2025-12-12 07:47:23,153 INFO Final validation 88/300, Val_acc: 0.4861, time 70.40sAccuracy: 0.486
class                  precision    recall   specificity      f1   support
--------------------------------------------------------------------------
0                          0.486     1.000         0.000   0.654        70
1                          0.000     0.000         1.000   0.000         8
2                          0.000     0.000         1.000   0.000        66
*========================================*
2025-12-12 07:47:24,694 INFO [EarlyStopping] Stopping training for val accuracy at epoch 88
2025-12-12 07:47:25,099 INFO Training Finished! Best Accuracy: 0.8333
2025-12-12 07:47:25,099 INFO ====================================================================================================
2025-12-12 07:47:25,099 INFO 
2025-12-12 07:47:34,376 INFO => loading checkpoint 'outputs/OrganoidsINRIA_reduced/swinvit/2025-12-11-15-32/training/best_model.pt'
2025-12-12 07:47:34,433 INFO Loaded 128 keys from checkpoint
2025-12-12 07:48:11,849 INFO Final testing , Test_acc: 0.8293, time 37.40sAccuracy: 0.829
class                  precision    recall   specificity      f1   support
--------------------------------------------------------------------------
0                          0.895     0.850         0.905   0.872        40
1                          0.000     0.000         1.000   0.000         5
2                          0.773     0.919         0.778   0.840        37
*========================================*
2025-12-12 07:48:12,268 INFO Testing Finished! Best Accuracy: 0.8293
2025-12-12 07:48:12,268 INFO ====================================================================================================
2025-12-12 07:48:14,900 INFO Total time spent: 16 hours 15 minutes 54 seconds
2025-12-12 07:48:14,900 INFO 
2025-12-12 07:48:14,900 INFO Final Results Summary:
2025-12-12 07:48:14,900 INFO | TrainLoss | TrainAcc | ValAccMax | W_TrainF1 | W_TrainPrecision | W_TrainRecall | W_TrainSpecificity | TestAcc | W_TestF1 | W_TestPrecision | W_TestRecall | W_TestSpecificity |
2025-12-12 07:48:14,900 INFO | 0.8690 | 0.4541 | 0.8333 | 0.8096 | 0.7875 | 0.8333 | 0.8493 | 0.8293 | 0.8041 | 0.7851 | 0.8293 | 0.8533 |
