2025-11-04 09:47:23,047 INFO Log directory: outputs/OrganoidsINRIA/resnet18/2025-11-04-09-47
2025-11-04 09:47:23,049 INFO {'RandFlipd_prob': 0.2,
 'RandRotate90d_prob': 0.2,
 'RandScaleIntensityd_prob': 0.1,
 'RandShiftIntensityd_prob': 0.1,
 'amp': True,
 'augmentation': True,
 'batch_size': 4,
 'cache_dataset': False,
 'checkpoint_path': None,
 'data_dir': '/home/mraffael/martone_project/Organoids_Dataset/',
 'dataset_name': 'OrganoidsINRIA',
 'debug': False,
 'debug_train_samples': 40,
 'debug_val_samples': 10,
 'dist_backend': 'nccl',
 'dist_url': 'tcp://127.0.0.1:23456',
 'distributed': False,
 'dropout_path_rate': 0.0,
 'dropout_rate': 0.0,
 'early_stopping': False,
 'encoder10_pth': '',
 'exact_class': True,
 'feature_size': 48,
 'fold': 0,
 'folds': False,
 'gpu': 0,
 'ignore_label': 3,
 'in_channels': 1,
 'infer_overlap': 0.5,
 'k_folds': 5,
 'logdir': 'test',
 'logs_dir': 'logs/',
 'loss_name': 'FocalLoss',
 'lrschedule': 'warmup_cosine',
 'max_epochs': 200,
 'min_delta_loss': 0.001,
 'min_delta_val': 0.001,
 'model_name': 'resnet18',
 'momentum': 0.99,
 'noamp': False,
 'norm_name': 'instance',
 'oar_id': 2106788,
 'optim_lr': 0.05,
 'optim_name': 'adamw',
 'out_channels': 1,
 'output_dir': 'outputs/',
 'patch_merging': False,
 'patience_loss': 20,
 'patience_val': 3,
 'pretrained_dir': './pretrained_models/resnet18/',
 'pretrained_model_name': 'resnet_18.pth',
 'rank': 0,
 'reg_weight': 5e-05,
 'restart_T0': 20,
 'resume_ckpt': False,
 'roi_x': 128,
 'roi_y': 128,
 'roi_z': 128,
 'save_checkpoint': True,
 'seed': 3,
 'similarity_loss': '',
 'similarity_loss_weight': 0.0,
 'spatial_dims': 3,
 'split_method': 'percentage',
 'start_epoch': 0,
 'sw_batch_size': 4,
 'telegram_log': True,
 'test_mode': False,
 'token': './token/tlg_token.txt',
 'use_checkpoint': False,
 'val_every': 4,
 'warmup_epochs': 8,
 'workers': 8,
 'world_size': 1}
2025-11-04 09:47:23,049 INFO 
2025-11-04 09:47:23,053 INFO Saved configuration to: outputs/OrganoidsINRIA/resnet18/2025-11-04-09-47/config.txt
2025-11-04 09:47:23,654 INFO Using GPU: 0
2025-11-04 09:47:23,654 INFO 
2025-11-04 09:47:23,654 INFO Model INFO:
2025-11-04 09:47:23,654 INFO Model architecture: resnet18
2025-11-04 09:47:24,219 INFO Using pretrained weights
2025-11-04 09:47:24,219 INFO => loading pretrained model './pretrained_models/resnet18/resnet_18.pth'
2025-11-04 09:47:25,433 INFO Missing keys when loading pretrained: 27
2025-11-04 09:47:25,434 INFO Using SwinUNETR with Single Linear Classification Head
2025-11-04 09:47:25,464 INFO 
2025-11-04 09:47:25,464 INFO Optimizer INFO:
2025-11-04 09:47:25,465 INFO Using optimizer: adamw with lr=0.05, weight_decay=5e-05
2025-11-04 09:47:25,465 INFO 
2025-11-04 09:47:25,465 INFO Dataset INFO:
2025-11-04 09:47:25,540 INFO Dataset length: 423
2025-11-04 09:47:25,540 INFO Class distribution in entire dataset:
2025-11-04 09:47:25,540 INFO   Class 0: 137
2025-11-04 09:47:25,540 INFO   Class 1: 43
2025-11-04 09:47:25,540 INFO   Class 2: 243
2025-11-04 09:47:25,540 INFO 
Using split method: percentage
2025-11-04 09:47:25,547 INFO 
Train set balance:
2025-11-04 09:47:25,547 INFO 
Val set balance:
2025-11-04 09:47:25,548 INFO Training set length: 172
2025-11-04 09:47:25,548 INFO Validation set length: 43
2025-11-04 09:47:25,548 INFO 
Using standard shuffle for training
2025-11-04 09:47:25,548 INFO Training loader: 43 batches
2025-11-04 09:47:25,548 INFO Validation loader: 43 batches
2025-11-04 09:47:25,548 INFO 
Class distribution in training set:
2025-11-04 09:47:25,548 INFO   Class 0: 69 (40.1%)
2025-11-04 09:47:25,548 INFO   Class 1: 34 (19.8%)
2025-11-04 09:47:25,548 INFO   Class 2: 69 (40.1%)
2025-11-04 09:47:25,548 INFO Class distribution in validation set:
2025-11-04 09:47:25,548 INFO   Class 0: 17 (39.5%)
2025-11-04 09:47:25,548 INFO   Class 1: 9 (20.9%)
2025-11-04 09:47:25,548 INFO   Class 2: 17 (39.5%)
2025-11-04 09:47:25,548 INFO **************************************************
2025-11-04 09:47:25,686 INFO Class weights: [ 8.309  16.863  8.309]
2025-11-04 09:47:25,686 INFO 
2025-11-04 09:47:25,686 INFO Using loss function: FocalLoss
2025-11-04 09:47:25,689 INFO **************************************************
2025-11-04 09:47:25,689 INFO Starting training...
2025-11-04 09:47:25,690 INFO 0 Tue Nov  4 09:47:25 2025 Epoch: 0
2025-11-04 09:49:39,115 INFO Final training 0/199, loss: 5.4488, time 133.42s, lr: 0.000000
Accuracy: 0.401
class                  precision    recall   specificity      f1   support
--------------------------------------------------------------------------
0                          0.000     0.000         1.000   0.000        69
1                          0.000     0.000         1.000   0.000        34
2                          0.401     1.000         0.000   0.573        69
*----------------------------------------*
2025-11-04 09:49:39,584 INFO 0 Tue Nov  4 09:49:39 2025 Epoch: 1
2025-11-04 09:50:31,494 INFO Final training 1/199, loss: 8.0714, time 51.91s, lr: 0.007143
Accuracy: 0.291
class                  precision    recall   specificity      f1   support
--------------------------------------------------------------------------
0                          0.347     0.246         0.689   0.288        69
1                          0.164     0.324         0.594   0.218        34
2                          0.393     0.319         0.670   0.352        69
*----------------------------------------*
2025-11-04 09:50:31,494 INFO 0 Tue Nov  4 09:50:31 2025 Epoch: 2
2025-11-04 09:51:18,601 INFO Final training 2/199, loss: 8.4171, time 47.11s, lr: 0.014286
Accuracy: 0.384
class                  precision    recall   specificity      f1   support
--------------------------------------------------------------------------
0                          0.379     0.319         0.650   0.346        69
1                          0.262     0.471         0.674   0.337        34
2                          0.528     0.406         0.757   0.459        69
*----------------------------------------*
2025-11-04 09:51:18,601 INFO 0 Tue Nov  4 09:51:18 2025 Epoch: 3
2025-11-04 09:52:03,909 INFO Final training 3/199, loss: 8.8409, time 45.31s, lr: 0.021429
Accuracy: 0.390
class                  precision    recall   specificity      f1   support
--------------------------------------------------------------------------
0                          0.456     0.377         0.699   0.413        69
1                          0.256     0.324         0.768   0.286        34
2                          0.417     0.435         0.592   0.426        69
*----------------------------------------*
2025-11-04 09:52:50,939 INFO Final validation 3/199, Val_acc: 0.3488, time 47.03sAccuracy: 0.349
class                  precision    recall   specificity      f1   support
--------------------------------------------------------------------------
0                          0.000     0.000         1.000   0.000        17
1                          0.242     0.889         0.265   0.381         9
2                          0.700     0.412         0.885   0.519        17
*========================================*
2025-11-04 09:52:50,939 INFO New best (0.000000 --> 0.348837)
2025-11-04 09:52:54,091 INFO Copying best model to model.pt
2025-11-04 09:52:55,319 INFO 0 Tue Nov  4 09:52:55 2025 Epoch: 4
2025-11-04 09:53:42,777 INFO Final training 4/199, loss: 17.0368, time 47.46s, lr: 0.028571
Accuracy: 0.349
class                  precision    recall   specificity      f1   support
--------------------------------------------------------------------------
0                          0.403     0.362         0.641   0.382        69
1                          0.254     0.471         0.659   0.330        34
2                          0.404     0.275         0.728   0.328        69
*----------------------------------------*
2025-11-04 09:53:42,777 INFO 0 Tue Nov  4 09:53:42 2025 Epoch: 5
2025-11-04 09:54:35,956 INFO Final training 5/199, loss: 18.7241, time 53.18s, lr: 0.035714
Accuracy: 0.413
class                  precision    recall   specificity      f1   support
--------------------------------------------------------------------------
0                          0.492     0.449         0.689   0.470        69
1                          0.347     0.500         0.768   0.410        34
2                          0.383     0.333         0.641   0.357        69
*----------------------------------------*
2025-11-04 09:54:35,956 INFO 0 Tue Nov  4 09:54:35 2025 Epoch: 6
2025-11-04 09:55:29,219 INFO Final training 6/199, loss: 21.6630, time 53.26s, lr: 0.042857
Accuracy: 0.448
class                  precision    recall   specificity      f1   support
--------------------------------------------------------------------------
0                          0.426     0.377         0.660   0.400        69
1                          0.404     0.559         0.797   0.469        34
2                          0.500     0.464         0.689   0.481        69
*----------------------------------------*
2025-11-04 09:55:29,220 INFO 0 Tue Nov  4 09:55:29 2025 Epoch: 7
2025-11-04 09:56:16,015 INFO Final training 7/199, loss: 17.3122, time 46.80s, lr: 0.050000
Accuracy: 0.430
class                  precision    recall   specificity      f1   support
--------------------------------------------------------------------------
0                          0.508     0.449         0.709   0.477        69
1                          0.333     0.471         0.768   0.390        34
2                          0.429     0.391         0.650   0.409        69
*----------------------------------------*
2025-11-04 09:56:29,177 INFO Final validation 7/199, Val_acc: 0.3721, time 13.16sAccuracy: 0.372
class                  precision    recall   specificity      f1   support
--------------------------------------------------------------------------
0                          0.000     0.000         1.000   0.000        17
1                          0.000     0.000         0.971   0.000         9
2                          0.381     0.941         0.000   0.542        17
*========================================*
2025-11-04 09:56:29,177 INFO New best (0.348837 --> 0.372093)
2025-11-04 09:56:32,304 INFO Copying best model to model.pt
2025-11-04 09:56:33,567 INFO 0 Tue Nov  4 09:56:33 2025 Epoch: 8
2025-11-04 09:57:30,643 INFO Final training 8/199, loss: 37.4676, time 57.08s, lr: 0.050000
Accuracy: 0.384
class                  precision    recall   specificity      f1   support
--------------------------------------------------------------------------
0                          0.418     0.333         0.689   0.371        69
1                          0.250     0.412         0.696   0.311        34
2                          0.475     0.420         0.689   0.446        69
*----------------------------------------*
2025-11-04 09:57:30,643 INFO 0 Tue Nov  4 09:57:30 2025 Epoch: 9
2025-11-04 09:58:22,360 INFO Final training 9/199, loss: 24.0628, time 51.72s, lr: 0.049997
Accuracy: 0.430
class                  precision    recall   specificity      f1   support
--------------------------------------------------------------------------
0                          0.453     0.420         0.660   0.436        69
1                          0.340     0.529         0.746   0.414        34
2                          0.491     0.391         0.728   0.435        69
*----------------------------------------*
2025-11-04 09:58:22,360 INFO 0 Tue Nov  4 09:58:22 2025 Epoch: 10
2025-11-04 09:59:13,479 INFO Final training 10/199, loss: 33.0866, time 51.12s, lr: 0.049987
Accuracy: 0.384
class                  precision    recall   specificity      f1   support
--------------------------------------------------------------------------
0                          0.426     0.377         0.660   0.400        69
1                          0.235     0.353         0.717   0.282        34
2                          0.467     0.406         0.689   0.434        69
*----------------------------------------*
2025-11-04 09:59:13,928 INFO 0 Tue Nov  4 09:59:13 2025 Epoch: 11
2025-11-04 10:00:10,149 INFO Final training 11/199, loss: 27.9448, time 56.22s, lr: 0.049970
Accuracy: 0.395
class                  precision    recall   specificity      f1   support
--------------------------------------------------------------------------
0                          0.446     0.362         0.699   0.400        69
1                          0.255     0.412         0.703   0.315        34
2                          0.475     0.420         0.689   0.446        69
*----------------------------------------*
2025-11-04 10:00:23,237 INFO Final validation 11/199, Val_acc: 0.3953, time 13.09sAccuracy: 0.395
class                  precision    recall   specificity      f1   support
--------------------------------------------------------------------------
0                          0.405     1.000         0.038   0.576        17
1                          0.000     0.000         0.971   0.000         9
2                          0.000     0.000         1.000   0.000        17
*========================================*
2025-11-04 10:00:23,237 INFO New best (0.372093 --> 0.395349)
2025-11-04 10:00:26,679 INFO Copying best model to model.pt
2025-11-04 10:00:27,947 INFO 0 Tue Nov  4 10:00:27 2025 Epoch: 12
2025-11-04 10:01:20,022 INFO Final training 12/199, loss: 38.4726, time 52.08s, lr: 0.049946
Accuracy: 0.308
class                  precision    recall   specificity      f1   support
--------------------------------------------------------------------------
0                          0.280     0.203         0.650   0.235        69
1                          0.230     0.412         0.659   0.295        34
2                          0.410     0.362         0.650   0.385        69
*----------------------------------------*
2025-11-04 10:01:20,022 INFO 0 Tue Nov  4 10:01:20 2025 Epoch: 13
2025-11-04 10:02:08,266 INFO Final training 13/199, loss: 24.5479, time 48.24s, lr: 0.049916
Accuracy: 0.459
class                  precision    recall   specificity      f1   support
--------------------------------------------------------------------------
0                          0.453     0.420         0.660   0.436        69
1                          0.354     0.500         0.775   0.415        34
2                          0.550     0.478         0.738   0.512        69
*----------------------------------------*
2025-11-04 10:02:08,266 INFO 0 Tue Nov  4 10:02:08 2025 Epoch: 14
2025-11-04 10:02:58,658 INFO Final training 14/199, loss: 24.7972, time 50.39s, lr: 0.049880
Accuracy: 0.360
class                  precision    recall   specificity      f1   support
--------------------------------------------------------------------------
0                          0.414     0.348         0.670   0.378        69
1                          0.255     0.382         0.725   0.306        34
2                          0.397     0.362         0.631   0.379        69
*----------------------------------------*
2025-11-04 10:02:58,658 INFO 0 Tue Nov  4 10:02:58 2025 Epoch: 15
2025-11-04 10:03:51,371 INFO Final training 15/199, loss: 35.4255, time 52.71s, lr: 0.049836
Accuracy: 0.401
class                  precision    recall   specificity      f1   support
--------------------------------------------------------------------------
0                          0.475     0.420         0.689   0.446        69
1                          0.314     0.471         0.746   0.376        34
2                          0.400     0.348         0.650   0.372        69
*----------------------------------------*
2025-11-04 10:04:04,346 INFO Final validation 15/199, Val_acc: 0.3953, time 12.97sAccuracy: 0.395
class                  precision    recall   specificity      f1   support
--------------------------------------------------------------------------
0                          0.405     1.000         0.038   0.576        17
1                          0.000     0.000         0.971   0.000         9
2                          0.000     0.000         1.000   0.000        17
*========================================*
2025-11-04 10:04:06,128 INFO 0 Tue Nov  4 10:04:06 2025 Epoch: 16
2025-11-04 10:04:55,347 INFO Final training 16/199, loss: 24.2083, time 49.22s, lr: 0.049786
Accuracy: 0.401
class                  precision    recall   specificity      f1   support
--------------------------------------------------------------------------
0                          0.481     0.362         0.738   0.413        69
1                          0.311     0.559         0.696   0.400        34
2                          0.424     0.362         0.670   0.391        69
*----------------------------------------*
2025-11-04 10:04:55,347 INFO 0 Tue Nov  4 10:04:55 2025 Epoch: 17
2025-11-04 10:05:43,247 INFO Final training 17/199, loss: 21.7225, time 47.90s, lr: 0.049729
Accuracy: 0.419
class                  precision    recall   specificity      f1   support
--------------------------------------------------------------------------
0                          0.492     0.435         0.699   0.462        69
1                          0.275     0.412         0.732   0.329        34
2                          0.467     0.406         0.689   0.434        69
*----------------------------------------*
2025-11-04 10:05:43,247 INFO 0 Tue Nov  4 10:05:43 2025 Epoch: 18
2025-11-04 10:06:33,730 INFO Final training 18/199, loss: 26.4987, time 50.48s, lr: 0.049666
Accuracy: 0.413
class                  precision    recall   specificity      f1   support
--------------------------------------------------------------------------
0                          0.370     0.290         0.670   0.325        69
1                          0.435     0.588         0.812   0.500        34
2                          0.431     0.449         0.602   0.440        69
*----------------------------------------*
2025-11-04 10:06:33,730 INFO 0 Tue Nov  4 10:06:33 2025 Epoch: 19
2025-11-04 10:07:21,875 INFO Final training 19/199, loss: 24.2819, time 48.14s, lr: 0.049596
Accuracy: 0.535
class                  precision    recall   specificity      f1   support
--------------------------------------------------------------------------
0                          0.567     0.551         0.718   0.559        69
1                          0.366     0.441         0.812   0.400        34
2                          0.609     0.565         0.757   0.586        69
*----------------------------------------*
2025-11-04 10:07:35,031 INFO Final validation 19/199, Val_acc: 0.4651, time 13.16sAccuracy: 0.465
class                  precision    recall   specificity      f1   support
--------------------------------------------------------------------------
0                          1.000     0.118         1.000   0.211        17
1                          0.333     0.889         0.529   0.485         9
2                          0.588     0.588         0.731   0.588        17
*========================================*
2025-11-04 10:07:35,031 INFO New best (0.395349 --> 0.465116)
2025-11-04 10:07:38,253 INFO Copying best model to model.pt
2025-11-04 10:07:39,522 INFO 0 Tue Nov  4 10:07:39 2025 Epoch: 20
2025-11-04 10:08:28,124 INFO Final training 20/199, loss: 34.5257, time 48.60s, lr: 0.049520
Accuracy: 0.442
class                  precision    recall   specificity      f1   support
--------------------------------------------------------------------------
0                          0.509     0.420         0.728   0.460        69
1                          0.350     0.618         0.717   0.447        34
2                          0.473     0.377         0.718   0.419        69
*----------------------------------------*
2025-11-04 10:08:28,566 INFO 0 Tue Nov  4 10:08:28 2025 Epoch: 21
2025-11-04 10:09:24,201 INFO Final training 21/199, loss: 15.5039, time 55.64s, lr: 0.049437
Accuracy: 0.448
class                  precision    recall   specificity      f1   support
--------------------------------------------------------------------------
0                          0.439     0.362         0.689   0.397        69
1                          0.468     0.647         0.819   0.543        34
2                          0.441     0.435         0.631   0.438        69
*----------------------------------------*
2025-11-04 10:09:24,201 INFO 0 Tue Nov  4 10:09:24 2025 Epoch: 22
2025-11-04 10:10:07,525 INFO Final training 22/199, loss: 22.7554, time 43.32s, lr: 0.049347
Accuracy: 0.395
class                  precision    recall   specificity      f1   support
--------------------------------------------------------------------------
0                          0.397     0.362         0.631   0.379        69
1                          0.396     0.559         0.790   0.463        34
2                          0.393     0.348         0.641   0.369        69
*----------------------------------------*
2025-11-04 10:10:07,525 INFO 0 Tue Nov  4 10:10:07 2025 Epoch: 23
2025-11-04 10:10:56,650 INFO Final training 23/199, loss: 20.3503, time 49.13s, lr: 0.049251
Accuracy: 0.448
class                  precision    recall   specificity      f1   support
--------------------------------------------------------------------------
0                          0.482     0.391         0.718   0.432        69
1                          0.351     0.588         0.732   0.440        34
2                          0.508     0.435         0.718   0.469        69
*----------------------------------------*
2025-11-04 10:11:10,328 INFO Final validation 23/199, Val_acc: 0.5814, time 13.68sAccuracy: 0.581
class                  precision    recall   specificity      f1   support
--------------------------------------------------------------------------
0                          0.688     0.647         0.808   0.667        17
1                          0.368     0.778         0.647   0.500         9
2                          0.875     0.412         0.962   0.560        17
*========================================*
2025-11-04 10:11:10,328 INFO New best (0.465116 --> 0.581395)
2025-11-04 10:11:13,457 INFO Copying best model to model.pt
2025-11-04 10:11:14,716 INFO 0 Tue Nov  4 10:11:14 2025 Epoch: 24
2025-11-04 10:12:06,682 INFO Final training 24/199, loss: 21.9495, time 51.97s, lr: 0.049148
Accuracy: 0.419
class                  precision    recall   specificity      f1   support
--------------------------------------------------------------------------
0                          0.404     0.333         0.670   0.365        69
1                          0.346     0.529         0.754   0.419        34
2                          0.492     0.449         0.689   0.470        69
*----------------------------------------*
2025-11-04 10:12:06,682 INFO 0 Tue Nov  4 10:12:06 2025 Epoch: 25
2025-11-04 10:12:52,200 INFO Final training 25/199, loss: 23.2918, time 45.52s, lr: 0.049039
Accuracy: 0.453
class                  precision    recall   specificity      f1   support
--------------------------------------------------------------------------
0                          0.500     0.449         0.699   0.473        69
1                          0.286     0.412         0.746   0.337        34
2                          0.541     0.478         0.728   0.508        69
*----------------------------------------*
2025-11-04 10:12:52,200 INFO 0 Tue Nov  4 10:12:52 2025 Epoch: 26
2025-11-04 10:13:44,968 INFO Final training 26/199, loss: 12.0073, time 52.77s, lr: 0.048924
Accuracy: 0.471
class                  precision    recall   specificity      f1   support
--------------------------------------------------------------------------
0                          0.478     0.464         0.660   0.471        69
1                          0.362     0.500         0.783   0.420        34
2                          0.552     0.464         0.748   0.504        69
*----------------------------------------*
2025-11-04 10:13:44,969 INFO 0 Tue Nov  4 10:13:44 2025 Epoch: 27
2025-11-04 10:14:37,848 INFO Final training 27/199, loss: 15.2843, time 52.88s, lr: 0.048802
Accuracy: 0.512
class                  precision    recall   specificity      f1   support
--------------------------------------------------------------------------
0                          0.500     0.420         0.718   0.457        69
1                          0.442     0.676         0.790   0.535        34
2                          0.581     0.522         0.748   0.550        69
*----------------------------------------*
2025-11-04 10:14:51,032 INFO Final validation 27/199, Val_acc: 0.3721, time 13.18sAccuracy: 0.372
class                  precision    recall   specificity      f1   support
--------------------------------------------------------------------------
0                          0.000     0.000         1.000   0.000        17
1                          0.000     0.000         0.971   0.000         9
2                          0.381     0.941         0.000   0.542        17
*========================================*
2025-11-04 10:14:52,803 INFO 0 Tue Nov  4 10:14:52 2025 Epoch: 28
2025-11-04 10:15:41,084 INFO Final training 28/199, loss: 9.8645, time 48.28s, lr: 0.048673
Accuracy: 0.541
class                  precision    recall   specificity      f1   support
--------------------------------------------------------------------------
0                          0.556     0.507         0.728   0.530        69
1                          0.413     0.559         0.804   0.475        34
2                          0.619     0.565         0.767   0.591        69
*----------------------------------------*
2025-11-04 10:15:41,084 INFO 0 Tue Nov  4 10:15:41 2025 Epoch: 29
2025-11-04 10:16:27,472 INFO Final training 29/199, loss: 8.5135, time 46.39s, lr: 0.048539
Accuracy: 0.523
class                  precision    recall   specificity      f1   support
--------------------------------------------------------------------------
0                          0.508     0.449         0.709   0.477        69
1                          0.467     0.618         0.826   0.532        34
2                          0.576     0.551         0.728   0.563        69
*----------------------------------------*
2025-11-04 10:16:27,472 INFO 0 Tue Nov  4 10:16:27 2025 Epoch: 30
2025-11-04 10:17:12,182 INFO Final training 30/199, loss: 20.5413, time 44.71s, lr: 0.048398
Accuracy: 0.401
class                  precision    recall   specificity      f1   support
--------------------------------------------------------------------------
0                          0.387     0.348         0.631   0.366        69
1                          0.347     0.500         0.768   0.410        34
2                          0.459     0.406         0.680   0.431        69
*----------------------------------------*
2025-11-04 10:17:12,763 INFO 0 Tue Nov  4 10:17:12 2025 Epoch: 31
2025-11-04 10:18:04,607 INFO Final training 31/199, loss: 7.3537, time 51.84s, lr: 0.048250
Accuracy: 0.529
class                  precision    recall   specificity      f1   support
--------------------------------------------------------------------------
0                          0.500     0.435         0.709   0.465        69
1                          0.490     0.706         0.819   0.578        34
2                          0.587     0.536         0.748   0.561        69
*----------------------------------------*
2025-11-04 10:18:17,900 INFO Final validation 31/199, Val_acc: 0.3953, time 13.29sAccuracy: 0.395
class                  precision    recall   specificity      f1   support
--------------------------------------------------------------------------
0                          0.000     0.000         1.000   0.000        17
1                          0.000     0.000         1.000   0.000         9
2                          0.395     1.000         0.000   0.567        17
*========================================*
2025-11-04 10:18:19,662 INFO 0 Tue Nov  4 10:18:19 2025 Epoch: 32
2025-11-04 10:19:14,971 INFO Final training 32/199, loss: 12.4091, time 55.31s, lr: 0.048097
Accuracy: 0.570
class                  precision    recall   specificity      f1   support
--------------------------------------------------------------------------
0                          0.645     0.580         0.786   0.611        69
1                          0.400     0.588         0.783   0.476        34
2                          0.633     0.551         0.786   0.589        69
*----------------------------------------*
2025-11-04 10:19:14,972 INFO 0 Tue Nov  4 10:19:14 2025 Epoch: 33
2025-11-04 10:20:07,451 INFO Final training 33/199, loss: 22.9981, time 52.48s, lr: 0.047937
Accuracy: 0.436
class                  precision    recall   specificity      f1   support
--------------------------------------------------------------------------
0                          0.452     0.406         0.670   0.427        69
1                          0.400     0.588         0.783   0.476        34
2                          0.450     0.391         0.680   0.419        69
*----------------------------------------*
2025-11-04 10:20:07,451 INFO 0 Tue Nov  4 10:20:07 2025 Epoch: 34
2025-11-04 10:20:58,129 INFO Final training 34/199, loss: 17.7381, time 50.68s, lr: 0.047772
Accuracy: 0.453
class                  precision    recall   specificity      f1   support
--------------------------------------------------------------------------
0                          0.492     0.435         0.699   0.462        69
1                          0.306     0.441         0.754   0.361        34
2                          0.532     0.478         0.718   0.504        69
*----------------------------------------*
2025-11-04 10:20:58,129 INFO 0 Tue Nov  4 10:20:58 2025 Epoch: 35
2025-11-04 10:21:51,805 INFO Final training 35/199, loss: 13.7783, time 53.68s, lr: 0.047600
Accuracy: 0.570
class                  precision    recall   specificity      f1   support
--------------------------------------------------------------------------
0                          0.567     0.493         0.748   0.527        69
1                          0.408     0.588         0.790   0.482        34
2                          0.698     0.638         0.816   0.667        69
*----------------------------------------*
2025-11-04 10:22:04,916 INFO Final validation 35/199, Val_acc: 0.3721, time 13.11sAccuracy: 0.372
class                  precision    recall   specificity      f1   support
--------------------------------------------------------------------------
0                          0.000     0.000         1.000   0.000        17
1                          0.250     1.000         0.206   0.400         9
2                          1.000     0.412         1.000   0.583        17
*========================================*
2025-11-04 10:22:06,684 INFO 0 Tue Nov  4 10:22:06 2025 Epoch: 36
2025-11-04 10:22:54,825 INFO Final training 36/199, loss: 16.7069, time 48.14s, lr: 0.047422
Accuracy: 0.500
class                  precision    recall   specificity      f1   support
--------------------------------------------------------------------------
0                          0.517     0.449         0.718   0.481        69
1                          0.409     0.529         0.812   0.462        34
2                          0.544     0.536         0.699   0.540        69
*----------------------------------------*
2025-11-04 10:22:54,825 INFO 0 Tue Nov  4 10:22:54 2025 Epoch: 37
2025-11-04 10:23:47,724 INFO Final training 37/199, loss: 17.6760, time 52.90s, lr: 0.047238
Accuracy: 0.500
class                  precision    recall   specificity      f1   support
--------------------------------------------------------------------------
0                          0.589     0.478         0.777   0.528        69
1                          0.357     0.588         0.739   0.444        34
2                          0.550     0.478         0.738   0.512        69
*----------------------------------------*
2025-11-04 10:23:47,724 INFO 0 Tue Nov  4 10:23:47 2025 Epoch: 38
2025-11-04 10:24:35,463 INFO Final training 38/199, loss: 23.1801, time 47.74s, lr: 0.047048
Accuracy: 0.390
class                  precision    recall   specificity      f1   support
--------------------------------------------------------------------------
0                          0.446     0.420         0.650   0.433        69
1                          0.261     0.353         0.754   0.300        34
2                          0.426     0.377         0.660   0.400        69
*----------------------------------------*
2025-11-04 10:24:35,463 INFO 0 Tue Nov  4 10:24:35 2025 Epoch: 39
2025-11-04 10:25:26,761 INFO Final training 39/199, loss: 18.5856, time 51.30s, lr: 0.046852
Accuracy: 0.448
class                  precision    recall   specificity      f1   support
--------------------------------------------------------------------------
0                          0.451     0.333         0.728   0.383        69
1                          0.346     0.529         0.754   0.419        34
2                          0.522     0.522         0.680   0.522        69
*----------------------------------------*
2025-11-04 10:25:39,856 INFO Final validation 39/199, Val_acc: 0.3721, time 13.09sAccuracy: 0.372
class                  precision    recall   specificity      f1   support
--------------------------------------------------------------------------
0                          0.000     0.000         1.000   0.000        17
1                          0.000     0.000         0.971   0.000         9
2                          0.381     0.941         0.000   0.542        17
*========================================*
2025-11-04 10:25:41,624 INFO 0 Tue Nov  4 10:25:41 2025 Epoch: 40
2025-11-04 10:26:33,402 INFO Final training 40/199, loss: 15.5515, time 51.78s, lr: 0.046651
Accuracy: 0.512
class                  precision    recall   specificity      f1   support
--------------------------------------------------------------------------
0                          0.544     0.536         0.699   0.540        69
1                          0.391     0.529         0.797   0.450        34
2                          0.569     0.478         0.757   0.520        69
*----------------------------------------*
2025-11-04 10:26:33,899 INFO 0 Tue Nov  4 10:26:33 2025 Epoch: 41
2025-11-04 10:27:22,427 INFO Final training 41/199, loss: 9.7301, time 48.53s, lr: 0.046443
Accuracy: 0.581
class                  precision    recall   specificity      f1   support
--------------------------------------------------------------------------
0                          0.586     0.493         0.767   0.535        69
1                          0.489     0.676         0.826   0.568        34
2                          0.642     0.623         0.767   0.632        69
*----------------------------------------*
2025-11-04 10:27:22,427 INFO 0 Tue Nov  4 10:27:22 2025 Epoch: 42
2025-11-04 10:28:13,716 INFO Final training 42/199, loss: 7.7099, time 51.29s, lr: 0.046230
Accuracy: 0.663
class                  precision    recall   specificity      f1   support
--------------------------------------------------------------------------
0                          0.703     0.652         0.816   0.677        69
1                          0.581     0.735         0.870   0.649        34
2                          0.677     0.638         0.796   0.657        69
*----------------------------------------*
2025-11-04 10:28:13,716 INFO 0 Tue Nov  4 10:28:13 2025 Epoch: 43
2025-11-04 10:29:11,726 INFO Final training 43/199, loss: 7.8629, time 58.01s, lr: 0.046011
Accuracy: 0.622
class                  precision    recall   specificity      f1   support
--------------------------------------------------------------------------
0                          0.609     0.609         0.738   0.609        69
1                          0.585     0.706         0.877   0.640        34
2                          0.661     0.594         0.796   0.626        69
*----------------------------------------*
2025-11-04 10:29:25,788 INFO Final validation 43/199, Val_acc: 0.3721, time 14.06sAccuracy: 0.372
class                  precision    recall   specificity      f1   support
--------------------------------------------------------------------------
0                          0.000     0.000         1.000   0.000        17
1                          0.000     0.000         0.971   0.000         9
2                          0.381     0.941         0.000   0.542        17
*========================================*
2025-11-04 10:29:27,573 INFO 0 Tue Nov  4 10:29:27 2025 Epoch: 44
2025-11-04 10:30:21,436 INFO Final training 44/199, loss: 14.2266, time 53.86s, lr: 0.045787
Accuracy: 0.523
class                  precision    recall   specificity      f1   support
--------------------------------------------------------------------------
0                          0.567     0.493         0.748   0.527        69
1                          0.308     0.471         0.739   0.372        34
2                          0.667     0.580         0.806   0.620        69
*----------------------------------------*
2025-11-04 10:30:21,437 INFO 0 Tue Nov  4 10:30:21 2025 Epoch: 45
2025-11-04 10:31:09,267 INFO Final training 45/199, loss: 8.7040, time 47.83s, lr: 0.045557
Accuracy: 0.570
class                  precision    recall   specificity      f1   support
--------------------------------------------------------------------------
0                          0.596     0.493         0.777   0.540        69
1                          0.469     0.676         0.812   0.554        34
2                          0.621     0.594         0.757   0.607        69
*----------------------------------------*
2025-11-04 10:31:09,267 INFO 0 Tue Nov  4 10:31:09 2025 Epoch: 46
2025-11-04 10:31:55,710 INFO Final training 46/199, loss: 21.3238, time 46.44s, lr: 0.045321
Accuracy: 0.471
class                  precision    recall   specificity      f1   support
--------------------------------------------------------------------------
0                          0.569     0.478         0.757   0.520        69
1                          0.278     0.441         0.717   0.341        34
2                          0.550     0.478         0.738   0.512        69
*----------------------------------------*
2025-11-04 10:31:55,711 INFO 0 Tue Nov  4 10:31:55 2025 Epoch: 47
2025-11-04 10:32:45,685 INFO Final training 47/199, loss: 29.1499, time 49.97s, lr: 0.045080
Accuracy: 0.465
class                  precision    recall   specificity      f1   support
--------------------------------------------------------------------------
0                          0.491     0.377         0.738   0.426        69
1                          0.339     0.559         0.732   0.422        34
2                          0.556     0.507         0.728   0.530        69
*----------------------------------------*
2025-11-04 10:32:59,525 INFO Final validation 47/199, Val_acc: 0.5349, time 13.84sAccuracy: 0.535
class                  precision    recall   specificity      f1   support
--------------------------------------------------------------------------
0                          0.700     0.412         0.885   0.519        17
1                          0.364     0.889         0.588   0.516         9
2                          0.727     0.471         0.885   0.571        17
*========================================*
2025-11-04 10:33:01,303 INFO 0 Tue Nov  4 10:33:01 2025 Epoch: 48
2025-11-04 10:33:49,750 INFO Final training 48/199, loss: 28.9696, time 48.45s, lr: 0.044834
Accuracy: 0.471
class                  precision    recall   specificity      f1   support
--------------------------------------------------------------------------
0                          0.532     0.478         0.718   0.504        69
1                          0.333     0.471         0.768   0.390        34
2                          0.516     0.464         0.709   0.489        69
*----------------------------------------*
2025-11-04 10:33:49,750 INFO 0 Tue Nov  4 10:33:49 2025 Epoch: 49
2025-11-04 10:34:47,688 INFO Final training 49/199, loss: 26.9251, time 57.94s, lr: 0.044582
Accuracy: 0.459
class                  precision    recall   specificity      f1   support
--------------------------------------------------------------------------
0                          0.500     0.435         0.709   0.465        69
1                          0.340     0.471         0.775   0.395        34
2                          0.508     0.478         0.689   0.493        69
*----------------------------------------*
2025-11-04 10:34:47,688 INFO 0 Tue Nov  4 10:34:47 2025 Epoch: 50
2025-11-04 10:35:42,752 INFO Final training 50/199, loss: 25.1221, time 55.06s, lr: 0.044325
Accuracy: 0.442
class                  precision    recall   specificity      f1   support
--------------------------------------------------------------------------
0                          0.450     0.391         0.680   0.419        69
1                          0.377     0.588         0.761   0.460        34
2                          0.492     0.420         0.709   0.453        69
*----------------------------------------*
2025-11-04 10:35:43,240 INFO 0 Tue Nov  4 10:35:43 2025 Epoch: 51
2025-11-04 10:36:33,848 INFO Final training 51/199, loss: 8.2929, time 50.61s, lr: 0.044063
Accuracy: 0.628
class                  precision    recall   specificity      f1   support
--------------------------------------------------------------------------
0                          0.656     0.580         0.796   0.615        69
1                          0.500     0.647         0.841   0.564        34
2                          0.687     0.667         0.796   0.676        69
*----------------------------------------*
2025-11-04 10:36:47,057 INFO Final validation 51/199, Val_acc: 0.3953, time 13.21sAccuracy: 0.395
class                  precision    recall   specificity      f1   support
--------------------------------------------------------------------------
0                          0.405     1.000         0.038   0.576        17
1                          0.000     0.000         0.971   0.000         9
2                          0.000     0.000         1.000   0.000        17
*========================================*
2025-11-04 10:36:48,864 INFO 0 Tue Nov  4 10:36:48 2025 Epoch: 52
2025-11-04 10:37:39,835 INFO Final training 52/199, loss: 26.2174, time 50.97s, lr: 0.043796
Accuracy: 0.506
class                  precision    recall   specificity      f1   support
--------------------------------------------------------------------------
0                          0.525     0.464         0.718   0.492        69
1                          0.455     0.588         0.826   0.513        34
2                          0.522     0.507         0.689   0.515        69
*----------------------------------------*
2025-11-04 10:37:39,835 INFO 0 Tue Nov  4 10:37:39 2025 Epoch: 53
2025-11-04 10:38:28,264 INFO Final training 53/199, loss: 13.6473, time 48.43s, lr: 0.043524
Accuracy: 0.529
class                  precision    recall   specificity      f1   support
--------------------------------------------------------------------------
0                          0.548     0.493         0.728   0.519        69
1                          0.447     0.618         0.812   0.519        34
2                          0.571     0.522         0.738   0.545        69
*----------------------------------------*
2025-11-04 10:38:28,265 INFO 0 Tue Nov  4 10:38:28 2025 Epoch: 54
2025-11-04 10:39:22,013 INFO Final training 54/199, loss: 14.6657, time 53.75s, lr: 0.043247
Accuracy: 0.552
class                  precision    recall   specificity      f1   support
--------------------------------------------------------------------------
0                          0.574     0.507         0.748   0.538        69
1                          0.400     0.588         0.783   0.476        34
2                          0.656     0.580         0.796   0.615        69
*----------------------------------------*
2025-11-04 10:39:22,013 INFO 0 Tue Nov  4 10:39:22 2025 Epoch: 55
2025-11-04 10:40:11,205 INFO Final training 55/199, loss: 15.2988, time 49.19s, lr: 0.042965
Accuracy: 0.547
class                  precision    recall   specificity      f1   support
--------------------------------------------------------------------------
0                          0.508     0.435         0.718   0.469        69
1                          0.545     0.706         0.855   0.615        34
2                          0.580     0.580         0.718   0.580        69
*----------------------------------------*
2025-11-04 10:40:24,352 INFO Final validation 55/199, Val_acc: 0.3721, time 13.15sAccuracy: 0.372
class                  precision    recall   specificity      f1   support
--------------------------------------------------------------------------
0                          0.000     0.000         1.000   0.000        17
1                          0.000     0.000         0.971   0.000         9
2                          0.381     0.941         0.000   0.542        17
*========================================*
2025-11-04 10:40:26,178 INFO 0 Tue Nov  4 10:40:26 2025 Epoch: 56
2025-11-04 10:41:13,856 INFO Final training 56/199, loss: 9.4710, time 47.68s, lr: 0.042678
Accuracy: 0.587
class                  precision    recall   specificity      f1   support
--------------------------------------------------------------------------
0                          0.594     0.594         0.728   0.594        69
1                          0.444     0.588         0.819   0.506        34
2                          0.690     0.580         0.825   0.630        69
*----------------------------------------*
2025-11-04 10:41:13,856 INFO 0 Tue Nov  4 10:41:13 2025 Epoch: 57
2025-11-04 10:42:05,265 INFO Final training 57/199, loss: 29.9781, time 51.41s, lr: 0.042386
Accuracy: 0.465
class                  precision    recall   specificity      f1   support
--------------------------------------------------------------------------
0                          0.483     0.406         0.709   0.441        69
1                          0.404     0.618         0.775   0.488        34
2                          0.500     0.449         0.699   0.473        69
*----------------------------------------*
2025-11-04 10:42:05,265 INFO 0 Tue Nov  4 10:42:05 2025 Epoch: 58
2025-11-04 10:42:55,461 INFO Final training 58/199, loss: 9.7511, time 50.20s, lr: 0.042090
Accuracy: 0.581
class                  precision    recall   specificity      f1   support
--------------------------------------------------------------------------
0                          0.576     0.493         0.757   0.531        69
1                          0.467     0.618         0.826   0.532        34
2                          0.662     0.652         0.777   0.657        69
*----------------------------------------*
2025-11-04 10:42:55,462 INFO 0 Tue Nov  4 10:42:55 2025 Epoch: 59
2025-11-04 10:43:46,261 INFO Final training 59/199, loss: 8.0588, time 50.80s, lr: 0.041789
Accuracy: 0.605
class                  precision    recall   specificity      f1   support
--------------------------------------------------------------------------
0                          0.627     0.536         0.786   0.578        69
1                          0.472     0.735         0.797   0.575        34
2                          0.700     0.609         0.825   0.651        69
*----------------------------------------*
2025-11-04 10:43:59,552 INFO Final validation 59/199, Val_acc: 0.3721, time 13.29sAccuracy: 0.372
class                  precision    recall   specificity      f1   support
--------------------------------------------------------------------------
0                          0.000     0.000         1.000   0.000        17
1                          0.000     0.000         0.971   0.000         9
2                          0.381     0.941         0.000   0.542        17
*========================================*
2025-11-04 10:44:01,321 INFO 0 Tue Nov  4 10:44:01 2025 Epoch: 60
2025-11-04 10:44:56,699 INFO Final training 60/199, loss: 14.5692, time 55.38s, lr: 0.041484
Accuracy: 0.465
class                  precision    recall   specificity      f1   support
--------------------------------------------------------------------------
0                          0.431     0.362         0.680   0.394        69
1                          0.388     0.559         0.783   0.458        34
2                          0.554     0.522         0.718   0.537        69
*----------------------------------------*
2025-11-04 10:44:57,105 INFO 0 Tue Nov  4 10:44:57 2025 Epoch: 61
2025-11-04 10:45:46,846 INFO Final training 61/199, loss: 18.9203, time 49.74s, lr: 0.041174
Accuracy: 0.500
class                  precision    recall   specificity      f1   support
--------------------------------------------------------------------------
0                          0.500     0.449         0.699   0.473        69
1                          0.488     0.618         0.841   0.545        34
2                          0.507     0.493         0.680   0.500        69
*----------------------------------------*
2025-11-04 10:45:46,847 INFO 0 Tue Nov  4 10:45:46 2025 Epoch: 62
2025-11-04 10:46:36,541 INFO Final training 62/199, loss: 13.5708, time 49.69s, lr: 0.040860
Accuracy: 0.535
class                  precision    recall   specificity      f1   support
--------------------------------------------------------------------------
0                          0.542     0.464         0.738   0.500        69
1                          0.432     0.559         0.819   0.487        34
2                          0.594     0.594         0.728   0.594        69
*----------------------------------------*
2025-11-04 10:46:36,541 INFO 0 Tue Nov  4 10:46:36 2025 Epoch: 63
2025-11-04 10:47:23,790 INFO Final training 63/199, loss: 27.2030, time 47.25s, lr: 0.040542
Accuracy: 0.430
class                  precision    recall   specificity      f1   support
--------------------------------------------------------------------------
0                          0.410     0.362         0.650   0.385        69
1                          0.412     0.618         0.783   0.494        34
2                          0.467     0.406         0.689   0.434        69
*----------------------------------------*
2025-11-04 10:47:36,935 INFO Final validation 63/199, Val_acc: 0.3721, time 13.14sAccuracy: 0.372
class                  precision    recall   specificity      f1   support
--------------------------------------------------------------------------
0                          0.000     0.000         1.000   0.000        17
1                          0.000     0.000         0.971   0.000         9
2                          0.381     0.941         0.000   0.542        17
*========================================*
2025-11-04 10:47:38,708 INFO 0 Tue Nov  4 10:47:38 2025 Epoch: 64
2025-11-04 10:48:31,032 INFO Final training 64/199, loss: 9.0357, time 52.32s, lr: 0.040219
Accuracy: 0.622
class                  precision    recall   specificity      f1   support
--------------------------------------------------------------------------
0                          0.652     0.652         0.767   0.652        69
1                          0.500     0.647         0.841   0.564        34
2                          0.678     0.580         0.816   0.625        69
*----------------------------------------*
2025-11-04 10:48:31,033 INFO 0 Tue Nov  4 10:48:31 2025 Epoch: 65
2025-11-04 10:49:20,431 INFO Final training 65/199, loss: 17.0743, time 49.40s, lr: 0.039892
Accuracy: 0.506
class                  precision    recall   specificity      f1   support
--------------------------------------------------------------------------
0                          0.500     0.435         0.709   0.465        69
1                          0.438     0.618         0.804   0.512        34
2                          0.562     0.522         0.728   0.541        69
*----------------------------------------*
2025-11-04 10:49:20,431 INFO 0 Tue Nov  4 10:49:20 2025 Epoch: 66
2025-11-04 10:50:11,835 INFO Final training 66/199, loss: 19.8306, time 51.40s, lr: 0.039562
Accuracy: 0.453
class                  precision    recall   specificity      f1   support
--------------------------------------------------------------------------
0                          0.466     0.391         0.699   0.425        69
1                          0.412     0.618         0.783   0.494        34
2                          0.476     0.435         0.680   0.455        69
*----------------------------------------*
2025-11-04 10:50:11,836 INFO 0 Tue Nov  4 10:50:11 2025 Epoch: 67
2025-11-04 10:51:02,863 INFO Final training 67/199, loss: 8.0060, time 51.03s, lr: 0.039228
Accuracy: 0.628
class                  precision    recall   specificity      f1   support
--------------------------------------------------------------------------
0                          0.708     0.667         0.816   0.687        69
1                          0.457     0.618         0.819   0.525        34
2                          0.672     0.594         0.806   0.631        69
*----------------------------------------*
2025-11-04 10:51:16,116 INFO Final validation 67/199, Val_acc: 0.3721, time 13.25sAccuracy: 0.372
class                  precision    recall   specificity      f1   support
--------------------------------------------------------------------------
0                          0.000     0.000         1.000   0.000        17
1                          0.000     0.000         0.971   0.000         9
2                          0.381     0.941         0.000   0.542        17
*========================================*
2025-11-04 10:51:17,936 INFO 0 Tue Nov  4 10:51:17 2025 Epoch: 68
2025-11-04 10:52:06,747 INFO Final training 68/199, loss: 8.1109, time 48.81s, lr: 0.038889
Accuracy: 0.605
class                  precision    recall   specificity      f1   support
--------------------------------------------------------------------------
0                          0.613     0.551         0.767   0.580        69
1                          0.480     0.706         0.812   0.571        34
2                          0.700     0.609         0.825   0.651        69
*----------------------------------------*
2025-11-04 10:52:06,747 INFO 0 Tue Nov  4 10:52:06 2025 Epoch: 69
2025-11-04 10:52:58,530 INFO Final training 69/199, loss: 22.8740, time 51.78s, lr: 0.038547
Accuracy: 0.442
class                  precision    recall   specificity      f1   support
--------------------------------------------------------------------------
0                          0.433     0.377         0.670   0.403        69
1                          0.404     0.559         0.797   0.469        34
2                          0.477     0.449         0.670   0.463        69
*----------------------------------------*
2025-11-04 10:52:58,530 INFO 0 Tue Nov  4 10:52:58 2025 Epoch: 70
2025-11-04 10:53:49,532 INFO Final training 70/199, loss: 6.0202, time 51.00s, lr: 0.038202
Accuracy: 0.622
class                  precision    recall   specificity      f1   support
--------------------------------------------------------------------------
0                          0.615     0.580         0.757   0.597        69
1                          0.600     0.706         0.884   0.649        34
2                          0.642     0.623         0.767   0.632        69
*----------------------------------------*
2025-11-04 10:53:50,003 INFO 0 Tue Nov  4 10:53:50 2025 Epoch: 71
2025-11-04 10:54:36,431 INFO Final training 71/199, loss: 10.5634, time 46.43s, lr: 0.037853
Accuracy: 0.570
class                  precision    recall   specificity      f1   support
--------------------------------------------------------------------------
0                          0.569     0.478         0.757   0.520        69
1                          0.489     0.676         0.826   0.568        34
2                          0.627     0.609         0.757   0.618        69
*----------------------------------------*
2025-11-04 10:54:49,457 INFO Final validation 71/199, Val_acc: 0.3721, time 13.03sAccuracy: 0.372
class                  precision    recall   specificity      f1   support
--------------------------------------------------------------------------
0                          0.000     0.000         1.000   0.000        17
1                          0.000     0.000         0.971   0.000         9
2                          0.381     0.941         0.000   0.542        17
*========================================*
2025-11-04 10:54:51,206 INFO 0 Tue Nov  4 10:54:51 2025 Epoch: 72
2025-11-04 10:55:39,740 INFO Final training 72/199, loss: 7.3512, time 48.53s, lr: 0.037500
Accuracy: 0.587
class                  precision    recall   specificity      f1   support
--------------------------------------------------------------------------
0                          0.574     0.565         0.718   0.569        69
1                          0.488     0.618         0.841   0.545        34
2                          0.672     0.594         0.806   0.631        69
*----------------------------------------*
2025-11-04 10:55:39,740 INFO 0 Tue Nov  4 10:55:39 2025 Epoch: 73
2025-11-04 10:56:29,573 INFO Final training 73/199, loss: 15.4388, time 49.83s, lr: 0.037144
Accuracy: 0.523
class                  precision    recall   specificity      f1   support
--------------------------------------------------------------------------
0                          0.560     0.406         0.786   0.471        69
1                          0.444     0.588         0.819   0.506        34
2                          0.545     0.609         0.660   0.575        69
*----------------------------------------*
2025-11-04 10:56:29,574 INFO 0 Tue Nov  4 10:56:29 2025 Epoch: 74
2025-11-04 10:57:18,223 INFO Final training 74/199, loss: 12.3187, time 48.65s, lr: 0.036785
Accuracy: 0.593
class                  precision    recall   specificity      f1   support
--------------------------------------------------------------------------
0                          0.563     0.580         0.699   0.571        69
1                          0.610     0.735         0.884   0.667        34
2                          0.617     0.536         0.777   0.574        69
*----------------------------------------*
2025-11-04 10:57:18,223 INFO 0 Tue Nov  4 10:57:18 2025 Epoch: 75
2025-11-04 10:58:10,166 INFO Final training 75/199, loss: 7.1079, time 51.94s, lr: 0.036423
Accuracy: 0.640
class                  precision    recall   specificity      f1   support
--------------------------------------------------------------------------
0                          0.609     0.565         0.757   0.586        69
1                          0.548     0.676         0.862   0.605        34
2                          0.727     0.696         0.825   0.711        69
*----------------------------------------*
2025-11-04 10:58:23,239 INFO Final validation 75/199, Val_acc: 0.3721, time 13.07sAccuracy: 0.372
class                  precision    recall   specificity      f1   support
--------------------------------------------------------------------------
0                          0.000     0.000         1.000   0.000        17
1                          0.000     0.000         0.971   0.000         9
2                          0.381     0.941         0.000   0.542        17
*========================================*
2025-11-04 10:58:24,990 INFO 0 Tue Nov  4 10:58:24 2025 Epoch: 76
2025-11-04 10:59:10,874 INFO Final training 76/199, loss: 15.4042, time 45.88s, lr: 0.036057
Accuracy: 0.494
class                  precision    recall   specificity      f1   support
--------------------------------------------------------------------------
0                          0.476     0.435         0.680   0.455        69
1                          0.500     0.706         0.826   0.585        34
2                          0.508     0.449         0.709   0.477        69
*----------------------------------------*
2025-11-04 10:59:10,875 INFO 0 Tue Nov  4 10:59:10 2025 Epoch: 77
2025-11-04 10:59:54,851 INFO Final training 77/199, loss: 13.8011, time 43.98s, lr: 0.035689
Accuracy: 0.558
class                  precision    recall   specificity      f1   support
--------------------------------------------------------------------------
0                          0.621     0.522         0.786   0.567        69
1                          0.404     0.559         0.797   0.469        34
2                          0.612     0.594         0.748   0.603        69
*----------------------------------------*
2025-11-04 10:59:54,851 INFO 0 Tue Nov  4 10:59:54 2025 Epoch: 78
2025-11-04 11:00:46,952 INFO Final training 78/199, loss: 14.4392, time 52.10s, lr: 0.035318
Accuracy: 0.517
class                  precision    recall   specificity      f1   support
--------------------------------------------------------------------------
0                          0.566     0.435         0.777   0.492        69
1                          0.377     0.588         0.761   0.460        34
2                          0.591     0.565         0.738   0.578        69
*----------------------------------------*
2025-11-04 11:00:46,953 INFO 0 Tue Nov  4 11:00:46 2025 Epoch: 79
2025-11-04 11:01:32,934 INFO Final training 79/199, loss: 16.3176, time 45.98s, lr: 0.034944
Accuracy: 0.541
class                  precision    recall   specificity      f1   support
--------------------------------------------------------------------------
0                          0.540     0.493         0.718   0.515        69
1                          0.500     0.618         0.848   0.553        34
2                          0.567     0.551         0.718   0.559        69
*----------------------------------------*
2025-11-04 11:01:46,383 INFO Final validation 79/199, Val_acc: 0.3721, time 13.45sAccuracy: 0.372
class                  precision    recall   specificity      f1   support
--------------------------------------------------------------------------
0                          0.000     0.000         1.000   0.000        17
1                          0.231     0.667         0.412   0.343         9
2                          0.588     0.588         0.731   0.588        17
*========================================*
2025-11-04 11:01:48,162 INFO 0 Tue Nov  4 11:01:48 2025 Epoch: 80
2025-11-04 11:02:41,058 INFO Final training 80/199, loss: 8.4388, time 52.90s, lr: 0.034567
Accuracy: 0.576
class                  precision    recall   specificity      f1   support
--------------------------------------------------------------------------
0                          0.562     0.522         0.728   0.541        69
1                          0.538     0.618         0.870   0.575        34
2                          0.609     0.609         0.738   0.609        69
*----------------------------------------*
2025-11-04 11:02:41,488 INFO 0 Tue Nov  4 11:02:41 2025 Epoch: 81
2025-11-04 11:03:29,681 INFO Final training 81/199, loss: 8.1108, time 48.19s, lr: 0.034188
Accuracy: 0.674
class                  precision    recall   specificity      f1   support
--------------------------------------------------------------------------
0                          0.714     0.652         0.825   0.682        69
1                          0.479     0.676         0.819   0.561        34
2                          0.787     0.696         0.874   0.738        69
*----------------------------------------*
2025-11-04 11:03:29,682 INFO 0 Tue Nov  4 11:03:29 2025 Epoch: 82
2025-11-04 11:04:24,113 INFO Final training 82/199, loss: 13.8571, time 54.43s, lr: 0.033806
Accuracy: 0.552
class                  precision    recall   specificity      f1   support
--------------------------------------------------------------------------
0                          0.650     0.565         0.796   0.605        69
1                          0.340     0.500         0.761   0.405        34
2                          0.629     0.565         0.777   0.595        69
*----------------------------------------*
2025-11-04 11:04:24,113 INFO 0 Tue Nov  4 11:04:24 2025 Epoch: 83
2025-11-04 11:05:23,235 INFO Final training 83/199, loss: 12.2697, time 59.12s, lr: 0.033422
Accuracy: 0.645
class                  precision    recall   specificity      f1   support
--------------------------------------------------------------------------
0                          0.650     0.565         0.796   0.605        69
1                          0.558     0.706         0.862   0.623        34
2                          0.696     0.696         0.796   0.696        69
*----------------------------------------*
2025-11-04 11:05:36,304 INFO Final validation 83/199, Val_acc: 0.3721, time 13.07sAccuracy: 0.372
class                  precision    recall   specificity      f1   support
--------------------------------------------------------------------------
0                          0.000     0.000         1.000   0.000        17
1                          0.000     0.000         0.971   0.000         9
2                          0.381     0.941         0.000   0.542        17
*========================================*
2025-11-04 11:05:38,073 INFO 0 Tue Nov  4 11:05:38 2025 Epoch: 84
2025-11-04 11:06:28,617 INFO Final training 84/199, loss: 8.8320, time 50.54s, lr: 0.033036
Accuracy: 0.593
class                  precision    recall   specificity      f1   support
--------------------------------------------------------------------------
0                          0.557     0.493         0.738   0.523        69
1                          0.511     0.676         0.841   0.582        34
2                          0.682     0.652         0.796   0.667        69
*----------------------------------------*
2025-11-04 11:06:28,617 INFO 0 Tue Nov  4 11:06:28 2025 Epoch: 85
2025-11-04 11:07:21,422 INFO Final training 85/199, loss: 13.7369, time 52.80s, lr: 0.032648
Accuracy: 0.523
class                  precision    recall   specificity      f1   support
--------------------------------------------------------------------------
0                          0.547     0.507         0.718   0.526        69
1                          0.460     0.676         0.804   0.548        34
2                          0.552     0.464         0.748   0.504        69
*----------------------------------------*
2025-11-04 11:07:21,423 INFO 0 Tue Nov  4 11:07:21 2025 Epoch: 86
2025-11-04 11:08:13,796 INFO Final training 86/199, loss: 7.1336, time 52.37s, lr: 0.032257
Accuracy: 0.669
class                  precision    recall   specificity      f1   support
--------------------------------------------------------------------------
0                          0.689     0.609         0.816   0.646        69
1                          0.581     0.735         0.870   0.649        34
2                          0.706     0.696         0.806   0.701        69
*----------------------------------------*
2025-11-04 11:08:13,796 INFO 0 Tue Nov  4 11:08:13 2025 Epoch: 87
2025-11-04 11:09:08,616 INFO Final training 87/199, loss: 17.3629, time 54.82s, lr: 0.031865
Accuracy: 0.547
class                  precision    recall   specificity      f1   support
--------------------------------------------------------------------------
0                          0.587     0.536         0.748   0.561        69
1                          0.511     0.676         0.841   0.582        34
2                          0.531     0.493         0.709   0.511        69
*----------------------------------------*
2025-11-04 11:09:22,297 INFO Final validation 87/199, Val_acc: 0.3953, time 13.68sAccuracy: 0.395
class                  precision    recall   specificity      f1   support
--------------------------------------------------------------------------
0                          0.405     1.000         0.038   0.576        17
1                          0.000     0.000         0.971   0.000         9
2                          0.000     0.000         1.000   0.000        17
*========================================*
2025-11-04 11:09:24,096 INFO 0 Tue Nov  4 11:09:24 2025 Epoch: 88
2025-11-04 11:10:19,588 INFO Final training 88/199, loss: 20.9140, time 55.49s, lr: 0.031470
Accuracy: 0.488
class                  precision    recall   specificity      f1   support
--------------------------------------------------------------------------
0                          0.470     0.449         0.660   0.459        69
1                          0.449     0.647         0.804   0.530        34
2                          0.544     0.449         0.748   0.492        69
*----------------------------------------*
2025-11-04 11:10:19,588 INFO 0 Tue Nov  4 11:10:19 2025 Epoch: 89
2025-11-04 11:11:14,299 INFO Final training 89/199, loss: 15.4668, time 54.71s, lr: 0.031075
Accuracy: 0.552
class                  precision    recall   specificity      f1   support
--------------------------------------------------------------------------
0                          0.566     0.435         0.777   0.492        69
1                          0.327     0.500         0.746   0.395        34
2                          0.716     0.696         0.816   0.706        69
*----------------------------------------*
2025-11-04 11:11:14,299 INFO 0 Tue Nov  4 11:11:14 2025 Epoch: 90
2025-11-04 11:11:59,944 INFO Final training 90/199, loss: 8.5319, time 45.64s, lr: 0.030677
Accuracy: 0.558
class                  precision    recall   specificity      f1   support
--------------------------------------------------------------------------
0                          0.554     0.522         0.718   0.537        69
1                          0.500     0.647         0.841   0.564        34
2                          0.603     0.551         0.757   0.576        69
*----------------------------------------*
2025-11-04 11:12:00,414 INFO 0 Tue Nov  4 11:12:00 2025 Epoch: 91
2025-11-04 11:12:50,580 INFO Final training 91/199, loss: 14.3533, time 50.17s, lr: 0.030278
Accuracy: 0.552
class                  precision    recall   specificity      f1   support
--------------------------------------------------------------------------
0                          0.578     0.536         0.738   0.556        69
1                          0.500     0.706         0.826   0.585        34
2                          0.567     0.493         0.748   0.527        69
*----------------------------------------*
2025-11-04 11:13:03,995 INFO Final validation 91/199, Val_acc: 0.3721, time 13.41sAccuracy: 0.372
class                  precision    recall   specificity      f1   support
--------------------------------------------------------------------------
0                          0.000     0.000         1.000   0.000        17
1                          0.000     0.000         0.971   0.000         9
2                          0.381     0.941         0.000   0.542        17
*========================================*
2025-11-04 11:13:05,838 INFO 0 Tue Nov  4 11:13:05 2025 Epoch: 92
2025-11-04 11:13:50,430 INFO Final training 92/199, loss: 17.6640, time 44.59s, lr: 0.029877
Accuracy: 0.529
class                  precision    recall   specificity      f1   support
--------------------------------------------------------------------------
0                          0.564     0.449         0.767   0.500        69
1                          0.352     0.559         0.746   0.432        34
2                          0.651     0.594         0.786   0.621        69
*----------------------------------------*
2025-11-04 11:13:50,430 INFO 0 Tue Nov  4 11:13:50 2025 Epoch: 93
2025-11-04 11:14:42,066 INFO Final training 93/199, loss: 10.6579, time 51.64s, lr: 0.029475
Accuracy: 0.610
class                  precision    recall   specificity      f1   support
--------------------------------------------------------------------------
0                          0.689     0.609         0.816   0.646        69
1                          0.422     0.559         0.812   0.481        34
2                          0.667     0.638         0.786   0.652        69
*----------------------------------------*
2025-11-04 11:14:42,066 INFO 0 Tue Nov  4 11:14:42 2025 Epoch: 94
2025-11-04 11:15:29,649 INFO Final training 94/199, loss: 7.1916, time 47.58s, lr: 0.029072
Accuracy: 0.663
class                  precision    recall   specificity      f1   support
--------------------------------------------------------------------------
0                          0.717     0.623         0.835   0.667        69
1                          0.512     0.647         0.848   0.571        34
2                          0.710     0.710         0.806   0.710        69
*----------------------------------------*
2025-11-04 11:15:29,650 INFO 0 Tue Nov  4 11:15:29 2025 Epoch: 95
2025-11-04 11:16:17,802 INFO Final training 95/199, loss: 14.8049, time 48.15s, lr: 0.028668
Accuracy: 0.512
class                  precision    recall   specificity      f1   support
--------------------------------------------------------------------------
0                          0.534     0.449         0.738   0.488        69
1                          0.364     0.588         0.746   0.449        34
2                          0.627     0.536         0.786   0.578        69
*----------------------------------------*
2025-11-04 11:16:30,767 INFO Final validation 95/199, Val_acc: 0.3721, time 12.97sAccuracy: 0.372
class                  precision    recall   specificity      f1   support
--------------------------------------------------------------------------
0                          0.000     0.000         1.000   0.000        17
1                          0.000     0.000         0.971   0.000         9
2                          0.381     0.941         0.000   0.542        17
*========================================*
2025-11-04 11:16:32,551 INFO 0 Tue Nov  4 11:16:32 2025 Epoch: 96
2025-11-04 11:17:26,982 INFO Final training 96/199, loss: 7.0602, time 54.43s, lr: 0.028263
Accuracy: 0.674
class                  precision    recall   specificity      f1   support
--------------------------------------------------------------------------
0                          0.689     0.609         0.816   0.646        69
1                          0.556     0.735         0.855   0.633        34
2                          0.742     0.710         0.835   0.726        69
*----------------------------------------*
2025-11-04 11:17:26,982 INFO 0 Tue Nov  4 11:17:26 2025 Epoch: 97
2025-11-04 11:18:25,799 INFO Final training 97/199, loss: 5.9855, time 58.82s, lr: 0.027857
Accuracy: 0.692
class                  precision    recall   specificity      f1   support
--------------------------------------------------------------------------
0                          0.705     0.623         0.825   0.662        69
1                          0.556     0.735         0.855   0.633        34
2                          0.773     0.739         0.854   0.756        69
*----------------------------------------*
2025-11-04 11:18:25,799 INFO 0 Tue Nov  4 11:18:25 2025 Epoch: 98
2025-11-04 11:19:14,567 INFO Final training 98/199, loss: 5.9554, time 48.77s, lr: 0.027450
Accuracy: 0.674
class                  precision    recall   specificity      f1   support
--------------------------------------------------------------------------
0                          0.738     0.652         0.845   0.692        69
1                          0.533     0.706         0.848   0.608        34
2                          0.712     0.681         0.816   0.696        69
*----------------------------------------*
2025-11-04 11:19:14,567 INFO 0 Tue Nov  4 11:19:14 2025 Epoch: 99
2025-11-04 11:20:02,643 INFO Final training 99/199, loss: 10.1257, time 48.08s, lr: 0.027043
Accuracy: 0.576
class                  precision    recall   specificity      f1   support
--------------------------------------------------------------------------
0                          0.625     0.580         0.767   0.602        69
1                          0.434     0.676         0.783   0.529        34
2                          0.655     0.522         0.816   0.581        69
*----------------------------------------*
2025-11-04 11:20:15,748 INFO Final validation 99/199, Val_acc: 0.3721, time 13.10sAccuracy: 0.372
class                  precision    recall   specificity      f1   support
--------------------------------------------------------------------------
0                          0.000     0.000         1.000   0.000        17
1                          0.000     0.000         0.971   0.000         9
2                          0.381     0.941         0.000   0.542        17
*========================================*
2025-11-04 11:20:18,058 INFO 0 Tue Nov  4 11:20:18 2025 Epoch: 100
2025-11-04 11:21:06,402 INFO Final training 100/199, loss: 7.7617, time 48.34s, lr: 0.026635
Accuracy: 0.622
class                  precision    recall   specificity      f1   support
--------------------------------------------------------------------------
0                          0.639     0.565         0.786   0.600        69
1                          0.489     0.676         0.826   0.568        34
2                          0.703     0.652         0.816   0.677        69
*----------------------------------------*
2025-11-04 11:21:06,814 INFO 0 Tue Nov  4 11:21:06 2025 Epoch: 101
2025-11-04 11:21:51,342 INFO Final training 101/199, loss: 16.9788, time 44.53s, lr: 0.026227
Accuracy: 0.535
class                  precision    recall   specificity      f1   support
--------------------------------------------------------------------------
0                          0.492     0.420         0.709   0.453        69
1                          0.467     0.618         0.826   0.532        34
2                          0.618     0.609         0.748   0.613        69
*----------------------------------------*
2025-11-04 11:21:51,342 INFO 0 Tue Nov  4 11:21:51 2025 Epoch: 102
