2025-11-16 11:51:19,527 INFO Log directory: outputs/OrganoidsINRIA/densenet/2025-11-16-11-51
2025-11-16 11:51:19,528 INFO {'RandFlipd_prob': 0.2,
 'RandRotate90d_prob': 0.2,
 'RandScaleIntensityd_prob': 0.1,
 'RandShiftIntensityd_prob': 0.1,
 'amp': True,
 'augmentation': False,
 'batch_size': 2,
 'cache_dataset': False,
 'checkpoint_path': None,
 'data_dir': '/home/mraffael/martone_project/Organoids_Dataset/',
 'dataset_name': 'OrganoidsINRIA',
 'debug': False,
 'debug_train_samples': 40,
 'debug_val_samples': 10,
 'dist_backend': 'nccl',
 'dist_url': 'tcp://127.0.0.1:23456',
 'distributed': False,
 'dropout_path_rate': 0.0,
 'dropout_rate': 0.0,
 'early_stopping': True,
 'encoder10_pth': '',
 'exact_class': False,
 'feature_size': 48,
 'fold': 0,
 'folds': False,
 'gpu': 0,
 'ignore_label': 3,
 'in_channels': 1,
 'infer_overlap': 0.5,
 'k_folds': 5,
 'logdir': 'test',
 'logs_dir': 'logs/',
 'loss_name': 'CE',
 'lrschedule': 'warmup_cosine',
 'max_epochs': 150,
 'min_delta_loss': 0.001,
 'min_delta_val': 0.01,
 'model_name': 'densenet',
 'momentum': 0.99,
 'noamp': False,
 'norm_name': 'instance',
 'oar_id': 2121516,
 'optim_lr': 0.05,
 'optim_name': 'adamw',
 'out_channels': 1,
 'output_dir': 'outputs/',
 'patch_merging': False,
 'patience_loss': 40,
 'patience_val': 40,
 'pretrained_dir': '',
 'pretrained_model_name': '',
 'rank': 0,
 'reg_weight': 5e-05,
 'restart_T0': 20,
 'resume_ckpt': False,
 'roi_x': 128,
 'roi_y': 128,
 'roi_z': 128,
 'save_checkpoint': True,
 'seed': 3,
 'similarity_loss': '',
 'similarity_loss_weight': 0.0,
 'spatial_dims': 3,
 'split_method': 'stratified',
 'start_epoch': 0,
 'sw_batch_size': 8,
 'telegram_log': True,
 'test_mode': False,
 'token': './token/tlg_token.txt',
 'use_checkpoint': False,
 'val_every': 2,
 'warmup_epochs': 5,
 'workers': 8,
 'world_size': 1}
2025-11-16 11:51:19,528 INFO 
2025-11-16 11:51:19,532 INFO Saved configuration to: outputs/OrganoidsINRIA/densenet/2025-11-16-11-51/config.txt
2025-11-16 11:51:20,108 INFO Using GPU: 0
2025-11-16 11:51:20,108 INFO 
2025-11-16 11:51:20,108 INFO Model INFO:
2025-11-16 11:51:20,108 INFO Model architecture: densenet
2025-11-16 11:51:20,373 INFO Total trainable parameters: 25,336,579
2025-11-16 11:51:20,420 INFO 
2025-11-16 11:51:20,421 INFO Optimizer INFO:
2025-11-16 11:51:20,422 INFO Using optimizer: adamw with lr=0.05, weight_decay=5e-05
2025-11-16 11:51:20,422 INFO 
2025-11-16 11:51:20,422 INFO Dataset INFO:
2025-11-16 11:51:20,439 INFO Dataset length: 721
2025-11-16 11:51:20,439 INFO Class distribution in entire dataset:
2025-11-16 11:51:20,439 INFO   Class 0: 351
2025-11-16 11:51:20,439 INFO   Class 1: 38
2025-11-16 11:51:20,439 INFO   Class 2: 332
2025-11-16 11:51:20,439 INFO 
Using split method: stratified
2025-11-16 11:51:20,452 INFO 
Train set balance:
2025-11-16 11:51:20,452 INFO 
Val set balance:
2025-11-16 11:51:20,452 INFO Training set length: 577
2025-11-16 11:51:20,452 INFO Validation set length: 144
2025-11-16 11:51:20,452 INFO 
Using standard shuffle for training
2025-11-16 11:51:20,453 INFO Training loader: 288 batches
2025-11-16 11:51:20,453 INFO Validation loader: 72 batches
2025-11-16 11:51:20,453 INFO 
Class distribution in training set:
2025-11-16 11:51:20,453 INFO   Class 0: 281 (48.7%)
2025-11-16 11:51:20,453 INFO   Class 1: 30 (5.2%)
2025-11-16 11:51:20,453 INFO   Class 2: 266 (46.1%)
2025-11-16 11:51:20,453 INFO Class distribution in validation set:
2025-11-16 11:51:20,453 INFO   Class 0: 70 (48.6%)
2025-11-16 11:51:20,453 INFO   Class 1: 8 (5.6%)
2025-11-16 11:51:20,453 INFO   Class 2: 66 (45.8%)
2025-11-16 11:51:20,453 INFO **************************************************
2025-11-16 11:51:20,484 INFO Class weights: [ 6.845  64.111  7.231]
2025-11-16 11:51:20,484 INFO 
2025-11-16 11:51:20,484 INFO Test Dataset INFO:
2025-11-16 11:51:20,489 INFO Test Dataset length: 82
2025-11-16 11:51:20,489 INFO Class distribution in test dataset:
2025-11-16 11:51:20,489 INFO   Class 0: 40
2025-11-16 11:51:20,489 INFO   Class 1: 5
2025-11-16 11:51:20,489 INFO   Class 2: 37
2025-11-16 11:51:20,489 INFO Test loader: 41 batches
2025-11-16 11:51:20,489 INFO **************************************************
2025-11-16 11:51:20,489 INFO 
2025-11-16 11:51:20,489 INFO Using loss function: CE
2025-11-16 11:51:20,492 INFO **************************************************
2025-11-16 11:51:20,492 INFO Starting training...
2025-11-16 11:51:20,496 INFO 0 Sun Nov 16 11:51:20 2025 Epoch: 1
2025-11-16 11:57:56,993 INFO Final training 1/150, loss: 1.1040, time 396.50s, lr: 0.000000
Accuracy: 0.052
class                  precision    recall   specificity      f1   support
--------------------------------------------------------------------------
0                          0.000     0.000         1.000   0.000       281
1                          0.052     1.000         0.000   0.099        30
2                          0.000     0.000         1.000   0.000       265
*----------------------------------------*
2025-11-16 11:57:57,403 INFO 0 Sun Nov 16 11:57:57 2025 Epoch: 2
2025-11-16 12:02:52,838 INFO Final training 2/150, loss: 1.3489, time 295.43s, lr: 0.012500
Accuracy: 0.460
class                  precision    recall   specificity      f1   support
--------------------------------------------------------------------------
0                          0.490     0.546         0.463   0.517       280
1                          0.062     0.033         0.973   0.043        30
2                          0.448     0.417         0.558   0.432       266
*----------------------------------------*
2025-11-16 12:06:03,175 INFO Final validation 2/150, Val_acc: 0.4444, time 190.34sAccuracy: 0.444
class                  precision    recall   specificity      f1   support
--------------------------------------------------------------------------
0                          0.000     0.000         1.000   0.000        70
1                          0.000     0.000         0.985   0.000         8
2                          0.451     0.970         0.000   0.615        66
*========================================*
2025-11-16 12:06:03,175 INFO New best (0.000000 --> 0.444444)
2025-11-16 12:06:08,369 INFO Copying best model to best_model.pt
2025-11-16 12:06:11,172 INFO 0 Sun Nov 16 12:06:11 2025 Epoch: 3
2025-11-16 12:11:04,770 INFO Final training 3/150, loss: 1.3355, time 293.60s, lr: 0.025000
Accuracy: 0.418
class                  precision    recall   specificity      f1   support
--------------------------------------------------------------------------
0                          0.477     0.438         0.542   0.456       281
1                          0.036     0.067         0.901   0.047        30
2                          0.443     0.438         0.531   0.440       265
*----------------------------------------*
2025-11-16 12:11:04,770 INFO 0 Sun Nov 16 12:11:04 2025 Epoch: 4
2025-11-16 12:15:59,156 INFO Final training 4/150, loss: 1.9772, time 294.39s, lr: 0.037500
Accuracy: 0.427
class                  precision    recall   specificity      f1   support
--------------------------------------------------------------------------
0                          0.478     0.473         0.508   0.476       281
1                          0.021     0.033         0.914   0.026        30
2                          0.448     0.423         0.556   0.435       265
*----------------------------------------*
2025-11-16 12:16:48,512 INFO Final validation 4/150, Val_acc: 0.0532, time 49.36sAccuracy: 0.056
class                  precision    recall   specificity      f1   support
--------------------------------------------------------------------------
0                          0.000     0.000         0.973   0.000        70
1                          0.056     1.000         0.015   0.107         8
2                          0.000     0.000         1.000   0.000        66
*========================================*
2025-11-16 12:16:52,089 INFO 0 Sun Nov 16 12:16:52 2025 Epoch: 5
2025-11-16 12:21:46,926 INFO Final training 5/150, loss: 5.2327, time 294.84s, lr: 0.050000
Accuracy: 0.453
class                  precision    recall   specificity      f1   support
--------------------------------------------------------------------------
0                          0.515     0.495         0.556   0.505       281
1                          0.045     0.103         0.885   0.063        29
2                          0.496     0.447         0.610   0.470       266
*----------------------------------------*
2025-11-16 12:21:46,926 INFO 0 Sun Nov 16 12:21:46 2025 Epoch: 6
2025-11-16 12:26:40,970 INFO Final training 6/150, loss: 4.5659, time 294.04s, lr: 0.050000
Accuracy: 0.422
class                  precision    recall   specificity      f1   support
--------------------------------------------------------------------------
0                          0.452     0.439         0.497   0.446       280
1                          0.125     0.167         0.936   0.143        30
2                          0.436     0.432         0.519   0.434       266
*----------------------------------------*
2025-11-16 12:27:28,878 INFO Final validation 6/150, Val_acc: 0.4444, time 47.91sAccuracy: 0.444
class                  precision    recall   specificity      f1   support
--------------------------------------------------------------------------
0                          0.000     0.000         0.973   0.000        70
1                          0.000     0.000         1.000   0.000         8
2                          0.451     0.970         0.000   0.615        66
*========================================*
2025-11-16 12:27:32,388 INFO 0 Sun Nov 16 12:27:32 2025 Epoch: 7
2025-11-16 12:32:26,654 INFO Final training 7/150, loss: 1.1486, time 294.27s, lr: 0.049994
Accuracy: 0.446
class                  precision    recall   specificity      f1   support
--------------------------------------------------------------------------
0                          0.459     0.436         0.514   0.447       280
1                          0.000     0.000         0.993   0.000        30
2                          0.441     0.508         0.448   0.472       266
*----------------------------------------*
2025-11-16 12:32:26,655 INFO 0 Sun Nov 16 12:32:26 2025 Epoch: 8
2025-11-16 12:37:20,588 INFO Final training 8/150, loss: 1.0632, time 293.93s, lr: 0.049977
Accuracy: 0.490
class                  precision    recall   specificity      f1   support
--------------------------------------------------------------------------
0                          0.503     0.529         0.507   0.516       280
1                          0.000     0.000         0.985   0.000        30
2                          0.489     0.504         0.548   0.496       266
*----------------------------------------*
2025-11-16 12:38:08,308 INFO Final validation 8/150, Val_acc: 0.4977, time 47.72sAccuracy: 0.500
class                  precision    recall   specificity      f1   support
--------------------------------------------------------------------------
0                          0.493     1.000         0.027   0.660        70
1                          0.000     0.000         1.000   0.000         8
2                          1.000     0.030         1.000   0.059        66
*========================================*
2025-11-16 12:38:08,308 INFO New best (0.444444 --> 0.497685)
2025-11-16 12:38:13,307 INFO Copying best model to best_model.pt
2025-11-16 12:38:16,159 INFO 0 Sun Nov 16 12:38:16 2025 Epoch: 9
2025-11-16 12:43:10,228 INFO Final training 9/150, loss: 2.7014, time 294.07s, lr: 0.049947
Accuracy: 0.490
class                  precision    recall   specificity      f1   support
--------------------------------------------------------------------------
0                          0.539     0.495         0.597   0.516       281
1                          0.080     0.133         0.916   0.100        30
2                          0.519     0.525         0.585   0.522       265
*----------------------------------------*
2025-11-16 12:43:10,229 INFO 0 Sun Nov 16 12:43:10 2025 Epoch: 10
2025-11-16 12:48:04,597 INFO Final training 10/150, loss: 1.1422, time 294.37s, lr: 0.049906
Accuracy: 0.453
class                  precision    recall   specificity      f1   support
--------------------------------------------------------------------------
0                          0.479     0.491         0.492   0.485       281
1                          0.000     0.000         0.982   0.000        29
2                          0.442     0.462         0.500   0.452       266
*----------------------------------------*
2025-11-16 12:48:52,945 INFO Final validation 10/150, Val_acc: 0.4861, time 48.35sAccuracy: 0.486
class                  precision    recall   specificity      f1   support
--------------------------------------------------------------------------
0                          0.486     1.000         0.000   0.654        70
1                          0.000     0.000         1.000   0.000         8
2                          0.000     0.000         1.000   0.000        66
*========================================*
2025-11-16 12:48:56,457 INFO 0 Sun Nov 16 12:48:56 2025 Epoch: 11
2025-11-16 12:53:49,933 INFO Final training 11/150, loss: 1.2538, time 293.48s, lr: 0.049853
Accuracy: 0.474
class                  precision    recall   specificity      f1   support
--------------------------------------------------------------------------
0                          0.497     0.511         0.510   0.504       280
1                          0.167     0.067         0.982   0.095        30
2                          0.464     0.481         0.523   0.472       266
*----------------------------------------*
2025-11-16 12:53:50,368 INFO 0 Sun Nov 16 12:53:50 2025 Epoch: 12
2025-11-16 12:58:44,407 INFO Final training 12/150, loss: 1.4355, time 294.04s, lr: 0.049789
Accuracy: 0.453
class                  precision    recall   specificity      f1   support
--------------------------------------------------------------------------
0                          0.479     0.477         0.505   0.478       281
1                          0.000     0.000         0.967   0.000        30
2                          0.457     0.479         0.514   0.468       265
*----------------------------------------*
2025-11-16 12:59:32,081 INFO Final validation 12/150, Val_acc: 0.4977, time 47.67sAccuracy: 0.500
class                  precision    recall   specificity      f1   support
--------------------------------------------------------------------------
0                          0.493     1.000         0.027   0.660        70
1                          0.000     0.000         1.000   0.000         8
2                          1.000     0.030         1.000   0.059        66
*========================================*
2025-11-16 12:59:35,633 INFO 0 Sun Nov 16 12:59:35 2025 Epoch: 13
2025-11-16 13:04:29,070 INFO Final training 13/150, loss: 2.4849, time 293.44s, lr: 0.049713
Accuracy: 0.448
class                  precision    recall   specificity      f1   support
--------------------------------------------------------------------------
0                          0.504     0.473         0.556   0.488       281
1                          0.065     0.100         0.921   0.079        30
2                          0.459     0.460         0.537   0.460       265
*----------------------------------------*
2025-11-16 13:04:29,070 INFO 0 Sun Nov 16 13:04:29 2025 Epoch: 14
2025-11-16 13:09:22,897 INFO Final training 14/150, loss: 1.8019, time 293.83s, lr: 0.049625
Accuracy: 0.464
class                  precision    recall   specificity      f1   support
--------------------------------------------------------------------------
0                          0.507     0.523         0.515   0.515       281
1                          0.000     0.000         0.960   0.000        30
2                          0.455     0.453         0.537   0.454       265
*----------------------------------------*
2025-11-16 13:10:11,075 INFO Final validation 14/150, Val_acc: 0.4456, time 48.18sAccuracy: 0.458
class                  precision    recall   specificity      f1   support
--------------------------------------------------------------------------
0                          1.000     0.014         1.000   0.028        70
1                          0.077     0.125         0.912   0.095         8
2                          0.492     0.970         0.154   0.653        66
*========================================*
2025-11-16 13:10:14,658 INFO 0 Sun Nov 16 13:10:14 2025 Epoch: 15
2025-11-16 13:15:08,742 INFO Final training 15/150, loss: 1.4661, time 294.08s, lr: 0.049526
Accuracy: 0.434
class                  precision    recall   specificity      f1   support
--------------------------------------------------------------------------
0                          0.477     0.454         0.530   0.465       280
1                          0.114     0.167         0.929   0.135        30
2                          0.444     0.444         0.523   0.444       266
*----------------------------------------*
2025-11-16 13:15:08,742 INFO 0 Sun Nov 16 13:15:08 2025 Epoch: 16
2025-11-16 13:20:03,220 INFO Final training 16/150, loss: 1.3982, time 294.48s, lr: 0.049416
Accuracy: 0.467
class                  precision    recall   specificity      f1   support
--------------------------------------------------------------------------
0                          0.483     0.518         0.476   0.500       280
1                          0.083     0.033         0.980   0.048        30
2                          0.466     0.462         0.545   0.464       266
*----------------------------------------*
2025-11-16 13:20:51,233 INFO Final validation 16/150, Val_acc: 0.4444, time 48.01sAccuracy: 0.444
class                  precision    recall   specificity      f1   support
--------------------------------------------------------------------------
0                          0.000     0.000         0.973   0.000        70
1                          0.000     0.000         1.000   0.000         8
2                          0.451     0.970         0.000   0.615        66
*========================================*
2025-11-16 13:20:54,807 INFO 0 Sun Nov 16 13:20:54 2025 Epoch: 17
2025-11-16 13:25:49,077 INFO Final training 17/150, loss: 1.6407, time 294.27s, lr: 0.049293
Accuracy: 0.464
class                  precision    recall   specificity      f1   support
--------------------------------------------------------------------------
0                          0.504     0.480         0.549   0.492       281
1                          0.048     0.067         0.927   0.056        30
2                          0.489     0.491         0.563   0.490       265
*----------------------------------------*
2025-11-16 13:25:49,077 INFO 0 Sun Nov 16 13:25:49 2025 Epoch: 18
2025-11-16 13:30:43,397 INFO Final training 18/150, loss: 3.5128, time 294.32s, lr: 0.049160
Accuracy: 0.467
class                  precision    recall   specificity      f1   support
--------------------------------------------------------------------------
0                          0.526     0.504         0.571   0.515       280
1                          0.040     0.067         0.912   0.050        30
2                          0.488     0.474         0.574   0.481       266
*----------------------------------------*
2025-11-16 13:31:31,729 INFO Final validation 18/150, Val_acc: 0.4838, time 48.33sAccuracy: 0.486
class                  precision    recall   specificity      f1   support
--------------------------------------------------------------------------
0                          0.493     1.000         0.027   0.660        70
1                          0.000     0.000         0.985   0.000         8
2                          0.000     0.000         1.000   0.000        66
*========================================*
2025-11-16 13:31:35,397 INFO 0 Sun Nov 16 13:31:35 2025 Epoch: 19
2025-11-16 13:36:29,498 INFO Final training 19/150, loss: 1.2853, time 294.10s, lr: 0.049015
Accuracy: 0.436
class                  precision    recall   specificity      f1   support
--------------------------------------------------------------------------
0                          0.473     0.446         0.530   0.460       280
1                          0.000     0.000         0.960   0.000        30
2                          0.434     0.474         0.471   0.453       266
*----------------------------------------*
2025-11-16 13:36:29,498 INFO 0 Sun Nov 16 13:36:29 2025 Epoch: 20
2025-11-16 13:41:23,595 INFO Final training 20/150, loss: 2.3243, time 294.10s, lr: 0.048859
Accuracy: 0.448
class                  precision    recall   specificity      f1   support
--------------------------------------------------------------------------
0                          0.496     0.477         0.539   0.486       281
1                          0.130     0.200         0.927   0.158        30
2                          0.454     0.445         0.543   0.450       265
*----------------------------------------*
2025-11-16 13:42:11,910 INFO Final validation 20/150, Val_acc: 0.4838, time 48.32sAccuracy: 0.486
class                  precision    recall   specificity      f1   support
--------------------------------------------------------------------------
0                          0.493     1.000         0.027   0.660        70
1                          0.000     0.000         0.985   0.000         8
2                          0.000     0.000         1.000   0.000        66
*========================================*
2025-11-16 13:42:15,480 INFO 0 Sun Nov 16 13:42:15 2025 Epoch: 21
2025-11-16 13:47:10,033 INFO Final training 21/150, loss: 2.6660, time 294.55s, lr: 0.048691
Accuracy: 0.460
class                  precision    recall   specificity      f1   support
--------------------------------------------------------------------------
0                          0.529     0.521         0.561   0.525       280
1                          0.056     0.100         0.907   0.071        30
2                          0.472     0.436         0.581   0.453       266
*----------------------------------------*
2025-11-16 13:47:10,502 INFO 0 Sun Nov 16 13:47:10 2025 Epoch: 22
2025-11-16 13:52:05,002 INFO Final training 22/150, loss: 4.6252, time 294.50s, lr: 0.048513
Accuracy: 0.387
class                  precision    recall   specificity      f1   support
--------------------------------------------------------------------------
0                          0.462     0.427         0.525   0.444       281
1                          0.033     0.067         0.894   0.044        30
2                          0.395     0.381         0.502   0.388       265
*----------------------------------------*
2025-11-16 13:52:53,090 INFO Final validation 22/150, Val_acc: 0.4838, time 48.09sAccuracy: 0.486
class                  precision    recall   specificity      f1   support
--------------------------------------------------------------------------
0                          0.493     1.000         0.027   0.660        70
1                          0.000     0.000         0.985   0.000         8
2                          0.000     0.000         1.000   0.000        66
*========================================*
2025-11-16 13:52:56,698 INFO 0 Sun Nov 16 13:52:56 2025 Epoch: 23
2025-11-16 13:57:51,391 INFO Final training 23/150, loss: 1.4826, time 294.69s, lr: 0.048323
Accuracy: 0.470
class                  precision    recall   specificity      f1   support
--------------------------------------------------------------------------
0                          0.520     0.461         0.598   0.489       280
1                          0.083     0.100         0.940   0.091        30
2                          0.476     0.523         0.506   0.498       266
*----------------------------------------*
2025-11-16 13:57:51,391 INFO 0 Sun Nov 16 13:57:51 2025 Epoch: 24
2025-11-16 14:02:45,273 INFO Final training 24/150, loss: 1.3037, time 293.88s, lr: 0.048123
Accuracy: 0.460
class                  precision    recall   specificity      f1   support
--------------------------------------------------------------------------
0                          0.489     0.477         0.525   0.483       281
1                          0.107     0.100         0.954   0.103        30
2                          0.467     0.483         0.531   0.475       265
*----------------------------------------*
2025-11-16 14:03:33,292 INFO Final validation 24/150, Val_acc: 0.4444, time 48.02sAccuracy: 0.444
class                  precision    recall   specificity      f1   support
--------------------------------------------------------------------------
0                          0.000     0.000         0.973   0.000        70
1                          0.000     0.000         1.000   0.000         8
2                          0.451     0.970         0.000   0.615        66
*========================================*
2025-11-16 14:03:36,888 INFO 0 Sun Nov 16 14:03:36 2025 Epoch: 25
2025-11-16 14:08:30,697 INFO Final training 25/150, loss: 1.1458, time 293.81s, lr: 0.047911
Accuracy: 0.460
class                  precision    recall   specificity      f1   support
--------------------------------------------------------------------------
0                          0.489     0.491         0.512   0.490       281
1                          0.000     0.000         0.982   0.000        30
2                          0.447     0.479         0.495   0.463       265
*----------------------------------------*
2025-11-16 14:08:30,697 INFO 0 Sun Nov 16 14:08:30 2025 Epoch: 26
2025-11-16 14:13:25,161 INFO Final training 26/150, loss: 1.2639, time 294.46s, lr: 0.047689
Accuracy: 0.436
class                  precision    recall   specificity      f1   support
--------------------------------------------------------------------------
0                          0.469     0.493         0.473   0.481       280
1                          0.071     0.067         0.952   0.069        30
2                          0.437     0.417         0.539   0.427       266
*----------------------------------------*
2025-11-16 14:14:13,122 INFO Final validation 26/150, Val_acc: 0.4444, time 47.96sAccuracy: 0.444
class                  precision    recall   specificity      f1   support
--------------------------------------------------------------------------
0                          0.000     0.000         0.973   0.000        70
1                          0.000     0.000         1.000   0.000         8
2                          0.451     0.970         0.000   0.615        66
*========================================*
2025-11-16 14:14:16,753 INFO 0 Sun Nov 16 14:14:16 2025 Epoch: 27
2025-11-16 14:19:10,782 INFO Final training 27/150, loss: 1.2889, time 294.03s, lr: 0.047457
Accuracy: 0.434
class                  precision    recall   specificity      f1   support
--------------------------------------------------------------------------
0                          0.464     0.459         0.495   0.462       281
1                          0.000     0.000         0.967   0.000        30
2                          0.432     0.457         0.489   0.444       265
*----------------------------------------*
2025-11-16 14:19:10,782 INFO 0 Sun Nov 16 14:19:10 2025 Epoch: 28
2025-11-16 14:24:05,394 INFO Final training 28/150, loss: 3.1841, time 294.61s, lr: 0.047213
Accuracy: 0.465
class                  precision    recall   specificity      f1   support
--------------------------------------------------------------------------
0                          0.528     0.479         0.595   0.502       280
1                          0.054     0.100         0.903   0.070        30
2                          0.492     0.492         0.565   0.492       266
*----------------------------------------*
2025-11-16 14:24:53,624 INFO Final validation 28/150, Val_acc: 0.4444, time 48.23sAccuracy: 0.444
class                  precision    recall   specificity      f1   support
--------------------------------------------------------------------------
0                          0.000     0.000         0.973   0.000        70
1                          0.000     0.000         1.000   0.000         8
2                          0.451     0.970         0.000   0.615        66
*========================================*
2025-11-16 14:24:57,219 INFO 0 Sun Nov 16 14:24:57 2025 Epoch: 29
2025-11-16 14:29:51,848 INFO Final training 29/150, loss: 1.7895, time 294.63s, lr: 0.046960
Accuracy: 0.436
class                  precision    recall   specificity      f1   support
--------------------------------------------------------------------------
0                          0.482     0.466         0.522   0.474       281
1                          0.024     0.033         0.925   0.028        30
2                          0.454     0.449         0.540   0.452       265
*----------------------------------------*
2025-11-16 14:29:51,849 INFO 0 Sun Nov 16 14:29:51 2025 Epoch: 30
2025-11-16 14:34:46,149 INFO Final training 30/150, loss: 1.4267, time 294.30s, lr: 0.046696
Accuracy: 0.424
class                  precision    recall   specificity      f1   support
--------------------------------------------------------------------------
0                          0.455     0.473         0.461   0.464       281
1                          0.000     0.000         0.934   0.000        29
2                          0.448     0.417         0.558   0.432       266
*----------------------------------------*
2025-11-16 14:35:34,409 INFO Final validation 30/150, Val_acc: 0.4861, time 48.26sAccuracy: 0.486
class                  precision    recall   specificity      f1   support
--------------------------------------------------------------------------
0                          0.486     1.000         0.000   0.654        70
1                          0.000     0.000         1.000   0.000         8
2                          0.000     0.000         1.000   0.000        66
*========================================*
2025-11-16 14:35:38,126 INFO 0 Sun Nov 16 14:35:38 2025 Epoch: 31
2025-11-16 14:40:32,636 INFO Final training 31/150, loss: 1.1983, time 294.51s, lr: 0.046421
Accuracy: 0.481
class                  precision    recall   specificity      f1   support
--------------------------------------------------------------------------
0                          0.510     0.568         0.483   0.537       280
1                          0.000     0.000         0.960   0.000        30
2                          0.488     0.444         0.600   0.465       266
*----------------------------------------*
2025-11-16 14:40:33,086 INFO 0 Sun Nov 16 14:40:33 2025 Epoch: 32
2025-11-16 14:45:26,963 INFO Final training 32/150, loss: 2.1859, time 293.88s, lr: 0.046137
Accuracy: 0.434
class                  precision    recall   specificity      f1   support
--------------------------------------------------------------------------
0                          0.475     0.411         0.571   0.441       280
1                          0.043     0.067         0.919   0.053        30
2                          0.462     0.500         0.500   0.480       266
*----------------------------------------*
2025-11-16 14:46:27,575 INFO Final validation 32/150, Val_acc: 0.4514, time 60.61sAccuracy: 0.451
class                  precision    recall   specificity      f1   support
--------------------------------------------------------------------------
0                          0.000     0.000         0.986   0.000        70
1                          0.000     0.000         1.000   0.000         8
2                          0.455     0.985         0.000   0.622        66
*========================================*
2025-11-16 14:46:31,156 INFO 0 Sun Nov 16 14:46:31 2025 Epoch: 33
2025-11-16 14:51:25,564 INFO Final training 33/150, loss: 3.3204, time 294.41s, lr: 0.045843
Accuracy: 0.425
class                  precision    recall   specificity      f1   support
--------------------------------------------------------------------------
0                          0.456     0.446         0.497   0.451       280
1                          0.021     0.033         0.914   0.026        30
2                          0.469     0.447         0.565   0.458       266
*----------------------------------------*
2025-11-16 14:51:25,564 INFO 0 Sun Nov 16 14:51:25 2025 Epoch: 34
2025-11-16 14:56:18,490 INFO Final training 34/150, loss: 1.4362, time 292.93s, lr: 0.045539
Accuracy: 0.446
class                  precision    recall   specificity      f1   support
--------------------------------------------------------------------------
0                          0.482     0.486         0.507   0.484       280
1                          0.031     0.033         0.943   0.032        30
2                          0.458     0.451         0.542   0.455       266
*----------------------------------------*
2025-11-16 14:57:24,979 INFO Final validation 34/150, Val_acc: 0.4444, time 66.49sAccuracy: 0.444
class                  precision    recall   specificity      f1   support
--------------------------------------------------------------------------
0                          0.000     0.000         1.000   0.000        70
1                          0.000     0.000         0.985   0.000         8
2                          0.451     0.970         0.000   0.615        66
*========================================*
2025-11-16 14:57:28,535 INFO 0 Sun Nov 16 14:57:28 2025 Epoch: 35
2025-11-16 15:02:23,485 INFO Final training 35/150, loss: 1.8242, time 294.95s, lr: 0.045225
Accuracy: 0.427
class                  precision    recall   specificity      f1   support
--------------------------------------------------------------------------
0                          0.483     0.498         0.492   0.490       281
1                          0.056     0.067         0.938   0.061        30
2                          0.416     0.392         0.531   0.404       265
*----------------------------------------*
2025-11-16 15:02:23,485 INFO 0 Sun Nov 16 15:02:23 2025 Epoch: 36
2025-11-16 15:07:19,947 INFO Final training 36/150, loss: 1.2498, time 296.46s, lr: 0.044902
Accuracy: 0.438
class                  precision    recall   specificity      f1   support
--------------------------------------------------------------------------
0                          0.462     0.512         0.431   0.486       281
1                          0.000     0.000         0.971   0.000        30
2                          0.435     0.408         0.550   0.421       265
*----------------------------------------*
2025-11-16 15:08:25,855 INFO Final validation 36/150, Val_acc: 0.4444, time 65.91sAccuracy: 0.444
class                  precision    recall   specificity      f1   support
--------------------------------------------------------------------------
0                          0.000     0.000         0.973   0.000        70
1                          0.000     0.000         1.000   0.000         8
2                          0.451     0.970         0.000   0.615        66
*========================================*
2025-11-16 15:08:29,438 INFO 0 Sun Nov 16 15:08:29 2025 Epoch: 37
2025-11-16 15:13:23,365 INFO Final training 37/150, loss: 1.1973, time 293.93s, lr: 0.044570
Accuracy: 0.436
class                  precision    recall   specificity      f1   support
--------------------------------------------------------------------------
0                          0.478     0.463         0.519   0.470       281
1                          0.050     0.067         0.930   0.057        30
2                          0.451     0.449         0.534   0.450       265
*----------------------------------------*
2025-11-16 15:13:23,366 INFO 0 Sun Nov 16 15:13:23 2025 Epoch: 38
2025-11-16 15:18:19,223 INFO Final training 38/150, loss: 2.2632, time 295.86s, lr: 0.044228
Accuracy: 0.439
class                  precision    recall   specificity      f1   support
--------------------------------------------------------------------------
0                          0.493     0.477         0.532   0.485       281
1                          0.113     0.233         0.899   0.152        30
2                          0.463     0.423         0.582   0.442       265
*----------------------------------------*
2025-11-16 15:19:07,116 INFO Final validation 38/150, Val_acc: 0.2153, time 47.89sAccuracy: 0.257
class                  precision    recall   specificity      f1   support
--------------------------------------------------------------------------
0                          0.340     0.500         0.081   0.405        70
1                          0.049     0.250         0.713   0.082         8
2                          0.000     0.000         1.000   0.000        66
*========================================*
2025-11-16 15:19:10,704 INFO 0 Sun Nov 16 15:19:10 2025 Epoch: 39
2025-11-16 15:24:04,619 INFO Final training 39/150, loss: 1.9096, time 293.91s, lr: 0.043878
Accuracy: 0.474
class                  precision    recall   specificity      f1   support
--------------------------------------------------------------------------
0                          0.527     0.480         0.590   0.503       281
1                          0.056     0.067         0.938   0.061        30
2                          0.479     0.513         0.524   0.495       265
*----------------------------------------*
2025-11-16 15:24:04,620 INFO 0 Sun Nov 16 15:24:04 2025 Epoch: 40
2025-11-16 15:28:57,812 INFO Final training 40/150, loss: 1.6082, time 293.19s, lr: 0.043518
Accuracy: 0.457
class                  precision    recall   specificity      f1   support
--------------------------------------------------------------------------
0                          0.500     0.498         0.525   0.499       281
1                          0.075     0.100         0.932   0.086        30
2                          0.469     0.453         0.563   0.461       265
*----------------------------------------*
2025-11-16 15:29:45,439 INFO Final validation 40/150, Val_acc: 0.4861, time 47.63sAccuracy: 0.486
class                  precision    recall   specificity      f1   support
--------------------------------------------------------------------------
0                          0.486     1.000         0.000   0.654        70
1                          0.000     0.000         1.000   0.000         8
2                          0.000     0.000         1.000   0.000        66
*========================================*
2025-11-16 15:29:48,998 INFO 0 Sun Nov 16 15:29:48 2025 Epoch: 41
2025-11-16 15:34:42,818 INFO Final training 41/150, loss: 1.6131, time 293.82s, lr: 0.043150
Accuracy: 0.398
class                  precision    recall   specificity      f1   support
--------------------------------------------------------------------------
0                          0.426     0.414         0.473   0.420       280
1                          0.042     0.033         0.958   0.037        30
2                          0.400     0.421         0.458   0.410       266
*----------------------------------------*
2025-11-16 15:34:43,278 INFO 0 Sun Nov 16 15:34:43 2025 Epoch: 42
2025-11-16 15:39:37,619 INFO Final training 42/150, loss: 1.7222, time 294.34s, lr: 0.042773
Accuracy: 0.443
class                  precision    recall   specificity      f1   support
--------------------------------------------------------------------------
0                          0.484     0.438         0.556   0.460       281
1                          0.025     0.033         0.929   0.029        30
2                          0.465     0.494         0.514   0.479       265
*----------------------------------------*
2025-11-16 15:40:25,289 INFO Final validation 42/150, Val_acc: 0.4444, time 47.67sAccuracy: 0.444
class                  precision    recall   specificity      f1   support
--------------------------------------------------------------------------
0                          0.000     0.000         1.000   0.000        70
1                          0.000     0.000         0.985   0.000         8
2                          0.451     0.970         0.000   0.615        66
*========================================*
2025-11-16 15:40:28,905 INFO 0 Sun Nov 16 15:40:28 2025 Epoch: 43
2025-11-16 15:45:23,088 INFO Final training 43/150, loss: 1.2878, time 294.18s, lr: 0.042388
Accuracy: 0.495
class                  precision    recall   specificity      f1   support
--------------------------------------------------------------------------
0                          0.522     0.505         0.559   0.514       281
1                          0.208     0.167         0.965   0.185        30
2                          0.493     0.521         0.543   0.506       265
*----------------------------------------*
2025-11-16 15:45:23,088 INFO 0 Sun Nov 16 15:45:23 2025 Epoch: 44
2025-11-16 15:50:16,848 INFO Final training 44/150, loss: 1.3713, time 293.76s, lr: 0.041995
Accuracy: 0.448
class                  precision    recall   specificity      f1   support
--------------------------------------------------------------------------
0                          0.485     0.466         0.529   0.475       281
1                          0.075     0.100         0.932   0.086        30
2                          0.466     0.468         0.543   0.467       265
*----------------------------------------*
2025-11-16 15:51:04,856 INFO Final validation 44/150, Val_acc: 0.0532, time 48.01sAccuracy: 0.056
class                  precision    recall   specificity      f1   support
--------------------------------------------------------------------------
0                          0.000     0.000         0.973   0.000        70
1                          0.056     1.000         0.015   0.107         8
2                          0.000     0.000         1.000   0.000        66
*========================================*
2025-11-16 15:51:08,428 INFO 0 Sun Nov 16 15:51:08 2025 Epoch: 45
2025-11-16 15:56:02,824 INFO Final training 45/150, loss: 1.3986, time 294.40s, lr: 0.041594
Accuracy: 0.512
class                  precision    recall   specificity      f1   support
--------------------------------------------------------------------------
0                          0.542     0.550         0.561   0.546       280
1                          0.053     0.067         0.934   0.059        30
2                          0.547     0.523         0.629   0.535       266
*----------------------------------------*
2025-11-16 15:56:02,824 INFO 0 Sun Nov 16 15:56:02 2025 Epoch: 46
2025-11-16 16:00:56,715 INFO Final training 46/150, loss: 1.6247, time 293.89s, lr: 0.041185
Accuracy: 0.439
class                  precision    recall   specificity      f1   support
--------------------------------------------------------------------------
0                          0.469     0.431         0.536   0.449       281
1                          0.095     0.133         0.930   0.111        30
2                          0.464     0.483         0.524   0.473       265
*----------------------------------------*
2025-11-16 16:01:44,369 INFO Final validation 46/150, Val_acc: 0.4444, time 47.65sAccuracy: 0.444
class                  precision    recall   specificity      f1   support
--------------------------------------------------------------------------
0                          0.000     0.000         1.000   0.000        70
1                          0.000     0.000         0.985   0.000         8
2                          0.451     0.970         0.000   0.615        66
*========================================*
2025-11-16 16:01:47,941 INFO 0 Sun Nov 16 16:01:47 2025 Epoch: 47
2025-11-16 16:06:41,850 INFO Final training 47/150, loss: 1.2952, time 293.91s, lr: 0.040768
Accuracy: 0.481
class                  precision    recall   specificity      f1   support
--------------------------------------------------------------------------
0                          0.500     0.546         0.483   0.522       280
1                          0.056     0.033         0.969   0.042        30
2                          0.488     0.462         0.584   0.475       266
*----------------------------------------*
2025-11-16 16:06:41,850 INFO 0 Sun Nov 16 16:06:41 2025 Epoch: 48
2025-11-16 16:11:35,855 INFO Final training 48/150, loss: 1.2759, time 294.00s, lr: 0.040344
Accuracy: 0.458
class                  precision    recall   specificity      f1   support
--------------------------------------------------------------------------
0                          0.480     0.514         0.473   0.497       280
1                          0.000     0.000         0.985   0.000        30
2                          0.448     0.451         0.523   0.449       266
*----------------------------------------*
2025-11-16 16:12:23,357 INFO Final validation 48/150, Val_acc: 0.4444, time 47.50sAccuracy: 0.444
class                  precision    recall   specificity      f1   support
--------------------------------------------------------------------------
0                          0.000     0.000         0.973   0.000        70
1                          0.000     0.000         1.000   0.000         8
2                          0.451     0.970         0.000   0.615        66
*========================================*
2025-11-16 16:12:26,957 INFO 0 Sun Nov 16 16:12:26 2025 Epoch: 49
2025-11-16 16:17:20,800 INFO Final training 49/150, loss: 1.2987, time 293.84s, lr: 0.039913
Accuracy: 0.401
class                  precision    recall   specificity      f1   support
--------------------------------------------------------------------------
0                          0.442     0.459         0.447   0.450       281
1                          0.033     0.033         0.947   0.033        30
2                          0.398     0.381         0.508   0.389       265
*----------------------------------------*
2025-11-16 16:17:20,800 INFO 0 Sun Nov 16 16:17:20 2025 Epoch: 50
2025-11-16 16:22:14,300 INFO Final training 50/150, loss: 1.3650, time 293.50s, lr: 0.039475
Accuracy: 0.446
class                  precision    recall   specificity      f1   support
--------------------------------------------------------------------------
0                          0.500     0.488         0.536   0.494       281
1                          0.067     0.067         0.949   0.067        30
2                          0.434     0.445         0.505   0.439       265
*----------------------------------------*
2025-11-16 16:23:01,813 INFO Final validation 50/150, Val_acc: 0.4861, time 47.51sAccuracy: 0.486
class                  precision    recall   specificity      f1   support
--------------------------------------------------------------------------
0                          0.486     1.000         0.000   0.654        70
1                          0.000     0.000         1.000   0.000         8
2                          0.000     0.000         1.000   0.000        66
*========================================*
2025-11-16 16:23:05,356 INFO 0 Sun Nov 16 16:23:05 2025 Epoch: 51
2025-11-16 16:27:59,166 INFO Final training 51/150, loss: 2.3139, time 293.81s, lr: 0.039030
Accuracy: 0.422
class                  precision    recall   specificity      f1   support
--------------------------------------------------------------------------
0                          0.465     0.427         0.532   0.445       281
1                          0.096     0.167         0.914   0.122        30
2                          0.444     0.445         0.524   0.444       265
*----------------------------------------*
2025-11-16 16:27:59,613 INFO 0 Sun Nov 16 16:27:59 2025 Epoch: 52
2025-11-16 16:32:53,241 INFO Final training 52/150, loss: 1.7473, time 293.63s, lr: 0.038578
Accuracy: 0.469
class                  precision    recall   specificity      f1   support
--------------------------------------------------------------------------
0                          0.507     0.520         0.519   0.513       281
1                          0.028     0.033         0.936   0.030        30
2                          0.488     0.464         0.585   0.476       265
*----------------------------------------*
2025-11-16 16:33:40,990 INFO Final validation 52/150, Val_acc: 0.4838, time 47.75sAccuracy: 0.486
class                  precision    recall   specificity      f1   support
--------------------------------------------------------------------------
0                          0.493     1.000         0.027   0.660        70
1                          0.000     0.000         0.985   0.000         8
2                          0.000     0.000         1.000   0.000        66
*========================================*
2025-11-16 16:33:44,842 INFO 0 Sun Nov 16 16:33:44 2025 Epoch: 53
2025-11-16 16:38:37,955 INFO Final training 53/150, loss: 1.3488, time 293.11s, lr: 0.038120
Accuracy: 0.434
class                  precision    recall   specificity      f1   support
--------------------------------------------------------------------------
0                          0.465     0.468         0.490   0.466       280
1                          0.059     0.067         0.941   0.062        30
2                          0.450     0.440         0.539   0.445       266
*----------------------------------------*
2025-11-16 16:38:37,955 INFO 0 Sun Nov 16 16:38:37 2025 Epoch: 54
2025-11-16 16:43:32,097 INFO Final training 54/150, loss: 2.2868, time 294.14s, lr: 0.037656
Accuracy: 0.434
class                  precision    recall   specificity      f1   support
--------------------------------------------------------------------------
0                          0.489     0.495         0.508   0.492       281
1                          0.062     0.100         0.918   0.077        30
2                          0.443     0.408         0.563   0.424       265
*----------------------------------------*
2025-11-16 16:44:19,727 INFO Final validation 54/150, Val_acc: 0.4444, time 47.63sAccuracy: 0.444
class                  precision    recall   specificity      f1   support
--------------------------------------------------------------------------
0                          0.000     0.000         0.973   0.000        70
1                          0.000     0.000         1.000   0.000         8
2                          0.451     0.970         0.000   0.615        66
*========================================*
2025-11-16 16:44:23,296 INFO 0 Sun Nov 16 16:44:23 2025 Epoch: 55
2025-11-16 16:49:17,236 INFO Final training 55/150, loss: 1.1851, time 293.94s, lr: 0.037186
Accuracy: 0.453
class                  precision    recall   specificity      f1   support
--------------------------------------------------------------------------
0                          0.470     0.448         0.519   0.459       281
1                          0.062     0.034         0.973   0.044        29
2                          0.459     0.504         0.490   0.480       266
*----------------------------------------*
2025-11-16 16:49:17,236 INFO 0 Sun Nov 16 16:49:17 2025 Epoch: 56
2025-11-16 16:54:10,942 INFO Final training 56/150, loss: 1.3437, time 293.71s, lr: 0.036710
Accuracy: 0.438
class                  precision    recall   specificity      f1   support
--------------------------------------------------------------------------
0                          0.481     0.457         0.534   0.469       280
1                          0.000     0.000         0.949   0.000        30
2                          0.440     0.466         0.490   0.453       266
*----------------------------------------*
2025-11-16 16:54:58,668 INFO Final validation 56/150, Val_acc: 0.4444, time 47.73sAccuracy: 0.444
class                  precision    recall   specificity      f1   support
--------------------------------------------------------------------------
0                          0.000     0.000         1.000   0.000        70
1                          0.000     0.000         0.985   0.000         8
2                          0.451     0.970         0.000   0.615        66
*========================================*
2025-11-16 16:55:02,442 INFO 0 Sun Nov 16 16:55:02 2025 Epoch: 57
2025-11-16 16:59:56,361 INFO Final training 57/150, loss: 1.0753, time 293.92s, lr: 0.036229
Accuracy: 0.474
class                  precision    recall   specificity      f1   support
--------------------------------------------------------------------------
0                          0.496     0.480         0.536   0.488       281
1                          0.083     0.033         0.980   0.048        30
2                          0.469     0.517         0.502   0.492       265
*----------------------------------------*
2025-11-16 16:59:56,361 INFO 0 Sun Nov 16 16:59:56 2025 Epoch: 58
2025-11-16 17:04:50,089 INFO Final training 58/150, loss: 1.5657, time 293.73s, lr: 0.035742
Accuracy: 0.481
class                  precision    recall   specificity      f1   support
--------------------------------------------------------------------------
0                          0.504     0.496         0.537   0.500       280
1                          0.000     0.000         0.974   0.000        30
2                          0.483     0.519         0.523   0.500       266
*----------------------------------------*
2025-11-16 17:05:37,595 INFO Final validation 58/150, Val_acc: 0.4977, time 47.51sAccuracy: 0.500
class                  precision    recall   specificity      f1   support
--------------------------------------------------------------------------
0                          0.493     1.000         0.027   0.660        70
1                          0.000     0.000         1.000   0.000         8
2                          1.000     0.030         1.000   0.059        66
*========================================*
2025-11-16 17:05:41,292 INFO 0 Sun Nov 16 17:05:41 2025 Epoch: 59
2025-11-16 17:10:34,957 INFO Final training 59/150, loss: 1.2201, time 293.67s, lr: 0.035251
Accuracy: 0.462
class                  precision    recall   specificity      f1   support
--------------------------------------------------------------------------
0                          0.492     0.466         0.542   0.479       281
1                          0.136     0.100         0.965   0.115        30
2                          0.458     0.498         0.498   0.477       265
*----------------------------------------*
2025-11-16 17:10:34,958 INFO 0 Sun Nov 16 17:10:34 2025 Epoch: 60
2025-11-16 17:15:29,278 INFO Final training 60/150, loss: 1.4436, time 294.32s, lr: 0.034754
Accuracy: 0.438
class                  precision    recall   specificity      f1   support
--------------------------------------------------------------------------
0                          0.473     0.438         0.536   0.455       281
1                          0.045     0.033         0.962   0.038        30
2                          0.435     0.483         0.466   0.458       265
*----------------------------------------*
2025-11-16 17:16:16,961 INFO Final validation 60/150, Val_acc: 0.4444, time 47.68sAccuracy: 0.444
class                  precision    recall   specificity      f1   support
--------------------------------------------------------------------------
0                          0.000     0.000         1.000   0.000        70
1                          0.000     0.000         0.985   0.000         8
2                          0.451     0.970         0.000   0.615        66
*========================================*
2025-11-16 17:16:20,581 INFO 0 Sun Nov 16 17:16:20 2025 Epoch: 61
2025-11-16 17:21:13,962 INFO Final training 61/150, loss: 1.2980, time 293.38s, lr: 0.034253
Accuracy: 0.464
class                  precision    recall   specificity      f1   support
--------------------------------------------------------------------------
0                          0.482     0.482         0.510   0.482       280
1                          0.167     0.100         0.973   0.125        30
2                          0.464     0.485         0.519   0.474       266
*----------------------------------------*
2025-11-16 17:21:14,423 INFO 0 Sun Nov 16 17:21:14 2025 Epoch: 62
2025-11-16 17:26:08,153 INFO Final training 62/150, loss: 1.2381, time 293.73s, lr: 0.033748
Accuracy: 0.460
class                  precision    recall   specificity      f1   support
--------------------------------------------------------------------------
0                          0.468     0.525         0.436   0.495       280
1                          0.100     0.067         0.967   0.080        30
2                          0.479     0.436         0.594   0.457       266
*----------------------------------------*
2025-11-16 17:26:55,777 INFO Final validation 62/150, Val_acc: 0.4444, time 47.62sAccuracy: 0.444
class                  precision    recall   specificity      f1   support
--------------------------------------------------------------------------
0                          0.000     0.000         1.000   0.000        70
1                          0.000     0.000         0.985   0.000         8
2                          0.451     0.970         0.000   0.615        66
*========================================*
2025-11-16 17:26:59,381 INFO 0 Sun Nov 16 17:26:59 2025 Epoch: 63
2025-11-16 17:31:52,827 INFO Final training 63/150, loss: 1.2869, time 293.45s, lr: 0.033239
Accuracy: 0.443
class                  precision    recall   specificity      f1   support
--------------------------------------------------------------------------
0                          0.467     0.456         0.505   0.461       281
1                          0.042     0.033         0.958   0.037        30
2                          0.453     0.475         0.511   0.464       265
*----------------------------------------*
2025-11-16 17:31:52,828 INFO 0 Sun Nov 16 17:31:52 2025 Epoch: 64
2025-11-16 17:36:46,468 INFO Final training 64/150, loss: 1.4569, time 293.64s, lr: 0.032725
Accuracy: 0.429
class                  precision    recall   specificity      f1   support
--------------------------------------------------------------------------
0                          0.489     0.463         0.539   0.475       281
1                          0.121     0.267         0.894   0.167        30
2                          0.447     0.411         0.566   0.428       265
*----------------------------------------*
2025-11-16 17:37:34,394 INFO Final validation 64/150, Val_acc: 0.4444, time 47.93sAccuracy: 0.444
class                  precision    recall   specificity      f1   support
--------------------------------------------------------------------------
0                          0.000     0.000         0.973   0.000        70
1                          0.000     0.000         1.000   0.000         8
2                          0.451     0.970         0.000   0.615        66
*========================================*
2025-11-16 17:37:38,025 INFO 0 Sun Nov 16 17:37:38 2025 Epoch: 65
2025-11-16 17:42:31,416 INFO Final training 65/150, loss: 1.3827, time 293.39s, lr: 0.032209
Accuracy: 0.451
class                  precision    recall   specificity      f1   support
--------------------------------------------------------------------------
0                          0.489     0.489         0.517   0.489       280
1                          0.094     0.100         0.947   0.097        30
2                          0.455     0.451         0.535   0.453       266
*----------------------------------------*
2025-11-16 17:42:31,416 INFO 0 Sun Nov 16 17:42:31 2025 Epoch: 66
2025-11-16 17:47:25,093 INFO Final training 66/150, loss: 1.3620, time 293.68s, lr: 0.031688
Accuracy: 0.455
class                  precision    recall   specificity      f1   support
--------------------------------------------------------------------------
0                          0.485     0.470         0.525   0.477       281
1                          0.091     0.067         0.963   0.077        30
2                          0.454     0.483         0.505   0.468       265
*----------------------------------------*
2025-11-16 17:48:12,805 INFO Final validation 66/150, Val_acc: 0.4549, time 47.71sAccuracy: 0.486
class                  precision    recall   specificity      f1   support
--------------------------------------------------------------------------
0                          0.875     0.100         0.986   0.179        70
1                          0.051     0.250         0.728   0.085         8
2                          0.629     0.924         0.538   0.748        66
*========================================*
2025-11-16 17:48:16,482 INFO 0 Sun Nov 16 17:48:16 2025 Epoch: 67
2025-11-16 17:53:10,042 INFO Final training 67/150, loss: 1.1356, time 293.56s, lr: 0.031165
Accuracy: 0.453
class                  precision    recall   specificity      f1   support
--------------------------------------------------------------------------
0                          0.471     0.457         0.514   0.464       280
1                          0.000     0.000         0.993   0.000        30
2                          0.443     0.500         0.461   0.470       266
*----------------------------------------*
2025-11-16 17:53:10,042 INFO 0 Sun Nov 16 17:53:10 2025 Epoch: 68
2025-11-16 17:58:03,957 INFO Final training 68/150, loss: 1.1839, time 293.91s, lr: 0.030638
Accuracy: 0.497
class                  precision    recall   specificity      f1   support
--------------------------------------------------------------------------
0                          0.512     0.593         0.466   0.550       280
1                          0.056     0.033         0.969   0.042        30
2                          0.509     0.447         0.629   0.476       266
*----------------------------------------*
2025-11-16 17:58:51,560 INFO Final validation 68/150, Val_acc: 0.4444, time 47.60sAccuracy: 0.444
class                  precision    recall   specificity      f1   support
--------------------------------------------------------------------------
0                          0.000     0.000         1.000   0.000        70
1                          0.000     0.000         0.985   0.000         8
2                          0.451     0.970         0.000   0.615        66
*========================================*
2025-11-16 17:58:55,190 INFO 0 Sun Nov 16 17:58:55 2025 Epoch: 69
2025-11-16 18:03:49,075 INFO Final training 69/150, loss: 1.3009, time 293.89s, lr: 0.030109
Accuracy: 0.417
class                  precision    recall   specificity      f1   support
--------------------------------------------------------------------------
0                          0.455     0.504         0.429   0.478       280
1                          0.000     0.000         0.930   0.000        30
2                          0.434     0.372         0.584   0.401       266
*----------------------------------------*
2025-11-16 18:03:49,076 INFO 0 Sun Nov 16 18:03:49 2025 Epoch: 70
2025-11-16 18:08:42,819 INFO Final training 70/150, loss: 1.3297, time 293.74s, lr: 0.029578
Accuracy: 0.460
class                  precision    recall   specificity      f1   support
--------------------------------------------------------------------------
0                          0.496     0.491         0.525   0.494       281
1                          0.000     0.000         0.952   0.000        30
2                          0.467     0.479         0.534   0.473       265
*----------------------------------------*
2025-11-16 18:09:30,215 INFO Final validation 70/150, Val_acc: 0.4444, time 47.39sAccuracy: 0.444
class                  precision    recall   specificity      f1   support
--------------------------------------------------------------------------
0                          0.000     0.000         1.000   0.000        70
1                          0.000     0.000         0.985   0.000         8
2                          0.451     0.970         0.000   0.615        66
*========================================*
2025-11-16 18:09:33,869 INFO 0 Sun Nov 16 18:09:33 2025 Epoch: 71
2025-11-16 18:14:27,363 INFO Final training 71/150, loss: 1.1189, time 293.49s, lr: 0.029045
Accuracy: 0.439
class                  precision    recall   specificity      f1   support
--------------------------------------------------------------------------
0                          0.463     0.495         0.454   0.478       281
1                          0.000     0.000         0.963   0.000        30
2                          0.445     0.430         0.543   0.438       265
*----------------------------------------*
2025-11-16 18:14:27,907 INFO 0 Sun Nov 16 18:14:27 2025 Epoch: 72
2025-11-16 18:19:21,468 INFO Final training 72/150, loss: 1.2606, time 293.56s, lr: 0.028509
Accuracy: 0.444
class                  precision    recall   specificity      f1   support
--------------------------------------------------------------------------
0                          0.480     0.504         0.483   0.491       280
1                          0.000     0.000         0.960   0.000        30
2                          0.442     0.432         0.532   0.437       266
*----------------------------------------*
2025-11-16 18:20:09,011 INFO Final validation 72/150, Val_acc: 0.4583, time 47.54sAccuracy: 0.472
class                  precision    recall   specificity      f1   support
--------------------------------------------------------------------------
0                          0.800     0.057         0.986   0.107        70
1                          0.000     0.000         0.934   0.000         8
2                          0.492     0.970         0.154   0.653        66
*========================================*
2025-11-16 18:20:12,657 INFO 0 Sun Nov 16 18:20:12 2025 Epoch: 73
2025-11-16 18:25:05,635 INFO Final training 73/150, loss: 1.3635, time 292.98s, lr: 0.027972
Accuracy: 0.453
class                  precision    recall   specificity      f1   support
--------------------------------------------------------------------------
0                          0.494     0.552         0.461   0.521       281
1                          0.029     0.033         0.940   0.031        30
2                          0.461     0.396         0.605   0.426       265
*----------------------------------------*
2025-11-16 18:25:05,636 INFO 0 Sun Nov 16 18:25:05 2025 Epoch: 74
2025-11-16 18:29:59,174 INFO Final training 74/150, loss: 1.1934, time 293.54s, lr: 0.027434
Accuracy: 0.469
class                  precision    recall   specificity      f1   support
--------------------------------------------------------------------------
0                          0.487     0.555         0.444   0.519       281
1                          0.062     0.033         0.973   0.043        30
2                          0.471     0.426         0.592   0.448       265
*----------------------------------------*
2025-11-16 18:30:47,121 INFO Final validation 74/150, Val_acc: 0.4838, time 47.95sAccuracy: 0.486
class                  precision    recall   specificity      f1   support
--------------------------------------------------------------------------
0                          0.493     1.000         0.027   0.660        70
1                          0.000     0.000         0.985   0.000         8
2                          0.000     0.000         1.000   0.000        66
*========================================*
2025-11-16 18:30:50,689 INFO 0 Sun Nov 16 18:30:50 2025 Epoch: 75
2025-11-16 18:35:44,287 INFO Final training 75/150, loss: 1.2742, time 293.60s, lr: 0.026894
Accuracy: 0.444
class                  precision    recall   specificity      f1   support
--------------------------------------------------------------------------
0                          0.475     0.475         0.503   0.475       280
1                          0.000     0.000         0.960   0.000        30
2                          0.449     0.462         0.513   0.456       266
*----------------------------------------*
2025-11-16 18:35:44,287 INFO 0 Sun Nov 16 18:35:44 2025 Epoch: 76
2025-11-16 18:40:38,998 INFO Final training 76/150, loss: 1.0549, time 294.71s, lr: 0.026353
Accuracy: 0.460
class                  precision    recall   specificity      f1   support
--------------------------------------------------------------------------
0                          0.472     0.607         0.358   0.531       280
1                          0.000     0.000         0.993   0.000        30
2                          0.448     0.357         0.623   0.397       266
*----------------------------------------*
2025-11-16 18:41:26,944 INFO Final validation 76/150, Val_acc: 0.4444, time 47.95sAccuracy: 0.444
class                  precision    recall   specificity      f1   support
--------------------------------------------------------------------------
0                          0.000     0.000         1.000   0.000        70
1                          0.000     0.000         0.985   0.000         8
2                          0.451     0.970         0.000   0.615        66
*========================================*
2025-11-16 18:41:30,575 INFO 0 Sun Nov 16 18:41:30 2025 Epoch: 77
2025-11-16 18:46:24,969 INFO Final training 77/150, loss: 1.1308, time 294.39s, lr: 0.025812
Accuracy: 0.483
class                  precision    recall   specificity      f1   support
--------------------------------------------------------------------------
0                          0.504     0.509         0.522   0.506       281
1                          0.000     0.000         0.996   0.000        30
2                          0.466     0.509         0.502   0.486       265
*----------------------------------------*
2025-11-16 18:46:24,969 INFO 0 Sun Nov 16 18:46:24 2025 Epoch: 78
2025-11-16 18:51:22,158 INFO Final training 78/150, loss: 1.1702, time 297.19s, lr: 0.025271
Accuracy: 0.455
class                  precision    recall   specificity      f1   support
--------------------------------------------------------------------------
0                          0.476     0.564         0.412   0.516       280
1                          0.091     0.067         0.963   0.077        30
2                          0.459     0.383         0.613   0.418       266
*----------------------------------------*
2025-11-16 18:52:09,927 INFO Final validation 78/150, Val_acc: 0.0556, time 47.77sAccuracy: 0.056
class                  precision    recall   specificity      f1   support
--------------------------------------------------------------------------
0                          0.000     0.000         1.000   0.000        70
1                          0.056     1.000         0.000   0.105         8
2                          0.000     0.000         1.000   0.000        66
*========================================*
2025-11-16 18:52:13,633 INFO 0 Sun Nov 16 18:52:13 2025 Epoch: 79
2025-11-16 18:57:07,539 INFO Final training 79/150, loss: 1.5660, time 293.91s, lr: 0.024729
Accuracy: 0.444
class                  precision    recall   specificity      f1   support
--------------------------------------------------------------------------
0                          0.474     0.459         0.515   0.467       281
1                          0.115     0.100         0.958   0.107        30
2                          0.446     0.468         0.505   0.457       265
*----------------------------------------*
2025-11-16 18:57:07,540 INFO 0 Sun Nov 16 18:57:07 2025 Epoch: 80
2025-11-16 19:02:01,212 INFO Final training 80/150, loss: 1.1611, time 293.67s, lr: 0.024188
Accuracy: 0.484
class                  precision    recall   specificity      f1   support
--------------------------------------------------------------------------
0                          0.500     0.534         0.492   0.516       281
1                          0.000     0.000         0.993   0.000        30
2                          0.474     0.487         0.540   0.480       265
*----------------------------------------*
2025-11-16 19:02:48,995 INFO Final validation 80/150, Val_acc: 0.4444, time 47.78sAccuracy: 0.444
class                  precision    recall   specificity      f1   support
--------------------------------------------------------------------------
0                          0.000     0.000         0.973   0.000        70
1                          0.000     0.000         1.000   0.000         8
2                          0.451     0.970         0.000   0.615        66
*========================================*
2025-11-16 19:02:52,683 INFO 0 Sun Nov 16 19:02:52 2025 Epoch: 81
2025-11-16 19:07:46,358 INFO Final training 81/150, loss: 1.2786, time 293.67s, lr: 0.023647
Accuracy: 0.457
class                  precision    recall   specificity      f1   support
--------------------------------------------------------------------------
0                          0.482     0.482         0.510   0.482       280
1                          0.115     0.100         0.958   0.107        30
2                          0.463     0.470         0.532   0.466       266
*----------------------------------------*
2025-11-16 19:07:46,881 INFO 0 Sun Nov 16 19:07:46 2025 Epoch: 82
2025-11-16 19:12:44,246 INFO Final training 82/150, loss: 1.0210, time 297.36s, lr: 0.023106
Accuracy: 0.481
class                  precision    recall   specificity      f1   support
--------------------------------------------------------------------------
0                          0.500     0.480         0.542   0.490       281
1                          0.000     0.000         1.000   0.000        30
2                          0.464     0.536         0.473   0.497       265
*----------------------------------------*
2025-11-16 19:13:31,937 INFO Final validation 82/150, Val_acc: 0.4977, time 47.69sAccuracy: 0.500
class                  precision    recall   specificity      f1   support
--------------------------------------------------------------------------
0                          0.493     1.000         0.027   0.660        70
1                          0.000     0.000         1.000   0.000         8
2                          1.000     0.030         1.000   0.059        66
*========================================*
2025-11-16 19:13:35,531 INFO 0 Sun Nov 16 19:13:35 2025 Epoch: 83
2025-11-16 19:18:29,529 INFO Final training 83/150, loss: 1.3140, time 294.00s, lr: 0.022566
Accuracy: 0.448
class                  precision    recall   specificity      f1   support
--------------------------------------------------------------------------
0                          0.485     0.454         0.544   0.469       280
1                          0.067     0.067         0.949   0.067        30
2                          0.454     0.485         0.500   0.469       266
*----------------------------------------*
2025-11-16 19:18:29,529 INFO 0 Sun Nov 16 19:18:29 2025 Epoch: 84
2025-11-16 19:23:23,321 INFO Final training 84/150, loss: 1.0741, time 293.79s, lr: 0.022028
Accuracy: 0.436
class                  precision    recall   specificity      f1   support
--------------------------------------------------------------------------
0                          0.453     0.484         0.444   0.468       281
1                          0.000     0.000         0.996   0.000        30
2                          0.420     0.434         0.489   0.427       265
*----------------------------------------*
2025-11-16 19:24:10,991 INFO Final validation 84/150, Val_acc: 0.4838, time 47.67sAccuracy: 0.486
class                  precision    recall   specificity      f1   support
--------------------------------------------------------------------------
0                          0.493     1.000         0.027   0.660        70
1                          0.000     0.000         0.985   0.000         8
2                          0.000     0.000         1.000   0.000        66
*========================================*
2025-11-16 19:24:14,619 INFO 0 Sun Nov 16 19:24:14 2025 Epoch: 85
2025-11-16 19:29:08,173 INFO Final training 85/150, loss: 1.2035, time 293.55s, lr: 0.021491
Accuracy: 0.436
class                  precision    recall   specificity      f1   support
--------------------------------------------------------------------------
0                          0.454     0.386         0.561   0.417       280
1                          0.059     0.067         0.941   0.062        30
2                          0.464     0.530         0.474   0.495       266
*----------------------------------------*
2025-11-16 19:29:08,173 INFO 0 Sun Nov 16 19:29:08 2025 Epoch: 86
2025-11-16 19:34:01,534 INFO Final training 86/150, loss: 1.0885, time 293.36s, lr: 0.020955
Accuracy: 0.474
class                  precision    recall   specificity      f1   support
--------------------------------------------------------------------------
0                          0.479     0.500         0.486   0.490       280
1                          0.000     0.000         0.996   0.000        30
2                          0.472     0.500         0.519   0.485       266
*----------------------------------------*
2025-11-16 19:34:49,223 INFO Final validation 86/150, Val_acc: 0.4838, time 47.69sAccuracy: 0.486
class                  precision    recall   specificity      f1   support
--------------------------------------------------------------------------
0                          0.493     1.000         0.027   0.660        70
1                          0.000     0.000         0.985   0.000         8
2                          0.000     0.000         1.000   0.000        66
*========================================*
2025-11-16 19:34:52,833 INFO 0 Sun Nov 16 19:34:52 2025 Epoch: 87
2025-11-16 19:39:47,119 INFO Final training 87/150, loss: 1.4601, time 294.29s, lr: 0.020422
Accuracy: 0.431
class                  precision    recall   specificity      f1   support
--------------------------------------------------------------------------
0                          0.471     0.470         0.498   0.471       281
1                          0.068     0.100         0.925   0.081        30
2                          0.448     0.426         0.553   0.437       265
*----------------------------------------*
2025-11-16 19:39:47,119 INFO 0 Sun Nov 16 19:39:47 2025 Epoch: 88
2025-11-16 19:44:40,924 INFO Final training 88/150, loss: 1.0110, time 293.81s, lr: 0.019891
Accuracy: 0.477
class                  precision    recall   specificity      f1   support
--------------------------------------------------------------------------
0                          0.490     0.504         0.503   0.496       280
1                          0.000     0.000         1.000   0.000        30
2                          0.465     0.504         0.503   0.484       266
*----------------------------------------*
2025-11-16 19:45:28,829 INFO Final validation 88/150, Val_acc: 0.4838, time 47.90sAccuracy: 0.486
class                  precision    recall   specificity      f1   support
--------------------------------------------------------------------------
0                          0.493     1.000         0.027   0.660        70
1                          0.000     0.000         0.985   0.000         8
2                          0.000     0.000         1.000   0.000        66
*========================================*
2025-11-16 19:45:32,424 INFO [EarlyStopping] Stopping training for val accuracy at epoch 88
2025-11-16 19:45:32,919 INFO Training Finished! Best Accuracy: 0.4977
2025-11-16 19:45:32,919 INFO ====================================================================================================
2025-11-16 19:45:32,919 INFO 
2025-11-16 19:46:36,820 INFO Final testing , Test_acc: 0.4878, time 52.86sAccuracy: 0.488
class                  precision    recall   specificity      f1   support
--------------------------------------------------------------------------
0                          0.513     1.000         0.095   0.678        40
1                          0.000     0.000         0.948   0.000         5
2                          0.000     0.000         1.000   0.000        37
*========================================*
2025-11-16 19:46:37,262 INFO Testing Finished! Best Accuracy: 0.4878
2025-11-16 19:46:37,262 INFO ====================================================================================================
2025-11-16 19:46:42,051 INFO Total time spent: 07 hours 55 minutes 21 seconds
