2025-11-28 12:24:45,811 INFO Log directory: outputs/OrganoidsINRIA/swinunetr+noah/2025-11-28-12-24
2025-11-28 12:24:45,814 INFO {'RandFlipd_prob': 0.2,
 'RandRotate90d_prob': 0.2,
 'RandScaleIntensityd_prob': 0.1,
 'RandShiftIntensityd_prob': 0.1,
 'amp': True,
 'augmentation': True,
 'batch_size': 6,
 'cache_dataset': False,
 'checkpoint_path': None,
 'data_dir': '/home/mraffael/martone_project/Organoids_Dataset/',
 'dataset_name': 'OrganoidsINRIA',
 'debug': False,
 'debug_train_samples': 40,
 'debug_val_samples': 10,
 'dist_backend': 'nccl',
 'dist_url': 'tcp://127.0.0.1:23456',
 'distributed': False,
 'dropout_path_rate': 0.0,
 'dropout_rate': 0.0,
 'early_stopping': True,
 'encoder10_pth': '',
 'exact_class': False,
 'feature_size': 48,
 'fold': 0,
 'folds': False,
 'gpu': 0,
 'ignore_label': 3,
 'in_channels': 1,
 'infer_overlap': 0.5,
 'k_folds': 5,
 'logdir': 'test',
 'logs_dir': 'logs/',
 'loss_name': 'CE',
 'lrschedule': 'warmup_cosine',
 'max_epochs': 150,
 'min_delta_loss': 0.001,
 'min_delta_val': 0.01,
 'model_name': 'swinunetr+noah',
 'momentum': 0.99,
 'noamp': False,
 'norm_name': 'instance',
 'oar_id': 2132490,
 'optim_lr': 0.0006,
 'optim_name': 'adamw',
 'out_channels': 1,
 'output_dir': 'outputs/',
 'patch_merging': False,
 'patience_loss': 30,
 'patience_val': 30,
 'pretrained_dir': './pretrained_models/fold1_f48_ep300_4gpu_dice0_9059/',
 'pretrained_model_name': 'model_swinvit.pt',
 'rank': 0,
 'reg_weight': 5e-05,
 'restart_T0': 20,
 'resume_ckpt': False,
 'roi_x': 128,
 'roi_y': 128,
 'roi_z': 128,
 'save_checkpoint': True,
 'seed': 3,
 'similarity_loss': '',
 'similarity_loss_weight': 0.0,
 'spatial_dims': 3,
 'split_method': 'stratified',
 'start_epoch': 0,
 'sw_batch_size': 6,
 'telegram_log': True,
 'test_mode': False,
 'token': './token/tlg_token.txt',
 'use_checkpoint': False,
 'val_every': 2,
 'warmup_epochs': 0,
 'workers': 8,
 'world_size': 1}
2025-11-28 12:24:45,814 INFO 
2025-11-28 12:24:45,818 INFO Saved configuration to: outputs/OrganoidsINRIA/swinunetr+noah/2025-11-28-12-24/config.txt
2025-11-28 12:24:46,538 INFO Using GPU: 0
2025-11-28 12:24:46,539 INFO 
2025-11-28 12:24:46,539 INFO Model INFO:
2025-11-28 12:24:46,539 INFO Model architecture: swinunetr+noah
2025-11-28 12:24:46,996 INFO Using pretrained weights
2025-11-28 12:24:46,996 INFO => loading pretrained model './pretrained_models/fold1_f48_ep300_4gpu_dice0_9059/model_swinvit.pt'
2025-11-28 12:24:51,380 INFO Missing keys when loading pretrained: 33
2025-11-28 12:24:51,381 INFO Unexpected keys when loading pretrained: 8
2025-11-28 12:24:51,388 INFO Using SwinUNETR with NOAH Classification Head
2025-11-28 12:24:51,390 INFO Total trainable parameters: 39,917,112
2025-11-28 12:24:51,413 INFO 
2025-11-28 12:24:51,413 INFO Optimizer INFO:
2025-11-28 12:24:51,413 INFO Using optimizer: adamw with lr=0.0006, weight_decay=5e-05
2025-11-28 12:24:51,413 INFO 
2025-11-28 12:24:51,414 INFO Dataset INFO:
2025-11-28 12:24:51,474 INFO Dataset length: 721
2025-11-28 12:24:51,474 INFO Class distribution in entire dataset:
2025-11-28 12:24:51,474 INFO   Class 0: 351
2025-11-28 12:24:51,474 INFO   Class 1: 38
2025-11-28 12:24:51,474 INFO   Class 2: 332
2025-11-28 12:24:51,475 INFO 
Using split method: stratified
2025-11-28 12:24:51,485 INFO 
Train set balance:
2025-11-28 12:24:51,485 INFO 
Val set balance:
2025-11-28 12:24:51,485 INFO Training set length: 577
2025-11-28 12:24:51,485 INFO Validation set length: 144
2025-11-28 12:24:51,485 INFO 
Using standard shuffle for training
2025-11-28 12:24:51,485 INFO Training loader: 96 batches
2025-11-28 12:24:51,485 INFO Validation loader: 24 batches
2025-11-28 12:24:51,485 INFO 
Class distribution in training set:
2025-11-28 12:24:51,485 INFO   Class 0: 281 (48.7%)
2025-11-28 12:24:51,485 INFO   Class 1: 30 (5.2%)
2025-11-28 12:24:51,485 INFO   Class 2: 266 (46.1%)
2025-11-28 12:24:51,485 INFO Class distribution in validation set:
2025-11-28 12:24:51,485 INFO   Class 0: 70 (48.6%)
2025-11-28 12:24:51,485 INFO   Class 1: 8 (5.6%)
2025-11-28 12:24:51,485 INFO   Class 2: 66 (45.8%)
2025-11-28 12:24:51,485 INFO **************************************************
2025-11-28 12:24:51,656 INFO Class weights: [ 6.845  64.111  7.231]
2025-11-28 12:24:51,656 INFO 
2025-11-28 12:24:51,656 INFO Test Dataset INFO:
2025-11-28 12:24:51,662 INFO Test Dataset length: 82
2025-11-28 12:24:51,662 INFO Class distribution in test dataset:
2025-11-28 12:24:51,662 INFO   Class 0: 40
2025-11-28 12:24:51,662 INFO   Class 1: 5
2025-11-28 12:24:51,662 INFO   Class 2: 37
2025-11-28 12:24:51,662 INFO Test loader: 14 batches
2025-11-28 12:24:51,663 INFO **************************************************
2025-11-28 12:24:51,663 INFO 
2025-11-28 12:24:51,663 INFO Using loss function: CE
2025-11-28 12:24:51,666 INFO **************************************************
2025-11-28 12:24:51,666 INFO Starting training...
2025-11-28 12:24:51,668 INFO 0 Fri Nov 28 12:24:51 2025 Epoch: 1
2025-11-28 12:45:13,646 INFO Final training 1/150, loss: 14.3569, time 1221.98s, lr: 0.000000
Accuracy: 0.332
class                  precision    recall   specificity      f1   support
--------------------------------------------------------------------------
0                          0.487     0.477         0.522   0.482       281
1                          0.035     0.200         0.698   0.060        30
2                          0.392     0.192         0.746   0.258       265
*----------------------------------------*
2025-11-28 12:45:14,097 INFO 0 Fri Nov 28 12:45:14 2025 Epoch: 2
2025-11-28 13:04:19,135 INFO Final training 2/150, loss: 15.1989, time 1145.04s, lr: 0.000000
Accuracy: 0.312
class                  precision    recall   specificity      f1   support
--------------------------------------------------------------------------
0                          0.492     0.464         0.547   0.478       280
1                          0.028     0.167         0.679   0.048        30
2                          0.341     0.169         0.719   0.226       266
*----------------------------------------*
2025-11-28 13:10:22,605 INFO Final validation 2/150, Val_acc: 0.3192, time 363.47sAccuracy: 0.382
class                  precision    recall   specificity      f1   support
--------------------------------------------------------------------------
0                          0.479     0.486         0.500   0.482        70
1                          0.111     0.500         0.765   0.182         8
2                          0.459     0.258         0.744   0.330        66
*========================================*
2025-11-28 13:10:22,606 INFO New best (0.000000 --> 0.319213)
2025-11-28 13:10:28,970 INFO Copying best model to best_model.pt
2025-11-28 13:10:33,112 INFO 0 Fri Nov 28 13:10:33 2025 Epoch: 3
2025-11-28 13:29:49,996 INFO Final training 3/150, loss: 13.8130, time 1156.88s, lr: 0.000000
Accuracy: 0.330
class                  precision    recall   specificity      f1   support
--------------------------------------------------------------------------
0                          0.460     0.473         0.471   0.467       281
1                          0.033     0.167         0.733   0.055        30
2                          0.382     0.196         0.730   0.259       265
*----------------------------------------*
2025-11-28 13:29:49,996 INFO 0 Fri Nov 28 13:29:49 2025 Epoch: 4
2025-11-28 13:49:13,218 INFO Final training 4/150, loss: 14.6572, time 1163.22s, lr: 0.000000
Accuracy: 0.302
class                  precision    recall   specificity      f1   support
--------------------------------------------------------------------------
0                          0.441     0.414         0.503   0.427       280
1                          0.041     0.233         0.698   0.069        30
2                          0.362     0.192         0.710   0.251       266
*----------------------------------------*
2025-11-28 13:53:37,340 INFO Final validation 4/150, Val_acc: 0.3192, time 264.12sAccuracy: 0.382
class                  precision    recall   specificity      f1   support
--------------------------------------------------------------------------
0                          0.479     0.486         0.500   0.482        70
1                          0.111     0.500         0.765   0.182         8
2                          0.459     0.258         0.744   0.330        66
*========================================*
2025-11-28 13:53:42,175 INFO 0 Fri Nov 28 13:53:42 2025 Epoch: 5
2025-11-28 14:13:03,528 INFO Final training 5/150, loss: 14.8391, time 1161.35s, lr: 0.000000
Accuracy: 0.304
class                  precision    recall   specificity      f1   support
--------------------------------------------------------------------------
0                          0.448     0.432         0.497   0.440       280
1                          0.028     0.167         0.685   0.048        30
2                          0.380     0.184         0.742   0.248       266
*----------------------------------------*
2025-11-28 14:13:03,528 INFO 0 Fri Nov 28 14:13:03 2025 Epoch: 6
2025-11-28 14:31:51,644 INFO Final training 6/150, loss: 15.3381, time 1128.12s, lr: 0.000000
Accuracy: 0.326
class                  precision    recall   specificity      f1   support
--------------------------------------------------------------------------
0                          0.480     0.439         0.551   0.459       280
1                          0.044     0.267         0.683   0.076        30
2                          0.410     0.214         0.735   0.281       266
*----------------------------------------*
2025-11-28 14:36:15,656 INFO Final validation 6/150, Val_acc: 0.3192, time 264.01sAccuracy: 0.382
class                  precision    recall   specificity      f1   support
--------------------------------------------------------------------------
0                          0.479     0.486         0.500   0.482        70
1                          0.111     0.500         0.765   0.182         8
2                          0.459     0.258         0.744   0.330        66
*========================================*
2025-11-28 14:36:20,601 INFO 0 Fri Nov 28 14:36:20 2025 Epoch: 7
2025-11-28 14:55:43,645 INFO Final training 7/150, loss: 14.7522, time 1163.04s, lr: 0.000000
Accuracy: 0.321
class                  precision    recall   specificity      f1   support
--------------------------------------------------------------------------
0                          0.500     0.477         0.546   0.488       281
1                          0.043     0.267         0.674   0.074        30
2                          0.352     0.162         0.746   0.222       265
*----------------------------------------*
2025-11-28 14:55:43,645 INFO 0 Fri Nov 28 14:55:43 2025 Epoch: 8
2025-11-28 15:15:01,573 INFO Final training 8/150, loss: 14.9122, time 1157.93s, lr: 0.000000
Accuracy: 0.332
class                  precision    recall   specificity      f1   support
--------------------------------------------------------------------------
0                          0.483     0.491         0.498   0.487       281
1                          0.044     0.233         0.720   0.074        30
2                          0.354     0.174         0.730   0.233       265
*----------------------------------------*
2025-11-28 15:19:25,721 INFO Final validation 8/150, Val_acc: 0.3192, time 264.15sAccuracy: 0.382
class                  precision    recall   specificity      f1   support
--------------------------------------------------------------------------
0                          0.479     0.486         0.500   0.482        70
1                          0.111     0.500         0.765   0.182         8
2                          0.459     0.258         0.744   0.330        66
*========================================*
2025-11-28 15:19:30,864 INFO 0 Fri Nov 28 15:19:30 2025 Epoch: 9
2025-11-28 15:38:26,391 INFO Final training 9/150, loss: 14.1066, time 1135.53s, lr: 0.000000
Accuracy: 0.335
class                  precision    recall   specificity      f1   support
--------------------------------------------------------------------------
0                          0.478     0.473         0.508   0.476       281
1                          0.047     0.267         0.703   0.080        30
2                          0.406     0.196         0.756   0.265       265
*----------------------------------------*
2025-11-28 15:38:26,391 INFO 0 Fri Nov 28 15:38:26 2025 Epoch: 10
2025-11-28 15:57:33,489 INFO Final training 10/150, loss: 14.8731, time 1147.10s, lr: 0.000000
Accuracy: 0.323
class                  precision    recall   specificity      f1   support
--------------------------------------------------------------------------
0                          0.470     0.452         0.515   0.461       281
1                          0.037     0.200         0.711   0.062        30
2                          0.373     0.200         0.714   0.260       265
*----------------------------------------*
2025-11-28 16:01:57,086 INFO Final validation 10/150, Val_acc: 0.3192, time 263.60sAccuracy: 0.382
class                  precision    recall   specificity      f1   support
--------------------------------------------------------------------------
0                          0.479     0.486         0.500   0.482        70
1                          0.111     0.500         0.765   0.182         8
2                          0.459     0.258         0.744   0.330        66
*========================================*
2025-11-28 16:02:02,063 INFO 0 Fri Nov 28 16:02:02 2025 Epoch: 11
2025-11-28 16:21:19,381 INFO Final training 11/150, loss: 14.3190, time 1157.32s, lr: 0.000000
Accuracy: 0.323
class                  precision    recall   specificity      f1   support
--------------------------------------------------------------------------
0                          0.487     0.459         0.539   0.473       281
1                          0.044     0.267         0.681   0.075        30
2                          0.380     0.185         0.743   0.249       265
*----------------------------------------*
2025-11-28 16:21:19,879 INFO 0 Fri Nov 28 16:21:19 2025 Epoch: 12
2025-11-28 16:40:53,923 INFO Final training 12/150, loss: 15.3423, time 1174.04s, lr: 0.000000
Accuracy: 0.323
class                  precision    recall   specificity      f1   support
--------------------------------------------------------------------------
0                          0.487     0.463         0.536   0.474       281
1                          0.039     0.233         0.687   0.067        30
2                          0.374     0.185         0.736   0.247       265
*----------------------------------------*
2025-11-28 16:45:19,011 INFO Final validation 12/150, Val_acc: 0.3192, time 265.09sAccuracy: 0.382
class                  precision    recall   specificity      f1   support
--------------------------------------------------------------------------
0                          0.479     0.486         0.500   0.482        70
1                          0.111     0.500         0.765   0.182         8
2                          0.459     0.258         0.744   0.330        66
*========================================*
2025-11-28 16:45:24,017 INFO 0 Fri Nov 28 16:45:24 2025 Epoch: 13
2025-11-28 17:04:27,403 INFO Final training 13/150, loss: 15.7130, time 1143.39s, lr: 0.000000
Accuracy: 0.316
class                  precision    recall   specificity      f1   support
--------------------------------------------------------------------------
0                          0.466     0.459         0.498   0.462       281
1                          0.041     0.233         0.700   0.070        30
2                          0.359     0.174         0.736   0.234       265
*----------------------------------------*
2025-11-28 17:04:27,403 INFO 0 Fri Nov 28 17:04:27 2025 Epoch: 14
2025-11-28 17:23:49,993 INFO Final training 14/150, loss: 15.7719, time 1162.59s, lr: 0.000000
Accuracy: 0.316
class                  precision    recall   specificity      f1   support
--------------------------------------------------------------------------
0                          0.475     0.448         0.529   0.462       281
1                          0.030     0.167         0.703   0.051        30
2                          0.354     0.192         0.701   0.249       265
*----------------------------------------*
2025-11-28 17:28:14,311 INFO Final validation 14/150, Val_acc: 0.3192, time 264.32sAccuracy: 0.382
class                  precision    recall   specificity      f1   support
--------------------------------------------------------------------------
0                          0.479     0.486         0.500   0.482        70
1                          0.111     0.500         0.765   0.182         8
2                          0.459     0.258         0.744   0.330        66
*========================================*
2025-11-28 17:28:19,175 INFO 0 Fri Nov 28 17:28:19 2025 Epoch: 15
2025-11-28 17:47:41,515 INFO Final training 15/150, loss: 13.8710, time 1162.34s, lr: 0.000000
Accuracy: 0.342
class                  precision    recall   specificity      f1   support
--------------------------------------------------------------------------
0                          0.491     0.475         0.534   0.483       280
1                          0.042     0.233         0.707   0.071        30
2                          0.413     0.214         0.739   0.282       266
*----------------------------------------*
2025-11-28 17:47:41,515 INFO 0 Fri Nov 28 17:47:41 2025 Epoch: 16
2025-11-28 18:07:01,876 INFO Final training 16/150, loss: 15.5386, time 1160.36s, lr: 0.000000
Accuracy: 0.292
class                  precision    recall   specificity      f1   support
--------------------------------------------------------------------------
0                          0.457     0.431         0.512   0.443       281
1                          0.022     0.133         0.674   0.038        30
2                          0.333     0.162         0.723   0.218       265
*----------------------------------------*
2025-11-28 18:11:26,060 INFO Final validation 16/150, Val_acc: 0.3192, time 264.18sAccuracy: 0.382
class                  precision    recall   specificity      f1   support
--------------------------------------------------------------------------
0                          0.479     0.486         0.500   0.482        70
1                          0.111     0.500         0.765   0.182         8
2                          0.459     0.258         0.744   0.330        66
*========================================*
2025-11-28 18:11:30,993 INFO 0 Fri Nov 28 18:11:30 2025 Epoch: 17
2025-11-28 18:30:48,966 INFO Final training 17/150, loss: 14.5767, time 1157.97s, lr: 0.000000
Accuracy: 0.330
class                  precision    recall   specificity      f1   support
--------------------------------------------------------------------------
0                          0.483     0.461         0.534   0.472       280
1                          0.040     0.233         0.692   0.068        30
2                          0.403     0.203         0.742   0.270       266
*----------------------------------------*
2025-11-28 18:30:48,967 INFO 0 Fri Nov 28 18:30:48 2025 Epoch: 18
2025-11-28 18:50:08,958 INFO Final training 18/150, loss: 15.8130, time 1159.99s, lr: 0.000000
Accuracy: 0.325
class                  precision    recall   specificity      f1   support
--------------------------------------------------------------------------
0                          0.480     0.464         0.524   0.472       280
1                          0.029     0.167         0.690   0.049        30
2                          0.397     0.195         0.745   0.262       266
*----------------------------------------*
2025-11-28 18:54:33,101 INFO Final validation 18/150, Val_acc: 0.3192, time 264.14sAccuracy: 0.382
class                  precision    recall   specificity      f1   support
--------------------------------------------------------------------------
0                          0.479     0.486         0.500   0.482        70
1                          0.111     0.500         0.765   0.182         8
2                          0.459     0.258         0.744   0.330        66
*========================================*
2025-11-28 18:54:38,045 INFO 0 Fri Nov 28 18:54:38 2025 Epoch: 19
2025-11-28 19:13:52,586 INFO Final training 19/150, loss: 14.0459, time 1154.54s, lr: 0.000000
Accuracy: 0.361
class                  precision    recall   specificity      f1   support
--------------------------------------------------------------------------
0                          0.505     0.534         0.502   0.519       281
1                          0.044     0.233         0.720   0.074        30
2                          0.429     0.192         0.781   0.266       265
*----------------------------------------*
2025-11-28 19:13:52,587 INFO 0 Fri Nov 28 19:13:52 2025 Epoch: 20
2025-11-28 19:33:21,713 INFO Final training 20/150, loss: 16.0123, time 1169.13s, lr: 0.000000
Accuracy: 0.307
class                  precision    recall   specificity      f1   support
--------------------------------------------------------------------------
0                          0.471     0.439         0.534   0.455       280
1                          0.027     0.167         0.676   0.047        30
2                          0.368     0.184         0.729   0.246       266
*----------------------------------------*
2025-11-28 19:37:45,843 INFO Final validation 20/150, Val_acc: 0.3192, time 264.13sAccuracy: 0.382
class                  precision    recall   specificity      f1   support
--------------------------------------------------------------------------
0                          0.479     0.486         0.500   0.482        70
1                          0.111     0.500         0.765   0.182         8
2                          0.459     0.258         0.744   0.330        66
*========================================*
2025-11-28 19:37:50,669 INFO 0 Fri Nov 28 19:37:50 2025 Epoch: 21
2025-11-28 19:57:06,695 INFO Final training 21/150, loss: 13.8003, time 1156.03s, lr: 0.000000
Accuracy: 0.349
class                  precision    recall   specificity      f1   support
--------------------------------------------------------------------------
0                          0.493     0.512         0.498   0.503       281
1                          0.030     0.167         0.709   0.052        30
2                          0.433     0.196         0.781   0.270       265
*----------------------------------------*
2025-11-28 19:57:07,252 INFO 0 Fri Nov 28 19:57:07 2025 Epoch: 22
2025-11-28 20:16:38,956 INFO Final training 22/150, loss: 14.6224, time 1171.70s, lr: 0.000000
Accuracy: 0.333
class                  precision    recall   specificity      f1   support
--------------------------------------------------------------------------
0                          0.508     0.464         0.574   0.485       280
1                          0.036     0.233         0.661   0.063        30
2                          0.430     0.207         0.765   0.279       266
*----------------------------------------*
2025-11-28 20:21:03,168 INFO Final validation 22/150, Val_acc: 0.3192, time 264.21sAccuracy: 0.382
class                  precision    recall   specificity      f1   support
--------------------------------------------------------------------------
0                          0.479     0.486         0.500   0.482        70
1                          0.111     0.500         0.765   0.182         8
2                          0.459     0.258         0.744   0.330        66
*========================================*
2025-11-28 20:21:08,073 INFO 0 Fri Nov 28 20:21:08 2025 Epoch: 23
2025-11-28 20:40:25,281 INFO Final training 23/150, loss: 14.8661, time 1157.21s, lr: 0.000000
Accuracy: 0.311
class                  precision    recall   specificity      f1   support
--------------------------------------------------------------------------
0                          0.464     0.452         0.502   0.458       281
1                          0.023     0.133         0.694   0.040        30
2                          0.366     0.181         0.733   0.242       265
*----------------------------------------*
2025-11-28 20:40:25,281 INFO 0 Fri Nov 28 20:40:25 2025 Epoch: 24
2025-11-28 20:59:49,195 INFO Final training 24/150, loss: 14.3072, time 1163.91s, lr: 0.000000
Accuracy: 0.347
class                  precision    recall   specificity      f1   support
--------------------------------------------------------------------------
0                          0.481     0.504         0.486   0.492       280
1                          0.039     0.200         0.731   0.066        30
2                          0.408     0.199         0.752   0.268       266
*----------------------------------------*
2025-11-28 21:04:13,512 INFO Final validation 24/150, Val_acc: 0.3192, time 264.32sAccuracy: 0.382
class                  precision    recall   specificity      f1   support
--------------------------------------------------------------------------
0                          0.479     0.486         0.500   0.482        70
1                          0.111     0.500         0.765   0.182         8
2                          0.459     0.258         0.744   0.330        66
*========================================*
2025-11-28 21:04:18,386 INFO 0 Fri Nov 28 21:04:18 2025 Epoch: 25
2025-11-28 21:23:43,357 INFO Final training 25/150, loss: 14.3890, time 1164.97s, lr: 0.000000
Accuracy: 0.323
class                  precision    recall   specificity      f1   support
--------------------------------------------------------------------------
0                          0.484     0.443         0.554   0.463       280
1                          0.050     0.300         0.687   0.086        30
2                          0.379     0.199         0.719   0.261       266
*----------------------------------------*
2025-11-28 21:23:43,357 INFO 0 Fri Nov 28 21:23:43 2025 Epoch: 26
2025-11-28 21:43:10,060 INFO Final training 26/150, loss: 15.2808, time 1166.70s, lr: 0.000000
Accuracy: 0.328
class                  precision    recall   specificity      f1   support
--------------------------------------------------------------------------
0                          0.485     0.456         0.539   0.470       281
1                          0.041     0.233         0.700   0.070        30
2                          0.383     0.204         0.720   0.266       265
*----------------------------------------*
2025-11-28 21:47:34,200 INFO Final validation 26/150, Val_acc: 0.3192, time 264.14sAccuracy: 0.382
class                  precision    recall   specificity      f1   support
--------------------------------------------------------------------------
0                          0.479     0.486         0.500   0.482        70
1                          0.111     0.500         0.765   0.182         8
2                          0.459     0.258         0.744   0.330        66
*========================================*
2025-11-28 21:47:39,169 INFO 0 Fri Nov 28 21:47:39 2025 Epoch: 27
2025-11-28 22:06:42,148 INFO Final training 27/150, loss: 15.1769, time 1142.98s, lr: 0.000000
Accuracy: 0.283
class                  precision    recall   specificity      f1   support
--------------------------------------------------------------------------
0                          0.430     0.418         0.476   0.424       280
1                          0.023     0.133         0.694   0.040        30
2                          0.316     0.158         0.706   0.211       266
*----------------------------------------*
2025-11-28 22:06:42,149 INFO 0 Fri Nov 28 22:06:42 2025 Epoch: 28
2025-11-28 22:25:51,839 INFO Final training 28/150, loss: 14.4403, time 1149.69s, lr: 0.000000
Accuracy: 0.340
class                  precision    recall   specificity      f1   support
--------------------------------------------------------------------------
0                          0.500     0.502         0.522   0.501       281
1                          0.044     0.233         0.720   0.074        30
2                          0.358     0.181         0.723   0.241       265
*----------------------------------------*
2025-11-28 22:30:16,272 INFO Final validation 28/150, Val_acc: 0.3192, time 264.43sAccuracy: 0.382
class                  precision    recall   specificity      f1   support
--------------------------------------------------------------------------
0                          0.479     0.486         0.500   0.482        70
1                          0.111     0.500         0.765   0.182         8
2                          0.459     0.258         0.744   0.330        66
*========================================*
2025-11-28 22:30:21,261 INFO 0 Fri Nov 28 22:30:21 2025 Epoch: 29
2025-11-28 22:49:43,857 INFO Final training 29/150, loss: 14.4753, time 1162.60s, lr: 0.000000
Accuracy: 0.340
class                  precision    recall   specificity      f1   support
--------------------------------------------------------------------------
0                          0.498     0.484         0.536   0.491       281
1                          0.033     0.200         0.681   0.057        30
2                          0.439     0.204         0.778   0.278       265
*----------------------------------------*
2025-11-28 22:49:43,858 INFO 0 Fri Nov 28 22:49:43 2025 Epoch: 30
2025-11-28 23:08:59,254 INFO Final training 30/150, loss: 15.0772, time 1155.40s, lr: 0.000000
Accuracy: 0.318
class                  precision    recall   specificity      f1   support
--------------------------------------------------------------------------
0                          0.447     0.454         0.470   0.450       280
1                          0.031     0.167         0.712   0.052        30
2                          0.392     0.192         0.745   0.258       266
*----------------------------------------*
2025-11-28 23:13:23,088 INFO Final validation 30/150, Val_acc: 0.3192, time 263.83sAccuracy: 0.382
class                  precision    recall   specificity      f1   support
--------------------------------------------------------------------------
0                          0.479     0.486         0.500   0.482        70
1                          0.111     0.500         0.765   0.182         8
2                          0.459     0.258         0.744   0.330        66
*========================================*
2025-11-28 23:13:27,881 INFO 0 Fri Nov 28 23:13:27 2025 Epoch: 31
2025-11-28 23:33:02,438 INFO Final training 31/150, loss: 15.8220, time 1174.56s, lr: 0.000000
Accuracy: 0.328
class                  precision    recall   specificity      f1   support
--------------------------------------------------------------------------
0                          0.520     0.470         0.586   0.493       281
1                          0.025     0.167         0.648   0.044        30
2                          0.416     0.196         0.765   0.267       265
*----------------------------------------*
2025-11-28 23:33:03,026 INFO 0 Fri Nov 28 23:33:03 2025 Epoch: 32
2025-11-28 23:52:30,888 INFO Final training 32/150, loss: 15.6790, time 1167.86s, lr: 0.000000
Accuracy: 0.335
class                  precision    recall   specificity      f1   support
--------------------------------------------------------------------------
0                          0.498     0.482         0.541   0.490       280
1                          0.032     0.200         0.670   0.056        30
2                          0.437     0.195         0.784   0.270       266
*----------------------------------------*
2025-11-28 23:56:55,073 INFO Final validation 32/150, Val_acc: 0.3192, time 264.18sAccuracy: 0.382
class                  precision    recall   specificity      f1   support
--------------------------------------------------------------------------
0                          0.479     0.486         0.500   0.482        70
1                          0.111     0.500         0.765   0.182         8
2                          0.459     0.258         0.744   0.330        66
*========================================*
2025-11-28 23:57:00,035 INFO 0 Fri Nov 28 23:57:00 2025 Epoch: 33
2025-11-29 00:16:30,173 INFO Final training 33/150, loss: 15.5304, time 1170.14s, lr: 0.000000
Accuracy: 0.314
class                  precision    recall   specificity      f1   support
--------------------------------------------------------------------------
0                          0.471     0.432         0.541   0.451       280
1                          0.028     0.167         0.678   0.047        30
2                          0.399     0.207         0.732   0.272       266
*----------------------------------------*
2025-11-29 00:16:30,174 INFO 0 Sat Nov 29 00:16:30 2025 Epoch: 34
2025-11-29 00:35:55,786 INFO Final training 34/150, loss: 15.6266, time 1165.61s, lr: 0.000000
Accuracy: 0.312
class                  precision    recall   specificity      f1   support
--------------------------------------------------------------------------
0                          0.480     0.461         0.527   0.470       280
1                          0.023     0.133         0.689   0.039        30
2                          0.353     0.177         0.723   0.236       266
*----------------------------------------*
2025-11-29 00:40:19,662 INFO Final validation 34/150, Val_acc: 0.3192, time 263.88sAccuracy: 0.382
class                  precision    recall   specificity      f1   support
--------------------------------------------------------------------------
0                          0.479     0.486         0.500   0.482        70
1                          0.111     0.500         0.765   0.182         8
2                          0.459     0.258         0.744   0.330        66
*========================================*
2025-11-29 00:40:24,677 INFO 0 Sat Nov 29 00:40:24 2025 Epoch: 35
2025-11-29 00:59:40,632 INFO Final training 35/150, loss: 15.0672, time 1155.95s, lr: 0.000000
Accuracy: 0.333
class                  precision    recall   specificity      f1   support
--------------------------------------------------------------------------
0                          0.498     0.480         0.539   0.489       281
1                          0.028     0.167         0.681   0.048        30
2                          0.413     0.196         0.762   0.266       265
*----------------------------------------*
2025-11-29 00:59:40,632 INFO 0 Sat Nov 29 00:59:40 2025 Epoch: 36
2025-11-29 01:18:48,950 INFO Final training 36/150, loss: 13.6268, time 1148.32s, lr: 0.000000
Accuracy: 0.344
class                  precision    recall   specificity      f1   support
--------------------------------------------------------------------------
0                          0.504     0.495         0.536   0.499       281
1                          0.045     0.267         0.690   0.077        30
2                          0.415     0.192         0.768   0.263       265
*----------------------------------------*
2025-11-29 01:23:13,286 INFO Final validation 36/150, Val_acc: 0.3192, time 264.34sAccuracy: 0.382
class                  precision    recall   specificity      f1   support
--------------------------------------------------------------------------
0                          0.479     0.486         0.500   0.482        70
1                          0.111     0.500         0.765   0.182         8
2                          0.459     0.258         0.744   0.330        66
*========================================*
2025-11-29 01:23:18,149 INFO 0 Sat Nov 29 01:23:18 2025 Epoch: 37
2025-11-29 01:42:41,261 INFO Final training 37/150, loss: 14.8686, time 1163.11s, lr: 0.000000
Accuracy: 0.337
class                  precision    recall   specificity      f1   support
--------------------------------------------------------------------------
0                          0.506     0.489         0.547   0.497       280
1                          0.058     0.333         0.701   0.099        30
2                          0.356     0.177         0.726   0.236       266
*----------------------------------------*
2025-11-29 01:42:41,261 INFO 0 Sat Nov 29 01:42:41 2025 Epoch: 38
2025-11-29 02:01:37,352 INFO Final training 38/150, loss: 14.8886, time 1136.09s, lr: 0.000000
Accuracy: 0.339
class                  precision    recall   specificity      f1   support
--------------------------------------------------------------------------
0                          0.500     0.491         0.532   0.496       281
1                          0.039     0.233         0.685   0.067        30
2                          0.413     0.189         0.772   0.259       265
*----------------------------------------*
2025-11-29 02:06:02,247 INFO Final validation 38/150, Val_acc: 0.3192, time 264.89sAccuracy: 0.382
class                  precision    recall   specificity      f1   support
--------------------------------------------------------------------------
0                          0.479     0.486         0.500   0.482        70
1                          0.111     0.500         0.765   0.182         8
2                          0.459     0.258         0.744   0.330        66
*========================================*
2025-11-29 02:06:07,188 INFO 0 Sat Nov 29 02:06:07 2025 Epoch: 39
2025-11-29 02:25:22,030 INFO Final training 39/150, loss: 14.7730, time 1154.84s, lr: 0.000000
Accuracy: 0.314
class                  precision    recall   specificity      f1   support
--------------------------------------------------------------------------
0                          0.455     0.431         0.508   0.442       281
1                          0.041     0.233         0.698   0.069        30
2                          0.384     0.200         0.727   0.263       265
*----------------------------------------*
2025-11-29 02:25:22,031 INFO 0 Sat Nov 29 02:25:22 2025 Epoch: 40
2025-11-29 02:44:56,859 INFO Final training 40/150, loss: 14.1327, time 1174.83s, lr: 0.000000
Accuracy: 0.321
class                  precision    recall   specificity      f1   support
--------------------------------------------------------------------------
0                          0.479     0.457         0.530   0.468       280
1                          0.029     0.167         0.696   0.050        30
2                          0.377     0.195         0.723   0.257       266
*----------------------------------------*
2025-11-29 02:49:20,774 INFO Final validation 40/150, Val_acc: 0.3192, time 263.92sAccuracy: 0.382
class                  precision    recall   specificity      f1   support
--------------------------------------------------------------------------
0                          0.479     0.486         0.500   0.482        70
1                          0.111     0.500         0.765   0.182         8
2                          0.459     0.258         0.744   0.330        66
*========================================*
2025-11-29 02:49:25,673 INFO 0 Sat Nov 29 02:49:25 2025 Epoch: 41
2025-11-29 03:08:32,498 INFO Final training 41/150, loss: 15.2850, time 1146.83s, lr: 0.000000
Accuracy: 0.293
class                  precision    recall   specificity      f1   support
--------------------------------------------------------------------------
0                          0.459     0.459         0.485   0.459       281
1                          0.012     0.067         0.692   0.020        30
2                          0.304     0.143         0.720   0.195       265
*----------------------------------------*
2025-11-29 03:08:32,942 INFO 0 Sat Nov 29 03:08:32 2025 Epoch: 42
2025-11-29 03:27:29,230 INFO Final training 42/150, loss: 14.4185, time 1136.29s, lr: 0.000000
Accuracy: 0.352
class                  precision    recall   specificity      f1   support
--------------------------------------------------------------------------
0                          0.517     0.539         0.524   0.528       280
1                          0.036     0.200         0.703   0.061        30
2                          0.397     0.173         0.774   0.241       266
*----------------------------------------*
2025-11-29 03:31:53,301 INFO Final validation 42/150, Val_acc: 0.3192, time 264.07sAccuracy: 0.382
class                  precision    recall   specificity      f1   support
--------------------------------------------------------------------------
0                          0.479     0.486         0.500   0.482        70
1                          0.111     0.500         0.765   0.182         8
2                          0.459     0.258         0.744   0.330        66
*========================================*
2025-11-29 03:31:58,181 INFO 0 Sat Nov 29 03:31:58 2025 Epoch: 43
2025-11-29 03:51:16,179 INFO Final training 43/150, loss: 15.1270, time 1158.00s, lr: 0.000000
Accuracy: 0.344
class                  precision    recall   specificity      f1   support
--------------------------------------------------------------------------
0                          0.478     0.493         0.490   0.485       280
1                          0.044     0.233         0.722   0.074        30
2                          0.414     0.199         0.758   0.269       266
*----------------------------------------*
2025-11-29 03:51:16,179 INFO 0 Sat Nov 29 03:51:16 2025 Epoch: 44
2025-11-29 04:10:12,833 INFO Final training 44/150, loss: 15.6683, time 1136.65s, lr: 0.000000
Accuracy: 0.326
class                  precision    recall   specificity      f1   support
--------------------------------------------------------------------------
0                          0.476     0.429         0.554   0.451       280
1                          0.027     0.167         0.676   0.047        30
2                          0.444     0.237         0.745   0.309       266
*----------------------------------------*
2025-11-29 04:14:37,108 INFO Final validation 44/150, Val_acc: 0.3192, time 264.27sAccuracy: 0.382
class                  precision    recall   specificity      f1   support
--------------------------------------------------------------------------
0                          0.479     0.486         0.500   0.482        70
1                          0.111     0.500         0.765   0.182         8
2                          0.459     0.258         0.744   0.330        66
*========================================*
2025-11-29 04:14:41,993 INFO 0 Sat Nov 29 04:14:41 2025 Epoch: 45
2025-11-29 04:33:50,164 INFO Final training 45/150, loss: 13.4154, time 1148.17s, lr: 0.000000
Accuracy: 0.342
class                  precision    recall   specificity      f1   support
--------------------------------------------------------------------------
0                          0.484     0.480         0.512   0.482       281
1                          0.060     0.333         0.712   0.102        30
2                          0.400     0.196         0.749   0.263       265
*----------------------------------------*
2025-11-29 04:33:50,164 INFO 0 Sat Nov 29 04:33:50 2025 Epoch: 46
2025-11-29 04:53:13,326 INFO Final training 46/150, loss: 14.5690, time 1163.16s, lr: 0.000000
Accuracy: 0.349
class                  precision    recall   specificity      f1   support
--------------------------------------------------------------------------
0                          0.505     0.514         0.524   0.510       280
1                          0.035     0.200         0.700   0.060        30
2                          0.421     0.192         0.774   0.264       266
*----------------------------------------*
2025-11-29 04:57:38,006 INFO Final validation 46/150, Val_acc: 0.3192, time 264.68sAccuracy: 0.382
class                  precision    recall   specificity      f1   support
--------------------------------------------------------------------------
0                          0.479     0.486         0.500   0.482        70
1                          0.111     0.500         0.765   0.182         8
2                          0.459     0.258         0.744   0.330        66
*========================================*
2025-11-29 04:57:42,854 INFO 0 Sat Nov 29 04:57:42 2025 Epoch: 47
2025-11-29 05:17:02,346 INFO Final training 47/150, loss: 14.7489, time 1159.49s, lr: 0.000000
Accuracy: 0.323
class                  precision    recall   specificity      f1   support
--------------------------------------------------------------------------
0                          0.467     0.456         0.505   0.461       281
1                          0.037     0.200         0.712   0.062        30
2                          0.374     0.196         0.720   0.257       265
*----------------------------------------*
2025-11-29 05:17:02,347 INFO 0 Sat Nov 29 05:17:02 2025 Epoch: 48
2025-11-29 05:35:56,851 INFO Final training 48/150, loss: 14.2741, time 1134.50s, lr: 0.000000
Accuracy: 0.325
class                  precision    recall   specificity      f1   support
--------------------------------------------------------------------------
0                          0.476     0.463         0.515   0.469       281
1                          0.042     0.233         0.707   0.071        30
2                          0.368     0.189         0.723   0.249       265
*----------------------------------------*
2025-11-29 05:40:21,137 INFO Final validation 48/150, Val_acc: 0.3192, time 264.29sAccuracy: 0.382
class                  precision    recall   specificity      f1   support
--------------------------------------------------------------------------
0                          0.479     0.486         0.500   0.482        70
1                          0.111     0.500         0.765   0.182         8
2                          0.459     0.258         0.744   0.330        66
*========================================*
2025-11-29 05:40:26,167 INFO 0 Sat Nov 29 05:40:26 2025 Epoch: 49
2025-11-29 05:59:14,624 INFO Final training 49/150, loss: 14.9440, time 1128.46s, lr: 0.000000
Accuracy: 0.332
class                  precision    recall   specificity      f1   support
--------------------------------------------------------------------------
0                          0.500     0.493         0.534   0.496       280
1                          0.030     0.167         0.703   0.051        30
2                          0.361     0.180         0.726   0.241       266
*----------------------------------------*
2025-11-29 05:59:14,624 INFO 0 Sat Nov 29 05:59:14 2025 Epoch: 50
2025-11-29 06:18:09,202 INFO Final training 50/150, loss: 15.0212, time 1134.58s, lr: 0.000000
Accuracy: 0.316
class                  precision    recall   specificity      f1   support
--------------------------------------------------------------------------
0                          0.481     0.457         0.534   0.469       280
1                          0.063     0.367         0.700   0.107        30
2                          0.319     0.162         0.703   0.214       266
*----------------------------------------*
2025-11-29 06:22:33,341 INFO Final validation 50/150, Val_acc: 0.3192, time 264.14sAccuracy: 0.382
class                  precision    recall   specificity      f1   support
--------------------------------------------------------------------------
0                          0.479     0.486         0.500   0.482        70
1                          0.111     0.500         0.765   0.182         8
2                          0.459     0.258         0.744   0.330        66
*========================================*
2025-11-29 06:22:38,248 INFO 0 Sat Nov 29 06:22:38 2025 Epoch: 51
2025-11-29 06:41:44,003 INFO Final training 51/150, loss: 13.9605, time 1145.76s, lr: 0.000000
Accuracy: 0.332
class                  precision    recall   specificity      f1   support
--------------------------------------------------------------------------
0                          0.486     0.488         0.508   0.487       281
1                          0.041     0.233         0.703   0.070        30
2                          0.376     0.177         0.749   0.241       265
*----------------------------------------*
2025-11-29 06:41:44,519 INFO 0 Sat Nov 29 06:41:44 2025 Epoch: 52
2025-11-29 07:01:23,068 INFO Final training 52/150, loss: 15.0698, time 1178.55s, lr: 0.000000
Accuracy: 0.306
class                  precision    recall   specificity      f1   support
--------------------------------------------------------------------------
0                          0.470     0.445         0.522   0.457       281
1                          0.034     0.200         0.683   0.057        30
2                          0.344     0.170         0.723   0.227       265
*----------------------------------------*
2025-11-29 07:05:46,959 INFO Final validation 52/150, Val_acc: 0.3192, time 263.89sAccuracy: 0.382
class                  precision    recall   specificity      f1   support
--------------------------------------------------------------------------
0                          0.479     0.486         0.500   0.482        70
1                          0.111     0.500         0.765   0.182         8
2                          0.459     0.258         0.744   0.330        66
*========================================*
2025-11-29 07:05:51,711 INFO 0 Sat Nov 29 07:05:51 2025 Epoch: 53
2025-11-29 07:25:00,484 INFO Final training 53/150, loss: 14.2510, time 1148.77s, lr: 0.000000
Accuracy: 0.337
class                  precision    recall   specificity      f1   support
--------------------------------------------------------------------------
0                          0.474     0.457         0.520   0.465       280
1                          0.048     0.267         0.709   0.081        30
2                          0.417     0.218         0.739   0.286       266
*----------------------------------------*
2025-11-29 07:25:00,484 INFO 0 Sat Nov 29 07:25:00 2025 Epoch: 54
2025-11-29 07:44:24,554 INFO Final training 54/150, loss: 14.4581, time 1164.07s, lr: 0.000000
Accuracy: 0.306
class                  precision    recall   specificity      f1   support
--------------------------------------------------------------------------
0                          0.456     0.457         0.483   0.456       280
1                          0.035     0.200         0.694   0.059        30
2                          0.344     0.158         0.742   0.216       266
*----------------------------------------*
2025-11-29 07:48:48,700 INFO Final validation 54/150, Val_acc: 0.3192, time 264.15sAccuracy: 0.382
class                  precision    recall   specificity      f1   support
--------------------------------------------------------------------------
0                          0.479     0.486         0.500   0.482        70
1                          0.111     0.500         0.765   0.182         8
2                          0.459     0.258         0.744   0.330        66
*========================================*
2025-11-29 07:48:53,727 INFO 0 Sat Nov 29 07:48:53 2025 Epoch: 55
2025-11-29 08:08:14,311 INFO Final training 55/150, loss: 14.2232, time 1160.58s, lr: 0.000000
Accuracy: 0.333
class                  precision    recall   specificity      f1   support
--------------------------------------------------------------------------
0                          0.463     0.473         0.478   0.468       281
1                          0.039     0.200         0.731   0.066        30
2                          0.390     0.200         0.733   0.264       265
*----------------------------------------*
2025-11-29 08:08:14,312 INFO 0 Sat Nov 29 08:08:14 2025 Epoch: 56
2025-11-29 08:27:25,363 INFO Final training 56/150, loss: 14.4640, time 1151.05s, lr: 0.000000
Accuracy: 0.351
class                  precision    recall   specificity      f1   support
--------------------------------------------------------------------------
0                          0.514     0.505         0.546   0.510       281
1                          0.054     0.333         0.681   0.093        30
2                          0.431     0.189         0.788   0.262       265
*----------------------------------------*
2025-11-29 08:31:49,232 INFO Final validation 56/150, Val_acc: 0.3192, time 263.87sAccuracy: 0.382
class                  precision    recall   specificity      f1   support
--------------------------------------------------------------------------
0                          0.479     0.486         0.500   0.482        70
1                          0.111     0.500         0.765   0.182         8
2                          0.459     0.258         0.744   0.330        66
*========================================*
2025-11-29 08:31:54,168 INFO 0 Sat Nov 29 08:31:54 2025 Epoch: 57
2025-11-29 08:51:25,811 INFO Final training 57/150, loss: 14.2293, time 1171.64s, lr: 0.000000
Accuracy: 0.337
class                  precision    recall   specificity      f1   support
--------------------------------------------------------------------------
0                          0.481     0.489         0.500   0.485       280
1                          0.019     0.100         0.711   0.031        30
2                          0.415     0.203         0.755   0.273       266
*----------------------------------------*
2025-11-29 08:51:25,812 INFO 0 Sat Nov 29 08:51:25 2025 Epoch: 58
2025-11-29 09:10:39,582 INFO Final training 58/150, loss: 14.4867, time 1153.77s, lr: 0.000000
Accuracy: 0.328
class                  precision    recall   specificity      f1   support
--------------------------------------------------------------------------
0                          0.487     0.477         0.522   0.482       281
1                          0.056     0.333         0.689   0.095        30
2                          0.372     0.170         0.756   0.233       265
*----------------------------------------*
2025-11-29 09:15:03,904 INFO Final validation 58/150, Val_acc: 0.3192, time 264.32sAccuracy: 0.382
class                  precision    recall   specificity      f1   support
--------------------------------------------------------------------------
0                          0.479     0.486         0.500   0.482        70
1                          0.111     0.500         0.765   0.182         8
2                          0.459     0.258         0.744   0.330        66
*========================================*
2025-11-29 09:15:08,828 INFO 0 Sat Nov 29 09:15:08 2025 Epoch: 59
2025-11-29 09:34:19,277 INFO Final training 59/150, loss: 14.9006, time 1150.45s, lr: 0.000000
Accuracy: 0.323
class                  precision    recall   specificity      f1   support
--------------------------------------------------------------------------
0                          0.496     0.459         0.556   0.477       281
1                          0.028     0.167         0.681   0.048        30
2                          0.380     0.196         0.727   0.259       265
*----------------------------------------*
2025-11-29 09:34:19,278 INFO 0 Sat Nov 29 09:34:19 2025 Epoch: 60
2025-11-29 09:53:35,672 INFO Final training 60/150, loss: 14.2311, time 1156.39s, lr: 0.000000
Accuracy: 0.335
class                  precision    recall   specificity      f1   support
--------------------------------------------------------------------------
0                          0.448     0.450         0.476   0.449       280
1                          0.041     0.233         0.701   0.070        30
2                          0.480     0.226         0.790   0.307       266
*----------------------------------------*
2025-11-29 09:57:59,669 INFO Final validation 60/150, Val_acc: 0.3192, time 264.00sAccuracy: 0.382
class                  precision    recall   specificity      f1   support
--------------------------------------------------------------------------
0                          0.479     0.486         0.500   0.482        70
1                          0.111     0.500         0.765   0.182         8
2                          0.459     0.258         0.744   0.330        66
*========================================*
2025-11-29 09:58:04,567 INFO 0 Sat Nov 29 09:58:04 2025 Epoch: 61
2025-11-29 10:17:27,613 INFO Final training 61/150, loss: 15.7452, time 1163.05s, lr: 0.000000
Accuracy: 0.312
class                  precision    recall   specificity      f1   support
--------------------------------------------------------------------------
0                          0.463     0.448         0.505   0.456       281
1                          0.041     0.233         0.698   0.069        30
2                          0.356     0.177         0.727   0.237       265
*----------------------------------------*
2025-11-29 10:17:28,130 INFO 0 Sat Nov 29 10:17:28 2025 Epoch: 62
2025-11-29 10:36:50,600 INFO Final training 62/150, loss: 15.1019, time 1162.47s, lr: 0.000000
Accuracy: 0.333
class                  precision    recall   specificity      f1   support
--------------------------------------------------------------------------
0                          0.489     0.468         0.537   0.478       280
1                          0.051     0.300         0.694   0.087        30
2                          0.394     0.195         0.742   0.261       266
*----------------------------------------*
2025-11-29 10:41:14,511 INFO Final validation 62/150, Val_acc: 0.3192, time 263.91sAccuracy: 0.382
class                  precision    recall   specificity      f1   support
--------------------------------------------------------------------------
0                          0.479     0.486         0.500   0.482        70
1                          0.111     0.500         0.765   0.182         8
2                          0.459     0.258         0.744   0.330        66
*========================================*
2025-11-29 10:41:19,364 INFO [EarlyStopping] Stopping training for val accuracy at epoch 62
2025-11-29 10:41:19,739 INFO Training Finished! Best Accuracy: 0.3192
2025-11-29 10:41:19,739 INFO ====================================================================================================
2025-11-29 10:41:19,739 INFO 
2025-11-29 10:41:29,397 INFO => loading checkpoint 'outputs/OrganoidsINRIA/swinunetr+noah/2025-11-28-12-24/training/best_model.pt'
2025-11-29 10:41:29,500 INFO Loaded 132 keys from checkpoint
2025-11-29 10:44:20,623 INFO Final testing , Test_acc: 0.1687, time 171.07sAccuracy: 0.390
class                  precision    recall   specificity      f1   support
--------------------------------------------------------------------------
0                          0.553     0.525         0.595   0.538        40
1                          0.077     0.400         0.688   0.129         5
2                          0.500     0.243         0.800   0.327        37
*========================================*
2025-11-29 10:44:21,017 INFO Testing Finished! Best Accuracy: 0.1687
2025-11-29 10:44:21,018 INFO ====================================================================================================
2025-11-29 10:44:23,807 INFO Total time spent: 22 hours 19 minutes 32 seconds
2025-11-29 10:44:23,807 INFO 
2025-11-29 10:44:23,807 INFO Final Results Summary:
2025-11-29 10:44:23,807 INFO | TrainLoss | TrainAcc | ValAccMax | W_TrainF1 | W_TrainPrecision | W_TrainRecall | W_TrainSpecificity | TestAcc | W_TestF1 | W_TestPrecision | W_TestRecall | W_TestSpecificity |
2025-11-29 10:44:23,807 INFO | 15.1019 | 0.2719 | 0.3819 | 0.3958 | 0.4495 | 0.3819 | 0.6264 | 0.3902 | 0.4182 | 0.4999 | 0.3902 | 0.6933 |
