2025-12-03 15:51:03,515 INFO Log directory: outputs/OrganoidsINRIA_reduced/swinvit/2025-12-03-15-51
2025-12-03 15:51:03,517 INFO {'RandFlipd_prob': 0.2,
 'RandRotate90d_prob': 0.2,
 'RandScaleIntensityd_prob': 0.1,
 'RandShiftIntensityd_prob': 0.1,
 'amp': True,
 'augmentation': True,
 'batch_size': 1,
 'cache_dataset': False,
 'checkpoint_path': None,
 'data_dir': '/home/mraffael/martone_project/Organoids_Dataset_256/',
 'dataset_name': 'OrganoidsINRIA_reduced',
 'debug': False,
 'debug_train_samples': 40,
 'debug_val_samples': 10,
 'dist_backend': 'nccl',
 'dist_url': 'tcp://127.0.0.1:23456',
 'distributed': False,
 'dropout_path_rate': 0.0,
 'dropout_rate': 0.0,
 'early_stopping': True,
 'encoder10_pth': '',
 'exact_class': False,
 'feature_size': 48,
 'fold': 0,
 'folds': False,
 'gpu': 0,
 'ignore_label': 3,
 'in_channels': 1,
 'infer_overlap': 0.5,
 'k_folds': 5,
 'logdir': 'test',
 'logs_dir': 'logs/',
 'loss_name': 'CE',
 'lrschedule': 'warmup_cosine',
 'max_epochs': 300,
 'min_delta_loss': 0.001,
 'min_delta_val': 0.01,
 'model_name': 'swinvit',
 'momentum': 0.99,
 'noamp': False,
 'norm_name': 'instance',
 'oar_id': 2137542,
 'optim_lr': 0.005,
 'optim_name': 'adamw',
 'out_channels': 1,
 'output_dir': 'outputs/',
 'patch_merging': False,
 'patience_loss': 40,
 'patience_val': 40,
 'pretrained_dir': None,
 'pretrained_model_name': None,
 'rank': 0,
 'reg_weight': 5e-05,
 'restart_T0': 20,
 'resume_ckpt': False,
 'roi_x': 128,
 'roi_y': 128,
 'roi_z': 128,
 'save_checkpoint': True,
 'seed': 3,
 'similarity_loss': '',
 'similarity_loss_weight': 0.0,
 'spatial_dims': 3,
 'split_method': 'stratified',
 'start_epoch': 0,
 'sw_batch_size': 2,
 'telegram_log': True,
 'test_mode': False,
 'token': './token/tlg_token.txt',
 'use_checkpoint': False,
 'val_every': 2,
 'warmup_epochs': 5,
 'workers': 8,
 'world_size': 1}
2025-12-03 15:51:03,517 INFO 
2025-12-03 15:51:03,521 INFO Saved configuration to: outputs/OrganoidsINRIA_reduced/swinvit/2025-12-03-15-51/config.txt
2025-12-03 15:51:04,198 INFO Using GPU: 0
2025-12-03 15:51:04,198 INFO 
2025-12-03 15:51:04,198 INFO Model INFO:
2025-12-03 15:51:04,198 INFO Model architecture: swinvit
2025-12-03 15:51:04,629 WARNING Warning: pretrained model not found at 'None'
2025-12-03 15:51:04,629 INFO Using SwinViT with Single Linear Classification Head
2025-12-03 15:51:04,631 INFO Total trainable parameters: 8,064,309
2025-12-03 15:51:04,648 INFO 
2025-12-03 15:51:04,648 INFO Optimizer INFO:
2025-12-03 15:51:04,648 INFO Using optimizer: adamw with lr=0.005, weight_decay=5e-05
2025-12-03 15:51:04,648 INFO 
2025-12-03 15:51:04,648 INFO Dataset INFO:
2025-12-03 15:51:04,680 INFO Dataset length: 721
2025-12-03 15:51:04,680 INFO Class distribution in entire dataset:
2025-12-03 15:51:04,680 INFO   Class 0: 351
2025-12-03 15:51:04,680 INFO   Class 1: 38
2025-12-03 15:51:04,680 INFO   Class 2: 332
2025-12-03 15:51:04,680 INFO 
Using split method: stratified
2025-12-03 15:51:04,689 INFO 
Train set balance:
2025-12-03 15:51:04,690 INFO 
Val set balance:
2025-12-03 15:51:04,690 INFO Training set length: 577
2025-12-03 15:51:04,690 INFO Validation set length: 144
2025-12-03 15:51:04,690 INFO 
Using standard shuffle for training
2025-12-03 15:51:04,690 INFO Training loader: 577 batches
2025-12-03 15:51:04,690 INFO Validation loader: 144 batches
2025-12-03 15:51:04,690 INFO 
Class distribution in training set:
2025-12-03 15:51:04,690 INFO   Class 0: 281 (48.7%)
2025-12-03 15:51:04,690 INFO   Class 1: 30 (5.2%)
2025-12-03 15:51:04,690 INFO   Class 2: 266 (46.1%)
2025-12-03 15:51:04,690 INFO Class distribution in validation set:
2025-12-03 15:51:04,690 INFO   Class 0: 70 (48.6%)
2025-12-03 15:51:04,690 INFO   Class 1: 8 (5.6%)
2025-12-03 15:51:04,690 INFO   Class 2: 66 (45.8%)
2025-12-03 15:51:04,690 INFO **************************************************
2025-12-03 15:51:04,838 INFO Class weights: [ 6.845  64.111  7.231]
2025-12-03 15:51:04,838 INFO 
2025-12-03 15:51:04,838 INFO Test Dataset INFO:
2025-12-03 15:51:04,845 INFO Test Dataset length: 82
2025-12-03 15:51:04,845 INFO Class distribution in test dataset:
2025-12-03 15:51:04,845 INFO   Class 0: 40
2025-12-03 15:51:04,845 INFO   Class 1: 5
2025-12-03 15:51:04,845 INFO   Class 2: 37
2025-12-03 15:51:04,845 INFO Test loader: 82 batches
2025-12-03 15:51:04,845 INFO **************************************************
2025-12-03 15:51:04,845 INFO 
2025-12-03 15:51:04,845 INFO Using loss function: CE
2025-12-03 15:51:04,848 INFO **************************************************
2025-12-03 15:51:04,848 INFO Starting training...
2025-12-03 15:51:04,850 INFO 0 Wed Dec  3 15:51:04 2025 Epoch: 1
2025-12-03 16:01:36,790 INFO Final training 1/300, loss: 1.0091, time 631.94s, lr: 0.000000
Accuracy: 0.487
class                  precision    recall   specificity      f1   support
--------------------------------------------------------------------------
0                          0.487     1.000         0.000   0.655       281
1                          0.000     0.000         1.000   0.000        30
2                          0.000     0.000         1.000   0.000       266
*----------------------------------------*
2025-12-03 16:01:37,330 INFO 0 Wed Dec  3 16:01:37 2025 Epoch: 2
2025-12-03 16:12:00,581 INFO Final training 2/300, loss: 1.1882, time 623.25s, lr: 0.001250
Accuracy: 0.426
class                  precision    recall   specificity      f1   support
--------------------------------------------------------------------------
0                          0.444     0.448         0.466   0.446       281
1                          0.083     0.033         0.980   0.048        30
2                          0.423     0.447         0.479   0.435       266
*----------------------------------------*
2025-12-03 16:13:29,544 INFO Final validation 2/300, Val_acc: 0.4583, time 88.96sAccuracy: 0.458
class                  precision    recall   specificity      f1   support
--------------------------------------------------------------------------
0                          0.000     0.000         1.000   0.000        70
1                          0.000     0.000         1.000   0.000         8
2                          0.458     1.000         0.000   0.629        66
*========================================*
2025-12-03 16:13:29,545 INFO New best (0.000000 --> 0.458333)
2025-12-03 16:13:32,587 INFO Copying best model to best_model.pt
2025-12-03 16:13:33,549 INFO 0 Wed Dec  3 16:13:33 2025 Epoch: 3
2025-12-03 16:23:56,760 INFO Final training 3/300, loss: 0.9481, time 623.21s, lr: 0.002500
Accuracy: 0.459
class                  precision    recall   specificity      f1   support
--------------------------------------------------------------------------
0                          0.476     0.520         0.456   0.497       281
1                          0.000     0.000         1.000   0.000        30
2                          0.441     0.447         0.514   0.444       266
*----------------------------------------*
2025-12-03 16:23:56,760 INFO 0 Wed Dec  3 16:23:56 2025 Epoch: 4
2025-12-03 16:34:20,036 INFO Final training 4/300, loss: 0.9312, time 623.28s, lr: 0.003750
Accuracy: 0.485
class                  precision    recall   specificity      f1   support
--------------------------------------------------------------------------
0                          0.497     0.527         0.493   0.511       281
1                          0.000     0.000         1.000   0.000        30
2                          0.473     0.496         0.527   0.484       266
*----------------------------------------*
2025-12-03 16:35:27,728 INFO Final validation 4/300, Val_acc: 0.4861, time 67.69sAccuracy: 0.486
class                  precision    recall   specificity      f1   support
--------------------------------------------------------------------------
0                          0.486     1.000         0.000   0.654        70
1                          0.000     0.000         1.000   0.000         8
2                          0.000     0.000         1.000   0.000        66
*========================================*
2025-12-03 16:35:27,728 INFO New best (0.458333 --> 0.486111)
2025-12-03 16:35:30,649 INFO Copying best model to best_model.pt
2025-12-03 16:35:31,654 INFO 0 Wed Dec  3 16:35:31 2025 Epoch: 5
2025-12-03 16:45:54,817 INFO Final training 5/300, loss: 0.9279, time 623.16s, lr: 0.005000
Accuracy: 0.473
class                  precision    recall   specificity      f1   support
--------------------------------------------------------------------------
0                          0.483     0.516         0.476   0.499       281
1                          0.000     0.000         1.000   0.000        30
2                          0.462     0.481         0.521   0.471       266
*----------------------------------------*
2025-12-03 16:45:54,818 INFO 0 Wed Dec  3 16:45:54 2025 Epoch: 6
2025-12-03 16:56:18,077 INFO Final training 6/300, loss: 0.9314, time 623.26s, lr: 0.005000
Accuracy: 0.504
class                  precision    recall   specificity      f1   support
--------------------------------------------------------------------------
0                          0.514     0.594         0.466   0.551       281
1                          0.000     0.000         1.000   0.000        30
2                          0.492     0.466         0.588   0.479       266
*----------------------------------------*
2025-12-03 16:57:25,480 INFO Final validation 6/300, Val_acc: 0.4861, time 67.40sAccuracy: 0.486
class                  precision    recall   specificity      f1   support
--------------------------------------------------------------------------
0                          0.486     1.000         0.000   0.654        70
1                          0.000     0.000         1.000   0.000         8
2                          0.000     0.000         1.000   0.000        66
*========================================*
2025-12-03 16:57:27,071 INFO 0 Wed Dec  3 16:57:27 2025 Epoch: 7
2025-12-03 17:07:50,335 INFO Final training 7/300, loss: 0.9338, time 623.26s, lr: 0.005000
Accuracy: 0.445
class                  precision    recall   specificity      f1   support
--------------------------------------------------------------------------
0                          0.464     0.484         0.470   0.474       281
1                          0.000     0.000         1.000   0.000        30
2                          0.426     0.455         0.476   0.440       266
*----------------------------------------*
2025-12-03 17:07:50,336 INFO 0 Wed Dec  3 17:07:50 2025 Epoch: 8
2025-12-03 17:18:13,567 INFO Final training 8/300, loss: 0.9193, time 623.23s, lr: 0.004999
Accuracy: 0.497
class                  precision    recall   specificity      f1   support
--------------------------------------------------------------------------
0                          0.509     0.491         0.551   0.500       281
1                          0.000     0.000         1.000   0.000        30
2                          0.487     0.560         0.495   0.521       266
*----------------------------------------*
2025-12-03 17:19:21,061 INFO Final validation 8/300, Val_acc: 0.4583, time 67.49sAccuracy: 0.458
class                  precision    recall   specificity      f1   support
--------------------------------------------------------------------------
0                          0.000     0.000         1.000   0.000        70
1                          0.000     0.000         1.000   0.000         8
2                          0.458     1.000         0.000   0.629        66
*========================================*
2025-12-03 17:19:22,564 INFO 0 Wed Dec  3 17:19:22 2025 Epoch: 9
2025-12-03 17:29:45,817 INFO Final training 9/300, loss: 0.9415, time 623.25s, lr: 0.004999
Accuracy: 0.466
class                  precision    recall   specificity      f1   support
--------------------------------------------------------------------------
0                          0.479     0.530         0.453   0.503       281
1                          0.000     0.000         1.000   0.000        30
2                          0.451     0.451         0.531   0.451       266
*----------------------------------------*
2025-12-03 17:29:45,818 INFO 0 Wed Dec  3 17:29:45 2025 Epoch: 10
2025-12-03 17:40:09,066 INFO Final training 10/300, loss: 0.9096, time 623.25s, lr: 0.004998
Accuracy: 0.492
class                  precision    recall   specificity      f1   support
--------------------------------------------------------------------------
0                          0.497     0.569         0.453   0.531       281
1                          0.000     0.000         1.000   0.000        30
2                          0.486     0.466         0.579   0.476       266
*----------------------------------------*
2025-12-03 17:41:16,755 INFO Final validation 10/300, Val_acc: 0.4861, time 67.69sAccuracy: 0.486
class                  precision    recall   specificity      f1   support
--------------------------------------------------------------------------
0                          0.486     1.000         0.000   0.654        70
1                          0.000     0.000         1.000   0.000         8
2                          0.000     0.000         1.000   0.000        66
*========================================*
2025-12-03 17:41:18,426 INFO 0 Wed Dec  3 17:41:18 2025 Epoch: 11
2025-12-03 17:51:41,636 INFO Final training 11/300, loss: 0.9124, time 623.21s, lr: 0.004996
Accuracy: 0.506
class                  precision    recall   specificity      f1   support
--------------------------------------------------------------------------
0                          0.508     0.541         0.503   0.524       281
1                          0.000     0.000         1.000   0.000        30
2                          0.504     0.526         0.556   0.515       266
*----------------------------------------*
2025-12-03 17:51:42,241 INFO 0 Wed Dec  3 17:51:42 2025 Epoch: 12
2025-12-03 18:02:05,492 INFO Final training 12/300, loss: 0.9808, time 623.25s, lr: 0.004995
Accuracy: 0.437
class                  precision    recall   specificity      f1   support
--------------------------------------------------------------------------
0                          0.460     0.527         0.412   0.491       281
1                          0.000     0.000         1.000   0.000        30
2                          0.408     0.391         0.514   0.399       266
*----------------------------------------*
2025-12-03 18:03:13,021 INFO Final validation 12/300, Val_acc: 0.4861, time 67.53sAccuracy: 0.486
class                  precision    recall   specificity      f1   support
--------------------------------------------------------------------------
0                          0.486     1.000         0.000   0.654        70
1                          0.000     0.000         1.000   0.000         8
2                          0.000     0.000         1.000   0.000        66
*========================================*
2025-12-03 18:03:14,590 INFO 0 Wed Dec  3 18:03:14 2025 Epoch: 13
2025-12-03 18:13:37,818 INFO Final training 13/300, loss: 0.9554, time 623.23s, lr: 0.004993
Accuracy: 0.437
class                  precision    recall   specificity      f1   support
--------------------------------------------------------------------------
0                          0.453     0.512         0.412   0.481       281
1                          0.000     0.000         1.000   0.000        30
2                          0.417     0.406         0.514   0.411       266
*----------------------------------------*
2025-12-03 18:13:37,819 INFO 0 Wed Dec  3 18:13:37 2025 Epoch: 14
2025-12-03 18:24:01,101 INFO Final training 14/300, loss: 0.9178, time 623.28s, lr: 0.004991
Accuracy: 0.475
class                  precision    recall   specificity      f1   support
--------------------------------------------------------------------------
0                          0.483     0.512         0.480   0.497       281
1                          0.000     0.000         0.996   0.000        30
2                          0.469     0.489         0.527   0.479       266
*----------------------------------------*
2025-12-03 18:25:08,619 INFO Final validation 14/300, Val_acc: 0.4861, time 67.52sAccuracy: 0.486
class                  precision    recall   specificity      f1   support
--------------------------------------------------------------------------
0                          0.486     1.000         0.000   0.654        70
1                          0.000     0.000         1.000   0.000         8
2                          0.000     0.000         1.000   0.000        66
*========================================*
2025-12-03 18:25:10,181 INFO 0 Wed Dec  3 18:25:10 2025 Epoch: 15
2025-12-03 18:35:33,407 INFO Final training 15/300, loss: 0.9366, time 623.23s, lr: 0.004989
Accuracy: 0.440
class                  precision    recall   specificity      f1   support
--------------------------------------------------------------------------
0                          0.459     0.537         0.399   0.495       281
1                          0.000     0.000         1.000   0.000        30
2                          0.415     0.387         0.534   0.401       266
*----------------------------------------*
2025-12-03 18:35:33,408 INFO 0 Wed Dec  3 18:35:33 2025 Epoch: 16
2025-12-03 18:45:56,651 INFO Final training 16/300, loss: 0.9631, time 623.24s, lr: 0.004986
Accuracy: 0.473
class                  precision    recall   specificity      f1   support
--------------------------------------------------------------------------
0                          0.484     0.498         0.497   0.491       281
1                          0.000     0.000         1.000   0.000        30
2                          0.462     0.500         0.502   0.480       266
*----------------------------------------*
2025-12-03 18:47:04,173 INFO Final validation 16/300, Val_acc: 0.4583, time 67.52sAccuracy: 0.458
class                  precision    recall   specificity      f1   support
--------------------------------------------------------------------------
0                          0.000     0.000         1.000   0.000        70
1                          0.000     0.000         1.000   0.000         8
2                          0.458     1.000         0.000   0.629        66
*========================================*
2025-12-03 18:47:06,444 INFO 0 Wed Dec  3 18:47:06 2025 Epoch: 17
2025-12-03 18:57:29,636 INFO Final training 17/300, loss: 0.9721, time 623.19s, lr: 0.004983
Accuracy: 0.470
class                  precision    recall   specificity      f1   support
--------------------------------------------------------------------------
0                          0.476     0.523         0.453   0.498       281
1                          0.200     0.033         0.993   0.057        30
2                          0.468     0.462         0.550   0.465       266
*----------------------------------------*
2025-12-03 18:57:29,637 INFO 0 Wed Dec  3 18:57:29 2025 Epoch: 18
2025-12-03 19:07:52,823 INFO Final training 18/300, loss: 0.9501, time 623.19s, lr: 0.004980
Accuracy: 0.466
class                  precision    recall   specificity      f1   support
--------------------------------------------------------------------------
0                          0.485     0.573         0.422   0.525       281
1                          0.000     0.000         1.000   0.000        30
2                          0.441     0.406         0.559   0.423       266
*----------------------------------------*
2025-12-03 19:09:00,343 INFO Final validation 18/300, Val_acc: 0.4583, time 67.52sAccuracy: 0.458
class                  precision    recall   specificity      f1   support
--------------------------------------------------------------------------
0                          0.000     0.000         1.000   0.000        70
1                          0.000     0.000         1.000   0.000         8
2                          0.458     1.000         0.000   0.629        66
*========================================*
2025-12-03 19:09:01,864 INFO 0 Wed Dec  3 19:09:01 2025 Epoch: 19
2025-12-03 19:19:25,172 INFO Final training 19/300, loss: 0.9476, time 623.31s, lr: 0.004976
Accuracy: 0.445
class                  precision    recall   specificity      f1   support
--------------------------------------------------------------------------
0                          0.463     0.516         0.432   0.488       281
1                          0.000     0.000         1.000   0.000        30
2                          0.424     0.421         0.511   0.423       266
*----------------------------------------*
2025-12-03 19:19:25,172 INFO 0 Wed Dec  3 19:19:25 2025 Epoch: 20
2025-12-03 19:29:48,431 INFO Final training 20/300, loss: 0.9283, time 623.26s, lr: 0.004972
Accuracy: 0.496
class                  precision    recall   specificity      f1   support
--------------------------------------------------------------------------
0                          0.509     0.520         0.524   0.514       281
1                          0.000     0.000         1.000   0.000        30
2                          0.483     0.526         0.518   0.504       266
*----------------------------------------*
2025-12-03 19:30:55,716 INFO Final validation 20/300, Val_acc: 0.4861, time 67.28sAccuracy: 0.486
class                  precision    recall   specificity      f1   support
--------------------------------------------------------------------------
0                          0.486     1.000         0.000   0.654        70
1                          0.000     0.000         1.000   0.000         8
2                          0.000     0.000         1.000   0.000        66
*========================================*
2025-12-03 19:30:57,257 INFO 0 Wed Dec  3 19:30:57 2025 Epoch: 21
2025-12-03 19:41:20,501 INFO Final training 21/300, loss: 0.9367, time 623.24s, lr: 0.004968
Accuracy: 0.475
class                  precision    recall   specificity      f1   support
--------------------------------------------------------------------------
0                          0.480     0.544         0.439   0.510       281
1                          0.000     0.000         1.000   0.000        30
2                          0.469     0.455         0.559   0.462       266
*----------------------------------------*
2025-12-03 19:41:21,000 INFO 0 Wed Dec  3 19:41:20 2025 Epoch: 22
2025-12-03 19:51:44,284 INFO Final training 22/300, loss: 0.9733, time 623.28s, lr: 0.004964
Accuracy: 0.466
class                  precision    recall   specificity      f1   support
--------------------------------------------------------------------------
0                          0.485     0.512         0.483   0.498       281
1                          0.000     0.000         0.993   0.000        30
2                          0.453     0.470         0.514   0.461       266
*----------------------------------------*
2025-12-03 19:52:51,863 INFO Final validation 22/300, Val_acc: 0.4861, time 67.58sAccuracy: 0.486
class                  precision    recall   specificity      f1   support
--------------------------------------------------------------------------
0                          0.486     1.000         0.000   0.654        70
1                          0.000     0.000         1.000   0.000         8
2                          0.000     0.000         1.000   0.000        66
*========================================*
2025-12-03 19:52:53,615 INFO 0 Wed Dec  3 19:52:53 2025 Epoch: 23
2025-12-03 20:03:16,817 INFO Final training 23/300, loss: 0.9679, time 623.20s, lr: 0.004959
Accuracy: 0.480
class                  precision    recall   specificity      f1   support
--------------------------------------------------------------------------
0                          0.498     0.548         0.476   0.522       281
1                          0.000     0.000         1.000   0.000        30
2                          0.459     0.462         0.534   0.461       266
*----------------------------------------*
2025-12-03 20:03:16,818 INFO 0 Wed Dec  3 20:03:16 2025 Epoch: 24
2025-12-03 20:13:40,051 INFO Final training 24/300, loss: 0.9528, time 623.23s, lr: 0.004954
Accuracy: 0.475
class                  precision    recall   specificity      f1   support
--------------------------------------------------------------------------
0                          0.481     0.509         0.480   0.495       281
1                          0.000     0.000         1.000   0.000        30
2                          0.468     0.492         0.521   0.480       266
*----------------------------------------*
2025-12-03 20:14:47,680 INFO Final validation 24/300, Val_acc: 0.4861, time 67.63sAccuracy: 0.486
class                  precision    recall   specificity      f1   support
--------------------------------------------------------------------------
0                          0.486     1.000         0.000   0.654        70
1                          0.000     0.000         1.000   0.000         8
2                          0.000     0.000         1.000   0.000        66
*========================================*
2025-12-03 20:14:49,315 INFO 0 Wed Dec  3 20:14:49 2025 Epoch: 25
2025-12-03 20:25:12,507 INFO Final training 25/300, loss: 0.9515, time 623.19s, lr: 0.004949
Accuracy: 0.451
class                  precision    recall   specificity      f1   support
--------------------------------------------------------------------------
0                          0.460     0.470         0.476   0.465       281
1                          0.000     0.000         1.000   0.000        30
2                          0.441     0.481         0.479   0.460       266
*----------------------------------------*
2025-12-03 20:25:12,507 INFO 0 Wed Dec  3 20:25:12 2025 Epoch: 26
2025-12-03 20:35:35,685 INFO Final training 26/300, loss: 0.9470, time 623.18s, lr: 0.004944
Accuracy: 0.461
class                  precision    recall   specificity      f1   support
--------------------------------------------------------------------------
0                          0.475     0.530         0.443   0.501       281
1                          0.000     0.000         1.000   0.000        30
2                          0.445     0.440         0.531   0.442       266
*----------------------------------------*
2025-12-03 20:36:43,188 INFO Final validation 26/300, Val_acc: 0.4583, time 67.50sAccuracy: 0.458
class                  precision    recall   specificity      f1   support
--------------------------------------------------------------------------
0                          0.000     0.000         1.000   0.000        70
1                          0.000     0.000         1.000   0.000         8
2                          0.458     1.000         0.000   0.629        66
*========================================*
2025-12-03 20:36:44,727 INFO 0 Wed Dec  3 20:36:44 2025 Epoch: 27
2025-12-03 20:47:07,920 INFO Final training 27/300, loss: 0.9496, time 623.19s, lr: 0.004938
Accuracy: 0.497
class                  precision    recall   specificity      f1   support
--------------------------------------------------------------------------
0                          0.515     0.498         0.554   0.506       281
1                          0.000     0.000         1.000   0.000        30
2                          0.482     0.553         0.492   0.515       266
*----------------------------------------*
2025-12-03 20:47:07,921 INFO 0 Wed Dec  3 20:47:07 2025 Epoch: 28
2025-12-03 20:57:31,166 INFO Final training 28/300, loss: 0.9499, time 623.25s, lr: 0.004932
Accuracy: 0.464
class                  precision    recall   specificity      f1   support
--------------------------------------------------------------------------
0                          0.474     0.516         0.456   0.494       281
1                          0.000     0.000         1.000   0.000        30
2                          0.454     0.462         0.524   0.458       266
*----------------------------------------*
2025-12-03 20:58:38,828 INFO Final validation 28/300, Val_acc: 0.4583, time 67.66sAccuracy: 0.458
class                  precision    recall   specificity      f1   support
--------------------------------------------------------------------------
0                          0.000     0.000         1.000   0.000        70
1                          0.000     0.000         1.000   0.000         8
2                          0.458     1.000         0.000   0.629        66
*========================================*
2025-12-03 20:58:40,998 INFO 0 Wed Dec  3 20:58:40 2025 Epoch: 29
2025-12-03 21:09:04,252 INFO Final training 29/300, loss: 0.9341, time 623.25s, lr: 0.004925
Accuracy: 0.501
class                  precision    recall   specificity      f1   support
--------------------------------------------------------------------------
0                          0.503     0.520         0.514   0.511       281
1                          0.000     0.000         1.000   0.000        30
2                          0.498     0.538         0.537   0.517       266
*----------------------------------------*
2025-12-03 21:09:04,252 INFO 0 Wed Dec  3 21:09:04 2025 Epoch: 30
2025-12-03 21:19:27,476 INFO Final training 30/300, loss: 0.9565, time 623.22s, lr: 0.004919
Accuracy: 0.475
class                  precision    recall   specificity      f1   support
--------------------------------------------------------------------------
0                          0.489     0.548         0.456   0.517       281
1                          0.000     0.000         1.000   0.000        30
2                          0.458     0.451         0.543   0.455       266
*----------------------------------------*
2025-12-03 21:20:35,163 INFO Final validation 30/300, Val_acc: 0.4583, time 67.69sAccuracy: 0.458
class                  precision    recall   specificity      f1   support
--------------------------------------------------------------------------
0                          0.000     0.000         1.000   0.000        70
1                          0.000     0.000         1.000   0.000         8
2                          0.458     1.000         0.000   0.629        66
*========================================*
2025-12-03 21:20:36,735 INFO 0 Wed Dec  3 21:20:36 2025 Epoch: 31
2025-12-03 21:30:59,981 INFO Final training 31/300, loss: 0.9505, time 623.25s, lr: 0.004912
Accuracy: 0.489
class                  precision    recall   specificity      f1   support
--------------------------------------------------------------------------
0                          0.503     0.516         0.517   0.510       281
1                          0.000     0.000         1.000   0.000        30
2                          0.474     0.515         0.511   0.494       266
*----------------------------------------*
2025-12-03 21:31:00,599 INFO 0 Wed Dec  3 21:31:00 2025 Epoch: 32
2025-12-03 21:41:23,808 INFO Final training 32/300, loss: 0.9395, time 623.21s, lr: 0.004905
Accuracy: 0.471
class                  precision    recall   specificity      f1   support
--------------------------------------------------------------------------
0                          0.487     0.544         0.456   0.514       281
1                          0.000     0.000         1.000   0.000        30
2                          0.452     0.447         0.537   0.450       266
*----------------------------------------*
2025-12-03 21:42:31,293 INFO Final validation 32/300, Val_acc: 0.4583, time 67.48sAccuracy: 0.458
class                  precision    recall   specificity      f1   support
--------------------------------------------------------------------------
0                          0.000     0.000         1.000   0.000        70
1                          0.000     0.000         1.000   0.000         8
2                          0.458     1.000         0.000   0.629        66
*========================================*
2025-12-03 21:42:32,828 INFO 0 Wed Dec  3 21:42:32 2025 Epoch: 33
2025-12-03 21:52:56,102 INFO Final training 33/300, loss: 1.0111, time 623.27s, lr: 0.004897
Accuracy: 0.444
class                  precision    recall   specificity      f1   support
--------------------------------------------------------------------------
0                          0.457     0.555         0.375   0.502       281
1                          0.000     0.000         1.000   0.000        30
2                          0.424     0.376         0.563   0.398       266
*----------------------------------------*
2025-12-03 21:52:56,103 INFO 0 Wed Dec  3 21:52:56 2025 Epoch: 34
2025-12-03 22:03:19,367 INFO Final training 34/300, loss: 0.9732, time 623.26s, lr: 0.004890
Accuracy: 0.449
class                  precision    recall   specificity      f1   support
--------------------------------------------------------------------------
0                          0.465     0.473         0.483   0.469       281
1                          0.000     0.000         1.000   0.000        30
2                          0.433     0.474         0.469   0.452       266
*----------------------------------------*
2025-12-03 22:04:26,965 INFO Final validation 34/300, Val_acc: 0.4583, time 67.60sAccuracy: 0.458
class                  precision    recall   specificity      f1   support
--------------------------------------------------------------------------
0                          0.000     0.000         1.000   0.000        70
1                          0.000     0.000         1.000   0.000         8
2                          0.458     1.000         0.000   0.629        66
*========================================*
2025-12-03 22:04:29,001 INFO 0 Wed Dec  3 22:04:28 2025 Epoch: 35
2025-12-03 22:14:52,263 INFO Final training 35/300, loss: 0.9390, time 623.26s, lr: 0.004882
Accuracy: 0.485
class                  precision    recall   specificity      f1   support
--------------------------------------------------------------------------
0                          0.503     0.537         0.497   0.520       281
1                          0.000     0.000         1.000   0.000        30
2                          0.466     0.485         0.524   0.475       266
*----------------------------------------*
2025-12-03 22:14:52,264 INFO 0 Wed Dec  3 22:14:52 2025 Epoch: 36
2025-12-03 22:25:15,516 INFO Final training 36/300, loss: 0.9543, time 623.25s, lr: 0.004873
Accuracy: 0.496
class                  precision    recall   specificity      f1   support
--------------------------------------------------------------------------
0                          0.514     0.505         0.547   0.510       281
1                          0.000     0.000         1.000   0.000        30
2                          0.478     0.541         0.495   0.508       266
*----------------------------------------*
2025-12-03 22:26:23,182 INFO Final validation 36/300, Val_acc: 0.4583, time 67.67sAccuracy: 0.458
class                  precision    recall   specificity      f1   support
--------------------------------------------------------------------------
0                          0.000     0.000         1.000   0.000        70
1                          0.000     0.000         1.000   0.000         8
2                          0.458     1.000         0.000   0.629        66
*========================================*
2025-12-03 22:26:24,675 INFO 0 Wed Dec  3 22:26:24 2025 Epoch: 37
2025-12-03 22:36:47,928 INFO Final training 37/300, loss: 0.9351, time 623.25s, lr: 0.004865
Accuracy: 0.487
class                  precision    recall   specificity      f1   support
--------------------------------------------------------------------------
0                          0.492     0.516         0.493   0.503       281
1                          0.000     0.000         1.000   0.000        30
2                          0.482     0.511         0.531   0.496       266
*----------------------------------------*
2025-12-03 22:36:47,928 INFO 0 Wed Dec  3 22:36:47 2025 Epoch: 38
2025-12-03 22:47:11,191 INFO Final training 38/300, loss: 0.9156, time 623.26s, lr: 0.004856
Accuracy: 0.473
class                  precision    recall   specificity      f1   support
--------------------------------------------------------------------------
0                          0.488     0.516         0.486   0.502       281
1                          0.000     0.000         1.000   0.000        30
2                          0.457     0.481         0.511   0.469       266
*----------------------------------------*
2025-12-03 22:48:18,647 INFO Final validation 38/300, Val_acc: 0.4861, time 67.46sAccuracy: 0.486
class                  precision    recall   specificity      f1   support
--------------------------------------------------------------------------
0                          0.486     1.000         0.000   0.654        70
1                          0.000     0.000         1.000   0.000         8
2                          0.000     0.000         1.000   0.000        66
*========================================*
2025-12-03 22:48:20,221 INFO 0 Wed Dec  3 22:48:20 2025 Epoch: 39
2025-12-03 22:58:43,526 INFO Final training 39/300, loss: 0.9379, time 623.30s, lr: 0.004847
Accuracy: 0.452
class                  precision    recall   specificity      f1   support
--------------------------------------------------------------------------
0                          0.464     0.530         0.419   0.495       281
1                          0.000     0.000         1.000   0.000        30
2                          0.438     0.421         0.537   0.429       266
*----------------------------------------*
2025-12-03 22:58:43,526 INFO 0 Wed Dec  3 22:58:43 2025 Epoch: 40
2025-12-03 23:09:06,785 INFO Final training 40/300, loss: 0.9598, time 623.26s, lr: 0.004838
Accuracy: 0.471
class                  precision    recall   specificity      f1   support
--------------------------------------------------------------------------
0                          0.479     0.559         0.422   0.516       281
1                          0.000     0.000         0.995   0.000        30
2                          0.467     0.432         0.579   0.449       266
*----------------------------------------*
2025-12-03 23:10:14,404 INFO Final validation 40/300, Val_acc: 0.4583, time 67.62sAccuracy: 0.458
class                  precision    recall   specificity      f1   support
--------------------------------------------------------------------------
0                          0.000     0.000         1.000   0.000        70
1                          0.000     0.000         1.000   0.000         8
2                          0.458     1.000         0.000   0.629        66
*========================================*
2025-12-03 23:10:16,478 INFO 0 Wed Dec  3 23:10:16 2025 Epoch: 41
2025-12-03 23:20:39,487 INFO Final training 41/300, loss: 0.9376, time 623.01s, lr: 0.004828
Accuracy: 0.471
class                  precision    recall   specificity      f1   support
--------------------------------------------------------------------------
0                          0.487     0.544         0.456   0.514       281
1                          0.000     0.000         1.000   0.000        30
2                          0.452     0.447         0.537   0.450       266
*----------------------------------------*
2025-12-03 23:20:39,953 INFO 0 Wed Dec  3 23:20:39 2025 Epoch: 42
2025-12-03 23:31:03,233 INFO Final training 42/300, loss: 0.9322, time 623.28s, lr: 0.004819
Accuracy: 0.480
class                  precision    recall   specificity      f1   support
--------------------------------------------------------------------------
0                          0.500     0.541         0.486   0.520       281
1                          0.000     0.000         1.000   0.000        30
2                          0.458     0.470         0.524   0.464       266
*----------------------------------------*
2025-12-03 23:32:10,783 INFO Final validation 42/300, Val_acc: 0.4861, time 67.55sAccuracy: 0.486
class                  precision    recall   specificity      f1   support
--------------------------------------------------------------------------
0                          0.486     1.000         0.000   0.654        70
1                          0.000     0.000         1.000   0.000         8
2                          0.000     0.000         1.000   0.000        66
*========================================*
2025-12-03 23:32:12,264 INFO 0 Wed Dec  3 23:32:12 2025 Epoch: 43
2025-12-03 23:42:35,446 INFO Final training 43/300, loss: 0.9554, time 623.18s, lr: 0.004808
Accuracy: 0.445
class                  precision    recall   specificity      f1   support
--------------------------------------------------------------------------
0                          0.462     0.523         0.422   0.491       281
1                          0.000     0.000         1.000   0.000        30
2                          0.425     0.414         0.521   0.419       266
*----------------------------------------*
2025-12-03 23:42:35,447 INFO 0 Wed Dec  3 23:42:35 2025 Epoch: 44
2025-12-03 23:52:58,705 INFO Final training 44/300, loss: 0.9495, time 623.26s, lr: 0.004798
Accuracy: 0.477
class                  precision    recall   specificity      f1   support
--------------------------------------------------------------------------
0                          0.488     0.587         0.416   0.533       281
1                          0.000     0.000         1.000   0.000        30
2                          0.460     0.414         0.585   0.436       266
*----------------------------------------*
2025-12-03 23:54:06,328 INFO Final validation 44/300, Val_acc: 0.4861, time 67.62sAccuracy: 0.486
class                  precision    recall   specificity      f1   support
--------------------------------------------------------------------------
0                          0.486     1.000         0.000   0.654        70
1                          0.000     0.000         1.000   0.000         8
2                          0.000     0.000         1.000   0.000        66
*========================================*
2025-12-03 23:54:07,862 INFO 0 Wed Dec  3 23:54:07 2025 Epoch: 45
2025-12-04 00:04:31,132 INFO Final training 45/300, loss: 0.9348, time 623.27s, lr: 0.004787
Accuracy: 0.466
class                  precision    recall   specificity      f1   support
--------------------------------------------------------------------------
0                          0.482     0.516         0.473   0.498       281
1                          0.000     0.000         1.000   0.000        30
2                          0.449     0.466         0.511   0.458       266
*----------------------------------------*
2025-12-04 00:04:31,133 INFO 0 Thu Dec  4 00:04:31 2025 Epoch: 46
2025-12-04 00:14:54,327 INFO Final training 46/300, loss: 0.9579, time 623.19s, lr: 0.004777
Accuracy: 0.452
class                  precision    recall   specificity      f1   support
--------------------------------------------------------------------------
0                          0.466     0.534         0.419   0.498       281
1                          0.000     0.000         1.000   0.000        30
2                          0.435     0.417         0.537   0.426       266
*----------------------------------------*
2025-12-04 00:16:01,905 INFO Final validation 46/300, Val_acc: 0.4861, time 67.58sAccuracy: 0.486
class                  precision    recall   specificity      f1   support
--------------------------------------------------------------------------
0                          0.486     1.000         0.000   0.654        70
1                          0.000     0.000         1.000   0.000         8
2                          0.000     0.000         1.000   0.000        66
*========================================*
2025-12-04 00:16:04,007 INFO 0 Thu Dec  4 00:16:04 2025 Epoch: 47
2025-12-04 00:26:27,226 INFO Final training 47/300, loss: 0.9453, time 623.22s, lr: 0.004765
Accuracy: 0.487
class                  precision    recall   specificity      f1   support
--------------------------------------------------------------------------
0                          0.491     0.573         0.436   0.529       281
1                          0.000     0.000         1.000   0.000        30
2                          0.482     0.451         0.585   0.466       266
*----------------------------------------*
2025-12-04 00:26:27,226 INFO 0 Thu Dec  4 00:26:27 2025 Epoch: 48
2025-12-04 00:36:50,464 INFO Final training 48/300, loss: 0.9392, time 623.24s, lr: 0.004754
Accuracy: 0.464
class                  precision    recall   specificity      f1   support
--------------------------------------------------------------------------
0                          0.480     0.512         0.473   0.496       281
1                          0.000     0.000         0.998   0.000        30
2                          0.449     0.466         0.511   0.458       266
*----------------------------------------*
2025-12-04 00:37:57,866 INFO Final validation 48/300, Val_acc: 0.4583, time 67.40sAccuracy: 0.458
class                  precision    recall   specificity      f1   support
--------------------------------------------------------------------------
0                          0.000     0.000         1.000   0.000        70
1                          0.000     0.000         1.000   0.000         8
2                          0.458     1.000         0.000   0.629        66
*========================================*
2025-12-04 00:37:59,403 INFO 0 Thu Dec  4 00:37:59 2025 Epoch: 49
2025-12-04 00:48:22,614 INFO Final training 49/300, loss: 0.9580, time 623.21s, lr: 0.004742
Accuracy: 0.449
class                  precision    recall   specificity      f1   support
--------------------------------------------------------------------------
0                          0.459     0.498         0.443   0.478       281
1                          0.000     0.000         1.000   0.000        30
2                          0.438     0.447         0.508   0.442       266
*----------------------------------------*
2025-12-04 00:48:22,614 INFO 0 Thu Dec  4 00:48:22 2025 Epoch: 50
2025-12-04 00:58:45,970 INFO Final training 50/300, loss: 0.9826, time 623.36s, lr: 0.004731
Accuracy: 0.452
class                  precision    recall   specificity      f1   support
--------------------------------------------------------------------------
0                          0.467     0.484         0.476   0.476       281
1                          0.000     0.000         1.000   0.000        30
2                          0.437     0.470         0.482   0.453       266
*----------------------------------------*
2025-12-04 00:59:53,641 INFO Final validation 50/300, Val_acc: 0.4861, time 67.67sAccuracy: 0.486
class                  precision    recall   specificity      f1   support
--------------------------------------------------------------------------
0                          0.486     1.000         0.000   0.654        70
1                          0.000     0.000         1.000   0.000         8
2                          0.000     0.000         1.000   0.000        66
*========================================*
2025-12-04 00:59:55,177 INFO 0 Thu Dec  4 00:59:55 2025 Epoch: 51
2025-12-04 01:10:18,292 INFO Final training 51/300, loss: 0.9410, time 623.11s, lr: 0.004718
Accuracy: 0.435
class                  precision    recall   specificity      f1   support
--------------------------------------------------------------------------
0                          0.456     0.498         0.436   0.476       281
1                          0.000     0.000         1.000   0.000        30
2                          0.411     0.417         0.489   0.414       266
*----------------------------------------*
2025-12-04 01:10:18,777 INFO 0 Thu Dec  4 01:10:18 2025 Epoch: 52
2025-12-04 01:20:41,968 INFO Final training 52/300, loss: 0.9450, time 623.19s, lr: 0.004706
Accuracy: 0.487
class                  precision    recall   specificity      f1   support
--------------------------------------------------------------------------
0                          0.492     0.530         0.480   0.510       281
1                          0.000     0.000         1.000   0.000        30
2                          0.482     0.496         0.543   0.489       266
*----------------------------------------*
2025-12-04 01:21:49,537 INFO Final validation 52/300, Val_acc: 0.4583, time 67.57sAccuracy: 0.458
class                  precision    recall   specificity      f1   support
--------------------------------------------------------------------------
0                          0.000     0.000         1.000   0.000        70
1                          0.000     0.000         1.000   0.000         8
2                          0.458     1.000         0.000   0.629        66
*========================================*
2025-12-04 01:21:51,139 INFO 0 Thu Dec  4 01:21:51 2025 Epoch: 53
2025-12-04 01:32:14,401 INFO Final training 53/300, loss: 0.9717, time 623.26s, lr: 0.004693
Accuracy: 0.475
class                  precision    recall   specificity      f1   support
--------------------------------------------------------------------------
0                          0.489     0.562         0.443   0.523       281
1                          0.000     0.000         0.993   0.000        30
2                          0.464     0.436         0.569   0.450       266
*----------------------------------------*
2025-12-04 01:32:14,402 INFO 0 Thu Dec  4 01:32:14 2025 Epoch: 54
2025-12-04 01:42:37,688 INFO Final training 54/300, loss: 0.9676, time 623.29s, lr: 0.004680
Accuracy: 0.468
class                  precision    recall   specificity      f1   support
--------------------------------------------------------------------------
0                          0.481     0.527         0.459   0.503       281
1                          0.000     0.000         1.000   0.000        30
2                          0.454     0.459         0.527   0.456       266
*----------------------------------------*
2025-12-04 01:43:45,235 INFO Final validation 54/300, Val_acc: 0.4861, time 67.55sAccuracy: 0.486
class                  precision    recall   specificity      f1   support
--------------------------------------------------------------------------
0                          0.486     1.000         0.000   0.654        70
1                          0.000     0.000         1.000   0.000         8
2                          0.000     0.000         1.000   0.000        66
*========================================*
2025-12-04 01:43:46,744 INFO 0 Thu Dec  4 01:43:46 2025 Epoch: 55
2025-12-04 01:54:10,130 INFO Final training 55/300, loss: 0.9439, time 623.39s, lr: 0.004667
Accuracy: 0.452
class                  precision    recall   specificity      f1   support
--------------------------------------------------------------------------
0                          0.468     0.555         0.402   0.508       281
1                          0.000     0.000         1.000   0.000        30
2                          0.430     0.395         0.553   0.412       266
*----------------------------------------*
2025-12-04 01:54:10,131 INFO 0 Thu Dec  4 01:54:10 2025 Epoch: 56
2025-12-04 02:04:33,412 INFO Final training 56/300, loss: 0.9405, time 623.28s, lr: 0.004654
Accuracy: 0.461
class                  precision    recall   specificity      f1   support
--------------------------------------------------------------------------
0                          0.476     0.491         0.486   0.483       281
1                          0.000     0.000         1.000   0.000        30
2                          0.446     0.481         0.489   0.463       266
*----------------------------------------*
2025-12-04 02:05:41,025 INFO Final validation 56/300, Val_acc: 0.4583, time 67.61sAccuracy: 0.458
class                  precision    recall   specificity      f1   support
--------------------------------------------------------------------------
0                          0.000     0.000         1.000   0.000        70
1                          0.000     0.000         1.000   0.000         8
2                          0.458     1.000         0.000   0.629        66
*========================================*
2025-12-04 02:05:42,577 INFO 0 Thu Dec  4 02:05:42 2025 Epoch: 57
2025-12-04 02:16:05,790 INFO Final training 57/300, loss: 0.9501, time 623.21s, lr: 0.004640
Accuracy: 0.489
class                  precision    recall   specificity      f1   support
--------------------------------------------------------------------------
0                          0.503     0.512         0.520   0.508       281
1                          0.000     0.000         1.000   0.000        30
2                          0.474     0.519         0.508   0.496       266
*----------------------------------------*
2025-12-04 02:16:05,790 INFO 0 Thu Dec  4 02:16:05 2025 Epoch: 58
2025-12-04 02:26:29,053 INFO Final training 58/300, loss: 0.9606, time 623.26s, lr: 0.004626
Accuracy: 0.497
class                  precision    recall   specificity      f1   support
--------------------------------------------------------------------------
0                          0.505     0.541         0.497   0.522       281
1                          0.000     0.000         1.000   0.000        30
2                          0.489     0.508         0.547   0.498       266
*----------------------------------------*
2025-12-04 02:27:36,658 INFO Final validation 58/300, Val_acc: 0.4583, time 67.60sAccuracy: 0.458
class                  precision    recall   specificity      f1   support
--------------------------------------------------------------------------
0                          0.000     0.000         1.000   0.000        70
1                          0.000     0.000         1.000   0.000         8
2                          0.458     1.000         0.000   0.629        66
*========================================*
2025-12-04 02:27:38,237 INFO 0 Thu Dec  4 02:27:38 2025 Epoch: 59
2025-12-04 02:38:01,415 INFO Final training 59/300, loss: 0.9414, time 623.18s, lr: 0.004612
Accuracy: 0.468
class                  precision    recall   specificity      f1   support
--------------------------------------------------------------------------
0                          0.480     0.523         0.463   0.501       281
1                          0.000     0.000         1.000   0.000        30
2                          0.454     0.462         0.524   0.458       266
*----------------------------------------*
2025-12-04 02:38:01,415 INFO 0 Thu Dec  4 02:38:01 2025 Epoch: 60
2025-12-04 02:48:24,660 INFO Final training 60/300, loss: 0.9352, time 623.24s, lr: 0.004598
Accuracy: 0.487
class                  precision    recall   specificity      f1   support
--------------------------------------------------------------------------
0                          0.503     0.530         0.503   0.516       281
1                          0.000     0.000         1.000   0.000        30
2                          0.470     0.496         0.521   0.483       266
*----------------------------------------*
2025-12-04 02:49:32,249 INFO Final validation 60/300, Val_acc: 0.4861, time 67.59sAccuracy: 0.486
class                  precision    recall   specificity      f1   support
--------------------------------------------------------------------------
0                          0.486     1.000         0.000   0.654        70
1                          0.000     0.000         1.000   0.000         8
2                          0.000     0.000         1.000   0.000        66
*========================================*
2025-12-04 02:49:33,790 INFO 0 Thu Dec  4 02:49:33 2025 Epoch: 61
2025-12-04 02:59:57,032 INFO Final training 61/300, loss: 0.9469, time 623.24s, lr: 0.004583
Accuracy: 0.471
class                  precision    recall   specificity      f1   support
--------------------------------------------------------------------------
0                          0.485     0.569         0.426   0.524       281
1                          0.000     0.000         1.000   0.000        30
2                          0.453     0.421         0.566   0.437       266
*----------------------------------------*
2025-12-04 02:59:57,513 INFO 0 Thu Dec  4 02:59:57 2025 Epoch: 62
2025-12-04 03:10:20,723 INFO Final training 62/300, loss: 0.9592, time 623.21s, lr: 0.004568
Accuracy: 0.444
class                  precision    recall   specificity      f1   support
--------------------------------------------------------------------------
0                          0.456     0.498         0.436   0.476       281
1                          0.000     0.000         1.000   0.000        30
2                          0.430     0.436         0.505   0.433       266
*----------------------------------------*
2025-12-04 03:11:28,232 INFO Final validation 62/300, Val_acc: 0.4861, time 67.51sAccuracy: 0.486
class                  precision    recall   specificity      f1   support
--------------------------------------------------------------------------
0                          0.486     1.000         0.000   0.654        70
1                          0.000     0.000         1.000   0.000         8
2                          0.000     0.000         1.000   0.000        66
*========================================*
2025-12-04 03:11:29,720 INFO 0 Thu Dec  4 03:11:29 2025 Epoch: 63
2025-12-04 03:21:52,972 INFO Final training 63/300, loss: 0.9674, time 623.25s, lr: 0.004553
Accuracy: 0.484
class                  precision    recall   specificity      f1   support
--------------------------------------------------------------------------
0                          0.490     0.523         0.483   0.506       281
1                          0.000     0.000         1.000   0.000        30
2                          0.477     0.496         0.534   0.486       266
*----------------------------------------*
2025-12-04 03:21:52,973 INFO 0 Thu Dec  4 03:21:52 2025 Epoch: 64
2025-12-04 03:32:16,039 INFO Final training 64/300, loss: 0.9400, time 623.07s, lr: 0.004538
Accuracy: 0.459
class                  precision    recall   specificity      f1   support
--------------------------------------------------------------------------
0                          0.470     0.530         0.432   0.498       281
1                          0.000     0.000         1.000   0.000        30
2                          0.446     0.436         0.537   0.441       266
*----------------------------------------*
2025-12-04 03:33:23,568 INFO Final validation 64/300, Val_acc: 0.4861, time 67.53sAccuracy: 0.486
class                  precision    recall   specificity      f1   support
--------------------------------------------------------------------------
0                          0.486     1.000         0.000   0.654        70
1                          0.000     0.000         1.000   0.000         8
2                          0.000     0.000         1.000   0.000        66
*========================================*
2025-12-04 03:33:25,141 INFO 0 Thu Dec  4 03:33:25 2025 Epoch: 65
2025-12-04 03:43:48,243 INFO Final training 65/300, loss: 0.9473, time 623.10s, lr: 0.004523
Accuracy: 0.482
class                  precision    recall   specificity      f1   support
--------------------------------------------------------------------------
0                          0.487     0.523         0.476   0.504       281
1                          0.000     0.000         1.000   0.000        30
2                          0.476     0.492         0.537   0.484       266
*----------------------------------------*
2025-12-04 03:43:48,243 INFO 0 Thu Dec  4 03:43:48 2025 Epoch: 66
2025-12-04 03:54:11,514 INFO Final training 66/300, loss: 0.9340, time 623.27s, lr: 0.004507
Accuracy: 0.454
class                  precision    recall   specificity      f1   support
--------------------------------------------------------------------------
0                          0.470     0.562         0.399   0.512       281
1                          0.000     0.000         1.000   0.000        30
2                          0.432     0.391         0.559   0.410       266
*----------------------------------------*
2025-12-04 03:55:19,070 INFO Final validation 66/300, Val_acc: 0.4583, time 67.56sAccuracy: 0.458
class                  precision    recall   specificity      f1   support
--------------------------------------------------------------------------
0                          0.000     0.000         1.000   0.000        70
1                          0.000     0.000         1.000   0.000         8
2                          0.458     1.000         0.000   0.629        66
*========================================*
2025-12-04 03:55:20,561 INFO 0 Thu Dec  4 03:55:20 2025 Epoch: 67
2025-12-04 04:05:43,855 INFO Final training 67/300, loss: 0.9492, time 623.29s, lr: 0.004491
Accuracy: 0.470
class                  precision    recall   specificity      f1   support
--------------------------------------------------------------------------
0                          0.486     0.541         0.456   0.512       281
1                          0.000     0.000         1.000   0.000        30
2                          0.451     0.447         0.534   0.449       266
*----------------------------------------*
2025-12-04 04:05:43,855 INFO 0 Thu Dec  4 04:05:43 2025 Epoch: 68
2025-12-04 04:16:07,153 INFO Final training 68/300, loss: 0.9309, time 623.30s, lr: 0.004475
Accuracy: 0.513
class                  precision    recall   specificity      f1   support
--------------------------------------------------------------------------
0                          0.526     0.548         0.530   0.537       281
1                          0.000     0.000         1.000   0.000        30
2                          0.500     0.534         0.543   0.516       266
*----------------------------------------*
2025-12-04 04:17:14,752 INFO Final validation 68/300, Val_acc: 0.4583, time 67.60sAccuracy: 0.458
class                  precision    recall   specificity      f1   support
--------------------------------------------------------------------------
0                          0.000     0.000         1.000   0.000        70
1                          0.000     0.000         1.000   0.000         8
2                          0.458     1.000         0.000   0.629        66
*========================================*
2025-12-04 04:17:16,301 INFO 0 Thu Dec  4 04:17:16 2025 Epoch: 69
2025-12-04 04:27:39,498 INFO Final training 69/300, loss: 0.9552, time 623.20s, lr: 0.004458
Accuracy: 0.452
class                  precision    recall   specificity      f1   support
--------------------------------------------------------------------------
0                          0.466     0.509         0.446   0.486       281
1                          0.000     0.000         1.000   0.000        30
2                          0.437     0.444         0.511   0.440       266
*----------------------------------------*
2025-12-04 04:27:39,499 INFO 0 Thu Dec  4 04:27:39 2025 Epoch: 70
2025-12-04 04:38:02,732 INFO Final training 70/300, loss: 0.9554, time 623.23s, lr: 0.004441
Accuracy: 0.456
class                  precision    recall   specificity      f1   support
--------------------------------------------------------------------------
0                          0.471     0.484         0.483   0.477       281
1                          0.000     0.000         1.000   0.000        30
2                          0.441     0.477         0.482   0.458       266
*----------------------------------------*
2025-12-04 04:39:10,392 INFO Final validation 70/300, Val_acc: 0.4583, time 67.66sAccuracy: 0.458
class                  precision    recall   specificity      f1   support
--------------------------------------------------------------------------
0                          0.000     0.000         1.000   0.000        70
1                          0.000     0.000         1.000   0.000         8
2                          0.458     1.000         0.000   0.629        66
*========================================*
2025-12-04 04:39:12,112 INFO 0 Thu Dec  4 04:39:12 2025 Epoch: 71
2025-12-04 04:49:35,348 INFO Final training 71/300, loss: 0.9360, time 623.24s, lr: 0.004425
Accuracy: 0.490
class                  precision    recall   specificity      f1   support
--------------------------------------------------------------------------
0                          0.494     0.552         0.463   0.521       281
1                          0.000     0.000         1.000   0.000        30
2                          0.487     0.481         0.566   0.484       266
*----------------------------------------*
2025-12-04 04:49:35,798 INFO 0 Thu Dec  4 04:49:35 2025 Epoch: 72
2025-12-04 04:59:59,028 INFO Final training 72/300, loss: 0.9295, time 623.23s, lr: 0.004407
Accuracy: 0.482
class                  precision    recall   specificity      f1   support
--------------------------------------------------------------------------
0                          0.487     0.477         0.524   0.482       281
1                          0.000     0.000         1.000   0.000        30
2                          0.477     0.541         0.492   0.507       266
*----------------------------------------*
2025-12-04 05:01:06,456 INFO Final validation 72/300, Val_acc: 0.4861, time 67.43sAccuracy: 0.486
class                  precision    recall   specificity      f1   support
--------------------------------------------------------------------------
0                          0.486     1.000         0.000   0.654        70
1                          0.000     0.000         1.000   0.000         8
2                          0.000     0.000         1.000   0.000        66
*========================================*
2025-12-04 05:01:07,917 INFO 0 Thu Dec  4 05:01:07 2025 Epoch: 73
2025-12-04 05:11:31,110 INFO Final training 73/300, loss: 0.9440, time 623.19s, lr: 0.004390
Accuracy: 0.447
class                  precision    recall   specificity      f1   support
--------------------------------------------------------------------------
0                          0.456     0.520         0.412   0.486       281
1                          0.000     0.000         1.000   0.000        30
2                          0.436     0.421         0.534   0.428       266
*----------------------------------------*
2025-12-04 05:11:31,110 INFO 0 Thu Dec  4 05:11:31 2025 Epoch: 74
2025-12-04 05:21:54,391 INFO Final training 74/300, loss: 0.9248, time 623.28s, lr: 0.004373
Accuracy: 0.504
class                  precision    recall   specificity      f1   support
--------------------------------------------------------------------------
0                          0.515     0.562         0.497   0.537       281
1                          0.000     0.000         1.000   0.000        30
2                          0.493     0.500         0.559   0.496       266
*----------------------------------------*
2025-12-04 05:23:01,910 INFO Final validation 74/300, Val_acc: 0.4861, time 67.52sAccuracy: 0.486
class                  precision    recall   specificity      f1   support
--------------------------------------------------------------------------
0                          0.486     1.000         0.000   0.654        70
1                          0.000     0.000         1.000   0.000         8
2                          0.000     0.000         1.000   0.000        66
*========================================*
2025-12-04 05:23:03,433 INFO 0 Thu Dec  4 05:23:03 2025 Epoch: 75
2025-12-04 05:33:26,635 INFO Final training 75/300, loss: 0.9241, time 623.20s, lr: 0.004355
Accuracy: 0.503
class                  precision    recall   specificity      f1   support
--------------------------------------------------------------------------
0                          0.512     0.594         0.463   0.550       281
1                          0.000     0.000         1.000   0.000        30
2                          0.490     0.462         0.588   0.476       266
*----------------------------------------*
2025-12-04 05:33:26,636 INFO 0 Thu Dec  4 05:33:26 2025 Epoch: 76
2025-12-04 05:43:49,848 INFO Final training 76/300, loss: 0.9350, time 623.21s, lr: 0.004337
Accuracy: 0.475
class                  precision    recall   specificity      f1   support
--------------------------------------------------------------------------
0                          0.485     0.530         0.466   0.507       281
1                          0.000     0.000         1.000   0.000        30
2                          0.463     0.470         0.534   0.466       266
*----------------------------------------*
2025-12-04 05:44:57,317 INFO Final validation 76/300, Val_acc: 0.4583, time 67.47sAccuracy: 0.458
class                  precision    recall   specificity      f1   support
--------------------------------------------------------------------------
0                          0.000     0.000         1.000   0.000        70
1                          0.000     0.000         1.000   0.000         8
2                          0.458     1.000         0.000   0.629        66
*========================================*
2025-12-04 05:44:59,365 INFO 0 Thu Dec  4 05:44:59 2025 Epoch: 77
2025-12-04 05:55:22,619 INFO Final training 77/300, loss: 0.9476, time 623.25s, lr: 0.004319
Accuracy: 0.494
class                  precision    recall   specificity      f1   support
--------------------------------------------------------------------------
0                          0.516     0.527         0.530   0.521       281
1                          0.000     0.000         1.000   0.000        30
2                          0.472     0.515         0.508   0.493       266
*----------------------------------------*
2025-12-04 05:55:22,620 INFO 0 Thu Dec  4 05:55:22 2025 Epoch: 78
2025-12-04 06:05:45,810 INFO Final training 78/300, loss: 0.9197, time 623.19s, lr: 0.004300
Accuracy: 0.504
class                  precision    recall   specificity      f1   support
--------------------------------------------------------------------------
0                          0.514     0.587         0.473   0.548       281
1                          0.000     0.000         1.000   0.000        30
2                          0.492     0.474         0.582   0.483       266
*----------------------------------------*
2025-12-04 06:06:53,410 INFO Final validation 78/300, Val_acc: 0.4861, time 67.60sAccuracy: 0.486
class                  precision    recall   specificity      f1   support
--------------------------------------------------------------------------
0                          0.486     1.000         0.000   0.654        70
1                          0.000     0.000         1.000   0.000         8
2                          0.000     0.000         1.000   0.000        66
*========================================*
2025-12-04 06:06:54,919 INFO 0 Thu Dec  4 06:06:54 2025 Epoch: 79
2025-12-04 06:17:18,138 INFO Final training 79/300, loss: 0.9235, time 623.22s, lr: 0.004282
Accuracy: 0.504
class                  precision    recall   specificity      f1   support
--------------------------------------------------------------------------
0                          0.513     0.559         0.497   0.535       281
1                          0.000     0.000         1.000   0.000        30
2                          0.494     0.504         0.559   0.499       266
*----------------------------------------*
2025-12-04 06:17:18,139 INFO 0 Thu Dec  4 06:17:18 2025 Epoch: 80
2025-12-04 06:27:41,419 INFO Final training 80/300, loss: 0.9497, time 623.28s, lr: 0.004263
Accuracy: 0.471
class                  precision    recall   specificity      f1   support
--------------------------------------------------------------------------
0                          0.477     0.552         0.426   0.512       281
1                          0.000     0.000         1.000   0.000        30
2                          0.464     0.440         0.566   0.452       266
*----------------------------------------*
2025-12-04 06:28:49,113 INFO Final validation 80/300, Val_acc: 0.4861, time 67.69sAccuracy: 0.486
class                  precision    recall   specificity      f1   support
--------------------------------------------------------------------------
0                          0.486     1.000         0.000   0.654        70
1                          0.000     0.000         1.000   0.000         8
2                          0.000     0.000         1.000   0.000        66
*========================================*
2025-12-04 06:28:50,713 INFO 0 Thu Dec  4 06:28:50 2025 Epoch: 81
2025-12-04 06:39:13,970 INFO Final training 81/300, loss: 0.9588, time 623.26s, lr: 0.004244
Accuracy: 0.464
class                  precision    recall   specificity      f1   support
--------------------------------------------------------------------------
0                          0.471     0.527         0.439   0.497       281
1                          0.000     0.000         1.000   0.000        30
2                          0.456     0.451         0.540   0.454       266
*----------------------------------------*
2025-12-04 06:39:14,437 INFO 0 Thu Dec  4 06:39:14 2025 Epoch: 82
2025-12-04 06:49:37,749 INFO Final training 82/300, loss: 0.9403, time 623.31s, lr: 0.004225
Accuracy: 0.475
class                  precision    recall   specificity      f1   support
--------------------------------------------------------------------------
0                          0.480     0.566         0.419   0.520       281
1                          0.000     0.000         1.000   0.000        30
2                          0.467     0.432         0.579   0.449       266
*----------------------------------------*
2025-12-04 06:50:45,275 INFO Final validation 82/300, Val_acc: 0.4583, time 67.53sAccuracy: 0.458
class                  precision    recall   specificity      f1   support
--------------------------------------------------------------------------
0                          0.000     0.000         1.000   0.000        70
1                          0.000     0.000         1.000   0.000         8
2                          0.458     1.000         0.000   0.629        66
*========================================*
2025-12-04 06:50:46,988 INFO 0 Thu Dec  4 06:50:46 2025 Epoch: 83
2025-12-04 07:01:10,284 INFO Final training 83/300, loss: 0.9534, time 623.30s, lr: 0.004206
Accuracy: 0.459
class                  precision    recall   specificity      f1   support
--------------------------------------------------------------------------
0                          0.471     0.484         0.483   0.477       281
1                          0.000     0.000         1.000   0.000        30
2                          0.448     0.485         0.489   0.466       266
*----------------------------------------*
2025-12-04 07:01:10,285 INFO 0 Thu Dec  4 07:01:10 2025 Epoch: 84
2025-12-04 07:11:33,585 INFO Final training 84/300, loss: 0.9100, time 623.30s, lr: 0.004186
Accuracy: 0.501
class                  precision    recall   specificity      f1   support
--------------------------------------------------------------------------
0                          0.514     0.577         0.483   0.544       281
1                          0.000     0.000         1.000   0.000        30
2                          0.485     0.477         0.566   0.481       266
*----------------------------------------*
2025-12-04 07:12:41,023 INFO Final validation 84/300, Val_acc: 0.4861, time 67.44sAccuracy: 0.486
class                  precision    recall   specificity      f1   support
--------------------------------------------------------------------------
0                          0.486     1.000         0.000   0.654        70
1                          0.000     0.000         1.000   0.000         8
2                          0.000     0.000         1.000   0.000        66
*========================================*
2025-12-04 07:12:42,554 INFO [EarlyStopping] Stopping training for val accuracy at epoch 84
2025-12-04 07:12:42,973 INFO Training Finished! Best Accuracy: 0.4861
2025-12-04 07:12:42,973 INFO ====================================================================================================
2025-12-04 07:12:42,974 INFO 
2025-12-04 07:12:52,393 INFO => loading checkpoint 'outputs/OrganoidsINRIA_reduced/swinvit/2025-12-03-15-51/training/best_model.pt'
2025-12-04 07:12:52,447 INFO Loaded 128 keys from checkpoint
2025-12-04 07:13:29,476 INFO Final testing , Test_acc: 0.4878, time 37.03sAccuracy: 0.488
class                  precision    recall   specificity      f1   support
--------------------------------------------------------------------------
0                          0.488     1.000         0.000   0.656        40
1                          0.000     0.000         1.000   0.000         5
2                          0.000     0.000         1.000   0.000        37
*========================================*
2025-12-04 07:13:29,880 INFO Testing Finished! Best Accuracy: 0.4878
2025-12-04 07:13:29,880 INFO ====================================================================================================
2025-12-04 07:13:32,745 INFO Total time spent: 15 hours 22 minutes 27 seconds
2025-12-04 07:13:32,745 INFO 
2025-12-04 07:13:32,745 INFO Final Results Summary:
2025-12-04 07:13:32,745 INFO | TrainLoss | TrainAcc | ValAccMax | W_TrainF1 | W_TrainPrecision | W_TrainRecall | W_TrainSpecificity | TestAcc | W_TestF1 | W_TestPrecision | W_TestRecall | W_TestSpecificity |
2025-12-04 07:13:32,745 INFO | 0.9100 | 0.5009 | 0.4861 | 0.3180 | 0.2363 | 0.4861 | 0.5139 | 0.4878 | 0.3199 | 0.2380 | 0.4878 | 0.5122 |
